2452
1
1
27
912
331
1304
1051
101
1278
83
31
616
539
83
71
120
964
21
10
91
75
1536
9
33
19
19
98
341
84
72
670
230
70
84
116
111
323
1313
17
93
113
110
18
39
1984
249
88
79
756
831
154
24
63
1570
42
1620
669
1085
85
29
1
113
896
776
411
257
167
1258
984
2091
88
54
1007
1101
382
114
1448
6
682
95
722
2
4
407
61
2053
119
10
49
1
30
526
32
102
197
1248
40
1889
51
76
63
100
3
640
249
39
64
39
1721
85
794
34
9
44
2
91
68
591
255
230
47
55
37
77
1813
175
68
545
1291
1017
394
1799
91
59
9
24
827
88
114
1860
2276
149
814
7
52
499
56
968
94
116
100
359
88
774
416
4
466
607
470
90
636
25
107
48
5
1337
72
69
847
482
89
63
115
279
628
57
105
535
392
33
547
4
44
118
42
92
47
76
79
783
470
48
15
1184
111
105
734
18
42
107
67
41
111
76
8
92
534
194
342
2
166
88
116
34
80
114
857
390
37
90
74
156
40
55
484
283
621
428
75
96
136
9
457
68
472
412
178
322
78
29
18
596
533
840
290
71
2
93
407
106
100
78
772
1
535
23
34
36
175
1623
104
105
1109
364
114
832
108
2002
53
216
157
27
2213
34
33
39
108
490
104
28
1
1370
36
37
12
7
1291
111
109
1077
17
115
16
34
98
183
25
1263
189
65
262
38
100
28
61
82
134
235
320
31
112
248
17
1875
1051
56
78
1293
45
284
115
1800
3
277
37
321
92
65
99
59
484
675
64
28
97
60
122
1344
73
1432
122
238
90
63
49
587
26
1512
45
922
102
638
39
25
169
519
35
289
14
67
498
412
1193
2082
53
236
901
37
780
553
1013
196
99
938
9
122
211
117
105
48
53
200
126
210
1821
329
108
614
883
18
30
1189
57
703
16
308
59
1359
94
114
26
449
102
318
1252
47
27
1337
331
82
1271
472
98
540
59
1099
5
38
1746
1253
44
92
1341
562
36
228
31
352
80
94
32
25
62
36
1927
52
408
10
12
81
131
62
110
863
125
56
35
463
2007
436
126
383
97
55
133
45
13
244
70
1234
78
252
1620
11
48
93
6
96
68
638
56
319
55
39
1633
935
56
1812
122
3
201
127
1078
559
45
810
48
1249
125
354
12
64
1907
433
253
120
14
73
59
21
99
1209
42
33
38
103
46
151
123
1443
339
364
159
1121
684
28
890
70
1695
436
162
9
67
67
56
694
530
844
473
349
299
59
100
1098
123
312
386
415
308
599
68
553
768
23
197
1181
43
115
601
120
84
36
71
35
105
2
597
16
913
38
2255
1051
101
7
859
27
1
778
445
5
540
379
380
22
71
111
48
87
34
18
21
50
529
834
104
101
533
475
119
342
688
809
246
45
22
175
203
39
300
81
195
879
237
285
355
1125
16
404
1223
6
34
14
10
637
299
1723
585
760
38
53
2
1890
1265
661
91
1069
100
65
58
65
29
121
76
118
1
13
71
249
943
5
2400
363
547
870
6
46
78
59
2
64
34
29
20
5
1576
58
154
84
93
17
465
90
101
43
29
201
9
16
13
1329
71
55
41
62
108
849
66
187
507
53
86
867
11
78
21
268
1709
480
511
82
34
265
947
89
11
1
35
1142
89
37
92
47
353
755
64
103
119
1935
9
44
388
53
786
99
84
156
401
110
110
89
79
76
230
115
49
466
2014
119
20
60
271
39
313
81
573
748
19
1202
72
2183
118
117
639
3
336
1076
121
51
93
558
79
1254
122
117
96
288
110
23
308
40
117
47
1160
759
1933
73
89
1794
35
91
109
30
1151
112
121
847
318
5
89
293
671
1744
56
647
116
30
75
88
1823
421
53
83
533
67
118
35
16
26
36
1119
14
1123
107
650
274
49
11
103
86
495
43
524
114
149
136
26
432
108
47
576
111
727
12
73
115
61
41
47
46
35
40
89
92
1397
3
112
596
91
87
342
49
8
88
1694
1178
570
73
1363
77
76
95
63
96
137
448
210
1649
994
51
263
96
1166
108
93
1295
1790
106
298
21
29
57
28
19
123
155
83
12
14
40
36
290
101
1681
234
77
105
47
39
717
515
182
44
271
993
806
118
116
975
276
175
758
96
1187
30
119
301
58
1034
75
308
286
90
94
58
429
50
1606
37
616
95
113
70
63
164
87
1403
108
542
656
166
333
113
165
31
111
449
1152
119
92
365
106
378
76
185
599
117
22
56
398
79
96
2
26
102
119
76
279
848
13
23
103
38
160
239
1885
483
73
303
724
117
902
110
73
80
3
46
1388
46
522
1068
28
1475
589
101
98
124
18
92
64
73
57
1041
619
5
226
28
10
409
170
110
83
104
1419
141
97
624
18
5
212
39
44
651
64
725
2147
107
874
833
592
587
78
16
58
206
11
578
782
585
462
439
462
110
699
98
17
176
84
8
809
248
5
42
463
1551
140
363
1041
3
25
564
462
121
36
548
313
705
57
738
100
46
62
411
876
42
118
21
602
782
26
108
586
679
120
1309
37
79
90
1143
58
30
1022
62
206
1
90
56
92
90
94
51
8
118
1365
81
190
1463
1
1103
330
33
706
116
758
6
77
85
28
36
135
53
29
63
46
100
88
248
78
25
114
1533
29
84
23
91
46
32
9
145
68
427
67
433
468
184
95
110
49
16
108
105
1052
44
5
70
123
552
56
34
956
496
597
20
336
33
91
112
742
37
410
290
93
1
119
29
214
404
2
96
135
1601
32
40
644
59
86
70
23
241
56
1828
462
2051
125
292
55
49
385
88
938
1891
104
55
25
836
1432
575
106
23
1055
131
8
541
513
769
39
572
114
1596
51
27
1043
1669
22
10
100
49
4
217
77
123
87
256
18
20
39
83
86
259
291
120
47
528
855
8
52
821
85
1263
81
1252
30
1956
177
85
847
309
17
8
94
878
102
1018
1186
107
114
1545
92
25
736
303
122
29
722
41
225
97
72
133
576
109
1790
496
96
40
116
3
29
108
769
128
117
93
211
1099
2
1013
99
74
24
96
77
590
67
868
1430
37
1908
838
220
1167
244
104
67
4
133
976
110
81
364
18
275
95
60
737
88
441
90
19
863
91
22
1356
100
216
1101
423
94
950
43
15
109
1482
111
56
89
849
1562
433
581
378
140
20
39
697
69
614
706
31
35
52
106
117
22
84
1897
116
14
320
3
72
212
50
23
23
3
113
57
54
1188
87
314
79
55
320
1072
345
72
27
58
78
658
687
560
76
101
332
1
421
787
944
44
346
74
121
19
547
243
41
60
767
418
16
380
61
56
20
194
64
18
1876
87
2249
10
433
420
5
6
25
381
298
32
77
109
207
553
141
99
2242
123
123
221
810
252
106
66
50
972
227
1068
73
303
164
454
9
1316
1412
20
122
354
268
42
46
461
239
155
1568
62
38
60
731
86
851
947
19
10
35
1734
88
91
9
44
784
262
79
121
104
28
2255
100
117
70
723
7
456
844
58
1195
102
50
85
968
314
17
77
1524
226
21
1939
21
1124
96
564
1806
61
74
677
711
21
27
105
144
588
249
11
108
334
453
3
1514
320
102
91
4
104
327
125
46
105
1678
39
123
576
105
156
1181
93
63
113
1
596
100
21
424
65
406
112
300
45
942
877
10
76
62
50
61
199
96
18
106
13
21
1134
314
6
11
1255
2034
1225
295
113
50
31
881
410
69
999
43
9
185
1978
242
34
105
48
121
90
91
70
16
290
41
28
15
43
119
775
49
1211
4
65
959
789
1679
1
982
1046
68
27
99
349
51
2
144
43
67
580
683
1840
12
11
31
480
70
54
55
1601
62
485
32
198
10
31
1
311
60
7
43
90
26
1
180
116
96
28
151
76
10
1379
804
36
152
105
1807
1433
250
53
17
102
80
167
27
83
1594
236
1494
25
100
37
1411
2075
95
49
15
106
64
710
1398
69
4
541
308
642
1406
89
834
1035
791
19
234
976
54
914
443
22
60
53
395
791
26
112
69
256
907
509
42
63
718
564
487
849
897
38
483
871
980
962
16
62
29
67
24
430
4
721
1296
139
10
21
556
1053
41
104
70
5
69
1080
73
48
1
477
1424
59
1125
67
48
892
44
123
5
16
106
235
843
89
287
432
1281
164
221
56
683
21
61
120
1647
1083
41
493
4
48
882
73
437
55
60
55
1539
9
49
96
749
90
1744
604
34
143
623
60
1385
835
499
75
314
130
1080
17
121
986
49
105
197
38
61
283
163
31
18
848
1103
13
33
69
46
568
342
58
795
102
77
1417
45
883
55
49
21
1354
1870
105
6
189
104
52
171
733
1433
75
628
8
72
1508
29
110
571
31
71
56
62
258
35
812
74
1190
448
26
1557
920
22
62
38
120
457
546
1333
135
1722
108
85
11
8
665
55
207
1186
570
886
28
92
1583
6
216
1414
585
58
663
133
1284
1347
350
180
636
112
25
8
106
776
426
1296
42
79
35
160
1186
14
34
468
110
54
70
243
981
2110
1381
2
1159
666
41
25
521
321
18
53
741
453
342
105
52
77
9
541
26
217
583
58
17
1391
16
1279
120
66
82
904
328
1858
766
106
55
72
77
58
918
1731
102
74
116
725
55
106
456
53
671
491
187
442
326
857
77
52
84
69
1938
3
119
105
36
898
42
100
76
3
785
46
112
14
56
937
1652
34
105
330
121
102
3
844
174
75
1297
98
89
688
