2449
1
1
27
971
727
958
662
404
103
80
49
201
10
61
65
88
2144
886
379
920
203
33
44
96
45
70
22
42
48
934
119
273
1743
18
974
366
18
44
68
74
1845
78
995
530
620
739
165
73
1084
22
1225
1188
1306
23
115
113
26
466
67
56
1993
67
1562
89
2261
41
23
34
134
72
781
1998
119
1018
26
1884
488
1502
69
3
573
945
422
98
7
474
21
410
43
31
85
145
232
239
95
35
28
141
299
292
65
44
185
53
10
1167
541
50
2265
11
861
166
173
101
41
1139
555
98
1176
79
5
91
54
342
8
1645
455
2
124
2
75
181
1333
45
123
406
639
111
106
80
74
348
207
47
21
194
38
6
14
879
97
95
104
3
109
79
120
1560
730
82
437
111
529
68
1283
151
413
1067
68
75
63
28
535
44
265
504
120
51
93
26
1137
649
41
111
38
51
1302
59
853
1
1092
81
1266
38
724
124
51
24
63
897
62
27
17
76
87
120
113
1140
540
55
523
53
1114
62
264
15
9
451
1040
1299
49
113
194
287
126
54
88
130
1009
115
434
615
208
59
124
388
92
43
1189
37
118
70
534
4
60
107
61
508
872
37
459
90
407
118
98
72
9
372
1736
519
687
33
473
501
3
57
5
1545
115
594
466
33
94
153
100
1252
53
563
11
87
116
3
75
191
64
115
45
54
59
30
33
8
33
316
117
1251
41
2085
11
120
1658
191
27
791
47
107
91
29
175
117
747
93
97
90
961
112
88
2017
69
56
76
479
22
482
887
1615
158
70
109
93
695
656
188
1439
14
1370
284
1322
554
717
262
42
112
1381
978
44
1212
1509
1418
198
36
1913
14
287
106
75
88
1385
15
111
65
6
5
109
80
1660
775
503
327
52
23
2
53
119
175
543
514
86
102
80
24
36
916
785
99
115
259
80
626
1309
82
19
54
47
79
91
224
109
150
251
142
464
375
448
119
14
145
29
80
2018
11
6
40
1035
14
112
85
67
840
23
212
58
75
67
127
37
117
51
352
65
2311
30
89
708
56
25
1978
42
36
501
32
2073
100
33
331
492
267
1988
50
68
515
31
86
115
378
1276
99
908
1438
72
1273
111
232
119
523
173
1271
2
149
364
122
12
25
820
277
356
1131
46
51
60
67
333
109
94
29
31
12
146
221
46
1
44
123
268
73
522
99
46
64
10
1908
87
648
26
54
27
34
318
86
160
65
122
108
89
60
74
106
34
971
167
83
107
3
906
4
137
111
99
31
1354
345
52
283
120
8
1024
52
22
429
138
14
33
1308
45
118
57
16
75
633
54
1340
82
53
180
461
529
124
48
404
39
34
132
27
114
293
836
321
1
33
2072
30
5
41
6
85
1080
256
48
44
665
1387
43
1830
112
14
47
647
12
118
318
1600
644
1810
385
141
35
1211
48
230
1261
309
65
500
293
97
133
859
79
887
72
125
2
273
148
90
68
48
99
101
1182
287
90
42
661
69
668
398
952
33
10
22
188
31
43
69
687
151
45
32
99
106
1291
704
220
75
19
176
350
73
40
533
11
112
471
9
52
447
2322
516
110
21
79
100
1886
831
1925
120
449
439
90
171
1
87
1722
29
52
762
36
11
35
1343
13
457
93
7
100
254
87
4
58
1843
99
198
39
59
25
230
22
83
37
70
123
1906
111
39
108
62
80
114
52
85
93
1057
23
36
17
21
88
260
413
94
113
267
2119
85
175
100
47
1562
887
1216
374
626
59
1255
75
85
108
25
122
87
13
52
480
367
18
112
106
1752
689
215
375
120
812
61
425
823
107
91
6
347
116
53
20
27
80
206
145
6
17
1073
533
97
23
22
57
92
52
115
1053
392
73
93
1840
109
62
118
286
186
230
25
43
22
258
55
44
46
102
189
1037
42
412
1218
104
99
99
441
2113
30
418
7
55
722
6
20
693
808
626
859
48
1044
125
67
21
86
40
771
203
7
1826
61
2055
1219
1377
133
50
213
271
1025
80
106
46
25
34
95
25
1431
86
107
1209
25
49
56
5
154
760
1645
953
73
28
1577
845
76
629
117
79
308
73
87
113
642
65
6
1384
3
66
62
80
14
104
45
118
553
112
482
1133
3
418
6
22
7
575
37
38
33
473
1460
626
108
19
121
389
23
2
348
753
621
66
36
229
243
981
43
41
131
559
15
45
261
360
54
84
80
89
7
2166
31
54
21
826
72
103
540
1182
102
25
111
861
97
120
19
18
1355
38
64
53
29
119
7
174
55
419
55
44
759
96
102
471
43
608
85
18
9
285
5
190
1594
84
1122
1900
68
97
2
122
80
1102
153
82
108
317
50
101
107
339
35
359
15
1298
32
50
26
1453
50
53
659
239
775
68
210
88
32
88
71
34
728
1379
1371
97
89
49
16
10
816
113
123
15
10
78
100
782
178
2112
521
105
1233
367
559
64
2
1723
69
28
686
40
322
113
177
247
348
126
90
19
483
943
103
104
13
36
11
44
110
1743
948
289
14
605
64
73
289
106
237
23
2050
37
20
36
638
98
384
231
30
112
78
67
16
640
377
12
148
599
115
51
98
1
32
5
263
598
28
314
40
682
206
294
194
110
3
33
1396
85
96
123
16
531
43
1341
31
644
29
16
63
85
1219
1437
73
13
52
75
39
40
14
618
105
584
652
36
102
3
32
790
14
103
13
39
50
199
110
515
107
100
2170
720
65
54
51
27
1227
94
34
125
96
2045
22
117
76
903
48
206
47
1876
119
1927
835
57
976
1567
341
1020
466
315
77
827
98
1281
467
1072
906
4
806
120
12
78
102
607
47
28
9
44
22
2045
455
1568
271
834
85
169
17
107
77
898
443
966
108
1216
41
773
294
108
78
877
353
1203
107
89
60
118
41
73
2
246
431
22
672
341
172
940
272
109
627
50
23
281
112
2134
917
1577
47
15
5
697
34
1965
1667
113
46
100
18
18
200
100
90
355
88
1403
1558
98
561
141
773
369
64
303
211
38
614
698
52
122
93
244
1522
1878
1124
1410
43
99
26
35
1333
1660
74
832
199
44
12
76
33
9
1045
1327
1097
34
1740
86
113
36
538
113
523
609
56
262
76
416
114
243
254
1158
267
21
1265
94
552
115
21
1370
1587
38
55
414
57
693
310
25
114
89
101
274
54
25
92
65
962
777
19
59
109
109
57
295
1018
112
95
62
2045
1617
43
172
67
73
76
87
1
102
53
11
86
116
430
97
212
187
94
461
663
194
12
478
72
103
77
12
2044
44
86
81
52
30
271
553
1462
1806
2114
217
67
118
1398
103
353
102
851
778
93
826
71
750
50
1997
117
1962
123
68
1440
369
55
291
449
75
61
765
36
36
200
744
1645
419
1013
76
120
38
8
120
900
84
603
26
97
372
143
28
38
976
32
1500
24
11
13
12
101
84
471
277
56
305
698
59
7
120
511
61
684
69
66
224
29
53
44
1221
849
69
1514
708
22
655
67
614
290
2026
5
941
1
1027
117
1207
64
298
37
69
112
82
85
116
297
187
500
116
1222
114
37
118
2106
119
876
12
121
78
1486
868
357
82
369
304
308
1839
1220
96
238
95
190
120
78
956
93
47
137
205
32
31
43
533
59
55
22
101
1624
74
702
170
122
87
789
633
49
45
386
380
85
15
8
111
113
121
56
63
64
51
859
29
107
11
1211
249
44
1412
2286
204
112
411
1181
87
56
242
92
256
17
8
57
656
95
86
12
73
399
508
2
6
957
18
104
282
4
584
64
454
26
752
17
8
784
42
3
106
239
34
123
7
100
36
749
323
120
1527
122
130
350
109
276
1533
578
1112
1936
16
491
710
1214
78
91
11
26
928
3
88
49
78
180
408
835
687
50
51
78
122
177
342
117
1106
124
80
353
719
500
25
21
1068
205
166
1693
984
62
101
98
1157
34
110
540
100
4
22
16
47
56
109
157
1625
614
579
17
48
956
82
471
47
2087
86
62
547
69
53
65
100
162
117
816
1399
70
927
608
69
745
85
80
1543
1512
842
60
179
716
54
66
209
230
130
27
8
650
1971
382
641
265
77
76
122
218
100
729
1079
122
121
296
149
89
33
544
718
45
43
610
54
860
114
34
122
6
120
75
874
21
4
51
21
2150
41
55
18
60
91
18
141
18
27
1646
84
79
57
44
79
1270
53
1173
533
10
12
114
297
773
106
342
111
415
1789
51
641
103
37
100
59
57
41
1370
758
85
376
567
199
566
310
2416
63
27
115
1285
5
93
103
239
1
41
339
79
67
19
97
6
915
73
32
583
1710
108
104
37
77
62
21
1162
281
65
75
96
58
114
1069
350
471
69
45
45
122
14
1220
384
662
481
20
93
135
406
77
1556
44
57
70
65
2062
185
1045
1995
78
118
514
31
9
57
86
95
988
42
1342
795
235
81
8
333
70
465
45
520
67
444
121
959
38
105
317
95
1155
225
5
1713
943
904
19
553
116
123
143
1285
417
1466
772
10
49
62
216
28
15
251
894
69
23
1325
43
66
1527
25
193
527
63
39
1978
55
664
27
22
32
17
239
85
131
106
318
43
25
220
16
274
29
116
329
113
68
722
86
108
115
85
73
682
91
108
29
109
52
85
24
867
29
279
111
155
108
10
1817
39
82
115
767
74
72
1434
72
312
40
334
166
28
106
224
69
92
34
65
10
106
877
1069
429
2
2
111
277
771
817
500
630
866
993
52
84
13
89
133
168
978
632
296
21
73
46
