2451
1
1
27
53
55
42
833
87
25
78
2237
2
167
27
548
111
7
1008
10
163
1034
34
15
173
1990
1057
1508
977
728
78
34
88
384
105
26
120
56
13
87
365
619
1599
83
701
122
30
997
34
303
114
719
110
84
1864
245
85
39
2156
92
1038
262
72
671
88
20
181
16
377
691
76
80
107
730
122
285
53
21
70
416
13
108
72
112
539
34
104
80
231
67
105
69
1844
59
89
2038
858
255
86
107
100
16
93
71
711
86
894
46
93
669
405
77
94
1220
122
115
50
43
55
122
782
89
89
1659
36
41
1
272
73
25
365
52
38
988
52
43
524
887
122
84
202
230
105
14
61
6
20
33
92
654
1
118
562
1208
773
419
1413
837
100
123
12
912
336
78
298
84
102
31
1154
62
1131
27
391
560
1643
2081
2207
63
374
3
63
49
65
1340
75
36
46
92
564
106
62
85
167
1085
940
379
97
717
280
51
12
550
84
230
575
985
265
106
604
45
744
1819
1142
120
82
77
42
245
37
80
1520
227
93
397
1277
97
113
192
348
1070
165
743
1045
242
63
28
968
1425
70
10
2
94
18
83
31
22
13
92
54
111
593
31
9
838
58
49
644
21
89
80
37
1587
527
4
1059
59
86
54
250
284
360
5
485
1420
11
120
325
105
832
47
109
100
168
174
151
104
2
490
53
81
112
34
105
136
66
68
899
2008
140
1332
120
389
96
12
444
88
100
35
67
40
80
2
25
22
762
63
8
89
101
749
7
96
41
717
1643
606
80
31
46
104
4
496
28
269
75
146
40
477
1094
329
22
157
119
369
96
9
11
905
15
560
70
116
587
205
100
72
173
18
1085
82
10
80
1659
810
210
41
238
29
251
1998
123
10
1252
299
53
407
15
68
21
1634
295
36
1055
40
1269
2
29
178
78
114
491
864
88
59
37
50
68
48
1146
44
43
1408
1305
80
326
1131
5
16
38
82
91
24
1542
10
3
83
29
1586
10
47
242
56
52
85
15
116
123
1102
57
1712
91
426
94
589
123
94
31
28
187
19
1758
132
442
51
44
16
48
91
63
720
121
684
443
579
121
381
522
264
99
988
2068
80
84
70
73
85
29
290
1335
434
4
637
1902
90
29
204
654
1474
108
40
109
554
51
2096
589
39
57
596
87
18
1098
70
1757
46
713
347
713
1318
121
24
17
232
46
48
93
45
740
173
5
46
37
68
311
80
65
66
38
96
183
114
278
81
66
22
775
30
72
43
430
1142
18
441
113
758
121
525
37
20
62
1106
171
791
771
719
394
95
511
453
75
284
325
98
799
628
94
68
560
121
8
1177
36
130
9
197
2017
1353
2322
69
656
359
157
75
1116
5
98
8
71
112
772
104
1053
244
1
95
19
116
432
804
827
72
1432
89
1169
133
219
169
106
1
105
87
91
87
63
10
368
270
50
919
105
40
303
76
219
24
350
317
392
1950
1382
23
650
647
1340
64
96
78
19
14
50
470
21
80
3
14
33
1204
804
14
488
1043
7
619
334
80
68
1919
18
835
30
156
78
117
984
211
344
89
97
16
67
1088
55
1719
765
174
400
59
111
119
13
78
254
105
564
24
74
43
604
342
615
37
371
57
7
41
320
111
81
110
19
916
819
283
4
1234
2
756
78
119
119
93
1910
21
1974
639
7
441
456
509
1220
11
116
1756
120
555
87
251
46
1563
1523
386
2239
55
9
896
707
88
98
93
10
20
91
5
1447
72
335
2
384
1
41
10
877
105
78
14
6
89
73
94
64
71
8
122
1799
112
36
287
507
1112
90
165
96
1057
843
29
147
36
53
609
153
265
140
73
123
1099
158
1642
8
476
611
340
279
47
363
151
20
56
1179
82
110
60
32
5
39
82
106
112
536
86
12
14
319
931
250
107
320
395
1565
201
1238
203
210
1642
69
1872
45
214
98
81
40
1162
97
142
288
1411
617
24
777
87
473
657
813
651
153
3
49
59
123
1724
102
1867
114
272
1907
100
1712
56
114
83
45
121
247
1886
1547
272
308
1027
52
1148
42
59
122
830
70
488
1311
112
120
17
104
516
646
59
122
27
19
453
63
1424
888
564
59
116
350
49
43
47
1328
54
1217
24
22
6
289
19
182
363
1
1345
122
273
166
21
505
180
828
27
70
1952
247
55
696
6
826
1636
565
76
318
31
289
1142
1222
248
761
2045
152
1061
527
35
595
68
163
1962
12
541
71
114
226
575
551
3
63
206
746
122
123
116
109
434
12
23
41
57
1462
102
122
115
110
1
94
377
50
589
196
87
282
24
91
376
25
374
62
161
117
72
46
600
91
703
224
99
670
106
75
282
534
1147
332
730
48
352
170
764
118
862
33
3
2
1226
432
64
974
70
112
10
1587
78
342
101
1754
80
1786
1848
156
76
663
40
970
935
31
80
91
62
435
606
505
55
87
1660
197
96
117
99
85
342
40
1380
41
1127
870
124
22
58
93
77
651
70
67
350
298
177
521
48
29
68
91
1430
26
413
7
118
2
14
64
32
506
689
60
55
118
30
455
67
222
331
215
1714
444
83
962
1384
3
473
986
95
116
79
1454
46
758
20
545
166
29
286
578
58
753
955
181
123
1518
76
194
780
148
82
117
143
990
811
33
10
10
484
299
185
34
1135
1467
86
89
74
919
1303
19
1473
326
59
78
110
1889
57
264
773
65
797
1644
20
47
138
23
111
64
99
111
119
28
628
552
97
29
53
366
1071
257
379
15
60
261
798
1820
15
721
643
140
601
68
123
909
88
1136
86
18
63
30
66
1890
89
1151
111
563
108
931
128
1077
82
123
218
32
201
1623
756
950
32
325
716
190
362
1998
54
89
1567
820
52
62
599
98
387
822
82
736
16
50
472
21
324
72
1569
1100
60
48
377
131
3
320
114
14
41
541
1139
221
60
384
1135
1639
71
436
38
433
680
220
406
2
439
10
42
1071
1444
75
147
15
97
70
755
27
90
759
1655
1361
66
83
123
592
11
67
467
7
89
20
1575
66
1574
63
418
123
64
556
578
940
179
4
1027
881
111
91
14
640
42
124
293
2
101
90
26
1431
359
740
64
123
26
123
101
92
1458
49
426
10
98
1030
50
127
234
1231
391
814
98
49
6
44
1121
1756
111
113
449
12
110
1
1844
114
91
47
351
277
36
23
55
673
829
60
40
391
832
184
1461
231
1435
31
1265
73
44
622
68
1
95
873
34
307
75
78
121
355
488
1146
391
64
92
358
392
64
131
72
109
33
476
61
205
1935
133
1587
51
48
79
446
71
916
34
600
100
149
24
77
43
5
1
208
847
83
1222
284
1597
63
1152
117
2
252
26
201
94
247
740
1442
508
115
33
58
89
15
799
54
567
113
285
2122
902
90
901
120
117
1005
13
266
1142
895
1210
727
42
70
905
64
4
688
216
21
117
276
62
1147
761
457
51
16
79
1459
1018
90
83
45
36
77
93
1501
1550
374
67
48
107
73
111
1299
86
100
162
6
299
89
24
52
178
91
67
1103
194
747
426
1372
150
119
259
34
45
21
125
65
1406
49
122
30
401
262
775
122
11
1164
516
1270
1657
83
38
113
620
57
82
118
1296
1050
103
60
1446
662
11
725
34
1226
1
85
34
679
28
428
43
788
120
43
455
645
113
1
125
23
996
84
74
856
255
114
122
34
40
140
45
108
239
1455
354
103
335
10
312
1202
175
80
104
120
105
1244
356
3
1215
65
1513
40
683
358
1333
78
98
66
106
45
270
94
86
1520
940
89
318
6
114
73
133
12
614
1054
65
25
27
75
40
1011
681
2
394
377
687
2157
1867
66
20
58
44
20
572
103
14
228
3
356
273
38
696
39
373
8
71
40
69
40
209
778
29
480
133
2047
57
118
412
1375
82
64
51
84
710
113
43
1174
1280
89
38
427
250
129
1105
23
82
209
629
6
23
127
93
1133
14
2
66
112
52
114
1876
39
1693
1000
970
10
605
1683
2084
40
1987
1515
44
509
103
2071
619
1387
898
435
67
37
83
1476
89
1087
50
1077
1250
189
101
1205
358
622
1307
56
448
1077
383
77
95
104
90
78
1094
15
25
1014
1186
71
968
46
67
22
20
1634
1171
138
102
113
474
1688
20
344
282
51
2036
138
117
89
18
120
89
984
9
91
648
100
587
415
117
629
96
1078
48
1
132
14
114
197
43
1496
870
1386
1390
413
665
3
48
48
30
1645
6
309
750
1849
45
57
551
124
1890
29
39
229
1088
36
337
73
53
48
87
1316
105
771
615
106
504
9
50
61
50
130
94
79
419
18
8
117
25
1636
287
10
841
377
112
296
515
86
47
108
1847
423
700
1401
110
631
34
1323
58
31
727
1296
543
61
37
108
45
76
740
25
35
1905
1825
72
84
1417
294
113
62
53
82
59
54
22
473
7
15
56
1
76
70
936
91
13
78
117
429
22
1975
216
11
293
60
2038
225
27
4
104
494
63
4
9
107
1646
84
2
217
118
958
440
292
101
17
720
115
21
537
22
652
110
75
38
262
61
1130
61
211
107
56
779
2
9
1860
9
72
802
320
100
619
305
21
36
48
1093
52
60
4
63
49
37
35
1772
9
1161
474
58
256
92
475
43
59
277
1399
394
226
12
65
43
56
4
285
17
1147
66
19
1120
42
648
88
70
35
876
633
76
74
604
78
62
297
10
430
100
6
539
123
892
103
286
11
120
82
113
47
1948
928
23
17
7
49
9
81
1914
137
74
725
75
801
31
39
15
95
35
227
