2452
1
1
27
21
1712
1871
82
56
67
26
1778
35
37
17
79
13
24
154
732
67
77
1077
29
437
62
476
334
111
125
1759
12
23
46
82
1043
63
1295
499
97
72
42
16
102
49
356
44
1488
53
18
176
18
463
49
486
41
100
32
99
61
85
114
1162
89
22
54
65
121
93
190
49
79
1
46
1369
282
84
943
623
66
24
382
1146
72
106
127
1617
57
54
25
102
69
196
109
331
264
18
87
1295
14
54
70
20
31
1313
1722
1350
105
611
67
1577
3
19
73
1435
943
90
97
1575
129
163
82
615
78
704
1555
1
372
109
245
41
65
49
41
399
65
23
601
69
784
1191
23
22
658
844
1767
21
371
39
66
12
117
7
60
31
10
507
1858
1106
7
1
917
121
162
740
27
290
1650
260
77
398
261
605
225
30
8
87
201
3
5
671
99
1236
736
34
13
6
1201
45
1043
16
18
93
81
179
68
1678
81
26
168
10
311
559
408
35
364
70
344
12
631
349
1276
348
719
29
42
806
465
58
67
634
10
809
27
95
119
78
441
39
613
1407
85
109
406
421
18
389
229
690
424
1185
1269
84
242
122
378
977
121
14
25
77
1241
1463
97
67
744
693
31
140
117
680
65
79
99
1946
12
57
188
25
615
103
401
919
336
58
60
530
1295
19
104
346
49
26
13
40
599
3
180
110
125
971
33
109
267
427
131
90
65
698
466
535
82
532
953
74
95
2
485
63
41
129
9
607
19
58
41
909
115
30
19
183
119
112
35
1851
298
87
51
888
60
72
61
331
62
18
42
806
545
48
30
1529
227
384
116
871
453
91
15
787
784
117
34
39
59
102
389
322
435
1136
2
444
1192
1412
915
569
1774
111
170
331
85
2132
42
1
28
24
52
73
101
287
1889
613
1553
99
119
1778
15
163
55
364
378
24
422
107
22
797
114
442
407
664
684
690
62
104
7
111
94
16
1886
19
28
409
44
321
823
120
4
22
817
29
751
51
851
672
227
844
612
117
124
1301
141
115
62
43
9
9
123
23
24
1163
301
96
97
143
142
688
43
29
324
646
59
207
1
906
21
11
27
1920
564
82
315
1907
802
778
1185
23
9
300
771
10
96
3
1101
61
92
520
102
106
36
164
693
83
33
475
33
1217
36
36
621
80
8
23
49
798
105
1621
1598
73
116
94
67
1804
118
215
19
203
86
343
113
1261
104
100
1084
9
399
313
789
32
566
61
14
73
107
348
176
97
1181
108
1521
58
1112
122
369
356
72
69
596
758
1000
72
9
1277
1258
53
516
562
69
290
1136
1214
38
1474
107
362
55
12
79
58
90
480
863
590
378
4
667
1499
120
282
110
10
52
102
1061
2173
38
64
982
1167
65
1167
39
109
10
106
9
224
71
110
23
103
207
58
55
5
76
10
59
81
38
102
1315
1110
1
524
322
1177
1123
625
1562
71
1093
544
185
13
20
365
123
118
59
145
963
544
16
1127
419
1138
138
948
1
81
180
56
18
730
232
275
51
59
9
25
983
313
910
22
96
1128
99
272
124
95
329
20
42
556
72
652
1712
248
15
48
546
137
73
346
99
1317
123
255
43
20
98
507
20
77
120
88
93
776
72
110
10
1010
842
116
49
84
678
1426
1876
1141
723
788
60
39
123
1773
5
28
165
1996
116
52
552
311
974
1
75
139
588
502
105
120
82
1768
40
12
273
100
1263
371
396
11
1851
69
87
333
47
23
30
95
639
1063
225
121
483
579
77
31
1747
2104
106
64
838
120
11
91
285
55
19
1133
664
111
90
112
36
32
10
209
118
58
1222
106
169
104
102
70
40
207
70
1141
54
107
166
2045
115
83
121
109
97
52
53
12
16
61
86
47
22
77
593
1774
448
539
857
37
120
7
364
759
673
94
1241
1808
44
64
1
277
1374
1419
769
15
871
50
103
78
3
111
61
113
106
50
56
106
1510
133
242
954
507
21
112
113
42
818
321
31
86
121
967
85
395
110
401
57
49
78
13
23
79
17
695
349
59
528
25
1422
123
67
722
382
53
60
4
347
120
11
1174
121
1316
33
920
25
93
802
4
77
318
563
412
54
118
1
48
60
905
609
891
34
90
807
125
59
11
1415
1510
14
103
76
14
64
34
68
102
969
1280
776
28
76
2226
32
55
57
54
351
1382
104
492
26
1368
110
500
69
47
1232
2087
62
506
14
87
764
1797
84
15
114
364
556
234
373
58
28
20
61
1515
104
1528
2049
76
119
43
116
98
123
31
2038
12
1420
339
1679
273
267
2323
21
523
450
113
96
1094
35
1172
251
90
27
58
121
733
70
29
6
1229
47
522
13
75
1001
75
262
250
23
248
9
20
117
46
642
53
473
1060
51
2
167
130
17
539
389
666
455
17
100
1626
317
1256
77
316
1081
257
26
45
15
62
40
127
107
58
69
4
31
94
18
816
337
105
234
830
115
242
80
51
10
246
57
525
65
102
1312
115
349
45
11
138
53
67
88
75
994
81
22
115
2183
1177
120
112
1221
19
8
49
644
78
125
149
1342
100
75
569
48
1034
7
31
888
46
23
15
544
321
98
2187
1930
149
107
1
633
526
76
29
79
41
60
2004
1335
57
109
661
316
1014
130
85
933
328
245
83
122
46
418
122
9
493
12
400
135
46
269
1451
38
2
170
1585
48
19
130
321
91
82
464
423
74
108
71
377
57
72
41
5
1
711
1547
80
550
28
1577
326
696
422
19
36
284
12
828
2
214
93
998
113
722
996
365
60
650
75
56
1112
2
72
67
977
103
21
982
1771
51
162
33
7
97
597
228
253
110
100
42
102
960
32
87
230
47
64
11
106
30
73
58
42
306
15
102
1402
67
70
58
54
133
105
1160
31
26
795
101
37
17
668
245
130
689
19
109
41
21
80
10
963
242
258
362
1407
132
95
38
841
73
23
52
75
69
81
1670
20
576
98
77
1431
123
858
934
54
1274
114
95
432
456
576
858
94
96
18
112
318
116
54
144
91
7
970
333
13
596
189
48
57
106
481
142
100
105
56
90
276
271
58
44
61
295
578
45
125
1078
552
37
12
377
871
650
29
289
766
26
106
321
302
322
815
4
116
1182
507
24
2180
17
845
538
1478
52
628
83
16
51
360
182
42
62
1
2089
1232
91
184
63
1045
116
1596
371
629
78
67
956
1301
111
984
109
41
43
5
44
541
11
224
14
128
60
20
90
120
8
68
777
164
311
5
519
21
98
102
59
686
364
1987
5
1811
198
58
804
433
19
89
185
1613
75
97
47
20
1128
48
1848
721
25
407
65
825
110
72
15
543
14
66
41
79
109
84
53
96
35
84
53
59
1355
170
44
80
34
1145
1272
1947
80
1831
290
72
22
5
1006
144
37
109
119
122
76
33
848
334
996
339
634
968
367
1115
1212
26
93
85
35
36
656
435
103
189
42
91
785
13
101
113
737
397
26
656
93
556
72
107
78
48
406
291
1770
79
22
54
200
74
100
79
94
26
1442
23
90
48
49
38
53
25
502
62
433
45
19
727
446
93
52
1122
273
484
69
41
607
244
93
17
1120
40
467
1532
104
435
109
1178
40
61
60
105
97
14
109
93
71
78
68
504
672
1
617
1560
104
144
943
102
174
1772
117
474
22
120
1847
11
465
15
37
1
16
385
367
96
2
1378
672
54
757
64
556
26
239
327
1939
367
63
272
115
62
1402
87
665
120
456
423
1460
18
77
98
92
888
21
1096
18
3
228
904
1230
96
1171
70
319
284
286
2140
1182
1638
988
98
25
95
1681
116
843
142
95
64
38
121
225
652
1118
65
54
287
71
944
809
113
1673
484
225
109
74
160
422
2
104
33
74
1002
286
121
142
116
1371
71
5
1619
1035
54
44
190
1204
420
55
90
45
13
148
436
34
43
84
116
196
599
255
98
5
38
33
1586
788
739
1061
88
31
3
583
1115
28
880
213
35
29
31
99
37
911
91
192
66
810
85
229
71
50
3
86
22
1496
85
1053
271
820
561
107
1350
100
87
93
101
1743
39
123
578
836
101
1502
24
836
838
55
627
119
86
103
453
734
23
124
24
1760
277
150
101
99
43
7
57
10
47
51
41
41
55
835
87
36
27
267
473
111
173
284
72
532
16
35
29
76
109
18
33
1051
22
527
1307
10
47
477
98
12
9
524
60
38
129
336
43
76
1165
276
34
64
92
90
22
20
241
83
65
83
603
155
86
350
24
256
2
43
304
859
101
92
61
1930
1212
467
371
515
259
966
30
227
31
120
557
393
41
13
50
1068
676
43
2
109
33
472
54
1429
477
35
161
809
328
1060
61
151
81
404
4
26
116
1005
958
5
31
859
119
46
354
106
34
1821
521
243
68
671
39
266
82
94
50
422
1500
322
940
106
1192
176
65
159
1335
56
1655
678
63
1217
25
9
123
57
27
833
168
138
81
70
109
78
62
34
51
233
192
34
230
111
33
83
607
205
805
446
1339
600
94
43
121
640
635
48
2
1125
25
118
115
2232
47
473
19
906
111
846
1
44
22
117
1071
75
618
426
1444
27
5
405
23
353
309
112
324
214
56
418
120
576
78
12
98
7
1931
251
92
180
1096
33
99
691
859
58
493
17
6
67
167
1075
98
97
88
72
41
80
1074
915
253
84
422
84
92
51
1167
117
173
647
102
485
51
76
1089
91
297
10
965
425
590
1050
15
56
22
28
84
1070
103
82
844
1726
97
458
1253
68
274
47
1899
40
75
