-1342058107
-2722625310
-3699103916
-3098714240
-3098714240
-2962692093
-1936091008
-1726103158
-212112540
-1601736145
-1040019604
-2682531200
-2304152887
-1902218633
-1097755445
211422975
-252805375
-252805375
651625419
-1127498967
-2168436586
-919875113
-48425461
-455558293
371722481
575759264
-595470036
-595470036
-595470036
-320417718
-320417718
1106063423
1027672031
1498183076
711470927
442832693
442832693
-1009189684
-359659591
-24726851
-24726851
-267807725
-229547530
-114229811
-114229811
-804800162
-804800162
-1538772364
-294756445
-294756445
64349025
815591172
815591172
591002548
341634480
341634480
2004781665
2004781665
1130465566
1368017412
1356792967
1084875976
1084875976
836263337
836263337
-614940199
-996555889
-1408323899
-1270496329
-2107843023
-2344362572
-2344362572
-2344362572
-2344362572
-730172049
204907469
637345685
1231570107
2606267232
2421521504
1132222683
1132222683
-764963325
-1010704582
-2521167817
-2521167817
-2517122452
-2517122452
-2517122452
-2316500639
-1034077800
-1638259907
-2660264432
-2660264432
-2660264432
-2327073629
-2254395196
-3406673896
-2953257734
-2711487486
-2333558007
-2154272103
-1115711985
-290337498
605040408
605040408
262046819
493991758
493991758
1007018701
550022427
26380495
-452668730
-935657934
-1856444462
-1254530177
-1254530177
-1999458911
-1999458911
-1999458911
-1964253146
-1964253146
-2119237540
-2735052363
-2893679446
-1472986382
-1589504211
-893801876
-1484861620
-2138485369
-3017681105
-1800191909
-2942547823
-2862064589
-2651874463
-2651874463
-2651874463
-1657746423
-534013503
1189172553
700615465
700615465
391742997
391742997
-318362350
1496901104
254481296
1237364621
549567567
108018991
108018991
1257277449
1257277449
1467991446
2173105604
1664575328
156828
156828
-886190464
273735268
978736786
1846926506
2911797458
2959159412
2442336329
2889406112
2502302455
2947227677
2947227677
2947227677
2947227677
2879326201
2879326201
2879326201
2879326201
2879326201
1428716700
2518862722
2526762451
3055718956
2614970152
1373544438
673187162
724786483
724786483
879700760
879700760
161650288
-637996434
-789419701
-789419701
-746159232
-746159232
-912698662
-187770106
637694268
-711633436
-711633436
-387432736
-399401700
-959455632
-1068038248
-1793115167
-1793115167
-1454554965
-2406835893
-2748548847
-1404620113
-2548186239
-2548186239
-2548186239
-2981559941
-2912248752
-1470117857
-1470117857
-2043494337
-1600772396
-2954954064
-3521437757
-4691352313
-3999015102
-4416305308
-3783278078
-3290727459
-2858234584
-1873946769
-1892229812
-977964249
-114228842
-101983050
-101983050
-101983050
554418060
561562710
561562710
-185998897
-1275880181
-1275880181
-305232252
576011447
576011447
2010191777
1228822395
772895839
719146671
719146671
1631579254
2208986871
2208986871
2233033586
3088279347
2969719589
2549379481
2549379481
1948685195
2060221603
1030554608
1405674219
3072199840
2643922461
3019365186
2616515434
2080612803
2102335497
2500809216
2833966303
2833966303
1542081419
2048363792
1607893797
1271807429
1271807429
1287354365
613709577
-291462738
-1224188342
-2724402075
-1640699329
-180737615
-147646496
243846583
-290789935
913873965
758491257
758491257
1705936564
1854506297
2769252483
3782383182
3631693610
2880175699
2880175699
1566695639
1523693513
2752694520
1576445531
1737565877
3004963224
1995396032
1918407766
1918407766
3197405589
2544799730
2544799730
2515082285
2588184560
2588184560
876793499
715493423
-483216544
-381757818
-240879216
-1562057744
-170854226
-170854226
-170854226
-1530271840
17141178
17141178
17141178
198292269
308520490
477361696
1715875851
1143945603
1143945603
1279315545
21495492
21495492
849745782
-447249992
758596463
1365244341
1365244341
2277336192
947023953
-466913533
-313814268
-1504405599
-1504405599
-1504405599
-925137200
-1557885794
-1557885794
-1557885794
-729034571
-847975637
-1023391329
-1023391329
-890815272
-752017520
-77575465
-440569909
-440569909
418079580
-1647255
820130830
1580431693
813766780
683636501
-297631517
-107874989
550684329
1608360867
1608360867
2624022194
2624022194
2624022194
2624022194
3153798353
4469283286
4469283286
3394145455
2818257575
3208353619
3208353619
1420367436
1619449771
1619449771
2312723920
2625484811
2699019636
905257789
905257789
508844217
1222320344
1222320344
158245107
264524051
376351923
1698126043
556790456
1447156650
1424060083
398283415
-1016396480
-542583439
-542221161
-1071858598
-1784531540
-2708127096
-1622846097
-966603900
-508453500
-259525548
-926509708
-1353769118
395758811
395758811
884925420
884925420
645348157
-33746868
-266635268
850712661
721937387
728023119
1465477432
2001945117
2482154167
1702872315
1349891168
2339940785
2464151142
1069685037
-652048601
-1681834408
-1478021344
-1066191740
-194355535
-594311944
-594311944
-594311944
-1133349141
-3009488492
-2819472433
-2819472433
-2297871880
-1952394812
-2563354778
-1089880029
-1632220888
-2183455462
-1325544543
-1325544543
-463290641
-463290641
758434556
758434556
341207420
341207420
341207420
565379718
-239418904
-239418904
-995865355
553495576
657102590
657102590
657102590
304117192
2171382459
2171382459
2171382459
1912417481
2079980974
756907581
742845223
-40821471
-809183249
-1024402960
-2482548388
-2482548388
-2130446672
-1976682764
-2393791391
-2393791391
-1699837344
-1699837344
-1218810648
-1389249882
-2222040615
-2128177821
-2438721747
-2438721747
-2438721747
-1084170681
-1084170681
-1084170681
-157118327
-832430004
-1165716529
-1165716529
-958402570
-1717418504
-624009182
-2068905729
-2027611407
-1272595412
-1272595412
-2130380333
-3536561370
-2680439106
-2004472938
-2004472938
-2004472938
-2004472938
-3050248991
-3311771346
-2298111915
-2298111915
-1037921221
-72482079
16044797
966397251
-176683976
983294297
2040065521
2040065521
1984502199
249701273
1287227355
1775871527
1419638820
582510727
683332630
1402965598
1402965598
1090707353
2811050945
2660136977
2080356294
2950042695
2950042695
2302165766
1995811989
648473331
613809307
588932542
588932542
1525462339
1525462339
1417172659
1417172659
1738452295
1697920824
2291693321
2658456006
2529293292
2898281525
2898281525
3310944322
3310944322
3310944322
4317520402
5366644624
5583278534
5583278534
4584568582
6198027792
4412120185
4235163367
4160068131
4160068131
4389523998
4695303800
4695303800
6047475649
6059064316
5642929520
4722074767
3242541082
2964741441
2964741441
2964741441
3400819846
3408757358
2653494202
2540334360
2222358494
2915477960
2488486727
2488486727
2074924239
1601504373
1601504373
969492227
-962218902
-962218902
-1867613686
-1867613686
-1867613686
-1791046785
-1715541549
-1715541549
-2110022863
-1788061474
-1693318383
-2646686424
-2646686424
-2591296388
-2591296388
-1053129640
-1053129640
438196836
-1065406044
-1837969814
-385463870
1130452146
1130452146
1508271529
780891712
-458576418
-950730245
-745993906
-34861529
804848496
166674382
-515397798
1092589166
-572306757
-582335007
-14682890
485622972
410933534
1201559848
-247868154
-136393635
-136393635
494914637
-414721998
-414721998
-414721998
-414721998
133532897
-629093822
-629093822
-629093822
-928242707
743185918
743185918
2130525194
1332607212
1332607212
1170404021
1441131798
1441131798
596850772
1770980461
3255843451
2906764774
2906764774
1881545876
1881545876
1881545876
1881545876
2813557215
3404285022
2862759836
1930296150
1290121651
837472419
2084255965
2947627005
1597924532
2197811470
2638369775
2616402721
1888921572
562695901
105683903
105683903
518607658
518607658
284175397
284175397
180635469
867948394
-598576331
-576992590
-1572587507
-2695476398
-2647201955
-3191634934
-1333861122
-698311056
-133471479
-133471479
564766749
286483321
286602460
126364491
1575035591
100125958
1464837755
2540300581
2540300581
3982188173
3224064882
3077124373
2831249474
2831249474
3050302666
2604552208
1613714424
1613714424
1318413071
808428353
808428353
808428353
1195071183
619339223
619339223
1805336663
2352422511
2537438090
755366940
1888615026
1917812235
1917812235
2856386333
1752508633
1222431795
1861341764
1861341764
796843849
595876746
879964316
879964316
1417632637
1615232093
1615232093
1615232093
944339477
83896354
-602342755
175742145
259880455
-376218900
-1881058310
-1881058310
-3614222026
-2124080603
-3514463709
-3514463709
-2585520370
-1138336176
-866967624
-866967624
-159662975
-1153795059
-646582972
-646582972
-625214745
503207735
396283962
377469072
1581175924
1917490364
1818038116
3351628497
3497889280
3497889280
1921030548
1921030548
2411975790
2411975790
1429333650
1090190557
1090190557
2457676398
1854179439
1854179439
1284741494
-675331138
-675331138
-1131594699
-1722370308
-1722370308
-363577659
-363577659
-363577659
-432986523
1131031414
1271105479
1271105479
1680988782
1680988782
2676677480
2119995787
983693765
1981138590
2369531050
2369531050
2369531050
1408050020
968571496
1785507923
1691403397
1691403397
2291118304
1283449239
1229078265
159658719
318480450
318480450
-1498541854
-1498541854
-2708019442
-1065807868
-2334211768
-2334211768
-1722084612
-2938307494
-2938307494
-2269053605
-2560956088
-1294368140
-2262769737
-2222949820
-2547617326
-1540078736
-1540078736
-1540078736
-6659445
712259025
1021117300
173264807
1090721806
2583358552
2320066846
2360629165
2360629165
2360629165
2360629165
2729674220
2483165128
2483165128
3611332623
4709843802
5236411526
3402250015
2836138737
3231236991
3231236991
2837114622
2837114622
2837114622
3886944876
2861641869
2840256685
1582918484
2178151544
1296452416
1296452416
1247306199
2609155372
2164632320
1503349745
301559420
301559420
3125388
-459780187
-414723606
-457093407
-356380919
609007233
-548536329
-340602315
-935933092
450572847
1590573245
1212470571
1212470571
244678604
-1061718991
768655258
1148707990
233070039
807834246
-54553901
-54553901
174842073
-602955684
-602955684
-602955684
816470376
816470376
714301004
1963226783
2937814372
2898406433
1546705425
1546705425
833888870
1108614000
1108614000
1075270379
1278157782
1419954114
114852567
579641207
579641207
1507893855
1667119572
2655482301
3406911916
3406911916
3780816848
3780816848
3780816848
2345334217
2345334217
3322857342
2742825538
3803700787
3803700787
4529187517
3422506501
2453766872
1542809813
430721771
361050716
-36120398
-1302767745
-2415699630
-2246344740
-2246344740
-2246344740
-2013698256
-1160106680
-728909822
-232031504
508601839
857287185
857287185
857287185
1051565132
1988418077
1348964755
1705529788
1419306922
489003744
1159789471
912660660
1934210987
1878062854
1000447454
1000447454
474631474
-996412069
438546158
-244676243
755178439
2023211658
724850094
716642262
716642262
716642262
716642262
-9239301
-1351414762
-2265322170
-2265322170
-1552409239
41857434
1363610867
562426807
-1107191870
-2678508415
-826293666
-826293666
74741249
-911727058
-491994519
-677973043
-1500071656
-1500071656
-1500071656
-1500071656
-1500071656
-1019942920
739170303
864791389
864791389
1164100139
1833191092
2108519854
2615270591
1824287070
1824287070
2593484428
2593484428
1150716738
-2705627
574960447
643006054
1333223874
820414278
821661666
