-1826032055
-1826032055
-1826032055
-3391723790
-1694853785
-1694853785
-1694853785
-1694853785
-1694853785
-1694853785
-2049462761
-2408500786
-2408500786
-1406961288
-1406961288
-1406961288
-1406961288
-1406961288
-1406961288
-1406961288
-1406961288
-1406961288
-1291229249
40932453
-481000572
-617420910
283829748
-132553244
-132553244
-132553244
205767187
-252040462
76074264
1187482143
-72304388
-124764133
-423251909
889874871
889874871
889874871
889874871
889874871
889874871
363669921
363669921
853355028
853355028
-343608804
-844691901
-608509718
383517281
383517281
107060059
1771397718
1771397718
853356696
853356696
853356696
853356696
424988290
424988290
269630196
269630196
269630196
269630196
647651417
647651417
647651417
647651417
-784304808
-784304808
-784304808
-1101151255
-1505102344
-1505102344
-1505102344
-1505102344
-525263963
-908821264
-908821264
-145962376
-229880230
-1086424796
-1086424796
-1473113057
-1397080032
-1397080032
135823780
-567957870
-567957870
-567957870
-686492574
-1441816030
-2864486978
-2864486978
-2492052336
-3092075489
-2396466898
-2396466898
-2396466898
-2396466898
-1332167354
-942365722
-419190409
-419190409
-419190409
1299147305
1035224270
722447782
329319279
329319279
397213535
397213535
-158955986
-158955986
-262656715
-262656715
-262656715
-238429307
10080895
10080895
10080895
161719502
28235551
1822828658
1917106785
1917106785
2616341079
2373377599
2373377599
2902380874
2902380874
3041142878
1761444547
1761444547
2045866995
2045866995
3483341166
3483341166
3483341166
3477860121
3477860121
4008884528
4008884528
3818982506
3818982506
3818982506
3677641703
3677641703
3677641703
3929304525
3929304525
5079757612
4149626315
4149626315
4151196845
4277705066
4277705066
4277705066
4277705066
4277705066
4277705066
4854338077
3490937659
1886941380
1886941380
1886941380
1886941380
1207203235
2209650240
905481884
864768732
-78610880
301521410
1060598595
1060598595
1539016555
2611988128
2611988128
1075549160
757544043
1226026750
1226026750
-255860220
-255860220
267618634
-383255462
-383255462
-641274706
356583787
-1374949206
-1374949206
-567155273
-275403238
-275403238
-453931920
-453931920
-453931920
-453931920
-453931920
-1068190479
-1353524932
-1353524932
-1353524932
-1353524932
-1353524932
-1353524932
385428528
385428528
385428528
385428528
385428528
385428528
391053011
391053011
391053011
391053011
665885613
665885613
1689954454
1689954454
1689954454
1689954454
1689954454
1689954454
1689954454
2040850737
2040850737
2068769365
3306008296
1595268844
1595268844
68784267
68784267
68784267
68784267
-1663037131
-1589863733
-1589863733
-1589863733
-1589863733
-1589863733
-187803500
902099043
1501527159
3085106393
3085106393
2606213803
3795972774
3795972774
3795972774
3795972774
3795972774
4074967132
3504956980
3355570432
4747090133
4213662867
3587413323
2460348142
3888555908
3888555908
3888555908
3637338623
4091677170
4565263253
4565263253
3325493479
3325493479
2843606995
2843606995
2843606995
2408853895
2458691808
2458691808
2458691808
2458691808
2621076364
2561592126
2561592126
3277514639
3527876989
3698524948
3791857622
3791857622
3791857622
2132775712
531804771
531804771
-317816818
-1933539077
-2621332359
-2621332359
-851332692
648739196
648739196
109187485
-1080933996
-1080933996
-950184014
-1626162815
-1969876816
-1778221366
-2226982240
-2226982240
-755784656
-2111665796
-2754010540
-1689977452
-1746888258
-1746888258
-1746888258
-1746888258
-1475924684
-718185893
7821576
7821576
7821576
7821576
7821576
505936921
505936921
505936921
538111493
538111493
494928721
494928721
914248301
655641720
680313230
1277900019
1433905146
2295185789
2295185789
857742455
1577116553
2357053195
2357053195
2357053195
1358094312
1194149793
1194149793
11618944
-624415398
-1220251426
-1970273810
-1970273810
-1629320170
-1629320170
-1629320170
-1629320170
-1629320170
-1586829460
-1586829460
-2081823695
-2081823695
-2081823695
-917556307
-917556307
-917556307
-1952113808
-1952113808
-2988277104
-2988277104
-2541171720
-2541171720
-2541171720
-789296564
-789296564
-1998090788
-3633038830
-3633038830
-3364650322
-3364650322
-3364650322
-3737979157
-2306354149
-2306354149
-2306354149
-2089487006
-2770896781
-2770896781
-2770896781
-2770896781
-2770896781
-2770896781
-2487781649
-644232413
-553523609
-553523609
-49727600
-49727600
-49727600
-49727600
-49727600
669440933
669440933
706576792
706576792
1977509502
1599269328
303011557
303011557
-1076029996
-1076029996
-526982133
-1543978034
-288712558
-288712558
533242785
533242785
1219495290
1219495290
1219495290
1586359439
701640960
701640960
701640960
1411816315
942715122
2064349192
2064349192
2064349192
558962619
-1014722792
-1014722792
-1258098766
-1258098766
-1258098766
-1258098766
-1278918282
-1278918282
-1412475157
-1412475157
-1412475157
-1177337235
-1177337235
466075867
466075867
-1183676685
-2193150344
-2193150344
-1166067408
-1586070154
-1586070154
-1586070154
-1516604182
-2554334606
-2554334606
-2554334606
-752961230
-752961230
-1116311937
-1411630278
-737922066
-737922066
-737922066
-737922066
-1128826401
-1878815499
-1878815499
-802671581
-802671581
-802671581
-802671581
-802671581
-802671581
-802671581
-802671581
-1526247428
-1526247428
-1526247428
-1526247428
-1852477040
-1077950833
-365437434
-512866020
-512866020
-512866020
238013203
238013203
1284282557
555872230
1249749433
1249749433
1343012258
445948723
445948723
445948723
-552807545
-552807545
-552807545
-552807545
-552807545
-1620536077
-1620536077
-1620536077
-1620536077
-1620536077
49120347
49120347
1355707090
1355707090
64405385
64405385
64405385
64405385
64405385
64405385
64405385
64405385
64405385
64405385
1720259363
26586975
26586975
26586975
-436041158
-436041158
-436041158
-436041158
-436041158
-993850645
-993850645
-2534915756
-1840864682
-1840864682
-1840864682
-2079398843
-2079398843
-2904377637
-2336020959
-2336020959
-4073342322
-4073342322
-4073342322
-3882752452
-3882752452
-4062655550
-2553666801
-2553666801
-2553666801
-2553666801
-2553666801
-2553666801
-2553666801
-2553666801
-2210569805
-1809919582
-1809919582
-1946891231
-1946891231
-1946891231
-1946891231
-1747790489
-1747790489
-1747790489
-1747790489
-1375284537
-1375284537
-1375284537
384426258
706107293
706107293
706107293
706107293
706107293
1680263154
-226378505
-226378505
-226378505
-226378505
-1512078114
-1479794480
-1479794480
-955298373
-1836515965
-900165606
-292561754
1585744360
948521945
1265935260
1200793790
1200793790
1200793790
987585850
987585850
987585850
1097618385
1097618385
1097618385
1168964013
449643046
449643046
1806039219
2796710075
2796710075
2192175055
1437244275
1437244275
1437244275
1437244275
1211828403
1211828403
1086826753
1360241748
1360241748
138639364
138639364
-343542563
-343542563
-343542563
-343542563
-343542563
-352252672
-1450442315
-1450442315
-528511406
-528511406
-528511406
-528511406
-528511406
-220388269
996381089
2697253815
2697253815
2101006793
2101006793
1738424345
1738424345
1315492115
1315492115
1315492115
282508647
-1424333441
-1424333441
-1424333441
-1424333441
-1137800352
-1137800352
-901321016
-901321016
-901321016
-901321016
-901321016
-1842571697
-1842571697
-1842571697
-1842571697
-190667064
-1620079214
-2217737068
-2097827630
-3708327364
-3708327364
-3708327364
-3708327364
-2428241748
-2428241748
-3021510765
-1257138351
-115928865
-1307213664
-762305445
-762305445
-762305445
-762305445
-1910370113
-1910370113
-1910370113
-1135634310
-1135634310
-1135634310
-1135634310
-1135634310
-1135634310
-848416261
-848416261
-848416261
-153904785
-153904785
-251794284
-251794284
-251794284
-39212044
-39212044
-39212044
-39212044
-229669053
27079037
27079037
27079037
27079037
1002178297
148419405
-1119992997
-1490093883
-1490093883
-1517481029
377157957
888437064
934352944
158319704
158319704
-1109047928
-368231552
-1850595678
-1541231355
-1541231355
-1541231355
-740892630
-967837568
-967837568
-1564836037
-1564836037
-1564836037
-1234435815
-1635309656
-1354919447
-235509829
542155025
542155025
542155025
542155025
542155025
542155025
2349413758
2230745024
1209309700
2736598896
2736598896
2736598896
2736598896
2736598896
2736598896
2233599547
2233599547
1145520943
1145520943
326765916
326765916
-1423596097
-1423596097
-1789926631
-1789926631
-1789926631
-962559145
-962559145
-962559145
-962559145
-962559145
-1378152751
-1032879784
-1032879784
-1032879784
-43580715
1470754662
1470754662
1470754662
1256672049
1256672049
1524390463
1285258225
2251224057
1236368342
1707442855
2310884527
2310884527
2310884527
3231858596
1966729193
1966729193
1966729193
2308620427
2308620427
2425534447
2425534447
2425534447
2425534447
2425534447
2425534447
2425534447
2425534447
2425534447
3083294977
3083294977
3083294977
3088281291
3088281291
1598282260
1598282260
1598282260
1598282260
2465999292
1120166662
1120166662
1120166662
1120166662
1120166662
1120166662
1120166662
583460387
1292024673
1343565123
665586211
802560851
802560851
802560851
802560851
802560851
802560851
2014562196
1486268893
611114781
256755344
472546717
472546717
379206574
307589598
307589598
858315463
858315463
82152901
286878192
-1256340915
-1798258445
-1798258445
-1798258445
-3284472208
-3284472208
-3284472208
-2532000371
-1017226695
-1017226695
-1017226695
-2088334132
-1451822919
-1451822919
-1451822919
-1478713486
-1947413041
-1947413041
-2564157519
-2564157519
-2564157519
-2564157519
-1881028700
-1881028700
-2828578017
-2828578017
-3248729255
-3248729255
-3248729255
-3248729255
-1923871446
-2379658221
-2379658221
-2379658221
-2379658221
-4073427981
-4073427981
-4073427981
-4073427981
-5098900587
-5098900587
-5098900587
-5098900587
-4359740950
-4359740950
-3331748673
-1428305121
-1428305121
-1777876877
-2718319525
-2718319525
-2885610339
-2885610339
-2885610339
-3367045890
-3367045890
-3367045890
-3316431914
-3311827283
-2246151117
-855969614
-1134354464
-1134354464
-1134354464
-154667228
-427116297
-427116297
-427116297
-427116297
-1563227933
-2273015404
-2230074154
-2230074154
-2230074154
-1930833689
-1689406589
-1689406589
-1689406589
-1689406589
-819650287
-2085076379
-2085076379
-2085076379
-2835214011
-2835214011
-2691877300
-2136066941
-3125356182
-2891065652
-2891065652
-2891065652
-2891065652
-2891065652
-2891065652
-2273309848
-2273309848
-2429138692
-1453259065
-1453259065
-1453259065
-1453259065
-2483586222
-2483586222
-1826580449
-2012938053
-2012938053
-2012938053
-2012938053
-1071346726
-1790472688
-1790472688
-1790472688
-1790472688
-1149332556
-923535666
-923535666
-2077181175
-1013625027
-592101160
-592101160
-577355963
-577355963
-577355963
-1844324006
-1556084809
-1132469114
-1132469114
-1231084294
-1231084294
-1231084294
-567863815
-567863815
-567863815
-567863815
-820261929
-820261929
-619895149
-619895149
-619895149
-619895149
-1670578755
-2685246945
-2685246945
-3431988933
-3504340030
-3195315389
-3211990095
-2622251494
-2555436437
-2555436437
-1747871998
-1156957147
-1156957147
-1156957147
-1401686287
-1401686287
-1401686287
-1071919926
-1071919926
-1938000433
-1938000433
-1938000433
-1880559540
-1880559540
-1571045218
-1087175445
833446516
833446516
833446516
609839931
-242488107
-242488107
-1295332723
-1295332723
-1516620550
-1516620550
