0 0
82
128
8 1050
128
175
139
26 3554
151
150
34 4626
99
135
42 5815
86
127
50 5982
118
173
58 5961
69
80
96
76 5968
72
64
84 5952
86
81
90 5998
89
47
91 5993
63
88
91 5965
89
90
66
91 5937
58
-1
91 5925
-1
61
91 5941
88
64
91 5980
-1
60
90 5996
-1
-1
59
89 5997
-1
82
88 5948
-1
-1
88 5970
42
42
89 5978
87
-1
89 5969
-1
-1
81
92 5994
-1
-1
91 5949
76
88
91 5931
-1
56
92 5954
70
-1
93 5928
-1
-1
-1
93 5986
-1
-1
92 5962
-1
71
91 5954
-1
-1
90 5990
78
-1
89 5979
85
-1
63
89 5986
-1
54
89 5990
62
-1
89 5975
-1
81
87 5923
-1
-1
88 5959
-1
48
-1
90 5923
74
63
90 5983
85
-1
91 5965
-1
-1
91 5952
-1
79
91 5950
-1
53
-1
93 5969
-1
53
94 5939
-1
49
95 5967
-1
-1
96 5987
-1
-1
93 5958
-1
-1
-1
92 5944
-1
54
92 5952
77
-1
92 5945
54
-1
93 5970
-1
-1
93 5987
-1
-1
70
90 5976
-1
49
88 5937
-1
64
89 5919
-1
-1
90 5951
40
-1
92 6000
-1
-1
50
91 5932
73
72
90 5924
-1
-1
91 5981
-1
-1
90 5957
-1
-1
91 5985
-1
-1
-1
90 5953
-1
-1
89 5961
-1
-1
89 5998
-1
-1
88 5922
44
-1
90 5999
-1
-1
-1
88 5987
-1
-1
87 5948
-1
-1
88 5972
-1
-1
87 5926
-1
-1
89 5994
-1
-1
-1
89 5989
-1
-1
88 5929
-1
-1
89 5981
-1
-1
89 5945
-1
-1
90 5986
75
65
58
92 5975
-1
-1
94 5970
-1
-1
94 5953
-1
-1
93 5966
82
82
93 5960
-1
48
-1
92 5927
-1
-1
93 5965
-1
-1
94 5994
-1
-1
92 5983
-1
-1
93 5984
78
-1
-1
90 5967
-1
-1
90 5924
42
-1
92 5948
-1
-1
93 5971
65
-1
95 5996
-1
-1
-1
94 5951
-1
-1
95 5995
-1
-1
95 5927
-1
-1
95 5951
-1
52
95 5953
49
-1
-1
96 5966
-1
-1
94 5961
-1
-1
94 5984
-1
-1
92 5967
-1
-1
92 5965
-1
-1
-1
93 5996
-1
-1
91 5934
-1
-1
92 5967
46
-1
89 5976
-1
-1
90 5977
-1
-1
-1
89 5961
-1
-1
88 5959
76
-1
89 5979
-1
-1
89 6000
-1
46
89 5991
-1
-1
-1
87 5975
42
78
88 5944
-1
-1
89 5935
-1
-1
91 5984
-1
-1
91 5953
-1
-1
-1
91 5946
-1
-1
90 5915
-1
-1
91 5991
58
-1
90 5943
-1
-1
90 5930
-1
-1
-1
92 5955
-1
-1
93 5954
-1
-1
93 5990
-1
-1
92 5995
-1
-1
92 5933
-1
-1
-1
95 5992
-1
-1
95 5977
-1
-1
95 5954
-1
-1
95 5954
-1
-1
95 5988
-1
-1
-1
93 5955
-1
75
93 5985
-1
-1
93 5953
-1
-1
92 5948
-1
-1
91 5945
-1
-1
-1
90 5980
64
-1
91 5978
-1
-1
91 5942
-1
-1
90 5959
-1
82
91 5992
-1
-1
-1
90 5945
75
-1
90 5959
-1
-1
91 5922
-1
-1
91 5955
-1
-1
92 5950
-1
-1
-1
94 5999
-1
-1
92 5941
-1
-1
93 5952
43
-1
93 5941
-1
-1
95 5982
-1
-1
-1
96 5973
-1
-1
95 5967
-1
-1
95 5963
-1
-1
94 5957
-1
74
95 5991
41
-1
-1
94 5956
41
-1
95 5938
-1
-1
95 5977
-1
-1
96 5990
-1
-1
96 5994
-1
-1
-1
94 5975
-1
-1
94 5928
-1
-1
95 5960
-1
-1
95 5923
-1
-1
96 5978
-1
-1
-1
97 5980
-1
-1
95 5964
-1
-1
94 5959
-1
-1
94 5991
-1
-1
94 5992
-1
-1
-1
92 5929
-1
-1
93 5957
-1
56
92 5947
-1
-1
92 5948
-1
-1
92 5957
-1
-1
-1
92 5998
-1
-1
91 5946
-1
43
93 5977
66
-1
93 5950
-1
-1
94 5986
-1
-1
-1
93 5958
-1
-1
93 5993
-1
-1
91 5914
-1
-1
92 6000
-1
-1
92 5980
-1
-1
-1
91 5992
-1
-1
89 5981
-1
-1
89 5993
-1
-1
89 5920
-1
-1
90 5978
-1
-1
-1
89 5963
-1
-1
90 5960
-1
-1
90 5996
-1
-1
90 5966
-1
-1
91 5951
-1
-1
-1
91 5950
-1
-1
91 5950
-1
-1
89 5961
-1
-1
90 5979
82
-1
91 5982
-1
-1
-1
90 5916
-1
-1
91 5979
-1
-1
90 5996
-1
-1
89 5912
-1
-1
89 5947
-1
-1
58
90 5984
-1
-1
90 5977
-1
78
88 5956
-1
-1
87 5936
-1
-1
88 5950
-1
-1
-1
87 5920
-1
-1
89 5980
-1
-1
89 5971
-1
-1
89 5942
-1
-1
89 5960
-1
-1
-1
89 5985
-1
-1
90 5971
-1
-1
91 5997
-1
-1
91 5988
-1
-1
91 5938
-1
-1
-1
90 5955
-1
-1
90 5976
-1
-1
90 5955
-1
-1
91 5997
-1
-1
91 5995
-1
-1
-1
92 5983
-1
-1
90 5951
-1
-1
89 5994
-1
-1
89 5976
-1
-1
89 5999
-1
-1
-1
89 5932
-1
-1
91 5942
-1
-1
91 5972
-1
-1
91 5980
-1
-1
91 5974
-1
-1
-1
93 5999
-1
-1
94 5992
-1
-1
94 5928
-1
-1
94 5939
-1
-1
95 5977
-1
-1
-1
94 5961
-1
-1
94 5926
-1
-1
95 5977
-1
-1
94 5962
-1
-1
95 5996
-1
-1
-1
92 5923
-1
-1
93 5948
-1
-1
94 5968
-1
-1
93 5977
-1
-1
92 5966
-1
-1
-1
90 5977
-1
-1
90 5969
-1
-1
90 5965
-1
-1
90 5995
-1
-1
90 5997
-1
-1
-1
87 5986
-1
-1
87 5943
-1
-1
87 5927
-1
-1
88 5991
-1
-1
89 5995
-1
-1
-1
91 5961
-1
-1
91 5970
68
-1
91 5948
-1
-1
91 5937
-1
-1
92 5920
-1
-1
-1
93 5961
-1
-1
92 5951
-1
-1
92 5958
-1
-1
91 5971
44
-1
90 5968
-1
-1
-1
88 5975
-1
-1
88 5946
-1
-1
89 5994
-1
-1
88 5935
-1
-1
88 5970
-1
-1
-1
88 5952
-1
-1
87 5929
-1
-1
89 5988
-1
-1
89 5975
-1
-1
89 5963
-1
-1
-1
87 5929
-1
-1
88 5964
-1
-1
88 5952
-1
-1
88 5936
-1
-1
89 5940
-1
-1
-1
89 5942
-1
-1
89 5999
-1
-1
89 5971
-1
-1
90 5989
-1
-1
90 5994
-1
-1
-1
91 5980
-1
-1
91 5956
-1
-1
91 5942
-1
-1
91 5967
-1
-1
91 5959
-1
-1
-1
92 5948
-1
-1
92 5992
-1
-1
90 5969
-1
-1
91 5984
-1
-1
91 5945
-1
-1
-1
93 5980
-1
-1
92 5947
-1
-1
94 5994
-1
-1
92 5986
-1
-1
90 5936
-1
-1
-1
91 5948
-1
44
92 5967
-1
-1
92 5933
-1
-1
91 5945
-1
-1
90 5987
-1
-1
-1
91 5947
-1
-1
90 5958
-1
-1
91 5929
-1
72
93 5983
-1
-1
93 5948
-1
-1
-1
94 5973
-1
-1
94 5970
-1
-1
94 5949
-1
-1
93 5956
-1
49
95 5982
-1
-1
-1
94 5980
-1
-1
93 5926
-1
-1
93 5940
-1
-1
93 5971
-1
-1
92 5968
-1
-1
-1
91 5966
-1
-1
91 5992
-1
-1
91 5994
-1
-1
90 5942
-1
-1
90 5948
-1
-1
-1
90 5997
-1
-1
90 5961
-1
-1
90 5980
-1
-1
90 5989
-1
-1
89 5934
-1
-1
-1
91 5960
-1
-1
92 5982
-1
-1
92 5978
-1
-1
92 5931
-1
-1
93 5961
-1
-1
-1
92 5950
-1
-1
93 5971
-1
-1
93 5990
-1
-1
93 5957
-1
-1
93 5985
-1
-1
-1
94 5997
-1
-1
94 5952
-1
-1
94 5987
-1
-1
93 5966
-1
-1
93 5952
-1
-1
-1
93 5941
-1
-1
94 5982
-1
-1
94 5979
-1
-1
95 5994
-1
-1
94 5944
-1
-1
-1
91 5969
-1
-1
91 5974
-1
-1
92 5977
-1
-1
92 5989
-1
-1
92 5985
-1
-1
-1
91 5975
-1
-1
89 5956
-1
-1
90 5957
-1
-1
90 5960
-1
-1
91 5950
-1
-1
-1
94 5986
-1
-1
94 5974
-1
-1
94 5942
-1
-1
94 5971
-1
-1
93 5932
-1
-1
-1
95 5977
-1
-1
95 5943
-1
-1
96 5992
-1
-1
96 5989
-1
-1
96 5989
-1
-1
-1
94 5992
-1
-1
95 5979
-1
-1
95 5998
-1
-1
95 5948
-1
-1
94 5970
-1
-1
-1
93 5962
-1
-1
93 5998
-1
-1
92 5966
-1
-1
92 5934
-1
-1
93 5992
-1
-1
-1
93 5982
-1
-1
93 5980
-1
-1
92 5961
-1
-1
93 5948
-1
-1
94 5994
-1
-1
-1
93 5981
-1
-1
93 5954
-1
-1
93 5964
-1
-1
92 5982
-1
-1
91 5972
-1
-1
-1
91 5984
-1
-1
92 5958
-1
-1
92 5985
-1
-1
92 5973
-1
-1
93 5982
-1
-1
-1
94 5984
-1
-1
93 5980
-1
-1
94 5949
-1
-1
96 5987
-1
-1
96 5944
-1
-1
-1
93 5991
-1
-1
92 5954
-1
-1
91 5977
-1
-1
91 5980
-1
-1
89 5934
-1
-1
-1
90 5989
-1
-1
89 5931
-1
-1
90 5991
-1
-1
90 5982
-1
-1
90 5994
-1
-1
-1
91 5954
-1
-1
93 5978
-1
-1
94 5991
-1
-1
93 5945
-1
-1
92 5965
-1
-1
-1
93 5950
-1
-1
92 5972
-1
-1
91 5979
-1
-1
92 5948
-1
-1
93 5947
-1
-1
-1
91 5961
-1
-1
91 5983
-1
-1
91 5957
-1
-1
92 5993
-1
-1
91 5953
-1
-1
-1
92 5933
-1
-1
93 5943
-1
-1
93 5993
-1
-1
92 5941
-1
-1
93 5969
-1
-1
-1
93 5952
-1
-1
94 5959
-1
-1
94 5974
-1
-1
93 5942
-1
-1
93 5947
-1
-1
-1
91 5927
-1
-1
92 5966
-1
-1
90 5926
-1
-1
92 5954
-1
-1
92 5995
-1
-1
-1
91 5925
-1
-1
92 5995
-1
-1
91 5939
-1
-1
92 5975
-1
-1
92 5960
-1
-1
-1
94 5981
-1
-1
94 5964
-1
-1
93 5958
-1
-1
93 5993
-1
-1
92 5982
-1
-1
-1
92 5984
-1
-1
92 5974
-1
-1
92 5968
-1
-1
92 5956
-1
-1
93 5990
-1
-1
-1
92 5986
-1
-1
91 5972
-1
-1
91 5982
-1
-1
92 5991
-1
-1
91 5994
-1
-1
-1
91 5998
-1
-1
90 5935
-1
-1
91 5975
-1
-1
90 5973
-1
-1
91 5960
-1
-1
-1
92 5931
-1
-1
93 5933
-1
-1
94 5916
-1
-1
95 5947
-1
-1
95 5949
-1
-1
-1
95 5981
-1
-1
95 5968
64
-1
96 5994
-1
-1
94 5969
-1
-1
94 5978
-1
-1
-1
93 5942
-1
-1
93 5976
-1
-1
92 5960
80
-1
93 5980
-1
-1
93 5949
-1
-1
-1
91 5937
-1
-1
91 5982
-1
-1
91 5969
-1
-1
92 5999
-1
-1
92 5993
-1
-1
-1
90 5980
-1
-1
91 5988
-1
-1
91 5949
-1
49
91 5980
-1
-1
91 5991
-1
56
-1
91 5940
-1
-1
91 5965
-1
-1
91 5994
-1
-1
90 5937
-1
-1
91 5924
-1
-1
-1
90 5949
-1
-1
89 5968
-1
-1
90 5954
-1
-1
89 5921
-1
-1
91 6000
-1
-1
-1
92 5983
-1
-1
92 5977
-1
-1
92 5948
-1
-1
92 5981
-1
-1
91 5976
-1
-1
-1
91 5928
-1
-1
91 5936
-1
-1
91 5997
-1
-1
90 5980
-1
-1
90 5998
-1
-1
-1
88 5955
-1
-1
87 5936
-1
-1
89 5951
-1
-1
90 5929
-1
-1
92 5985
-1
-1
-1
94 5961
-1
-1
93 5933
-1
-1
93 5983
-1
-1
93 5991
-1
-1
94 5990
-1
55
-1
94 5931
-1
-1
95 5969
-1
-1
94 5988
-1
-1
92 5962
-1
-1
90 5977
-1
-1
-1
90 5980
-1
-1
90 5949
-1
-1
91 5974
-1
-1
90 5966
-1
-1
91 5951
-1
-1
-1
89 5956
-1
-1
90 5969
-1
-1
90 5930
-1
-1
90 5959
-1
-1
91 5999
-1
-1
-1
91 5971
-1
-1
92 5995
-1
-1
92 5971
-1
-1
92 5964
-1
-1
92 5923
-1
-1
-1
92 5968
-1
-1
93 5954
-1
-1
94 5991
-1
-1
93 5969
-1
-1
92 5963
-1
-1
-1
90 5922
-1
-1
90 5971
-1
-1
91 5972
-1
-1
92 5968
-1
-1
91 5951
-1
-1
-1
91 5960
-1
-1
91 6000
-1
-1
91 5968
-1
-1
92 5976
-1
-1
93 5955
-1
-1
-1
93 5974
-1
-1
93 6000
-1
-1
93 5971
-1
-1
93 5993
-1
-1
92 5941
-1
-1
-1
94 5974
-1
-1
93 5934
-1
-1
94 5979
-1
-1
93 5960
77
-1
94 5970
-1
-1
-1
93 5977
-1
-1
91 5950
-1
-1
91 5992
-1
-1
92 5946
-1
-1
92 5969
-1
-1
43
90 5968
-1
-1
90 5918
-1
-1
90 5931
-1
-1
92 5964
-1
-1
93 5981
-1
-1
-1
93 5973
-1
-1
94 5988
-1
-1
94 5996
-1
-1
94 5936
-1
-1
95 5961
-1
-1
-1
96 5973
-1
-1
95 5938
-1
-1
95 5990
-1
-1
95 5952
-1
48
96 5979
-1
-1
-1
97 5974
-1
-1
97 5992
-1
-1
96 5992
-1
-1
95 5980
-1
-1
93 5992
-1
-1
-1
92 5953
-1
-1
93 5987
-1
-1
90 5984
-1
-1
91 5975
-1
-1
90 5975
-1
-1
-1
88 5987
-1
-1
88 5993
-1
-1
88 5957
-1
-1
87 5930
-1
-1
89 5999
-1
-1
-1
90 5958
-1
-1
92 5998
-1
-1
90 5965
-1
-1
89 5951
-1
-1
90 5970
-1
-1
51
91 5960
-1
-1
91 5983
-1
-1
92 5936
-1
-1
93 5991
-1
-1
92 5972
-1
-1
-1
89 5981
-1
-1
89 5922
-1
-1
90 5992
-1
-1
89 5995
-1
-1
89 5935
-1
-1
-1
90 5965
-1
-1
88 5941
-1
-1
89 5971
-1
-1
89 5978
-1
-1
90 5975
-1
-1
-1
92 5985
-1
-1
93 5999
-1
-1
93 5999
-1
-1
94 5990
-1
-1
94 5979
-1
-1
-1
94 5988
-1
-1
93 5962
-1
-1
94 5977
-1
-1
93 5943
-1
-1
93 5984
-1
-1
61
93 5962
-1
-1
94 5968
-1
-1
93 5966
-1
-1
92 5974
-1
-1
92 5980
-1
-1
-1
92 5927
-1
-1
92 5968
-1
-1
92 5975
-1
-1
93 5939
-1
-1
92 5960
-1
-1
-1
92 5994
-1
-1
93 5966
-1
-1
93 5933
-1
-1
93 5965
-1
-1
93 5926
-1
-1
-1
90 5939
-1
-1
91 5959
-1
-1
91 5988
-1
-1
91 5953
-1
-1
90 5970
-1
-1
-1
90 5958
-1
-1
90 5966
-1
-1
91 5978
-1
-1
91 5963
-1
-1
91 5935
-1
-1
-1
92 5976
-1
89
90 5959
-1
-1
91 5978
-1
-1
90 5958
-1
-1
91 5968
43
-1
-1
92 6000
-1
-1
90 5980
-1
-1
90 5987
-1
-1
90 5986
-1
-1
90 5974
-1
-1
-1
92 5960
-1
-1
92 5999
-1
-1
93 5979
-1
-1
92 5941
-1
-1
92 5959
-1
-1
-1
92 5968
-1
-1
92 5976
-1
-1
93 5931
-1
-1
93 5970
-1
-1
94 5960
-1
-1
-1
93 5973
-1
-1
92 5963
-1
-1
91 5982
-1
-1
90 5978
-1
-1
91 5971
-1
-1
-1
93 5975
-1
-1
92 5956
-1
-1
91 5987
-1
-1
88 5928
-1
-1
89 5961
-1
-1
-1
88 5960
-1
-1
89 5938
-1
-1
90 5931
-1
-1
91 5961
-1
-1
90 5981
-1
-1
-1
89 5931
-1
-1
90 5954
-1
-1
91 5951
-1
-1
92 5962
-1
-1
93 5951
-1
-1
-1
93 5944
-1
-1
93 5941
-1
-1
94 5964
-1
-1
94 5991
-1
-1
94 5981
-1
-1
-1
93 5960
-1
-1
93 5948
-1
-1
93 5945
-1
-1
93 5968
-1
-1
93 5987
-1
-1
-1
92 5948
-1
-1
91 5978
-1
-1
91 5979
-1
-1
92 5970
-1
-1
90 5965
-1
-1
-1
91 5962
-1
-1
90 5980
-1
-1
90 5941
-1
-1
90 5959
-1
-1
91 5985
-1
-1
-1
91 5941
-1
-1
92 5979
-1
-1
91 5998
-1
-1
91 5954
-1
-1
92 5988
-1
-1
-1
92 5965
-1
-1
91 5962
-1
-1
92 5961
-1
-1
92 5953
-1
-1
91 5959
-1
-1
-1
90 5959
-1
-1
91 5958
-1
-1
92 5984
-1
-1
91 5998
-1
-1
91 5984
-1
-1
-1
93 5984
-1
-1
92 5976
-1
-1
92 5994
-1
-1
92 6000
-1
-1
92 6000
-1
-1
-1
93 5968
-1
-1
93 5949
-1
-1
94 5994
-1
-1
94 5978
-1
-1
95 5984
-1
-1
-1
93 5940
-1
-1
94 5993
-1
-1
95 5955
-1
-1
96 5950
-1
55
95 5960
-1
-1
-1
93 5976
-1
-1
94 5992
-1
-1
93 5928
-1
-1
92 5974
-1
-1
93 5972
-1
-1
-1
95 5947
-1
-1
94 5992
-1
-1
95 5967
-1
-1
95 5987
-1
70
94 5945
-1
-1
-1
94 5934
-1
-1
94 5959
-1
-1
94 5942
-1
-1
95 5990
-1
-1
94 5979
-1
-1
-1
93 5999
-1
-1
93 5971
-1
-1
93 5955
-1
-1
93 5973
-1
-1
94 5980
-1
-1
-1
94 5945
-1
-1
93 5957
-1
-1
94 5996
-1
-1
93 5977
-1
-1
93 5924
-1
-1
-1
93 5964
-1
-1
92 5971
-1
-1
92 5937
-1
-1
93 5970
-1
-1
92 5963
-1
-1
-1
92 5970
-1
-1
91 5944
-1
-1
91 5962
-1
-1
90 5994
-1
-1
89 5913
-1
-1
-1
88 5942
-1
-1
88 5998
-1
-1
86 5955
-1
-1
88 5984
-1
-1
88 5919
-1
-1
-1
89 5948
-1
-1
90 5921
-1
-1
90 5932
-1
-1
92 5977
-1
-1
92 5928
-1
-1
-1
93 5934
-1
-1
94 5952
-1
-1
93 5970
-1
-1
92 5985
-1
-1
92 5999
-1
-1
-1
90 5968
-1
-1
91 5986
-1
-1
90 5984
-1
-1
89 5954
-1
-1
89 5986
-1
-1
-1
90 5996
-1
-1
90 5994
-1
-1
91 5995
-1
61
91 5964
-1
-1
91 5955
-1
-1
-1
92 5950
-1
-1
92 5989
-1
-1
93 5934
-1
-1
95 5968
-1
-1
93 5964
-1
-1
-1
94 5991
-1
-1
92 5939
-1
-1
92 5954
-1
-1
92 5956
-1
-1
92 5967
-1
-1
-1
93 5990
-1
-1
91 5981
-1
-1
91 5971
-1
-1
91 5939
-1
-1
89 5967
-1
-1
-1
90 5943
-1
-1
91 5949
-1
-1
91 5984
-1
-1
92 5988
-1
-1
92 5971
-1
-1
-1
95 5983
-1
-1
95 5976
-1
-1
93 5959
-1
-1
93 5959
-1
-1
93 5988
-1
-1
-1
92 5972
-1
-1
91 5938
-1
-1
90 5951
-1
-1
89 5983
-1
-1
88 5984
-1
-1
-1
87 5947
-1
-1
88 5974
-1
-1
88 5920
-1
-1
89 5985
-1
-1
89 5963
-1
-1
-1
90 5981
-1
-1
90 5952
-1
-1
91 5988
-1
-1
90 5993
-1
-1
90 5991
-1
-1
-1
90 5940
-1
-1
90 5995
-1
-1
91 5948
-1
-1
91 5942
-1
-1
91 5952
-1
-1
-1
90 5971
-1
-1
91 5953
-1
-1
91 5964
-1
-1
91 5974
-1
-1
92 5987
-1
-1
-1
92 5935
-1
-1
92 5961
-1
-1
92 5924
-1
-1
92 5997
-1
-1
92 5955
-1
-1
-1
92 5989
-1
-1
92 5913
-1
-1
93 5994
-1
-1
91 5958
-1
-1
92 5962
-1
-1
-1
94 5991
-1
-1
94 5961
-1
-1
94 5976
-1
-1
93 5991
-1
-1
93 5988
-1
-1
-1
94 5942
-1
-1
93 5925
-1
-1
94 5930
-1
-1
94 5951
-1
-1
94 5936
-1
-1
-1
95 5950
-1
-1
95 5929
-1
-1
96 5954
-1
-1
97 5969
-1
-1
96 5960
-1
-1
-1
94 5989
-1
-1
92 5994
-1
-1
92 5987
-1
-1
91 5959
-1
-1
91 5985
-1
-1
-1
91 5973
-1
-1
91 5943
-1
-1
89 5916
-1
-1
88 5960
-1
-1
89 5946
-1
-1
-1
90 5957
-1
-1
90 5965
-1
-1
91 5983
-1
-1
91 5962
-1
-1
90 5963
-1
-1
-1
89 5986
-1
-1
88 5918
-1
-1
89 5939
-1
-1
90 5959
-1
-1
90 5950
-1
-1
-1
91 5961
-1
-1
90 5960
-1
-1
88 5967
-1
-1
90 5993
-1
-1
90 5934
-1
-1
-1
92 5987
-1
-1
91 5947
-1
-1
91 5933
-1
-1
91 5974
-1
-1
89 5943
-1
-1
-1
89 5999
-1
-1
89 5997
-1
-1
88 5960
-1
-1
88 5979
-1
-1
89 5996
-1
-1
-1
90 5956
-1
-1
90 5947
-1
-1
91 5922
-1
-1
93 5979
-1
-1
93 5942
-1
-1
-1
93 5961
-1
-1
93 5991
-1
-1
93 5944
-1
-1
92 5979
-1
-1
93 5988
-1
-1
-1
92 5916
-1
-1
92 5976
-1
-1
93 5978
-1
-1
93 5976
-1
-1
95 5982
-1
-1
-1
94 5944
-1
-1
95 5994
-1
-1
95 5937
-1
-1
96 5971
-1
-1
96 5933
-1
-1
-1
94 5971
-1
61
94 5987
-1
-1
95 5976
-1
-1
94 5983
-1
-1
94 5989
-1
-1
-1
95 5960
-1
-1
95 5972
-1
-1
95 5919
-1
-1
95 5954
-1
-1
94 5932
-1
-1
-1
94 5995
-1
-1
94 6000
-1
-1
94 5992
-1
-1
94 6000
-1
-1
92 5958
-1
-1
-1
92 5959
-1
-1
92 5999
-1
-1
92 5992
-1
-1
93 5996
-1
-1
95 5989
-1
-1
-1
96 5987
-1
-1
96 5997
-1
87
95 5943
-1
-1
94 5991
-1
-1
93 5962
-1
-1
-1
92 5967
-1
-1
91 5951
-1
-1
90 5967
-1
-1
89 5979
-1
-1
89 5959
-1
-1
-1
87 5951
-1
-1
87 5935
-1
-1
88 5961
-1
-1
88 5962
-1
-1
90 5979
-1
-1
-1
91 5996
-1
-1
91 5927
-1
-1
92 5964
-1
-1
92 6000
-1
-1
93 5959
-1
-1
-1
92 5951
-1
-1
92 5960
-1
-1
93 5986
-1
-1
92 5963
-1
-1
92 5953
-1
-1
-1
91 5989
-1
-1
92 5961
-1
-1
91 5950
-1
-1
90 5968
-1
-1
91 5953
-1
-1
-1
92 5957
-1
-1
91 5958
79
-1
91 5993
-1
-1
91 5930
-1
-1
92 5945
-1
-1
-1
91 5937
-1
-1
92 5918
-1
-1
94 5965
-1
-1
93 5963
-1
-1
94 5968
-1
-1
-1
94 5932
-1
-1
95 5980
-1
-1
94 5975
-1
-1
93 5972
-1
-1
93 5997
-1
-1
-1
89 5952
-1
-1
89 6000
-1
-1
89 5963
-1
-1
88 5969
-1
-1
87 5930
-1
-1
-1
86 5938
-1
-1
87 5975
-1
-1
87 5929
-1
-1
87 5980
-1
-1
87 5964
-1
-1
-1
90 5974
-1
-1
89 5970
-1
-1
90 5936
-1
-1
90 5966
-1
-1
91 5986
-1
-1
-1
90 5982
-1
-1
89 5962
-1
-1
89 5929
-1
-1
90 5962
-1
-1
90 5953
-1
-1
-1
90 5963
-1
-1
90 5994
-1
-1
90 5973
-1
-1
90 5963
-1
-1
90 5955
-1
-1
-1
90 5936
-1
-1
91 5991
-1
-1
90 5937
-1
-1
91 5993
-1
-1
90 5976
-1
-1
-1
92 5932
-1
-1
92 5952
-1
-1
92 5940
-1
-1
93 5966
-1
-1
93 5943
-1
-1
-1
95 5921
-1
-1
94 5943
-1
-1
93 5975
-1
-1
93 5973
-1
-1
92 5981
-1
-1
-1
92 5981
-1
-1
92 5959
-1
-1
92 5953
-1
-1
91 5993
-1
-1
89 5992
-1
-1
-1
89 5989
-1
-1
90 5982
-1
-1
90 5939
-1
-1
90 5968
-1
-1
90 5954
-1
-1
-1
89 5985
-1
-1
88 5979
-1
-1
88 5934
-1
-1
90 5956
-1
-1
91 5974
-1
-1
-1
90 5997
-1
-1
90 5978
-1
-1
89 5976
-1
-1
88 5982
-1
-1
87 5955
-1
-1
-1
90 5949
-1
-1
89 5993
-1
-1
89 5962
-1
-1
89 5988
-1
-1
89 5994
-1
-1
-1
91 5953
-1
-1
92 5923
-1
-1
94 5973
-1
-1
94 5957
-1
-1
93 5997
-1
-1
-1
93 5977
-1
-1
92 5953
-1
-1
93 5972
-1
-1
93 5995
-1
-1
91 5995
-1
-1
-1
89 5948
-1
-1
89 6000
-1
-1
89 5984
-1
-1
89 5987
-1
-1
88 5953
-1
-1
-1
89 5980
-1
-1
88 5959
-1
-1
88 5968
-1
-1
88 5958
-1
-1
89 5996
-1
-1
-1
88 5953
-1
-1
88 5958
-1
-1
89 5941
-1
-1
90 5977
-1
-1
89 5957
-1
-1
-1
88 5953
-1
-1
88 5937
-1
-1
87 5964
-1
-1
86 5931
-1
-1
87 5954
-1
-1
-1
89 5948
-1
-1
89 5954
-1
-1
90 5930
-1
-1
89 5936
-1
-1
90 5948
-1
-1
-1
91 5937
-1
-1
92 5964
-1
-1
93 5995
-1
-1
92 5943
-1
-1
91 5990
-1
-1
-1
89 5967
-1
-1
89 5962
-1
-1
90 5977
-1
-1
90 5937
-1
-1
91 5962
-1
-1
-1
93 5973
-1
-1
94 5954
-1
-1
94 5957
-1
-1
95 5931
-1
-1
94 5978
-1
-1
-1
94 5983
-1
-1
95 5970
-1
-1
95 5953
-1
-1
94 5974
-1
-1
92 5962
-1
-1
-1
91 5995
-1
-1
91 5951
-1
-1
91 5940
-1
-1
92 5964
-1
-1
93 5988
-1
-1
-1
93 5973
-1
-1
93 5958
-1
-1
93 5954
-1
-1
94 5987
-1
-1
93 5988
-1
-1
-1
93 5952
-1
-1
92 5918
-1
-1
93 5972
-1
-1
92 5979
-1
-1
91 5983
-1
-1
-1
89 5942
-1
-1
90 5944
-1
-1
91 5952
-1
-1
91 5950
-1
-1
92 5991
-1
-1
-1
91 5959
-1
-1
91 5950
-1
-1
92 5960
-1
-1
93 5945
-1
-1
94 5929
-1
-1
-1
93 5920
-1
-1
93 5975
-1
-1
93 5939
-1
-1
94 5986
-1
-1
93 5947
-1
-1
-1
95 5969
-1
-1
94 5977
-1
-1
93 5956
-1
-1
93 5968
-1
-1
93 5994
-1
-1
-1
93 5935
-1
-1
92 5955
-1
-1
91 5957
-1
-1
91 5931
-1
-1
91 5999
-1
-1
-1
91 5982
-1
-1
91 5947
-1
-1
92 5960
-1
-1
92 5996
-1
-1
92 5960
-1
-1
-1
93 5996
-1
-1
92 5938
-1
-1
92 5975
-1
-1
92 5948
-1
-1
92 5982
-1
-1
-1
91 5960
-1
-1
90 5977
-1
-1
89 5942
-1
-1
89 5974
-1
-1
90 5963
-1
-1
-1
90 5997
-1
-1
90 5991
-1
-1
90 5958
-1
-1
90 5991
-1
-1
90 5977
-1
-1
-1
91 5989
-1
-1
92 5969
-1
-1
92 5936
-1
-1
91 5952
-1
-1
91 5986
-1
-1
-1
91 5973
-1
-1
90 5984
-1
-1
89 5966
-1
-1
89 5964
-1
-1
88 5917
-1
-1
-1
89 6000
-1
-1
89 5964
-1
-1
90 5984
-1
-1
90 5938
-1
-1
91 5957
-1
-1
-1
92 5981
-1
-1
91 5995
-1
-1
91 5942
-1
-1
92 5976
-1
-1
93 5938
-1
-1
-1
91 5987
-1
-1
91 5965
-1
-1
91 5993
-1
-1
91 5937
-1
-1
89 5925
-1
-1
-1
92 5932
-1
-1
92 5968
-1
-1
90 5914
-1
-1
91 5980
-1
-1
92 5997
-1
-1
-1
90 5984
-1
-1
90 5951
-1
-1
90 5997
-1
-1
91 5997
-1
-1
90 5951
-1
-1
-1
89 5923
-1
-1
90 5987
-1
-1
88 5965
-1
-1
89 5967
-1
-1
89 5954
-1
-1
-1
91 5928
-1
-1
91 5932
-1
-1
92 5966
-1
-1
92 5986
-1
-1
92 5991
-1
-1
-1
92 5937
-1
-1
93 5988
-1
-1
93 5946
-1
-1
94 5998
-1
-1
93 5952
-1
-1
-1
92 5965
-1
-1
92 5996
-1
-1
92 5989
-1
-1
93 5979
-1
-1
94 5998
-1
-1
-1
93 5998
-1
-1
91 5944
-1
-1
91 5958
-1
-1
91 5946
-1
-1
91 5968
-1
-1
-1
92 5993
-1
-1
92 5955
-1
-1
91 5953
-1
-1
91 5989
-1
-1
91 5943
-1
-1
-1
93 6000
-1
-1
93 5948
-1
-1
92 5965
-1
-1
91 5992
-1
-1
90 5917
-1
-1
-1
89 5961
-1
-1
89 5948
-1
-1
89 5980
-1
-1
87 5988
-1
-1
86 5972
-1
-1
-1
87 5978
-1
-1
87 5941
-1
-1
89 5972
-1
-1
89 5987
-1
-1
88 5966
-1
-1
-1
90 5962
-1
-1
90 5975
-1
-1
92 5948
-1
-1
94 5998
-1
-1
95 5999
-1
-1
-1
94 5957
-1
-1
93 5994
-1
-1
93 5972
-1
-1
94 5967
-1
-1
94 5994
-1
-1
-1
93 5959
-1
-1
92 5999
-1
-1
91 5936
-1
-1
92 5953
-1
-1
92 5993
-1
-1
-1
91 5994
-1
-1
91 5996
-1
-1
92 5978
-1
-1
91 5923
-1
-1
91 5944
43
-1
-1
91 5954
-1
-1
91 5977
-1
-1
90 5955
-1
-1
90 5964
-1
-1
91 5996
-1
-1
-1
91 5989
-1
-1
90 5979
-1
-1
90 5984
-1
-1
90 5950
-1
-1
91 5956
-1
-1
-1
91 5985
-1
-1
90 5995
-1
-1
89 5996
-1
56
90 5961
-1
-1
90 5945
-1
-1
-1
89 5978
-1
-1
89 5927
-1
-1
90 5978
-1
-1
89 5941
-1
-1
89 5993
-1
-1
-1
90 5969
-1
-1
89 5999
-1
-1
90 5960
-1
-1
89 5945
46
-1
90 5933
-1
-1
-1
91 5993
-1
-1
88 5968
-1
-1
89 6000
-1
-1
89 5937
-1
-1
89 5950
-1
-1
-1
89 5985
-1
-1
87 5969
-1
-1
88 5993
-1
-1
86 5921
-1
-1
86 5962
-1
-1
-1
89 5980
-1
-1
89 5937
-1
-1
88 5979
-1
-1
87 5925
-1
-1
89 5993
-1
-1
-1
88 5954
-1
-1
89 5940
-1
-1
89 5957
-1
-1
91 5968
-1
-1
91 5973
-1
-1
-1
89 5943
-1
-1
90 5962
-1
-1
92 5997
-1
-1
92 5964
-1
-1
91 5942
-1
-1
-1
93 5981
-1
-1
93 5974
-1
-1
92 5953
-1
-1
92 5973
-1
-1
92 5967
-1
-1
-1
93 5967
-1
-1
92 5996
-1
-1
91 5960
-1
-1
92 5937
-1
-1
92 5940
-1
-1
-1
92 5999
52
-1
91 5932
-1
-1
91 5980
-1
-1
92 5937
-1
-1
92 5944
-1
-1
-1
93 5965
-1
-1
95 5997
-1
-1
92 5928
-1
-1
92 5985
-1
-1
91 5952
-1
-1
-1
91 5936
-1
-1
92 5972
-1
-1
91 5983
-1
-1
90 5949
-1
-1
90 5996
-1
-1
-1
90 5954
-1
-1
91 5953
-1
-1
92 5940
-1
-1
92 5934
-1
-1
93 5968
-1
-1
-1
92 5960
-1
-1
92 5949
-1
-1
92 5933
-1
-1
92 5967
-1
-1
91 5997
-1
-1
-1
91 5941
-1
-1
90 5958
-1
-1
91 5953
-1
-1
91 5942
-1
-1
91 5942
-1
-1
-1
92 5969
-1
-1
92 5985
-1
-1
92 5971
-1
-1
92 5926
-1
-1
91 5921
-1
-1
-1
93 5990
-1
-1
94 5970
-1
-1
93 5986
-1
-1
92 5953
-1
-1
93 5958
-1
-1
-1
94 5928
-1
-1
95 5941
-1
-1
95 5999
-1
-1
95 5970
-1
-1
96 5972
-1
-1
-1
95 5997
-1
-1
93 5981
-1
-1
94 5953
-1
-1
93 5933
-1
-1
92 5996
-1
-1
-1
90 5960
-1
-1
90 5966
-1
-1
89 5962
-1
-1
89 5921
-1
-1
89 5948
-1
-1
-1
90 5959
-1
-1
89 5973
-1
-1
89 5928
-1
-1
90 5949
-1
-1
90 5967
-1
-1
-1
91 6000
-1
-1
92 5994
-1
-1
90 5932
-1
-1
90 5945
-1
-1
91 5970
-1
-1
-1
92 5943
-1
-1
92 5927
-1
-1
93 5923
-1
-1
94 5985
-1
-1
93 5962
-1
-1
-1
91 5987
-1
-1
92 5991
-1
-1
92 5938
-1
-1
91 5987
-1
-1
90 5997
-1
-1
-1
89 5924
-1
-1
88 5932
-1
-1
87 5989
-1
-1
87 5960
-1
-1
86 5963
-1
-1
-1
87 5973
-1
-1
86 5973
-1
-1
86 5968
-1
-1
87 5991
-1
-1
86 5986
-1
-1
-1
86 5953
-1
-1
88 5916
-1
-1
88 5937
-1
-1
91 5997
-1
-1
90 5985
-1
-1
-1
90 5940
-1
-1
91 5962
-1
-1
91 5990
-1
-1
92 5982
-1
-1
92 5991
-1
-1
-1
95 5973
-1
-1
94 5968
-1
-1
94 5972
-1
-1
93 5921
-1
-1
93 5971
-1
-1
-1
95 5997
-1
-1
95 5999
-1
-1
95 5949
-1
-1
94 5947
-1
-1
94 5987
-1
-1
-1
93 5994
-1
-1
93 5937
-1
-1
92 5989
-1
-1
92 5955
-1
-1
91 5943
-1
-1
-1
92 5980
-1
-1
91 5934
-1
-1
92 5950
-1
-1
93 5976
-1
-1
93 5968
-1
-1
-1
93 5996
-1
-1
93 5944
-1
-1
94 5951
-1
-1
94 5922
-1
-1
94 5950
-1
-1
-1
94 5982
-1
-1
94 5993
-1
-1
93 5986
-1
-1
93 5976
-1
-1
92 5963
-1
-1
-1
95 5994
-1
-1
94 5995
-1
-1
93 5974
-1
-1
92 5932
-1
-1
92 5977
-1
-1
-1
93 5966
-1
-1
93 5995
-1
-1
92 5955
-1
-1
93 5926
-1
-1
93 5935
-1
-1
-1
93 5958
-1
-1
94 5983
-1
-1
95 5987
-1
-1
95 5933
-1
-1
95 5971
-1
-1
-1
95 5988
-1
-1
94 5929
-1
-1
93 5926
-1
-1
94 5990
-1
-1
92 5953
-1
-1
-1
92 5983
-1
-1
90 5989
-1
-1
89 5920
-1
-1
90 5976
-1
-1
90 5939
-1
-1
-1
89 5943
-1
-1
90 5992
-1
-1
91 5922
-1
-1
93 5961
-1
-1
93 6000
-1
-1
-1
92 5977
-1
-1
91 5967
-1
-1
91 5926
-1
-1
91 5963
-1
-1
91 5964
-1
-1
-1
92 5981
-1
-1
90 5947
-1
-1
89 5948
-1
-1
91 5998
-1
-1
90 5929
-1
-1
-1
92 5989
-1
-1
92 5946
-1
-1
92 5930
-1
-1
92 5946
-1
-1
94 5980
-1
-1
-1
94 5968
-1
-1
95 5990
-1
-1
94 5937
-1
-1
95 5960
-1
-1
96 5983
-1
-1
-1
95 5967
-1
-1
95 5943
-1
-1
96 5985
-1
-1
95 5995
-1
-1
94 5964
-1
-1
-1
93 5976
-1
-1
94 5993
-1
-1
93 5972
-1
-1
92 5939
-1
-1
93 5946
-1
-1
-1
95 5969
-1
-1
96 5998
-1
-1
95 5952
-1
-1
95 5967
-1
-1
95 5961
-1
-1
-1
96 5989
-1
-1
95 5960
-1
-1
95 5968
-1
-1
96 5997
-1
-1
94 5966
-1
-1
-1
91 5967
-1
-1
91 5986
-1
-1
90 5925
-1
-1
89 5998
-1
-1
89 5965
-1
-1
-1
88 5990
-1
-1
87 5956
-1
-1
87 5928
-1
-1
89 5992
-1
-1
89 5973
-1
-1
-1
89 5929
-1
-1
90 5987
-1
-1
89 5937
-1
-1
89 5989
-1
-1
91 5978
-1
-1
-1
92 5961
-1
-1
94 5996
-1
-1
94 5966
-1
-1
92 5915
-1
-1
93 5940
-1
-1
-1
94 5974
-1
-1
95 5938
-1
-1
95 5922
-1
-1
94 5954
-1
-1
94 5963
-1
-1
-1
91 5944
-1
-1
91 5962
-1
-1
92 5981
-1
-1
92 5954
-1
-1
92 5987
-1
-1
-1
89 5941
-1
-1
89 5954
-1
-1
89 5981
-1
-1
90 5998
-1
-1
91 5971
-1
-1
-1
91 5984
-1
-1
91 5954
-1
-1
90 5966
-1
-1
90 5969
-1
-1
91 5975
-1
-1
-1
88 5963
-1
-1
89 5943
-1
-1
89 5962
-1
-1
88 5932
-1
-1
88 5974
-1
-1
-1
89 5949
-1
-1
90 5938
-1
-1
91 5997
-1
-1
90 5951
-1
-1
90 5980
-1
-1
-1
92 5995
-1
77
92 5999
-1
-1
92 5968
-1
-1
93 5995
-1
-1
92 5966
-1
-1
-1
92 5980
-1
-1
91 5928
-1
-1
93 5969
-1
-1
93 5963
-1
-1
93 5997
-1
-1
-1
93 5962
-1
-1
95 5964
-1
-1
95 5984
-1
-1
95 5953
-1
-1
95 5959
-1
-1
-1
94 5928
-1
-1
94 5978
-1
-1
94 5949
-1
-1
94 5952
-1
-1
94 5988
-1
-1
-1
92 5974
-1
-1
91 5937
-1
-1
90 5947
-1
-1
89 5926
-1
-1
89 5971
-1
-1
-1
91 5992
-1
-1
92 5984
-1
-1
92 5936
-1
-1
94 5986
-1
-1
94 5964
-1
-1
-1
92 5939
-1
-1
93 5945
-1
-1
93 5921
-1
-1
94 5994
-1
-1
93 5955
-1
-1
-1
93 5963
-1
-1
92 5965
-1
-1
92 5984
-1
-1
91 5953
-1
-1
92 5956
-1
-1
-1
93 5991
-1
-1
94 5986
-1
-1
93 5947
-1
-1
94 5965
-1
-1
94 5994
-1
-1
-1
93 5969
-1
-1
93 5980
-1
-1
92 5973
-1
-1
92 5991
-1
-1
91 5984
-1
-1
-1
90 5985
-1
-1
89 5981
-1
-1
90 5997
-1
-1
89 5932
-1
-1
91 5984
-1
-1
-1
90 5956
-1
-1
91 5986
-1
-1
89 5964
-1
-1
91 5967
-1
-1
90 5918
-1
-1
-1
94 5995
-1
-1
93 5939
-1
-1
93 5983
-1
-1
92 5988
-1
-1
90 5928
-1
-1
-1
91 5938
-1
-1
92 5939
-1
-1
92 5969
-1
-1
93 5998
-1
-1
91 5985
-1
-1
-1
90 5965
-1
-1
91 5948
-1
-1
93 5988
-1
-1
93 5974
-1
-1
94 5949
-1
-1
-1
94 5987
-1
-1
93 5941
-1
-1
94 5970
-1
-1
94 5981
-1
-1
94 5993
-1
-1
-1
93 5942
-1
-1
91 5951
-1
-1
91 5945
-1
-1
90 5924
-1
-1
91 5993
-1
-1
-1
94 5989
-1
-1
92 5969
-1
-1
93 5981
-1
-1
93 5979
-1
-1
91 5947
-1
-1
-1
93 5940
-1
-1
94 5964
-1
-1
94 5967
-1
-1
93 5982
-1
-1
92 5962
-1
-1
-1
89 5995
-1
-1
88 5992
-1
-1
89 5974
-1
-1
89 5944
-1
-1
87 5942
-1
-1
-1
87 5997
-1
-1
87 5981
-1
-1
88 5967
-1
-1
88 5971
-1
-1
88 5980
-1
-1
-1
89 5983
-1
-1
90 5985
-1
-1
90 5940
-1
-1
92 5957
-1
-1
92 5997
-1
-1
-1
89 5932
-1
-1
88 5964
-1
-1
90 5991
-1
-1
90 5934
-1
-1
92 5972
-1
-1
-1
91 5977
-1
-1
91 5961
-1
-1
91 5999
-1
-1
92 5986
-1
-1
92 5933
-1
-1
-1
94 5967
-1
-1
94 5985
-1
-1
93 5985
-1
-1
92 5981
-1
-1
92 5988
-1
-1
-1
93 5997
-1
-1
92 5980
-1
-1
93 5980
-1
-1
94 5996
-1
-1
92 5974
-1
-1
-1
93 5957
-1
-1
93 5951
-1
-1
93 5970
-1
-1
94 5995
-1
-1
93 5997
-1
-1
-1
94 5976
-1
-1
93 5987
-1
-1
93 5959
-1
-1
94 5970
-1
-1
95 5945
-1
-1
-1
94 5960
-1
-1
95 5977
-1
-1
96 5956
-1
-1
98 5996
-1
-1
97 5950
-1
-1
-1
95 5964
-1
-1
95 5966
-1
-1
94 5953
-1
-1
94 5957
-1
-1
95 5996
-1
-1
-1
95 5988
-1
-1
92 5953
-1
-1
91 5957
-1
-1
91 5962
-1
-1
90 5923
-1
-1
-1
91 5991
-1
-1
91 5977
-1
-1
91 5951
-1
-1
90 5976
-1
-1
89 5993
-1
-1
-1
89 5913
-1
-1
90 5986
-1
-1
90 5972
-1
-1
90 5983
-1
-1
91 5980
-1
-1
-1
92 5994
-1
-1
91 5993
-1
-1
92 5986
-1
-1
92 5967
-1
-1
92 5978
-1
-1
-1
93 5982
-1
-1
91 5934
-1
-1
91 5997
-1
-1
91 5978
-1
-1
92 5951
-1
-1
-1
94 5970
-1
-1
93 5990
-1
-1
94 5921
-1
-1
95 5965
-1
-1
95 5997
-1
-1
-1
94 5926
-1
-1
95 5986
-1
-1
95 5967
-1
-1
92 5967
-1
-1
91 5959
-1
-1
-1
92 5969
-1
-1
90 5954
-1
-1
89 5986
-1
-1
89 5934
-1
-1
89 5934
-1
-1
-1
90 5935
-1
-1
90 5967
-1
-1
90 5991
-1
-1
89 5955
-1
-1
89 5977
-1
-1
-1
88 5984
-1
-1
88 5962
-1
-1
88 5961
-1
-1
87 5997
-1
-1
86 5933
-1
-1
-1
87 5951
-1
-1
88 5969
-1
-1
89 5983
-1
-1
88 5953
-1
-1
87 5936
-1
-1
-1
87 5975
-1
-1
89 5976
-1
-1
88 5917
-1
-1
90 5996
-1
-1
90 5934
-1
-1
-1
90 5981
-1
-1
90 5964
-1
-1
91 5954
-1
-1
92 5946
-1
-1
92 5922
-1
-1
-1
93 5946
-1
-1
94 5957
-1
-1
93 5938
-1
-1
94 5997
-1
-1
93 5953
-1
-1
-1
93 5950
-1
-1
94 5958
-1
-1
95 6000
-1
-1
95 5975
-1
-1
94 5964
-1
-1
-1
94 5991
-1
-1
92 5974
-1
-1
92 5991
-1
-1
92 5943
-1
-1
90 5925
-1
-1
-1
90 5960
-1
-1
91 5977
-1
-1
91 5994
-1
-1
92 5937
-1
-1
94 5963
-1
-1
-1
94 5971
-1
-1
95 5992
-1
-1
95 5985
-1
-1
95 5982
-1
-1
95 5967
-1
-1
-1
93 5986
-1
-1
92 5939
-1
-1
92 5966
-1
-1
91 5966
-1
-1
91 5972
-1
-1
-1
93 5952
-1
-1
92 5963
-1
-1
93 5988
-1
-1
94 5956
-1
-1
94 5948
-1
-1
-1
94 5959
-1
-1
95 5982
-1
-1
96 5939
-1
-1
96 5958
-1
-1
96 5956
-1
-1
-1
95 5948
-1
-1
95 5984
-1
-1
94 5986
-1
-1
93 5936
-1
52
95 5966
-1
-1
-1
93 5957
-1
-1
92 5998
-1
-1
92 5989
-1
-1
90 5997
-1
-1
88 5939
-1
-1
-1
90 5954
-1
-1
91 5981
-1
-1
90 5994
-1
-1
90 6000
-1
-1
90 5963
-1
-1
-1
90 5973
-1
-1
90 5959
-1
-1
91 5970
-1
-1
91 5952
-1
-1
90 5922
-1
-1
-1
90 5923
-1
-1
92 5964
-1
-1
91 5938
-1
-1
91 5973
-1
-1
90 5943
-1
-1
80
90 5974
-1
-1
91 5988
-1
-1
91 5950
-1
-1
91 5993
-1
-1
90 5962
-1
-1
-1
89 5914
-1
-1
90 5988
-1
-1
90 5979
-1
-1
90 5932
-1
-1
91 5980
-1
-1
-1
90 5977
-1
-1
89 5966
-1
-1
90 5963
-1
-1
90 5958
-1
-1
91 5977
-1
-1
-1
90 5972
-1
-1
91 5998
-1
-1
89 5931
-1
-1
91 5961
-1
-1
90 5981
-1
-1
-1
91 5942
-1
-1
91 5965
-1
-1
93 5978
-1
-1
92 5998
-1
-1
92 5949
-1
-1
-1
94 5978
-1
-1
94 5962
-1
-1
92 5954
-1
-1
93 5990
-1
-1
93 5957
-1
-1
-1
92 5992
-1
-1
91 5974
-1
-1
91 5959
-1
-1
92 5998
-1
-1
91 5965
-1
-1
-1
91 5978
-1
-1
92 5967
-1
-1
92 5986
-1
-1
93 5934
-1
-1
94 5950
-1
-1
-1
95 5984
-1
-1
94 5949
-1
-1
95 5975
-1
-1
94 5968
-1
-1
95 5984
-1
-1
-1
94 5995
-1
-1
93 5959
-1
-1
92 5958
-1
-1
92 5962
-1
-1
91 5973
-1
-1
-1
91 5972
-1
-1
90 5976
-1
-1
91 5984
-1
-1
90 5943
-1
-1
91 6000
-1
-1
-1
91 5930
-1
-1
91 5953
-1
-1
92 5970
-1
-1
92 5995
-1
-1
91 5943
-1
-1
-1
92 5945
-1
-1
91 5947
-1
-1
91 5938
-1
-1
92 5938
-1
-1
92 5914
-1
-1
-1
93 5930
-1
-1
92 5985
-1
-1
92 5944
-1
-1
94 5994
-1
-1
94 5957
-1
-1
-1
94 5945
-1
-1
94 5957
-1
-1
94 5983
-1
-1
93 5977
-1
-1
94 5984
-1
-1
-1
93 5941
-1
-1
93 5958
-1
-1
93 5981
-1
-1
94 5951
-1
-1
95 5989
-1
-1
-1
93 5952
-1
-1
94 5962
-1
-1
94 5977
-1
-1
94 5972
-1
-1
93 5938
-1
-1
-1
93 5927
-1
-1
94 5993
-1
-1
92 5951
-1
-1
92 5967
-1
-1
91 5981
-1
-1
-1
89 5952
-1
-1
89 6000
-1
-1
89 5935
-1
-1
89 5995
-1
-1
89 5977
-1
-1
-1
88 5922
-1
-1
87 5952
-1
-1
88 5992
-1
-1
89 5977
-1
-1
90 5997
-1
-1
-1
90 5949
-1
-1
90 5988
-1
-1
89 5974
-1
-1
89 5978
-1
-1
90 5927
-1
-1
-1
92 5994
-1
-1
91 5998
-1
-1
90 5944
-1
-1
91 5996
-1
-1
90 5959
-1
52
-1
90 5949
-1
-1
91 5959
-1
-1
91 5995
-1
-1
89 5988
-1
-1
89 5951
-1
-1
-1
91 5960
-1
-1
92 5943
-1
-1
93 5965
-1
-1
93 5982
-1
-1
92 5968
-1
-1
-1
92 6000
-1
-1
92 5987
-1
-1
92 5975
-1
-1
91 5982
-1
-1
92 6000
-1
-1
-1
91 5977
-1
-1
91 5980
-1
-1
92 5987
-1
-1
92 5989
-1
-1
91 5973
-1
-1
-1
91 5989
-1
-1
90 5959
-1
-1
91 5967
-1
-1
90 5995
-1
-1
90 5958
-1
-1
-1
89 5926
-1
-1
90 5955
-1
-1
90 5964
-1
-1
90 5965
-1
-1
89 5933
-1
-1
-1
92 5972
-1
-1
92 5964
-1
-1
92 5960
-1
-1
92 5919
-1
-1
93 5974
-1
-1
-1
91 5934
-1
-1
91 5997
-1
-1
91 5929
-1
-1
92 5977
-1
-1
91 5956
-1
-1
-1
90 5976
-1
-1
91 5978
-1
-1
91 5993
-1
-1
91 5981
-1
-1
89 5929
-1
-1
-1
92 5954
-1
-1
91 5954
-1
-1
92 5980
-1
-1
92 5945
-1
-1
92 5938
-1
-1
-1
91 5992
-1
-1
90 5983
-1
-1
91 5993
-1
-1
91 5976
-1
-1
90 5993
-1
-1
-1
90 5935
-1
-1
90 5983
-1
-1
89 5945
-1
-1
89 5921
-1
-1
89 5939
-1
-1
-1
86 5964
-1
-1
85 5966
-1
-1
85 5960
-1
-1
86 5995
-1
-1
86 5997
-1
-1
-1
86 5972
-1
-1
87 5997
-1
-1
87 5996
-1
-1
87 5996
-1
-1
88 5992
-1
-1
-1
90 5953
-1
-1
91 5936
-1
-1
91 5994
-1
-1
91 5967
-1
-1
92 5976
-1
-1
-1
92 5994
-1
-1
92 5947
-1
-1
93 5963
-1
-1
94 5988
-1
-1
94 6000
-1
-1
-1
93 5972
-1
-1
93 5930
-1
-1
92 5972
-1
-1
91 5976
-1
-1
91 5946
-1
-1
-1
91 5956
-1
-1
91 5977
-1
-1
91 5941
-1
-1
92 5957
-1
-1
94 5938
-1
-1
-1
95 5989
-1
-1
95 5998
-1
-1
95 5998
-1
-1
93 5956
-1
-1
94 5997
-1
-1
-1
92 5928
-1
-1
92 5952
-1
-1
91 5974
-1
-1
91 5987
-1
79
91 5998
-1
-1
-1
90 5942
-1
-1
91 5999
-1
-1
91 5974
-1
-1
92 5994
-1
-1
91 5922
-1
-1
-1
90 5920
-1
-1
91 5985
-1
-1
90 5957
-1
-1
90 5984
-1
-1
90 5974
-1
-1
-1
91 5970
-1
-1
90 5959
-1
-1
91 5961
-1
-1
90 5960
-1
-1
90 5964
-1
-1
-1
91 5926
-1
-1
91 5933
-1
-1
92 5980
-1
-1
91 5938
-1
-1
91 5973
-1
-1
-1
89 5953
-1
-1
90 5978
-1
-1
91 5994
-1
-1
91 5980
-1
-1
90 5972
-1
-1
-1
90 5954
-1
-1
89 5997
-1
-1
89 5933
-1
-1
90 5979
-1
-1
91 5999
-1
-1
-1
92 5989
-1
-1
90 5947
-1
-1
90 5984
-1
-1
89 5963
-1
-1
90 5960
-1
-1
-1
92 5994
-1
-1
92 5973
-1
-1
92 5943
-1
-1
92 5950
-1
-1
91 5988
-1
-1
-1
93 5990
-1
-1
93 5995
-1
-1
92 5934
-1
-1
92 5984
-1
-1
91 5979
-1
-1
-1
88 5959
-1
-1
89 5986
-1
-1
89 5941
-1
-1
90 5953
-1
-1
89 5983
-1
-1
-1
90 5967
-1
-1
91 5981
-1
-1
90 5974
-1
-1
91 5991
-1
-1
93 5996
-1
-1
-1
92 5988
-1
-1
91 5977
-1
-1
91 5974
-1
-1
91 5969
-1
-1
91 5952
-1
-1
-1
90 5958
-1
-1
90 5991
-1
-1
90 5973
-1
-1
87 5942
-1
-1
88 5945
-1
-1
-1
90 5968
-1
-1
90 5983
-1
-1
90 5967
-1
-1
89 5996
-1
-1
88 5945
-1
-1
-1
88 5950
-1
-1
90 5997
-1
-1
90 5922
-1
-1
90 5969
-1
-1
91 5989
-1
-1
-1
90 5963
-1
-1
89 5957
-1
-1
89 5967
-1
-1
89 5985
-1
-1
89 5962
-1
-1
-1
89 5990
-1
-1
89 5970
-1
-1
88 5956
-1
-1
88 5983
-1
-1
90 5999
-1
-1
-1
89 5930
-1
-1
91 5997
-1
-1
92 5978
-1
-1
92 5993
-1
-1
91 5949
-1
-1
-1
92 5940
-1
-1
92 5997
-1
-1
90 5961
-1
-1
90 5989
-1
-1
89 5929
-1
-1
-1
88 5942
-1
-1
89 5992
-1
-1
89 5952
-1
-1
90 5998
-1
-1
89 5988
-1
-1
-1
90 5922
-1
-1
91 5926
-1
-1
92 5956
-1
-1
93 6000
-1
-1
92 5964
-1
-1
-1
91 5958
-1
-1
92 5999
-1
-1
91 5966
-1
-1
92 5998
-1
-1
92 5999
-1
-1
-1
90 5956
-1
-1
89 5951
-1
-1
89 5976
-1
-1
89 5990
-1
-1
88 5938
-1
-1
-1
89 5979
-1
-1
88 5927
-1
-1
87 5970
-1
-1
89 5985
-1
-1
90 5988
-1
-1
-1
92 5976
-1
-1
93 5967
-1
-1
93 5923
-1
-1
95 5990
-1
-1
95 5983
43
-1
-1
93 5955
-1
-1
94 5929
-1
-1
94 5930
-1
-1
93 5971
-1
-1
92 5965
-1
-1
-1
92 5991
-1
-1
91 5965
-1
-1
89 5965
-1
-1
89 5940
-1
-1
90 5952
-1
-1
-1
89 5978
-1
-1
89 5986
-1
-1
89 5935
-1
-1
90 5949
-1
-1
89 5987
-1
-1
-1
88 5950
-1
-1
89 5953
-1
-1
90 5993
-1
-1
89 5961
-1
-1
90 5966
-1
-1
-1
87 5939
-1
-1
88 5960
-1
-1
90 5987
-1
-1
91 5961
-1
-1
91 5970
-1
-1
-1
94 5973
-1
-1
94 5950
-1
-1
94 5970
-1
-1
92 5997
-1
-1
93 5980
-1
-1
-1
92 5928
-1
-1
91 5943
-1
-1
89 5967
-1
-1
90 5968
-1
-1
89 5975
-1
-1
-1
90 5999
-1
-1
91 5996
-1
-1
92 5991
-1
-1
92 5988
-1
-1
91 5936
-1
-1
-1
92 5942
-1
-1
93 5941
-1
-1
92 5972
-1
-1
92 5990
-1
-1
91 5961
-1
-1
-1
89 5967
-1
-1
89 5984
-1
-1
89 5978
-1
-1
90 5971
-1
-1
89 5969
-1
-1
-1
90 5979
-1
-1
90 5963
-1
-1
91 5969
-1
-1
91 5936
-1
-1
92 5979
-1
-1
-1
94 5991
-1
-1
92 5968
-1
-1
91 5976
-1
-1
92 5954
-1
-1
92 5924
-1
-1
-1
92 5995
-1
-1
91 5942
-1
-1
91 5987
-1
-1
90 5914
-1
-1
89 5982
-1
-1
-1
91 5975
-1
-1
91 5959
-1
-1
90 5925
-1
-1
92 5991
-1
-1
91 5964
-1
-1
-1
92 5973
-1
-1
92 5994
-1
-1
91 5970
-1
-1
92 6000
-1
-1
90 5936
-1
-1
-1
92 5980
-1
-1
92 5956
-1
-1
91 5958
-1
-1
92 5988
-1
-1
89 5940
-1
-1
-1
90 5963
-1
-1
90 5938
-1
-1
90 5997
-1
-1
90 5952
-1
-1
91 5961
-1
-1
-1
91 5994
-1
-1
91 5983
-1
-1
91 5940
-1
-1
91 5938
-1
-1
91 5973
-1
-1
-1
90 5950
-1
-1
90 6000
-1
-1
90 5991
-1
-1
89 5963
-1
-1
90 5958
-1
-1
-1
90 5964
-1
-1
90 5974
-1
-1
91 5941
-1
-1
94 5995
-1
-1
94 5974
-1
-1
-1
95 5977
-1
-1
95 5946
-1
-1
96 5938
-1
-1
95 5975
-1
-1
95 5941
-1
-1
-1
96 5927
-1
-1
97 5970
-1
-1
96 5983
-1
-1
95 6000
-1
-1
95 5990
-1
-1
-1
95 5973
-1
-1
95 5990
-1
-1
96 5995
-1
-1
95 5952
-1
-1
94 5988
-1
-1
-1
92 5986
-1
-1
92 5963
-1
-1
93 5985
-1
-1
93 5994
-1
-1
92 5979
-1
-1
-1
90 5969
-1
-1
90 5994
-1
-1
90 5995
-1
-1
88 5951
-1
-1
88 5950
-1
-1
-1
90 5995
-1
-1
89 5998
-1
-1
89 5946
-1
-1
89 5925
-1
-1
91 5970
-1
-1
-1
92 5941
-1
-1
93 5996
-1
-1
94 5975
-1
-1
94 5954
-1
-1
96 5979
-1
-1
-1
95 5948
-1
-1
95 5967
-1
-1
95 5963
-1
-1
94 5935
-1
-1
93 5957
-1
-1
-1
91 5978
-1
-1
90 5959
-1
-1
89 5969
-1
-1
88 5998
-1
-1
88 5952
-1
-1
-1
88 5949
-1
-1
89 5968
-1
-1
90 5935
-1
-1
91 5959
-1
-1
92 5944
-1
-1
-1
92 5964
-1
-1
93 5972
-1
-1
94 5944
-1
-1
93 5925
-1
-1
93 5966
-1
-1
-1
94 5987
-1
-1
93 5946
-1
-1
92 5984
-1
-1
91 5982
-1
-1
91 5978
-1
-1
-1
93 5968
-1
-1
91 5923
-1
-1
92 5961
-1
-1
94 5994
-1
-1
92 5954
-1
-1
-1
92 5980
-1
-1
93 5950
-1
-1
93 5976
-1
-1
93 5951
-1
-1
93 5987
-1
-1
-1
95 5983
-1
-1
94 5952
-1
-1
93 6000
-1
-1
93 5929
-1
-1
93 5960
-1
-1
-1
95 5972
-1
-1
95 5983
-1
-1
96 5999
-1
-1
95 5911
-1
-1
97 5988
-1
-1
-1
94 5934
-1
-1
95 5958
-1
-1
93 5943
-1
-1
93 5965
-1
-1
91 5920
-1
-1
-1
91 5954
-1
-1
91 5936
-1
-1
91 6000
-1
-1
90 5980
-1
-1
90 5994
-1
-1
-1
90 5973
-1
-1
91 5996
-1
-1
91 5946
-1
-1
92 5953
-1
-1
93 5989
-1
-1
-1
93 5965
-1
-1
93 5982
-1
-1
93 5970
-1
-1
93 5955
-1
-1
95 5996
-1
-1
-1
94 5969
-1
-1
95 5988
-1
-1
94 5970
-1
-1
94 5956
-1
-1
93 5988
-1
-1
-1
93 5998
-1
-1
92 5939
-1
-1
92 5969
-1
-1
91 5963
-1
-1
92 5970
-1
-1
-1
89 5967
-1
-1
89 5986
-1
-1
88 5936
-1
-1
89 5992
-1
-1
89 5967
-1
-1
-1
88 5993
-1
-1
86 5955
-1
-1
86 5955
-1
-1
88 5959
-1
-1
89 5997
-1
-1
-1
90 5932
-1
-1
90 5961
-1
-1
90 5970
-1
-1
90 5956
-1
-1
91 5945
-1
-1
-1
93 5957
-1
-1
93 5972
-1
-1
93 5978
-1
-1
92 5946
-1
-1
93 5988
-1
-1
-1
92 5943
-1
-1
93 5969
-1
-1
93 5960
-1
-1
92 5965
-1
-1
92 5928
-1
-1
-1
93 5962
-1
-1
94 5970
-1
-1
93 5961
-1
-1
92 5964
-1
-1
92 5995
-1
86
-1
90 5938
-1
-1
90 5913
-1
-1
91 5968
-1
-1
91 5946
-1
-1
91 5954
-1
-1
-1
90 5933
-1
-1
92 5944
-1
-1
94 5988
-1
-1
95 5994
-1
-1
94 5953
-1
-1
-1
95 5955
-1
-1
95 5956
-1
-1
95 5986
-1
-1
94 5958
-1
-1
93 5945
-1
-1
-1
95 5965
-1
-1
94 5986
-1
-1
93 5968
-1
-1
93 5978
-1
-1
93 5955
-1
-1
-1
93 5982
-1
-1
93 5962
-1
-1
94 5927
-1
-1
95 5978
-1
-1
94 5998
-1
-1
-1
94 5981
-1
-1
95 5955
-1
-1
95 5996
-1
-1
96 5961
-1
-1
94 5928
-1
-1
-1
91 5946
-1
-1
91 5973
-1
-1
91 6000
-1
-1
90 5982
-1
-1
91 5990
-1
-1
-1
89 5976
-1
-1
89 5958
-1
-1
88 5944
-1
-1
89 5998
-1
-1
89 5951
-1
-1
-1
92 5987
-1
-1
92 5947
-1
-1
94 5987
-1
-1
92 5993
-1
-1
93 5946
-1
-1
-1
94 5954
-1
-1
95 5985
-1
-1
95 5934
-1
-1
96 5978
-1
-1
95 5922
-1
-1
-1
94 5978
-1
-1
95 5954
-1
-1
95 5966
-1
-1
94 5963
-1
-1
94 5966
-1
-1
-1
94 5972
-1
-1
94 5935
-1
-1
94 5963
-1
-1
93 5945
-1
-1
92 5932
-1
-1
-1
92 5971
-1
-1
91 5918
-1
-1
92 5956
-1
-1
94 6000
-1
-1
94 5981
-1
-1
-1
91 5944
-1
-1
92 5991
-1
-1
93 5938
-1
-1
93 5923
-1
-1
94 5972
-1
-1
-1
97 5964
-1
-1
96 5988
-1
-1
96 5960
-1
-1
96 5957
-1
-1
97 5959
-1
-1
-1
96 5988
-1
-1
95 5998
-1
-1
94 5965
-1
-1
92 5920
-1
-1
93 5963
-1
-1
-1
91 5981
-1
-1
90 5990
-1
-1
91 5993
-1
-1
90 5945
-1
-1
89 5948
-1
-1
-1
90 5932
-1
-1
89 5970
-1
-1
89 5943
-1
-1
89 5956
-1
-1
89 5990
-1
-1
-1
88 5948
-1
-1
87 5940
-1
-1
87 5925
-1
-1
89 5979
-1
-1
90 5951
-1
-1
-1
90 5956
-1
-1
91 5980
-1
-1
91 5961
-1
-1
91 5987
-1
-1
91 5990
-1
-1
-1
91 5984
-1
-1
91 5983
-1
-1
90 5961
-1
-1
88 5951
-1
-1
90 5985
-1
-1
-1
90 5966
-1
-1
91 5994
-1
-1
91 5941
-1
-1
93 5978
-1
-1
94 5965
-1
-1
-1
96 5974
-1
-1
96 5972
-1
-1
97 5952
-1
-1
97 5995
-1
-1
95 5958
-1
-1
-1
96 6000
-1
-1
96 5977
-1
-1
95 5940
-1
-1
93 5965
-1
-1
92 5952
-1
-1
-1
91 5949
-1
-1
90 5934
-1
-1
90 5949
-1
-1
90 5961
-1
-1
90 5974
-1
-1
-1
89 5987
-1
-1
89 5929
-1
-1
90 5966
-1
-1
90 5965
-1
-1
88 5933
-1
-1
-1
91 5922
-1
-1
92 5960
-1
-1
92 5968
-1
-1
91 5957
-1
-1
92 5963
-1
-1
-1
92 5916
-1
-1
92 5971
-1
-1
92 5971
-1
-1
94 5996
-1
-1
92 5954
-1
-1
-1
90 5941
-1
-1
91 5959
-1
-1
91 5954
-1
-1
90 5952
-1
-1
90 5970
-1
-1
-1
91 5984
-1
-1
89 5934
-1
-1
89 5943
-1
-1
89 5927
-1
-1
91 5996
-1
-1
-1
91 5996
-1
-1
90 5936
-1
-1
92 5992
-1
-1
92 5961
-1
-1
92 5956
-1
-1
-1
93 5994
-1
-1
90 5932
-1
-1
91 5967
-1
-1
90 5972
-1
-1
89 5966
-1
-1
-1
91 5969
-1
-1
90 5980
-1
-1
89 5988
-1
-1
88 5989
-1
-1
88 5937
-1
-1
-1
90 5980
-1
-1
89 5980
-1
-1
90 5970
-1
-1
91 5981
-1
-1
90 5979
-1
-1
-1
90 5938
-1
-1
91 5977
-1
-1
92 5938
-1
-1
93 6000
-1
-1
93 5973
-1
-1
-1
93 5954
-1
-1
92 5974
-1
-1
92 5970
-1
-1
93 5994
-1
-1
92 5952
-1
-1
-1
94 5993
-1
-1
95 5966
-1
-1
95 5998
-1
-1
95 5973
-1
-1
95 5945
-1
-1
-1
97 5960
-1
-1
97 5952
-1
-1
98 5979
-1
-1
97 5981
-1
-1
96 5948
-1
-1
-1
95 5983
-1
-1
93 5976
-1
-1
93 5972
-1
-1
91 5963
-1
-1
90 5953
-1
-1
-1
90 5969
-1
-1
90 5948
-1
-1
90 5975
-1
-1
90 5939
-1
-1
90 5986
-1
-1
-1
88 5961
-1
-1
90 5951
-1
-1
91 5992
-1
-1
90 5986
-1
-1
89 5934
-1
-1
-1
89 5925
-1
-1
90 5937
-1
-1
92 5976
-1
-1
93 5992
-1
-1
93 5992
-1
-1
-1
92 5994
-1
-1
92 5956
-1
-1
93 5959
-1
-1
94 5943
-1
-1
94 5958
-1
-1
-1
94 5966
-1
-1
92 5962
-1
-1
91 5953
-1
-1
92 5964
-1
-1
92 5963
-1
-1
-1
91 5991
-1
-1
89 5973
-1
47
88 5961
-1
-1
87 5919
-1
-1
87 5974
-1
-1
-1
88 5947
-1
-1
88 5935
-1
-1
89 5969
-1
-1
90 5988
-1
-1
90 5978
-1
-1
-1
91 5991
-1
-1
91 5935
-1
58
92 5999
-1
-1
93 5919
-1
-1
92 5931
-1
53
-1
91 5981
-1
-1
90 5996
-1
-1
91 5932
-1
-1
92 5959
-1
-1
92 5998
-1
-1
-1
92 5996
-1
-1
94 5984
-1
-1
93 5952
-1
-1
93 5973
-1
-1
93 5949
-1
-1
-1
95 5977
-1
-1
95 5966
-1
-1
95 5945
-1
-1
95 5952
-1
-1
96 5975
-1
-1
-1
94 5979
-1
-1
93 5944
-1
-1
92 5968
-1
-1
90 5933
-1
-1
89 5969
-1
-1
-1
86 5967
-1
-1
85 5973
-1
-1
85 5965
-1
-1
85 5964
-1
-1
86 5972
-1
-1
-1
86 5967
-1
-1
88 5933
-1
-1
90 5997
-1
-1
91 5956
-1
-1
91 5967
-1
-1
-1
91 5968
-1
-1
91 5981
-1
-1
91 5972
-1
-1
90 5961
-1
-1
89 5924
-1
-1
-1
87 5952
-1
-1
88 5999
-1
-1
87 5998
-1
-1
88 5997
-1
-1
88 5961
-1
-1
-1
88 5992
-1
-1
87 5953
-1
-1
88 5982
-1
-1
88 5950
-1
-1
90 5924
-1
-1
-1
