0 0
113
81
8 1045
169
139
155
26 3390
87
101
34 4429
177
165
42 5438
152
101
50 5946
102
98
58 5928
44
84
120
76 5981
51
73
84 5944
70
44
92 5942
68
45
92 5966
65
87
92 5960
45
87
67
92 5992
-1
-1
91 5964
45
69
90 5921
87
-1
90 5999
-1
45
89 5983
-1
88
46
89 5962
-1
-1
89 5991
-1
81
88 5923
43
85
88 5964
76
-1
87 5932
-1
-1
90
88 5944
-1
-1
89 5959
-1
-1
89 5955
-1
-1
89 5978
-1
47
89 5947
-1
-1
-1
90 5952
-1
-1
90 5959
-1
-1
90 5974
-1
74
90 5951
-1
-1
90 5985
76
89
64
89 5915
-1
50
91 5985
-1
51
91 6000
-1
-1
89 5954
-1
-1
90 5981
66
-1
69
89 5953
-1
-1
89 5954
-1
-1
90 5938
54
-1
90 5972
47
-1
91 5984
-1
46
-1
91 5992
-1
-1
91 5975
-1
-1
91 5994
-1
73
91 5954
-1
-1
92 5969
-1
-1
-1
94 5952
53
49
93 5962
-1
-1
93 5959
-1
-1
94 5959
43
-1
91 5961
41
80
61
92 5958
-1
-1
93 5992
-1
-1
92 5976
70
-1
92 5964
70
-1
91 5979
-1
-1
52
91 5985
-1
-1
92 5992
-1
-1
90 5940
-1
45
91 5946
-1
-1
92 5947
66
-1
-1
91 5947
-1
68
90 5950
-1
-1
91 5999
-1
-1
90 5968
-1
-1
90 5964
-1
-1
-1
90 5930
-1
-1
92 5967
-1
-1
93 5995
-1
-1
92 5948
-1
-1
93 5985
48
-1
-1
94 5943
-1
-1
95 5977
-1
-1
95 5931
-1
-1
95 5974
-1
-1
94 5956
82
-1
69
93 5997
48
-1
92 5934
-1
-1
91 5979
-1
-1
91 5932
-1
-1
92 5958
-1
-1
-1
91 5987
75
-1
91 5981
72
-1
91 5986
45
-1
91 5981
-1
-1
92 5971
-1
-1
-1
92 5931
55
49
92 5913
-1
-1
93 5999
-1
77
92 5981
-1
-1
91 5977
-1
52
-1
91 5966
-1
-1
92 5957
-1
68
92 5959
-1
-1
91 5940
-1
-1
90 5953
-1
-1
-1
91 5956
-1
-1
92 5978
-1
-1
91 5949
90
-1
91 5946
-1
-1
91 5983
-1
-1
-1
91 5992
-1
-1
92 5983
-1
-1
91 5991
-1
-1
91 5980
-1
-1
91 5998
-1
-1
-1
89 5985
-1
-1
91 5973
-1
58
92 5994
-1
-1
92 5939
-1
-1
93 5989
-1
-1
-1
90 5947
-1
-1
92 5989
-1
-1
93 5993
-1
-1
92 5981
-1
-1
91 5945
-1
-1
-1
92 5963
-1
-1
92 5996
-1
-1
92 5979
-1
-1
92 5976
-1
-1
93 5995
-1
-1
-1
93 5983
-1
-1
92 5955
-1
-1
94 5994
-1
-1
94 5979
-1
71
93 5992
-1
-1
-1
90 5969
-1
49
90 5945
-1
-1
90 5996
-1
44
89 5996
87
-1
89 5955
81
-1
-1
89 5958
-1
-1
88 5958
-1
-1
88 5948
-1
-1
89 5962
-1
-1
91 5999
-1
-1
-1
90 5990
-1
-1
91 5968
-1
-1
91 5995
-1
-1
91 5951
-1
-1
92 5954
-1
-1
-1
91 5930
-1
-1
91 5965
-1
-1
91 5996
-1
-1
91 5987
-1
-1
90 5922
68
-1
-1
89 5946
-1
-1
90 5996
-1
-1
88 5937
-1
-1
90 5964
-1
-1
90 5953
-1
-1
-1
91 5933
-1
-1
91 5964
-1
-1
91 5987
-1
-1
92 5950
-1
-1
91 5920
-1
-1
-1
91 5966
-1
-1
90 5973
-1
-1
89 5984
-1
-1
90 5989
-1
-1
91 5962
-1
-1
-1
89 5966
-1
-1
89 5971
-1
-1
89 5992
-1
-1
89 5953
-1
-1
91 5961
-1
-1
-1
92 5932
-1
-1
93 5968
-1
-1
93 5962
-1
-1
91 5958
-1
-1
92 5956
-1
-1
-1
94 5963
-1
-1
94 5980
-1
-1
92 5928
-1
-1
90 5944
-1
-1
90 5945
-1
-1
-1
87 5969
-1
-1
86 5970
-1
-1
86 5970
-1
-1
87 5958
-1
-1
87 5969
-1
-1
-1
89 5990
-1
-1
89 5932
-1
-1
91 5948
-1
-1
90 5999
-1
-1
91 5973
-1
-1
-1
91 5920
-1
-1
93 5984
-1
-1
91 5961
-1
-1
91 5964
-1
-1
91 5966
-1
-1
-1
91 5965
53
-1
91 5949
-1
-1
92 5936
-1
-1
93 5994
-1
-1
93 5986
-1
-1
-1
94 5944
-1
-1
94 5987
-1
50
93 5954
-1
-1
93 5968
-1
-1
93 5981
49
-1
-1
93 5956
-1
-1
93 5989
-1
-1
92 5965
-1
-1
92 5985
-1
-1
91 5924
79
-1
-1
93 5990
-1
-1
93 5989
-1
-1
92 5965
-1
-1
90 5934
-1
-1
90 5975
-1
-1
-1
90 5973
-1
-1
92 5999
-1
-1
91 5956
-1
-1
91 5964
-1
-1
93 5999
-1
-1
-1
92 5972
-1
-1
91 5979
-1
57
92 5964
-1
-1
92 5982
-1
-1
92 5960
-1
-1
-1
90 5977
65
-1
90 5959
-1
-1
91 5965
-1
-1
91 5983
-1
-1
91 5982
-1
-1
73
90 5963
-1
-1
90 5979
-1
-1
88 5921
-1
-1
89 5985
-1
-1
89 5996
-1
-1
-1
88 5975
-1
-1
86 5954
57
-1
87 5950
-1
-1
88 5994
-1
-1
87 5926
-1
-1
-1
89 5940
-1
-1
90 5975
-1
-1
90 5962
-1
-1
90 5953
-1
-1
89 5956
-1
-1
-1
92 5956
-1
-1
92 5990
-1
-1
93 5990
-1
-1
93 5971
-1
-1
92 5941
-1
-1
-1
91 5925
-1
-1
91 5968
-1
-1
91 5942
-1
-1
92 5991
-1
-1
91 5944
-1
-1
-1
89 5984
-1
-1
87 5933
-1
-1
88 5928
-1
-1
90 5949
-1
-1
91 5968
-1
-1
-1
93 5978
-1
-1
92 5982
-1
-1
92 5941
-1
-1
92 5985
-1
-1
91 5929
-1
-1
-1
92 5965
-1
-1
93 5985
-1
-1
93 5970
-1
-1
92 5950
-1
-1
92 5934
-1
-1
-1
92 5926
-1
-1
92 5983
-1
-1
92 5917
-1
-1
93 5952
-1
-1
95 5964
-1
-1
41
94 5983
41
-1
93 5956
-1
-1
92 5966
-1
-1
93 5995
-1
-1
91 5972
-1
-1
-1
93 5942
-1
-1
94 5960
-1
-1
94 5998
-1
-1
94 5984
-1
-1
94 5933
-1
-1
-1
94 5947
-1
-1
96 5999
-1
-1
95 5986
-1
-1
95 5959
-1
-1
95 5968
-1
-1
-1
94 5939
-1
-1
95 5994
-1
-1
94 5983
-1
-1
94 5990
-1
-1
92 5967
-1
-1
-1
94 5975
-1
-1
94 5980
-1
-1
94 5975
-1
-1
94 5955
-1
-1
93 5955
-1
-1
-1
94 5998
-1
-1
93 5972
-1
-1
92 5946
-1
-1
92 5951
-1
-1
92 5948
-1
-1
-1
92 5953
-1
-1
92 5999
-1
-1
93 5986
-1
-1
93 5942
-1
-1
93 5978
-1
-1
-1
92 5921
-1
-1
93 6000
-1
-1
93 5956
-1
-1
92 5971
-1
-1
92 5962
-1
-1
-1
93 5979
47
-1
91 5956
-1
-1
91 5967
-1
-1
91 5989
-1
-1
92 5952
-1
-1
-1
93 5969
-1
-1
93 5961
-1
-1
94 5975
-1
-1
94 5989
-1
-1
93 5994
65
-1
-1
94 5973
-1
-1
94 5925
-1
-1
93 5923
-1
-1
93 5938
-1
-1
95 5987
-1
-1
-1
93 5993
-1
-1
92 5997
-1
-1
92 5984
-1
-1
92 5961
-1
-1
93 5984
-1
-1
-1
91 5967
-1
-1
91 5957
-1
78
91 5953
-1
-1
89 5958
-1
-1
89 5966
-1
-1
-1
91 5997
-1
-1
90 5991
-1
-1
89 5967
-1
-1
89 5948
-1
61
89 5956
-1
-1
-1
89 5946
-1
-1
90 5973
-1
-1
91 5999
-1
-1
92 5998
-1
-1
91 5962
-1
-1
-1
92 5968
-1
-1
92 5949
-1
-1
92 5959
77
-1
91 5917
-1
-1
90 5928
-1
-1
-1
91 5969
-1
-1
92 5935
-1
44
92 5953
-1
-1
93 5967
-1
-1
94 5967
-1
-1
-1
92 5956
-1
-1
91 5936
-1
-1
92 5983
-1
-1
92 5952
-1
-1
92 5934
-1
-1
-1
91 5985
-1
-1
91 5999
-1
-1
90 5999
-1
-1
90 5966
-1
-1
90 5944
-1
-1
-1
90 5950
-1
-1
90 5950
-1
-1
92 5984
-1
-1
90 5959
-1
-1
93 5995
-1
-1
-1
94 5984
-1
-1
93 5953
-1
-1
93 5946
-1
-1
94 5973
-1
-1
95 5939
-1
-1
-1
97 5975
-1
-1
97 5987
-1
-1
97 5932
-1
-1
98 5961
-1
-1
97 5965
-1
-1
-1
97 5985
-1
-1
96 5956
-1
-1
95 5959
-1
-1
94 5968
-1
-1
93 5926
-1
-1
-1
91 5931
-1
-1
91 5996
-1
-1
90 5981
-1
-1
90 5993
-1
-1
88 5984
-1
-1
-1
88 5978
-1
-1
87 5974
-1
-1
87 5966
-1
-1
87 5916
-1
-1
88 5989
-1
-1
-1
86 5931
-1
-1
87 5935
-1
-1
88 5939
-1
-1
89 5959
-1
-1
89 5965
-1
-1
-1
90 5954
-1
-1
91 5982
-1
-1
89 5970
-1
-1
90 5981
-1
-1
92 5953
-1
-1
-1
92 5980
-1
-1
91 5979
-1
-1
90 5943
-1
-1
90 5937
-1
-1
89 5944
-1
-1
-1
89 5997
-1
-1
90 5964
-1
-1
91 6000
-1
-1
88 5954
-1
-1
89 5980
-1
-1
-1
91 5989
-1
-1
91 5990
-1
-1
91 5940
-1
-1
92 5995
-1
-1
93 5957
-1
-1
-1
93 5977
-1
-1
92 5980
-1
-1
92 5955
-1
-1
93 5976
-1
-1
93 5962
-1
-1
-1
89 5957
-1
-1
89 5942
-1
-1
89 5984
-1
-1
89 5962
-1
-1
89 5942
-1
64
-1
90 5956
-1
-1
90 5963
-1
-1
89 5984
-1
-1
90 5961
-1
-1
91 5995
53
-1
-1
93 5957
-1
-1
92 5964
-1
-1
90 5975
-1
-1
90 5947
-1
-1
89 5921
-1
56
-1
89 5949
-1
-1
89 5984
84
-1
88 5970
-1
-1
88 5971
-1
-1
88 5948
-1
-1
-1
89 5920
-1
-1
90 5971
-1
-1
90 5959
-1
-1
90 5931
-1
69
91 5988
-1
-1
-1
90 5957
-1
53
90 5955
-1
-1
90 5980
-1
-1
90 5951
-1
-1
91 5993
-1
-1
-1
91 5989
-1
-1
90 5988
-1
-1
91 5983
-1
-1
92 5974
-1
-1
93 5958
-1
-1
-1
94 5991
-1
-1
94 5969
-1
-1
93 5965
-1
-1
92 5930
-1
-1
92 5996
-1
-1
-1
91 5982
-1
-1
90 5965
-1
-1
88 5973
-1
-1
88 5938
-1
-1
88 5984
-1
-1
-1
89 5998
-1
-1
89 5999
-1
-1
89 5974
-1
-1
90 6000
-1
-1
90 5991
-1
-1
-1
91 5987
-1
-1
91 5951
-1
-1
91 5966
-1
-1
90 5948
-1
-1
90 5976
-1
-1
-1
90 5963
-1
-1
91 5968
-1
-1
91 5978
-1
-1
92 5991
-1
-1
94 5963
-1
-1
-1
92 5989
-1
-1
92 5977
-1
-1
93 5992
-1
-1
95 5969
-1
-1
93 5942
-1
-1
-1
92 5964
-1
-1
93 5976
-1
-1
92 5961
-1
-1
89 5979
-1
-1
90 5965
-1
-1
-1
91 5975
-1
-1
89 5972
-1
-1
87 5975
-1
-1
87 5957
-1
-1
88 5942
-1
-1
-1
88 5969
-1
-1
89 5951
-1
-1
91 5967
-1
-1
91 5988
-1
-1
91 5984
-1
-1
-1
91 5957
-1
-1
93 5982
-1
-1
94 5981
-1
-1
95 5958
-1
-1
96 5995
-1
-1
-1
95 6000
-1
-1
94 5984
-1
-1
92 5939
-1
-1
91 5945
-1
-1
91 5974
-1
-1
68
90 5966
-1
-1
89 5967
-1
-1
90 5981
-1
-1
91 5985
-1
-1
92 5992
-1
-1
-1
91 5961
-1
-1
92 5958
-1
-1
93 5942
-1
-1
94 5950
-1
-1
93 5950
-1
-1
-1
93 5935
-1
-1
93 5964
-1
-1
91 5951
-1
-1
90 5980
-1
-1
90 5967
-1
-1
-1
91 5960
-1
-1
90 5932
-1
-1
90 5974
-1
-1
91 5964
-1
-1
92 5975
-1
-1
-1
90 5965
-1
-1
90 5985
-1
-1
89 5958
-1
-1
90 5990
-1
-1
89 5922
-1
-1
-1
92 5954
-1
-1
94 5993
-1
-1
93 5968
-1
-1
92 5943
-1
-1
94 5976
-1
-1
-1
95 5971
-1
-1
95 5962
-1
-1
95 5950
-1
-1
94 5982
-1
-1
94 6000
-1
-1
-1
91 5996
-1
-1
90 5943
-1
-1
90 5996
-1
-1
88 5931
-1
-1
88 5968
-1
-1
-1
86 5930
-1
-1
87 5961
-1
77
88 5974
-1
-1
87 5995
-1
-1
88 5993
-1
-1
-1
88 5944
-1
-1
89 5982
-1
-1
89 5949
-1
-1
89 5990
-1
-1
90 5995
-1
-1
-1
90 5986
-1
-1
89 5962
-1
-1
89 5976
-1
-1
89 5993
-1
-1
89 5963
-1
-1
-1
90 5975
-1
-1
90 5941
-1
-1
91 5968
-1
-1
91 5995
-1
-1
92 5970
-1
-1
-1
94 5953
-1
-1
95 5962
-1
-1
95 5940
-1
57
95 5962
-1
-1
94 5962
-1
-1
-1
94 5996
-1
-1
95 5960
-1
-1
94 5996
-1
-1
92 5972
-1
-1
91 5976
85
-1
-1
90 5948
-1
-1
89 5963
-1
-1
88 5949
-1
-1
89 5996
-1
-1
88 5972
-1
-1
-1
87 5998
-1
-1
87 5927
-1
-1
87 5921
-1
-1
88 5985
-1
-1
88 5957
-1
-1
-1
92 5991
-1
-1
93 5977
-1
-1
94 5997
-1
-1
94 5995
-1
-1
95 5993
-1
-1
-1
94 5952
-1
-1
94 5930
-1
-1
95 5970
-1
-1
94 5972
-1
-1
94 5993
-1
-1
71
92 6000
-1
-1
91 5963
-1
-1
90 5976
-1
-1
90 5964
-1
-1
90 5942
-1
-1
-1
91 5986
-1
-1
90 5984
-1
-1
91 5940
-1
-1
90 5965
-1
-1
90 5941
-1
-1
-1
90 5984
-1
-1
91 5999
74
-1
90 5930
-1
-1
90 5932
-1
-1
90 5991
-1
-1
-1
90 5997
-1
-1
89 5996
-1
-1
89 5931
-1
-1
91 5941
-1
-1
92 5992
-1
-1
-1
92 5972
-1
-1
91 5946
-1
-1
91 5965
-1
-1
91 5955
-1
-1
92 5925
-1
-1
-1
93 5945
-1
-1
92 5984
-1
-1
91 5930
-1
-1
91 5959
-1
-1
90 5937
-1
-1
-1
92 5977
-1
-1
91 5960
-1
-1
92 5943
-1
-1
92 5994
-1
-1
91 5983
-1
-1
-1
91 5988
-1
-1
90 5987
-1
-1
89 5961
-1
-1
89 5962
-1
-1
88 5935
-1
-1
-1
88 5956
-1
-1
88 5933
-1
-1
89 5966
-1
-1
89 5959
-1
-1
89 5948
-1
-1
-1
90 5945
-1
-1
91 5966
-1
-1
92 5978
-1
-1
92 5937
-1
-1
92 5970
-1
-1
-1
93 5987
-1
-1
92 5976
-1
-1
91 5964
-1
-1
92 5947
-1
-1
93 5981
-1
-1
-1
93 5997
-1
-1
90 5922
-1
-1
92 5981
-1
-1
93 5992
-1
-1
93 5996
-1
-1
-1
93 5957
-1
-1
94 5941
-1
-1
92 5936
-1
-1
93 5974
-1
-1
94 5944
-1
-1
-1
96 5985
-1
-1
96 5964
-1
-1
97 5989
-1
-1
96 5971
-1
-1
97 5993
-1
-1
-1
97 5981
-1
-1
98 5983
-1
-1
98 5973
-1
-1
98 5954
-1
-1
97 5976
-1
-1
-1
95 5972
-1
-1
95 5967
-1
-1
94 5982
-1
-1
94 5998
-1
-1
94 5969
-1
-1
-1
93 5998
-1
-1
93 5965
-1
-1
94 5982
-1
-1
94 5987
-1
-1
94 5966
-1
-1
-1
93 5974
-1
-1
93 5980
-1
-1
93 5995
-1
-1
91 5927
-1
-1
93 5989
-1
-1
-1
93 5968
-1
-1
92 5986
-1
-1
92 5949
-1
-1
92 5974
-1
-1
93 5960
-1
-1
-1
94 5945
-1
-1
94 5978
-1
-1
95 5996
-1
-1
95 5963
-1
-1
94 5982
-1
-1
-1
92 5995
-1
-1
91 5966
-1
-1
91 5987
-1
-1
91 5984
-1
-1
89 5965
-1
-1
-1
89 5973
-1
-1
89 5976
-1
-1
89 5981
-1
-1
90 5945
-1
-1
91 5954
-1
-1
-1
92 5953
-1
-1
92 5954
-1
-1
92 5993
-1
-1
92 5954
-1
-1
93 5961
-1
-1
-1
94 5988
-1
-1
94 5995
-1
-1
93 5976
-1
-1
92 5951
-1
-1
92 5961
-1
-1
-1
94 5992
-1
-1
94 5972
-1
-1
94 5959
-1
66
93 5957
-1
-1
93 5973
-1
-1
-1
90 5934
-1
-1
91 5940
-1
-1
91 5946
-1
-1
91 5931
-1
-1
92 5979
-1
-1
-1
94 5989
-1
-1
94 5998
-1
-1
93 5980
-1
-1
92 5919
-1
-1
95 6000
-1
-1
-1
93 5952
-1
-1
94 5988
-1
-1
93 5984
-1
-1
94 5979
-1
-1
92 5927
-1
-1
-1
91 5973
-1
-1
91 5974
-1
-1
92 5989
-1
-1
92 5950
-1
-1
92 5931
-1
-1
-1
93 5955
-1
-1
93 5932
-1
-1
93 5994
-1
-1
91 5930
-1
-1
92 5968
-1
-1
-1
90 5958
-1
-1
90 5983
-1
-1
89 5981
-1
-1
88 5934
-1
-1
88 5992
-1
-1
-1
90 5945
-1
-1
91 5991
-1
-1
91 5955
-1
-1
91 5924
-1
-1
91 5957
-1
-1
-1
92 5988
-1
-1
90 5951
-1
-1
90 5955
-1
-1
90 5960
-1
-1
90 6000
-1
-1
-1
90 5967
-1
-1
89 5913
-1
-1
90 5972
-1
-1
91 5974
-1
-1
91 5985
-1
-1
-1
92 5951
-1
-1
91 5976
56
-1
91 5950
-1
-1
92 5999
-1
-1
92 5988
-1
-1
-1
92 5978
-1
-1
91 5990
-1
-1
91 5984
-1
-1
91 5943
-1
-1
91 5991
-1
-1
-1
92 5935
-1
-1
94 5969
-1
-1
95 5965
-1
-1
96 5952
-1
-1
95 5995
-1
-1
-1
94 5993
-1
-1
92 5948
-1
-1
93 5982
-1
-1
94 5991
-1
-1
93 5960
-1
81
-1
91 5958
-1
-1
90 5986
-1
83
89 5962
-1
-1
90 5970
-1
-1
90 5948
-1
-1
-1
93 5953
-1
-1
93 5978
-1
-1
93 5998
-1
-1
92 5942
-1
-1
93 5989
-1
-1
-1
93 5944
-1
-1
93 5935
-1
-1
93 5967
-1
-1
93 5968
-1
-1
92 5956
44
-1
-1
93 5995
-1
-1
92 5996
-1
-1
92 5989
-1
-1
91 5998
-1
-1
90 5971
-1
-1
-1
92 5935
-1
-1
93 5998
-1
-1
92 5954
-1
-1
92 5991
-1
-1
93 5955
-1
-1
-1
91 5950
-1
-1
91 5947
-1
-1
92 5981
-1
-1
91 5992
-1
-1
90 5968
-1
-1
-1
91 5918
-1
-1
91 5966
-1
-1
91 5965
-1
-1
91 5988
-1
-1
92 5973
-1
-1
-1
91 5957
-1
-1
91 5994
-1
-1
92 5956
-1
-1
91 5969
-1
-1
90 5975
-1
-1
-1
90 5966
-1
-1
90 5993
-1
-1
90 5992
-1
-1
90 5931
86
-1
91 5958
-1
-1
-1
92 5960
-1
-1
91 5942
-1
-1
91 5962
-1
-1
92 5985
-1
-1
92 5958
-1
-1
-1
92 5926
-1
-1
92 5952
-1
-1
92 5990
-1
-1
92 5995
-1
-1
91 5980
-1
-1
-1
91 5945
-1
-1
91 5921
-1
-1
91 5977
-1
-1
90 5952
-1
-1
90 5965
-1
-1
-1
93 5996
-1
-1
92 5975
-1
-1
90 5930
-1
-1
91 5942
-1
-1
92 5994
-1
-1
-1
92 5999
-1
-1
93 5988
-1
-1
91 5949
-1
-1
92 5979
-1
-1
90 5993
55
-1
-1
89 5938
-1
-1
89 5926
-1
-1
89 5995
-1
-1
90 5951
-1
-1
90 5950
-1
-1
-1
92 5998
-1
-1
92 5922
-1
-1
92 5942
-1
-1
94 5966
-1
-1
94 5988
-1
-1
-1
94 5971
-1
-1
93 5959
-1
-1
92 5983
-1
-1
92 5991
-1
-1
90 5954
-1
-1
-1
90 5931
-1
-1
90 5976
-1
-1
89 5987
-1
-1
90 5976
-1
-1
91 5989
-1
-1
-1
91 5982
-1
-1
91 5927
-1
-1
93 5996
-1
-1
93 5953
-1
-1
94 5955
-1
-1
-1
94 5959
-1
-1
94 5949
-1
-1
94 5969
-1
-1
94 5960
-1
-1
93 5940
-1
-1
-1
92 5959
-1
-1
91 5939
-1
-1
91 5954
-1
-1
90 5974
-1
-1
90 5991
-1
-1
-1
90 5958
-1
-1
91 5978
-1
-1
92 5995
-1
-1
92 5972
-1
-1
93 5985
-1
-1
-1
94 5973
-1
-1
93 5976
-1
-1
93 5945
-1
-1
95 5959
-1
-1
95 5959
-1
-1
-1
92 5961
-1
-1
90 5960
-1
-1
90 5964
-1
-1
89 5980
-1
-1
88 5958
-1
-1
63
87 5913
-1
-1
88 5952
-1
-1
87 5958
-1
-1
86 5982
-1
-1
87 5999
-1
-1
-1
88 5964
-1
-1
88 5961
-1
-1
89 5972
-1
-1
89 5931
-1
-1
90 5978
-1
-1
-1
89 5984
-1
-1
89 5960
-1
-1
91 5975
-1
-1
89 5951
-1
-1
89 5990
-1
-1
-1
89 5994
-1
-1
88 5921
-1
-1
90 5966
-1
-1
92 5993
-1
-1
91 5964
-1
-1
-1
93 5976
-1
-1
92 5924
-1
-1
94 5963
-1
-1
95 5934
-1
-1
95 5987
-1
-1
-1
94 5985
-1
-1
93 5925
-1
-1
93 5932
-1
-1
94 5986
-1
-1
92 5985
-1
-1
-1
91 5951
-1
-1
91 5972
-1
-1
89 5953
-1
-1
89 5984
-1
-1
89 5943
-1
-1
-1
89 5948
-1
-1
88 5973
-1
-1
87 5932
-1
-1
88 5934
-1
-1
88 5998
-1
-1
-1
89 5967
-1
-1
90 5931
-1
-1
92 5982
-1
-1
91 5944
-1
-1
90 5938
-1
-1
-1
94 5985
-1
-1
94 5947
-1
-1
94 5957
-1
-1
95 5983
-1
-1
93 5979
-1
-1
-1
91 5950
-1
-1
92 5988
-1
-1
93 5951
-1
-1
92 5924
-1
-1
90 5956
-1
-1
-1
92 5999
-1
-1
92 5951
-1
-1
91 5921
-1
-1
92 5963
-1
-1
92 5985
-1
-1
-1
91 5963
-1
-1
90 5940
-1
-1
92 5973
-1
-1
92 5940
-1
-1
91 5963
-1
-1
-1
91 5953
-1
-1
90 5944
-1
-1
90 5978
-1
-1
91 5962
-1
-1
91 5956
-1
-1
-1
92 5994
-1
-1
90 5986
-1
-1
88 5966
-1
-1
88 5953
-1
-1
89 5984
-1
-1
-1
91 5946
-1
-1
92 5986
-1
-1
93 5961
-1
-1
93 5981
-1
-1
93 5941
-1
-1
-1
94 5961
-1
-1
95 5948
-1
-1
96 5973
-1
-1
96 5976
-1
-1
96 5993
-1
-1
-1
96 5974
-1
-1
94 5930
-1
-1
93 5935
-1
-1
94 5980
-1
-1
95 5979
-1
-1
-1
94 5990
-1
-1
94 5990
-1
-1
93 5969
-1
56
93 5968
-1
-1
91 5942
-1
-1
-1
91 5948
-1
-1
92 5991
-1
-1
91 5998
-1
-1
90 5962
-1
-1
90 5947
-1
-1
-1
89 5932
-1
-1
90 6000
-1
-1
89 5991
-1
-1
90 5989
-1
-1
89 5963
-1
-1
-1
88 5923
-1
-1
88 5956
-1
-1
88 5929
-1
-1
89 5996
-1
-1
88 5961
-1
-1
-1
89 5985
-1
-1
89 5977
-1
-1
90 5987
-1
-1
91 5973
-1
-1
93 5972
-1
-1
-1
93 5947
-1
-1
93 5982
-1
-1
94 5985
-1
-1
95 5982
-1
-1
96 5997
-1
-1
-1
96 5932
-1
-1
96 5992
-1
-1
95 5976
-1
-1
94 5936
-1
-1
93 5941
-1
-1
-1
92 5967
-1
-1
91 5992
-1
-1
91 5966
-1
-1
90 5991
-1
-1
89 5983
-1
-1
-1
91 5996
-1
-1
90 5953
-1
-1
89 5973
-1
-1
89 5922
45
-1
91 5921
-1
-1
-1
93 5991
-1
-1
92 5961
-1
-1
92 5946
-1
-1
93 5956
-1
-1
93 5984
-1
-1
-1
90 5950
-1
-1
90 5939
-1
-1
90 5980
-1
-1
89 5992
-1
-1
88 5952
-1
-1
-1
89 5924
-1
-1
91 5993
-1
-1
90 5972
-1
-1
89 5962
51
-1
90 5945
-1
-1
-1
91 5922
-1
-1
92 5962
-1
-1
92 5997
-1
-1
93 5994
-1
-1
93 5994
-1
-1
-1
92 5952
-1
-1
92 5948
-1
-1
93 5999
-1
-1
92 5939
-1
68
91 5955
-1
-1
-1
90 5969
-1
-1
90 5966
-1
-1
90 5989
-1
-1
89 5979
-1
-1
89 5958
-1
-1
-1
90 5951
-1
-1
90 5990
-1
-1
90 5999
-1
-1
91 5966
-1
-1
92 5989
-1
-1
-1
92 5951
-1
-1
92 5977
-1
-1
93 5996
-1
-1
91 5976
-1
-1
91 5966
-1
-1
-1
92 5981
-1
-1
93 5982
-1
-1
91 5929
-1
-1
91 5957
-1
-1
92 5997
-1
-1
-1
92 5978
-1
-1
91 5968
-1
-1
92 5945
-1
-1
94 5995
-1
-1
94 5979
-1
-1
-1
93 5971
-1
-1
93 6000
-1
-1
92 5943
-1
-1
92 5988
-1
-1
93 5993
-1
-1
-1
91 5953
-1
-1
91 5980
-1
-1
89 5938
-1
-1
88 5944
-1
-1
88 5986
-1
-1
-1
87 5942
-1
-1
88 5933
-1
-1
89 5991
-1
-1
88 5935
-1
-1
89 5955
-1
-1
-1
89 5977
-1
-1
89 5947
-1
-1
89 5920
-1
-1
89 5943
-1
-1
90 5949
-1
-1
-1
92 5964
-1
-1
93 5962
-1
-1
92 5957
-1
-1
92 5961
-1
-1
92 5968
-1
-1
-1
91 6000
-1
-1
91 5963
-1
-1
92 5954
-1
-1
91 5947
-1
-1
92 5988
-1
-1
-1
88 5980
-1
-1
89 5962
-1
-1
89 5964
-1
-1
90 5995
-1
-1
91 5972
-1
-1
-1
90 5946
-1
-1
90 5997
-1
-1
90 5966
-1
-1
90 5964
-1
-1
91 5929
-1
-1
-1
94 6000
-1
-1
94 5991
-1
-1
92 5966
-1
-1
92 5993
-1
-1
93 5978
-1
-1
-1
94 5941
-1
-1
94 5940
-1
-1
94 5998
-1
-1
92 5948
-1
-1
92 5977
-1
-1
-1
92 5963
-1
-1
92 5916
-1
-1
93 5957
-1
-1
93 5982
-1
-1
91 5951
-1
-1
-1
91 5997
-1
-1
91 5970
-1
-1
91 5968
-1
-1
90 5950
-1
-1
91 5975
-1
-1
-1
91 5954
-1
-1
91 5953
-1
-1
92 5966
-1
-1
92 5936
-1
-1
94 5979
-1
-1
-1
93 5960
-1
-1
93 5953
-1
-1
92 5967
-1
-1
93 5995
-1
-1
92 5953
-1
-1
-1
93 5985
-1
-1
92 5975
-1
-1
92 5930
-1
-1
92 5988
-1
-1
93 5955
-1
-1
-1
93 5939
-1
-1
95 5982
-1
-1
95 5939
-1
-1
94 5926
-1
-1
94 5923
-1
-1
-1
93 6000
-1
-1
93 5983
-1
-1
93 5972
-1
-1
92 5971
-1
-1
91 5936
-1
-1
-1
93 5986
-1
-1
93 5994
-1
-1
93 5946
-1
-1
93 5994
-1
-1
93 5964
-1
-1
-1
91 5967
-1
-1
91 5982
-1
-1
89 5945
-1
-1
91 5993
-1
-1
90 5956
-1
-1
-1
87 5970
-1
-1
88 5966
-1
-1
87 5931
-1
-1
87 5970
-1
-1
88 5971
-1
-1
-1
90 5986
-1
-1
89 5964
-1
-1
89 5993
-1
-1
89 5963
-1
-1
89 5935
-1
-1
-1
91 5968
-1
-1
91 5944
-1
-1
92 5949
-1
-1
93 5979
-1
-1
93 5961
-1
-1
-1
92 5921
-1
-1
93 5958
-1
-1
93 5956
-1
-1
95 5998
-1
-1
94 5964
-1
-1
-1
92 5935
-1
-1
92 5932
-1
-1
92 5967
-1
-1
92 5993
-1
-1
93 5925
-1
-1
-1
93 5968
-1
-1
94 5953
-1
-1
94 5990
-1
-1
93 6000
-1
-1
93 5995
-1
79
-1
93 5959
-1
-1
93 5968
-1
-1
93 6000
-1
-1
91 5970
-1
-1
92 5988
-1
-1
-1
91 5972
-1
-1
91 5915
-1
-1
91 5981
-1
-1
92 5979
-1
-1
92 5993
-1
-1
-1
90 5987
-1
-1
90 5996
-1
-1
90 5933
-1
-1
90 5922
-1
-1
89 5933
-1
-1
-1
90 5998
-1
-1
89 5999
-1
-1
89 5998
-1
-1
89 5967
-1
-1
89 5958
-1
-1
-1
88 5969
-1
-1
89 5976
-1
-1
91 5989
-1
-1
91 5936
-1
-1
90 5976
-1
-1
-1
92 5978
-1
-1
92 5958
-1
-1
91 5961
-1
-1
92 5990
-1
-1
92 5963
-1
-1
-1
93 5971
-1
-1
91 5988
-1
-1
90 5938
-1
-1
92 5986
-1
-1
92 5956
-1
-1
-1
93 5997
-1
-1
93 5965
-1
-1
94 5966
-1
-1
94 5991
-1
-1
94 5998
-1
-1
-1
94 5969
-1
-1
94 5959
-1
-1
93 5959
-1
-1
94 5999
-1
-1
93 5951
-1
-1
-1
94 5948
-1
-1
94 5985
-1
-1
93 5960
-1
-1
93 5993
-1
-1
94 5982
-1
-1
-1
94 5955
-1
-1
95 5967
-1
-1
94 5967
-1
-1
93 5961
-1
-1
94 5994
-1
-1
-1
90 5964
-1
-1
90 5969
-1
-1
88 5965
-1
-1
89 5973
-1
-1
88 5939
-1
-1
-1
88 5975
-1
-1
88 5923
-1
-1
88 5957
-1
-1
87 5913
-1
-1
89 5958
-1
-1
-1
89 5978
-1
-1
89 5984
-1
-1
88 5963
-1
-1
89 5988
-1
-1
88 5950
-1
-1
-1
89 5938
-1
-1
90 5952
-1
-1
90 5967
-1
-1
90 5970
-1
-1
91 5974
-1
-1
-1
92 5994
-1
-1
92 5981
-1
-1
91 5964
82
-1
92 5984
-1
-1
93 5947
-1
-1
-1
93 5985
-1
-1
93 5953
-1
-1
92 5934
-1
-1
91 5953
-1
-1
91 5970
-1
-1
-1
91 5977
-1
-1
92 5990
-1
-1
90 5973
-1
-1
87 5953
-1
-1
87 5972
-1
-1
-1
88 5937
-1
-1
89 5951
-1
-1
90 5997
-1
-1
88 5961
-1
-1
88 5949
-1
-1
-1
87 5957
-1
-1
87 5930
-1
-1
87 5954
-1
-1
86 5979
-1
-1
86 5998
-1
-1
-1
86 5956
-1
-1
87 5994
-1
-1
86 5941
-1
-1
86 5943
-1
-1
87 5980
-1
-1
-1
88 5963
-1
-1
88 5939
-1
-1
89 5937
-1
-1
89 5955
-1
-1
89 5952
-1
-1
-1
88 5936
-1
-1
89 5947
-1
-1
91 5989
-1
-1
90 5995
-1
-1
90 5942
-1
-1
-1
87 5946
-1
-1
88 5965
-1
-1
87 5927
-1
-1
88 5970
-1
75
89 5986
-1
-1
-1
88 5973
-1
-1
88 5955
-1
-1
88 5965
-1
-1
88 5956
-1
-1
88 5972
-1
-1
-1
89 5975
-1
-1
90 5981
-1
-1
90 5928
-1
-1
90 5967
-1
-1
90 5962
-1
-1
-1
91 5941
-1
-1
92 6000
-1
-1
92 5954
-1
-1
93 5972
-1
-1
94 5972
-1
-1
-1
91 5946
-1
-1
90 5980
-1
-1
89 5956
-1
-1
90 5971
-1
-1
90 5957
-1
-1
-1
89 5999
-1
-1
87 5950
-1
-1
89 5978
-1
-1
88 5946
-1
-1
89 5979
-1
-1
-1
92 5988
-1
-1
93 5955
-1
-1
92 5997
-1
-1
91 5998
-1
-1
92 5985
-1
-1
-1
91 5981
-1
-1
90 5988
-1
-1
90 5961
-1
-1
90 5977
-1
-1
90 5985
-1
-1
-1
89 5933
-1
-1
91 5969
-1
-1
92 5978
-1
-1
91 5963
-1
-1
91 5985
-1
-1
-1
93 5996
-1
-1
90 5915
-1
-1
89 5936
-1
-1
89 5954
-1
-1
89 5973
-1
-1
-1
89 5972
-1
-1
89 5946
-1
-1
90 5968
-1
-1
91 5935
-1
-1
92 5976
-1
-1
-1
94 5966
-1
-1
95 5994
-1
-1
95 5950
-1
-1
96 5984
-1
-1
95 5986
-1
-1
-1
94 5992
-1
-1
94 5984
-1
-1
92 5975
-1
-1
91 5965
-1
-1
91 5949
-1
-1
-1
89 5963
-1
-1
89 5924
-1
-1
89 5929
-1
-1
89 5945
-1
-1
91 5979
-1
-1
-1
91 5974
-1
-1
92 5961
-1
-1
93 5959
-1
-1
92 5971
-1
-1
93 5992
-1
-1
-1
92 5987
-1
-1
92 5991
-1
-1
92 5973
-1
-1
92 5949
-1
-1
93 5989
-1
-1
-1
90 5943
-1
-1
91 5990
-1
-1
93 5979
-1
-1
93 5973
-1
-1
93 5980
-1
-1
-1
94 5974
-1
-1
93 5948
-1
-1
92 5962
-1
-1
92 5966
-1
-1
93 5947
-1
-1
-1
92 5985
-1
-1
89 5949
-1
-1
89 5965
-1
-1
89 5946
-1
-1
88 5956
-1
-1
-1
89 5975
-1
-1
89 5944
-1
-1
89 5944
-1
-1
90 5958
-1
-1
91 5976
-1
-1
-1
92 5954
-1
-1
94 5974
-1
-1
93 5952
-1
-1
94 5954
-1
-1
96 5997
-1
-1
-1
94 5965
-1
-1
93 5975
-1
-1
93 5932
-1
-1
93 5955
-1
-1
92 5955
-1
-1
-1
91 5970
-1
-1
92 5990
-1
-1
91 5984
-1
-1
91 5966
-1
-1
91 5977
-1
-1
-1
91 5964
-1
-1
90 5959
-1
-1
89 5929
-1
-1
87 5938
-1
-1
87 6000
-1
-1
-1
89 5986
-1
-1
89 5934
-1
-1
89 6000
-1
-1
89 5968
-1
55
89 5990
-1
-1
-1
88 5961
-1
-1
91 5972
-1
-1
92 5948
-1
-1
92 5990
-1
-1
90 5955
-1
-1
-1
89 5978
-1
-1
88 5951
-1
-1
90 5973
-1
-1
90 5969
-1
-1
89 5956
-1
-1
-1
90 5982
-1
-1
90 5988
-1
-1
90 5920
-1
-1
91 5970
-1
-1
90 5931
-1
-1
-1
90 5974
-1
-1
90 5974
-1
-1
90 5965
-1
-1
89 5941
-1
-1
89 5963
-1
-1
-1
89 5976
-1
-1
90 5969
47
-1
88 5925
-1
-1
89 5979
-1
-1
90 5942
-1
-1
-1
89 5985
-1
-1
90 5944
-1
-1
92 5993
-1
-1
92 5940
-1
-1
92 5941
-1
-1
-1
93 5976
-1
-1
94 5992
-1
60
94 5946
-1
-1
95 5987
-1
-1
94 5992
-1
-1
-1
96 5993
-1
-1
95 5988
-1
-1
94 5978
-1
-1
93 5929
-1
-1
92 5946
-1
-1
-1
93 5987
-1
-1
92 5947
-1
-1
92 5974
-1
-1
92 5970
-1
-1
92 5982
-1
-1
-1
91 5934
-1
-1
92 5995
-1
-1
92 5969
-1
-1
93 5966
-1
-1
93 5950
-1
-1
-1
93 5984
-1
-1
92 5960
-1
-1
93 5982
-1
-1
92 5959
-1
-1
93 5990
-1
-1
-1
92 5966
-1
-1
92 5971
-1
-1
91 5976
-1
-1
91 5957
-1
-1
91 5947
-1
-1
-1
93 5982
-1
-1
93 5938
-1
-1
93 5932
-1
-1
94 5948
-1
-1
92 5966
-1
-1
-1
93 5979
-1
-1
93 5994
-1
-1
93 5995
-1
-1
93 5974
-1
-1
93 5988
-1
-1
-1
92 5934
-1
-1
95 5981
-1
-1
94 5982
-1
-1
95 5982
-1
-1
94 5929
-1
-1
-1
95 5948
-1
-1
95 5959
-1
-1
95 5991
-1
-1
94 5951
-1
-1
94 5960
-1
-1
-1
93 5954
-1
66
93 5987
-1
-1
92 5956
-1
-1
93 5979
-1
-1
92 5956
-1
-1
-1
93 5951
-1
-1
95 5974
-1
-1
94 5925
-1
-1
94 5958
-1
-1
93 5977
-1
-1
-1
94 5994
-1
-1
93 5962
-1
-1
92 5960
-1
-1
93 5965
-1
-1
93 5997
-1
-1
-1
91 5926
-1
-1
91 5963
-1
-1
91 5972
-1
-1
90 5997
-1
-1
89 5976
-1
-1
-1
89 5957
-1
-1
90 5955
-1
-1
89 5931
-1
-1
89 5929
-1
-1
89 5950
-1
-1
-1
91 5977
-1
-1
91 5938
-1
-1
92 5966
-1
-1
93 5983
-1
-1
92 5938
-1
-1
-1
91 5954
-1
-1
92 5965
-1
-1
92 5968
-1
-1
91 5937
-1
-1
90 5998
-1
-1
-1
91 5979
-1
-1
91 5960
-1
-1
91 5946
-1
-1
92 5981
-1
-1
93 5947
-1
-1
-1
91 5938
-1
-1
91 5977
-1
-1
92 5958
-1
-1
92 5990
-1
-1
92 5966
-1
-1
-1
92 5989
-1
-1
92 5963
-1
-1
91 5971
-1
-1
91 5987
-1
-1
91 5953
-1
-1
-1
91 5948
-1
-1
91 5955
-1
-1
93 5973
-1
-1
91 5954
-1
-1
91 5954
-1
-1
-1
91 5976
-1
-1
91 5953
-1
-1
91 5989
-1
-1
90 5929
-1
-1
91 5985
-1
-1
-1
92 5984
-1
-1
90 5946
-1
-1
90 5952
-1
-1
90 5976
-1
-1
88 5935
-1
-1
-1
91 5983
-1
-1
91 5955
-1
-1
92 5963
-1
-1
92 5959
-1
-1
92 5977
-1
-1
-1
91 5929
-1
-1
91 5931
-1
-1
91 5956
-1
-1
92 5948
-1
-1
91 5966
-1
-1
-1
89 5967
-1
-1
88 5917
-1
-1
88 5929
-1
-1
88 5994
-1
-1
87 5934
-1
-1
-1
90 5971
-1
88
90 5978
-1
-1
91 5992
-1
-1
90 5973
-1
-1
91 5991
-1
83
-1
93 5970
-1
-1
93 5980
-1
-1
95 5981
-1
-1
95 5941
-1
-1
95 5939
-1
-1
-1
95 5997
-1
-1
94 5957
-1
-1
93 5951
-1
-1
95 5999
-1
-1
94 5951
-1
-1
-1
93 5961
-1
-1
93 5990
-1
-1
92 5959
-1
-1
91 5945
-1
-1
90 5994
-1
-1
-1
90 5954
-1
-1
91 5980
-1
-1
90 5980
-1
-1
87 5956
-1
-1
88 5987
-1
-1
-1
87 5951
-1
-1
89 5976
-1
-1
89 5952
-1
-1
90 5951
-1
-1
90 5995
-1
-1
-1
89 5988
-1
-1
90 5977
-1
-1
91 5969
-1
-1
92 5956
-1
-1
93 5997
-1
-1
-1
91 6000
-1
-1
90 5972
-1
-1
91 5970
-1
-1
90 5968
-1
-1
91 5985
-1
-1
-1
91 5989
-1
-1
91 5978
-1
-1
90 5964
-1
-1
89 5964
-1
-1
90 5977
-1
-1
-1
89 5985
-1
-1
89 5957
-1
-1
90 5991
-1
-1
90 5961
-1
-1
90 5968
-1
-1
-1
91 5953
-1
-1
92 5961
-1
-1
93 5950
-1
-1
93 5951
-1
-1
94 5997
-1
-1
-1
94 5970
-1
-1
94 5939
-1
-1
93 5960
-1
-1
93 5937
-1
-1
93 5974
-1
-1
-1
91 5971
-1
-1
90 5938
-1
-1
90 5945
-1
-1
91 5968
-1
-1
90 5956
-1
-1
-1
88 5964
-1
-1
89 5994
-1
-1
87 5961
-1
-1
87 5950
-1
-1
88 5969
-1
-1
-1
89 5957
-1
-1
89 5965
-1
-1
89 5990
-1
-1
90 5967
-1
-1
91 5996
-1
-1
-1
91 5952
-1
-1
91 5976
-1
-1
91 5972
-1
-1
90 5950
-1
-1
90 5967
-1
-1
-1
90 5973
-1
-1
89 5953
-1
-1
89 5982
-1
-1
88 5939
-1
-1
87 5945
-1
-1
-1
88 5963
-1
-1
89 5984
-1
-1
89 5923
-1
-1
88 5962
-1
-1
88 5937
-1
-1
-1
90 5979
-1
-1
90 5959
-1
-1
91 5951
-1
-1
92 5935
-1
-1
92 5987
-1
-1
-1
94 5979
-1
-1
95 6000
-1
-1
95 5917
-1
-1
96 5919
-1
-1
96 5962
-1
-1
-1
96 5985
-1
-1
96 5962
-1
-1
96 5997
-1
-1
96 5964
-1
-1
96 5993
-1
-1
-1
93 5993
-1
-1
90 5946
-1
-1
90 5968
-1
-1
90 5962
-1
-1
89 5979
-1
-1
-1
90 5971
-1
-1
90 5958
-1
-1
92 5999
-1
-1
91 5932
-1
-1
92 5955
-1
-1
-1
95 5964
-1
-1
96 5994
-1
-1
95 5956
-1
-1
96 5984
-1
-1
96 5947
-1
-1
-1
94 5991
-1
-1
93 5989
-1
-1
92 5959
-1
-1
92 5939
-1
-1
93 5995
-1
-1
-1
91 5993
-1
-1
92 5999
-1
-1
90 5968
-1
-1
89 5924
-1
-1
90 5992
-1
-1
-1
90 5999
-1
-1
88 5956
-1
-1
89 5997
-1
-1
89 5968
-1
-1
89 5989
-1
-1
-1
88 5945
-1
-1
90 5992
-1
-1
91 5945
-1
52
91 5937
-1
-1
92 5969
-1
-1
-1
94 5992
-1
-1
95 5983
-1
-1
93 5955
-1
-1
93 5981
-1
-1
94 5992
-1
-1
-1
95 5992
-1
-1
93 5917
-1
-1
94 5957
-1
-1
92 5937
-1
-1
92 5978
-1
-1
-1
89 5916
-1
-1
90 5997
-1
-1
89 5914
-1
-1
91 5980
-1
-1
90 5938
-1
-1
-1
89 5998
-1
-1
89 5963
-1
-1
91 5975
-1
-1
90 5975
-1
-1
90 5927
-1
-1
-1
91 5963
-1
-1
92 5970
-1
-1
93 5988
-1
-1
93 5963
-1
-1
92 5983
-1
-1
-1
91 5975
-1
-1
89 5919
-1
-1
90 5922
-1
-1
90 5953
-1
-1
90 5981
-1
-1
-1
89 5954
-1
-1
88 5991
-1
-1
87 5988
-1
-1
86 5949
-1
-1
87 5961
-1
-1
-1
87 5941
-1
-1
87 5980
-1
-1
88 5918
-1
-1
90 5970
-1
-1
89 5960
-1
-1
-1
91 5989
-1
-1
92 5959
-1
-1
93 5974
-1
-1
92 5930
-1
-1
94 5949
-1
-1
-1
94 5925
-1
-1
93 5958
-1
-1
91 5931
-1
-1
91 5939
-1
-1
92 5970
-1
-1
-1
91 5999
-1
-1
90 5978
-1
-1
89 5942
-1
-1
89 5975
-1
-1
89 5967
-1
-1
-1
91 5994
-1
-1
91 5989
-1
-1
91 5983
-1
-1
91 5943
-1
-1
91 5916
-1
-1
-1
92 5967
-1
-1
92 5932
-1
-1
91 5958
-1
-1
90 5923
-1
-1
91 5979
-1
-1
-1
91 5971
-1
-1
90 5950
-1
-1
89 5953
-1
-1
89 5927
-1
-1
89 5976
-1
-1
-1
87 5968
-1
-1
87 5949
-1
-1
86 5976
-1
-1
84 5960
-1
-1
84 5974
-1
-1
-1
85 5943
56
-1
85 5983
-1
-1
85 5983
-1
-1
86 5976
-1
-1
87 5990
-1
-1
-1
89 5979
-1
-1
89 5930
-1
-1
91 5987
-1
-1
90 5956
-1
-1
92 5991
-1
-1
-1
91 5963
-1
-1
91 5985
-1
-1
92 5945
-1
-1
92 5996
-1
-1
91 5947
-1
-1
-1
91 5946
-1
-1
90 5958
-1
-1
91 5979
-1
-1
90 6000
-1
-1
90 5946
-1
-1
-1
92 5919
-1
-1
93 5961
-1
-1
92 5946
-1
-1
94 5978
-1
-1
95 5962
-1
-1
-1
94 5949
-1
-1
94 5965
-1
-1
94 5987
-1
-1
93 5983
-1
-1
93 5949
-1
-1
-1
91 5972
-1
-1
91 5997
-1
-1
90 5995
-1
-1
90 5987
-1
-1
90 5938
-1
-1
-1
92 5970
-1
-1
92 5969
-1
-1
92 5967
-1
-1
92 5992
-1
-1
92 5947
-1
-1
-1
94 5959
-1
-1
93 5963
-1
-1
93 5957
-1
-1
94 5921
-1
-1
94 5987
-1
-1
-1
92 5929
-1
-1
93 5981
-1
-1
92 5929
-1
-1
92 5946
-1
-1
92 5954
-1
-1
-1
91 5982
-1
-1
90 5951
-1
-1
90 5993
-1
-1
90 5978
-1
-1
91 5979
-1
-1
-1
92 5996
-1
-1
92 5983
-1
-1
93 5959
-1
-1
92 5937
-1
-1
92 5943
-1
-1
-1
94 5999
-1
-1
93 5931
-1
-1
92 5929
-1
-1
91 5949
-1
-1
92 5999
-1
-1
-1
91 5991
-1
-1
89 5945
-1
-1
90 5965
-1
-1
91 5971
-1
-1
90 5930
-1
-1
-1
90 5943
-1
-1
91 5928
-1
-1
92 5981
-1
-1
93 5999
-1
-1
92 5992
-1
-1
-1
92 5971
-1
-1
92 5936
-1
-1
91 5975
-1
-1
91 5928
-1
-1
91 5965
-1
-1
-1
90 5959
-1
-1
91 5963
-1
-1
91 5973
-1
-1
92 5952
-1
-1
92 5968
-1
-1
-1
93 5976
-1
-1
93 5954
-1
-1
92 5964
-1
-1
93 5979
-1
-1
93 5954
-1
-1
-1
94 5936
-1
-1
94 5984
-1
-1
93 5973
-1
-1
92 5942
-1
-1
92 5959
-1
-1
-1
92 5990
-1
-1
92 5922
-1
-1
93 5958
-1
-1
94 5977
-1
-1
93 5953
-1
-1
-1
93 5971
-1
-1
94 5968
-1
-1
94 5986
-1
-1
95 5988
-1
-1
95 5968
-1
-1
-1
93 5930
-1
-1
93 5966
-1
-1
92 5969
-1
-1
92 5977
-1
-1
93 5982
-1
-1
-1
92 5966
-1
-1
92 5947
-1
-1
92 5981
-1
-1
92 5997
-1
-1
92 5996
-1
-1
-1
91 5973
-1
-1
92 5996
-1
-1
91 5975
-1
-1
90 5931
-1
-1
91 5986
-1
-1
-1
91 5984
-1
-1
91 5970
-1
-1
93 5976
-1
-1
93 5919
-1
-1
93 5972
-1
-1
-1
94 5961
-1
-1
95 6000
-1
-1
95 5993
-1
-1
93 5938
-1
-1
95 5997
-1
-1
-1
94 5979
-1
-1
92 5964
-1
-1
91 5938
-1
-1
92 5988
-1
-1
92 5994
-1
-1
-1
92 5994
-1
-1
91 5947
-1
-1
92 5996
-1
-1
90 5999
-1
-1
90 5972
-1
-1
-1
90 5978
-1
-1
90 5994
-1
-1
89 5969
-1
-1
88 5951
-1
-1
89 5933
-1
-1
-1
90 5994
-1
-1
91 5992
-1
-1
91 5970
-1
79
92 5956
-1
-1
91 5992
-1
-1
-1
92 5991
-1
-1
91 5999
-1
-1
91 5985
-1
-1
90 5951
-1
-1
90 5975
-1
-1
-1
88 5934
-1
-1
89 5915
-1
-1
89 5980
-1
-1
90 5962
-1
-1
90 5974
-1
-1
-1
91 5982
-1
-1
91 5943
-1
-1
92 6000
-1
-1
92 5997
-1
-1
92 5980
-1
-1
-1
91 5976
-1
-1
91 5954
-1
-1
90 5987
-1
-1
90 5963
-1
-1
89 5963
-1
-1
-1
89 5991
-1
-1
88 5971
-1
-1
89 5995
-1
-1
88 5985
-1
-1
88 5931
-1
-1
-1
89 5924
-1
-1
89 5998
-1
-1
88 5943
-1
-1
90 5940
-1
-1
91 5947
-1
-1
-1
93 5986
-1
-1
91 5941
-1
-1
92 5952
-1
-1
91 5994
-1
-1
93 6000
-1
-1
-1
92 5984
-1
-1
91 5961
-1
-1
90 5963
-1
-1
88 5966
-1
-1
88 5949
-1
-1
-1
89 5964
-1
-1
89 5945
-1
-1
90 5979
-1
-1
89 5981
-1
-1
89 5998
-1
-1
-1
89 5953
-1
-1
90 5922
-1
-1
90 5963
-1
-1
89 5984
-1
-1
89 5980
-1
-1
-1
90 5997
-1
-1
89 5928
-1
-1
89 5926
-1
-1
90 5963
-1
-1
90 5924
-1
-1
-1
91 5942
-1
-1
92 5970
-1
-1
93 5957
-1
-1
93 5970
-1
-1
90 5961
-1
-1
75
90 5949
-1
-1
90 5941
-1
-1
89 5967
-1
-1
90 5958
-1
-1
90 5926
-1
-1
-1
89 5961
-1
-1
89 5950
-1
-1
89 5956
-1
-1
90 5929
-1
-1
90 5991
-1
-1
-1
89 5941
-1
-1
89 5975
-1
-1
89 5982
-1
-1
89 5997
-1
-1
89 5965
-1
-1
-1
89 5988
-1
-1
88 5962
-1
-1
87 5976
-1
-1
89 5980
-1
-1
90 5962
-1
-1
-1
91 5961
-1
-1
91 5951
-1
-1
92 5945
-1
-1
93 5965
-1
-1
93 5997
-1
-1
-1
93 5965
-1
-1
94 5953
-1
-1
95 5991
-1
-1
94 5965
-1
-1
94 5996
-1
-1
-1
93 5954
-1
-1
93 5990
-1
-1
92 5988
-1
-1
90 5955
-1
-1
91 5931
-1
-1
-1
91 6000
-1
-1
90 5987
-1
-1
90 5974
-1
-1
88 5983
-1
-1
88 5951
-1
-1
-1
87 5967
-1
-1
88 5941
-1
-1
89 5976
-1
-1
88 5975
-1
-1
88 5969
-1
-1
-1
91 5976
-1
-1
91 5941
-1
-1
93 5998
-1
-1
93 5978
-1
-1
94 5968
-1
-1
-1
95 5988
-1
-1
94 5965
-1
-1
93 5969
-1
-1
93 5968
-1
-1
92 5944
-1
-1
-1
92 5952
-1
-1
92 5944
-1
-1
92 5995
-1
-1
91 5978
-1
-1
91 5994
-1
-1
-1
92 5980
-1
-1
93 5988
-1
-1
93 5985
-1
-1
91 5928
-1
-1
91 5970
-1
-1
-1
90 5943
-1
-1
91 5974
-1
-1
91 5964
-1
-1
92 5994
-1
-1
91 5984
-1
55
-1
92 5954
-1
-1
93 5941
-1
-1
94 5968
-1
-1
93 5973
-1
-1
94 5996
-1
-1
-1
94 5988
-1
-1
94 5959
-1
-1
94 5996
-1
-1
94 5953
-1
-1
92 5964
-1
-1
-1
91 5980
-1
-1
91 5962
-1
-1
92 5938
-1
-1
92 5918
-1
-1
94 5977
-1
-1
-1
93 5949
-1
-1
93 5992
-1
-1
92 5995
-1
-1
93 5994
-1
-1
93 5974
-1
-1
-1
93 5967
-1
-1
92 5982
-1
-1
91 5976
-1
-1
90 5976
-1
-1
90 5939
-1
-1
-1
91 5980
-1
-1
91 5950
-1
-1
91 5994
-1
-1
92 5978
-1
-1
93 5998
-1
-1
-1
92 5952
-1
-1
92 5959
-1
-1
93 5996
-1
-1
92 5943
-1
-1
91 5953
-1
-1
-1
92 5944
-1
-1
93 5985
52
-1
91 5958
-1
-1
91 5981
-1
-1
90 5961
-1
-1
-1
90 5930
-1
-1
92 5989
-1
-1
93 6000
-1
-1
93 5965
-1
-1
92 5947
-1
-1
-1
90 5956
-1
-1
91 5963
-1
-1
92 5970
-1
-1
93 5999
-1
-1
92 5925
-1
-1
-1
94 6000
-1
-1
93 5982
-1
-1
93 5966
-1
-1
93 5968
-1
-1
94 5956
-1
-1
-1
94 5966
-1
-1
94 5987
-1
-1
93 5984
-1
-1
93 5984
-1
-1
92 5982
-1
-1
-1
91 5945
-1
-1
91 5950
-1
-1
92 5977
-1
-1
92 5981
-1
-1
92 5958
-1
-1
-1
92 5981
-1
-1
92 5922
-1
-1
92 5975
-1
-1
93 5988
-1
-1
92 5978
-1
-1
-1
93 5959
-1
-1
93 5945
-1
87
93 5970
-1
-1
93 5940
-1
-1
94 5975
-1
-1
-1
92 5948
-1
-1
93 5985
-1
-1
92 5979
-1
-1
91 5945
-1
-1
92 5996
-1
-1
-1
90 5997
-1
-1
90 5973
-1
-1
89 5992
-1
-1
89 5981
-1
-1
88 5947
-1
-1
-1
90 5949
-1
-1
91 5968
-1
-1
92 5946
-1
-1
93 5985
-1
-1
92 5931
-1
-1
-1
95 5980
-1
-1
95 5994
-1
-1
93 5993
-1
-1
94 5940
-1
-1
95 5968
-1
-1
-1
94 5933
-1
-1
94 5955
-1
-1
94 5958
-1
-1
95 5969
-1
-1
95 5937
-1
-1
-1
94 5984
-1
-1
94 5988
-1
-1
94 5990
-1
-1
93 5962
-1
-1
92 5988
-1
-1
-1
90 5958
-1
-1
90 5970
-1
-1
89 5942
-1
-1
88 5957
-1
-1
89 5990
-1
-1
-1
90 5972
-1
-1
90 5964
-1
-1
90 5985
-1
-1
91 5932
-1
-1
91 5961
-1
-1
-1
90 5933
-1
-1
89 5983
-1
-1
88 5961
-1
-1
87 5948
-1
-1
88 5978
-1
-1
-1
87 5953
-1
-1
86 5961
-1
-1
87 5968
-1
-1
88 5969
-1
-1
88 5955
-1
-1
-1
90 5996
-1
-1
89 5932
-1
-1
89 5960
-1
-1
90 5981
-1
-1
89 5950
-1
-1
-1
90 5960
-1
-1
89 5948
-1
-1
89 5946
-1
-1
89 5945
-1
-1
89 5984
-1
-1
-1
88 5968
-1
-1
87 5957
-1
-1
87 5957
-1
-1
88 5956
-1
-1
89 5991
-1
-1
-1
88 5973
-1
-1
88 5942
-1
-1
89 5953
-1
-1
90 5933
-1
-1
92 5979
-1
-1
-1
93 5959
-1
-1
93 5975
-1
-1
92 5964
-1
-1
93 5979
-1
-1
92 5974
-1
-1
-1
94 5966
-1
-1
95 5983
-1
-1
93 5973
-1
-1
94 5992
-1
-1
94 5972
-1
-1
-1
95 5997
-1
-1
96 5986
-1
-1
96 5998
-1
-1
94 5927
-1
-1
94 5932
-1
-1
-1
92 5993
-1
-1
91 5952
-1
-1
90 5986
-1
-1
91 5976
-1
-1
91 5986
-1
-1
-1
91 5977
-1
-1
91 5939
-1
-1
92 5979
-1
-1
92 5975
-1
-1
92 5949
-1
-1
-1
95 5984
-1
-1
94 5974
-1
-1
94 5959
-1
-1
93 5974
-1
-1
92 5929
-1
-1
-1
93 5999
-1
-1
92 5971
-1
-1
91 5972
-1
-1
92 5977
-1
-1
92 5984
-1
-1
-1
93 5957
-1
-1
94 5964
-1
-1
93 5955
-1
-1
92 5971
-1
-1
93 5945
-1
-1
-1
93 5944
-1
-1
94 5967
-1
-1
94 5987
-1
-1
94 5978
-1
-1
95 5998
-1
-1
-1
93 5995
-1
-1
93 5975
-1
-1
94 5932
-1
-1
96 5977
-1
-1
94 5921
-1
-1
-1
92 5927
-1
-1
93 6000
-1
-1
92 5970
-1
-1
93 5980
-1
-1
93 5997
-1
-1
-1
93 5973
-1
-1
94 5960
-1
-1
94 5988
-1
-1
93 5988
-1
-1
93 5967
-1
-1
-1
95 5991
-1
-1
95 5925
-1
-1
96 5953
-1
-1
95 5962
-1
-1
96 5992
-1
-1
-1
96 5945
-1
-1
96 5972
-1
-1
95 5966
-1
-1
95 5948
-1
-1
95 5965
-1
-1
-1
94 5969
-1
-1
92 5929
-1
-1
93 5947
-1
-1
93 5994
-1
-1
93 5973
-1
-1
-1
92 5988
-1
-1
92 6000
-1
-1
92 5966
-1
-1
92 5952
-1
-1
93 5948
-1
-1
-1
95 5998
-1
-1
95 5969
-1
-1
95 6000
-1
-1
94 5968
-1
-1
94 5960
-1
-1
-1
94 5955
-1
-1
94 5999
-1
-1
92 5965
-1
-1
91 5974
-1
-1
90 5974
-1
-1
-1
89 5997
-1
-1
89 5997
-1
-1
89 5985
-1
-1
89 5970
-1
-1
87 5942
-1
-1
-1
89 5986
-1
-1
89 5951
-1
-1
90 5999
-1
-1
88 5954
-1
-1
90 5987
-1
-1
-1
90 5957
-1
-1
92 5991
-1
-1
94 5966
-1
-1
94 5916
-1
-1
94 5950
-1
-1
-1
94 5986
-1
-1
94 5954
-1
-1
95 5971
-1
-1
97 5990
-1
-1
97 5954
-1
-1
-1
98 5972
-1
-1
96 5970
-1
-1
95 5972
-1
-1
95 5947
-1
-1
95 5942
-1
-1
-1
95 5946
-1
-1
95 5948
-1
-1
95 5937
-1
-1
94 5980
-1
-1
93 5955
-1
-1
-1
95 5979
-1
-1
94 5971
-1
-1
95 5979
81
-1
95 5927
-1
-1
96 5916
-1
-1
-1
94 5988
-1
-1
93 5978
-1
-1
92 5956
-1
-1
92 5967
-1
-1
92 5959
-1
-1
-1
90 5969
-1
-1
90 5970
-1
-1
90 5975
-1
-1
90 5985
-1
-1
91 5985
-1
-1
-1
91 5988
-1
-1
90 5950
-1
-1
91 5989
-1
-1
91 5974
-1
-1
90 5994
-1
-1
-1
91 5974
-1
-1
92 5981
-1
-1
93 5958
-1
-1
93 5986
-1
-1
92 5989
-1
-1
-1
94 5974
-1
-1
93 5926
-1
-1
92 5944
-1
-1
94 5978
-1
-1
93 5940
-1
-1
-1
92 5962
-1
-1
91 5960
-1
-1
89 5939
-1
-1
90 5951
-1
-1
89 5991
-1
-1
-1
90 6000
-1
-1
91 5998
-1
-1
91 5993
-1
-1
90 5956
-1
-1
91 5938
-1
-1
-1
90 5925
-1
-1
92 5927
-1
-1
92 5935
-1
-1
93 5946
-1
-1
94 5983
-1
-1
-1
95 5953
-1
-1
93 5955
-1
-1
93 5953
-1
-1
93 5981
-1
-1
94 5970
-1
-1
-1
97 5968
-1
-1
95 5961
-1
-1
95 5985
-1
-1
96 5988
-1
-1
97 5957
-1
-1
-1
96 5959
-1
-1
96 5941
-1
-1
97 5985
-1
-1
97 5992
-1
-1
96 5975
-1
-1
-1
95 5960
-1
-1
95 5945
-1
-1
93 5955
-1
-1
92 5987
-1
-1
91 5951
-1
-1
-1
93 5991
-1
-1
93 5992
-1
-1
93 5964
-1
-1
93 5974
-1
-1
92 5999
-1
-1
-1
90 5963
-1
-1
91 5969
-1
-1
91 5971
-1
-1
91 5955
-1
-1
91 5941
-1
-1
-1
90 5998
-1
-1
89 5951
-1
-1
90 5994
-1
-1
90 5959
-1
-1
91 5995
-1
-1
-1
91 5976
-1
-1
90 5980
-1
-1
90 5983
-1
-1
90 5986
-1
-1
90 5932
-1
-1
-1
91 5963
-1
-1
90 5982
-1
-1
90 5930
-1
-1
91 5963
-1
-1
90 5946
-1
-1
-1
92 5989
-1
-1
92 5935
-1
-1
93 5971
-1
-1
94 5991
-1
-1
94 5990
-1
-1
-1
94 5989
-1
-1
94 5971
-1
-1
92 5995
-1
-1
92 5946
-1
-1
93 5979
-1
-1
-1
93 5999
-1
-1
92 5966
-1
-1
91 5983
-1
-1
91 5988
-1
-1
90 5970
-1
-1
-1
90 5980
-1
-1
90 5918
-1
-1
90 5958
-1
-1
89 5925
-1
-1
89 5957
-1
-1
-1
90 5945
-1
-1
90 5946
-1
-1
91 5930
-1
-1
92 5917
-1
-1
93 5974
-1
-1
-1
92 5956
-1
-1
92 5975
-1
-1
92 5975
-1
-1
92 5963
-1
-1
92 5933
-1
-1
-1
92 5958
-1
-1
91 5960
-1
-1
91 5945
-1
-1
89 5986
-1
-1
90 5947
-1
-1
-1
94 5996
-1
-1
96 5978
-1
-1
98 5988
-1
-1
97 5976
-1
-1
96 5961
-1
-1
-1
97 5944
-1
-1
98 5944
-1
-1
98 5968
-1
-1
100 5990
-1
-1
98 5982
-1
-1
-1
95 5977
-1
-1
92 5957
-1
-1
92 5981
-1
-1
92 5998
-1
-1
91 5940
-1
-1
-1
90 5976
-1
-1
90 5926
-1
-1
91 5959
-1
-1
91 5914
-1
-1
92 5973
-1
-1
-1
93 5919
-1
-1
93 5923
-1
-1
94 5989
-1
-1
92 5934
-1
-1
92 5950
-1
-1
-1
93 5987
-1
-1
90 5951
-1
-1
92 5975
-1
-1
92 5975
-1
-1
92 5965
-1
-1
-1
91 5985
-1
-1
91 5990
-1
-1
92 5963
-1
-1
93 5953
-1
-1
92 5980
-1
-1
-1
90 5935
-1
-1
89 5955
-1
-1
88 5939
-1
-1
88 5998
-1
-1
88 5978
-1
-1
-1
89 5979
-1
-1
88 5988
-1
-1
89 5981
-1
-1
89 5953
-1
-1
90 5992
-1
-1
-1
90 5976
-1
-1
89 5928
-1
-1
91 5937
-1
-1
93 5958
-1
-1
92 5921
-1
-1
-1
93 5974
-1
-1
92 5983
-1
-1
91 5965
-1
-1
91 5931
-1
-1
94 5982
-1
-1
-1
95 5980
-1
-1
94 5983
-1
-1
93 5981
-1
-1
92 5988
-1
-1
92 5946
-1
-1
-1
93 5982
-1
-1
93 5956
-1
-1
93 5972
-1
-1
90 5985
-1
-1
90 5946
-1
-1
-1
92 5997
-1
-1
91 5987
-1
-1
90 5935
-1
-1
91 5959
-1
-1
91 5931
-1
-1
-1
93 5989
-1
-1
93 5974
-1
-1
94 5961
-1
-1
93 5990
-1
-1
91 5955
-1
-1
-1
91 5951
-1
-1
91 5942
-1
-1
92 5993
-1
-1
92 5930
-1
-1
90 5955
-1
-1
-1
89 5931
-1
-1
90 5995
-1
-1
89 5952
-1
-1
90 5983
-1
-1
90 5982
-1
-1
-1
88 5959
-1
-1
88 5992
-1
-1
88 5925
-1
-1
89 5953
-1
-1
90 5964
-1
-1
-1
90 5991
-1
-1
91 5974
-1
-1
91 5974
-1
-1
91 5973
-1
-1
92 5971
-1
-1
-1
93 5949
-1
-1
93 5988
-1
-1
93 5974
-1
-1
93 5966
-1
-1
93 5983
-1
-1
-1
92 5968
-1
-1
91 5929
-1
-1
93 5997
-1
-1
93 5990
-1
-1
92 5954
-1
-1
-1
93 5994
-1
-1
93 5964
-1
-1
92 5969
-1
-1
93 5973
-1
-1
92 5935
-1
-1
-1
94 5995
-1
-1
91 5958
-1
-1
90 5935
-1
-1
91 5988
-1
-1
91 5966
-1
-1
-1
90 5925
-1
-1
91 5954
-1
-1
91 5984
-1
-1
92 5997
-1
-1
90 5989
-1
-1
-1
90 5965
-1
-1
91 5970
-1
-1
90 5917
-1
-1
90 5946
-1
-1
90 5963
-1
-1
-1
91 5960
-1
-1
91 5947
-1
-1
90 5973
-1
-1
90 5964
-1
-1
90 5993
-1
-1
-1
90 5982
-1
-1
92 5978
-1
-1
93 5992
-1
-1
93 5987
-1
-1
93 5981
-1
-1
-1
92 5996
-1
-1
92 5922
-1
-1
93 5944
-1
-1
94 5963
-1
-1
94 5992
-1
-1
-1
90 5968
-1
-1
90 5979
-1
-1
89 5941
-1
-1
90 5946
-1
-1
90 5933
-1
-1
-1
88 5914
-1
-1
88 5944
-1
-1
89 5988
-1
-1
89 5986
-1
-1
88 5945
-1
-1
-1
90 5980
-1
-1
89 5948
-1
-1
90 5982
-1
-1
90 5955
-1
-1
90 5996
-1
-1
-1
90 5991
-1
-1
91 5976
-1
-1
91 5949
-1
-1
91 5960
-1
-1
91 5959
-1
-1
-1
91 5920
-1
-1
90 5971
-1
-1
89 5947
-1
-1
89 5944
-1
-1
90 5957
-1
-1
-1
89 5974
-1
-1
91 5969
-1
-1
91 5977
-1
-1
91 5950
-1
-1
90 5933
-1
-1
-1
91 5988
-1
-1
91 5919
-1
-1
91 5930
-1
-1
92 5990
-1
-1
91 5949
-1
-1
-1
91 5993
-1
-1
91 5948
-1
-1
91 5979
-1
-1
90 5985
-1
-1
90 5967
-1
-1
-1
91 5950
-1
-1
91 5926
-1
-1
91 5954
-1
-1
90 5934
-1
-1
92 5989
-1
-1
-1
90 5993
-1
-1
90 5971
-1
-1
91 5966
-1
-1
92 5998
-1
-1
91 5987
-1
-1
-1
91 5996
-1
-1
91 5945
-1
-1
91 5961
-1
-1
90 5990
-1
-1
90 5968
-1
-1
-1
90 5937
-1
-1
90 5978
-1
-1
90 5935
-1
-1
90 5985
-1
-1
90 5956
-1
-1
-1
91 5983
-1
-1
91 5941
-1
-1
92 5988
-1
-1
92 5956
-1
-1
92 5963
-1
46
-1
94 5953
-1
-1
93 5987
-1
-1
92 5922
-1
-1
93 5979
-1
-1
94 5996
-1
-1
-1
93 5932
-1
-1
93 5977
-1
-1
93 5973
-1
-1
94 5978
-1
-1
93 5952
-1
-1
-1
