0 0
282
8 2262
326
16 3950
150
62
383
32 7197
362
40 8553
47
48 9939
9
56 9887
202
64 9842
101
72 9940
118
80 9997
191
86 9950
202
72
137
84 9998
6
82 9967
73
80 9969
69
82 9955
84
83 9974
-1
85 9990
80
87 9951
95
80 9887
40
226
143
82 9826
36
81 9968
-1
82 9941
63
81 9881
-1
81 9936
179
82 9967
-1
80 9987
-1
78 9797
-1
43
-1
84 9994
-1
79 9845
119
83 9949
32
82 9980
-1
82 9809
-1
84 9929
-1
85 9999
-1
85 9969
24
-1
123
82 9986
-1
80 9800
-1
85 9951
-1
81 9996
-1
83 9895
-1
83 9833
-1
80 9948
-1
78 9896
-1
-1
-1
79 9805
-1
74 9847
-1
75 9906
-1
76 9993
204
74 9939
221
77 9987
-1
74 9976
-1
73 9914
129
-1
-1
75 9936
-1
76 9968
-1
82 9998
-1
84 9935
-1
79 9804
-1
79 9950
-1
81 9978
-1
81 9902
-1
-1
-1
79 9949
-1
82 9981
-1
75 9910
-1
74 9846
-1
78 9979
-1
80 9829
-1
80 9876
-1
77 9945
-1
-1
-1
84 9992
140
88 9977
-1
87 9756
-1
90 9981
-1
91 9893
-1
90 9875
103
90 9911
-1
90 9927
-1
-1
-1
86 9862
-1
81 9985
-1
84 9945
-1
83 9914
-1
79 9887
-1
80 9919
-1
83 9946
-1
80 9864
-1
-1
-1
80 9923
-1
81 9844
-1
81 9926
-1
82 10000
-1
80 9923
-1
77 9972
-1
74 9951
-1
73 9949
-1
-1
-1
76 9889
-1
75 9937
-1
76 9949
-1
76 9931
-1
72 9952
-1
75 9860
-1
75 9925
-1
76 9810
-1
-1
-1
77 9841
-1
76 9939
-1
78 9912
-1
80 9998
-1
79 9894
-1
80 9829
-1
81 9909
-1
79 9909
-1
-1
-1
83 9975
-1
82 9795
-1
82 9974
-1
80 9894
-1
78 9981
-1
79 9816
-1
75 9818
-1
77 9838
-1
-1
-1
74 9904
-1
78 9954
-1
79 9881
-1
82 9957
-1
80 9955
26
81 9977
-1
76 9933
-1
79 9972
-1
-1
-1
77 9904
-1
79 9995
-1
73 9945
-1
73 9923
10
77 9935
-1
79 9968
206
80 9943
-1
81 9917
-1
-1
160
85 9931
-1
84 9938
-1
83 9924
-1
81 9880
-1
84 9977
-1
85 9972
-1
82 9973
-1
80 9980
-1
-1
-1
82 9794
-1
81 9989
-1
80 10000
-1
80 9977
-1
82 9921
-1
81 9975
-1
77 9886
-1
80 9856
-1
41
-1
77 9997
-1
77 9990
-1
78 9912
-1
78 9983
-1
77 9829
-1
77 10000
-1
78 9989
-1
74 9947
-1
236
-1
74 9954
-1
74 9988
-1
72 9996
-1
75 9894
-1
72 9921
-1
72 9905
-1
71 9986
-1
73 9938
-1
-1
-1
81 9895
-1
83 9983
-1
83 9981
-1
81 9820
-1
76 9920
-1
79 9898
-1
80 9920
-1
79 9897
111
-1
-1
70 9875
-1
71 9985
-1
72 9916
-1
76 9991
-1
77 9858
-1
79 9973
-1
79 9991
-1
78 9994
-1
-1
-1
78 9888
-1
78 9811
-1
78 9965
-1
74 10000
-1
75 9994
-1
76 9999
-1
75 9995
-1
75 9883
-1
-1
-1
80 9901
-1
80 9951
-1
80 9903
-1
79 9947
-1
82 9998
45
77 9964
-1
78 9940
-1
80 9967
-1
-1
-1
82 9911
-1
84 9937
-1
83 9943
-1
85 9874
-1
86 9998
-1
86 9938
-1
85 9991
-1
87 9988
-1
-1
-1
90 9941
-1
88 9926
-1
88 10000
-1
87 9928
-1
89 9971
-1
84 9925
-1
84 9980
-1
83 9986
-1
-1
-1
83 9990
-1
79 9970
-1
79 9831
-1
79 9979
-1
74 9958
-1
77 9920
-1
81 9935
-1
81 9978
-1
-1
-1
84 9824
-1
86 9997
-1
89 9981
-1
92 9976
-1
92 9926
-1
90 9899
-1
90 9922
-1
91 9994
-1
-1
-1
89 9993
-1
86 9966
-1
84 9979
-1
77 9994
-1
71 9936
-1
75 9979
-1
74 9891
-1
73 9959
-1
-1
-1
75 9995
-1
75 9958
-1
76 9828
-1
78 9939
-1
78 9972
-1
80 9984
-1
77 9978
-1
79 9870
-1
-1
-1
86 9965
-1
81 9832
-1
81 9880
-1
77 9830
-1
77 9992
-1
76 9946
-1
79 9958
-1
78 9850
-1
-1
-1
78 9867
-1
79 9943
-1
77 9881
-1
77 9980
-1
80 9918
-1
80 9835
-1
82 9928
-1
82 9973
-1
-1
-1
80 9896
-1
78 9870
-1
77 9921
-1
79 9947
-1
79 9912
-1
80 9985
-1
81 9913
-1
79 9993
-1
-1
-1
78 9961
-1
78 9869
-1
79 9880
-1
79 9817
-1
82 9969
-1
82 9937
-1
78 9942
-1
78 9942
-1
-1
-1
82 9860
-1
84 9979
-1
87 9955
-1
87 9999
-1
89 9989
-1
84 9968
-1
85 9929
-1
83 9782
-1
-1
69
86 9985
-1
86 9999
-1
84 9872
-1
83 9949
-1
81 9988
-1
79 9969
-1
81 9985
-1
82 9843
-1
-1
-1
82 9963
-1
82 9936
-1
78 9938
-1
78 9950
-1
79 9826
-1
81 9862
-1
82 9997
-1
83 9917
-1
-1
-1
82 9940
-1
85 10000
-1
87 9930
-1
86 9995
-1
89 9990
-1
92 9859
-1
88 9967
-1
87 9805
-1
-1
-1
87 9854
-1
90 9845
-1
86 9900
-1
80 9985
-1
77 9958
-1
72 9990
-1
73 9837
-1
74 9991
-1
-1
-1
74 9940
-1
72 9970
-1
74 9990
-1
75 9991
-1
77 9987
-1
76 9830
-1
78 9963
-1
76 9883
-1
-1
-1
73 9863
-1
77 9982
-1
76 9854
-1
77 9936
-1
79 9876
-1
84 9885
-1
85 9895
-1
89 9986
-1
-1
-1
87 9913
-1
88 9891
-1
88 9921
-1
89 9962
-1
91 9989
-1
85 9954
-1
88 9983
-1
85 9923
-1
-1
-1
79 9879
-1
80 9768
-1
81 9950
-1
81 9799
-1
80 9860
-1
79 9947
-1
82 9985
-1
82 9966
-1
-1
-1
78 9949
-1
77 9972
-1
73 9900
-1
71 9825
-1
72 9982
-1
74 9943
-1
74 9972
-1
70 9984
-1
-1
-1
71 9945
-1
74 9921
-1
76 9957
-1
78 9987
-1
77 9888
-1
78 9903
-1
76 9927
-1
77 9951
-1
-1
-1
80 9980
-1
83 9942
-1
83 9963
-1
79 9960
-1
82 9993
-1
80 9934
-1
79 9974
-1
80 9989
-1
-1
-1
76 9963
-1
74 9986
-1
71 9824
-1
74 9992
-1
72 9885
-1
73 9852
-1
75 9969
-1
76 9986
-1
-1
-1
74 9852
-1
77 9833
-1
79 9959
-1
80 9884
-1
85 9987
-1
84 9972
-1
85 9948
-1
86 9986
-1
-1
-1
87 9804
-1
84 9977
-1
83 9889
-1
80 9921
-1
80 9995
-1
74 9914
-1
74 9836
-1
75 9959
-1
-1
-1
75 9882
-1
77 9955
-1
79 9979
-1
77 9864
-1
80 9859
-1
80 9917
-1
78 9905
43
75 9956
-1
-1
-1
69 9994
-1
69 9984
-1
67 9787
-1
70 9910
-1
70 9935
-1
70 9776
-1
73 9913
-1
77 9985
-1
-1
-1
72 9988
-1
75 9943
-1
73 9895
-1
71 9967
-1
69 9985
-1
66 9870
-1
63 9943
-1
67 9899
-1
-1
-1
75 9830
-1
80 9958
-1
77 9987
-1
76 9985
-1
76 9907
-1
76 9901
-1
78 9971
-1
82 9996
-1
-1
-1
82 9957
-1
76 9960
-1
73 9978
-1
75 9936
-1
77 9946
-1
78 9929
-1
77 9940
-1
75 9998
-1
-1
-1
71 9957
-1
74 9864
-1
75 9984
-1
74 9920
-1
74 9999
-1
74 9967
-1
78 9957
-1
81 9879
-1
-1
117
79 9942
-1
80 9944
-1
77 9888
-1
80 9946
-1
79 9799
-1
81 9982
-1
80 9998
138
75 9979
-1
-1
-1
74 9992
-1
78 9997
-1
80 9984
162
81 9922
-1
82 9957
-1
83 9977
-1
82 9930
-1
86 9910
-1
-1
-1
85 9962
-1
87 9914
-1
90 9937
-1
90 9993
-1
86 9937
-1
88 9921
-1
85 9954
-1
88 9986
-1
-1
-1
83 9915
-1
86 9992
-1
90 9985
-1
87 9900
-1
86 9948
-1
86 9965
-1
82 9996
-1
82 9819
-1
-1
-1
87 9925
-1
88 9909
-1
89 9932
-1
89 9891
-1
86 9888
-1
85 9983
-1
85 9885
-1
84 9977
-1
-1
-1
77 9995
-1
76 9830
-1
77 9998
-1
73 9822
-1
70 9832
-1
72 9988
-1
74 9993
-1
74 9960
-1
-1
-1
76 9876
-1
77 9792
-1
79 9952
-1
79 9984
-1
77 9884
-1
80 9966
-1
77 9940
-1
75 9978
-1
-1
-1
78 9978
-1
77 9908
-1
73 9816
-1
75 9975
-1
76 9988
-1
75 9898
-1
78 9897
-1
79 9757
-1
-1
-1
80 9894
-1
78 9854
-1
79 9808
-1
81 9991
-1
79 9992
-1
77 9802
-1
80 9966
-1
81 9956
-1
-1
-1
77 9999
-1
77 9955
-1
79 9988
-1
76 9952
-1
77 9992
-1
76 9864
-1
78 9962
-1
79 9982
-1
-1
-1
80 9862
-1
82 9964
-1
81 9814
-1
84 9926
-1
82 9794
-1
85 9986
-1
84 9879
-1
86 9777
-1
-1
-1
82 9966
-1
84 9992
-1
83 10000
-1
81 9924
-1
75 9810
-1
77 9807
-1
76 9898
-1
77 9985
-1
-1
-1
75 9926
-1
75 9959
-1
72 9942
-1
75 9987
-1
76 9966
-1
74 9860
-1
72 9979
-1
71 9846
-1
-1
-1
72 9967
-1
71 9951
-1
73 9909
-1
71 9829
-1
73 9943
-1
72 9947
-1
72 9964
-1
72 9916
-1
-1
-1
72 9946
-1
74 9993
-1
75 9906
-1
75 9966
-1
77 9980
-1
77 9898
-1
78 9865
-1
82 9959
-1
-1
-1
81 9936
-1
83 9965
-1
82 9942
-1
79 9869
-1
78 9834
-1
77 9995
-1
76 9899
-1
80 9986
-1
-1
-1
81 9923
-1
76 9928
-1
75 9895
-1
76 9992
196
81 10000
-1
80 9859
-1
80 9860
-1
83 9946
-1
-1
-1
78 9870
-1
80 9964
-1
80 9873
-1
83 9969
-1
87 9877
-1
81 9864
-1
80 9975
-1
80 9807
-1
-1
-1
85 9837
-1
88 9883
-1
89 9896
-1
86 9903
-1
86 9992
-1
87 9995
-1
83 9957
-1
84 9832
-1
-1
-1
88 10000
-1
86 9971
-1
82 9918
-1
83 9844
-1
84 9843
-1
84 9894
-1
85 9936
-1
85 9957
-1
-1
-1
84 9897
-1
83 9898
-1
86 10000
-1
86 9996
-1
88 9968
-1
85 9881
-1
85 9997
-1
84 9964
-1
-1
-1
86 9945
-1
86 9812
-1
85 9868
-1
82 9784
-1
83 9978
-1
85 9895
-1
84 9951
-1
83 9888
-1
-1
-1
82 9946
-1
74 9800
-1
77 9967
-1
78 9819
-1
77 9862
-1
73 9961
-1
74 9965
-1
75 9920
-1
-1
-1
74 9927
-1
74 9904
-1
75 9832
-1
75 9983
-1
78 9893
-1
78 9946
-1
80 10000
-1
80 9894
-1
-1
-1
77 9982
-1
75 9953
-1
76 9961
-1
75 9861
-1
76 9991
-1
78 9954
-1
79 9979
-1
74 9887
-1
-1
-1
76 9782
-1
79 9900
-1
82 9875
-1
81 9968
-1
82 9929
-1
83 9885
112
83 9986
-1
81 9973
-1
-1
-1
82 9935
-1
80 9912
-1
79 9792
-1
76 9902
-1
78 9943
-1
79 9955
-1
76 9992
-1
76 9948
-1
-1
-1
73 9867
-1
73 9925
-1
74 9982
-1
76 9867
-1
78 9952
-1
78 9980
-1
77 9887
-1
80 9990
-1
-1
-1
78 9807
-1
82 9979
-1
84 9999
-1
83 9926
-1
85 9959
-1
86 9992
-1
87 9929
-1
85 9955
-1
-1
-1
85 9968
-1
85 9907
-1
86 9864
-1
82 9921
-1
80 9993
-1
78 9989
-1
78 9956
-1
75 9763
-1
-1
-1
76 9873
-1
76 9849
-1
72 9917
-1
73 9994
-1
74 9989
-1
69 9842
-1
70 9798
-1
71 9767
-1
-1
-1
70 9887
-1
71 9853
-1
74 9968
-1
77 9995
-1
77 9969
-1
79 9979
-1
82 9992
-1
81 9942
-1
-1
-1
78 9826
-1
80 9938
-1
81 9922
-1
83 9977
-1
78 9996
-1
78 9972
-1
80 9930
-1
77 9896
-1
-1
-1
78 9880
-1
78 9964
-1
76 9941
-1
74 9902
-1
76 9882
-1
78 9946
-1
73 9958
-1
73 9985
-1
-1
-1
71 9996
-1
75 9892
-1
78 9846
-1
80 9943
-1
82 9962
-1
78 9939
-1
78 9988
-1
79 9945
-1
-1
-1
80 9867
-1
79 9877
-1
75 9988
-1
71 9990
-1
70 9964
-1
71 9862
-1
71 9953
-1
74 9944
-1
-1
-1
73 9975
-1
76 9961
-1
75 9906
-1
75 9827
-1
73 9883
-1
72 9909
-1
74 9807
-1
70 9899
-1
-1
-1
65 9947
-1
67 9840
-1
65 9975
-1
66 9829
-1
68 9860
-1
71 9923
-1
74 9861
-1
76 9953
-1
-1
-1
78 9934
-1
81 9928
-1
80 9882
-1
81 9916
-1
83 9939
-1
81 9994
-1
74 9803
-1
75 9915
-1
-1
-1
78 9984
-1
75 9986
-1
75 9948
-1
75 9953
-1
76 9901
-1
79 9957
-1
83 9982
-1
82 9863
-1
-1
-1
89 9946
-1
87 9943
-1
88 9971
-1
90 9923
-1
86 9897
-1
85 9970
-1
80 9960
-1
80 9939
-1
-1
-1
82 9908
109
79 9959
-1
81 9956
-1
82 9994
-1
80 9999
-1
81 9948
-1
84 9987
-1
86 9812
-1
-1
-1
87 9864
-1
89 9947
-1
85 9913
-1
82 9960
-1
80 9940
-1
80 9994
-1
82 9897
-1
84 9984
-1
-1
-1
78 9893
-1
81 9936
-1
79 9885
-1
77 9930
-1
79 9980
-1
77 9978
-1
75 9941
-1
76 9966
-1
-1
-1
79 9940
-1
78 9936
-1
77 9813
-1
80 9964
-1
82 9982
-1
83 9923
-1
83 9932
-1
83 9960
-1
-1
-1
81 9914
-1
76 9789
-1
81 9957
-1
81 9955
-1
78 9915
-1
77 9806
-1
78 9962
-1
81 9983
-1
-1
-1
84 9842
-1
87 9956
-1
85 9951
-1
88 9987
-1
86 9850
-1
87 9874
-1
90 9910
-1
89 9971
-1
-1
-1
88 9959
-1
90 10000
-1
87 9976
-1
83 9944
-1
83 9969
-1
80 9937
-1
74 9875
-1
75 9997
-1
-1
-1
78 9997
-1
83 9997
-1
82 9921
-1
82 9854
-1
82 9934
-1
80 9949
-1
81 9965
-1
83 9989
-1
-1
-1
73 9865
-1
71 9865
-1
73 9905
-1
71 9950
-1
73 9845
-1
76 9944
-1
77 9991
-1
77 9922
-1
-1
-1
82 10000
-1
82 9927
-1
83 9952
-1
82 9984
-1
81 9761
-1
85 9974
-1
81 9957
-1
82 9818
-1
-1
-1
86 9985
-1
84 9937
-1
85 9872
-1
84 9883
-1
83 9903
-1
83 9890
-1
85 9939
-1
82 9920
-1
-1
-1
79 9974
-1
79 9984
-1
80 9832
-1
79 9983
-1
77 9999
-1
79 9999
-1
76 9936
-1
76 9950
-1
-1
-1
78 9843
-1
78 9908
-1
77 9985
-1
76 9844
-1
77 9877
-1
79 9927
-1
76 9995
-1
79 9996
-1
-1
-1
78 9976
-1
77 9826
-1
83 9992
-1
85 9868
-1
87 9990
-1
85 9967
-1
83 9991
-1
84 9987
-1
-1
-1
82 9940
-1
81 9992
-1
82 9978
198
83 9959
-1
76 9840
-1
79 9989
-1
78 9838
-1
83 10000
-1
-1
-1
82 9831
-1
86 9999
-1
84 9972
-1
78 9994
-1
77 9946
-1
72 9958
-1
77 9982
-1
78 9899
-1
-1
-1
76 9961
-1
72 9981
-1
75 9818
-1
77 9817
-1
81 9954
-1
83 9998
-1
84 9945
-1
85 9957
-1
-1
-1
80 9942
-1
81 9961
-1
82 9972
-1
82 9919
-1
81 9988
-1
79 9950
-1
80 9851
-1
83 9904
-1
-1
-1
83 9887
-1
84 9960
-1
81 9878
-1
81 9830
-1
83 9919
-1
81 9967
-1
81 9915
-1
78 9929
47
-1
-1
76 9913
-1
75 9809
-1
75 9997
-1
70 9927
-1
68 9936
-1
69 9856
-1
66 9942
-1
66 9921
-1
-1
-1
69 9930
-1
68 9884
-1
68 9932
-1
70 9797
-1
74 9915
-1
77 9993
-1
80 9969
-1
80 9904
-1
-1
-1
82 9995
-1
80 9906
-1
80 9961
-1
79 9866
-1
75 9947
-1
74 9967
-1
70 9968
-1
67 9872
-1
-1
-1
69 9818
-1
67 9954
-1
69 9979
41
70 9901
-1
71 9895
-1
72 9988
-1
71 9973
-1
75 9928
-1
-1
-1
73 9813
-1
76 9938
-1
79 9981
-1
82 9910
-1
83 9952
-1
83 9923
-1
85 9988
-1
86 9927
-1
-1
-1
93 9974
-1
91 9979
-1
90 9893
-1
91 9903
-1
91 9997
-1
86 9895
-1
87 9900
-1
90 9969
-1
-1
-1
84 9917
-1
76 9995
-1
78 9981
-1
79 9981
-1
82 9998
-1
80 9998
-1
79 9805
-1
79 9943
-1
-1
-1
81 9842
-1
84 9888
-1
86 9997
-1
83 9997
-1
82 9946
-1
83 9865
-1
82 9893
-1
85 9981
-1
-1
-1
86 9974
-1
85 9979
-1
83 9874
-1
80 9822
-1
86 9990
-1
88 9876
-1
87 9910
-1
86 9958
-1
-1
-1
88 9935
-1
86 9856
-1
86 9938
-1
85 9853
-1
86 9997
-1
74 9778
-1
76 9839
-1
72 9945
-1
-1
-1
73 10000
-1
71 9895
-1
71 9993
-1
74 9996
-1
72 9881
-1
75 9996
-1
75 9889
-1
76 9796
-1
-1
-1
74 9875
-1
76 9869
-1
80 9937
-1
82 9951
-1
81 9960
-1
81 9858
-1
85 9884
-1
85 9869
-1
-1
-1
85 9987
-1
87 9880
-1
86 9980
-1
85 9927
-1
84 9955
-1
80 9977
-1
77 9803
-1
79 9996
-1
-1
-1
78 9859
-1
80 9934
-1
80 9987
-1
81 9946
-1
81 9876
-1
80 9894
-1
80 9976
-1
81 9867
-1
-1
-1
86 9989
-1
87 9990
-1
90 9907
-1
91 9898
-1
94 10000
-1
94 9954
-1
96 9988
-1
94 9787
-1
-1
-1
96 9824
-1
100 9984
-1
96 9932
-1
97 9988
-1
89 9857
-1
86 9861
-1
79 9988
-1
80 9834
-1
-1
-1
84 9906
-1
81 9984
-1
78 9896
-1
76 9890
-1
78 9800
-1
79 9910
-1
79 9815
-1
81 9965
-1
-1
-1
76 9815
-1
75 9858
-1
74 9993
-1
71 9992
-1
69 9761
-1
72 9999
-1
72 9918
-1
70 9911
-1
-1
-1
70 9987
-1
72 9991
-1
75 9953
-1
77 9814
-1
80 9820
-1
78 9842
-1
77 9935
-1
78 9959
-1
-1
-1
82 9770
-1
79 9950
-1
77 9833
-1
79 9853
-1
76 9867
-1
79 9857
-1
85 9823
-1
87 9903
-1
-1
-1
94 9903
-1
99 9946
-1
96 9971
-1
93 9992
14
96 9970
-1
99 9935
-1
94 9933
-1
96 9967
-1
-1
-1
88 9911
-1
80 9860
-1
78 9958
-1
79 9787
-1
81 9992
-1
80 9917
-1
78 9951
-1
78 9949
-1
-1
-1
72 9814
-1
73 9957
-1
71 9834
-1
73 9882
-1
74 9843
-1
76 9908
-1
76 9987
-1
78 9957
-1
-1
-1
78 9821
-1
80 9930
-1
82 9996
-1
80 9992
-1
78 9989
-1
75 9923
-1
76 9836
-1
77 9962
-1
-1
-1
73 9925
-1
77 9996
-1
72 9770
-1
74 9977
-1
76 9840
-1
78 9979
-1
75 9899
-1
77 9994
-1
-1
-1
80 9996
-1
80 9872
-1
80 9902
-1
81 9819
-1
84 9861
-1
85 9962
-1
82 9930
-1
83 9988
-1
-1
-1
86 9958
-1
83 10000
-1
83 9887
-1
88 9981
-1
85 9918
-1
84 9943
-1
84 9926
-1
84 9942
-1
-1
-1
82 9958
-1
79 9870
-1
80 9970
-1
81 9985
-1
77 9877
-1
78 9904
-1
78 9906
-1
78 9923
-1
-1
-1
78 9913
-1
81 9813
-1
82 9927
-1
80 9858
-1
80 9944
-1
79 9971
-1
77 9869
-1
75 9961
-1
-1
-1
77 9950
-1
75 9987
-1
79 9983
-1
79 9859
-1
80 9796
-1
81 9896
-1
83 9927
-1
85 9926
-1
-1
-1
91 9988
-1
85 9964
-1
80 9862
-1
77 9837
-1
79 9969
-1
76 9983
-1
76 9876
-1
74 9996
-1
-1
-1
73 9924
-1
74 9936
-1
76 9857
-1
82 9976
-1
81 9958
-1
80 9818
-1
83 9869
-1
84 9934
-1
-1
-1
84 9970
-1
85 9915
-1
85 9974
-1
83 9964
-1
79 9830
-1
81 9864
-1
81 9823
-1
80 9915
-1
-1
-1
77 9863
-1
74 9990
-1
73 9840
-1
77 9980
-1
76 9874
-1
76 9849
-1
75 9873
-1
76 9994
-1
-1
-1
80 9933
-1
81 9930
-1
81 9928
-1
83 9958
-1
82 9856
-1
87 9900
-1
87 9982
-1
87 9903
-1
-1
-1
85 9985
-1
85 9878
-1
86 9866
-1
87 9965
-1
86 9821
-1
86 9919
-1
83 9988
-1
84 9987
-1
-1
-1
86 9969
-1
85 9995
-1
85 9991
-1
83 9946
-1
82 9934
-1
84 9960
-1
81 9916
-1
84 9945
-1
-1
-1
78 9938
-1
75 9888
-1
73 9819
-1
73 9835
-1
72 9987
-1
74 9915
-1
74 9998
-1
73 9863
-1
-1
-1
76 9840
-1
81 9951
-1
81 9967
-1
82 10000
-1
80 9774
-1
83 9928
-1
80 9951
-1
80 9812
-1
-1
-1
78 9833
-1
74 9858
-1
76 9896
-1
76 9825
179
74 9856
-1
72 9921
-1
71 9986
-1
72 9955
-1
-1
-1
72 9976
-1
73 9983
-1
71 9958
-1
73 9852
-1
76 9998
-1
78 9976
-1
79 9982
-1
77 9819
-1
-1
-1
75 9847
-1
78 9969
-1
78 9893
-1
79 9986
-1
75 9843
228
78 9943
-1
75 9934
-1
77 9999
-1
-1
-1
76 9777
-1
75 9958
-1
77 9985
-1
76 9966
-1
76 9948
-1
77 9992
-1
77 9917
-1
79 9839
-1
-1
-1
81 9874
-1
81 9872
-1
83 9997
-1
85 9994
-1
83 9954
-1
83 9988
-1
84 9927
-1
86 9904
-1
-1
-1
87 9938
-1
89 9874
-1
87 9980
-1
91 9998
-1
86 9817
-1
83 9818
-1
83 9967
-1
81 9998
-1
-1
-1
79 9994
-1
76 9831
-1
75 9986
-1
70 9990
-1
71 9919
-1
73 9932
-1
73 9983
-1
73 9989
-1
-1
-1
70 9811
-1
74 9916
-1
73 9927
-1
76 9936
-1
78 9942
-1
80 9976
-1
80 9966
-1
80 9869
-1
-1
-1
83 9865
-1
85 9973
-1
85 9998
-1
83 9962
134
83 9926
-1
76 9869
-1
81 9889
-1
77 9903
-1
-1
-1
76 9978
-1
72 9925
-1
73 9995
-1
74 9970
-1
76 9789
-1
77 9878
-1
75 9844
-1
77 9878
-1
-1
-1
77 9911
-1
77 9955
-1
78 9974
-1
77 9846
-1
78 9852
-1
78 9894
-1
79 9902
-1
83 9836
-1
-1
-1
82 9968
-1
82 9919
-1
80 9996
-1
78 9869
-1
82 9937
-1
81 9896
-1
78 9897
-1
79 9946
-1
-1
-1
79 9884
-1
79 9910
-1
77 9850
-1
77 9953
-1
77 9925
-1
75 9983
-1
78 9892
-1
79 9791
-1
-1
-1
74 9998
-1
76 9902
-1
77 9859
-1
79 9921
-1
81 9973
-1
83 9930
-1
79 9928
-1
78 9942
-1
-1
-1
82 9916
-1
82 9958
-1
81 9865
-1
83 9942
-1
84 9936
-1
84 9917
-1
81 9999
-1
83 9989
-1
-1
-1
84 9966
-1
79 9886
-1
79 9998
-1
78 9950
-1
75 9950
-1
74 9952
-1
75 9896
-1
75 9867
-1
-1
-1
72 9910
-1
72 9851
-1
71 9820
-1
76 9904
-1
72 9847
-1
72 9979
-1
70 9886
-1
72 9822
-1
-1
-1
75 9933
-1
73 9910
-1
76 9962
-1
73 9950
-1
73 9777
-1
76 9977
-1
76 9884
-1
77 9949
-1
-1
-1
79 9979
-1
79 9888
-1
81 9933
-1
83 9965
-1
83 9972
-1
81 9830
-1
87 9995
-1
86 9975
-1
-1
-1
80 9989
-1
78 9904
-1
77 9808
-1
76 9883
-1
77 9929
-1
78 9968
-1
74 9977
-1
71 9855
-1
-1
-1
71 9985
-1
72 9929
-1
73 9984
-1
75 9999
-1
73 9825
-1
73 9928
-1
77 9855
-1
78 9867
-1
-1
-1
82 9970
-1
84 9924
-1
87 9957
-1
82 9945
-1
83 9820
-1
85 9813
-1
85 9859
-1
81 9970
-1
-1
-1
83 9983
-1
77 9955
-1
75 9873
-1
76 9959
-1
81 9991
-1
78 9929
-1
76 9965
-1
77 9967
-1
-1
-1
78 9865
-1
81 9962
-1
81 9943
-1
82 9990
-1
79 9986
-1
74 9923
-1
72 9948
-1
75 9917
5
-1
-1
71 9944
-1
68 9997
-1
66 9874
-1
70 9990
-1
72 9991
-1
72 9951
-1
74 9972
-1
74 9971
-1
-1
-1
76 9841
-1
81 9999
-1
84 9969
-1
83 9946
-1
82 9993
-1
84 9962
-1
86 9971
-1
88 9776
-1
-1
-1
89 9910
-1
90 9783
-1
92 9998
-1
86 9951
-1
83 9927
-1
89 9995
-1
88 9904
-1
87 9906
-1
-1
-1
80 9962
-1
80 9913
-1
80 9999
-1
79 9985
-1
81 9933
-1
82 9827
-1
78 9836
-1
81 9909
-1
-1
-1
84 9843
-1
84 9896
-1
86 9991
-1
80 9785
-1
79 9872
-1
79 9838
-1
77 9865
-1
74 9992
-1
-1
-1
75 9990
-1
77 9892
-1
78 9972
-1
77 9929
-1
79 9986
-1
79 9998
-1
80 9911
-1
81 9911
-1
-1
-1
79 9984
-1
81 9992
-1
81 9987
-1
83 9990
-1
84 9981
-1
82 9999
-1
77 9964
-1
78 9989
-1
-1
-1
82 9927
-1
83 9865
-1
80 9955
-1
78 9967
-1
82 9921
-1
84 9979
-1
84 9878
-1
88 9809
-1
-1
-1
94 9952
-1
96 9808
-1
96 9985
-1
90 9849
-1
92 9947
-1
93 9843
-1
93 9951
-1
90 9954
-1
-1
-1
85 9888
-1
86 9883
-1
81 9986
-1
82 9940
-1
81 9943
-1
80 9934
-1
79 9964
-1
81 9804
-1
-1
-1
82 9881
-1
86 9976
-1
82 9957
-1
81 9999
-1
80 9980
-1
83 9788
-1
86 9914
-1
84 9990
-1
-1
-1
73 9976
-1
71 9987
-1
72 9916
-1
70 9830
-1
72 9999
-1
70 9955
-1
71 9794
-1
72 9991
-1
-1
-1
75 9941
-1
76 9938
-1
77 9974
-1
78 9968
-1
80 9843
-1
80 9960
-1
79 9949
-1
78 9953
155
-1
-1
84 9972
-1
83 9958
-1
84 9990
-1
83 9959
-1
79 9864
-1
82 9926
-1
82 9884
-1
82 9952
-1
-1
-1
73 9929
-1
75 9853
-1
74 9839
-1
77 9941
-1
81 9971
-1
79 9992
-1
76 9968
-1
74 9846
-1
-1
-1
77 9981
-1
76 10000
-1
74 9986
-1
72 9919
-1
71 9938
-1
73 9905
-1
75 9845
-1
78 9904
-1
-1
-1
83 9941
-1
83 9988
-1
84 9950
-1
86 9899
-1
87 9992
-1
90 9922
-1
91 9955
-1
93 9958
-1
-1
-1
89 9983
-1
88 9974
-1
84 9968
-1
84 9869
-1
81 9775
-1
84 9829
-1
84 9880
-1
82 9843
-1
-1
-1
82 9964
-1
82 10000
-1
80 9992
-1
81 9932
-1
81 9927
-1
84 9915
-1
81 9986
-1
80 9859
185
-1
-1
80 9962
-1
83 9941
-1
87 9970
-1
87 9977
-1
86 9920
-1
83 9988
-1
78 9778
-1
79 9890
-1
-1
-1
79 9973
-1
76 9992
-1
73 9984
-1
72 9968
-1
73 9834
-1
76 9801
-1
79 9924
-1
81 9990
-1
-1
-1
76 9967
-1
75 9894
-1
76 9912
-1
74 9887
-1
77 9940
-1
74 9928
-1
70 9850
-1
70 9829
-1
-1
-1
75 9836
-1
79 9949
-1
80 9923
-1
80 9982
-1
78 9975
-1
77 9889
-1
81 9828
-1
82 9810
-1
-1
-1
85 9905
-1
84 9835
-1
84 9998
-1
84 9934
-1
84 9861
-1
82 9885
-1
83 9783
-1
79 9910
-1
-1
-1
76 9946
-1
75 9961
-1
73 9987
-1
71 9929
-1
71 9938
-1
73 9990
-1
73 9850
-1
78 9990
-1
-1
-1
80 9995
-1
82 9865
-1
82 9982
-1
85 9952
-1
86 9786
-1
88 9897
-1
89 9960
-1
88 9871
-1
-1
-1
84 9806
-1
86 9832
-1
85 9996
-1
86 9884
-1
83 9947
-1
84 9904
-1
83 9943
-1
80 9953
-1
-1
-1
80 9813
-1
80 9941
-1
81 9900
-1
79 9963
-1
79 9997
-1
76 9950
-1
77 9906
-1
78 9936
-1
-1
-1
78 9843
-1
79 9964
-1
78 9982
-1
75 9852
-1
76 9905
-1
76 9917
-1
77 9887
-1
76 9974
-1
-1
-1
74 9980
-1
71 9888
-1
73 9898
-1
73 9865
-1
77 9964
-1
76 9893
-1
76 9874
-1
74 9843
-1
-1
-1
75 9806
-1
77 9989
-1
79 9938
-1
75 9988
-1
75 9922
-1
74 9909
-1
72 9919
-1
74 9907
-1
-1
-1
75 9969
-1
73 9896
-1
76 9905
-1
75 9989
-1
74 9969
-1
75 9964
-1
78 9935
-1
80 9944
-1
-1
-1
75 9893
-1
77 9955
-1
80 9970
-1
79 9927
-1
79 9947
-1
79 9981
-1
81 9960
-1
78 9906
-1
-1
-1
79 9943
-1
80 9892
-1
82 9953
-1
81 9992
-1
79 9931
-1
81 9971
-1
77 9951
-1
78 9946
-1
-1
-1
80 9933
-1
79 9803
-1
81 9834
-1
80 9976
-1
81 9910
-1
78 9874
-1
79 9994
-1
82 9810
-1
-1
-1
84 9957
-1
80 9930
-1
82 9915
-1
80 9765
-1
79 9998
-1
77 9889
-1
75 9914
-1
72 9983
-1
-1
-1
73 9828
-1
76 9810
-1
75 9948
-1
76 9999
-1
76 9880
-1
77 9968
-1
77 10000
-1
78 9835
-1
-1
-1
82 9924
-1
82 9886
-1
79 9869
-1
79 9892
-1
74 9951
-1
75 9827
86
75 9839
-1
79 9997
-1
-1
-1
79 9993
-1
76 9868
-1
75 9995
-1
74 9842
-1
72 9980
-1
75 9987
-1
76 9973
-1
78 9990
-1
-1
-1
79 9941
-1
78 9959
-1
78 9882
-1
83 9816
-1
83 9950
-1
86 9992
-1
88 9946
-1
85 9755
-1
-1
-1
80 9919
-1
78 9813
-1
80 9961
-1
82 9975
-1
83 9996
-1
80 9860
-1
81 9967
-1
80 9895
-1
-1
-1
82 9996
-1
83 9842
-1
83 9789
-1
84 9986
-1
78 9961
-1
74 9858
-1
76 9876
-1
76 9934
-1
-1
-1
77 9992
-1
78 9963
-1
74 9999
-1
72 9865
-1
75 9853
-1
76 9975
-1
82 9997
-1
81 9921
-1
-1
-1
76 9828
-1
74 9944
-1
75 9789
-1
76 9848
-1
79 9789
-1
78 9795
-1
81 9980
-1
74 9979
-1
-1
-1
76 9802
-1
80 9982
-1
80 9946
-1
80 9900
-1
83 9834
-1
82 9995
-1
80 9777
-1
79 9909
-1
-1
-1
77 9918
-1
80 9950
-1
83 9966
-1
80 9938
-1
83 9987
-1
77 9788
-1
79 9984
-1
78 9965
-1
-1
-1
79 9954
-1
79 9895
-1
72 9787
-1
74 9935
-1
74 9991
-1
72 9977
-1
72 9937
-1
72 9985
-1
-1
-1
74 10000
-1
70 9853
-1
73 9874
-1
75 9819
-1
72 9895
-1
73 9903
-1
71 9982
-1
70 9993
-1
-1
-1
73 9986
-1
76 9841
-1
77 9959
-1
74 9817
-1
76 9965
-1
78 9992
-1
80 9863
-1
83 9993
-1
-1
-1
85 9933
-1
85 9998
-1
85 9996
-1
83 9875
-1
84 9871
-1
84 9951
-1
86 9970
-1
83 9971
-1
-1
-1
81 9941
-1
81 9948
-1
75 9867
-1
75 9934
-1
74 9876
-1
74 9964
-1
71 9928
-1
69 9965
-1
-1
-1
69 9976
-1
69 9979
-1
71 9893
-1
71 9956
-1
72 9861
-1
74 9949
-1
75 9937
-1
77 9825
-1
-1
-1
78 9830
-1
81 9901
-1
84 9902
-1
86 9948
-1
90 9968
-1
87 9999
-1
89 9957
-1
92 9988
-1
-1
-1
95 9900
-1
94 9794
-1
92 9812
-1
93 9986
-1
89 9939
-1
84 9868
-1
85 9973
-1
84 9921
-1
-1
-1
79 9986
-1
77 9950
-1
78 9937
-1
78 9886
-1
80 9811
-1
80 9772
-1
84 9915
-1
85 9944
-1
-1
-1
85 9903
-1
85 9995
-1
86 9982
-1
82 9911
-1
83 9997
-1
79 9833
-1
82 9992
-1
81 9995
-1
-1
-1
72 9885
-1
73 9995
-1
69 9899
-1
70 9830
-1
71 9978
-1
69 9861
-1
65 9885
-1
68 9935
-1
-1
-1
74 9974
-1
73 9867
-1
75 9978
-1
77 9883
-1
80 9994
-1
78 9980
-1
80 9965
-1
79 9908
-1
-1
-1
73 9981
-1
74 9936
-1
73 9954
-1
76 9990
-1
74 9961
-1
75 9981
-1
74 9908
-1
77 9985
-1
-1
-1
77 9894
-1
78 9975
-1
79 9988
-1
79 9890
-1
78 9958
-1
76 9963
-1
79 9998
-1
79 9956
-1
-1
-1
81 9914
-1
81 9926
-1
83 9903
-1
78 9898
-1
80 9873
-1
78 9817
-1
81 9948
-1
81 9946
-1
-1
-1
81 9915
-1
84 9957
-1
81 9966
-1
84 9904
-1
86 9939
-1
88 9846
-1
85 9995
-1
87 9973
-1
-1
-1
88 9970
-1
87 9930
-1
88 9999
-1
87 9898
-1
89 9948
-1
83 9941
-1
79 9837
-1
82 9965
-1
-1
-1
82 9898
-1
82 9960
-1
80 9819
-1
81 9977
-1
80 9980
-1
80 9808
-1
82 9970
-1
84 9933
-1
-1
-1
85 9941
-1
81 9977
-1
79 9999
-1
78 9815
-1
75 9893
-1
75 9902
-1
79 9951
-1
80 9904
-1
-1
-1
81 9955
-1
77 9822
-1
78 9929
-1
82 9963
-1
80 9814
-1
81 9846
-1
83 9822
-1
79 9987
-1
-1
-1
77 9946
-1
79 9984
-1
80 9858
-1
80 9985
-1
76 9911
-1
80 9993
-1
82 9986
-1
83 9962
-1
-1
-1
83 9980
-1
83 9926
-1
85 9976
-1
83 9888
-1
84 9919
-1
86 9914
-1
81 9996
-1
77 9952
-1
-1
-1
82 9872
-1
83 9999
-1
78 9762
-1
82 9997
-1
81 9907
-1
83 9978
-1
81 9883
-1
81 9775
-1
-1
-1
82 9985
-1
78 9990
-1
78 9910
-1
77 9908
-1
73 9965
-1
70 9885
-1
73 9998
-1
76 9970
-1
-1
-1
78 9998
-1
78 9901
-1
77 9872
-1
78 9954
-1
81 9973
-1
82 9874
-1
82 9963
-1
83 9994
-1
-1
-1
83 9971
-1
83 9855
-1
82 9966
-1
82 9813
-1
83 9944
-1
85 9955
-1
84 9890
-1
84 9841
29
-1
-1
82 9948
-1
80 9979
-1
80 9912
-1
83 9882
-1
81 9920
-1
76 9895
-1
79 9959
-1
80 9990
-1
-1
-1
79 9875
-1
80 9891
-1
83 9958
-1
82 9982
-1
83 9855
-1
84 9938
-1
85 9799
-1
85 9943
-1
-1
-1
81 9872
-1
78 9967
-1
77 9966
-1
74 9935
-1
75 9976
-1
75 9794
-1
74 9835
-1
77 9865
-1
-1
-1
80 9892
-1
81 9992
-1
80 9880
-1
78 9829
-1
77 9847
-1
76 9988
-1
77 9996
-1
73 9997
-1
-1
-1
74 9946
-1
76 9947
-1
78 9900
-1
80 9924
-1
82 9943
-1
84 9888
-1
84 9926
-1
85 9868
-1
-1
-1
86 9925
-1
87 9969
-1
86 9983
-1
80 9983
-1
76 9860
-1
75 9996
-1
78 9991
-1
77 9899
-1
-1
-1
76 9875
-1
77 9874
-1
78 9972
-1
80 9969
-1
80 9878
-1
82 9985
-1
84 9982
-1
78 9861
-1
-1
-1
80 9862
-1
79 9975
-1
78 9993
-1
77 9924
-1
77 9962
-1
76 9971
-1
74 9882
-1
75 9929
-1
-1
-1
76 9870
-1
75 9979
-1
73 9959
-1
73 9948
-1
70 9825
-1
66 9876
-1
66 9896
-1
66 9952
-1
-1
-1
66 9839
-1
66 9776
-1
68 9932
-1
68 9989
-1
70 9989
-1
72 9890
-1
71 9943
-1
73 9999
-1
-1
-1
76 9922
-1
78 9964
-1
76 9873
-1
78 9771
-1
80 9954
-1
78 9919
-1
78 9994
-1
80 9936
-1
-1
-1
79 9785
-1
77 9978
-1
74 9981
-1
69 9922
-1
70 9978
-1
71 9791
-1
71 9877
-1
73 9953
-1
-1
-1
69 9904
-1
71 9767
-1
73 9946
-1
75 9852
-1
75 9938
-1
76 9765
-1
74 9907
-1
73 9988
-1
-1
-1
77 9945
-1
78 9911
-1
77 9797
-1
80 10000
-1
80 9882
-1
82 9955
-1
84 9786
-1
87 9899
-1
-1
-1
89 9979
-1
89 9954
-1
90 9825
-1
89 9850
-1
88 9960
-1
90 9930
-1
87 9981
-1
81 9865
-1
-1
-1
80 9811
-1
79 9975
-1
72 9846
-1
74 9989
-1
73 9964
-1
71 9999
-1
71 9985
-1
71 9942
-1
-1
-1
73 9929
-1
72 9929
-1
72 9811
-1
74 9977
-1
76 9960
-1
78 9938
-1
81 9819
-1
83 9979
-1
-1
-1
85 9965
-1
85 9919
-1
86 9961
-1
90 9908
-1
94 9853
17
95 9838
-1
96 9940
-1
96 9853
-1
-1
-1
94 9849
-1
93 9996
-1
88 9901
-1
88 9958
-1
89 9997
-1
84 9969
-1
83 9949
-1
82 9951
-1
-1
-1
78 9982
-1
79 9985
-1
77 9941
-1
79 9890
57
76 9960
-1
77 9928
-1
72 9854
-1
71 9886
-1
-1
-1
71 9907
-1
68 9830
234
68 9757
-1
70 9993
-1
67 9851
-1
70 9803
-1
72 9890
-1
73 9957
-1
-1
-1
76 9958
-1
79 9807
-1
83 9959
-1
81 9783
-1
79 9905
-1
81 9804
-1
78 9989
-1
78 9878
-1
-1
-1
72 9829
-1
72 9961
-1
74 9992
-1
73 9925
-1
76 9784
-1
80 9901
-1
75 9824
-1
76 9815
-1
-1
-1
80 9883
-1
78 9947
-1
77 9935
-1
71 9840
-1
71 9875
-1
69 9980
-1
70 9882
-1
72 9921
-1
-1
-1
72 9999
-1
72 9932
-1
72 9890
-1
76 9943
-1
82 9933
-1
81 9880
-1
83 9884
-1
82 9818
-1
-1
-1
84 9979
-1
84 9791
-1
84 9906
-1
86 9884
-1
81 9948
-1
75 9977
-1
77 9971
-1
78 9922
-1
-1
-1
78 9870
-1
76 9761
-1
76 9871
-1
75 9798
-1
76 9950
-1
76 9913
-1
76 9859
-1
69 9824
-1
-1
-1
70 9832
-1
77 9937
183
78 9899
-1
77 9914
-1
79 9948
-1
77 9882
-1
77 9929
-1
78 9980
-1
-1
-1
78 9843
-1
69 9980
-1
71 9990
-1
71 9813
-1
70 9985
-1
74 9982
-1
72 9988
-1
72 9961
-1
-1
-1
76 9937
-1
77 9855
-1
76 9797
-1
76 9898
-1
77 9952
-1
74 9877
-1
75 9935
-1
76 9880
-1
-1
-1
75 9987
-1
77 9938
-1
76 9898
-1
79 9884
-1
78 9929
-1
77 9973
-1
78 9944
-1
78 9975
-1
-1
-1
79 9803
-1
79 9950
-1
77 9999
-1
72 9902
-1
74 9998
-1
75 9967
-1
78 9781
-1
81 9960
-1
-1
-1
80 9843
-1
80 9973
-1
80 9872
-1
81 9991
-1
86 10000
-1
87 9932
-1
85 9944
-1
89 9991
-1
-1
-1
85 9830
-1
88 9883
-1
88 9995
-1
88 9921
-1
89 9991
-1
84 9864
-1
84 9939
-1
85 9971
-1
-1
-1
90 9919
-1
88 9977
-1
89 9885
-1
91 9925
-1
88 9916
-1
88 9838
-1
89 9948
-1
92 9986
-1
-1
-1
93 10000
-1
94 9995
-1
84 9944
-1
84 9926
-1
84 9972
-1
83 9911
-1
83 9960
-1
80 9904
-1
-1
-1
79 9775
-1
74 9896
-1
76 9902
-1
80 9888
-1
82 9941
-1
80 9979
-1
75 9874
-1
75 9856
-1
-1
-1
79 9950
-1
78 9781
-1
81 9848
-1
79 9962
-1
73 9865
-1
73 9847
-1
76 9963
-1
77 9920
-1
-1
-1
71 9840
-1
71 9776
-1
71 9773
-1
73 9837
-1
77 9997
-1
78 9992
-1
79 9910
-1
80 9973
-1
-1
-1
81 9954
-1
81 9833
-1
80 9787
-1
81 9976
-1
80 9961
-1
77 9968
-1
76 9886
-1
74 9990
-1
-1
-1
75 9890
-1
74 9814
-1
73 9850
-1
73 9942
-1
76 9909
-1
76 9960
-1
81 9911
-1
79 9935
-1
-1
-1
75 9827
-1
79 9997
-1
79 9967
-1
82 9934
-1
84 9994
-1
82 9944
-1
82 9837
-1
83 9996
-1
-1
-1
82 9956
-1
81 9937
-1
80 9973
-1
79 9968
-1
80 9987
-1
77 9931
-1
76 9849
-1
77 9915
-1
-1
-1
77 9864
-1
77 9873
-1
79 9865
-1
80 9823
-1
82 9817
-1
85 9999
-1
86 9885
-1
86 9958
-1
-1
-1
86 9996
-1
84 9824
-1
86 9846
-1
88 9881
-1
83 9826
-1
83 9883
-1
79 9996
-1
80 9929
-1
-1
-1
76 9989
-1
77 9942
-1
79 9939
-1
80 9977
-1
78 9779
-1
76 9793
-1
79 9792
-1
78 9930
-1
-1
-1
79 9954
-1
80 9941
-1
81 9952
-1
74 9846
-1
73 9952
-1
76 9779
-1
76 9990
-1
76 9982
-1
-1
-1
74 9936
-1
76 9919
-1
79 9913
-1
77 9813
-1
78 9989
-1
80 9948
-1
79 9837
-1
79 9946
-1
-1
-1
79 9891
-1
79 9809
-1
79 9977
-1
76 9816
-1
77 9780
-1
80 9984
-1
80 9992
-1
80 9883
-1
-1
-1
79 9996
-1
80 9984
-1
79 9977
-1
79 9920
-1
83 10000
-1
80 9875
-1
83 9923
-1
84 9986
-1
-1
-1
82 9884
-1
83 9975
-1
82 9912
-1
84 9909
-1
82 9978
-1
79 9957
-1
77 9956
-1
76 9932
-1
-1
-1
74 9980
-1
73 9967
-1
77 9976
-1
75 9963
-1
75 9971
-1
73 9802
-1
74 9920
-1
77 9959
-1
-1
-1
75 9898
-1
77 9967
-1
76 9987
-1
73 9913
-1
78 9998
-1
77 9893
-1
82 9992
-1
82 9941
-1
-1
-1
84 9969
-1
85 9975
-1
86 9941
-1
86 9961
-1
87 9991
-1
86 9905
-1
86 9963
-1
86 9999
-1
-1
-1
86 9855
-1
84 9925
-1
82 9841
-1
80 9995
-1
81 9973
-1
83 9991
-1
81 9881
-1
78 9932
-1
-1
-1
79 9976
-1
77 9968
-1
77 9982
-1
77 9885
-1
78 9876
-1
79 9867
-1
77 9878
-1
76 9970
-1
-1
-1
78 9987
-1
77 9965
-1
76 9824
-1
76 9980
-1
75 9815
-1
76 9934
-1
78 9962
-1
78 9924
-1
-1
-1
73 9886
-1
71 9998
-1
71 9906
-1
73 9860
-1
75 9877
-1
74 9920
-1
76 9993
-1
76 9949
-1
-1
-1
80 9985
-1
81 9983
-1
83 9946
-1
83 9827
-1
84 9883
-1
82 9943
-1
84 9987
-1
83 9939
-1
-1
-1
86 9890
-1
85 9983
-1
83 9985
-1
85 9982
-1
86 9907
-1
85 9920
-1
83 9846
-1
88 9985
-1
-1
-1
85 9968
-1
84 9971
-1
85 9988
-1
84 9951
-1
82 9968
-1
82 9990
-1
80 9781
-1
79 9888
-1
-1
-1
80 9984
-1
80 9880
-1
79 9937
-1
78 9828
-1
78 9822
-1
78 9943
-1
74 9821
-1
76 9838
-1
-1
-1
80 9842
-1
78 9838
-1
80 9926
-1
78 9970
-1
78 9943
-1
81 9988
-1
81 9775
-1
84 9944
-1
-1
-1
80 9962
-1
82 9986
-1
81 9916
-1
81 9906
-1
82 10000
-1
81 9910
-1
81 10000
-1
77 9992
-1
-1
-1
81 9991
-1
82 9947
-1
82 9948
-1
82 9964
-1
82 9944
-1
83 9978
-1
87 9818
-1
88 9967
-1
-1
-1
88 9863
-1
87 9962
-1
82 9922
-1
85 9978
-1
82 9832
-1
80 9852
-1
80 9942
-1
79 9847
-1
-1
-1
78 9963
-1
78 9842
-1
80 9916
-1
80 9808
-1
80 9962
-1
77 9930
-1
77 9945
-1
80 9866
-1
-1
-1
76 9986
-1
75 9949
-1
77 9894
-1
76 9823
-1
76 9921
-1
78 9848
-1
82 9954
-1
81 9955
-1
-1
-1
79 9992
-1
80 9947
-1
82 9794
-1
86 9845
-1
82 9928
-1
82 9759
-1
83 9991
-1
82 9996
-1
-1
-1
79 9923
-1
80 9999
-1
79 9935
-1
71 9792
-1
76 9972
-1
75 9971
-1
74 9944
-1
75 9866
-1
-1
-1
76 9932
-1
77 9928
-1
73 9852
-1
76 9880
-1
75 9911
-1
77 9921
-1
79 9991
-1
78 9995
-1
-1
-1
76 9959
-1
75 9978
-1
77 9970
-1
78 9942
-1
78 9949
-1
78 9922
-1
77 9848
-1
80 9996
-1
-1
-1
79 9774
-1
79 9879
-1
79 9997
-1
76 9912
-1
75 9869
-1
78 9919
-1
76 9944
-1
73 9949
-1
-1
-1
77 9996
-1
77 9969
-1
81 9988
-1
79 9835
-1
81 9819
-1
84 9892
-1
80 9982
-1
81 9996
-1
-1
-1
81 9994
-1
79 9909
-1
80 9787
-1
78 9942
-1
79 9979
-1
80 9998
-1
78 9981
-1
76 9766
-1
-1
-1
76 9872
-1
77 9899
-1
74 9860
-1
73 9960
-1
74 9840
-1
76 9882
-1
79 9853
-1
79 9903
-1
-1
-1
82 9976
-1
84 9917
-1
80 9930
-1
84 9887
-1
86 9969
-1
88 9919
-1
84 9810
-1
81 9830
-1
-1
-1
81 9845
-1
84 9991
-1
84 9966
-1
85 9997
-1
89 9980
-1
85 9987
-1
87 9977
-1
88 9988
-1
-1
-1
83 9823
-1
87 9943
-1
89 9987
-1
83 9868
-1
84 9961
-1
80 9853
-1
84 9908
-1
82 9896
-1
-1
-1
80 9855
-1
81 9812
-1
81 9862
-1
79 9886
-1
82 9972
-1
85 9971
-1
84 9959
-1
86 9961
-1
-1
-1
87 9973
-1
86 9998
-1
86 9957
-1
84 9940
-1
83 9910
-1
82 9818
-1
79 9872
-1
80 9899
-1
-1
-1
75 9938
-1
76 9875
-1
77 9995
-1
78 9975
-1
77 9909
-1
77 9998
-1
74 9928
-1
77 9824
-1
-1
-1
77 9932
-1
80 9961
-1
76 9862
-1
73 9925
-1
74 9952
-1
76 9830
-1
78 9961
-1
81 9998
-1
-1
-1
79 9930
-1
80 9935
-1
77 9887
-1
81 9897
-1
80 9875
-1
80 9882
-1
78 9858
-1
79 9822
-1
-1
-1
77 9961
-1
77 9773
-1
78 9879
-1
83 9990
-1
79 9985
-1
82 9871
-1
83 9864
-1
83 9981
-1
-1
-1
80 9974
-1
81 9968
-1
82 9874
-1
82 9969
-1
79 9960
-1
80 9927
-1
79 9962
-1
79 9983
-1
-1
-1
80 9973
-1
81 9866
-1
82 9979
-1
82 9940
-1
86 9849
-1
85 9951
-1
84 9848
-1
85 9943
-1
-1
-1
80 9784
-1
83 9920
-1
82 9980
-1
83 9932
-1
82 9994
-1
79 9983
-1
78 9865
-1
79 9846
-1
-1
-1
79 9897
-1
78 9936
-1
76 9971
-1
76 9812
-1
75 9938
-1
74 9966
-1
75 9980
-1
74 9995
-1
-1
-1
76 9858
-1
78 9906
-1
79 9883
-1
80 9924
-1
76 9873
-1
76 9959
-1
77 9866
-1
79 9890
-1
-1
-1
74 9819
-1
76 9999
-1
72 9966
-1
73 9856
-1
77 9945
-1
78 9977
-1
75 9953
-1
72 9790
-1
-1
-1
77 9969
-1
79 9958
-1
78 9981
-1
81 9955
-1
81 9862
-1
83 9969
-1
83 9987
-1
83 9933
-1
-1
-1
85 9826
-1
85 9950
-1
82 9956
-1
82 9902
-1
83 9987
-1
82 9938
-1
77 9966
-1
76 9910
-1
-1
-1
81 9975
-1
79 9992
-1
78 9948
-1
80 9998
-1
80 9969
-1
79 9951
-1
76 9857
-1
78 9776
-1
-1
-1
83 9967
-1
81 9945
-1
83 9865
-1
84 9905
-1
83 9998
-1
82 9880
-1
81 9983
138
81 9876
-1
-1
-1
79 9894
-1
78 9805
-1
78 9977
-1
76 9991
-1
76 9943
-1
78 9959
-1
76 9993
-1
79 9988
-1
-1
-1
82 9863
-1
83 9964
-1
83 9845
-1
87 9928
-1
85 9766
-1
88 9990
-1
87 9851
-1
85 9950
-1
-1
-1
81 9920
-1
81 9916
-1
78 9916
-1
77 9850
-1
75 9870
-1
76 9955
-1
79 9975
-1
81 9978
-1
-1
-1
85 9990
-1
83 9905
-1
85 9995
-1
84 9861
-1
83 9969
-1
85 9955
-1
86 9998
-1
77 9983
-1
-1
-1
75 9941
-1
73 9982
-1
69 9944
-1
70 9951
-1
73 9859
-1
76 9872
-1
78 9994
-1
78 9909
-1
-1
-1
79 9891
-1
78 9853
-1
82 9966
-1
84 9995
-1
84 9800
-1
82 9993
-1
77 9995
-1
74 9881
-1
-1
-1
73 9853
-1
76 9838
-1
77 9990
-1
77 9874
-1
75 9833
-1
78 9884
-1
77 9855
-1
77 9905
-1
-1
-1
76 9859
-1
78 9999
-1
76 9843
-1
78 9922
-1
76 9820
-1
76 9991
-1
76 9963
-1
80 9980
-1
-1
-1
79 9973
-1
79 9926
-1
79 9966
-1
79 9829
-1
78 9943
-1
75 9862
-1
73 9986
-1
70 9763
-1
-1
-1
74 9876
-1
74 9954
-1
76 9977
-1
75 9826
-1
74 9859
-1
76 9970
-1
75 9847
-1
78 9955
-1
-1
-1
75 9928
-1
71 9879
-1
68 9918
-1
69 9972
-1
71 9798
-1
71 9974
-1
72 9901
-1
71 9967
-1
-1
-1
77 9842
-1
80 9961
-1
84 9985
-1
85 9984
-1
88 9961
-1
88 9923
-1
91 9977
-1
92 9963
-1
-1
-1
93 9813
-1
96 9996
-1
87 9841
-1
84 9983
-1
81 9984
-1
80 9928
-1
77 9987
-1
73 9911
-1
-1
-1
74 9892
-1
75 10000
-1
72 9834
-1
76 9888
-1
78 9822
-1
79 9842
-1
81 9982
-1
79 9881
-1
234
-1
80 9989
-1
78 9797
-1
77 9959
-1
79 9957
-1
77 9936
-1
74 9997
-1
74 9933
-1
75 9882
-1
-1
-1
77 9964
-1
75 9975
-1
74 9851
-1
74 9938
-1
73 9809
-1
76 9983
-1
74 9957
-1
74 9942
-1
-1
-1
78 9973
-1
75 9893
-1
74 9842
-1
77 9815
-1
81 9985
-1
78 9997
-1
80 9940
-1
79 9992
-1
-1
-1
83 9968
-1
80 9771
-1
83 9991
-1
81 9851
-1
81 9999
-1
78 9911
-1
78 9996
-1
80 9995
-1
-1
-1
80 9917
-1
78 9982
-1
75 9903
-1
77 9946
-1
78 9914
-1
78 9878
-1
81 9949
-1
84 9991
-1
-1
-1
81 9971
-1
80 9885
-1
80 9935
-1
83 9989
-1
83 9923
-1
83 9885
-1
80 9877
-1
78 9848
-1
-1
-1
81 9965
-1
81 9861
-1
84 9957
-1
79 9971
-1
74 9961
-1
73 9886
-1
74 9849
-1
73 9864
-1
-1
-1
69 9992
-1
64 9884
-1
66 9908
-1
69 9977
-1
70 9913
-1
69 9931
-1
69 9929
-1
69 9983
-1
-1
-1
66 9845
-1
66 9915
-1
65 9792
-1
68 9907
-1
68 9997
-1
69 9859
-1
72 9989
-1
73 9923
-1
-1
-1
78 9992
-1
79 9822
-1
81 9921
-1
83 9962
-1
83 9922
-1
79 9850
-1
80 9855
-1
80 9984
-1
-1
-1
80 9969
-1
80 9886
-1
80 9954
-1
77 9960
-1
76 9989
-1
79 9868
-1
81 9836
-1
81 9947
-1
-1
-1
73 9760
-1
77 9870
-1
75 9839
-1
75 9986
-1
77 9985
-1
77 9984
-1
72 9943
-1
71 9884
-1
-1
-1
72 9822
-1
73 9971
-1
74 9866
-1
72 9940
-1
71 9870
-1
70 9838
-1
72 9985
-1
75 9824
-1
-1
-1
82 9980
-1
81 9921
-1
82 9983
-1
83 9942
-1
86 9793
-1
90 9961
-1
86 9927
-1
89 9904
-1
-1
-1
87 9904
-1
88 9878
-1
82 9791
-1
78 9801
-1
72 9917
-1
73 9995
-1
74 9954
-1
70 9893
-1
-1
-1
72 9988
-1
71 9851
-1
73 9955
-1
74 9988
-1
75 9838
-1
74 9994
-1
73 9864
-1
77 9954
-1
-1
-1
74 9910
-1
74 9981
-1
75 9860
-1
76 9976
-1
78 9933
-1
80 9928
-1
80 9848
-1
81 9922
-1
-1
-1
80 9942
-1
82 9963
-1
81 9847
-1
81 9996
-1
84 9920
-1
86 9978
-1
84 9814
-1
86 9984
-1
-1
-1
84 9979
-1
84 9982
-1
83 9965
-1
83 9864
-1
82 9933
-1
81 9959
-1
78 9906
-1
79 9889
-1
-1
-1
78 9825
-1
81 9932
-1
82 9916
-1
83 9951
-1
87 9980
-1
86 9877
-1
87 9813
-1
85 9859
-1
-1
-1
85 9979
-1
84 9922
-1
80 9958
-1
82 9923
-1
82 9985
-1
78 9997
-1
80 9893
-1
81 9969
-1
-1
-1
82 9853
-1
83 9910
-1
82 9964
-1
83 9919
-1
83 9867
-1
85 9874
-1
83 9934
-1
77 9837
-1
-1
-1
78 9951
-1
77 9940
-1
76 9817
-1
81 9951
-1
81 9876
-1
81 9990
-1
79 9931
-1
81 9992
-1
-1
-1
84 9885
-1
84 9971
-1
82 9949
-1
81 9985
-1
81 9974
-1
83 9814
-1
80 9782
-1
80 9907
-1
-1
-1
81 9986
-1
78 9941
-1
76 9794
-1
79 9998
-1
80 9888
-1
76 9973
-1
74 9837
-1
75 9977
-1
-1
-1
78 9971
-1
77 9852
-1
81 9987
-1
79 9975
-1
76 9984
-1
75 9834
-1
78 9885
-1
77 9987
-1
-1
-1
75 9830
-1
78 9937
-1
73 9976
-1
73 9903
-1
76 9906
-1
76 9846
-1
73 9962
-1
73 9924
-1
-1
-1
76 9880
-1
74 9897
-1
75 9851
-1
77 9971
-1
77 9995
-1
75 9861
-1
74 9799
-1
78 9840
-1
-1
-1
74 9981
-1
75 9977
-1
75 9947
-1
76 9903
-1
80 9998
-1
78 9908
-1
77 9825
-1
82 9904
-1
-1
-1
76 9992
-1
77 9983
-1
76 9915
-1
78 9996
-1
73 9813
-1
74 9925
-1
76 9947
-1
78 9920
-1
-1
-1
78 9923
-1
82 9992
-1
85 9987
-1
86 9931
-1
87 9986
-1
87 9958
-1
86 9812
-1
86 9972
100
-1
-1
81 9867
-1
85 9974
-1
87 9992
-1
89 9978
-1
85 9987
-1
82 9769
-1
85 9834
-1
87 9920
-1
-1
-1
90 9858
-1
89 9891
-1
91 9940
-1
89 9935
-1
85 9993
-1
79 9992
-1
80 9814
-1
78 9975
-1
-1
-1
77 9859
-1
78 9930
-1
78 9949
-1
76 9935
-1
76 9940
-1
76 9973
-1
76 9893
-1
78 9925
-1
-1
-1
75 9964
-1
75 9988
-1
75 9986
-1
76 9928
-1
80 9983
-1
83 9994
-1
84 9997
-1
86 9980
-1
-1
-1
84 10000
-1
85 9907
-1
83 9959
-1
83 9919
-1
82 9933
-1
76 9907
-1
74 9950
-1
70 9940
-1
-1
-1
69 9981
-1
66 9954
-1
67 9959
-1
70 9829
-1
71 9972
-1
73 9835
-1
75 9924
-1
77 9963
-1
-1
-1
81 9965
-1
82 9928
-1
83 9885
-1
82 9946
-1
80 9947
-1
80 9996
-1
80 9856
-1
82 9996
-1
-1
-1
82 9868
-1
78 9986
-1
74 9787
-1
78 9995
-1
75 9908
-1
73 9869
-1
73 9980
-1
71 9927
-1
-1
-1
68 9887
-1
67 9779
-1
66 9981
-1
67 9879
-1
70 9928
-1
73 9811
-1
72 9961
-1
73 9903
-1
-1
-1
76 9996
-1
79 9957
-1
79 9987
-1
80 9921
-1
82 9864
-1
84 9977
-1
84 9966
-1
85 9875
-1
-1
-1
83 9882
-1
86 9978
-1
84 9898
-1
85 9928
-1
87 9942
-1
90 9945
-1
88 9956
-1
90 9904
-1
-1
-1
88 9949
-1
89 9991
-1
86 9938
-1
83 9926
-1
85 9938
-1
80 9997
-1
75 9907
-1
71 10000
-1
-1
-1
70 9984
-1
69 9956
-1
71 10000
-1
74 9994
-1
73 9902
-1
75 9901
-1
77 9833
-1
79 9993
-1
-1
-1
81 9873
-1
80 9892
-1
82 9845
-1
85 9938
-1
84 9966
-1
83 9858
-1
84 9967
-1
87 9973
-1
-1
-1
86 9986
-1
88 9961
-1
89 9958
-1
88 9866
-1
91 9883
-1
86 9955
-1
84 9885
-1
85 9852
-1
-1
-1
85 9951
-1
81 9916
-1
78 9983
-1
77 9952
-1
74 9975
-1
75 9920
-1
77 9879
-1
74 9975
-1
-1
-1
71 9851
-1
72 9923
-1
74 9941
-1
76 9969
-1
76 9985
-1
78 9986
-1
76 9908
-1
77 9875
-1
-1
-1
80 9969
-1
80 9883
-1
84 9903
-1
82 9921
-1
83 9790
-1
84 9991
-1
81 9800
-1
81 9940
-1
-1
-1
80 9856
-1
80 9892
-1
81 9820
-1
79 9857
-1
79 9905
-1
74 9960
-1
74 9950
-1
71 9874
-1
-1
-1
64 9866
-1
66 9969
-1
65 9972
-1
66 9947
-1
67 9855
-1
71 9949
-1
71 9991
-1
72 9796
-1
-1
-1
78 9962
-1
77 9950
-1
75 9983
-1
74 9829
-1
77 9913
-1
78 9943
-1
79 9899
-1
78 9927
-1
-1
-1
76 9970
-1
78 9977
-1
81 9916
-1
82 9880
-1
82 9809
-1
86 9953
-1
84 9914
-1
86 9957
-1
-1
-1
88 9895
-1
86 9960
-1
86 9912
-1
81 9908
-1
78 9934
-1
79 9903
-1
80 9966
-1
81 9824
-1
-1
-1
79 9916
-1
78 9822
-1
82 9969
-1
84 9974
-1
84 9861
-1
87 9825
-1
91 9885
-1
90 9964
-1
-1
-1
85 9855
-1
85 9857
-1
82 9910
-1
83 9992
-1
84 9893
-1
88 9949
-1
87 9966
-1
82 9992
-1
-1
-1
85 9989
-1
84 9990
-1
85 9858
-1
84 9760
-1
83 9976
-1
83 9997
-1
84 9989
-1
84 9997
-1
-1
-1
84 9945
-1
83 9806
-1
85 9968
-1
82 9981
-1
80 9823
-1
82 9851
-1
87 9903
-1
87 9915
-1
-1
-1
85 9990
-1
84 9995
-1
82 9995
-1
81 9881
-1
79 9838
-1
79 9987
-1
81 9940
-1
76 9884
-1
-1
-1
73 9867
-1
75 9992
-1
76 9951
-1
76 9915
-1
77 9998
-1
78 9893
-1
81 9997
-1
79 9927
-1
-1
-1
80 9904
-1
77 9856
-1
78 9936
-1
74 9933
-1
75 9961
-1
74 9958
-1
74 9948
-1
72 9866
-1
-1
-1
71 9889
-1
72 9818
-1
72 9843
-1
76 10000
-1
78 9855
-1
78 9931
-1
75 9837
-1
75 9802
-1
-1
164
82 9985
-1
82 9881
-1
83 9856
-1
83 9892
-1
83 9951
-1
85 9986
-1
84 9900
-1
86 9946
-1
-1
-1
89 9945
-1
87 9996
-1
84 9991
-1
87 9867
-1
87 9940
-1
83 9876
-1
81 9936
-1
84 9891
-1
-1
-1
83 9876
-1
83 9999
-1
81 9870
-1
83 9822
-1
79 9994
-1
78 9968
-1
79 9887
-1
76 9927
-1
-1
-1
70 9971
-1
70 9942
-1
73 9978
-1
71 9793
-1
74 9857
-1
77 9928
-1
77 9981
-1
78 9876
-1
-1
-1
82 9999
-1
79 9984
-1
83 9951
-1
80 9941
-1
82 9850
-1
84 9865
-1
85 9967
-1
79 9887
-1
-1
-1
81 9846
-1
80 9920
-1
82 9894
-1
78 9889
-1
78 9844
-1
79 9930
-1
77 9903
-1
77 9956
-1
-1
-1
77 9779
-1
77 9905
-1
77 9818
-1
78 9985
-1
79 9985
-1
79 9983
-1
76 9773
-1
79 9957
-1
-1
-1
78 9844
-1
77 9927
-1
77 9807
-1
81 9938
-1
80 9854
-1
82 9988
-1
82 9959
-1
82 9930
-1
-1
-1
80 9971
-1
82 9904
-1
85 9970
-1
83 9910
-1
78 9924
-1
74 9896
-1
78 9974
-1
77 9957
-1
-1
-1
77 9924
-1
77 9933
-1
78 9956
-1
74 9963
-1
77 9928
-1
79 9861
-1
80 9801
-1
75 9925
-1
-1
-1
76 9957
-1
76 9998
-1
79 9889
-1
79 9920
-1
82 9984
-1
78 9976
-1
80 9915
-1
77 9799
-1
-1
-1
73 9824
-1
77 9843
-1
74 9905
-1
75 9950
-1
76 9968
-1
71 9846
-1
70 9971
-1
72 9961
-1
-1
-1
76 9972
-1
73 9976
-1
71 9873
-1
70 9979
-1
69 9831
-1
69 9786
-1
70 9975
-1
72 9914
-1
-1
-1
72 9892
-1
72 9974
-1
73 9960
-1
71 9979
-1
69 9919
-1
72 9975
-1
74 9933
-1
78 9993
-1
-1
-1
79 9935
-1
80 9842
-1
81 9965
-1
78 9862
-1
80 9998
-1
81 9854
-1
81 9869
-1
75 9791
-1
-1
-1
75 9898
-1
77 9877
-1
79 9938
-1
83 9973
-1
81 9828
-1
83 9971
-1
82 9867
-1
84 9959
-1
-1
-1
89 9997
-1
88 9977
-1
93 10000
-1
90 9928
-1
85 9884
-1
84 9837
-1
86 9939
-1
86 9814
-1
-1
-1
87 9993
-1
86 9937
-1
83 9980
-1
78 9875
-1
78 9903
-1
80 9858
-1
81 9868
-1
83 9965
-1
-1
-1
83 9943
-1
84 9977
-1
83 9990
-1
83 9987
-1
80 9908
-1
79 9923
-1
77 9983
-1
76 9928
-1
-1
-1
74 9964
-1
74 9907
-1
74 9975
-1
76 9984
-1
76 9936
-1
77 9967
-1
76 9938
-1
79 9970
-1
-1
-1
76 9872
-1
78 9995
-1
80 9853
-1
78 9955
-1
79 9953
-1
79 9858
-1
80 9817
-1
81 9993
-1
-1
-1
77 9991
-1
76 9890
-1
74 9999
-1
74 9781
-1
79 9945
-1
75 9869
-1
76 9883
-1
75 9972
-1
-1
-1
76 9799
-1
77 9931
-1
78 9878
-1
75 9908
-1
72 9920
-1
72 9997
-1
73 9938
-1
75 9800
-1
-1
-1
78 9940
-1
77 9892
-1
75 9777
-1
77 9885
-1
80 9998
-1
81 9897
-1
84 9849
-1
85 9949
-1
-1
-1
82 9837
-1
81 9931
-1
78 9818
-1
81 9975
-1
79 9969
-1
79 9944
-1
77 9989
-1
74 9775
-1
-1
-1
74 9911
-1
75 9997
-1
74 9887
-1
77 9920
-1
78 9977
-1
78 9832
-1
78 9874
-1
78 9886
-1
-1
-1
79 9896
-1
79 9883
-1
81 9956
-1
80 9800
-1
76 9964
-1
77 9911
-1
77 9944
-1
74 9998
-1
-1
-1
80 9921
-1
75 9950
-1
72 9861
-1
73 9981
-1
75 9768
-1
76 9962
-1
76 9997
-1
77 9963
-1
-1
-1
78 9935
-1
76 9792
-1
75 9877
-1
78 9981
-1
76 9911
-1
77 9985
-1
75 9964
-1
75 9940
-1
-1
-1
70 9947
-1
72 9869
-1
73 9976
-1
71 9776
-1
73 9826
-1
74 9900
-1
75 9999
-1
75 9924
-1
-1
-1
79 9979
-1
79 9955
-1
81 9990
-1
82 9993
-1
81 9957
-1
80 9999
-1
81 9938
-1
79 9914
-1
-1
-1
76 9873
-1
80 9974
-1
82 9989
-1
79 9965
-1
79 9947
-1
77 9922
-1
81 9932
-1
79 9984
-1
-1
-1
79 9799
-1
80 9767
-1
79 9948
-1
79 9969
-1
78 9970
-1
78 9868
-1
83 9976
-1
80 9918
-1
-1
-1
81 9839
-1
78 9786
-1
78 9914
-1
79 9977
-1
81 9985
-1
77 9945
-1
77 9904
-1
72 9928
-1
-1
-1
69 9891
-1
71 9904
-1
68 9973
-1
66 9985
-1
65 9871
-1
67 9900
-1
68 9866
-1
70 9929
-1
-1
-1
74 9820
-1
75 9930
-1
76 9820
-1
79 9981
-1
79 10000
-1
79 9960
-1
78 9937
-1
80 9983
-1
-1
-1
80 9906
-1
78 9888
-1
81 9976
-1
79 9991
-1
78 9870
-1
78 9928
-1
79 9824
-1
78 9944
-1
-1
-1
80 9806
-1
80 9856
-1
80 9922
-1
79 9886
-1
82 9875
-1
81 9923
-1
82 9919
-1
82 9923
-1
-1
-1
81 9983
-1
82 9918
-1
79 9959
-1
79 9932
-1
78 9860
-1
77 9956
-1
77 9900
-1
77 9914
-1
-1
-1
74 9814
-1
72 9935
-1
76 9975
-1
74 9941
-1
73 9964
-1
72 9852
-1
76 9899
-1
76 9902
-1
-1
-1
76 9797
-1
80 9991
-1
80 9885
-1
79 9781
-1
81 9822
-1
83 9986
-1
83 9841
-1
80 9974
-1
-1
-1
81 9764
-1
83 9893
-1
80 9799
-1
80 9979
-1
79 9795
-1
84 9822
-1
81 9977
-1
81 9969
-1
-1
-1
81 9827
-1
81 9954
-1
82 9905
-1
81 9951
-1
85 9996
-1
83 9949
-1
77 9970
-1
77 9956
-1
-1
-1
77 9998
-1
78 9839
-1
80 9989
-1
80 9882
-1
82 9955
-1
79 9782
-1
79 9838
-1
82 9970
-1
-1
-1
85 9933
-1
85 9885
-1
83 9822
-1
83 9876
-1
84 9947
-1
83 9856
-1
84 9984
-1
83 9929
-1
-1
-1
81 9941
-1
76 9905
-1
74 9863
-1
74 9996
-1
74 9873
-1
74 9969
-1
70 9876
-1
74 9986
-1
-1
-1
75 9993
-1
77 9954
-1
79 9948
-1
80 9956
-1
79 9960
-1
78 9943
-1
75 9987
-1
79 9878
-1
-1
-1
81 9979
-1
80 9943
-1
82 9891
-1
77 9820
-1
79 9992
-1
81 9911
-1
80 9816
-1
83 9977
-1
-1
-1
79 9987
-1
79 9989
-1
79 10000
-1
78 9830
-1
80 9909
-1
79 9949
-1
79 9921
-1
80 9858
-1
-1
-1
80 9975
-1
79 9984
-1
79 9917
-1
76 9982
-1
76 9950
-1
79 9953
-1
79 9936
-1
80 9982
-1
-1
-1
74 9987
-1
73 9912
-1
72 9818
-1
74 9955
-1
75 9855
-1
75 9993
-1
71 9883
-1
72 9969
-1
-1
-1
75 9794
-1
76 9957
-1
76 9803
-1
75 9996
-1
72 9998
-1
75 9987
-1
74 9812
-1
72 9919
-1
-1
-1
72 9933
-1
73 9813
-1
73 9954
-1
77 9986
-1
79 9913
-1
84 9954
-1
84 9972
-1
83 9919
-1
-1
-1
86 9824
-1
85 9804
-1
88 9941
-1
86 9929
-1
89 9968
-1
89 9959
-1
82 9938
-1
81 9948
-1
-1
-1
82 9837
-1
81 9862
-1
83 9881
-1
82 9957
-1
83 9803
-1
85 9928
-1
81 9898
-1
85 9921
-1
-1
-1
82 9922
-1
82 9934
-1
82 9835
-1
80 9854
-1
77 9781
-1
78 9849
-1
79 9793
-1
81 9962
-1
-1
-1
82 9902
-1
84 9815
-1
87 9957
-1
84 9953
-1
87 9907
-1
87 9852
-1
87 9927
-1
84 9939
-1
-1
-1
84 9956
-1
82 9883
-1
80 9970
-1
78 9846
-1
77 9893
-1
74 9950
-1
72 9770
-1
74 10000
-1
-1
-1
75 9941
-1
72 9892
-1
76 9990
-1
74 9973
-1
74 9764
-1
79 9972
-1
81 9769
-1
83 9868
-1
-1
-1
87 9785
-1
89 9786
-1
84 9984
-1
81 9904
-1
81 9832
-1
80 9977
-1
78 9901
-1
76 9849
-1
-1
-1
80 9975
-1
81 9854
-1
78 9853
-1
82 9941
-1
82 9918
-1
84 9972
-1
84 9867
-1
79 9900
-1
-1
-1
75 9984
-1
70 9961
-1
71 9951
-1
73 9919
-1
74 9806
-1
75 9930
-1
74 9814
-1
76 9934
-1
-1
-1
77 9810
-1
78 9951
-1
76 9815
-1
78 9982
-1
72 9971
-1
73 9932
-1
74 9824
-1
77 9936
-1
-1
-1
78 9916
-1
77 9896
-1
76 9964
-1
79 9845
-1
76 9983
-1
72 9873
-1
71 9935
-1
69 9862
-1
-1
-1
70 9999
-1
72 9981
-1
74 9826
-1
74 9892
-1
78 9855
-1
83 9837
-1
87 9996
-1
90 9830
-1
-1
-1
96 9910
-1
94 9802
-1
94 9938
-1
94 9863
-1
92 9848
-1
88 9876
-1
84 9993
-1
82 9986
-1
-1
-1
77 9896
-1
78 9865
-1
77 9984
-1
76 9971
-1
76 9983
-1
75 9904
-1
74 9878
-1
74 9981
-1
-1
-1
73 9889
-1
72 9866
-1
72 9848
-1
75 9926
-1
77 9844
-1
75 9895
-1
78 9857
-1
80 10000
-1
-1
-1
80 9866
-1
80 9933
-1
79 9812
-1
79 9993
-1
75 9978
-1
81 9997
-1
84 9975
-1
81 9813
-1
-1
-1
79 9976
-1
79 9991
-1
78 9781
-1
78 9964
-1
82 9998
-1
84 9973
-1
79 9866
-1
78 9933
-1
-1
-1
82 9969
-1
83 9981
-1
84 9997
-1
82 9851
-1
84 9992
-1
88 9988
-1
85 9999
-1
82 9977
-1
-1
-1
80 9946
-1
80 9972
-1
78 9836
-1
76 9799
-1
79 9984
-1
76 9958
-1
77 9935
-1
79 9974
-1
-1
-1
83 9912
-1
84 9808
-1
82 9986
-1
78 9781
-1
81 9916
-1
78 9973
-1
75 9913
-1
75 9895
-1
-1
-1
73 9965
-1
73 9897
-1
77 9974
-1
79 9992
-1
76 9958
-1
78 9988
-1
80 9862
-1
84 9837
-1
-1
-1
88 9948
-1
90 9934
-1
90 9987
-1
88 9858
-1
82 9830
-1
82 9929
-1
78 9848
-1
81 9971
-1
-1
-1
84 9949
-1
79 9877
-1
76 9931
-1
75 9854
-1
75 9839
-1
79 9901
-1
83 9916
-1
85 9846
-1
-1
-1
76 9873
-1
75 9957
-1
73 9882
-1
76 9928
-1
75 9938
-1
76 9864
-1
74 9994
-1
72 9980
-1
-1
-1
73 9885
-1
70 9778
-1
72 9997
-1
70 9834
-1
74 9905
-1
77 9999
-1
78 9945
-1
78 9948
-1
-1
-1
83 9931
-1
82 9954
-1
84 9839
-1
84 9970
-1
85 9990
-1
82 9986
-1
85 9936
-1
80 9998
-1
-1
-1
77 9815
-1
77 9996
-1
78 9919
-1
80 9957
-1
84 9988
-1
82 9998
-1
82 9930
-1
78 9921
-1
-1
-1
78 9824
-1
80 9976
-1
79 9934
-1
77 9867
-1
75 9987
-1
74 9886
-1
76 9881
-1
78 9985
-1
-1
-1
75 9865
-1
73 9974
-1
72 9886
-1
71 9929
-1
72 10000
-1
72 9963
-1
70 9923
-1
68 9820
-1
-1
-1
71 9994
-1
76 9919
-1
75 9805
-1
79 9979
-1
80 9905
-1
81 9894
-1
81 9935
-1
79 9910
-1
-1
-1
80 9975
-1
81 9944
-1
75 9950
-1
74 9995
-1
73 9927
-1
72 9954
-1
71 9909
-1
73 9844
-1
-1
-1
76 9943
-1
73 9852
-1
74 9900
-1
78 9787
-1
75 9815
-1
76 9881
-1
76 9793
-1
77 9970
-1
-1
-1
73 9952
-1
75 9989
-1
74 9984
-1
77 9986
-1
74 9956
-1
75 9993
-1
76 9824
-1
76 9962
-1
-1
-1
76 9889
-1
78 9985
-1
80 9971
-1
79 9873
-1
76 9921
-1
76 9788
-1
77 9972
-1
77 9941
-1
-1
-1
73 9980
-1
71 9984
-1
69 9824
-1
72 9959
-1
71 9929
-1
71 9918
-1
71 9961
-1
72 9898
-1
-1
-1
74 9831
-1
78 9878
-1
79 9847
-1
77 9881
-1
79 9989
-1
78 9788
-1
83 9990
-1
81 9804
-1
-1
-1
77 9884
-1
80 9982
-1
79 9959
-1
80 9989
-1
79 9893
-1
78 9827
-1
81 9800
-1
77 9944
-1
-1
-1
82 9947
-1
83 9846
-1
85 9911
-1
85 9765
-1
88 9978
-1
87 9912
-1
87 9965
-1
89 9975
-1
-1
-1
88 9953
-1
88 9960
-1
87 9921
-1
89 9960
-1
91 9976
-1
88 9993
-1
85 9911
-1
83 9840
-1
-1
-1
81 9796
-1
84 9930
-1
84 9958
-1
83 9904
-1
85 9953
-1
83 9998
-1
83 9988
-1
84 9929
-1
-1
-1
87 9983
-1
86 9969
-1
83 9899
-1
86 9978
-1
88 9962
-1
89 9974
-1
87 9810
-1
84 9912
-1
-1
-1
87 9929
-1
87 9962
-1
89 10000
-1
85 9811
-1
87 9888
-1
88 9959
-1
83 9948
-1
86 9852
-1
-1
-1
85 9965
-1
83 9950
-1
79 9893
-1
78 9918
-1
80 9868
-1
75 9921
-1
75 9978
-1
71 9811
-1
-1
-1
69 9976
-1
71 9945
-1
74 9940
-1
75 9990
-1
75 9972
-1
77 9953
-1
78 9977
-1
78 9892
-1
-1
-1
78 9951
-1
79 9902
-1
77 9967
-1
78 9949
-1
76 9876
-1
78 9932
-1
79 9824
-1
78 10000
-1
-1
-1
77 9993
-1
75 9945
-1
74 9894
-1
75 9962
-1
76 9925
-1
75 9991
-1
78 9958
-1
78 9999
-1
-1
-1
81 9949
-1
82 9982
-1
84 9919
-1
83 9930
-1
84 9971
-1
84 9985
-1
83 9966
-1
78 9861
-1
-1
-1
72 9916
-1
72 9794
-1
71 9847
-1
69 9938
-1
70 9949
-1
67 9825
-1
69 9834
-1
72 9944
-1
-1
-1
74 9988
-1
75 9942
-1
78 9877
-1
77 9950
-1
80 9848
-1
80 9969
-1
83 9925
-1
81 9878
-1
-1
-1
83 9977
-1
83 9834
-1
82 9885
-1
81 9914
-1
81 9996
-1
78 9989
-1
76 9819
-1
77 9994
-1
-1
-1
72 9788
-1
74 9970
-1
72 9856
-1
71 9801
-1
73 9975
-1
70 9919
-1
71 9768
-1
72 9833
-1
-1
-1
77 9964
-1
74 9897
-1
74 9936
-1
76 9888
-1
75 9959
-1
78 9983
-1
81 9880
-1
81 9978
-1
-1
-1
81 9990
-1
84 9918
-1
84 9861
-1
85 9894
-1
87 9993
-1
86 9967
-1
84 9919
-1
84 9970
-1
-1
-1
86 9788
-1
86 9972
-1
83 9918
-1
82 9980
-1
83 9942
-1
81 9796
-1
79 9977
-1
75 9968
-1
-1
-1
68 9860
-1
67 9874
-1
70 9949
-1
69 9950
-1
69 9933
-1
71 9951
-1
74 9907
-1
72 9907
-1
-1
-1
73 9949
-1
72 9986
-1
71 9930
-1
73 9790
-1
75 9992
-1
77 9969
-1
76 9874
-1
79 9978
-1
-1
-1
81 9993
-1
81 9846
-1
83 9949
-1
84 9937
-1
80 9999
-1
78 9969
-1
77 9973
-1
77 9831
-1
-1
-1
73 9928
-1
75 9932
-1
78 9964
-1
77 9919
-1
78 9989
-1
80 9822
-1
83 9967
-1
85 9958
-1
-1
-1
83 9915
-1
84 9994
-1
85 9903
-1
86 9928
-1
85 9995
-1
85 9900
-1
85 9968
-1
87 9956
-1
-1
-1
84 9943
-1
86 9940
-1
90 9986
-1
91 9984
-1
93 9879
-1
90 9878
-1
91 9964
-1
92 9995
-1
-1
-1
86 9829
-1
88 9999
-1
89 9971
-1
90 9956
-1
85 9976
-1
83 9961
-1
81 9856
-1
83 9994
-1
-1
-1
76 9921
-1
75 9891
-1
77 9962
-1
75 9908
-1
73 9880
-1
79 9913
-1
79 9931
-1
76 9828
-1
-1
-1
77 10000
-1
74 9870
-1
71 9982
-1
68 9769
-1
70 9999
-1
65 9971
-1
66 9822
-1
69 9927
-1
-1
-1
70 9881
-1
72 9995
-1
74 9975
-1
76 9874
-1
77 9910
-1
79 9882
-1
79 9900
-1
78 9886
-1
-1
-1
81 9810
-1
83 9923
-1
86 9934
-1
83 9817
-1
85 9960
-1
86 9868
-1
87 9833
-1
85 9927
-1
-1
-1
89 9952
-1
91 9882
-1
90 9942
-1
87 9943
-1
83 9866
-1
79 9867
-1
78 9990
-1
79 9997
-1
-1
-1
76 9976
-1
72 9773
-1
72 9853
-1
74 9946
-1
77 9831
-1
79 9921
-1
80 9856
-1
80 9901
-1
-1
-1
84 9978
-1
84 9865
-1
84 9872
-1
84 9861
-1
81 9848
-1
78 9922
-1
80 9951
-1
80 9863
-1
-1
-1
74 9893
-1
74 9993
-1
72 9865
-1
71 9969
-1
70 10000
-1
73 9833
-1
73 9933
-1
71 9826
-1
-1
-1
79 9967
-1
81 9953
-1
81 9797
-1
84 9969
-1
83 9941
-1
85 9877
-1
91 9841
-1
87 9957
-1
-1
-1
88 9960
-1
89 9963
-1
84 9942
-1
85 9987
-1
85 9888
-1
87 9916
-1
88 9966
-1
89 9973
-1
-1
-1
86 9998
-1
86 9957
-1
84 9987
-1
81 9897
-1
84 10000
-1
82 9867
-1
83 9938
-1
82 9938
-1
-1
-1
76 10000
-1
73 9984
-1
75 9861
-1
76 9949
-1
77 9971
-1
75 9973
-1
72 9951
-1
73 9855
-1
-1
-1
80 9952
-1
83 9994
-1
85 9763
-1
89 9948
-1
86 9933
-1
87 9986
-1
85 9977
-1
86 9980
-1
-1
-1
89 9946
-1
87 9902
-1
81 9931
-1
76 9933
-1
79 9918
-1
75 9789
-1
77 9890
-1
78 9946
-1
-1
-1
72 9931
-1
72 9947
-1
76 9975
-1
78 9858
-1
78 9971
-1
77 9845
-1
77 9838
-1
78 9956
-1
-1
-1
78 9949
-1
77 9955
-1
79 9987
-1
76 9932
-1
76 9953
-1
75 9871
-1
77 9878
-1
76 9920
-1
-1
-1
74 9940
-1
76 9788
-1
77 9994
-1
76 9985
-1
77 9838
-1
76 9985
-1
76 9965
-1
75 9897
-1
-1
-1
74 9812
-1
77 9981
-1
76 9985
-1
74 9996
-1
75 9849
-1
76 10000
-1
77 9959
-1
75 9922
-1
-1
-1
79 9921
-1
83 10000
-1
81 9856
-1
85 9991
-1
85 9992
-1
88 9912
-1
86 9955
-1
81 9949
-1
-1
-1
86 9965
-1
81 9850
-1
79 9977
-1
79 9844
-1
81 9991
-1
84 9982
-1
82 9955
-1
82 9968
-1
-1
-1
88 9919
-1
