0 0
281
8 1216
281
16 4010
471
251
64
32 7340
217
40 9285
368
48 9801
386
56 9932
112
64 9855
198
72 9889
282
80 9939
26
84 9900
213
125
19
88 9795
241
88 9916
139
87 9960
35
84 9864
-1
82 9978
-1
83 9939
139
82 9940
248
85 9952
66
-1
-1
83 9907
104
81 9910
11
77 9849
111
79 9946
-1
81 9993
7
83 9987
-1
81 9872
-1
82 9855
50
-1
-1
77 9807
76
78 9978
-1
82 9874
19
81 9918
-1
80 9879
-1
75 9905
-1
72 9856
244
75 9775
153
-1
-1
76 9800
-1
75 9944
-1
71 9956
-1
72 9926
-1
71 9985
166
72 9997
-1
74 10000
-1
71 9964
-1
-1
-1
69 9890
-1
69 9979
-1
71 9916
240
71 9916
-1
71 9844
-1
71 9995
-1
71 9931
119
72 10000
-1
-1
-1
77 9812
-1
77 9841
-1
78 9990
-1
80 9853
-1
80 9960
-1
80 9977
-1
81 9837
-1
81 9962
-1
-1
-1
73 9998
-1
73 9952
-1
75 9794
-1
71 9874
158
69 9785
-1
69 9958
-1
71 9966
-1
72 9868
-1
-1
-1
75 9792
-1
76 9996
-1
72 9973
-1
72 9938
-1
73 9895
-1
75 9952
-1
75 9870
-1
72 9862
-1
138
-1
75 9994
-1
74 9981
-1
77 9971
-1
80 9955
-1
81 9913
-1
81 9871
-1
84 9950
-1
83 9866
-1
-1
192
84 9917
-1
84 9962
-1
85 9848
-1
85 9867
-1
81 9891
-1
80 9920
-1
80 9873
-1
79 9986
-1
-1
-1
77 9967
-1
75 9989
-1
73 9936
-1
73 9883
-1
75 9839
-1
77 9945
-1
78 9953
-1
79 9945
-1
-1
-1
83 9995
-1
85 9937
-1
85 9960
-1
86 9937
-1
90 9955
-1
93 9980
-1
89 9940
-1
87 10000
-1
-1
-1
82 9929
-1
79 9994
-1
80 9909
-1
80 9776
-1
81 9974
-1
77 9992
-1
76 9879
-1
80 9995
-1
-1
-1
84 9832
-1
86 9785
-1
85 9945
-1
86 9879
152
86 9974
-1
88 9965
-1
88 9850
-1
87 9935
-1
18
-1
88 9941
-1
85 9981
-1
83 9978
102
82 9819
-1
81 9949
-1
74 9898
-1
74 9987
200
68 9854
-1
-1
-1
70 9972
-1
71 9985
-1
71 9932
-1
71 9917
-1
73 9956
-1
75 9989
-1
80 9987
-1
81 9966
-1
-1
-1
83 9987
-1
80 9985
-1
82 9997
-1
81 9844
-1
81 9842
-1
84 9854
-1
87 9899
-1
84 9959
-1
-1
-1
84 9759
146
81 9835
-1
88 9981
199
87 9914
-1
81 9988
-1
81 9891
-1
77 9841
-1
75 9949
248
-1
-1
74 9853
-1
75 9799
-1
72 9977
-1
75 9985
-1
78 9849
-1
79 9964
-1
79 9867
-1
80 9976
-1
-1
-1
86 9848
-1
87 9910
-1
92 9904
-1
88 9796
-1
87 9982
-1
82 9858
-1
81 9826
-1
83 9889
-1
-1
216
85 9982
-1
79 9933
-1
72 10000
-1
71 9956
-1
72 9890
-1
74 9983
-1
78 9919
-1
79 9858
-1
-1
-1
76 9879
-1
76 9829
-1
78 9977
-1
77 9868
-1
77 9975
-1
79 9830
-1
75 9953
-1
77 9886
-1
-1
-1
77 9895
-1
77 9991
-1
79 10000
-1
79 9903
-1
79 9870
132
79 9900
-1
79 9792
-1
83 9979
-1
-1
37
77 9797
-1
79 9929
-1
82 9850
223
82 9840
160
81 9921
-1
79 9997
-1
81 9962
217
80 9923
-1
-1
-1
84 9886
-1
86 9983
-1
86 9897
39
86 9979
-1
79 9972
-1
83 9932
-1
84 9848
-1
87 9890
-1
-1
-1
87 9849
-1
81 9984
-1
80 9996
-1
81 9836
-1
83 9934
-1
82 9782
-1
84 9926
-1
82 9951
-1
-1
-1
79 9907
-1
79 9869
-1
83 9962
-1
83 9777
-1
84 9966
-1
85 9982
-1
86 9931
-1
89 9885
-1
-1
-1
85 9988
-1
85 9783
35
82 9907
-1
78 9985
-1
78 10000
-1
74 9933
-1
69 9868
-1
66 9890
-1
-1
-1
69 9938
-1
70 9841
-1
74 9874
-1
79 9881
-1
81 9897
-1
82 9886
-1
83 9930
-1
84 9990
-1
-1
-1
83 9931
-1
84 9894
-1
81 9908
-1
77 9938
-1
69 9990
-1
72 9908
-1
69 9810
-1
70 9920
45
-1
-1
72 9828
-1
75 9855
-1
75 9977
-1
76 9983
-1
76 9834
-1
78 9779
-1
77 9977
-1
80 9943
-1
-1
-1
85 9997
-1
82 9994
-1
82 9978
-1
82 9914
-1
85 9865
-1
87 9997
-1
88 9994
-1
87 9807
-1
-1
-1
89 9928
-1
89 9977
-1
88 9958
-1
89 9924
-1
88 9975
-1
82 9993
-1
82 9986
-1
81 9938
-1
-1
-1
80 9843
-1
76 9912
-1
72 9874
-1
73 9926
-1
71 9886
-1
73 9966
-1
75 9999
-1
73 9911
-1
-1
-1
74 9990
-1
77 9958
-1
80 9947
-1
81 9846
-1
83 9930
-1
83 9882
-1
87 9987
-1
83 9875
-1
-1
-1
81 9877
123
82 9994
-1
79 9909
-1
75 9893
-1
72 9787
-1
66 9967
-1
68 9983
-1
68 9873
-1
-1
-1
73 9960
-1
74 9973
-1
70 9895
-1
73 9894
-1
76 9981
-1
76 9797
-1
79 9958
-1
75 9960
-1
-1
-1
71 9969
-1
69 9904
-1
72 9969
-1
69 9978
-1
69 9945
-1
68 9867
-1
70 9836
-1
73 9831
-1
-1
-1
78 9975
-1
79 9999
-1
80 9787
-1
80 9964
-1
82 9845
-1
83 9843
-1
81 9840
-1
79 9973
-1
-1
-1
79 9967
-1
80 9922
-1
80 9811
-1
80 9996
-1
80 9944
-1
81 9936
-1
82 9977
-1
85 9966
-1
-1
-1
88 9874
-1
81 9787
-1
83 9915
-1
83 9976
-1
84 9891
-1
82 9994
-1
80 9932
-1
74 9910
-1
-1
-1
74 9991
-1
74 9972
-1
74 9865
-1
77 9925
-1
76 9852
-1
75 9990
-1
76 9902
-1
78 9941
-1
-1
-1
82 9999
-1
83 9996
-1
81 9831
-1
83 10000
-1
80 9865
-1
83 9943
16
85 9943
-1
81 9930
-1
-1
-1
78 9990
-1
78 9990
-1
75 9880
-1
76 9871
-1
76 9902
85
76 9862
41
79 9964
-1
79 9903
-1
-1
-1
78 9795
-1
80 9833
-1
82 9957
-1
81 9953
-1
84 9933
-1
80 9850
-1
78 9901
208
78 9997
-1
-1
-1
76 9928
-1
76 9941
-1
78 9959
-1
77 9849
-1
80 9981
-1
78 9834
-1
80 9853
-1
81 9988
-1
-1
-1
81 9910
-1
83 9912
-1
86 9919
-1
87 9869
-1
86 9931
-1
85 9996
-1
84 9991
-1
81 9809
-1
-1
-1
85 9871
-1
84 9958
-1
85 9934
-1
81 9958
-1
83 9995
-1
85 9814
-1
83 9897
-1
82 9949
-1
-1
-1
80 9989
-1
78 9842
-1
76 9985
-1
77 9954
-1
76 9943
-1
75 9884
-1
72 9914
-1
71 9950
-1
-1
-1
70 9940
-1
72 9929
141
75 9967
-1
78 9976
-1
81 9770
-1
87 9970
-1
88 9989
-1
87 9934
-1
-1
-1
87 9992
-1
86 9909
-1
88 9978
-1
86 9909
-1
89 9999
-1
88 9978
-1
84 9930
-1
81 9973
-1
-1
-1
82 9837
-1
84 9920
-1
88 9964
-1
85 9937
-1
84 9867
-1
82 9971
-1
80 9965
-1
76 10000
-1
-1
-1
80 9959
-1
79 9931
-1
77 9917
131
77 9938
-1
78 9978
-1
79 9909
-1
80 9803
-1
82 9824
-1
-1
-1
87 10000
-1
84 9992
-1
79 9977
-1
76 9927
-1
78 9962
-1
80 9969
-1
81 9990
-1
80 9894
-1
-1
-1
81 9879
-1
78 9983
-1
80 9961
-1
83 9820
-1
85 9808
-1
84 9875
-1
84 9998
-1
81 9999
-1
-1
-1
80 9969
-1
77 9939
-1
80 9976
-1
82 9930
-1
78 9847
-1
78 9906
-1
82 9933
-1
81 9945
-1
-1
-1
82 9848
-1
84 9871
-1
83 9834
-1
83 9935
-1
77 9977
-1
82 9813
-1
84 9888
-1
87 9948
-1
-1
-1
88 9913
-1
85 9872
-1
86 9968
-1
86 9881
-1
86 9930
-1
88 9833
-1
89 9923
-1
82 9895
-1
-1
-1
78 9934
-1
76 9991
-1
76 9988
-1
73 9821
-1
78 9922
-1
78 9943
-1
76 9958
-1
74 9897
-1
-1
-1
82 9931
-1
82 9984
-1
82 9978
-1
83 9888
-1
83 9956
-1
79 9982
-1
79 9965
-1
80 9999
-1
-1
-1
77 9995
-1
74 9965
-1
74 9868
-1
72 9907
-1
75 9948
-1
75 9836
-1
75 9855
-1
75 9768
-1
-1
-1
77 9930
-1
76 9784
-1
79 9910
-1
79 9813
-1
75 9927
-1
75 9904
-1
73 9799
-1
75 9997
-1
-1
-1
78 9986
-1
76 9987
-1
74 9883
-1
75 9971
-1
78 9863
-1
81 9909
-1
83 9974
-1
82 9939
-1
-1
-1
77 9780
-1
81 9921
-1
82 9998
-1
83 9964
-1
82 9948
-1
79 9931
-1
77 9922
-1
77 9943
-1
-1
-1
76 9984
-1
72 9893
-1
75 9859
-1
78 9968
-1
80 10000
-1
81 9973
-1
82 9976
-1
83 9824
-1
-1
-1
83 9911
-1
80 9891
-1
83 9907
-1
80 9879
-1
79 9989
-1
74 9987
-1
73 9974
193
75 9966
-1
-1
-1
79 9939
-1
79 9980
-1
83 9877
-1
84 9842
-1
81 9935
-1
84 9960
-1
85 9917
-1
85 9969
-1
-1
-1
80 9838
-1
79 9950
-1
77 10000
-1
75 9867
-1
78 9997
-1
78 9896
-1
80 9994
-1
78 9883
-1
-1
-1
81 9946
-1
82 9825
-1
80 9869
-1
83 9854
-1
82 9984
-1
81 9865
-1
80 9908
-1
78 9910
-1
-1
-1
77 9782
-1
79 9946
-1
81 9953
-1
84 9860
-1
81 9994
-1
82 9789
-1
85 9848
-1
84 9919
-1
-1
-1
80 9947
-1
78 9796
-1
74 9923
-1
69 9833
-1
71 9858
-1
67 9915
-1
71 9976
-1
69 9998
-1
-1
-1
70 9785
-1
73 9948
-1
72 9964
-1
73 9907
-1
74 9943
-1
74 9948
-1
71 9806
-1
74 9819
-1
-1
-1
78 9796
-1
80 9959
49
79 9877
-1
81 9863
-1
80 9820
-1
78 9858
-1
77 9861
-1
81 9773
-1
-1
-1
81 9939
-1
81 9998
-1
80 9955
-1
81 9821
-1
83 9987
-1
86 9956
-1
85 9876
-1
86 9998
-1
-1
-1
80 9877
-1
80 9967
-1
81 9903
-1
81 9958
-1
79 9875
-1
76 9977
-1
76 9992
-1
77 9835
-1
-1
-1
77 9818
-1
78 9841
-1
79 9911
227
80 9884
-1
80 9946
-1
79 9949
-1
81 9980
-1
80 9891
-1
-1
-1
80 9927
-1
80 9969
-1
82 9946
-1
78 9979
-1
81 9977
-1
83 9916
-1
81 9866
-1
82 9902
-1
-1
-1
85 10000
-1
84 9980
-1
85 9839
-1
81 9995
-1
83 9915
-1
78 9939
-1
78 9961
-1
76 9809
-1
-1
-1
80 9993
-1
77 9918
-1
77 9846
125
78 9866
-1
76 9870
-1
76 9956
-1
77 9894
-1
76 9939
-1
-1
-1
76 9814
-1
79 9965
-1
82 9982
-1
83 9942
-1
82 9917
-1
83 9827
-1
84 9969
-1
84 9899
-1
-1
-1
88 9903
-1
87 9876
-1
89 9991
-1
83 9987
-1
82 9994
-1
81 9996
-1
83 9997
-1
82 9909
-1
-1
-1
82 9946
-1
83 9961
-1
80 9901
-1
81 9943
-1
80 9896
-1
78 9926
-1
80 9957
-1
74 9932
-1
79
-1
73 9983
-1
69 9864
-1
71 9874
-1
70 9908
-1
69 9804
-1
71 9811
-1
72 9993
-1
74 9940
-1
-1
-1
80 9818
-1
84 9931
-1
84 9924
-1
83 9983
-1
84 9906
-1
85 9995
-1
86 9993
-1
84 9867
-1
-1
-1
83 9934
-1
79 9965
-1
77 10000
-1
80 9999
-1
79 9932
-1
80 9890
-1
81 9998
-1
85 9969
-1
-1
-1
85 9967
-1
84 9832
-1
85 9850
-1
82 9902
-1
80 9844
-1
83 9958
-1
81 9951
-1
82 9869
-1
-1
-1
80 9889
-1
77 9962
-1
79 9894
-1
79 9997
-1
80 9820
-1
82 9980
-1
77 9941
-1
77 9804
-1
-1
-1
77 9887
-1
75 9946
-1
76 9907
-1
75 9888
-1
74 9858
-1
73 9816
-1
75 9958
-1
75 9970
-1
-1
-1
74 9972
-1
75 9865
-1
79 9798
-1
81 9943
-1
78 9839
-1
82 9994
-1
85 9974
-1
86 9980
-1
-1
-1
92 9842
-1
93 9988
-1
91 9775
-1
95 9853
-1
93 9983
-1
88 9985
-1
84 9949
-1
74 9938
-1
-1
-1
71 10000
-1
69 9928
-1
69 9930
-1
70 9944
-1
73 9989
-1
71 9924
-1
72 9958
-1
74 9805
-1
-1
-1
74 10000
-1
72 9897
-1
74 9959
-1
71 9844
-1
68 9802
-1
71 9846
-1
73 9875
-1
73 9942
-1
-1
-1
76 9972
-1
78 9922
-1
78 9816
-1
76 9836
-1
79 9907
-1
81 9917
-1
82 9959
-1
80 9849
-1
-1
-1
83 9829
-1
82 9990
-1
81 9964
-1
80 9986
-1
82 9851
-1
77 9855
-1
75 9789
-1
74 9990
-1
-1
-1
74 9925
-1
70 9937
-1
72 9931
-1
74 9882
-1
77 9870
-1
74 9961
-1
74 9842
-1
77 9852
-1
-1
-1
77 9876
-1
77 9939
-1
76 9808
-1
76 9965
-1
72 9938
-1
73 9901
-1
77 9957
-1
74 9936
-1
-1
-1
73 9856
-1
73 9777
-1
76 9870
-1
75 9903
-1
76 9939
-1
73 9892
-1
71 9959
-1
67 9935
-1
-1
-1
69 9950
-1
68 9929
-1
67 9796
-1
67 9806
-1
71 9933
-1
76 9975
-1
78 9925
-1
76 9954
-1
-1
-1
77 9883
-1
78 9953
-1
80 9957
-1
84 9995
-1
85 9994
-1
85 9981
-1
80 9834
-1
81 9909
-1
-1
-1
85 9770
-1
86 9972
-1
90 9939
-1
92 9921
-1
91 9899
-1
94 9959
-1
93 9943
-1
92 9870
-1
-1
-1
90 9914
-1
92 9905
-1
94 9994
-1
87 9939
-1
82 9976
-1
82 9916
-1
79 9946
-1
78 9789
-1
-1
-1
77 9862
-1
79 9953
-1
77 9919
-1
77 9894
-1
79 9881
-1
80 9956
-1
82 9945
-1
82 9937
-1
-1
-1
77 9870
-1
79 9992
-1
78 9814
-1
80 9856
-1
78 9956
-1
79 9962
-1
77 9872
-1
77 9916
-1
-1
-1
75 9871
-1
78 9985
-1
78 9995
-1
81 9904
-1
80 9982
-1
85 9859
-1
81 9957
-1
82 10000
-1
-1
-1
85 9870
-1
88 9957
-1
84 9995
-1
79 9976
-1
79 9965
-1
77 9973
-1
75 9962
-1
79 9980
-1
-1
-1
75 9933
-1
74 9903
-1
75 9911
-1
76 9904
-1
79 9982
-1
77 9999
-1
78 9923
-1
79 9980
-1
-1
-1
79 9875
-1
81 9999
-1
80 9921
-1
84 9996
-1
86 9978
-1
85 9982
-1
84 9997
-1
84 9859
-1
-1
-1
81 9837
-1
81 9978
-1
78 9785
-1
79 9886
-1
78 9896
-1
80 9986
-1
79 9882
-1
82 9971
-1
-1
-1
84 9957
-1
85 9913
-1
82 9975
-1
82 9979
-1
83 9829
-1
82 9991
-1
76 9810
-1
72 9876
213
-1
-1
69 9962
-1
70 9919
-1
71 9908
-1
75 9807
-1
76 9965
-1
75 9934
-1
74 9930
-1
74 9968
-1
-1
-1
76 9918
-1
78 9920
-1
77 9980
-1
82 9999
-1
79 9931
-1
77 9787
-1
76 9994
-1
79 9933
-1
-1
-1
85 9851
-1
85 9980
-1
87 9897
-1
86 9884
-1
90 9956
-1
85 9981
-1
85 9983
-1
81 9940
-1
-1
-1
75 9906
-1
75 9970
-1
72 9991
-1
70 9798
-1
70 9917
-1
69 9843
-1
70 9752
-1
70 9854
-1
-1
237
73 9989
-1
76 9964
-1
76 9999
-1
76 9946
-1
75 9921
-1
74 9836
-1
75 9839
-1
76 9902
-1
-1
-1
72 9931
-1
69 9775
-1
66 9921
-1
67 9967
-1
68 9996
-1
70 9927
-1
70 9782
-1
71 9874
-1
-1
-1
75 9995
-1
79 9970
-1
81 9800
-1
84 9968
-1
86 9986
-1
90 9953
-1
89 9985
-1
87 9933
-1
-1
-1
89 9840
-1
87 9980
-1
86 9823
-1
84 9998
-1
83 9986
-1
83 9804
-1
83 9953
-1
84 9922
-1
-1
-1
80 9946
-1
80 9901
-1
78 9920
-1
79 9818
-1
79 9853
-1
80 9937
-1
78 9953
-1
75 9968
-1
-1
-1
76 9958
-1
76 9994
-1
75 9795
-1
77 9995
-1
76 9899
-1
77 9952
-1
76 9995
-1
78 9984
-1
-1
-1
83 9854
-1
85 9933
-1
84 9895
-1
88 9978
-1
88 9797
-1
88 9891
-1
88 9844
-1
87 9977
-1
-1
-1
85 9914
-1
82 9992
-1
80 9838
-1
80 9986
-1
81 9996
-1
79 9945
-1
79 9873
-1
80 9915
-1
-1
-1
83 9989
-1
80 9978
-1
82 9918
-1
85 9956
-1
81 9949
-1
78 9942
-1
79 9926
-1
77 9834
-1
-1
-1
74 9965
-1
76 9988
-1
75 9917
-1
72 9976
-1
73 9825
-1
74 9989
-1
75 9962
-1
73 9832
-1
-1
-1
77 9908
-1
76 9971
-1
76 9871
-1
82 9973
-1
83 9964
-1
82 9984
-1
84 9960
-1
84 9984
-1
-1
-1
88 9982
-1
86 9966
-1
88 9923
-1
89 9850
-1
90 9862
-1
88 9977
-1
85 9907
-1
85 9936
-1
-1
-1
82 9968
-1
84 9957
-1
82 9973
-1
81 9972
-1
81 9990
-1
81 9965
-1
79 9944
-1
81 9947
-1
-1
-1
82 9996
-1
83 9982
-1
78 9978
-1
79 9940
-1
78 9944
-1
77 9909
-1
77 9985
-1
79 9965
-1
-1
-1
75 9968
-1
75 9938
-1
74 9931
-1
75 9830
-1
76 9835
-1
77 9843
-1
78 9923
-1
77 9934
-1
-1
-1
74 9834
-1
75 9989
-1
74 9894
-1
77 9997
-1
76 9990
-1
79 9979
-1
75 9920
-1
73 9905
-1
-1
-1
75 9999
-1
74 9833
-1
77 9969
-1
81 9934
-1
82 9988
-1
80 9975
-1
76 9915
-1
78 9878
-1
-1
-1
79 9886
-1
79 9836
-1
82 9920
-1
78 9921
-1
75 9839
-1
74 9861
-1
76 9956
-1
80 9917
-1
-1
-1
73 9788
-1
78 9957
-1
78 9861
-1
74 9895
-1
75 9941
-1
75 9880
-1
79 9950
-1
79 9989
-1
-1
-1
78 9961
-1
81 9986
-1
82 9943
-1
79 9822
-1
80 9940
-1
83 9946
-1
84 9953
-1
90 9956
-1
-1
-1
86 9989
-1
87 9813
-1
84 9945
-1
80 9932
-1
81 9889
-1
81 9975
-1
79 9793
-1
73 9977
-1
-1
-1
71 9881
-1
71 9974
-1
69 9989
-1
71 9989
-1
74 9950
-1
74 9892
-1
78 9869
-1
80 9969
-1
-1
-1
83 9962
-1
86 9799
-1
85 9938
-1
86 9976
-1
86 9954
-1
85 9806
-1
85 9994
-1
85 9936
-1
-1
-1
87 9915
-1
89 9903
-1
84 9979
-1
85 9959
-1
84 9912
-1
87 9970
-1
89 9951
-1
89 9912
-1
-1
-1
84 9988
-1
82 9918
-1
80 9935
-1
83 9926
-1
81 9907
-1
80 9945
-1
78 9850
-1
79 9996
-1
-1
-1
80 9994
-1
80 9789
-1
77 9833
-1
76 9811
-1
74 9997
-1
75 9984
-1
74 9868
-1
78 9999
-1
-1
-1
76 9883
-1
76 9987
-1
77 9981
-1
80 9933
-1
81 9976
-1
80 9820
-1
82 9927
-1
84 9994
-1
191
-1
81 9939
-1
82 9919
-1
85 9870
-1
82 9868
-1
80 9885
-1
80 9893
-1
82 9990
-1
83 9928
-1
-1
-1
78 9775
-1
78 9896
-1
80 9951
-1
79 9882
-1
80 9979
-1
83 9983
-1
86 9974
-1
88 9941
-1
-1
-1
86 10000
-1
87 9891
-1
88 9999
-1
90 9818
-1
93 9993
-1
89 9907
-1
87 9844
-1
85 9931
-1
-1
-1
81 9976
-1
81 9957
-1
81 9864
-1
84 9942
-1
89 9962
-1
85 9893
-1
87 9904
-1
88 9976
-1
-1
-1
90 9825
-1
92 9955
-1
92 9854
-1
92 9953
-1
91 9849
-1
89 9902
-1
84 9991
-1
87 10000
-1
-1
-1
83 9873
-1
82 9981
-1
82 9831
-1
81 9797
-1
85 9823
-1
84 9847
-1
81 9915
-1
81 9961
-1
-1
-1
77 9999
-1
79 9909
-1
77 9903
-1
77 9913
-1
78 9989
-1
77 9946
-1
76 9805
-1
79 9821
-1
-1
-1
80 9973
-1
83 9861
-1
80 9968
-1
82 9926
-1
77 9770
-1
79 9981
-1
80 9992
211
77 9929
-1
-1
-1
81 9925
-1
78 9986
-1
79 9791
-1
82 9826
-1
86 9988
-1
84 9998
-1
84 9988
-1
81 9932
-1
-1
-1
80 9908
-1
78 9974
-1
78 9953
-1
75 9944
-1
74 9925
-1
75 9951
-1
77 9954
-1
76 9993
-1
-1
-1
75 9988
-1
77 9960
-1
76 9918
-1
76 9976
-1
76 9930
-1
76 9985
-1
76 9947
-1
75 9854
-1
-1
-1
72 9812
-1
72 10000
-1
72 9836
-1
69 9925
-1
71 9847
-1
71 9932
-1
73 9980
-1
75 9999
-1
-1
-1
74 9924
-1
74 9870
-1
73 9993
-1
73 9811
-1
72 9893
-1
70 9958
-1
69 9815
-1
72 9994
-1
-1
28
74 9936
-1
72 9874
-1
75 9900
-1
72 9994
-1
75 9840
-1
77 9863
-1
81 9983
-1
82 9926
-1
-1
-1
84 9981
-1
81 9973
-1
85 9960
-1
83 9920
-1
82 9894
-1
83 9979
-1
79 9815
-1
76 9907
-1
-1
-1
72 9942
-1
73 9973
-1
69 9959
-1
69 9970
-1
71 9917
-1
71 9901
-1
72 9986
-1
74 9995
-1
-1
-1
71 9844
-1
76 9993
-1
76 9884
-1
73 9977
-1
74 9910
-1
72 9953
-1
69 9864
-1
69 9818
-1
-1
-1
73 9875
-1
75 9964
-1
73 9963
-1
74 9885
-1
77 9947
-1
76 9857
-1
77 9934
-1
81 9995
-1
-1
-1
85 9831
-1
83 9904
-1
81 9942
-1
82 9837
-1
85 9999
-1
81 9864
-1
81 9921
-1
85 9977
-1
-1
-1
78 9985
-1
77 9948
-1
77 9833
-1
78 9852
-1
74 9834
-1
77 9960
-1
77 9897
-1
79 9923
-1
-1
-1
76 9849
-1
77 9864
-1
80 9974
-1
80 9997
-1
77 9969
-1
78 9941
-1
79 9877
-1
83 9986
-1
-1
-1
81 9813
-1
81 9962
-1
83 9958
-1
82 9827
-1
81 9876
-1
84 9915
-1
86 9988
-1
83 9908
-1
-1
-1
80 10000
-1
79 9916
-1
82 9871
-1
78 9779
-1
79 9929
-1
79 9931
-1
78 9891
-1
79 9953
-1
-1
-1
81 9975
-1
78 9964
-1
80 9881
-1
79 9859
-1
80 9971
-1
79 9877
-1
81 9906
-1
82 9984
-1
-1
-1
78 9828
-1
79 9838
-1
77 9875
-1
75 9848
-1
77 9932
-1
77 9999
-1
76 9978
-1
75 9928
-1
-1
-1
75 9918
-1
75 9979
-1
73 9940
-1
74 9991
-1
75 9890
-1
78 9962
-1
78 9902
-1
82 9993
-1
-1
-1
76 9845
-1
77 9880
-1
81 9970
-1
82 9870
-1
84 9959
-1
87 9817
-1
87 9863
-1
83 9958
-1
-1
-1
84 9930
-1
86 9902
-1
82 9844
-1
82 9933
-1
83 9994
-1
77 9944
-1
76 9955
-1
76 9926
-1
-1
-1
76 9887
-1
76 9964
-1
74 9890
-1
75 9962
-1
71 9924
-1
75 9910
-1
79 9947
-1
77 9991
-1
-1
-1
75 9842
-1
75 9966
-1
73 9784
-1
75 9977
-1
74 9971
-1
74 9990
-1
71 9991
-1
74 9958
-1
-1
-1
75 9988
69
76 9898
-1
77 9961
-1
79 9913
-1
80 9964
-1
82 9819
-1
87 9974
-1
87 9995
-1
-1
-1
86 9840
-1
87 9986
-1
82 9939
-1
83 10000
-1
81 9900
-1
83 9893
-1
82 9800
-1
80 9890
-1
-1
-1
84 9909
-1
85 9985
-1
86 9998
-1
85 9914
-1
86 9941
-1
91 9955
-1
92 9973
-1
95 9973
-1
-1
-1
91 9917
-1
91 9975
-1
88 9955
-1
82 9881
-1
85 9896
-1
85 9879
-1
85 9977
-1
81 9929
-1
-1
-1
74 9853
-1
71 9936
-1
73 9908
-1
75 9932
-1
78 9967
-1
76 9983
-1
73 9950
-1
71 10000
-1
-1
-1
73 9920
-1
75 9954
-1
76 9963
-1
78 9867
-1
76 9944
-1
78 9847
-1
79 9845
-1
80 9826
-1
-1
-1
80 9949
-1
81 9970
-1
80 9950
-1
76 9971
-1
76 9800
-1
77 9983
-1
75 9962
-1
74 9988
-1
-1
-1
73 9938
-1
73 9918
-1
73 9925
-1
73 9956
-1
67 9858
-1
69 9865
-1
70 9917
-1
72 9948
-1
-1
-1
79 9922
-1
82 9951
-1
81 9778
-1
84 9917
-1
86 9982
-1
88 9899
-1
90 9941
-1
86 9922
-1
156
-1
91 9955
-1
84 9900
-1
78 9880
-1
77 9995
-1
76 9972
-1
74 9973
-1
76 9965
-1
78 9872
-1
-1
-1
77 9934
-1
76 9943
-1
76 9941
-1
80 9885
-1
81 9894
-1
82 9999
-1
82 9976
-1
77 9943
-1
-1
-1
77 9901
-1
75 9895
-1
76 9998
-1
70 9920
-1
71 9898
-1
73 9896
-1
76 9951
-1
74 9856
-1
-1
-1
73 9775
-1
74 9774
-1
76 9970
-1
77 9969
-1
80 9958
-1
79 9940
-1
76 9915
-1
75 9903
-1
-1
-1
77 9871
-1
78 9922
-1
78 9978
-1
77 9948
-1
79 9959
-1
78 9904
-1
81 9852
-1
82 9813
-1
-1
-1
84 9905
-1
83 9987
-1
82 9992
-1
80 9842
-1
83 9848
-1
84 9915
-1
82 9995
-1
82 9978
-1
-1
-1
74 9975
-1
76 9890
-1
77 9899
-1
80 9800
-1
78 9936
-1
80 9928
-1
80 9985
-1
78 9935
-1
-1
-1
78 9900
-1
81 9855
-1
81 9917
-1
76 9993
-1
77 9965
-1
76 9969
-1
74 9843
-1
74 9814
-1
-1
-1
78 9993
-1
76 9962
-1
75 9887
-1
76 9920
-1
79 9945
-1
75 9989
-1
76 9887
-1
77 9826
-1
-1
-1
77 9926
-1
76 9954
-1
79 9967
-1
75 9941
-1
73 9916
-1
73 9913
-1
74 9931
-1
72 9934
-1
-1
-1
76 9995
-1
75 9982
-1
71 9928
-1
72 9837
-1
73 9911
-1
77 9954
-1
77 9929
-1
75 9934
-1
-1
-1
77 9939
-1
72 9895
-1
75 9946
-1
75 9963
-1
75 9988
-1
75 9976
-1
76 9842
-1
76 9847
-1
-1
-1
83 9945
-1
79 9930
-1
80 9988
-1
79 9905
-1
83 9934
-1
83 9837
-1
81 9960
-1
79 9804
-1
-1
-1
78 9902
-1
78 9857
-1
78 9830
-1
81 9986
-1
85 9979
-1
85 9962
-1
82 9890
-1
83 9912
-1
-1
-1
85 9976
-1
84 9972
-1
83 9868
-1
86 9962
-1
85 9904
-1
81 9789
-1
83 9995
-1
83 9978
-1
-1
-1
84 9927
-1
86 9917
-1
86 9903
-1
86 9932
-1
88 9973
-1
87 9962
-1
88 9969
-1
89 9970
-1
-1
-1
79 9895
-1
80 9935
-1
78 9987
-1
80 9957
-1
81 9991
-1
82 9942
-1
81 9950
-1
79 9878
-1
-1
-1
78 9957
-1
82 9987
-1
81 9868
-1
81 9980
-1
74 9858
-1
76 9916
-1
75 9914
-1
75 9902
-1
-1
-1
80 9960
-1
81 9990
-1
78 9779
-1
80 9993
-1
81 9890
-1
82 9911
-1
83 9845
-1
81 9849
-1
-1
-1
83 9982
-1
84 9981
-1
83 9915
-1
84 9961
-1
84 9921
-1
83 9931
-1
83 9844
-1
79 9981
-1
-1
-1
73 9958
-1
68 9781
-1
67 9957
-1
66 9976
-1
68 9973
-1
64 9916
-1
67 9924
-1
70 9887
-1
-1
-1
75 9953
-1
76 9942
-1
78 9813
-1
78 9985
-1
79 9973
-1
78 9830
-1
80 9874
-1
80 9798
-1
-1
-1
78 9851
-1
75 9812
-1
76 9818
-1
78 9993
-1
78 9917
-1
80 9985
-1
83 9968
-1
85 9960
-1
-1
-1
83 9819
-1
84 9916
-1
87 9943
-1
87 9935
-1
91 9988
-1
90 9961
-1
89 9979
-1
82 9944
-1
-1
-1
77 9989
-1
73 9923
-1
75 9900
-1
77 9818
-1
80 9973
-1
73 9773
-1
78 9914
-1
77 9903
-1
-1
-1
83 9950
-1
84 9767
-1
86 9889
-1
89 9766
-1
89 9983
-1
83 10000
-1
87 9992
-1
87 9974
-1
-1
-1
84 9918
-1
80 9901
-1
81 9994
-1
81 9906
-1
80 9909
-1
83 9965
-1
85 9984
-1
83 9921
-1
-1
-1
87 9957
-1
89 9873
-1
88 9834
-1
89 9995
-1
87 9985
-1
90 9996
-1
90 9981
-1
88 9939
-1
-1
-1
88 9938
-1
86 9846
-1
85 9884
-1
85 9958
-1
84 9884
-1
80 10000
-1
77 9907
-1
77 9954
-1
-1
-1
77 9964
-1
76 9946
-1
80 9917
-1
80 9859
-1
81 9964
-1
85 9949
-1
86 9876
-1
89 9777
-1
-1
-1
94 9934
-1
90 9961
-1
88 9999
-1
80 9884
-1
78 9933
-1
78 9998
-1
74 9935
-1
79 9986
-1
-1
-1
75 9889
-1
76 10000
-1
77 9955
-1
78 9841
-1
81 9822
-1
82 9867
-1
82 9939
-1
84 9842
-1
-1
-1
82 9895
-1
84 9960
-1
78 9891
-1
77 9900
-1
78 9946
-1
77 9968
-1
77 9804
-1
80 9953
-1
-1
-1
75 9985
-1
78 9942
-1
75 9877
-1
78 10000
-1
79 9970
-1
78 9901
-1
77 9859
-1
77 9987
-1
-1
-1
78 9996
-1
75 9900
-1
76 9982
-1
79 9897
-1
76 9798
-1
79 9992
-1
77 9970
-1
80 9994
-1
-1
-1
79 9999
-1
79 9985
-1
79 9886
-1
80 9966
-1
78 9935
-1
79 9965
-1
78 9988
-1
80 9931
-1
-1
-1
80 9947
-1
81 9984
-1
81 9993
-1
81 9906
-1
81 9915
-1
81 9883
-1
81 9934
-1
82 9962
-1
-1
-1
80 9966
-1
79 9876
-1
80 9952
-1
80 9944
-1
77 9895
-1
75 9941
-1
76 9989
-1
74 9796
-1
-1
-1
73 9949
-1
75 9990
-1
74 9925
-1
70 9956
-1
70 9862
-1
73 9978
-1
73 9939
-1
76 9950
-1
-1
-1
78 9825
-1
79 9958
-1
76 9800
-1
78 9938
-1
81 9954
-1
83 9962
-1
81 9850
-1
81 9942
-1
-1
-1
77 9939
-1
75 9932
-1
79 9959
-1
79 9897
-1
75 9829
-1
72 9982
-1
70 9896
-1
70 9833
-1
-1
-1
72 9924
-1
75 9994
154
71 9891
-1
73 9972
-1
73 9797
-1
74 9862
-1
77 9891
-1
80 10000
-1
-1
-1
74 9859
-1
77 9989
-1
78 9952
-1
80 9978
-1
82 9936
-1
82 9873
-1
82 9922
-1
82 9978
-1
-1
-1
83 9898
-1
83 9970
-1
86 9963
-1
82 9959
-1
82 9984
-1
79 9959
-1
80 9944
-1
79 9936
-1
-1
-1
77 9894
-1
76 9771
-1
76 9977
-1
77 9971
-1
79 9837
-1
79 9942
-1
79 9991
-1
77 9826
-1
-1
-1
76 9932
-1
76 9886
-1
76 9918
-1
78 9952
-1
80 9970
-1
77 9954
-1
75 9886
-1
79 9947
-1
-1
-1
78 9911
-1
83 9997
-1
83 9959
-1
82 9943
-1
83 9992
-1
78 9786
-1
82 9834
-1
84 9987
-1
-1
-1
85 9896
-1
86 9967
-1
85 9784
-1
82 9911
-1
82 9975
-1
85 9973
-1
84 9974
-1
80 9978
-1
-1
-1
82 9802
-1
82 9829
-1
82 9994
-1
82 9829
-1
83 9894
-1
85 9912
-1
86 9903
-1
83 9905
-1
-1
-1
74 9967
-1
76 9885
-1
77 9847
-1
77 9957
-1
77 9816
-1
78 10000
-1
78 9995
-1
78 9958
-1
-1
-1
80 9882
-1
80 9936
-1
79 9795
-1
77 9953
-1
78 9962
-1
74 9795
-1
77 9956
-1
78 9803
-1
-1
-1
76 9819
-1
79 9809
-1
80 9928
-1
78 9836
-1
81 9880
-1
79 9980
-1
81 9987
-1
79 9955
-1
-1
-1
74 9840
-1
80 9959
-1
79 9967
-1
81 9901
-1
83 9977
-1
81 9924
-1
82 9948
-1
83 9995
-1
-1
-1
83 9994
-1
86 9992
-1
88 9963
-1
85 9997
-1
80 9956
-1
79 9965
-1
82 9959
-1
84 9998
-1
-1
-1
79 9852
-1
79 9950
-1
79 9979
-1
76 9991
-1
75 9803
-1
76 9940
-1
72 9880
-1
67 9970
-1
-1
-1
71 9981
-1
71 9935
-1
69 9906
-1
72 9998
-1
72 9828
-1
74 9977
-1
74 9989
-1
73 9833
-1
-1
-1
75 9843
-1
75 9986
-1
74 9983
-1
73 10000
-1
71 9841
-1
70 9866
-1
71 9910
-1
70 9975
-1
-1
-1
75 9903
-1
76 9868
-1
79 9935
-1
76 9823
-1
78 9966
-1
79 9993
-1
81 9960
-1
80 9844
-1
-1
-1
85 9940
-1
81 9926
-1
77 10000
-1
79 9950
-1
81 9863
-1
80 9973
-1
76 9880
-1
74 9858
-1
-1
-1
72 9836
-1
72 9997
-1
73 9789
-1
74 9819
-1
72 9926
-1
74 9856
-1
77 9984
-1
77 9981
-1
-1
-1
76 9931
-1
77 10000
-1
77 9970
-1
76 9966
-1
78 9971
-1
78 9913
-1
78 9885
-1
78 9863
-1
-1
-1
80 9933
-1
82 9843
-1
82 9962
-1
83 9865
-1
82 9987
-1
81 9914
-1
83 9944
-1
82 9920
-1
-1
-1
82 9993
-1
80 9841
-1
80 9953
-1
79 9975
-1
81 9982
-1
80 9936
-1
81 9928
-1
79 9772
-1
-1
-1
83 9962
-1
81 9944
-1
82 9965
-1
84 9943
-1
85 9922
-1
87 9980
-1
83 9887
-1
84 9920
-1
-1
-1
78 9845
-1
78 9789
-1
82 9990
-1
86 9967
-1
83 9842
-1
80 9979
-1
82 9862
-1
83 9949
-1
-1
-1
86 9882
-1
87 9912
-1
89 9956
-1
85 9958
-1
79 9991
-1
81 9944
-1
84 9904
-1
81 9934
-1
-1
-1
84 9955
-1
83 9915
-1
84 9954
-1
83 9979
-1
82 9975
-1
82 9789
-1
78 9903
-1
78 9939
-1
-1
-1
77 9936
-1
75 9991
-1
75 9967
-1
74 9897
-1
71 9901
-1
72 9984
-1
73 9872
-1
76 9849
-1
-1
-1
76 9949
-1
72 9988
-1
76 9944
-1
77 9881
-1
78 9923
-1
80 9971
-1
79 9931
-1
78 10000
-1
-1
-1
77 9911
-1
77 9958
-1
79 9999
-1
75 9975
-1
76 9997
-1
76 9929
-1
78 9928
-1
79 9818
-1
-1
-1
74 9915
-1
74 9985
-1
74 9940
-1
73 9957
-1
71 9925
-1
75 9966
-1
77 9976
-1
73 9995
-1
-1
-1
76 9896
-1
79 9997
-1
79 9992
-1
80 9969
-1
81 9982
-1
81 9917
-1
74 9965
-1
74 9947
-1
-1
-1
71 9782
-1
69 9801
-1
72 9981
-1
74 9944
-1
74 9988
-1
72 9851
-1
73 9876
-1
71 9956
-1
-1
-1
72 9883
-1
73 9928
-1
75 9995
-1
71 9946
-1
73 9971
-1
73 9807
-1
73 9895
-1
78 9898
-1
-1
-1
81 9984
-1
82 9854
-1
86 9987
-1
86 9975
-1
85 9939
-1
84 9988
-1
82 9877
-1
84 9962
-1
172
-1
84 9973
-1
82 9894
-1
79 9996
-1
76 9772
-1
74 9959
-1
73 9983
-1
70 9967
-1
72 9984
-1
-1
-1
69 9891
-1
71 9993
-1
74 9965
-1
76 9806
-1
77 9839
-1
79 9821
-1
80 9911
-1
81 9960
-1
-1
-1
83 9961
-1
83 9958
-1
87 9853
-1
85 9836
-1
82 9964
-1
82 9975
-1
83 9908
-1
80 9839
-1
-1
-1
82 9911
-1
80 9924
-1
76 9938
-1
77 9887
-1
76 9921
-1
77 9885
-1
79 9866
-1
85 9925
-1
-1
-1
88 9806
-1
90 9994
-1
88 9919
-1
88 9957
-1
90 9887
-1
88 9834
-1
89 9901
-1
88 9947
-1
-1
-1
76 9999
-1
79 9938
-1
75 9889
-1
78 9997
-1
76 9932
-1
72 9874
-1
76 9957
-1
76 9881
-1
-1
-1
76 9863
-1
75 9949
-1
76 9947
-1
79 9880
-1
79 9941
-1
79 9966
-1
75 9952
-1
73 9903
-1
-1
-1
76 9884
-1
78 9999
-1
78 9933
-1
77 9989
-1
74 9859
-1
76 9904
-1
76 9884
-1
77 9825
-1
-1
-1
78 9968
-1
77 9937
-1
77 9989
-1
76 9923
-1
74 9881
-1
76 9963
-1
76 9940
-1
77 9984
-1
-1
-1
77 9947
-1
80 9929
-1
79 9856
-1
78 9792
-1
84 9838
-1
83 9966
-1
82 9971
-1
82 9890
-1
-1
-1
82 9895
-1
85 9794
-1
84 9970
-1
82 9900
-1
83 9910
-1
80 9969
-1
82 9982
-1
80 9928
-1
-1
-1
76 9908
-1
71 9950
-1
73 9940
-1
72 9980
-1
70 9967
-1
69 9918
-1
69 9977
-1
71 9999
-1
-1
-1
73 9793
-1
77 9962
-1
77 9971
-1
81 9991
-1
85 9994
-1
85 9986
-1
85 9905
-1
85 9849
-1
-1
-1
85 9908
-1
84 9899
-1
82 9944
-1
80 9901
-1
72 9858
-1
71 9948
-1
72 9798
-1
73 9953
-1
-1
-1
72 9982
-1
73 9878
-1
73 9860
-1
76 9890
-1
74 9921
-1
76 9983
-1
79 9986
-1
76 9969
-1
-1
-1
80 9829
-1
80 9970
-1
78 9966
-1
78 9922
-1
77 9962
-1
79 9994
-1
79 9967
-1
79 9906
-1
-1
-1
78 9818
-1
80 9903
-1
81 9892
-1
84 9997
-1
84 9923
-1
85 9982
-1
87 9813
-1
89 9840
-1
-1
-1
93 9902
-1
94 9843
-1
91 9976
-1
87 9876
-1
87 9963
-1
86 9993
-1
86 9912
-1
88 9978
-1
-1
-1
79 9904
-1
80 9815
-1
79 9854
-1
82 9997
-1
83 9763
-1
86 9790
-1
86 9947
-1
86 9895
-1
-1
-1
85 9858
-1
89 9942
-1
87 9952
-1
85 9908
15
85 9997
-1
83 9974
-1
78 9844
-1
83 9977
-1
-1
-1
82 9903
-1
85 9987
-1
85 9966
-1
84 9968
-1
86 10000
-1
86 9864
-1
85 9969
-1
82 9917
-1
-1
-1
77 9884
-1
75 9979
-1
77 9927
-1
76 9957
-1
74 9919
-1
75 9923
-1
74 9958
-1
77 9985
-1
-1
-1
85 9954
-1
85 9830
-1
81 9800
-1
79 9835
-1
80 9800
-1
84 9981
-1
80 9928
-1
83 9996
-1
-1
-1
74 9959
-1
74 9874
-1
76 9989
-1
75 9838
-1
73 9993
-1
75 9945
-1
74 9961
-1
77 9989
-1
-1
-1
77 9851
-1
77 9945
-1
78 9937
-1
78 9887
-1
81 9899
-1
83 9939
-1
83 9941
-1
84 9807
-1
-1
-1
79 9993
-1
80 9833
-1
82 9982
-1
81 9977
-1
83 9994
-1
82 9921
-1
83 9956
-1
82 9915
-1
-1
-1
80 9994
-1
81 9872
-1
83 9912
-1
84 9972
-1
86 9895
-1
83 9958
-1
81 9946
-1
78 9962
-1
-1
-1
79 9910
-1
79 9931
-1
78 9990
-1
78 9952
-1
75 9896
-1
75 10000
-1
78 9926
-1
80 9943
-1
-1
-1
82 9896
-1
79 9814
-1
79 9907
-1
81 9921
-1
82 10000
-1
84 9907
-1
87 9885
-1
83 9894
-1
-1
-1
79 9978
-1
80 9995
-1
81 9963
-1
80 9868
-1
78 9959
-1
77 9978
-1
75 9916
-1
79 9973
-1
-1
-1
78 9812
-1
80 9796
-1
77 9954
-1
74 9804
-1
76 9948
-1
75 9988
-1
77 9892
-1
70 9882
-1
-1
-1
73 9810
-1
74 9905
-1
75 9915
-1
78 9927
-1
78 9951
-1
77 9938
-1
78 9895
-1
78 9959
-1
-1
-1
81 9958
-1
81 9806
-1
82 9936
-1
80 9790
-1
81 9968
-1
80 9939
-1
82 9843
-1
86 9903
-1
-1
-1
86 9854
-1
85 9880
-1
84 9961
-1
81 9926
-1
83 10000
-1
83 9902
-1
84 9831
-1
85 9985
-1
-1
-1
84 9799
-1
82 9890
-1
83 9760
-1
82 9986
-1
82 9915
-1
79 9911
-1
79 9969
-1
78 9917
-1
-1
-1
77 9897
-1
82 9989
-1
76 10000
-1
81 9967
-1
81 9882
-1
83 9862
-1
86 9986
-1
88 9965
-1
-1
-1
90 9996
-1
89 9956
-1
83 9950
-1
81 9771
-1
76 9960
-1
80 9964
-1
78 9939
-1
76 9897
-1
-1
-1
73 9965
-1
71 9930
-1
74 9976
-1
76 9869
-1
80 9975
-1
83 9888
-1
80 9952
-1
80 9998
-1
-1
-1
81 9817
-1
85 9947
-1
84 9877
-1
83 9952
-1
81 9997
-1
77 9901
-1
74 9916
-1
75 9952
-1
-1
-1
74 9908
-1
71 9888
-1
74 9976
-1
74 9789
-1
74 9843
-1
73 9828
-1
75 9918
-1
74 9819
-1
-1
-1
76 9973
-1
76 9808
-1
77 9945
-1
76 9868
-1
76 9852
-1
76 9864
-1
78 9859
-1
80 9965
-1
-1
-1
81 9868
-1
81 9794
-1
86 9901
-1
87 9977
-1
86 9902
-1
86 9994
-1
87 9851
-1
86 9850
-1
-1
-1
83 9984
-1
80 9978
-1
81 9950
-1
79 9896
-1
78 9921
-1
79 9894
-1
79 9963
-1
81 9971
-1
-1
-1
80 9981
-1
82 9844
-1
82 9827
-1
82 9973
-1
83 9852
-1
86 9998
-1
87 9981
-1
84 9841
-1
-1
-1
83 9949
-1
84 9832
-1
87 9901
-1
84 9976
-1
83 9955
-1
78 9981
-1
81 9965
-1
78 9782
-1
-1
-1
87 9980
-1
86 9773
-1
84 9887
-1
84 9950
-1
86 9914
-1
87 9799
-1
90 9979
-1
90 9942
-1
-1
-1
87 9913
-1
90 9982
-1
84 9963
-1
83 9890
-1
86 9947
-1
84 9837
-1
80 9899
-1
78 9912
-1
-1
-1
82 9979
-1
82 9983
-1
79 9967
-1
82 9875
-1
82 9815
-1
81 9892
-1
82 9927
-1
83 9892
-1
-1
-1
80 9990
-1
76 9994
-1
77 9947
-1
74 9840
-1
76 9969
-1
72 9981
-1
69 9955
-1
71 9909
-1
-1
-1
70 9937
-1
70 9975
-1
66 9923
-1
66 9956
-1
69 9956
-1
71 9971
-1
74 9976
-1
73 9917
-1
-1
-1
76 9803
-1
77 9944
-1
78 9960
-1
79 9940
-1
78 9951
-1
77 9991
-1
77 9857
-1
77 9893
-1
-1
-1
82 9837
-1
83 9924
60
82 9988
-1
82 9802
-1
86 9996
-1
84 9933
-1
85 9951
-1
86 9895
-1
-1
-1
87 9821
-1
85 9995
-1
85 9821
-1
83 9803
-1
85 9958
-1
79 9907
-1
82 9905
-1
81 9943
-1
-1
-1
75 9917
-1
73 9957
-1
73 9976
-1
75 9867
-1
79 9969
-1
77 9842
-1
75 9902
-1
77 9824
-1
-1
-1
81 9966
-1
81 9974
-1
81 9901
-1
81 9873
-1
81 9811
-1
85 9967
-1
84 9884
-1
87 9959
-1
-1
-1
84 9990
-1
83 9948
-1
83 9991
-1
84 9995
-1
84 9973
-1
80 9842
-1
80 9975
-1
74 9958
-1
-1
-1
73 9990
-1
73 9980
-1
74 9984
-1
73 9952
-1
73 9967
-1
72 9909
-1
73 9921
-1
75 9917
-1
-1
-1
79 9927
-1
78 9951
-1
76 9847
-1
77 9992
-1
77 9988
-1
79 9939
-1
82 9914
-1
80 9841
-1
-1
-1
75 9897
-1
77 9902
-1
77 9845
-1
80 9957
-1
78 9843
-1
81 9891
-1
84 9908
-1
80 9821
-1
-1
-1
83 9933
-1
82 9967
-1
83 9999
-1
85 9993
-1
85 9887
-1
83 9992
-1
81 9978
-1
77 9984
-1
-1
-1
75 9952
-1
78 9885
-1
81 9978
-1
81 9968
-1
81 9950
-1
80 9980
-1
81 9894
-1
81 9951
-1
-1
-1
85 9862
-1
89 9973
-1
82 9911
-1
80 9939
-1
80 9957
-1
78 9983
-1
80 9946
-1
80 9935
-1
-1
-1
81 9947
-1
77 9992
-1
74 9884
-1
75 9942
-1
71 9753
-1
72 9969
-1
75 9915
-1
76 9914
-1
-1
-1
81 9909
-1
81 9980
-1
82 9827
-1
82 9992
-1
82 9852
-1
82 9944
-1
84 9931
-1
85 9977
-1
-1
-1
76 9922
-1
76 9964
-1
77 9987
-1
74 9784
-1
78 9961
-1
77 9897
-1
76 9998
-1
75 9964
-1
-1
-1
75 9850
-1
77 9851
-1
76 9963
-1
77 9921
-1
79 9864
-1
79 9991
-1
79 9915
-1
82 9986
-1
-1
-1
83 9989
-1
81 9950
-1
78 9993
-1
78 9981
-1
78 9941
-1
75 9780
-1
74 9976
-1
73 9843
-1
-1
-1
79 9769
-1
80 9996
-1
81 9838
-1
80 9956
-1
81 9977
-1
84 9909
-1
83 9950
-1
86 9905
-1
-1
-1
83 9928
-1
79 9809
-1
79 9982
-1
78 9842
-1
82 9991
-1
80 9968
-1
79 9993
-1
77 9941
-1
-1
-1
80 9813
-1
84 9950
-1
80 10000
-1
80 9928
-1
81 9976
-1
80 9928
-1
78 9971
-1
78 9906
-1
-1
-1
77 9925
-1
78 9963
-1
76 9814
-1
81 9861
-1
85 9960
-1
83 9927
-1
83 9933
-1
82 9921
-1
-1
-1
84 9987
-1
82 9985
-1
84 9956
-1
84 9985
-1
86 9974
-1
84 9970
-1
83 9928
-1
81 9992
-1
-1
-1
79 9962
-1
79 9959
-1
82 9963
-1
82 9815
-1
79 9785
-1
79 9967
-1
78 9880
-1
77 9966
-1
-1
-1
79 9893
-1
79 9990
-1
76 9837
-1
76 9917
-1
76 9838
-1
77 9963
-1
75 9944
-1
75 9782
-1
-1
-1
75 9900
-1
74 9947
-1
75 9990
-1
74 9991
-1
73 9945
-1
75 9995
-1
77 9923
-1
80 9935
-1
-1
-1
77 9844
-1
77 9798
-1
79 9886
-1
79 9788
-1
82 9966
-1
81 10000
-1
82 9976
-1
80 9952
-1
-1
-1
79 9912
-1
78 9798
-1
79 9769
-1
76 9919
-1
80 9952
-1
79 9960
-1
79 9878
-1
80 9979
-1
-1
-1
79 9982
-1
80 9870
-1
82 9951
-1
80 9895
-1
82 9815
-1
79 9939
-1
77 9903
-1
78 9992
-1
-1
-1
75 9943
-1
75 9843
-1
75 9962
-1
78 9939
-1
75 9854
-1
76 9931
-1
76 9966
-1
77 9973
-1
-1
-1
77 9927
-1
73 9829
-1
74 9818
-1
72 9922
-1
71 9989
-1
72 9994
-1
73 9977
-1
75 9988
-1
-1
-1
76 9808
-1
75 9995
-1
71 9863
-1
71 9899
-1
72 9826
-1
71 9951
-1
72 9989
-1
69 9859
-1
-1
-1
68 9968
-1
69 9849
-1
68 9939
-1
69 9926
-1
69 9943
-1
68 9954
-1
68 9901
-1
71 9961
-1
-1
-1
75 9949
-1
76 9987
-1
76 9824
-1
77 9862
-1
79 9982
-1
75 9872
-1
75 9948
-1
79 9983
-1
-1
-1
80 9945
-1
78 9888
-1
78 9993
-1
78 9785
-1
81 9962
-1
80 9827
-1
83 9827
-1
85 9797
-1
-1
-1
85 9885
-1
80 9834
-1
83 9984
-1
83 9920
-1
79 9876
-1
78 9832
-1
82 9927
-1
82 9820
-1
-1
-1
83 9948
-1
84 9979
-1
85 9896
-1
84 9869
-1
84 9986
-1
86 9999
-1
88 9955
-1
89 9974
-1
-1
-1
80 9760
-1
80 9926
-1
77 9902
-1
72 9842
-1
71 9973
-1
68 9777
-1
72 9976
-1
73 9930
-1
-1
-1
74 9934
-1
74 9920
-1
73 9927
-1
75 9848
-1
77 9808
-1
81 9804
-1
86 9971
-1
85 9993
-1
-1
-1
83 9982
-1
83 9945
-1
83 9778
-1
85 9929
-1
86 9984
-1
83 9832
-1
82 9833
-1
77 9854
-1
-1
-1
75 9930
-1
78 9908
-1
77 9825
-1
77 9929
-1
79 9810
-1
80 9886
-1
80 9838
-1
84 9886
-1
-1
-1
87 9889
-1
87 9903
-1
89 9925
-1
90 9991
-1
88 9990
-1
89 9845
-1
85 9957
-1
86 9991
-1
-1
-1
87 9956
-1
89 9978
-1
84 9956
-1
86 9878
-1
86 9900
-1
87 9869
-1
89 9916
-1
86 9900
-1
-1
-1
85 9964
-1
83 9972
-1
78 9847
-1
79 9977
-1
75 9995
-1
75 9960
-1
71 9903
-1
74 9990
-1
-1
-1
75 9846
-1
76 9975
-1
77 9978
-1
78 9990
-1
79 9994
-1
81 9808
-1
79 9965
-1
82 9984
-1
-1
-1
83 9790
-1
86 9964
-1
85 9822
-1
83 9992
-1
81 9956
-1
80 9902
-1
79 9977
-1
78 9924
-1
-1
-1
74 9930
-1
71 9913
-1
71 9918
-1
74 9987
-1
74 9849
-1
76 9994
-1
74 9893
-1
76 9989
-1
-1
-1
72 9922
-1
73 9832
-1
75 9887
-1
73 9782
-1
73 9896
-1
77 9975
-1
78 9781
-1
81 9868
-1
-1
-1
80 9767
-1
83 9845
-1
83 9929
104
82 9922
-1
82 9979
-1
82 9987
-1
77 9807
-1
73 9947
-1
-1
-1
69 9973
-1
72 9941
-1
73 9980
-1
78 9997
-1
76 10000
-1
80 9908
-1
82 9965
-1
85 9987
-1
-1
-1
87 9942
-1
90 9986
-1
91 9826
-1
91 9996
-1
91 9980
-1
92 9950
-1
88 9864
-1
86 9995
-1
-1
-1
89 9979
-1
93 9814
-1
93 9974
-1
90 9980
-1
88 9921
-1
88 9903
-1
88 9941
-1
87 9893
-1
-1
-1
86 9914
-1
79 9955
-1
75 9943
-1
74 9791
-1
75 9970
-1
76 9832
-1
77 9889
-1
80 9857
-1
-1
-1
76 9893
-1
78 9908
-1
81 9962
-1
83 9813
-1
86 9969
-1
87 9915
-1
88 9962
-1
87 9962
-1
-1
-1
87 9994
-1
89 9867
-1
91 9902
-1
91 9948
-1
90 9996
-1
88 9931
-1
89 9927
-1
88 9862
-1
-1
-1
86 9964
-1
81 9997
-1
81 9925
-1
79 9950
-1
76 9964
-1
79 9964
-1
83 9977
-1
75 9997
-1
-1
-1
79 9941
-1
78 9913
-1
80 9868
-1
77 9829
-1
79 9912
-1
82 9980
-1
81 9976
-1
76 9899
-1
-1
-1
73 9976
-1
73 9871
-1
73 9850
-1
73 9927
-1
73 9979
-1
74 9808
-1
78 9885
-1
75 9841
-1
-1
-1
80 9996
-1
78 9875
-1
77 9858
-1
76 9969
-1
75 9925
-1
73 9931
-1
70 9816
-1
70 9963
-1
-1
-1
70 9866
-1
71 9907
-1
71 10000
-1
71 9891
-1
73 9997
-1
73 9900
-1
70 9854
-1
73 9997
-1
-1
-1
70 9845
-1
69 9799
-1
68 9835
-1
71 9993
-1
70 9929
-1
71 9970
-1
73 9951
-1
72 9869
-1
-1
-1
75 9929
-1
77 9954
-1
79 9937
-1
83 9886
-1
83 9929
-1
85 9959
-1
87 9960
-1
89 9959
-1
-1
-1
89 9996
-1
87 9769
-1
90 9928
-1
86 9970
-1
84 9990
-1
82 9813
-1
81 9972
-1
76 9993
-1
-1
-1
70 9939
-1
72 9940
-1
69 9830
-1
71 9976
-1
70 9922
-1
69 9980
-1
71 9986
-1
73 9894
-1
-1
-1
77 9990
-1
76 9944
-1
76 9880
-1
79 9938
-1
77 9833
-1
80 9998
-1
80 9978
-1
78 9903
-1
-1
-1
76 9941
-1
79 9907
-1
83 9895
-1
81 9935
-1
83 9956
-1
81 9964
-1
84 9972
-1
80 9812
-1
-1
-1
80 9927
-1
81 9923
-1
82 9993
-1
75 9950
-1
74 9990
-1
76 9885
-1
76 9957
-1
75 9964
-1
-1
-1
77 9958
-1
78 9884
-1
82 9993
-1
82 9942
-1
82 9970
-1
84 9889
-1
88 9950
-1
88 9978
-1
-1
-1
88 9989
-1
89 9993
-1
89 9967
-1
89 9987
-1
85 9938
-1
86 9883
-1
87 9889
158
84 9989
-1
-1
-1
82 9987
-1
85 9950
-1
82 9945
-1
79 9971
-1
77 9874
-1
72 9892
-1
71 9982
-1
73 9944
-1
-1
-1
79 9860
-1
78 9976
-1
77 9941
-1
79 9955
-1
79 9903
-1
80 9872
-1
83 9756
-1
84 9989
-1
-1
-1
76 9985
-1
76 9979
-1
76 9974
-1
79 9999
-1
76 9863
-1
77 9972
-1
75 9929
-1
76 9972
-1
-1
-1
80 9878
-1
83 9890
-1
81 9789
-1
81 9982
-1
78 9960
-1
81 9961
-1
85 9957
-1
84 9907
-1
-1
-1
81 9911
-1
80 9895
-1
79 9852
-1
78 9925
-1
81 9793
-1
82 9880
-1
83 9901
-1
78 9932
-1
-1
-1
79 9984
-1
83 9984
-1
82 9844
-1
79 9822
-1
81 9952
-1
79 9971
-1
78 9792
-1
78 9988
-1
-1
-1
79 9922
-1
76 9935
-1
73 9927
-1
73 9957
-1
77 9964
-1
78 9885
-1
79 9959
-1
75 9779
-1
-1
-1
82 9993
-1
81 9996
-1
82 9971
-1
82 9959
-1
83 9926
-1
78 9960
-1
77 9946
-1
79 9858
-1
-1
-1
80 9878
-1
81 9981
-1
81 9927
-1
80 9804
-1
84 9798
-1
87 9883
-1
87 9986
-1
91 9984
-1
-1
-1
94 9935
-1
89 9937
-1
82 9986
-1
81 9912
-1
82 9953
-1
81 9991
-1
78 9989
-1
77 9933
-1
-1
-1
70 9834
-1
71 9837
-1
73 9801
-1
75 9887
-1
78 9935
-1
81 9979
-1
80 9922
-1
80 9983
-1
-1
-1
80 9992
-1
80 9932
-1
80 9945
-1
81 9997
-1
80 9900
-1
76 9917
-1
76 9815
-1
77 9971
-1
-1
-1
78 9940
-1
77 9996
-1
79 9983
-1
79 9980
-1
83 9986
-1
79 9818
-1
77 9907
-1
79 9895
-1
-1
-1
80 9975
-1
83 9983
-1
82 9950
-1
83 9999
-1
81 9785
-1
78 9974
-1
81 9969
-1
85 9929
-1
-1
-1
80 9893
-1
79 9947
-1
77 9992
-1
77 9946
-1
78 9942
-1
76 9862
-1
75 9924
-1
68 9850
-1
-1
-1
71 9777
-1
72 9967
-1
70 9800
-1
69 9866
-1
71 9977
-1
69 9802
-1
70 9967
-1
71 9800
-1
-1
-1
71 9997
-1
72 9931
-1
70 9805
-1
69 9921
-1
69 9900
-1
71 9975
-1
73 9899
-1
74 9864
-1
-1
-1
77 9902
-1
73 9807
-1
74 9986
-1
75 9857
-1
75 9923
-1
74 9975
-1
75 9990
-1
74 9890
-1
-1
-1
71 9851
-1
72 9876
-1
73 9887
-1
74 9995
-1
75 9999
-1
73 9827
-1
72 9981
-1
72 9963
-1
-1
-1
78 9962
-1
79 9924
-1
78 9986
-1
78 9936
-1
81 9980
-1
83 9969
-1
84 9914
-1
87 9979
-1
-1
-1
90 9891
-1
90 9981
-1
87 9992
-1
86 9927
-1
84 9844
-1
82 9987
-1
79 9962
-1
77 9876
-1
-1
-1
79 9986
-1
75 9820
-1
76 9890
-1
74 9860
-1
77 9987
-1
78 9929
-1
79 9945
-1
76 9829
-1
-1
-1
81 9852
-1
80 9967
-1
72 9956
-1
73 9777
-1
78 9933
-1
83 9957
-1
82 9987
-1
83 9966
-1
-1
-1
78 9858
-1
80 9942
-1
83 9892
-1
86 9964
-1
90 9959
-1
90 9980
-1
86 9988
-1
82 9979
-1
-1
-1
85 9973
-1
87 9976
-1
91 9984
-1
88 9886
-1
87 9839
-1
87 9992
-1
86 9829
-1
83 9916
-1
-1
-1
83 9984
-1
82 9934
-1
81 9820
-1
79 9917
-1
77 9992
-1
74 9804
-1
72 9901
-1
75 9970
-1
-1
-1
78 9987
-1
78 9920
-1
76 9983
-1
77 9967
-1
77 9797
-1
78 9811
-1
81 9809
-1
78 9880
-1
-1
-1
77 9982
-1
80 9832
-1
79 10000
-1
81 9884
-1
78 9832
-1
75 9781
-1
78 9916
-1
80 9970
-1
-1
-1
82 9919
-1
79 9997
-1
74 9908
-1
72 9946
-1
73 9811
-1
74 9911
-1
74 9894
-1
69 9886
-1
-1
-1
72 9904
-1
75 9841
-1
79 9883
-1
82 9943
-1
81 9942
-1
82 9977
-1
78 9982
-1
78 9825
-1
-1
-1
78 9949
-1
80 9843
-1
81 9821
-1
81 9993
-1
77 9949
-1
79 9931
-1
80 9824
-1
80 9965
-1
-1
-1
73 9809
-1
73 9970
-1
69 9913
-1
71 9975
-1
71 9948
-1
69 9811
-1
69 9817
-1
73 9908
-1
-1
-1
81 9993
-1
83 9963
-1
82 9944
-1
84 9907
-1
84 9994
-1
81 9848
-1
81 9915
-1
85 10000
-1
-1
-1
77 9954
-1
72 9806
-1
74 9965
-1
77 9999
-1
75 9973
-1
79 9993
-1
79 9849
-1
80 9962
-1
-1
-1
77 9934
-1
79 9964
-1
80 9865
-1
78 9866
-1
81 9998
-1
80 9911
-1
81 9967
-1
83 9988
-1
-1
-1
88 9893
-1
88 9944
-1
88 9906
-1
86 9858
-1
88 9992
-1
90 9882
-1
87 9977
-1
83 9951
-1
-1
-1
80 9860
-1
77 9877
-1
76 9832
-1
76 9921
-1
75 9874
-1
70 9961
-1
71 9943
-1
72 9990
-1
-1
-1
68 9810
-1
71 9878
-1
74 9974
-1
75 9935
-1
77 9905
-1
79 9997
-1
82 9950
-1
86 9930
-1
-1
-1
91 9879
-1
91 9916
-1
89 9998
-1
91 9880
-1
93 9797
-1
89 9990
-1
85 9940
-1
84 9801
-1
-1
-1
78 9967
-1
76 9923
-1
77 9977
-1
72 9960
-1
69 9963
-1
72 9929
-1
74 9832
-1
76 9966
-1
-1
-1
77 9796
-1
79 9939
-1
78 9872
-1
79 9917
-1
80 9785
-1
82 9974
-1
80 9941
-1
78 9943
-1
-1
-1
77 9966
-1
76 9999
-1
73 9863
-1
71 9871
-1
72 9910
-1
74 9989
-1
76 9993
-1
78 9879
-1
-1
-1
76 9937
-1
77 9916
-1
75 9935
-1
77 9979
-1
79 9999
-1
76 9853
-1
76 9987
-1
76 9914
-1
-1
-1
75 9879
-1
75 9876
-1
77 9988
-1
78 9977
-1
79 9959
-1
80 9906
-1
82 9996
-1
84 9989
-1
-1
-1
84 9861
-1
85 9959
-1
86 9952
-1
84 9978
-1
80 9992
-1
79 9982
-1
79 9930
-1
79 9996
-1
-1
-1
74 9976
-1
75 9990
-1
76 9986
-1
77 9889
-1
79 9952
-1
78 9824
-1
78 9941
-1
73 9881
-1
-1
-1
71 9896
-1
73 9926
-1
70 9960
-1
72 9969
-1
75 9931
-1
75 9935
-1
79 9959
-1
78 9923
-1
-1
-1
82 9947
-1
81 9770
-1
81 9812
-1
81 9921
-1
82 9974
-1
79 9854
-1
77 9956
-1
76 9786
-1
-1
-1
76 9849
-1
76 9992
-1
76 9962
-1
72 9862
-1
72 9964
-1
71 9962
-1
70 9924
-1
69 9823
-1
-1
-1
68 9907
-1
68 9980
-1
67 9910
-1
67 9828
-1
70 9907
-1
70 9996
-1
69 9938
-1
71 9922
-1
-1
-1
71 9846
-1
71 9960
-1
74 9945
-1
75 9955
-1
75 9971
-1
76 9938
-1
76 9966
-1
76 9796
-1
-1
-1
78 9953
-1
78 9900
-1
81 9994
-1
79 9830
-1
78 9992
-1
81 9926
-1
82 9982
-1
83 9829
-1
-1
-1
86 9995
-1
86 9969
-1
84 9999
-1
84 9950
-1
80 9876
-1
82 9922
-1
75 9857
-1
74 9923
-1
-1
-1
72 9965
-1
71 9987
-1
75 9976
-1
77 9929
-1
79 9914
-1
83 9996
-1
82 9948
-1
85 9857
-1
-1
-1
84 9842
-1
85 9986
-1
86 9993
-1
82 9881
-1
80 9992
-1
77 9917
-1
74 9787
-1
73 9975
-1
-1
-1
75 9903
-1
73 9999
-1
71 9994
-1
75 9982
-1
72 9796
-1
73 9984
-1
74 9892
-1
76 9896
-1
-1
-1
73 9990
-1
73 9893
-1
76 9933
-1
78 9927
-1
79 9922
-1
80 9971
-1
77 9831
-1
80 9978
-1
-1
-1
76 9755
-1
76 9870
-1
78 9992
-1
80 9985
-1
75 9995
-1
74 9923
-1
75 9896
-1
73 9832
-1
-1
-1
71 9907
-1
72 9997
-1
68 9984
-1
68 9817
-1
69 9969
-1
70 9993
-1
71 9952
-1
71 9939
-1
-1
-1
76 9990
-1
79 9891
-1
79 9987
-1
80 9956
-1
81 9793
-1
84 9794
-1
82 9938
-1
79 9911
-1
-1
-1
79 9988
-1
79 9771
-1
76 9899
-1
76 9872
-1
78 9953
-1
71 9929
-1
74 9974
-1
77 9979
-1
-1
-1
79 9942
-1
81 9934
-1
80 9917
-1
82 9894
-1
87 9950
-1
88 9980
-1
88 9820
-1
90 9932
-1
-1
-1
86 9914
-1
83 9935
-1
82 9974
-1
82 9947
-1
82 9846
-1
78 9793
-1
78 9991
-1
78 9896
-1
-1
-1
80 9825
-1
82 9920
-1
84 9984
-1
86 9985
-1
88 9954
-1
85 9989
-1
84 9824
-1
84 9940
-1
-1
-1
80 9758
-1
80 9787
-1
81 9968
-1
80 9880
-1
76 9917
-1
77 9917
-1
72 9916
-1
76 9849
-1
-1
-1
79 9972
-1
78 9883
-1
78 9991
-1
77 9899
-1
79 9977
-1
78 9865
-1
81 9889
-1
85 9802
-1
-1
-1
88 9974
-1
87 10000
-1
88 9983
-1
86 9829
-1
83 9883
-1
82 9981
-1
81 9830
-1
83 9988
-1
-1
-1
76 9791
-1
77 9988
-1
74 9971
-1
75 9991
-1
76 9863
-1
80 9939
-1
81 9940
-1
77 9967
-1
-1
-1
78 9900
-1
78 9929
-1
78 9930
-1
77 9898
-1
79 9979
-1
79 9878
-1
77 9848
-1
82 9868
-1
-1
-1
86 9922
-1
84 9977
-1
81 9923
-1
84 9986
-1
82 9911
-1
85 9959
-1
81 9991
-1
80 9921
-1
-1
-1
81 9999
-1
79 9962
-1
79 9845
-1
81 9977
-1
80 9967
-1
83 9940
-1
80 9849
-1
85 9963
-1
-1
-1
84 9953
-1
85 9923
-1
82 9916
-1
85 9972
-1
84 9921
-1
83 9857
-1
82 9900
-1
82 9962
-1
-1
-1
80 9988
-1
77 9944
-1
76 9996
-1
78 9864
-1
77 9991
-1
80 9935
-1
79 9995
-1
78 9791
-1
-1
-1
81 9997
-1
85 9948
-1
82 9855
-1
85 9949
-1
87 9888
-1
90 9973
-1
90 9923
-1
87 9973
-1
-1
-1
89 9946
-1
87 9869
-1
86 9911
-1
83 9823
-1
88 9965
-1
82 9923
-1
78 9985
-1
79 9989
-1
-1
-1
79 9909
-1
76 9965
-1
77 9811
-1
79 9892
-1
78 9926
-1
76 9886
-1
76 9894
-1
74 9990
-1
-1
-1
78 9984
-1
76 9904
-1
73 9985
-1
74 9982
-1
75 9973
-1
76 9930
-1
75 9888
-1
78 9928
-1
-1
-1
77 9915
-1
76 9958
-1
74 9782
-1
76 9897
-1
77 9931
-1
76 9991
-1
77 9980
-1
77 9979
-1
-1
-1
77 9830
-1
80 9949
-1
80 9959
-1
83 9876
-1
76 9951
-1
79 9964
-1
78 9841
-1
78 9869
-1
-1
-1
78 9855
-1
79 9980
-1
78 9950
-1
82 9981
-1
81 9917
-1
83 9898
-1
86 9956
-1
84 9919
-1
-1
-1
86 9783
-1
87 9954
-1
84 9952
-1
84 9879
-1
85 9969
-1
83 9964
-1
84 9946
-1
80 9956
-1
-1
-1
72 9986
-1
72 9837
-1
73 9871
-1
73 9987
-1
74 9963
-1
73 10000
-1
72 9838
-1
76 9990
-1
-1
-1
80 9926
-1
82 9871
-1
82 9988
-1
84 9895
-1
83 9930
-1
82 9840
-1
83 9864
-1
84 9987
-1
-1
-1
87 9909
-1
81 9926
-1
80 9951
-1
77 9978
-1
75 9821
-1
76 9977
-1
75 9925
-1
75 9971
-1
-1
-1
68 9974
-1
69 9979
-1
69 9838
-1
70 9975
-1
73 9908
-1
74 9960
-1
75 9935
-1
79 9957
-1
-1
-1
81 9801
-1
83 9889
-1
84 9789
-1
86 9884
-1
85 9944
-1
82 9867
-1
84 9991
-1
82 9999
-1
-1
-1
79 9983
-1
81 9863
-1
81 9988
-1
79 9914
-1
76 9812
-1
80 9946
-1
76 9896
-1
79 9982
-1
-1
-1
77 9957
-1
80 9996
-1
77 9846
-1
77 9952
-1
76 9986
-1
80 9938
-1
77 9982
-1
78 9945
-1
-1
-1
79 9999
-1
78 9921
-1
75 9899
-1
80 9943
-1
81 9860
-1
83 9931
-1
84 9856
-1
81 9832
-1
-1
-1
78 9967
-1
79 9924
-1
81 9989
-1
84 9919
-1
77 9987
-1
73 9899
-1
73 9947
-1
75 9870
50
-1
-1
78 9807
-1
80 9959
-1
78 9934
-1
72 9992
-1
73 9989
-1
74 9815
-1
75 9990
-1
75 9934
-1
-1
-1
73 9835
-1
75 9884
-1
78 9946
-1
78 9992
-1
77 9995
-1
77 9938
-1
77 9947
-1
78 9991
-1
-1
-1
80 9816
-1
79 9982
-1
74 9893
-1
75 9977
-1
73 9877
-1
73 9911
-1
76 9921
-1
78 9914
-1
-1
-1
78 9864
-1
79 9907
-1
82 9860
-1
84 9790
-1
84 9840
-1
85 9963
-1
86 9986
-1
88 9960
-1
-1
-1
85 9972
-1
84 9993
-1
81 9850
-1
77 9893
-1
76 9791
-1
79 9984
-1
80 9944
-1
79 9985
-1
-1
-1
79 9907
-1
78 9960
-1
78 9873
-1
81 9929
-1
82 9931
-1
80 9921
-1
83 9907
-1
85 9846
-1
-1
-1
88 9969
-1
87 9907
-1
87 9984
-1
83 9966
-1
78 9858
-1
79 9972
-1
80 9889
-1
68 9896
-1
-1
-1
71 9884
-1
70 9895
-1
71 9993
-1
72 9983
-1
73 9979
-1
76 9873
-1
75 9937
-1
76 9918
-1
-1
-1
75 9819
-1
76 9755
-1
77 9872
-1
77 9803
-1
76 9950
-1
80 9953
-1
80 9869
-1
79 9896
-1
-1
-1
80 9998
-1
81 9986
-1
80 9972
-1
79 9859
-1
82 9882
-1
82 9942
-1
76 9981
-1
76 9994
-1
-1
-1
78 9814
-1
79 9978
-1
76 9780
-1
79 9908
-1
78 9963
-1
79 9999
-1
78 9942
-1
81 9931
-1
-1
-1
82 9901
-1
83 9977
-1
85 9937
-1
86 9970
-1
87 9986
-1
85 9893
-1
86 9984
-1
88 9962
-1
-1
-1
87 9999
-1
88 9967
-1
89 9813
-1
90 9933
-1
92 9903
-1
88 9858
-1
84 9868
-1
82 9960
-1
-1
-1
82 9999
-1
82 9967
-1
82 9950
-1
80 9993
-1
79 9890
-1
78 9924
-1
76 10000
-1
79 9964
-1
-1
-1
80 9819
-1
78 9951
-1
76 9860
-1
74 9797
-1
73 9988
-1
72 9926
-1
75 9943
-1
78 9968
-1
-1
-1
79 9968
-1
78 9918
-1
78 9796
-1
80 9964
-1
84 9953
-1
83 9897
13
84 9927
-1
82 9925
-1
-1
-1
80 9900
-1
78 9864
-1
80 9953
-1
78 9992
-1
77 9876
-1
76 9975
-1
74 9847
-1
74 9885
-1
-1
-1
70 9915
-1
72 9937
-1
72 9846
-1
72 9943
-1
69 9957
-1
68 9940
-1
69 9935
-1
70 9982
-1
-1
-1
71 9997
-1
71 9955
-1
71 9941
-1
73 9931
-1
76 9980
-1
74 9928
-1
72 9903
-1
75 9960
-1
-1
-1
74 9977
-1
74 9847
-1
79 9944
-1
78 9846
-1
76 9943
-1
77 9967
-1
79 9895
-1
83 9995
-1
-1
-1
82 9957
-1
80 9941
-1
77 9969
-1
73 9977
-1
74 9896
-1
75 9935
-1
71 9911
-1
71 9849
-1
-1
-1
76 9896
-1
75 9917
-1
75 9964
-1
76 9769
-1
73 9949
-1
72 9843
-1
75 9979
-1
77 9975
-1
-1
-1
78 9928
-1
77 9812
-1
80 9944
-1
81 9887
-1
81 9778
-1
84 9922
-1
85 9979
-1
86 9994
-1
-1
-1
81 9784
-1
78 9958
-1
77 9928
-1
78 9974
-1
78 9979
-1
79 9996
-1
79 9784
-1
79 9839
-1
-1
-1
77 9928
-1
76 9996
-1
76 9905
-1
78 9961
-1
75 9800
-1
74 9988
-1
73 9880
-1
74 9999
-1
-1
-1
73 9897
-1
74 9818
-1
74 9991
-1
69 9829
-1
69 9979
-1
71 9993
-1
71 9975
-1
71 9997
-1
-1
-1
73 9873
-1
76 9993
-1
76 9775
-1
77 9951
-1
81 9941
-1
83 9977
-1
86 9838
-1
83 9922
-1
-1
-1
86 9955
-1
84 9976
-1
80 9967
-1
81 9844
-1
84 9944
-1
84 9809
-1
80 9868
-1
80 9849
-1
-1
-1
80 9918
-1
76 9923
-1
78 9991
-1
79 9940
-1
79 9980
-1
78 9946
-1
78 9935
-1
79 9921
-1
-1
-1
78 9915
-1
80 9939
-1
78 9988
-1
74 9857
-1
71 9809
-1
70 9958
-1
70 9862
-1
71 9933
-1
-1
-1
74 9934
-1
70 9838
-1
74 9949
-1
75 9822
-1
75 9847
-1
78 9908
-1
76 9975
-1
77 9939
-1
-1
-1
73 9998
-1
74 9947
-1
72 9814
-1
74 9876
-1
73 9777
-1
74 9884
-1
77 9942
-1
75 9965
-1
-1
-1
80 9984
-1
83 9965
-1
84 9970
-1
86 9994
-1
86 9889
-1
86 9878
-1
86 9815
-1
83 9978
-1
-1
-1
75 9977
-1
73 9956
-1
73 9954
-1
70 9945
-1
70 9921
-1
70 9952
-1
71 9931
-1
72 9919
-1
-1
-1
73 9838
-1
74 9903
-1
73 9870
-1
77 9994
-1
80 9833
-1
83 9849
-1
83 9990
-1
82 9964
-1
-1
-1
81 9822
-1
83 9978
-1
84 9984
-1
84 9952
-1
88 9943
-1
83 9969
-1
81 9972
-1
80 9999
-1
-1
-1
83 9845
-1
82 9960
-1
81 9949
-1
85 9975
-1
83 9863
-1
82 9941
-1
83 9817
-1
81 9963
-1
-1
-1
76 9961
-1
75 9969
-1
76 9865
-1
78 9946
-1
76 9983
-1
75 9948
-1
72 9879
-1
72 9845
-1
-1
-1
73 9829
-1
76 9925
-1
74 9968
-1
74 9989
-1
73 9871
-1
76 9916
-1
78 9973
-1
79 9948
-1
-1
-1
81 9946
-1
84 9950
-1
83 9961
-1
84 9916
-1
86 9869
-1
86 9984
-1
87 9961
-1
83 9977
-1
-1
-1
82 9802
-1
83 9986
-1
80 9893
-1
82 9898
-1
81 9873
-1
82 9953
-1
82 9932
-1
81 9972
-1
-1
-1
79 9949
-1
77 9907
-1
77 9987
-1
75 9958
-1
76 9981
-1
77 9977
-1
78 9927
-1
79 9855
-1
-1
-1
79 9881
-1
80 9912
-1
80 9944
-1
80 9871
-1
84 9814
-1
80 9996
-1
74 9776
-1
74 9937
-1
-1
-1
72 9981
-1
70 9938
-1
73 9957
-1
72 9830
-1
77 9994
-1
75 9981
-1
78 9988
-1
77 9782
-1
-1
-1
82 9957
-1
82 9972
-1
81 9872
-1
84 9969
-1
85 9975
-1
85 9964
-1
85 9894
-1
87 9979
-1
-1
-1
87 9898
-1
85 9878
-1
88 9884
-1
86 9946
-1
87 9971
-1
84 9965
-1
81 9898
-1
80 9961
-1
-1
-1
74 9924
-1
73 9932
-1
71 9935
-1
76 9996
-1
73 9788
-1
74 9869
-1
76 9853
-1
74 9854
-1
-1
-1
78 9915
-1
75 9941
-1
75 9973
-1
71 9920
-1
73 9899
-1
74 9971
-1
74 9964
-1
73 9960
-1
-1
-1
71 9985
-1
72 9973
-1
74 9794
-1
74 9826
-1
74 9859
-1
74 9865
-1
76 9857
-1
75 9908
-1
-1
-1
76 9984
-1
77 9841
-1
77 9962
-1
75 10000
-1
73 9963
-1
74 9920
-1
75 9974
-1
75 9938
-1
-1
-1
71 9796
-1
74 9906
-1
74 9914
-1
76 9897
-1
80 9987
-1
81 9955
-1
82 9945
-1
80 9859
-1
-1
-1
85 9969
-1
87 9893
-1
89 9929
-1
84 9948
-1
84 9960
-1
87 9945
-1
84 9946
-1
85 9973
-1
-1
-1
85 9952
-1
81 9861
-1
80 9957
-1
80 9986
-1
79 9970
-1
80 9991
-1
78 9975
-1
77 9988
-1
-1
-1
75 9991
-1
77 9895
-1
79 9834
-1
80 9912
-1
81 9913
-1
84 9856
-1
87 9960
68
87 9963
-1
-1
-1
87 9990
-1
90 9977
-1
89 9899
-1
87 9870
-1
88 9965
-1
87 9868
-1
91 9993
-1
88 9997
-1
-1
-1
84 9915
-1
85 9955
-1
80 9907
-1
81 9945
-1
85 9913
-1
82 9905
-1
81 9951
-1
77 9908
-1
-1
-1
78 9911
-1
77 9898
-1
78 9955
-1
77 9963
-1
75 9981
-1
74 9996
-1
77 9964
-1
78 9935
-1
-1
-1
81 9968
-1
82 9986
-1
77 9871
-1
75 9984
-1
79 9911
-1
80 9872
-1
80 9753
-1
79 9988
-1
-1
-1
84 9994
-1
82 9888
-1
83 9963
-1
84 9993
-1
86 9977
-1
89 9911
-1
85 9994
-1
83 9934
-1
146
-1
84 9976
-1
83 9928
-1
84 9802
-1
83 9917
-1
84 9899
-1
83 9901
-1
81 9887
-1
80 9840
-1
-1
-1
84 9932
-1
83 9903
-1
83 9959
-1
80 9983
-1
83 9938
-1
84 9941
-1
83 9989
-1
87 9866
-1
-1
-1
82 9803
-1
84 9807
-1
87 10000
-1
80 9960
-1
84 9959
-1
81 9949
-1
79 9989
-1
82 9920
-1
-1
-1
80 9974
-1
80 9917
-1
79 9952
-1
78 9896
-1
76 9807
-1
78 9975
-1
74 9880
-1
76 9978
-1
-1
-1
72 9851
-1
74 9895
-1
74 9878
-1
74 9964
-1
76 9758
-1
78 9841
-1
77 9955
-1
80 9933
-1
-1
-1
79 9948
-1
83 9941
-1
84 9845
-1
81 9796
-1
82 9989
-1
82 9922
-1
82 9945
-1
83 9868
-1
-1
-1
79 9977
-1
79 9887
-1
77 9903
-1
79 9862
-1
80 9919
-1
78 9958
-1
78 9970
-1
77 9988
-1
-1
-1
79 9923
-1
78 9981
-1
80 9924
-1
77 9861
-1
77 9967
-1
77 9908
-1
79 9985
-1
80 9963
-1
-1
-1
80 9801
-1
81 9909
-1
81 9880
-1
83 9979
-1
83 9950
-1
83 9759
-1
84 9987
-1
80 9994
-1
-1
-1
74 9960
-1
73 9852
-1
73 9800
-1
74 9986
-1
73 9979
-1
70 9993
-1
70 9935
-1
71 9775
-1
-1
-1
72 9961
-1
71 9960
-1
71 9964
-1
73 9998
-1
71 9891
-1
70 9821
-1
74 9990
-1
74 9943
-1
-1
-1
75 9969
-1
74 9980
-1
69 9811
-1
69 9955
-1
70 9984
-1
70 9987
-1
70 9997
-1
69 9978
-1
-1
-1
75 9998
-1
78 9957
-1
80 9863
-1
81 9956
-1
79 9947
-1
78 9906
-1
80 9926
-1
80 9905
-1
-1
-1
77 9988
-1
71 9953
-1
72 9916
-1
73 9944
-1
77 9979
-1
81 9931
-1
79 9823
-1
79 9879
-1
-1
-1
83 9876
-1
84 9997
-1
82 9994
-1
81 9966
-1
79 9965
-1
73 9962
-1
75 9872
-1
76 9849
-1
-1
-1
78 9958
-1
77 9814
-1
79 9975
-1
80 9990
-1
81 9987
-1
79 9868
-1
82 9973
-1
83 9845
-1
-1
-1
82 9896
-1
80 9990
-1
78 9950
-1
77 9973
-1
75 9999
-1
77 9996
-1
77 9845
-1
77 9824
-1
-1
-1
73 9904
-1
74 9861
-1
77 9925
-1
77 9996
-1
79 9929
-1
80 9975
-1
79 9991
-1
77 9961
-1
-1
-1
79 9881
-1
81 9996
-1
81 9913
-1
83 9998
-1
80 9970
-1
78 9973
-1
79 9969
-1
78 9990
-1
-1
-1
82 10000
-1
81 9951
-1
77 9925
-1
75 9823
-1
74 9924
-1
73 9957
-1
70 9948
-1
70 9962
-1
-1
-1
66 9855
-1
68 9963
-1
69 9953
-1
69 9799
-1
71 9984
-1
75 9882
-1
77 9889
-1
79 9905
-1
-1
-1
78 9877
-1
79 9883
-1
81 9840
-1
84 9978
-1
85 9866
-1
84 9891
-1
83 9939
-1
83 9965
-1
-1
-1
86 9939
-1
86 9965
-1
85 9989
-1
86 9977
-1
85 9943
-1
87 9995
-1
87 9800
-1
84 9907
-1
-1
-1
81 9874
-1
79 9871
-1
75 9875
-1
77 9918
-1
74 9907
-1
75 9830
-1
75 9860
-1
74 9980
-1
-1
-1
79 9958
-1
79 9924
-1
81 9972
-1
81 9786
-1
83 9947
-1
82 9943
-1
79 9996
-1
81 9960
-1
-1
-1
83 9991
-1
81 9990
-1
81 9921
-1
82 9998
-1
77 9996
-1
78 9949
-1
80 9917
-1
82 9938
-1
-1
-1
75 9894
-1
77 9870
-1
78 9969
-1
78 9998
-1
79 9933
-1
80 9826
-1
81 9891
-1
80 9858
-1
-1
-1
80 9966
-1
80 9990
-1
79 9895
-1
81 9969
-1
82 9897
-1
79 9788
-1
77 9881
-1
79 9983
-1
-1
-1
80 9898
-1
83 9965
-1
83 9966
-1
83 9965
-1
83 9903
-1
79 9930
-1
79 9951
-1
79 9817
-1
-1
-1
75 9882
-1
72 9980
-1
73 9843
-1
73 9778
-1
72 9986
-1
74 9918
-1
74 9932
-1
74 9941
-1
-1
-1
75 9902
-1
75 9824
-1
79 9893
-1
77 9990
-1
77 9974
-1
75 9776
-1
74 9976
-1
76 9979
-1
-1
-1
78 9900
-1
78 9893
-1
76 9812
-1
76 9845
-1
78 9849
-1
79 9871
-1
80 9946
-1
81 9971
-1
-1
-1
82 9825
-1
82 9978
-1
82 9902
-1
83 9937
-1
78 9768
-1
77 9933
-1
80 9831
-1
83 9897
-1
-1
-1
82 9937
-1
