0 0
435
8 2372
160
16 4365
13
296
131
32 8194
298
40 9926
160
48 10000
204
56 9960
13
64 9868
187
72 9981
101
79 9932
-1
78 9818
-1
58
-1
80 9989
72
84 9993
240
85 9923
155
85 9865
86
88 9961
181
89 9901
99
88 9935
-1
87 9915
-1
83
-1
89 9961
240
80 9947
175
79 9946
-1
77 9927
127
75 9844
-1
74 9762
59
77 9945
-1
75 9849
-1
-1
-1
77 9954
109
77 9810
-1
80 9826
35
77 9759
-1
80 9796
-1
82 9947
26
80 9934
-1
79 9773
-1
-1
18
83 9956
-1
78 9865
-1
79 9945
-1
76 9840
-1
79 9996
-1
72 9969
-1
73 9789
-1
71 9948
-1
233
-1
68 9940
-1
67 9977
-1
67 9963
-1
68 9970
241
69 9980
-1
72 10000
-1
71 9999
-1
73 9800
-1
-1
-1
76 9844
-1
81 9989
-1
82 9995
-1
80 9766
227
80 9914
-1
79 9901
-1
80 9888
-1
84 9944
-1
-1
-1
80 9918
-1
82 9998
-1
81 9931
-1
82 9984
1
82 9886
-1
85 9847
-1
84 9847
-1
85 9976
-1
-1
-1
78 9981
-1
76 10000
-1
73 9910
-1
70 9985
-1
64 9961
-1
63 9972
-1
62 9859
-1
66 9940
-1
-1
-1
71 9960
-1
73 9799
-1
78 9972
-1
77 9775
-1
80 9913
-1
84 9997
-1
90 9917
-1
92 9925
-1
109
-1
92 9995
51
90 9996
-1
86 9896
-1
79 9925
243
80 9985
-1
78 9981
-1
68 9981
-1
69 9991
-1
-1
-1
69 9904
-1
67 9856
-1
70 9952
96
73 9988
70
74 9947
-1
75 9992
-1
77 9954
-1
79 9780
-1
-1
-1
82 10000
-1
83 9924
-1
82 9823
193
85 9901
-1
87 9994
-1
89 9939
-1
85 9949
-1
85 9917
-1
15
-1
87 9937
15
87 9922
-1
86 9889
-1
85 9901
-1
77 9774
-1
73 9927
-1
75 9921
-1
75 9994
-1
-1
-1
80 9993
-1
82 9972
-1
84 9989
-1
82 9994
-1
85 9983
-1
86 9823
-1
88 9904
-1
92 9997
-1
-1
-1
93 9996
-1
90 9930
233
84 9985
-1
85 9966
-1
84 9970
-1
80 9884
-1
79 9880
-1
75 9906
-1
-1
-1
73 9937
-1
72 9878
-1
72 9895
-1
71 9984
-1
74 9933
-1
73 9959
-1
72 9879
-1
74 9894
-1
-1
123
79 9909
-1
78 9996
-1
78 9824
-1
81 9820
-1
75 9854
-1
76 9815
-1
78 9952
-1
76 9893
-1
-1
-1
72 9862
-1
71 9803
-1
73 9889
-1
71 9875
-1
73 9974
-1
71 9947
-1
76 9994
-1
72 9803
-1
-1
-1
74 9982
-1
78 9915
-1
79 9980
192
78 9933
-1
74 9861
-1
77 9973
-1
79 9968
89
76 9824
-1
-1
-1
79 9936
-1
80 9894
-1
73 9828
-1
76 9965
-1
77 9911
-1
80 9982
-1
79 9871
-1
79 9921
-1
-1
203
80 9989
-1
74 9867
-1
77 9934
-1
79 9880
-1
77 9875
-1
79 9952
-1
77 9924
-1
75 9933
-1
-1
-1
72 9903
-1
74 9915
-1
77 9942
-1
76 9956
-1
78 9951
-1
79 9960
-1
79 9966
-1
80 9997
-1
-1
-1
83 9856
-1
85 9925
-1
87 10000
-1
82 9891
-1
86 9946
-1
83 9996
-1
82 9930
-1
81 9854
-1
-1
-1
84 9887
-1
81 9969
-1
80 9920
-1
79 9818
-1
79 9880
-1
80 9973
-1
81 9817
-1
82 9930
-1
-1
-1
79 9927
-1
77 9981
-1
75 9832
-1
78 9967
-1
77 9891
-1
77 9956
-1
76 9960
-1
75 9942
-1
-1
-1
78 9799
-1
82 9927
237
86 9949
-1
87 9877
-1
85 9866
-1
85 9950
-1
85 9977
-1
80 9785
-1
-1
-1
78 9959
-1
74 9981
-1
71 9953
-1
71 9848
36
70 9998
-1
69 9838
-1
69 9838
-1
70 9841
-1
-1
-1
71 9952
-1
73 9955
-1
71 9959
-1
70 9946
-1
71 9985
-1
70 9969
-1
70 9814
-1
68 9959
-1
-1
-1
69 9875
-1
68 9956
-1
71 9955
-1
74 9925
-1
74 9992
-1
76 9812
-1
78 9956
-1
78 9972
-1
-1
-1
79 9978
-1
79 9839
-1
82 9958
-1
84 9977
-1
82 9878
-1
81 9897
-1
81 9971
-1
83 9842
-1
-1
-1
86 9849
-1
84 9887
-1
85 9935
-1
86 9982
-1
81 9939
-1
78 9853
-1
78 9997
-1
78 9919
-1
-1
-1
75 9968
-1
75 9897
-1
73 9796
-1
76 9880
-1
73 9932
-1
77 9822
-1
81 9995
37
82 9809
-1
-1
-1
86 9974
-1
88 9999
-1
87 9798
-1
89 9955
-1
89 9998
-1
88 9997
-1
90 9884
-1
89 9935
-1
-1
-1
85 9832
-1
82 9930
-1
86 9988
-1
82 10000
-1
85 9977
-1
83 9946
-1
84 9975
-1
82 9832
-1
-1
-1
84 9984
-1
81 9998
-1
83 9898
-1
82 9876
-1
84 9941
-1
78 9860
-1
77 9931
-1
77 9900
-1
-1
-1
80 9998
-1
79 9873
-1
82 9789
-1
84 9808
-1
84 9964
-1
81 9810
-1
85 9994
-1
86 9770
-1
-1
-1
85 9873
-1
85 9970
-1
83 9791
-1
80 9962
-1
78 10000
-1
78 9858
-1
79 9956
-1
77 9916
-1
-1
-1
78 9929
-1
81 9993
-1
80 9983
-1
77 9844
-1
81 9982
-1
84 9959
-1
85 9952
-1
81 9979
-1
-1
-1
78 9925
-1
79 9961
-1
79 9994
-1
81 9926
-1
85 9878
-1
82 9928
-1
80 9958
-1
80 9798
-1
-1
-1
85 9977
-1
87 9926
-1
84 9942
-1
80 9848
-1
75 9967
-1
77 10000
-1
77 9951
-1
77 9946
-1
-1
-1
77 9943
-1
76 9908
-1
76 9981
-1
78 9990
-1
79 9957
-1
80 9947
-1
78 9922
-1
78 9855
-1
-1
-1
74 9884
-1
73 9949
-1
71 9932
-1
70 9829
-1
71 9992
-1
71 9994
-1
72 9793
-1
75 9948
-1
-1
-1
75 9895
-1
73 9979
-1
74 9899
-1
72 9776
-1
74 9943
-1
73 9841
-1
73 9924
-1
73 9992
-1
-1
-1
68 9906
-1
72 9954
-1
71 9963
-1
71 9866
-1
70 9883
-1
73 9974
237
73 9895
-1
78 9987
-1
-1
-1
80 9914
-1
82 9985
-1
84 9856
-1
81 9804
-1
83 9932
-1
85 9958
68
83 9946
-1
82 9986
-1
-1
-1
82 9931
-1
83 9983
-1
81 9976
-1
76 9892
-1
77 9913
-1
79 9824
-1
76 9903
-1
77 9998
-1
-1
-1
71 9977
-1
73 9963
-1
74 9934
-1
74 9913
-1
78 9904
-1
80 9969
-1
82 9819
-1
81 9938
-1
-1
-1
80 9979
-1
81 9991
-1
79 9957
-1
76 9952
-1
75 9912
-1
74 9997
-1
69 9898
-1
71 9858
-1
-1
-1
74 9990
-1
72 9978
-1
72 9821
-1
76 9967
-1
78 9939
-1
77 9994
-1
76 9798
-1
75 9784
-1
219
-1
74 9986
-1
79 9999
-1
82 9923
-1
81 9935
-1
80 9812
-1
77 9960
-1
80 9977
-1
76 9923
-1
-1
-1
77 9812
-1
79 9844
-1
75 9899
-1
76 9935
-1
78 9994
-1
75 9906
-1
76 9994
-1
74 9782
-1
-1
-1
80 9990
-1
83 9943
-1
82 9992
-1
76 9872
-1
76 9983
-1
77 9946
-1
79 9928
-1
79 9938
-1
-1
-1
86 9942
-1
83 9981
-1
79 10000
-1
79 9903
-1
80 9783
-1
82 9974
-1
79 9955
-1
83 9939
-1
-1
-1
84 9964
-1
77 9986
-1
78 9848
-1
81 9954
-1
80 9797
-1
80 9962
-1
77 9938
-1
79 9946
-1
-1
-1
79 9802
-1
81 9776
-1
86 9877
-1
87 9981
-1
83 9902
-1
80 9854
-1
81 9966
-1
82 9880
-1
-1
-1
80 9946
-1
78 9849
-1
76 9908
-1
72 9963
-1
72 9908
-1
72 9935
-1
73 10000
-1
76 9809
-1
-1
-1
78 9851
-1
75 9957
-1
73 9993
-1
75 9960
-1
76 9896
-1
78 9826
-1
79 9985
-1
77 9944
-1
-1
-1
74 9857
-1
75 9864
-1
80 9984
-1
82 9937
-1
80 9909
-1
79 9842
-1
78 9936
-1
83 9937
-1
-1
-1
84 9978
-1
86 9898
-1
87 9902
-1
90 9967
-1
90 9978
-1
88 9960
-1
91 9766
-1
93 9985
-1
-1
-1
90 9978
-1
85 9816
-1
84 9950
-1
86 9964
-1
84 9981
-1
84 9988
-1
77 9969
-1
78 9995
-1
-1
-1
78 9970
-1
79 9935
-1
80 9944
171
74 9917
-1
75 9927
-1
76 9957
-1
77 9911
-1
77 9991
-1
-1
-1
74 9917
-1
72 9820
-1
73 9867
-1
76 9962
-1
76 9987
-1
74 9943
-1
72 9812
-1
73 9859
-1
-1
-1
75 9946
-1
78 9947
-1
81 9972
-1
80 9877
-1
81 9984
-1
78 9876
-1
79 9846
-1
79 9981
-1
-1
-1
77 9980
-1
72 9984
-1
72 9995
-1
68 9813
-1
72 9970
-1
74 9912
-1
74 9867
-1
76 9977
-1
-1
-1
76 9902
-1
79 9962
-1
82 9964
-1
80 9993
-1
78 9910
-1
79 9942
-1
76 9800
-1
75 9972
-1
-1
-1
76 9983
-1
77 9922
-1
75 9870
-1
73 9901
-1
76 9966
-1
76 10000
-1
78 9906
-1
79 9778
-1
-1
-1
83 9841
-1
85 9982
-1
83 9828
-1
81 9933
-1
83 9781
-1
87 9946
-1
86 9877
-1
89 9984
-1
-1
-1
86 9977
-1
84 9873
-1
83 9817
-1
83 9975
-1
85 9958
-1
83 9942
-1
80 9975
-1
77 9990
-1
-1
-1
75 9879
-1
75 9991
-1
76 9991
-1
76 9856
-1
77 9867
-1
74 9937
-1
76 9977
-1
74 9898
-1
-1
-1
75 9967
-1
72 9914
-1
76 9982
-1
78 10000
-1
75 9930
-1
75 9847
-1
77 9937
-1
77 9963
-1
-1
-1
79 9882
-1
76 9973
-1
79 9964
-1
72 9945
-1
70 9935
204
71 9872
-1
73 9988
-1
70 9993
-1
-1
-1
71 9843
-1
73 9982
-1
72 9958
-1
74 9961
129
75 9894
-1
78 9850
-1
78 9793
-1
77 9939
-1
-1
-1
82 9934
-1
79 9896
-1
77 9918
-1
80 9974
-1
77 9900
-1
75 9876
-1
73 9826
-1
76 9894
-1
-1
-1
71 9936
-1
71 9826
-1
75 9862
-1
75 9977
-1
72 9848
-1
73 9981
-1
72 9848
-1
71 9989
-1
-1
-1
78 10000
-1
79 9927
-1
82 9858
-1
79 9954
-1
81 9985
-1
83 9990
-1
83 9864
97
85 9956
-1
-1
-1
88 9918
-1
87 9938
-1
88 9976
-1
84 9998
-1
83 9989
-1
85 9965
-1
86 9871
-1
87 9898
-1
-1
-1
88 9865
-1
89 9915
-1
90 9975
-1
86 9953
-1
87 9958
-1
89 9824
-1
87 9887
-1
88 9858
-1
-1
-1
90 9871
-1
87 9975
-1
86 9901
-1
85 9857
-1
88 9970
-1
85 10000
-1
84 9911
-1
85 9894
-1
-1
-1
78 9966
-1
79 9923
-1
77 9982
-1
73 9966
-1
69 9950
-1
72 9918
-1
75 9970
-1
72 9931
-1
-1
-1
68 9934
-1
66 9843
-1
69 9918
-1
71 9851
-1
76 9994
-1
76 10000
-1
76 9878
-1
74 9899
-1
-1
-1
77 9987
-1
78 9959
-1
80 9984
-1
78 9959
-1
78 9993
-1
75 9899
-1
75 9999
-1
76 9982
-1
-1
-1
80 9890
-1
78 9872
-1
81 9979
-1
81 9945
-1
82 9872
-1
83 9874
-1
86 9939
-1
85 9970
-1
167
-1
87 9995
-1
89 9948
-1
85 9925
-1
88 9987
-1
88 9988
-1
86 9966
-1
84 9958
-1
86 9985
-1
-1
-1
80 9914
-1
77 9764
-1
76 9872
-1
76 9917
-1
74 9960
-1
76 9826
-1
74 9987
234
74 9963
-1
-1
-1
74 9977
-1
76 9978
-1
79 9950
-1
77 9991
-1
79 9780
-1
82 9995
-1
82 9877
-1
84 9924
-1
-1
-1
81 9875
-1
82 9901
-1
78 9959
-1
78 9987
-1
81 9843
-1
80 9971
-1
82 9969
-1
80 9973
-1
-1
-1
79 9995
-1
79 9914
-1
81 9862
-1
82 9925
-1
81 9988
-1
77 9915
-1
79 9983
-1
76 9836
-1
-1
-1
75 9864
-1
72 9824
-1
73 9979
-1
74 9993
-1
75 9917
-1
73 9917
16
75 9866
-1
75 9992
-1
-1
194
76 9863
-1
77 9990
-1
79 9899
-1
74 9987
-1
72 9915
-1
74 9873
-1
71 9954
-1
71 9980
-1
-1
-1
69 9883
-1
70 10000
-1
73 9843
-1
76 9897
-1
79 9838
-1
82 9990
-1
81 9789
-1
83 9987
-1
-1
-1
82 9977
-1
84 9875
-1
82 9907
-1
81 9966
-1
83 9996
-1
78 9990
-1
80 9967
-1
80 9995
-1
-1
-1
83 9896
-1
84 9881
-1
89 9961
-1
87 9971
-1
89 9938
-1
86 9782
-1
86 9967
-1
85 9952
-1
-1
-1
84 9899
-1
85 9903
-1
85 9839
-1
82 9962
-1
84 9874
-1
86 9834
-1
86 9857
-1
88 9932
-1
-1
-1
85 9814
-1
85 9942
-1
81 9955
-1
79 9829
-1
82 9998
-1
75 9986
210
72 9939
-1
71 9924
-1
-1
-1
70 9865
-1
73 9936
-1
72 9946
-1
74 9820
-1
73 9959
-1
72 9975
-1
70 9855
-1
69 9863
-1
-1
-1
72 9920
-1
70 9880
-1
72 9985
-1
71 9863
-1
71 9829
-1
72 9988
-1
74 9844
-1
76 9956
-1
-1
-1
72 9900
-1
72 9982
-1
73 9998
-1
71 9836
-1
70 9755
-1
71 9991
-1
69 9859
-1
70 9915
-1
-1
-1
71 9937
-1
76 9993
-1
76 9998
-1
75 9965
-1
76 9978
-1
76 9904
-1
77 9840
-1
76 9978
-1
-1
-1
77 9962
-1
80 9981
-1
75 9913
-1
74 9923
-1
77 9950
-1
80 9985
-1
83 9952
-1
81 9980
-1
-1
-1
87 9991
-1
89 9956
-1
88 9852
-1
85 9929
-1
87 9998
-1
87 9829
-1
84 9870
-1
78 9853
-1
-1
-1
76 9998
-1
71 9986
-1
72 9883
-1
72 9844
-1
73 9873
-1
72 9856
-1
76 9952
-1
76 9912
-1
-1
-1
77 9821
-1
77 9898
-1
76 9819
-1
79 9784
-1
81 9973
-1
79 9813
-1
76 9976
-1
72 9878
-1
-1
-1
80 9927
-1
78 9904
-1
79 9878
-1
82 9892
-1
76 9982
-1
78 9894
-1
77 9828
-1
80 9922
-1
-1
-1
80 9983
-1
75 9968
-1
73 9932
-1
72 9922
-1
71 9980
-1
69 9821
-1
68 9998
-1
67 9913
-1
-1
-1
68 9858
-1
73 9976
-1
74 9765
-1
77 9953
-1
76 9922
-1
78 9843
-1
76 9933
-1
77 9966
-1
-1
-1
80 9991
-1
81 9897
-1
80 9994
-1
79 9990
-1
76 9919
-1
78 9938
-1
79 9878
-1
82 9975
-1
-1
-1
85 9874
-1
86 9861
-1
84 9925
-1
82 9927
-1
81 9986
-1
83 9968
-1
83 9990
-1
80 9769
-1
-1
-1
83 9982
-1
83 9996
-1
83 9996
-1
80 9998
-1
81 9942
-1
84 9962
-1
85 9854
-1
87 9985
-1
-1
-1
83 9924
15
81 9863
-1
80 9889
-1
79 9787
-1
79 9887
-1
81 10000
-1
82 9887
-1
80 9914
-1
-1
-1
80 9969
-1
81 9904
-1
81 9991
-1
84 9943
-1
82 9807
-1
81 9860
-1
78 9916
-1
77 9869
-1
-1
-1
78 9939
-1
78 10000
-1
76 9924
-1
80 9986
-1
74 9891
-1
76 9916
-1
75 9851
-1
75 9995
-1
-1
-1
75 9876
-1
74 9862
-1
74 9945
-1
73 9964
-1
75 9941
-1
76 9954
-1
77 9873
-1
78 9811
-1
-1
-1
79 9885
-1
76 9773
-1
81 9994
-1
81 9983
-1
78 9962
-1
76 9878
-1
76 9950
-1
74 9921
-1
-1
-1
72 9881
-1
74 9968
-1
76 9900
-1
75 9880
-1
77 9848
-1
75 9980
-1
74 9889
-1
77 9971
-1
-1
-1
77 9955
-1
75 9893
-1
77 9936
-1
76 9823
-1
72 9977
-1
73 9931
-1
77 9880
-1
80 9943
-1
-1
-1
81 9976
-1
81 9819
-1
80 9975
-1
80 9861
-1
79 9825
-1
83 9981
-1
83 9871
-1
77 9985
-1
-1
-1
77 9981
-1
75 9959
-1
76 9944
-1
79 9897
-1
78 9881
-1
79 9865
-1
77 9934
-1
79 9978
-1
-1
-1
82 9988
-1
83 9987
-1
81 9792
-1
82 9895
-1
83 9993
-1
82 9881
-1
84 9999
-1
82 9854
-1
-1
-1
79 9935
-1
81 9972
-1
79 9860
-1
79 9984
-1
78 9920
-1
76 9933
-1
76 9983
-1
74 9846
-1
-1
51
76 9992
-1
77 9962
-1
75 9916
-1
77 9958
-1
75 9896
-1
77 9948
-1
75 9895
-1
76 9913
-1
-1
-1
77 9833
-1
74 9847
-1
77 9954
-1
78 9955
-1
79 9995
-1
78 9967
-1
81 9992
-1
81 9823
-1
-1
-1
80 9902
-1
79 9903
-1
82 9774
-1
84 9904
-1
80 9935
-1
79 9930
-1
79 9948
-1
78 9897
-1
-1
-1
75 9928
-1
76 9979
-1
78 9893
-1
84 9996
-1
83 9995
-1
84 9905
-1
88 9967
-1
87 9899
-1
-1
-1
85 9977
-1
83 9929
-1
88 9948
-1
89 9980
-1
89 9967
-1
82 9987
-1
75 9951
-1
74 9811
-1
-1
-1
77 9973
-1
80 9974
-1
84 9955
-1
83 9865
-1
81 9894
-1
81 9957
-1
82 9998
-1
83 9880
-1
-1
-1
85 9933
-1
86 9984
-1
87 9977
-1
83 9991
-1
79 9919
-1
78 9939
-1
78 9993
-1
76 9897
-1
-1
-1
82 9821
-1
81 9987
-1
79 9824
-1
81 9989
-1
81 9918
-1
80 9768
-1
82 9898
-1
83 9904
-1
-1
-1
88 9872
-1
86 9913
-1
86 9954
-1
88 9998
-1
88 9965
-1
87 9963
-1
87 9979
-1
89 9833
-1
-1
-1
91 9940
-1
89 9991
-1
86 9989
-1
83 9910
-1
81 9960
-1
82 9953
-1
79 9921
-1
74 9797
-1
-1
-1
74 9961
-1
75 9918
-1
74 9944
-1
75 9990
-1
78 9989
-1
82 9923
-1
80 9860
-1
82 9850
-1
-1
-1
88 9998
-1
89 9888
-1
92 9830
-1
93 9927
-1
93 9869
-1
95 9994
-1
93 9998
-1
86 9953
186
-1
-1
88 9961
-1
85 9955
-1
82 9928
-1
78 9965
-1
74 9899
-1
72 9968
-1
72 9883
-1
73 9862
-1
-1
-1
73 9892
-1
71 9925
-1
73 9860
-1
76 9927
-1
79 9954
-1
81 9812
-1
81 9818
-1
81 9911
-1
-1
-1
76 9862
-1
77 9891
-1
77 9917
-1
76 9991
-1
74 9930
-1
75 9957
-1
79 9997
-1
79 9985
-1
-1
-1
80 9927
-1
81 9856
-1
80 9836
-1
82 9970
-1
79 9965
-1
79 9969
-1
79 9885
-1
75 9863
-1
-1
-1
81 9924
-1
81 9889
-1
79 9973
-1
79 9862
225
77 9881
-1
79 9994
-1
78 9848
-1
79 9927
-1
-1
-1
79 9978
-1
79 9829
-1
81 9784
4
82 9994
-1
81 9962
-1
81 9887
-1
85 9958
-1
85 9951
-1
-1
-1
83 9933
-1
82 9886
-1
81 9993
-1
78 9829
-1
78 9955
-1
77 9853
-1
74 9907
-1
77 9929
-1
-1
-1
75 9884
-1
76 9938
-1
75 9830
-1
78 9939
-1
78 9902
-1
80 9927
-1
83 9894
-1
87 9931
-1
-1
-1
85 9968
-1
88 9830
-1
88 9907
-1
87 9941
-1
89 9947
-1
86 9885
-1
83 9890
-1
85 9969
-1
-1
-1
81 9920
-1
81 9859
-1
86 9936
-1
86 9956
-1
84 9919
-1
85 9999
-1
82 9775
-1
86 9959
-1
-1
-1
84 9975
-1
82 9937
-1
80 9974
-1
75 9894
-1
76 9946
-1
76 9939
-1
74 9873
-1
72 9914
-1
-1
-1
73 9997
-1
70 9986
-1
71 10000
-1
70 9825
-1
70 9978
-1
70 9857
-1
73 9950
-1
73 9841
-1
-1
-1
78 9890
-1
79 9964
-1
79 9887
39
82 9976
-1
80 9900
-1
81 9984
-1
85 9983
-1
83 9936
-1
-1
-1
80 9997
-1
78 9977
-1
80 9981
-1
79 9901
-1
78 9931
-1
79 9973
-1
77 9984
-1
77 9957
-1
-1
-1
78 9818
-1
78 9990
-1
79 9839
-1
76 9906
-1
79 9801
-1
79 9974
-1
77 9956
-1
78 9917
-1
-1
-1
76 9982
-1
77 9853
-1
80 9984
-1
81 9977
-1
81 9897
-1
82 9949
-1
83 9895
-1
85 9916
-1
-1
-1
84 9865
-1
85 9898
-1
81 9898
-1
77 9990
-1
77 9825
-1
73 9827
-1
71 9986
-1
72 9992
-1
-1
-1
72 9948
-1
72 9975
-1
71 9915
-1
67 9959
-1
68 9847
-1
72 9927
-1
75 9970
-1
73 9785
-1
-1
-1
73 9825
-1
73 9964
-1
74 9979
-1
76 9964
-1
74 9989
-1
69 9882
-1
66 9944
-1
69 9884
-1
-1
-1
71 9962
-1
76 9834
-1
78 9947
-1
78 9941
-1
81 9957
-1
84 9909
-1
84 9995
-1
86 9938
-1
-1
-1
84 9973
-1
85 9932
-1
77 9878
-1
76 9929
-1
72 9977
-1
68 9855
-1
69 9952
-1
70 9896
-1
-1
-1
72 9997
-1
73 9946
-1
74 9978
-1
74 9992
-1
78 9961
-1
80 9885
-1
84 9855
-1
87 9815
-1
-1
-1
87 9948
-1
86 9926
-1
83 9939
-1
82 9956
-1
82 9884
-1
83 9984
-1
85 9853
-1
82 9956
-1
-1
-1
84 9864
-1
88 9974
-1
88 9804
-1
89 9917
-1
90 9994
-1
91 9961
-1
92 9921
-1
96 9987
-1
-1
-1
95 9973
-1
94 9910
-1
96 9990
-1
91 9900
-1
89 9949
-1
88 9930
-1
86 9919
-1
86 9993
-1
-1
-1
73 9810
-1
77 9959
-1
72 9962
-1
74 9794
-1
75 9983
-1
75 9978
-1
74 9927
-1
71 9927
-1
-1
-1
73 9944
-1
72 9980
-1
74 9967
-1
72 9969
-1
73 9907
-1
73 9929
-1
74 9982
-1
76 9763
-1
-1
-1
76 9921
-1
75 9870
-1
73 9906
-1
74 9961
-1
72 9914
-1
70 9854
-1
68 9999
-1
70 9985
-1
-1
-1
72 9999
-1
71 9972
-1
74 9956
-1
74 9913
-1
74 9994
-1
77 9852
-1
79 9858
-1
80 9971
-1
-1
-1
78 9892
-1
79 9964
-1
81 9939
-1
78 9989
-1
77 9922
-1
77 9944
-1
72 9994
-1
73 9991
-1
-1
-1
70 9960
-1
67 9987
-1
70 9809
-1
70 9787
-1
74 9845
-1
72 9992
-1
74 9971
-1
74 9880
-1
-1
-1
77 9993
-1
76 9805
-1
77 9999
-1
76 9922
-1
78 9885
-1
75 9832
-1
77 9841
-1
77 9813
-1
-1
-1
83 9964
-1
82 9896
-1
80 9934
-1
83 9808
-1
83 9994
-1
81 9859
-1
83 9997
-1
80 9950
-1
-1
-1
80 9921
-1
84 9987
-1
83 9853
-1
82 9937
-1
78 9931
-1
79 9969
-1
79 9806
-1
79 9994
-1
-1
-1
77 9941
-1
72 9991
-1
73 9987
-1
76 9934
-1
78 9973
-1
77 9948
-1
78 9987
-1
76 9976
-1
-1
-1
76 9935
-1
80 9921
-1
81 9966
-1
80 9878
-1
79 9836
-1
79 9930
-1
80 9779
-1
81 9884
-1
-1
-1
81 9965
-1
81 9940
-1
78 9961
-1
78 9955
-1
78 9939
-1
81 9979
-1
81 9895
-1
84 9974
-1
-1
-1
77 9856
-1
77 9856
-1
77 9827
-1
73 9993
-1
65 9966
-1
65 9973
-1
62 9808
-1
64 9960
-1
-1
-1
70 9978
-1
71 9942
-1
73 9791
-1
76 9860
-1
78 9937
-1
79 9960
-1
78 9786
-1
80 9871
-1
-1
-1
79 9840
-1
78 9994
-1
75 9975
-1
75 9922
-1
73 9822
-1
75 9987
-1
76 9802
-1
80 9994
-1
-1
-1
79 9883
-1
82 9935
-1
82 9991
-1
80 9998
-1
78 9765
-1
83 9998
-1
85 9872
-1
81 9963
-1
-1
-1
82 9890
-1
84 9978
-1
83 9983
-1
83 9993
-1
83 9977
-1
84 9999
-1
80 9982
-1
77 9905
-1
-1
-1
73 9800
-1
70 9871
-1
71 9862
-1
72 9876
-1
75 9867
-1
75 9994
-1
75 9761
-1
79 9807
-1
-1
-1
83 9954
-1
85 9849
-1
87 9969
-1
89 9829
-1
89 9982
-1
89 9935
-1
87 9988
-1
88 9951
-1
-1
-1
87 9983
-1
87 9953
-1
89 9955
-1
85 9938
-1
87 9999
-1
84 9969
-1
79 9888
-1
79 9921
-1
-1
-1
75 9871
-1
76 9917
-1
74 9979
-1
76 9982
-1
75 9871
-1
74 9999
-1
74 9779
-1
74 9885
-1
-1
-1
77 9950
-1
77 9995
-1
72 9921
-1
71 9776
-1
70 9839
-1
69 9810
-1
71 10000
-1
70 9826
-1
-1
-1
69 9940
-1
68 9929
-1
68 9963
-1
69 9907
-1
69 9859
-1
71 9963
-1
75 9980
-1
76 9866
-1
-1
-1
77 9958
-1
78 9815
-1
82 9948
-1
82 9998
-1
83 9913
-1
85 9969
-1
86 9988
-1
86 9928
-1
-1
-1
77 9992
-1
78 9970
-1
77 9860
-1
76 9860
-1
77 9870
-1
80 9992
-1
80 9899
-1
79 9977
-1
-1
-1
81 9856
-1
81 9947
-1
83 9969
-1
83 9983
-1
84 9960
-1
85 9963
-1
82 9922
-1
83 9950
-1
-1
-1
82 9864
-1
80 9982
-1
83 9995
-1
78 9896
-1
80 9974
-1
82 9931
-1
82 9916
-1
83 9990
-1
-1
-1
81 9952
-1
80 9914
-1
82 9944
-1
80 9903
-1
82 9927
-1
87 10000
-1
85 9947
-1
80 9957
-1
-1
-1
84 9945
-1
85 9862
-1
82 9882
-1
84 9842
-1
84 9858
-1
82 9916
-1
84 9992
-1
81 9873
-1
-1
-1
80 9970
-1
83 9997
-1
81 9955
-1
82 9989
-1
79 9969
-1
77 9944
-1
81 9998
-1
79 9998
-1
-1
-1
79 9937
-1
77 9956
-1
76 9953
-1
71 9851
-1
71 9900
-1
75 9997
-1
72 9982
-1
70 9922
-1
-1
-1
69 9913
-1
72 9978
-1
71 9878
-1
72 9892
-1
75 9913
-1
77 9970
-1
74 9965
-1
78 9987
-1
-1
-1
79 9931
-1
76 9903
-1
76 9995
-1
75 9910
-1
75 9988
-1
77 9962
-1
78 9992
-1
80 9964
-1
-1
-1
78 9859
-1
83 9963
-1
84 9914
-1
86 9860
-1
89 9999
-1
89 9965
-1
91 9998
-1
89 9989
-1
-1
-1
85 9948
-1
85 9886
-1
85 9967
-1
78 9995
-1
77 9903
-1
78 9874
-1
78 9970
-1
78 9890
-1
-1
-1
85 9971
-1
88 9956
-1
86 9988
-1
85 9967
-1
82 9777
-1
85 9821
-1
85 9989
-1
84 9999
-1
-1
-1
81 9995
-1
78 9992
-1
77 9948
-1
76 9962
-1
78 9923
-1
82 9909
-1
81 9926
-1
83 9987
-1
-1
-1
77 9875
-1
80 9987
-1
78 9866
-1
78 9988
-1
81 9948
-1
81 10000
-1
77 9911
-1
79 9994
-1
-1
-1
80 9947
-1
79 9927
-1
82 9989
-1
76 9831
-1
79 9955
-1
78 9777
-1
81 9934
-1
81 9860
-1
-1
-1
78 9915
-1
75 9914
-1
74 9975
-1
75 9946
-1
78 9930
-1
79 9978
-1
80 9953
-1
78 9890
-1
-1
-1
81 9925
-1
81 9979
-1
82 9978
-1
82 9944
-1
81 9833
-1
79 9993
-1
78 9906
-1
76 9960
-1
-1
-1
74 9997
-1
72 9914
-1
73 9949
-1
72 9871
-1
73 9890
-1
73 9937
-1
71 9952
-1
70 9910
-1
-1
-1
71 9896
-1
74 9942
-1
74 9924
-1
74 9937
-1
70 9849
-1
72 9970
-1
72 9907
-1
75 9990
-1
-1
-1
72 9809
-1
73 9983
-1
75 9969
-1
74 9763
-1
75 9823
-1
75 9926
-1
79 9858
-1
80 10000
-1
-1
-1
77 9891
-1
75 9978
-1
77 9791
-1
78 9984
-1
78 9914
-1
76 9866
-1
72 9948
-1
73 9968
-1
-1
-1
78 9870
-1
78 9953
-1
79 9876
-1
81 9997
-1
83 9943
-1
86 9977
-1
86 9820
-1
88 9942
-1
-1
-1
92 9968
-1
88 9969
-1
85 9980
-1
87 9828
-1
87 9981
-1
83 9970
-1
75 9945
-1
76 9828
-1
-1
-1
75 9955
-1
72 9817
-1
73 9913
-1
73 9846
-1
68 9984
-1
71 9966
-1
69 9981
-1
70 9999
-1
-1
-1
69 9951
-1
73 9974
-1
72 9985
-1
72 9911
-1
73 9904
-1
73 9925
-1
74 9978
-1
78 9992
-1
-1
-1
81 9961
-1
80 9957
-1
78 9997
-1
80 9973
-1
77 9802
-1
79 9955
-1
82 9962
-1
83 9775
-1
-1
-1
84 9993
-1
81 9987
-1
80 9963
-1
82 9977
-1
80 9977
-1
83 9999
-1
83 9922
-1
78 9961
-1
-1
-1
75 9981
-1
73 9982
-1
72 9889
-1
75 9850
-1
77 9944
-1
77 9970
-1
74 9914
-1
75 9796
-1
-1
-1
77 9857
-1
81 9951
-1
83 9995
-1
83 9961
-1
83 9984
-1
81 9824
-1
80 9967
-1
81 9862
-1
-1
-1
82 9985
-1
78 9828
-1
75 9807
-1
76 10000
-1
76 9883
-1
72 9928
-1
70 9987
-1
73 9927
-1
-1
-1
71 9904
-1
73 9904
-1
75 9972
-1
75 9993
-1
73 9946
-1
77 9994
-1
78 9848
-1
81 9967
-1
-1
-1
79 9884
-1
79 9971
-1
80 9965
-1
80 9870
-1
79 9979
-1
80 9903
-1
78 9979
-1
75 9954
-1
-1
-1
77 9923
-1
76 9980
-1
76 9950
-1
74 9988
-1
77 9952
-1
77 9803
-1
78 9995
-1
76 9809
-1
-1
-1
76 9991
-1
76 9818
-1
81 9910
-1
84 9947
-1
81 9825
-1
83 9809
-1
84 9949
-1
83 9892
-1
-1
-1
85 9946
-1
86 9918
-1
83 9796
-1
81 9938
-1
79 9980
-1
79 9947
-1
82 9987
-1
81 9997
-1
-1
-1
87 9982
-1
87 9788
-1
86 9919
-1
85 9906
-1
85 9825
-1
84 9966
-1
81 9769
-1
82 9992
-1
-1
-1
81 9998
-1
79 9999
-1
79 9897
-1
79 9829
-1
80 9844
-1
81 9993
-1
82 9976
-1
81 9866
-1
-1
-1
79 9933
-1
84 9989
-1
77 9950
-1
74 9798
-1
78 9991
-1
74 9942
-1
75 9932
-1
74 9835
-1
-1
-1
79 9953
-1
79 9956
-1
78 9984
-1
82 9898
-1
83 9895
-1
85 9995
-1
86 9978
-1
89 9907
-1
-1
-1
92 9998
-1
92 9916
-1
91 9982
-1
89 9788
-1
86 9907
-1
81 9815
-1
80 9810
-1
75 9886
-1
-1
-1
71 9979
-1
70 9992
-1
65 9998
-1
67 9946
-1
70 9938
-1
71 9914
-1
72 9959
-1
73 9921
-1
-1
-1
75 9783
-1
78 9795
-1
81 9947
-1
83 9925
-1
83 9952
-1
79 9918
-1
79 9940
-1
76 9875
-1
-1
-1
79 9826
-1
75 9920
-1
75 9915
-1
75 9887
-1
78 9920
-1
78 9977
-1
78 9862
-1
79 9993
-1
-1
-1
75 9977
-1
76 9956
-1
74 9785
-1
74 9993
-1
68 9838
-1
71 9945
-1
72 9993
-1
73 9959
-1
-1
-1
73 9975
-1
73 9932
-1
76 9853
-1
76 9822
-1
81 9944
-1
85 9925
-1
83 9848
-1
85 9919
-1
-1
-1
88 9977
-1
88 9959
-1
88 9870
-1
89 9983
-1
88 9877
-1
91 9988
-1
85 9910
-1
82 9904
-1
-1
-1
81 9951
-1
81 9842
-1
80 9853
-1
80 9900
-1
83 9980
-1
80 9991
-1
76 9949
-1
78 9895
-1
-1
-1
76 9976
-1
71 9983
-1
69 9829
-1
71 9899
-1
71 9977
-1
72 9954
-1
73 9861
-1
74 9869
-1
-1
-1
76 9914
-1
75 9767
-1
77 9855
-1
79 9840
-1
81 9902
-1
83 9832
-1
82 9911
-1
86 9923
-1
-1
-1
89 9860
-1
88 9956
-1
87 9875
-1
91 9975
-1
91 9930
-1
91 9923
-1
85 9938
-1
83 9952
-1
-1
-1
80 9979
-1
78 9873
-1
80 9971
-1
80 9905
-1
78 9914
-1
80 9956
-1
80 9883
-1
80 9809
-1
-1
-1
84 9994
-1
79 9959
-1
79 9997
-1
77 9962
-1
77 9991
-1
80 9969
-1
79 9974
-1
78 9891
-1
-1
-1
75 9886
-1
75 9990
-1
72 9923
-1
72 9959
-1
69 9911
-1
71 9974
-1
69 9857
-1
70 9923
-1
-1
-1
76 9990
-1
76 9978
-1
76 9984
-1
79 9876
-1
79 9922
-1
76 9990
-1
75 9832
-1
78 9946
-1
-1
-1
75 9885
-1
75 9978
-1
76 9918
-1
78 9950
-1
77 9993
-1
79 9956
-1
82 9975
-1
81 9891
-1
-1
-1
79 9819
-1
82 9899
-1
82 9959
-1
79 9811
-1
77 9928
-1
72 9988
-1
69 9941
-1
68 9971
-1
-1
-1
64 9838
-1
65 9980
-1
66 9912
-1
66 9902
-1
67 9919
-1
69 9964
-1
71 10000
-1
70 9926
-1
-1
-1
73 9951
-1
72 9856
-1
70 9902
-1
74 9905
-1
78 9930
-1
78 9964
-1
79 9993
-1
80 9867
-1
-1
-1
81 9962
-1
82 9874
-1
85 9907
-1
88 9920
-1
91 9936
-1
93 9983
-1
91 9988
-1
91 9945
-1
-1
-1
93 10000
-1
92 9832
-1
93 9897
-1
96 9982
-1
92 9948
-1
96 9966
-1
91 10000
-1
91 9987
-1
-1
-1
84 9914
-1
87 9925
-1
81 9943
-1
78 10000
-1
78 9998
-1
74 9884
-1
74 9945
-1
73 9968
-1
-1
-1
74 9992
-1
71 9939
-1
72 9911
-1
73 9888
-1
75 9935
-1
76 9951
-1
79 9849
-1
79 9920
-1
-1
-1
85 9996
-1
84 9816
-1
89 9972
-1
87 9955
-1
87 9976
-1
88 9890
-1
84 9995
-1
85 9968
-1
-1
-1
84 9962
-1
80 9975
-1
80 9989
-1
75 9948
-1
78 9901
-1
79 9990
-1
78 9984
-1
79 9948
-1
-1
-1
75 9847
-1
76 9944
-1
78 9974
-1
79 9956
-1
80 9861
-1
79 9884
-1
83 9936
-1
83 9866
-1
-1
-1
84 9896
-1
85 9909
-1
87 9951
-1
86 9850
-1
85 9986
-1
83 9968
-1
82 9991
-1
76 9922
-1
-1
-1
80 9950
-1
78 9998
-1
78 9967
-1
81 9883
-1
82 9979
-1
81 9896
-1
81 9911
-1
81 9950
-1
-1
-1
85 9989
-1
80 9928
-1
82 9916
-1
82 9922
-1
81 9989
-1
79 9904
-1
83 9804
-1
83 9969
-1
-1
-1
81 9904
-1
79 9916
-1
78 9968
-1
79 9972
-1
78 9820
-1
77 9983
-1
71 9835
-1
74 9972
-1
-1
-1
75 9808
-1
76 9988
-1
77 9857
-1
74 9965
-1
76 9899
-1
75 9890
-1
77 9909
-1
77 9882
-1
-1
-1
79 9919
-1
78 9829
-1
77 9799
-1
80 9997
-1
85 9985
-1
89 9974
-1
85 9974
-1
86 9820
-1
-1
-1
82 9923
-1
77 9925
-1
80 9889
-1
82 9958
-1
80 9979
-1
76 9922
-1
76 9980
-1
77 9886
-1
-1
-1
79 9919
-1
79 9872
-1
81 9989
-1
81 9958
-1
80 9951
-1
78 9955
-1
77 9953
-1
74 9997
-1
-1
-1
69 9964
-1
68 9964
-1
71 9937
-1
71 9883
-1
70 9865
-1
72 9947
-1
73 9995
-1
76 9966
-1
-1
-1
80 9971
-1
80 9954
-1
78 9852
-1
75 9857
-1
77 9953
-1
78 9974
-1
75 9963
-1
73 9941
-1
-1
-1
77 9944
-1
79 9899
-1
78 9788
-1
78 9999
-1
76 9988
-1
79 9892
-1
77 9912
-1
79 9913
-1
-1
-1
74 9923
-1
71 9927
-1
73 9974
-1
75 9966
-1
76 9955
-1
75 9961
-1
76 9963
-1
75 9866
-1
-1
-1
76 9869
-1
75 9829
-1
77 9878
-1
79 9937
-1
77 9775
-1
78 9776
-1
82 9942
-1
79 9872
-1
-1
-1
81 9975
-1
78 9951
-1
78 9847
-1
73 9833
-1
72 9799
-1
73 9943
-1
73 9983
-1
72 9846
-1
-1
-1
71 9954
-1
73 9961
-1
75 9997
-1
73 9987
-1
73 9958
-1
75 9993
-1
76 9939
-1
74 9944
-1
-1
-1
72 9902
-1
74 9984
-1
74 10000
-1
75 9773
-1
78 9988
-1
80 9960
-1
76 9830
-1
76 9851
-1
-1
-1
81 9970
-1
81 9824
-1
81 9982
-1
81 9894
-1
80 9921
-1
81 9826
-1
78 9957
-1
78 9984
-1
-1
-1
76 9993
-1
74 9800
-1
76 9962
-1
71 9962
-1
70 9902
-1
71 9893
-1
72 9890
-1
73 9878
-1
-1
-1
68 9866
-1
71 9971
-1
74 9998
-1
73 9880
-1
74 9859
-1
72 9890
-1
74 9966
-1
75 9884
-1
-1
-1
82 9990
-1
82 9850
-1
78 9927
-1
79 9861
-1
80 9905
-1
80 9979
-1
81 9937
-1
80 9976
-1
-1
-1
78 9897
-1
78 9839
-1
81 9835
-1
83 9870
-1
85 9811
-1
83 9915
-1
85 9975
-1
86 9952
-1
-1
-1
88 9949
-1
88 9809
-1
91 9848
-1
84 9836
-1
87 9984
-1
87 9965
-1
85 9884
-1
83 9842
-1
-1
-1
79 9822
-1
76 9786
-1
72 9801
-1
76 9823
-1
76 9772
-1
78 9931
-1
73 9988
-1
75 9994
-1
-1
-1
71 9988
-1
72 9931
-1
72 9876
-1
74 9862
-1
74 9935
-1
71 9961
-1
72 9935
-1
69 9803
-1
-1
-1
72 9970
-1
76 9974
-1
75 9900
-1
74 9942
-1
75 9907
-1
77 9978
-1
77 9989
-1
76 9911
-1
-1
-1
76 9802
-1
74 9935
-1
75 9976
-1
75 9996
-1
74 9993
-1
75 9982
-1
75 9969
-1
77 9974
-1
-1
-1
83 9961
-1
84 9877
-1
85 9970
-1
85 9822
-1
84 9880
-1
84 9947
-1
85 9934
-1
84 9899
-1
-1
-1
80 9981
-1
77 9980
-1
75 9853
-1
73 9981
-1
72 9822
-1
74 9935
-1
73 9916
-1
75 9964
-1
-1
-1
75 9806
-1
79 9887
-1
81 9876
-1
82 9900
-1
81 9843
-1
82 9856
-1
84 9867
-1
83 9975
-1
-1
-1
86 9976
-1
85 9951
-1
80 9802
-1
78 9903
-1
75 9877
-1
77 9996
-1
77 9868
-1
78 9803
-1
-1
-1
75 9790
-1
75 9884
-1
77 9881
-1
76 9992
-1
77 9991
-1
80 9938
-1
78 9984
-1
79 9937
-1
-1
-1
75 9924
-1
74 9950
-1
73 9826
-1
75 9928
-1
78 9999
-1
77 9981
-1
75 9951
-1
75 9919
-1
-1
-1
81 9995
-1
82 9850
-1
82 9812
-1
84 9993
-1
82 9838
-1
84 9804
-1
85 9966
-1
86 9964
-1
-1
-1
85 9849
-1
83 9990
-1
82 9934
-1
81 9937
-1
84 9831
-1
84 9975
-1
86 9875
-1
87 9931
-1
-1
-1
86 9846
-1
87 9930
-1
86 9843
-1
87 9998
-1
86 9817
-1
89 9897
-1
88 9951
-1
89 9860
-1
-1
-1
85 9792
-1
86 9936
-1
85 9913
-1
81 9985
-1
80 9850
-1
78 9992
-1
78 9937
-1
78 9960
-1
-1
-1
76 9862
-1
75 9799
-1
77 9986
-1
79 9924
-1
80 9981
-1
80 9913
-1
79 9999
-1
78 9943
-1
-1
-1
78 9983
-1
80 9995
-1
80 9789
-1
84 9992
-1
83 9882
-1
82 9953
-1
82 9955
-1
84 9982
-1
-1
-1
83 9979
-1
79 9989
-1
79 9946
-1
77 9950
-1
75 9948
-1
78 9993
-1
76 9992
-1
73 9990
-1
-1
-1
76 9936
-1
78 9921
-1
80 9914
-1
77 9879
-1
75 9978
-1
71 9955
-1
73 9856
-1
75 9983
-1
-1
-1
79 9821
-1
82 9856
-1
82 9957
-1
78 9803
-1
81 9940
-1
82 9913
-1
83 9959
-1
87 9951
-1
-1
-1
90 9950
-1
85 9971
-1
81 9886
-1
79 9960
-1
81 9892
-1
79 9996
-1
79 9880
-1
79 9876
-1
-1
-1
71 9839
-1
70 9807
-1
71 9949
-1
71 9821
-1
70 9913
-1
72 9973
-1
74 9978
-1
75 9918
-1
-1
-1
77 9940
-1
78 9949
-1
83 9961
-1
76 9968
-1
79 9894
-1
80 9937
-1
83 9839
-1
78 9878
-1
-1
-1
78 9805
-1
78 9971
-1
79 9944
-1
75 9947
-1
77 9999
-1
76 9968
-1
79 9994
-1
77 9979
-1
-1
-1
80 9909
-1
77 9905
-1
79 9798
-1
82 9855
-1
84 9968
-1
82 9868
-1
84 9988
-1
83 9964
-1
-1
-1
79 9823
-1
81 9984
-1
75 9907
-1
77 9862
-1
75 9882
-1
74 9894
-1
73 9945
-1
70 9843
-1
-1
-1
69 9995
-1
71 9900
-1
73 9861
-1
76 9984
-1
77 9963
-1
80 9865
-1
83 9942
-1
87 9979
-1
-1
-1
89 9856
-1
94 9984
-1
88 9873
-1
86 9847
-1
89 9937
-1
88 9976
-1
85 9929
-1
81 9873
-1
-1
-1
80 9945
-1
79 9998
-1
78 9904
-1
80 9870
-1
80 9972
-1
75 9989
-1
73 9988
-1
76 9994
-1
-1
-1
75 9860
-1
77 9984
-1
75 9978
-1
76 9960
-1
75 9882
-1
74 9949
-1
75 9888
-1
77 9905
-1
-1
-1
75 9833
-1
76 9886
-1
76 9994
-1
77 9950
-1
77 9925
-1
77 9813
-1
81 9927
-1
78 9830
-1
-1
-1
78 9881
-1
77 9979
-1
80 9898
-1
85 9991
-1
81 9861
-1
82 9986
-1
83 9982
-1
84 9873
-1
-1
-1
85 9979
-1
84 9787
-1
85 9979
-1
81 9978
-1
75 9949
-1
76 9937
-1
77 9898
-1
79 10000
-1
-1
-1
74 9917
-1
73 9944
-1
69 9932
-1
69 9887
-1
72 9775
-1
72 9871
-1
74 9992
-1
72 9827
-1
-1
-1
76 9884
-1
79 9991
-1
78 9845
-1
81 9999
-1
83 9875
-1
83 9982
-1
84 9847
-1
81 9884
119
-1
-1
82 9945
-1
82 9977
-1
78 9866
-1
81 9977
-1
81 9994
-1
78 9887
-1
79 9868
-1
83 9887
-1
-1
-1
80 9900
-1
85 9982
-1
90 9999
-1
86 9987
-1
88 9910
-1
86 9990
-1
83 9886
-1
81 9968
-1
-1
-1
82 9987
-1
84 9847
-1
87 9992
-1
86 9967
-1
85 9976
-1
88 9974
-1
86 9983
-1
86 9827
-1
-1
-1
92 9972
-1
94 9977
-1
91 9786
-1
91 9981
-1
84 9872
-1
84 9963
-1
81 9935
-1
81 9988
-1
-1
-1
81 9978
-1
79 9989
-1
76 9900
-1
80 9953
-1
80 9995
-1
79 9984
-1
78 9965
-1
79 9991
-1
-1
-1
81 9960
-1
84 9986
-1
90 9994
-1
92 9904
-1
95 9932
-1
96 9776
-1
91 9932
-1
93 10000
-1
-1
-1
91 9921
-1
90 9991
-1
87 9987
-1
77 9882
-1
72 9950
-1
70 9952
-1
73 9988
-1
72 9927
-1
-1
-1
78 9965
-1
77 9904
-1
77 9884
-1
76 9942
-1
79 9965
223
78 9864
-1
80 9930
-1
79 9926
-1
-1
-1
78 9929
-1
75 9941
-1
74 9969
-1
75 9818
-1
73 9930
-1
73 9866
-1
75 9900
-1
78 9995
-1
-1
-1
78 9833
-1
76 9819
-1
77 9856
-1
81 9996
-1
81 9874
-1
84 9953
-1
86 9986
-1
83 9996
-1
-1
-1
83 9994
-1
85 9933
-1
85 9839
-1
88 9981
-1
86 9934
-1
85 9943
-1
86 9787
-1
85 9868
-1
-1
-1
85 9948
-1
82 9912
-1
81 9985
-1
82 9986
-1
81 9891
-1
83 9932
-1
83 9900
-1
81 9936
-1
-1
-1
77 9950
-1
76 9890
-1
76 9904
-1
76 9933
-1
72 9877
-1
69 9946
-1
69 9973
-1
67 9987
-1
-1
-1
70 9852
-1
72 9802
-1
73 9977
-1
71 9914
-1
74 9982
-1
75 9962
-1
75 9935
-1
74 9911
-1
-1
-1
78 9870
-1
79 9944
-1
81 9831
-1
81 9958
-1
80 9955
-1
81 9919
-1
83 9950
-1
82 9947
-1
-1
-1
76 9923
-1
77 9904
-1
71 9817
195
73 9936
-1
72 9904
-1
75 9981
-1
73 9911
-1
74 9989
-1
-1
-1
76 9987
-1
77 9993
-1
77 9910
-1
79 9990
-1
80 9997
-1
81 9964
-1
80 9917
-1
80 9924
-1
-1
-1
84 9952
-1
84 9805
-1
86 9966
-1
86 9813
-1
87 9858
-1
87 9958
-1
88 9934
-1
88 9949
-1
-1
-1
87 9949
-1
86 9995
-1
80 9841
-1
85 9981
-1
86 10000
-1
85 9928
-1
85 9815
-1
80 9954
-1
-1
-1
80 9982
-1
78 9951
-1
78 9972
-1
84 9996
-1
82 9989
-1
77 9957
-1
76 9916
-1
77 9800
-1
-1
-1
82 9983
-1
84 9800
-1
84 9998
-1
83 9923
-1
77 9877
-1
80 9952
-1
80 9916
-1
80 9923
-1
-1
-1
82 9996
-1
82 9958
-1
82 9938
-1
85 9953
-1
84 9922
-1
84 9811
-1
83 9932
-1
82 9881
-1
-1
-1
84 9979
-1
83 9966
-1
83 9957
-1
78 9868
-1
79 9985
-1
80 9922
-1
82 9839
-1
84 9966
-1
-1
-1
88 9878
-1
87 9982
-1
84 9820
-1
85 9964
-1
86 9935
-1
89 9972
-1
89 9986
-1
81 9888
-1
-1
-1
76 9873
-1
78 9883
-1
77 9934
-1
76 9857
-1
78 9883
-1
81 9966
-1
79 9969
-1
81 9875
-1
-1
-1
84 9893
-1
86 9970
-1
84 9910
-1
85 10000
-1
85 9997
-1
84 9856
-1
76 9924
-1
80 9998
-1
-1
-1
74 9892
-1
73 9933
-1
73 9830
-1
73 9888
-1
73 9923
-1
74 9980
-1
74 9774
-1
74 9862
-1
-1
-1
78 9871
-1
79 9938
-1
86 9967
-1
86 9947
-1
82 9821
-1
86 9960
-1
85 9873
-1
86 9961
-1
-1
-1
88 9960
-1
86 9932
-1
86 9898
-1
83 9973
-1
80 9782
-1
84 10000
-1
84 9928
-1
82 9942
-1
-1
-1
77 10000
-1
76 9959
-1
78 9927
-1
77 9810
-1
76 9926
-1
77 9934
-1
78 9933
-1
77 9918
-1
-1
-1
76 9975
-1
75 9916
-1
73 9936
-1
70 9901
-1
74 9983
-1
77 9982
-1
73 9932
-1
75 9961
-1
-1
-1
79 9942
-1
81 9965
-1
81 9984
-1
83 9839
-1
82 9873
-1
82 9992
-1
78 9830
-1
81 9998
-1
-1
-1
72 9774
-1
73 9990
-1
70 9910
-1
72 9815
-1
74 9869
-1
76 9959
-1
77 9799
-1
79 9972
-1
-1
-1
77 9832
-1
77 9912
-1
78 9832
-1
81 9984
-1
79 9859
-1
77 9786
-1
81 9876
-1
83 9772
-1
-1
-1
84 9997
-1
83 9926
153
82 9976
-1
81 9839
-1
84 9985
-1
80 9815
-1
84 9995
-1
78 9961
-1
-1
-1
71 9810
-1
73 9810
-1
75 9959
-1
75 9971
-1
77 9866
-1
75 9947
-1
70 9805
-1
72 9957
-1
-1
-1
75 9937
-1
76 9981
-1
71 9877
-1
70 9957
-1
68 9989
-1
69 9966
-1
71 9961
-1
72 9896
-1
-1
-1
75 9993
-1
71 9908
-1
73 9948
-1
77 9884
-1
79 9775
-1
79 9999
-1
74 9772
-1
78 9998
-1
-1
-1
73 9896
-1
73 9980
-1
71 9912
-1
68 9878
-1
71 9939
-1
71 9968
-1
72 9986
-1
71 9796
-1
-1
-1
70 9826
-1
76 9988
-1
78 9953
-1
79 9998
-1
76 9855
-1
75 9814
-1
79 9970
-1
80 9987
-1
-1
-1
79 9964
-1
81 9810
-1
78 9984
-1
80 9972
-1
81 9928
-1
83 9991
-1
82 9919
-1
82 9806
-1
-1
-1
84 9991
-1
84 9915
-1
82 9801
-1
84 9993
-1
83 9991
-1
83 9929
-1
80 9960
-1
78 9872
-1
-1
-1
77 9940
-1
76 9813
-1
74 9896
-1
73 9861
-1
72 9931
-1
68 9819
-1
69 9879
-1
68 9995
-1
-1
-1
69 9833
-1
70 9969
-1
74 9935
-1
74 9949
-1
76 9918
-1
75 9798
-1
78 9943
-1
77 9904
-1
-1
-1
78 9949
-1
75 9788
-1
74 9967
-1
76 9957
-1
70 9998
-1
68 9772
-1
74 9827
-1
77 9995
-1
-1
-1
79 9994
-1
79 9994
-1
80 9906
-1
79 9987
-1
81 9825
-1
84 9945
-1
85 9986
-1
87 9987
-1
-1
-1
84 10000
-1
84 9997
-1
88 9916
-1
89 9924
-1
86 9962
-1
90 9988
-1
86 9794
-1
91 9958
-1
-1
-1
88 9834
-1
89 9905
-1
88 9897
-1
88 9846
-1
86 9958
-1
86 9981
-1
83 9940
-1
82 9985
-1
-1
-1
85 9985
-1
84 9828
-1
80 9918
-1
81 9864
-1
84 9871
-1
85 9971
-1
82 9979
-1
82 9878
-1
-1
-1
86 9920
-1
78 10000
-1
79 9915
-1
81 9900
-1
81 9945
-1
77 9921
-1
77 9932
-1
77 9809
-1
-1
-1
71 9844
-1
74 9993
-1
73 9992
-1
71 9869
-1
74 9935
-1
75 9982
-1
77 9857
-1
77 9994
68
-1
-1
83 9989
-1
86 9890
-1
87 9950
-1
87 9821
-1
90 9980
-1
87 9823
-1
83 9899
-1
80 9926
-1
-1
-1
78 9896
-1
77 9833
-1
76 9874
-1
81 9843
-1
81 9880
-1
81 9928
-1
80 9920
-1
81 9896
-1
-1
-1
79 9964
-1
79 9902
-1
78 9967
-1
73 9981
-1
71 9964
-1
68 9952
-1
69 9969
-1
69 9969
-1
-1
-1
70 9931
-1
72 9867
-1
72 9932
-1
72 9842
-1
72 9923
-1
75 9877
-1
79 9988
-1
78 9855
-1
-1
-1
75 9830
-1
73 9866
-1
73 9966
-1
70 9772
-1
69 9910
-1
68 9994
-1
66 9847
-1
66 9943
-1
-1
-1
65 9961
-1
67 9917
-1
70 9795
-1
73 9851
-1
73 9952
-1
74 9911
-1
75 9915
-1
74 9774
-1
-1
-1
78 9945
-1
83 9991
-1
80 9978
-1
77 9984
-1
78 9847
-1
83 9944
-1
83 9956
-1
83 9881
-1
-1
-1
82 9975
-1
83 9830
-1
83 9950
-1
83 9980
-1
84 9994
-1
85 9997
-1
80 9985
-1
82 9841
-1
-1
-1
86 9958
-1
87 9991
-1
87 9950
-1
87 9989
-1
85 9870
-1
86 9927
-1
84 9982
-1
82 9843
-1
-1
-1
79 9936
-1
76 9902
-1
76 9964
-1
76 9837
-1
75 9945
-1
73 9923
-1
72 9832
-1
77 9839
-1
-1
-1
81 9989
-1
82 9950
-1
80 9952
-1
84 9911
-1
82 9957
-1
81 9801
-1
81 9923
-1
81 9816
-1
-1
-1
84 9887
-1
80 9941
-1
78 9865
-1
81 9969
-1
77 9965
-1
79 9816
-1
82 9891
-1
86 9882
-1
-1
-1
82 9942
-1
79 9930
-1
79 9979
-1
80 9933
-1
79 9789
-1
78 9975
-1
76 9920
-1
77 9874
-1
-1
-1
77 9883
-1
77 9861
-1
78 9826
-1
81 9947
-1
81 9913
-1
81 9914
-1
81 9989
-1
82 9982
-1
-1
-1
77 9986
-1
79 9939
-1
82 9905
-1
83 9971
-1
87 9919
-1
84 9971
-1
81 9859
-1
81 9786
-1
-1
-1
83 9960
-1
83 9965
-1
82 9985
-1
79 9802
-1
79 9991
-1
74 9964
-1
74 9998
-1
75 9916
-1
-1
-1
74 9832
-1
75 9830
-1
73 9985
-1
73 9924
-1
74 9938
-1
73 9987
-1
75 9990
-1
72 9845
-1
-1
-1
76 9981
-1
77 9949
-1
79 9921
-1
80 9978
-1
77 9972
-1
76 9936
-1
73 9824
-1
73 9909
-1
-1
-1
76 9870
-1
76 9996
-1
72 9965
-1
74 9978
-1
73 9927
-1
76 9999
-1
78 9870
-1
77 9870
-1
-1
-1
84 9889
-1
81 9939
-1
80 9964
-1
81 9954
-1
82 9929
-1
82 9899
-1
82 9957
-1
84 9978
-1
-1
-1
88 9859
-1
87 9986
-1
85 9897
-1
85 9981
-1
83 9855
-1
81 9990
-1
80 9975
-1
78 9923
-1
-1
-1
74 9889
-1
79 9919
-1
76 9823
-1
77 9989
-1
77 9980
-1
80 9984
-1
82 9961
-1
83 9958
-1
-1
-1
85 9919
-1
81 9923
-1
78 9973
-1
80 9948
-1
78 9949
-1
78 9961
-1
76 9985
-1
76 9992
-1
-1
-1
75 9991
-1
76 9892
-1
79 9996
-1
80 9914
-1
81 9960
-1
82 9992
-1
82 9925
-1
83 9868
-1
-1
-1
90 9890
-1
86 9845
-1
86 9956
-1
88 9972
-1
91 9992
-1
88 9918
-1
84 9990
-1
84 9812
-1
-1
-1
79 9941
-1
79 9915
-1
83 9979
-1
81 9810
-1
81 9986
-1
82 9981
-1
85 9867
-1
86 9834
-1
-1
-1
82 9975
-1
85 9987
-1
86 9980
-1
86 9788
-1
85 9923
-1
84 9805
-1
86 9954
-1
79 9996
-1
-1
-1
79 9883
-1
81 9813
-1
80 9991
-1
79 9886
-1
78 9992
-1
79 9904
-1
80 9936
-1
80 9928
-1
-1
-1
83 9858
-1
81 9999
-1
80 9990
-1
82 9998
-1
82 9993
-1
82 9985
-1
81 9981
-1
81 9970
-1
-1
-1
81 9788
-1
85 9967
-1
83 9784
-1
87 9926
-1
89 9872
-1
86 9933
-1
86 9788
-1
82 9886
-1
-1
-1
79 9926
-1
79 9832
-1
80 9978
-1
80 9905
-1
83 9878
-1
77 9946
-1
78 9868
-1
79 9933
-1
-1
-1
85 9961
-1
87 9960
-1
89 9873
-1
89 9972
-1
87 9959
-1
84 9990
-1
86 9929
-1
89 9925
-1
-1
-1
89 9785
-1
87 9971
-1
89 9981
-1
88 9977
-1
90 9824
-1
86 9899
-1
84 9846
-1
84 9949
-1
-1
-1
80 9956
-1
81 9909
-1
86 9985
-1
85 9970
-1
82 9917
-1
82 9958
-1
81 9981
-1
80 9869
-1
-1
-1
78 9995
-1
76 9945
-1
73 9969
-1
76 9947
-1
73 9954
-1
71 9993
-1
72 9932
-1
75 9951
-1
-1
-1
76 9957
-1
75 9993
-1
73 9996
-1
70 9918
-1
72 9924
-1
73 9870
-1
74 9836
-1
74 9990
-1
-1
-1
74 9964
-1
74 9963
-1
74 9962
-1
78 9993
-1
75 9773
-1
81 9933
-1
81 9863
-1
79 9817
211
-1
-1
83 9867
-1
84 9929
-1
84 9925
-1
84 9976
-1
85 9898
-1
82 9899
-1
77 10000
-1
74 9873
-1
-1
-1
77 9988
-1
77 9949
-1
76 9903
-1
79 9879
-1
81 9914
-1
82 9983
-1
85 9958
-1
86 9889
-1
-1
-1
86 9774
-1
87 9922
-1
86 9832
-1
88 9839
-1
87 9837
-1
87 9755
-1
87 9872
-1
86 9972
-1
-1
-1
84 9923
-1
85 9915
-1
86 9919
-1
86 9980
-1
85 9890
-1
85 9940
-1
85 9924
-1
85 9912
-1
-1
-1
84 9917
-1
79 9970
-1
79 9948
-1
79 9996
-1
76 9967
-1
77 9944
-1
76 9911
-1
73 9998
-1
-1
-1
71 9842
-1
74 9972
-1
74 9982
-1
74 9831
-1
76 9886
-1
76 9969
-1
74 9934
-1
77 9990
-1
-1
-1
78 9923
-1
79 9854
-1
79 9943
-1
81 9995
-1
78 9870
-1
79 9788
-1
82 9794
-1
81 9917
-1
-1
-1
80 9834
-1
77 9840
-1
77 9939
-1
80 9977
-1
83 9943
-1
83 9916
-1
84 9931
-1
80 9870
43
-1
-1
81 9989
-1
83 9974
-1
86 9837
-1
88 9924
-1
87 10000
-1
83 9999
-1
79 9902
-1
76 9972
-1
-1
-1
78 9873
-1
80 9964
-1
78 9912
-1
76 9896
-1
77 9976
-1
79 9990
-1
80 9892
-1
81 9886
-1
-1
-1
80 9948
-1
81 9921
-1
78 9899
-1
74 9905
-1
74 9900
-1
71 9833
-1
68 9848
-1
66 9944
-1
-1
-1
65 9845
-1
67 9941
-1
69 9984
-1
74 9814
-1
77 9788
-1
78 9940
-1
78 9915
-1
80 9959
-1
-1
-1
80 9933
-1
81 9956
-1
77 9874
-1
81 9919
-1
77 9987
-1
74 9954
-1
71 9943
-1
71 9940
-1
-1
-1
76 9887
-1
80 9884
-1
80 9993
-1
82 9850
-1
79 9905
-1
77 9965
-1
81 9974
-1
83 9973
-1
-1
-1
85 9947
-1
81 9822
-1
79 9955
-1
76 9964
-1
78 9951
-1
78 9792
-1
82 9994
-1
76 9950
-1
-1
-1
75 9967
-1
74 9994
-1
73 9808
-1
75 9845
-1
78 9895
-1
80 9943
-1
80 9769
-1
78 9981
-1
-1
-1
79 9927
-1
76 9969
-1
77 9874
-1
79 9999
-1
79 9769
-1
76 9917
-1
77 9970
-1
77 9953
-1
-1
-1
79 9940
-1
77 9972
-1
77 9827
-1
79 9853
-1
78 9921
-1
82 9957
-1
81 9834
-1
80 9849
-1
-1
-1
84 9927
-1
84 9864
-1
84 9995
-1
83 9913
-1
88 9974
-1
83 9889
-1
83 9931
-1
79 9864
-1
-1
-1
81 9949
-1
79 9931
-1
78 9858
-1
82 9979
-1
85 9975
-1
81 9975
-1
84 9853
-1
83 9928
-1
-1
-1
87 9954
-1
84 9959
-1
82 9952
-1
80 9895
-1
81 9999
-1
78 9938
-1
78 9912
-1
76 9945
-1
-1
-1
76 9983
-1
72 9866
-1
75 9818
-1
72 9794
-1
72 9976
-1
73 9941
-1
73 9982
-1
75 9840
-1
-1
-1
73 9819
-1
72 9829
-1
72 9953
-1
75 9990
-1
76 9936
-1
77 9971
-1
80 9994
-1
84 9973
-1
-1
-1
81 9894
-1
81 9877
-1
84 9953
-1
88 9909
-1
89 9906
-1
89 9842
-1
91 9839
-1
89 9848
-1
-1
-1
83 9933
-1
85 9905
-1
87 9967
-1
86 9991
-1
89 9980
-1
87 9860
-1
88 9902
-1
88 9912
-1
-1
-1
87 9933
-1
87 9944
-1
85 9866
-1
83 9914
-1
82 9874
-1
80 9982
-1
80 9862
-1
82 9981
-1
-1
-1
78 9856
-1
77 9938
-1
80 9987
-1
80 9948
-1
78 9825
-1
80 9959
-1
80 9852
-1
76 9950
-1
-1
-1
77 9997
-1
76 9996
-1
77 9996
-1
76 9945
-1
74 9898
-1
73 9788
-1
74 9972
-1
77 9951
-1
-1
-1
76 9844
-1
76 9932
-1
76 9868
-1
80 9978
-1
79 9990
-1
81 9980
-1
84 9783
-1
82 9971
-1
-1
-1
82 9997
-1
82 9971
-1
78 9820
-1
72 9858
-1
74 9988
-1
69 9974
-1
70 9990
-1
70 9912
-1
-1
-1
73 9972
-1
72 9958
-1
75 9907
-1
76 9958
-1
77 9871
-1
78 9981
-1
80 9844
-1
79 9923
-1
-1
-1
80 9942
-1
80 9887
-1
80 9904
-1
80 9932
-1
82 9931
-1
83 9937
-1
85 9888
-1
89 9998
-1
-1
-1
88 9996
-1
87 9868
-1
82 9997
-1
84 9984
-1
85 9774
-1
88 9981
-1
87 9989
-1
87 9978
-1
-1
-1
88 10000
-1
85 9958
-1
87 9850
-1
87 9976
-1
89 9873
-1
91 9974
-1
91 10000
-1
87 9912
-1
-1
-1
91 9968
-1
82 9827
-1
81 9835
-1
80 9999
-1
82 9993
-1
84 9994
-1
84 9821
-1
81 9931
-1
-1
-1
81 10000
-1
79 9920
-1
83 9942
-1
82 9928
-1
87 9948
-1
91 9832
-1
89 9993
-1
88 9943
-1
-1
-1
89 9928
-1
90 9885
-1
90 9904
-1
90 9946
-1
85 9935
-1
84 9849
-1
78 9964
-1
79 9967
-1
-1
-1
81 9976
-1
78 9887
-1
79 9972
-1
80 9994
-1
79 9952
-1
80 9995
-1
79 9880
-1
79 9881
-1
-1
-1
73 9883
49
74 9907
-1
77 9849
-1
77 9958
-1
74 9847
-1
77 9932
-1
77 9981
-1
76 9802
-1
-1
-1
78 9973
-1
81 9975
-1
82 9987
-1
85 9971
-1
85 9992
-1
87 9959
-1
89 9816
-1
91 9963
-1
-1
-1
94 9835
-1
95 9910
-1
97 9922
-1
99 9965
-1
94 9937
-1
89 9991
-1
89 9955
-1
85 9965
-1
-1
-1
83 9995
-1
80 9873
-1
85 9883
-1
87 9922
-1
87 9770
-1
89 9962
-1
86 9869
-1
86 9907
-1
-1
-1
85 9819
-1
86 9898
-1
84 9825
-1
83 9958
-1
80 9864
-1
81 9968
-1
82 9755
-1
85 9955
-1
-1
-1
90 9863
-1
91 9982
-1
90 9976
-1
94 9963
-1
95 9837
-1
94 9933
-1
93 9948
-1
91 9799
-1
-1
-1
87 9872
-1
88 9913
-1
87 9920
-1
86 9892
-1
80 9890
-1
83 9993
-1
80 9976
-1
79 9873
-1
-1
-1
78 9996
-1
72 9918
-1
73 9941
-1
72 9986
-1
73 9968
-1
71 9820
-1
74 9951
-1
74 9823
-1
-1
-1
76 9820
-1
76 9888
-1
73 9840
-1
74 9794
-1
75 9982
-1
71 9821
-1
68 9968
-1
71 9930
-1
-1
-1
70 9861
-1
69 9845
-1
73 9910
-1
76 9976
-1
76 9786
-1
78 9898
-1
79 9829
-1
82 9866
-1
-1
-1
81 9998
-1
81 9819
-1
82 9914
-1
83 9927
-1
79 9923
-1
78 9830
-1
80 9930
-1
80 9846
-1
-1
-1
82 9973
-1
78 9960
-1
78 9986
-1
81 9904
-1
81 9954
-1
81 9982
-1
81 9877
-1
79 9971
-1
-1
-1
78 9930
-1
77 9968
-1
81 10000
-1
82 9987
-1
83 9978
-1
81 9987
-1
77 9870
-1
81 9877
-1
-1
-1
84 9910
-1
85 9979
-1
86 9928
-1
82 9983
-1
78 9861
-1
80 9921
-1
82 9862
-1
82 9883
-1
-1
-1
79 9984
-1
81 9816
-1
79 9917
-1
79 9923
-1
80 9806
-1
80 9986
-1
76 9932
-1
74 9821
-1
-1
-1
74 9965
-1
73 9927
-1
72 9957
-1
67 9947
-1
67 9904
-1
73 9982
-1
74 9901
-1
72 9948
-1
-1
-1
74 9889
-1
73 9891
-1
76 9931
-1
77 9781
-1
79 9803
-1
81 9905
-1
78 9902
-1
79 9927
-1
-1
-1
83 9962
-1
81 9918
-1
82 9914
-1
81 9935
-1
83 9858
-1
85 9967
-1
84 9865
-1
84 9974
-1
-1
-1
83 9827
-1
84 9923
-1
81 9978
-1
80 9895
-1
79 9946
-1
75 9967
-1
75 9927
-1
77 9871
-1
-1
-1
73 9943
-1
77 9966
-1
75 10000
-1
75 9971
-1
77 9921
-1
78 10000
-1
79 9812
-1
76 9869
-1
-1
-1
76 9941
-1
76 9986
-1
77 9983
-1
81 9923
-1
80 9847
-1
83 9981
-1
82 9945
-1
81 9977
-1
-1
-1
81 9892
-1
83 9981
-1
85 9983
-1
83 9870
-1
77 9916
-1
77 9947
-1
75 9859
-1
79 9971
245
-1
-1
78 9982
-1
77 9895
-1
74 9979
-1
76 9921
-1
77 9953
-1
77 9822
-1
80 9976
-1
78 9968
-1
-1
-1
77 9793
-1
80 9964
-1
81 9766
-1
80 9931
-1
75 9921
-1
77 9901
-1
77 9909
-1
76 9843
-1
-1
-1
82 9974
-1
79 9952
-1
78 9997
-1
77 9885
-1
80 9976
-1
82 9930
-1
78 9992
-1
76 9978
-1
-1
-1
80 9925
-1
78 9915
-1
78 9791
-1
79 9856
-1
80 9970
-1
82 9926
-1
82 9969
-1
85 9978
-1
-1
-1
85 9946
-1
88 9992
-1
85 9937
-1
86 9898
-1
88 9913
-1
84 9992
-1
81 9943
-1
82 9832
-1
-1
-1
77 9917
-1
78 9984
-1
77 9976
-1
80 9927
-1
77 9787
-1
75 9908
-1
79 9997
-1
81 9990
-1
-1
-1
76 9918
-1
76 9897
-1
74 9950
-1
73 9952
-1
72 9897
-1
76 9887
-1
77 9988
-1
72 9940
-1
-1
-1
75 9981
-1
79 9916
-1
79 9977
-1
80 9987
-1
80 9915
-1
83 9922
-1
84 9940
-1
81 9984
-1
-1
-1
81 9777
-1
85 9866
-1
85 9951
-1
83 9980
-1
81 9894
-1
82 9943
-1
83 9975
-1
84 9961
-1
-1
-1
86 9968
-1
86 9997
-1
83 9964
-1
83 9939
-1
84 9996
-1
84 9929
-1
89 9997
-1
86 9846
-1
-1
-1
84 9930
-1
83 9843
-1
86 9994
-1
90 9951
-1
87 9860
-1
87 9998
-1
89 9903
-1
85 9993
-1
-1
-1
86 9923
-1
90 9993
-1
89 9985
-1
86 9982
-1
83 9881
-1
84 9910
-1
85 9903
-1
81 9875
-1
-1
-1
78 9959
-1
79 9932
-1
77 9800
-1
75 9807
-1
77 9991
-1
76 9872
-1
73 10000
-1
74 9912
-1
35
-1
75 9967
-1
78 9987
-1
74 9980
-1
74 9943
-1
71 9935
-1
70 9890
-1
72 9972
-1
69 9847
-1
-1
-1
68 9976
-1
70 9792
-1
70 9845
-1
74 9968
-1
74 9843
-1
77 9984
-1
75 9953
-1
73 9800
-1
-1
-1
75 9979
-1
74 9884
-1
77 9978
-1
79 9889
-1
77 9992
-1
80 9998
-1
77 9976
-1
78 9921
-1
-1
-1
82 9996
-1
81 9867
-1
82 9847
-1
76 9998
-1
76 9849
-1
78 9970
-1
80 9900
-1
80 9787
-1
-1
-1
81 9929
-1
78 9922
-1
81 9972
-1
81 9957
-1
85 9911
-1
88 9927
-1
88 9956
-1
87 9986
-1
-1
-1
86 9778
-1
88 9961
-1
88 9791
-1
92 9940
-1
94 9887
-1
97 9983
-1
91 9991
-1
89 9990
-1
-1
-1
89 9920
-1
88 9970
-1
84 9988
-1
84 9935
-1
79 9943
-1
73 9985
-1
73 9977
-1
69 9949
-1
-1
-1
66 9900
-1
69 9965
-1
69 9867
-1
71 9987
-1
72 9842
-1
75 9908
-1
76 9929
-1
76 9769
-1
-1
-1
78 9790
-1
83 9923
-1
85 9942
-1
86 9918
-1
82 9899
-1
83 9979
-1
81 9989
-1
80 9962
-1
-1
-1
84 9882
-1
86 9962
-1
87 9970
-1
82 9906
-1
79 9947
-1
81 9975
-1
78 9983
-1
78 9933
-1
-1
-1
78 9864
-1
77 9952
-1
71 9903
-1
72 9981
-1
76 9971
-1
76 9995
-1
78 9951
-1
82 10000
-1
-1
-1
82 9937
-1
83 9855
-1
84 9983
-1
86 9995
-1
89 9971
-1
90 9989
-1
86 9867
-1
82 9905
-1
-1
-1
75 9955
-1
77 9856
-1
75 9913
-1
69 9801
-1
68 9827
-1
69 9883
-1
68 9815
-1
73 9845
-1
-1
-1
72 9821
-1
72 9985
-1
72 9835
-1
76 9949
-1
75 9844
-1
78 9892
-1
79 9960
-1
84 9876
-1
-1
-1
82 9826
-1
81 9854
-1
83 9899
-1
82 9990
-1
80 9935
-1
81 9852
-1
80 9970
-1
79 9945
-1
-1
-1
74 9786
-1
79 9834
-1
79 9871
-1
79 9941
-1
82 9913
-1
84 9964
-1
83 9890
-1
87 9968
-1
-1
-1
90 9850
-1
90 9914
-1
88 9988
-1
86 9868
-1
88 9813
-1
89 9952
-1
88 9974
-1
90 9997
-1
-1
-1
90 9934
-1
92 9880
-1
89 9944
-1
92 9993
-1
93 9981
-1
94 9998
-1
93 9818
-1
91 9998
-1
-1
-1
91 9975
-1
88 9931
-1
86 9996
-1
81 9919
-1
76 9900
-1
74 9993
-1
70 9874
-1
71 9927
-1
-1
-1
71 9967
-1
72 9839
-1
71 9977
-1
74 9970
-1
74 9936
-1
76 9906
-1
78 9799
-1
83 9999
-1
-1
-1
86 9967
-1
85 9959
-1
84 9960
-1
82 9996
-1
82 9935
-1
80 9878
-1
81 9962
-1
76 9959
-1
-1
-1
69 9970
-1
66 9967
-1
67 9898
-1
64 9916
-1
63 9919
-1
63 9894
-1
65 9865
-1
66 9853
-1
-1
-1
74 9836
-1
76 9964
-1
79 9867
-1
79 9840
-1
84 9986
-1
84 9980
-1
86 9988
-1
85 9812
-1
-1
-1
87 9859
-1
82 9877
-1
81 9900
-1
80 9927
-1
74 9788
-1
76 9990
-1
76 9899
-1
79 9962
-1
-1
-1
74 9850
-1
72 9950
-1
72 9860
-1
73 9918
-1
76 9943
-1
74 9846
-1
75 9823
-1
75 9986
-1
-1
-1
76 9936
-1
78 9899
-1
81 9972
-1
82 9852
-1
81 9914
-1
82 9964
-1
79 9951
-1
81 9971
-1
-1
-1
81 9979
-1
77 9868
-1
76 9949
-1
73 9949
-1
72 9897
-1
70 9945
-1
71 9931
-1
70 9845
-1
-1
-1
73 9990
-1
74 9794
-1
79 9925
-1
77 9984
-1
80 9978
-1
81 9810
-1
84 9930
-1
84 9994
-1
-1
-1
84 9882
-1
85 9986
-1
86 9944
-1
82 9873
-1
81 9885
-1
79 9935
-1
77 9852
-1
79 9954
-1
-1
-1
79 9994
-1
76 9969
-1
77 9865
-1
77 9875
-1
76 9897
-1
79 9996
-1
82 9937
-1
83 9933
-1
-1
-1
79 9881
-1
79 9829
-1
82 9933
-1
78 9882
-1
78 9812
-1
81 9984
-1
77 9933
-1
72 9848
-1
-1
-1
72 9938
-1
72 9947
-1
69 9998
-1
70 9825
-1
67 9835
-1
69 9855
-1
68 9852
-1
67 9999
-1
-1
-1
72 9808
-1
75 9830
-1
76 9897
-1
78 9838
-1
79 9792
-1
82 9905
-1
80 9938
-1
80 9931
-1
-1
-1
82 9958
-1
77 9833
-1
74 9836
-1
73 9977
-1
74 9965
-1
76 9967
-1
77 9958
-1
77 9921
-1
-1
-1
80 9961
-1
81 9984
-1
80 9914
-1
78 9872
-1
80 9945
-1
78 9841
-1
74 10000
-1
73 9961
-1
-1
-1
74 9964
-1
69 9847
-1
69 9952
-1
71 9875
-1
71 9796
-1
72 9871
-1
72 9956
-1
69 9801
-1
-1
-1
70 9919
-1
71 9932
-1
74 9961
-1
70 9846
-1
74 9962
-1
72 9898
-1
74 9973
-1
75 9878
-1
-1
-1
78 9926
-1
81 9966
-1
81 9880
-1
86 9982
-1
85 9865
-1
88 9966
-1
84 9990
-1
84 9989
-1
-1
-1
88 9971
-1
85 9870
-1
82 9941
-1
84 9974
-1
82 9996
-1
82 9912
-1
80 9876
-1
81 9974
-1
-1
-1
80 9847
-1
82 9976
-1
86 9956
-1
87 9932
-1
90 9998
-1
87 9995
-1
87 9924
-1
85 9853
-1
-1
-1
86 9921
-1
88 10000
-1
87 9964
-1
79 9949
-1
79 9875
-1
78 9922
-1
79 9963
-1
78 9899
-1
-1
-1
82 9874
-1
82 9863
-1
83 9977
-1
82 9825
-1
87 9964
-1
88 9832
-1
85 9799
-1
90 9974
-1
-1
-1
88 9830
-1
88 9970
-1
81 9998
-1
80 9862
-1
80 9950
-1
78 9995
-1
76 9987
-1
70 9837
-1
-1
-1
73 9951
-1
73 9923
-1
73 9952
-1
73 9873
-1
73 9877
-1
73 9894
-1
78 9982
-1
77 9922
-1
-1
-1
78 9827
-1
81 9962
-1
78 9807
-1
82 9976
-1
83 9886
-1
86 9939
-1
88 9898
-1
88 9897
152
-1
-1
86 9882
-1
82 9841
-1
81 9923
-1
82 9867
-1
81 9994
-1
78 9910
-1
78 9938
-1
77 9995
-1
-1
-1
73 9847
-1
74 9813
-1
77 9967
-1
79 9953
-1
80 9855
-1
80 9869
-1
81 9970
-1
80 9957
-1
-1
-1
79 9962
-1
80 9874
-1
81 9801
-1
79 9833
-1
75 9900
-1
77 9976
-1
79 9982
-1
76 9855
-1
-1
-1
81 9874
-1
83 9993
-1
83 9875
-1
86 9999
-1
83 9854
-1
84 9951
-1
84 9927
-1
82 9990
-1
-1
-1
79 9966
-1
79 9924
-1
78 9890
-1
78 9981
-1
78 9961
-1
79 9995
-1
79 9990
-1
80 9978
-1
-1
-1
81 9936
-1
82 9818
-1
84 9831
-1
81 9783
-1
80 9939
-1
78 9802
-1
77 9866
-1
77 9890
-1
-1
-1
73 9924
-1
68 9850
-1
71 9994
-1
69 9974
-1
68 9863
-1
72 9932
-1
73 9802
-1
73 9903
-1
-1
-1
73 9856
-1
73 9913
-1
71 9832
-1
73 9926
-1
75 9942
-1
73 9977
-1
77 9845
-1
76 9968
-1
-1
-1
80 9954
-1
80 9875
-1
81 9875
-1
81 9813
-1
81 9805
-1
83 9991
-1
84 9982
-1
82 9906
-1
-1
-1
80 9979
-1
81 9975
-1
81 9927
-1
85 9997
-1
81 9999
-1
83 9865
-1
83 9938
-1
82 9988
-1
-1
-1
81 9993
-1
80 9883
-1
81 9906
-1
78 9906
-1
79 9973
-1
82 9982
-1
79 9968
-1
77 9855
-1
-1
-1
76 9943
-1
77 9903
-1
78 9937
-1
74 9947
-1
74 9892
-1
76 9966
-1
78 9884
-1
78 9933
-1
-1
-1
78 9897
-1
80 9971
-1
78 9947
-1
79 9998
-1
83 9988
-1
81 9921
-1
78 9891
-1
77 9920
-1
-1
-1
73 9973
-1
72 9838
-1
70 9973
-1
69 9968
-1
69 9936
-1
69 9826
-1
68 9997
-1
68 9939
-1
-1
-1
72 9946
-1
71 9929
-1
75 9986
-1
75 9896
-1
69 9904
-1
70 9938
-1
69 9910
-1
72 9929
-1
-1
-1
76 9983
-1
74 9987
-1
70 9854
-1
73 9986
-1
75 9801
-1
79 9956
-1
81 9996
-1
84 9859
-1
-1
-1
82 9920
-1
79 9935
-1
78 9902
-1
82 9945
-1
81 9972
-1
79 9964
-1
75 9855
-1
73 9859
-1
-1
-1
72 9899
-1
72 9976
-1
73 9830
-1
69 9937
-1
71 9937
-1
72 9962
-1
74 9950
-1
79 9975
-1
-1
-1
81 9926
-1
84 9923
-1
85 9997
-1
85 9938
-1
84 9967
-1
85 9954
-1
86 9982
-1
85 9939
-1
-1
-1
85 9970
-1
79 9957
-1
77 9853
-1
77 9817
-1
78 9894
-1
81 9946
-1
79 9849
-1
79 9891
-1
-1
-1
73 9938
-1
75 9956
-1
76 9972
-1
77 9991
-1
77 9976
-1
75 9976
-1
72 9889
-1
74 9971
-1
-1
-1
80 9970
-1
81 9986
-1
81 9791
-1
81 9906
-1
82 9965
-1
81 9971
-1
82 9944
-1
82 9882
-1
-1
-1
76 9950
-1
78 9991
-1
76 9860
-1
77 9982
-1
77 10000
-1
76 9918
-1
80 9985
-1
76 9940
-1
-1
-1
81 9944
-1
83 9956
-1
84 9931
-1
82 9954
-1
84 9954
-1
83 9963
-1
83 9792
-1
80 9999
-1
-1
-1
82 9920
-1
78 9980
-1
77 9975
-1
76 9982
-1
73 9950
-1
76 9891
-1
78 9921
-1
76 9883
-1
-1
-1
76 9918
-1
79 9841
-1
83 9849
-1
83 9981
-1
84 9979
-1
83 9877
-1
87 9928
-1
84 9964
-1
-1
-1
83 9955
-1
85 9998
-1
82 9932
-1
79 9882
-1
79 9974
-1
79 9980
-1
79 9958
-1
76 9874
-1
-1
-1
79 9883
-1
79 9880
-1
80 9989
-1
77 9954
-1
76 9916
-1
77 9931
-1
75 9880
-1
73 9969
-1
-1
-1
74 9917
-1
76 9908
-1
76 9869
-1
79 9995
-1
80 9970
-1
79 9899
-1
82 9935
-1
80 9889
-1
-1
-1
79 9943
-1
79 9991
-1
77 9943
-1
76 9910
-1
73 9986
-1
73 9799
-1
75 9866
-1
74 9802
-1
-1
-1
76 9791
-1
77 9900
-1
80 9769
-1
81 9988
-1
80 9982
-1
78 9939
-1
81 9999
-1
82 9909
-1
-1
-1
80 9965
-1
82 9991
-1
83 9911
-1
79 9925
-1
82 9923
-1
82 9814
-1
83 9841
-1
85 9900
-1
-1
-1
79 9816
-1
80 9911
-1
79 9922
-1
77 9930
-1
81 9922
-1
80 9948
-1
81 9975
-1
80 9922
-1
-1
-1
82 9958
-1
80 9921
-1
81 9960
-1
79 9923
-1
80 9896
-1
76 9955
-1
76 9910
-1
75 9888
-1
-1
-1
72 9913
-1
71 9979
-1
72 9920
-1
76 9831
-1
79 9959
-1
80 9915
-1
79 9936
-1
76 9913
-1
-1
-1
81 9851
-1
81 9976
-1
85 9866
-1
89 9966
-1
88 9915
-1
85 9896
-1
84 9950
39
84 9934
-1
-1
-1
88 9947
-1
83 9958
-1
81 9780
-1
80 9997
-1
76 9928
-1
78 9979
-1
73 9879
-1
74 9939
-1
-1
-1
69 9859
-1
73 9980
-1
71 9852
-1
71 9849
-1
72 9991
-1
72 9993
-1
76 9900
-1
79 9973
-1
-1
-1
77 9951
-1
79 9901
-1
78 9963
-1
80 9833
-1
80 9914
-1
81 9956
-1
75 9897
-1
79 9984
-1
-1
-1
79 9936
-1
81 9870
-1
84 9933
-1
86 10000
-1
82 9899
-1
83 9930
-1
81 9954
-1
83 9958
-1
-1
-1
80 9856
-1
81 10000
-1
75 9941
-1
73 9981
-1
73 9921
-1
76 9982
-1
77 9999
-1
77 9917
-1
-1
-1
77 9920
-1
77 9859
-1
75 9853
-1
76 9783
-1
78 9992
-1
78 9993
-1
73 9949
-1
73 9973
-1
-1
-1
75 9944
-1
75 9995
-1
78 9765
-1
78 9991
-1
80 9930
-1
82 9909
-1
83 9993
-1
83 9868
-1
-1
-1
83 9931
-1
80 9850
-1
84 10000
-1
85 9978
-1
83 9959
-1
84 9991
-1
81 9950
-1
81 9957
-1
-1
-1
78 9942
-1
76 9939
-1
79 9932
-1
75 9873
-1
76 9951
-1
72 9937
-1
73 9930
-1
71 9822
-1
-1
-1
73 9858
-1
74 9957
-1
72 9975
-1
73 9812
-1
72 9965
-1
73 9789
-1
77 9919
-1
77 9986
-1
-1
-1
78 9944
-1
77 9926
-1
77 9902
-1
80 9998
-1
81 9963
-1
82 9903
-1
84 9885
-1
81 9939
-1
-1
-1
85 9879
-1
