0 0
211
8 2135
181
16 3396
96
262
193
32 8116
211
40 9261
87
48 9972
181
56 9975
104
64 9926
33
72 9894
45
80 9994
44
86 9940
33
68
-1
81 9941
-1
84 9967
153
83 9927
-1
80 9967
-1
79 9872
-1
79 9942
170
78 9968
-1
81 9972
140
-1
-1
80 9922
-1
83 9943
232
84 9980
-1
82 9994
-1
82 9917
-1
82 9972
158
83 9982
86
83 9826
-1
-1
-1
79 9930
246
80 9853
-1
79 9879
-1
79 9965
-1
76 9989
-1
76 9823
-1
73 9914
-1
73 9929
-1
-1
9
75 9877
-1
73 9941
224
73 9911
-1
72 9816
-1
75 9896
141
75 9982
250
76 9960
110
73 9890
-1
110
-1
71 9975
-1
70 9915
-1
71 9927
-1
70 9959
-1
72 9877
-1
73 9954
-1
72 9970
-1
75 9903
88
88
-1
79 9984
-1
80 9941
-1
81 9877
-1
80 9873
-1
81 9843
-1
81 9920
-1
83 9868
-1
83 9955
-1
-1
-1
83 9950
-1
80 9975
56
81 9975
-1
82 9990
-1
84 9905
-1
88 9944
97
90 9924
-1
88 9989
-1
-1
-1
90 9883
-1
90 9991
-1
87 9967
-1
89 9993
-1
91 9892
-1
90 9927
-1
86 9918
-1
80 9976
2
-1
-1
82 9933
-1
81 9948
14
82 9963
206
82 9993
-1
85 9975
-1
79 9977
-1
79 10000
-1
80 9788
-1
-1
-1
86 9993
-1
83 10000
-1
81 9965
-1
78 9935
-1
78 9969
-1
75 9852
-1
79 9963
-1
80 9975
-1
-1
-1
74 9950
-1
74 9902
-1
78 10000
-1
78 9903
-1
78 9961
-1
77 9963
-1
77 9996
-1
73 9906
-1
-1
-1
76 9997
-1
79 9887
-1
77 9881
-1
77 9871
-1
75 9809
-1
75 9934
-1
76 9935
-1
77 9965
-1
-1
-1
75 9995
-1
73 9998
-1
72 9824
-1
76 9937
-1
76 9977
-1
77 9855
-1
81 9798
-1
81 9988
-1
-1
-1
84 9889
-1
85 9964
-1
85 10000
-1
87 9957
-1
84 9830
-1
86 9976
-1
84 9972
-1
79 9965
-1
156
-1
79 9814
-1
76 9835
-1
78 9988
-1
77 9828
-1
78 9901
-1
81 9772
-1
84 9920
-1
82 9819
-1
-1
-1
83 9915
152
85 9999
151
88 9988
-1
93 9996
-1
94 9982
-1
94 9995
-1
95 9838
-1
90 9943
-1
-1
-1
88 9920
-1
88 9790
-1
90 9981
-1
88 10000
-1
84 9987
-1
81 9917
-1
78 9912
-1
73 9833
-1
-1
-1
73 9969
-1
76 9982
-1
74 9893
-1
77 9949
-1
77 9983
-1
78 9845
-1
78 9938
-1
79 9895
-1
-1
-1
77 9900
-1
80 9958
-1
80 9985
-1
80 9997
-1
78 9763
-1
80 9950
-1
77 9859
-1
81 9865
-1
-1
10
82 9971
-1
83 9924
-1
82 9902
-1
82 9988
-1
78 9993
-1
78 9972
-1
77 9999
-1
74 9994
-1
-1
-1
68 9916
-1
71 9974
-1
71 9800
-1
70 9980
-1
73 9854
-1
74 9927
-1
75 9787
-1
73 9930
-1
-1
-1
77 9996
-1
74 9916
-1
75 9828
-1
74 9876
-1
71 9988
-1
74 9976
-1
75 9927
-1
78 9985
166
-1
-1
76 9993
-1
76 9982
-1
78 9977
-1
77 9957
-1
75 9998
-1
78 9924
-1
73 9892
-1
75 9928
-1
-1
-1
76 9967
-1
77 9822
-1
80 9914
-1
80 9928
-1
82 9945
-1
84 9977
-1
85 9926
-1
84 9936
-1
-1
-1
85 9957
-1
85 9990
-1
81 9836
-1
79 9905
-1
82 9910
-1
83 9886
-1
79 9957
-1
81 9996
-1
-1
-1
80 9859
-1
78 9799
-1
77 9975
-1
76 9978
-1
78 9992
-1
75 9840
-1
74 9941
-1
76 9969
-1
-1
-1
77 9933
-1
73 9844
-1
74 9896
-1
76 9969
-1
76 9905
-1
75 9797
-1
78 9908
-1
81 9920
-1
-1
-1
78 9999
-1
80 9896
-1
81 9966
-1
83 9929
-1
83 9929
-1
85 9996
-1
85 9966
-1
83 9986
-1
-1
-1
81 9997
-1
77 9920
-1
75 9884
-1
75 9800
-1
75 9872
-1
77 9972
-1
75 9873
-1
73 9776
-1
-1
-1
73 9994
-1
77 9833
-1
77 9913
-1
79 9977
-1
80 9895
-1
81 9994
-1
79 9993
-1
80 9798
-1
-1
-1
84 9997
-1
86 9961
-1
88 9978
-1
88 9912
-1
90 9929
-1
89 9923
-1
89 9971
-1
90 9830
-1
-1
132
86 9980
-1
87 9979
-1
84 9896
-1
79 9953
-1
76 9928
-1
75 9975
-1
73 9792
-1
75 9984
-1
-1
-1
77 9934
-1
77 9796
-1
79 9898
-1
80 9987
-1
82 9989
-1
84 9953
-1
85 9996
-1
84 9983
-1
-1
-1
85 9960
-1
84 9828
-1
84 9951
-1
81 9870
-1
83 9865
-1
81 9872
-1
82 9865
-1
81 9965
-1
-1
-1
77 9961
-1
78 9994
-1
79 9788
-1
81 9939
-1
83 9880
-1
82 9877
-1
84 9995
-1
85 9902
-1
-1
-1
85 9799
-1
87 9951
-1
85 9810
-1
82 9856
-1
79 9798
-1
77 9925
-1
78 9861
-1
79 9943
-1
-1
-1
78 9893
-1
78 9966
-1
82 9980
-1
82 9759
-1
86 9903
-1
87 9833
-1
89 9843
-1
90 9999
-1
-1
-1
90 9985
-1
88 9978
-1
86 9981
-1
87 9949
-1
84 9997
-1
80 9837
-1
82 9989
-1
80 9892
-1
-1
-1
81 9963
-1
77 9974
-1
79 9795
-1
81 9988
-1
80 9841
-1
79 9877
-1
78 9867
-1
78 9879
-1
-1
-1
74 9912
-1
75 9973
-1
77 9991
-1
74 9952
-1
72 9865
-1
73 9822
-1
74 9940
-1
72 9791
-1
-1
-1
75 9951
245
77 9842
-1
78 9993
-1
73 9764
-1
71 9890
-1
71 9839
-1
72 9990
-1
69 9921
-1
-1
-1
73 9944
-1
71 9973
-1
71 9916
-1
74 9811
-1
74 9960
-1
76 9948
-1
77 9956
-1
78 9768
-1
-1
-1
81 9839
-1
76 9896
-1
80 9850
-1
81 9942
-1
79 9996
-1
81 9867
-1
82 9980
-1
85 9878
-1
-1
-1
84 9965
-1
86 10000
-1
83 9858
-1
79 9961
-1
80 9970
-1
82 9993
-1
84 9870
-1
82 9822
-1
-1
-1
81 9885
-1
79 9963
-1
76 9829
-1
79 9995
-1
80 9805
-1
82 9974
-1
78 9915
-1
77 9849
-1
-1
-1
75 9899
-1
78 9825
-1
77 9957
-1
76 10000
-1
77 9979
-1
77 9963
-1
77 9882
-1
75 9960
-1
-1
-1
73 9933
-1
72 9857
-1
78 9967
-1
78 9981
-1
77 9932
-1
75 9827
-1
78 9831
-1
78 9893
-1
-1
-1
79 9921
-1
80 9944
-1
85 9957
-1
82 9950
-1
81 10000
-1
82 9816
-1
81 9818
-1
81 9987
-1
-1
-1
75 9953
-1
78 9855
-1
81 9983
-1
73 9802
-1
78 9939
-1
81 9986
-1
80 9992
-1
82 9998
-1
-1
-1
86 9999
-1
88 9823
-1
91 9908
-1
88 9775
-1
89 9894
-1
90 9972
-1
87 9893
-1
84 9911
-1
-1
-1
80 9871
-1
78 9933
-1
74 9997
-1
71 9849
-1
68 9791
-1
68 9945
-1
70 9813
-1
73 9950
-1
-1
-1
75 9972
-1
77 9931
-1
76 9794
-1
76 9953
-1
79 9989
-1
81 9974
-1
81 9864
-1
75 9794
-1
-1
-1
74 9979
-1
73 9860
-1
74 9838
-1
75 9967
-1
77 9864
-1
75 9939
-1
73 9975
-1
76 9964
-1
-1
-1
82 9965
-1
81 9924
-1
83 9937
-1
86 9999
-1
88 9995
-1
89 9860
-1
87 9928
-1
89 9990
-1
-1
-1
89 9980
-1
86 9980
-1
88 9968
-1
88 9943
-1
82 9828
-1
83 9997
-1
82 9874
-1
84 9893
105
-1
-1
88 9990
-1
86 9882
-1
85 9891
-1
80 9881
-1
82 9997
-1
84 9912
-1
86 9855
-1
82 9813
-1
-1
-1
80 9910
-1
76 9996
-1
79 9974
-1
77 9874
-1
76 9984
-1
71 9922
-1
71 9796
-1
68 9979
-1
-1
-1
68 9943
-1
69 9993
-1
69 9780
-1
72 9941
-1
73 9969
-1
72 9849
-1
72 9901
-1
74 9816
-1
-1
-1
81 9934
-1
79 9896
-1
80 9947
-1
80 9823
-1
82 9859
-1
79 9924
-1
82 9919
-1
86 9914
-1
-1
-1
86 9974
-1
82 9940
187
83 9851
-1
82 9975
-1
81 9824
-1
80 9924
-1
83 9802
-1
88 9978
-1
-1
-1
81 9909
-1
83 9967
-1
85 9987
-1
85 9981
98
86 9830
-1
92 9992
-1
92 9971
-1
91 9956
-1
-1
-1
90 9968
-1
86 9910
-1
86 9929
-1
87 9962
-1
85 9934
-1
84 9999
-1
80 9957
-1
81 9998
-1
-1
-1
83 9834
-1
86 9985
-1
85 9950
-1
85 9986
-1
86 9917
-1
85 9827
-1
86 9949
-1
84 9919
-1
-1
-1
81 9953
-1
77 9960
-1
77 9966
-1
77 9949
-1
76 9904
-1
74 9913
-1
74 9931
-1
74 9880
229
-1
-1
72 9955
-1
74 9945
-1
71 9939
-1
73 9898
-1
73 9892
-1
75 9948
-1
77 9978
-1
79 9984
-1
-1
-1
81 9886
-1
83 9966
-1
81 9819
-1
82 9947
-1
77 9873
-1
80 9997
-1
81 9994
-1
79 9970
-1
-1
-1
75 9891
-1
80 10000
-1
79 9961
-1
77 9859
-1
79 9883
-1
76 9911
-1
75 9913
-1
74 9853
-1
-1
-1
78 9988
-1
74 9906
-1
74 9919
-1
77 9941
-1
74 9796
-1
78 9990
-1
80 9924
-1
82 9864
-1
-1
-1
79 9847
-1
79 9931
-1
81 9988
-1
77 9905
-1
76 9855
-1
76 9972
-1
75 9998
-1
71 9849
-1
-1
-1
72 9986
-1
69 9891
-1
70 9989
-1
70 9993
-1
72 10000
-1
76 9875
-1
76 9933
-1
74 9971
-1
-1
-1
79 9924
-1
79 9970
-1
80 9996
-1
79 9786
-1
83 9862
-1
86 9779
-1
89 9977
-1
87 9936
-1
-1
-1
90 9884
-1
91 9883
-1
91 9991
-1
90 9963
-1
89 9942
-1
88 9906
-1
83 9943
-1
78 9998
-1
-1
-1
71 9930
-1
71 9852
-1
72 9999
-1
72 9939
-1
74 9944
-1
77 9990
-1
74 9785
-1
75 9813
-1
-1
-1
79 9870
-1
80 9961
-1
79 9888
-1
79 9988
-1
78 9921
188
79 9922
-1
78 9860
-1
78 9997
-1
-1
-1
77 9979
-1
76 9935
-1
78 9965
-1
77 9975
-1
75 9885
-1
78 9871
-1
79 9986
-1
78 9885
-1
-1
-1
78 9961
-1
81 9989
137
83 9999
-1
83 9875
-1
86 9785
-1
87 9982
-1
88 9936
-1
83 9912
-1
-1
-1
84 9987
-1
85 9964
-1
87 9910
-1
83 9977
-1
79 9960
-1
75 9806
-1
74 9928
-1
74 9942
-1
-1
-1
73 9901
-1
75 9803
-1
76 9958
-1
73 9909
-1
72 9973
-1
75 9981
-1
73 9990
-1
75 9980
-1
53
-1
74 9883
-1
71 9986
-1
73 9956
-1
71 9815
-1
75 9990
-1
71 9874
-1
70 9968
-1
67 9898
-1
-1
-1
70 9960
-1
71 9783
-1
73 9967
-1
75 9795
-1
77 9878
-1
78 9896
-1
83 9978
-1
87 9928
-1
-1
-1
91 9985
-1
92 9857
-1
89 9985
-1
90 9935
-1
88 9984
-1
86 9931
-1
83 10000
-1
79 10000
193
-1
-1
76 9881
-1
74 9903
-1
75 9874
-1
79 9958
-1
80 9991
-1
81 10000
-1
82 9996
-1
84 9967
-1
-1
-1
83 9806
-1
84 9929
-1
85 9977
-1
84 10000
-1
79 9952
-1
72 9855
-1
71 9986
-1
69 9933
-1
-1
18
72 9847
-1
71 9971
-1
71 9965
-1
71 9793
-1
74 9867
-1
75 9909
-1
78 9978
-1
78 9933
-1
-1
-1
75 9953
-1
76 9892
-1
74 9816
-1
77 9888
-1
78 9926
-1
77 9855
-1
79 9849
-1
79 9888
-1
-1
-1
80 9976
-1
77 9959
-1
81 9892
-1
79 9841
-1
80 9985
-1
78 9786
-1
83 9981
-1
79 9975
-1
-1
-1
80 9807
-1
81 9907
-1
82 9923
-1
76 9812
-1
75 9916
-1
73 9842
-1
74 9976
-1
75 9788
-1
-1
-1
77 9805
-1
81 9932
-1
82 9872
-1
82 9958
-1
85 9991
-1
87 9993
-1
87 9929
-1
86 9983
-1
-1
-1
86 9996
-1
86 9969
-1
84 9955
-1
80 9919
-1
81 9936
-1
83 9954
-1
83 9995
-1
83 9797
-1
-1
-1
79 9864
-1
77 9919
-1
80 9774
-1
79 9990
-1
81 9843
-1
85 9868
-1
81 9844
-1
80 9877
-1
-1
-1
82 9982
-1
83 9936
-1
81 9983
-1
81 9917
-1
81 9946
-1
77 9962
-1
75 9820
-1
76 9999
-1
-1
-1
74 9906
-1
75 9927
-1
72 9968
-1
71 9849
-1
72 9981
-1
74 9973
-1
75 9997
-1
74 9816
-1
-1
-1
78 9966
-1
81 9990
-1
79 9835
-1
81 9830
-1
82 9837
-1
81 9936
-1
78 9829
-1
77 9800
-1
-1
-1
79 9787
-1
79 9974
-1
79 9999
-1
81 9900
-1
79 9918
-1
79 9904
-1
78 9958
-1
80 9964
-1
-1
-1
78 9849
-1
77 9783
-1
78 9959
-1
75 9846
-1
74 9943
-1
79 9998
-1
80 9876
-1
82 9937
-1
-1
-1
85 9958
-1
83 9985
-1
82 9997
-1
82 9981
-1
79 9803
-1
81 9993
-1
75 9991
109
79 9958
-1
-1
-1
76 9885
-1
76 9929
-1
76 9898
-1
75 9895
-1
76 9797
-1
80 9965
-1
78 9963
-1
78 9907
-1
-1
-1
73 9988
-1
73 9948
-1
73 9988
-1
76 9871
-1
77 9933
-1
77 9991
-1
76 9959
-1
79 9956
-1
-1
-1
80 9875
-1
80 9828
-1
83 9994
-1
85 9924
-1
80 9942
-1
81 9876
-1
84 9971
-1
80 9915
-1
-1
-1
78 9818
-1
78 9983
-1
76 9971
-1
71 9794
-1
73 9807
-1
75 9946
-1
73 9883
-1
75 9921
-1
-1
-1
80 9976
-1
81 9905
-1
79 9781
-1
83 9890
-1
87 9997
-1
86 9899
-1
81 9978
-1
80 9839
-1
-1
-1
80 9983
-1
72 9954
-1
72 9879
-1
72 9990
-1
69 9812
-1
71 9904
-1
75 9995
-1
76 9827
-1
-1
-1
78 9972
-1
77 9919
-1
81 9798
-1
83 9968
-1
82 9885
-1
81 9985
-1
82 9989
-1
82 9958
-1
-1
-1
82 9936
-1
81 9961
-1
81 9958
-1
79 9820
-1
80 9931
-1
82 9927
-1
82 9868
-1
86 9957
-1
-1
-1
82 9847
-1
84 9903
-1
83 9857
-1
85 10000
-1
82 9976
-1
82 9976
-1
82 9958
-1
81 9930
-1
-1
-1
78 9775
-1
82 10000
-1
80 9917
-1
83 9897
-1
86 9965
-1
87 9910
-1
90 9945
-1
95 9889
-1
-1
-1
87 9865
-1
88 9994
-1
88 9992
-1
87 9849
-1
83 9960
-1
84 9845
-1
85 9882
-1
83 9987
-1
-1
-1
82 9898
-1
85 9822
-1
86 9883
-1
82 9764
-1
86 9835
-1
85 9943
-1
85 9859
-1
81 9977
-1
-1
-1
81 9944
-1
80 9800
-1
83 9998
-1
80 9789
-1
80 9828
-1
79 9824
-1
81 9939
-1
83 9973
-1
-1
-1
82 9992
-1
82 9943
-1
80 9973
-1
78 9958
-1
78 9812
-1
79 9945
-1
79 9969
-1
79 9964
-1
127
-1
80 9937
-1
79 9967
-1
78 9797
-1
78 9999
-1
73 9936
-1
73 9804
-1
74 9972
-1
74 9903
-1
-1
-1
76 9936
-1
76 9917
-1
76 9980
-1
75 9872
-1
78 9777
-1
81 9980
-1
82 9982
-1
81 9989
-1
-1
-1
82 9975
-1
75 9831
-1
78 9868
-1
77 9829
-1
78 9899
-1
80 9944
-1
80 9933
-1
77 9957
-1
-1
-1
79 9938
-1
83 9992
-1
82 9966
-1
79 9980
-1
80 9979
-1
76 9810
-1
72 9960
-1
74 9986
-1
-1
-1
65 9838
-1
67 9833
-1
70 9772
-1
74 9931
-1
73 9962
-1
74 9831
-1
75 9943
-1
78 9983
-1
-1
-1
80 9903
-1
83 9994
-1
82 9973
-1
80 9924
-1
78 9934
-1
81 9986
-1
78 9916
-1
77 9884
-1
-1
-1
70 9998
-1
72 9977
-1
70 9908
-1
70 9974
-1
69 9969
-1
68 9828
-1
69 9925
-1
72 9895
-1
-1
-1
79 9939
-1
80 9854
-1
78 9896
-1
79 9891
-1
82 9849
-1
80 9989
-1
80 9848
-1
80 9982
-1
-1
-1
76 9985
-1
78 9934
-1
78 9944
-1
76 9807
-1
76 9939
-1
76 9915
-1
79 9958
-1
79 9913
-1
-1
-1
86 9853
-1
87 9827
-1
85 9835
-1
84 9926
-1
85 9946
-1
85 9967
-1
86 9869
-1
87 9950
-1
-1
-1
82 9982
-1
82 9856
-1
81 9928
-1
82 9820
-1
85 9914
-1
84 9999
-1
83 9997
-1
81 9950
-1
-1
-1
74 9958
-1
74 9842
-1
76 9979
-1
75 9881
-1
74 9942
-1
73 9996
-1
75 9984
-1
77 9960
-1
-1
-1
80 9887
-1
81 9907
-1
79 9927
-1
78 9984
-1
77 9903
-1
80 9959
-1
85 9986
-1
86 9996
-1
-1
-1
86 9921
-1
86 9801
-1
86 9841
-1
82 9802
-1
82 9860
-1
86 9913
-1
86 9963
-1
80 9937
-1
-1
-1
76 9850
-1
77 9926
-1
77 9947
-1
78 9931
-1
79 9978
-1
81 9957
-1
78 9823
-1
76 9965
-1
-1
-1
78 9958
-1
78 9901
-1
77 9827
-1
76 9931
-1
75 9957
-1
73 9999
-1
74 9931
-1
76 9904
-1
-1
-1
76 9973
-1
74 9862
-1
75 9866
-1
76 9997
-1
77 9976
-1
76 9815
-1
76 9927
-1
73 9886
-1
-1
-1
73 9886
-1
73 9932
-1
75 9950
-1
76 9934
-1
76 10000
-1
77 9883
-1
80 9967
-1
83 9869
-1
-1
-1
85 9990
-1
87 9845
-1
86 9932
-1
87 9974
-1
89 9954
-1
88 9927
-1
88 9994
-1
88 9845
-1
-1
-1
87 9949
-1
85 9981
-1
84 9980
-1
86 9918
-1
90 9961
-1
92 9860
-1
84 9782
-1
87 9920
-1
-1
-1
86 9969
-1
83 9929
-1
84 9933
-1
85 9795
-1
85 9916
-1
83 9945
-1
85 9975
-1
86 10000
-1
-1
-1
88 9860
-1
88 9970
-1
87 9840
-1
88 9962
-1
87 9954
-1
84 9993
-1
81 9904
-1
76 9986
-1
-1
-1
79 9995
-1
78 9922
-1
76 9885
-1
76 9845
-1
78 9983
-1
76 9948
-1
77 9919
-1
79 9990
-1
-1
-1
76 9898
-1
76 9768
-1
76 9995
-1
74 9859
-1
74 9954
-1
77 9983
-1
80 9872
-1
86 9984
-1
-1
-1
87 9993
-1
86 9913
-1
86 9939
-1
85 9942
-1
88 9979
-1
88 9836
-1
88 9972
-1
82 9957
-1
-1
-1
73 9999
-1
74 9951
-1
73 9983
-1
76 9977
-1
77 9962
-1
76 9987
-1
77 9880
-1
79 9993
-1
-1
-1
81 9850
-1
82 9849
-1
84 9890
-1
82 9983
-1
82 9988
-1
79 9980
-1
77 9986
-1
77 9860
-1
-1
-1
76 9974
-1
77 9886
-1
79 9841
-1
75 9774
-1
77 9884
-1
77 9815
-1
78 9806
-1
80 9949
-1
-1
-1
80 9862
-1
81 9848
-1
81 9858
-1
78 9961
-1
81 9924
-1
82 9850
-1
81 9948
-1
81 9906
-1
-1
-1
78 9859
-1
74 9960
-1
72 9974
-1
73 9868
-1
73 9961
-1
69 9916
-1
68 9865
-1
67 9907
-1
-1
-1
70 9858
-1
74 9987
-1
73 9975
-1
75 9981
-1
75 9963
-1
74 9982
-1
77 9992
-1
74 9930
-1
-1
-1
72 9924
-1
71 9958
-1
72 9907
-1
71 9858
-1
72 9872
-1
76 10000
-1
78 9961
-1
75 9968
-1
-1
-1
78 9970
-1
79 9811
-1
83 9955
-1
81 9895
-1
80 9948
-1
80 9965
-1
78 9875
-1
80 9918
-1
-1
-1
79 9929
-1
79 9959
-1
79 9986
-1
79 9992
-1
79 9936
-1
79 9914
-1
79 9941
-1
80 9998
-1
-1
-1
77 9986
-1
75 9983
-1
77 9972
-1
76 10000
-1
77 9852
-1
78 9930
-1
80 9968
-1
80 9889
-1
-1
-1
76 9965
-1
77 9866
-1
77 9952
-1
75 9873
-1
74 9950
-1
75 9956
-1
71 9942
-1
72 9924
-1
-1
-1
75 9950
-1
74 9775
-1
78 9966
-1
73 9879
-1
74 9910
-1
75 9876
-1
75 9903
-1
75 9904
-1
-1
-1
74 9981
-1
79 9911
-1
78 9963
-1
78 9973
-1
77 9794
-1
75 9804
-1
74 9982
-1
75 9989
-1
-1
-1
71 9865
-1
69 9864
-1
70 9949
-1
71 9912
-1
73 9972
-1
74 9920
-1
74 9823
-1
75 9855
-1
14
-1
80 9846
-1
84 9913
-1
85 9960
-1
86 9948
-1
83 9946
-1
83 9995
-1
81 9869
-1
85 9940
-1
-1
-1
76 9981
-1
79 9886
-1
77 9966
-1
79 9979
-1
79 9946
-1
81 9782
-1
82 9850
-1
83 9984
-1
-1
-1
83 9937
-1
85 9941
-1
88 9911
-1
84 9978
-1
88 10000
-1
84 9804
-1
88 9973
-1
89 9999
-1
-1
-1
90 9985
-1
87 9940
-1
86 9825
-1
83 9990
-1
86 9968
-1
85 9931
-1
82 9777
-1
79 9886
-1
-1
-1
83 9865
-1
81 9805
-1
82 9971
-1
82 9947
-1
83 9970
-1
81 9979
-1
80 9927
-1
80 9939
-1
-1
-1
76 9962
-1
78 9834
-1
82 9979
-1
80 9995
-1
79 9897
-1
81 9797
-1
85 9988
-1
85 9973
-1
-1
-1
82 9993
-1
83 9835
-1
81 9859
-1
79 9878
-1
81 9916
-1
80 9945
-1
77 9917
-1
72 9936
-1
-1
-1
69 9912
-1
70 9797
-1
71 9999
-1
68 9959
-1
67 9879
-1
70 9914
-1
73 9969
-1
75 9976
-1
-1
-1
79 9991
-1
80 9980
-1
81 9952
-1
82 9964
-1
82 9938
-1
82 9824
-1
79 9933
-1
74 9860
-1
-1
-1
74 9928
-1
73 9926
-1
71 9822
-1
70 9841
-1
73 10000
-1
74 9902
-1
78 9965
-1
77 9998
-1
-1
-1
76 9847
-1
77 9976
-1
78 9910
191
77 9929
-1
81 9989
-1
77 9926
-1
71 9819
-1
74 9881
-1
-1
-1
77 9978
-1
78 9759
-1
79 9941
-1
78 9974
-1
73 9946
-1
74 9893
-1
74 9869
-1
78 9986
-1
-1
-1
75 9914
-1
74 9878
-1
75 9984
-1
76 9764
-1
79 9879
-1
81 9845
-1
82 9986
-1
83 9943
-1
-1
-1
81 9956
-1
83 9999
-1
81 9822
-1
82 9823
-1
83 9981
-1
85 9996
-1
83 9957
-1
84 9871
-1
-1
-1
86 9987
-1
84 9986
-1
88 9941
-1
88 9939
-1
89 9882
-1
91 9904
-1
92 9873
-1
89 9996
-1
-1
-1
90 9972
-1
84 9883
-1
85 9935
-1
83 9874
-1
79 9867
-1
78 9976
-1
75 9996
-1
72 9977
-1
-1
-1
70 9863
-1
72 9986
-1
72 9959
-1
71 9949
-1
74 9976
-1
73 9889
-1
72 9802
-1
75 9935
-1
-1
-1
77 9994
-1
76 9982
-1
72 9861
-1
75 9973
-1
76 9983
-1
74 9918
-1
77 9794
-1
77 9804
-1
-1
-1
83 9983
-1
81 9916
-1
81 9848
-1
83 9858
-1
84 9946
-1
85 9949
-1
86 9993
-1
86 9885
-1
-1
-1
86 9937
-1
82 9936
-1
83 9874
-1
84 9992
-1
84 9938
-1
85 9884
-1
85 9926
-1
86 9869
-1
-1
-1
83 9965
-1
83 9954
-1
81 9947
-1
80 9905
-1
79 9981
-1
78 9939
-1
79 9790
-1
76 9867
-1
-1
-1
73 9959
-1
75 9969
-1
74 9954
-1
77 9955
-1
79 9951
-1
83 10000
-1
84 10000
-1
86 9986
-1
-1
-1
85 9998
-1
84 9972
-1
82 9993
-1
83 9774
-1
84 9868
-1
82 9890
-1
78 9918
-1
77 9980
-1
-1
-1
77 9898
-1
76 9887
-1
77 9914
-1
78 9891
-1
76 9998
-1
74 9994
-1
74 9977
-1
71 10000
-1
-1
-1
70 9978
-1
73 9912
-1
72 9926
-1
71 9771
-1
75 9983
-1
76 9776
-1
79 9949
-1
79 9980
-1
-1
-1
82 9971
-1
78 9999
-1
75 9934
-1
75 9846
-1
75 9852
-1
76 9925
-1
74 9937
-1
71 9905
-1
-1
-1
71 9969
-1
70 9937
-1
73 9975
-1
73 9902
-1
73 9983
-1
73 9928
-1
72 9843
-1
76 9821
-1
-1
-1
77 9842
-1
79 10000
-1
82 9997
-1
83 9967
-1
84 9989
-1
85 9838
-1
84 9992
-1
85 9837
-1
-1
-1
91 9858
-1
91 9978
-1
92 9900
-1
93 9969
-1
91 9813
-1
92 9989
-1
91 9950
-1
91 9991
-1
-1
-1
90 9976
-1
87 9994
-1
86 9927
-1
81 9952
-1
80 9999
-1
79 9994
-1
78 9961
-1
75 9965
-1
-1
-1
70 9868
-1
73 9919
-1
74 9973
-1
72 9966
-1
71 9870
-1
74 9998
-1
74 9848
-1
75 9860
-1
-1
-1
77 9765
-1
80 9892
-1
76 9960
-1
78 9774
-1
79 9857
-1
81 9882
-1
81 9953
-1
84 9978
-1
-1
-1
84 9902
-1
84 9940
-1
81 9907
-1
85 9959
-1
82 9962
-1
85 9995
-1
88 9984
-1
86 9833
-1
-1
-1
84 9876
-1
81 9922
-1
78 9987
-1
78 9985
-1
76 9999
-1
78 9948
-1
74 9925
-1
74 9988
-1
-1
-1
78 9978
-1
77 9936
-1
80 9936
-1
82 9907
-1
85 9946
-1
84 9781
-1
83 9883
-1
81 9912
-1
-1
-1
81 9940
-1
83 9831
-1
84 9956
-1
81 9886
-1
83 9863
-1
80 9853
-1
81 9951
-1
79 9768
-1
-1
-1
84 9981
-1
82 9983
-1
76 9907
-1
79 9903
-1
79 9986
-1
76 9990
-1
76 9961
-1
78 9972
-1
-1
-1
73 9890
-1
72 9916
-1
70 9840
-1
71 9987
-1
73 9962
-1
72 9977
-1
73 9883
-1
77 9921
-1
-1
-1
77 9929
-1
76 9971
-1
74 9811
-1
75 9973
-1
78 9906
-1
77 9886
-1
82 9988
-1
80 9984
-1
-1
-1
79 9907
-1
80 9870
-1
81 9887
-1
80 9903
-1
79 9866
-1
76 9912
-1
77 9954
-1
75 9948
-1
-1
-1
77 9965
-1
78 9990
-1
77 9994
-1
78 9971
-1
81 9999
-1
84 9955
-1
85 9910
-1
88 9981
-1
-1
-1
85 9824
-1
82 9945
-1
77 9898
-1
79 9934
-1
80 9997
-1
74 9929
-1
74 9955
-1
78 9967
-1
-1
-1
81 9980
-1
81 9991
-1
79 9986
-1
81 9883
-1
82 9969
-1
81 9982
-1
83 9990
-1
83 9957
-1
-1
-1
75 9893
-1
74 9984
-1
73 9930
-1
74 9986
-1
73 9912
-1
72 9829
-1
73 9972
-1
75 9977
-1
-1
-1
74 9934
-1
74 9885
-1
76 9870
-1
81 9838
-1
82 9925
-1
83 9983
-1
83 9835
-1
82 9884
-1
165
-1
83 9956
-1
84 9959
-1
85 9824
-1
86 9963
-1
85 9980
-1
86 9910
-1
87 9834
-1
84 9954
-1
-1
-1
85 9951
-1
85 9900
-1
87 9966
-1
86 9941
-1
81 9906
-1
83 9825
-1
84 9929
-1
80 9771
-1
-1
-1
82 9940
-1
84 9950
-1
78 9969
-1
77 9810
-1
80 9989
-1
80 9827
-1
78 9997
-1
76 9882
-1
-1
-1
77 9888
-1
80 9921
-1
78 9929
-1
79 9971
-1
80 9961
-1
76 9931
-1
72 9929
-1
72 9845
-1
-1
-1
71 9980
-1
69 9811
-1
74 9996
-1
74 9997
-1
71 9877
-1
74 9833
-1
76 9957
-1
76 9824
-1
-1
-1
75 9943
-1
75 9939
-1
71 9874
-1
70 9766
-1
70 9846
-1
65 9843
-1
70 9965
-1
72 9865
-1
-1
-1
72 9912
-1
75 9997
-1
75 9954
-1
76 9913
-1
75 9944
-1
74 9811
-1
77 9936
-1
75 9879
-1
-1
-1
75 9972
-1
75 9980
-1
73 9766
-1
76 9881
-1
75 9973
-1
78 9947
-1
79 9973
-1
78 9914
-1
-1
-1
72 9848
-1
71 9842
-1
72 9773
-1
76 9939
-1
74 9836
-1
76 9906
-1
74 10000
-1
73 9815
-1
-1
-1
76 9863
-1
77 9989
-1
74 9995
-1
75 9997
-1
75 9894
-1
73 9926
-1
75 9872
-1
75 9832
-1
-1
-1
76 9849
-1
74 9955
-1
74 9996
-1
70 9983
-1
70 9994
-1
69 9988
-1
73 9999
-1
73 9916
-1
-1
-1
77 9998
-1
80 9995
-1
81 9916
-1
84 9952
-1
83 9892
-1
85 9931
-1
84 9995
-1
86 9964
-1
-1
-1
85 9998
-1
82 9904
-1
85 9992
-1
82 9839
-1
84 9846
-1
84 9883
-1
88 9957
-1
86 9923
-1
-1
-1
86 9953
-1
82 9855
-1
83 9957
-1
82 9934
-1
83 9993
-1
84 9933
-1
82 9828
-1
78 9875
-1
91
-1
81 9948
-1
82 9899
-1
84 9976
-1
79 9936
-1
77 9965
-1
76 9997
-1
73 9805
-1
72 9878
-1
-1
-1
75 9959
-1
69 9945
-1
71 9832
-1
74 9899
-1
75 9851
-1
77 9989
-1
77 9876
-1
79 9969
-1
-1
-1
83 9984
-1
83 9972
-1
82 9874
-1
83 9992
-1
85 9993
-1
85 9848
-1
84 9963
1
85 9897
-1
-1
-1
87 9989
-1
83 9846
-1
82 9902
-1
82 9798
-1
81 9842
-1
83 9951
-1
84 9997
-1
82 9920
-1
-1
-1
85 9901
-1
84 9932
-1
83 9851
-1
85 9862
-1
85 10000
-1
77 9894
-1
77 9972
-1
77 9958
-1
-1
-1
72 9816
-1
73 9984
-1
73 9944
-1
76 9946
-1
77 9993
-1
79 9962
-1
81 9946
-1
82 9919
-1
-1
-1
77 9828
-1
79 9997
-1
80 9785
-1
82 9908
-1
76 9955
-1
74 9928
-1
76 9948
-1
77 9943
-1
-1
-1
80 9987
-1
81 9780
-1
82 9882
-1
82 9904
-1
83 9840
-1
85 9930
-1
87 9885
-1
85 9922
-1
-1
-1
82 9934
-1
80 9873
-1
79 9956
-1
76 9956
-1
79 9912
-1
75 9784
-1
78 9883
-1
81 9981
-1
-1
-1
80 9962
-1
79 9977
-1
76 9800
-1
80 9888
-1
81 9819
-1
77 9971
-1
78 9850
-1
75 9955
-1
-1
-1
75 9976
-1
77 9999
-1
78 9958
-1
77 9946
-1
73 9771
-1
75 9871
-1
75 9800
-1
78 9953
-1
-1
-1
80 9949
-1
83 9864
-1
81 9992
-1
80 9899
-1
80 9981
-1
84 9992
-1
82 9832
-1
82 9915
-1
-1
-1
73 9959
-1
70 9925
-1
72 9881
-1
74 9924
-1
73 9901
-1
69 9838
-1
74 9954
-1
78 9980
-1
-1
-1
79 9887
-1
81 9795
-1
82 9965
-1
82 9917
-1
81 9926
-1
81 9781
-1
82 9824
-1
79 9951
-1
-1
-1
79 9991
-1
79 9974
-1
78 9975
-1
80 9965
-1
76 9880
-1
75 9762
-1
77 9950
-1
76 9901
-1
-1
-1
74 9855
-1
75 9995
-1
76 9986
-1
77 9952
-1
75 9872
-1
76 9902
-1
76 9930
-1
76 9992
-1
-1
-1
79 9797
-1
80 9953
-1
77 9854
-1
74 9908
-1
76 9943
-1
78 9990
-1
79 9793
-1
82 9952
-1
-1
-1
81 9938
-1
78 9814
-1
79 9977
-1
80 9983
-1
80 9951
-1
77 9757
-1
78 9985
-1
76 9795
-1
-1
-1
79 9967
-1
79 9839
-1
79 9823
-1
78 9830
-1
79 9906
-1
78 9941
-1
77 9931
-1
76 9814
-1
-1
-1
71 9951
-1
74 9995
-1
72 9930
-1
73 9878
-1
74 9961
-1
75 9996
-1
77 9939
-1
78 9938
-1
-1
-1
83 9963
-1
86 9857
-1
85 9962
-1
84 9882
-1
87 9973
-1
88 9989
-1
87 9900
-1
89 9950
-1
-1
-1
87 9960
-1
89 9903
-1
87 9972
-1
88 9814
-1
90 9955
-1
87 9884
-1
87 9981
-1
84 9811
-1
-1
-1
85 9943
-1
81 9875
-1
82 9912
-1
77 9943
-1
73 9860
-1
76 9906
-1
74 9985
-1
73 9979
-1
-1
-1
74 9907
-1
74 9946
-1
73 9923
-1
74 9824
-1
78 9904
-1
80 9929
-1
77 9894
-1
81 9963
-1
-1
-1
81 9999
186
79 9879
-1
78 9918
-1
76 9958
-1
76 9879
-1
73 9981
-1
74 9971
-1
72 9989
45
-1
-1
73 9957
-1
75 9982
-1
78 9934
-1
81 9809
-1
82 9982
-1
80 9962
-1
82 9850
-1
86 9922
-1
-1
-1
86 9882
-1
86 9892
-1
83 9939
-1
83 9995
-1
86 9929
-1
82 9970
-1
81 9787
-1
80 9944
-1
-1
-1
77 9985
-1
78 9898
-1
79 9825
-1
81 9928
-1
80 9999
-1
77 9844
-1
79 9892
-1
81 9787
-1
-1
-1
82 9964
-1
80 9936
-1
79 10000
-1
79 9862
-1
80 9951
-1
79 9963
-1
78 9945
-1
78 9986
-1
-1
-1
80 9850
-1
80 9985
-1
78 9859
-1
81 9918
-1
80 10000
-1
77 9883
-1
77 9832
-1
76 9862
-1
-1
-1
73 9953
-1
77 9910
-1
78 9908
-1
79 9884
-1
79 9834
-1
80 9968
-1
82 9990
-1
82 9855
-1
-1
-1
83 9852
-1
84 9890
-1
80 9977
-1
81 9949
-1
80 9852
-1
83 9985
-1
77 9941
-1
77 9813
-1
-1
-1
78 9997
-1
77 9826
-1
78 9879
-1
78 9928
-1
77 9934
-1
81 9984
-1
79 9963
-1
81 9949
-1
-1
-1
81 9914
-1
81 9831
-1
81 9936
-1
78 9872
-1
76 9829
-1
78 9815
-1
76 9960
-1
73 9999
-1
-1
-1
78 9973
-1
78 9860
-1
76 9924
-1
76 9882
-1
78 9888
-1
74 9981
-1
76 9980
-1
79 9961
-1
-1
-1
80 9855
-1
80 9998
-1
84 9990
-1
87 9890
-1
88 9977
-1
88 9812
-1
88 9938
-1
90 9801
-1
-1
-1
94 9969
-1
91 9977
-1
89 9924
-1
87 9836
-1
83 9971
-1
84 9991
-1
82 9958
-1
85 10000
-1
-1
-1
84 9990
-1
82 9994
-1
85 9983
-1
84 9934
-1
86 9872
-1
85 9890
-1
85 9868
-1
81 9971
-1
-1
-1
77 9794
-1
81 10000
-1
79 9956
-1
74 10000
-1
74 9979
-1
73 9970
-1
71 9974
-1
75 9998
-1
-1
-1
73 9939
-1
78 9923
-1
79 9971
-1
80 9863
-1
82 9827
-1
82 9934
-1
83 9945
-1
82 9884
-1
-1
-1
82 9992
-1
82 9974
-1
75 9884
-1
74 9803
-1
77 9990
-1
79 9993
-1
76 9973
-1
78 9887
-1
-1
-1
78 9968
-1
81 9991
-1
79 9975
-1
79 9771
-1
83 9878
-1
80 9990
-1
82 9958
-1
83 9999
-1
-1
-1
83 9880
-1
80 9963
-1
79 9959
-1
80 9828
-1
84 9918
-1
84 9939
-1
83 9988
-1
79 9853
-1
-1
-1
79 9865
-1
80 9860
-1
84 9995
-1
84 9817
-1
81 9984
-1
76 9978
-1
76 9843
-1
75 9969
-1
-1
-1
80 9908
-1
80 9910
-1
80 9947
-1
82 9981
-1
81 9887
-1
81 9852
-1
80 9944
-1
80 9957
-1
-1
-1
85 9834
-1
83 9877
-1
80 9897
-1
79 9994
-1
77 9869
-1
78 9814
-1
78 9808
-1
79 9999
-1
-1
-1
79 9981
-1
77 9841
-1
79 9975
-1
78 9965
-1
78 9968
-1
80 9996
-1
77 9798
-1
80 9915
-1
-1
-1
76 9959
-1
77 9951
-1
78 9885
-1
78 9930
-1
80 9938
-1
82 9937
-1
82 9908
-1
86 9994
-1
-1
-1
82 9804
-1
86 9943
-1
88 9930
-1
89 9877
-1
86 9833
-1
81 9766
-1
81 9999
-1
76 9991
-1
118
-1
76 9843
-1
79 9967
-1
77 9996
-1
76 9984
-1
75 9799
-1
76 9820
-1
80 9770
-1
81 9983
-1
-1
-1
81 9984
-1
80 9837
-1
79 9992
-1
78 9815
-1
78 9898
-1
75 9844
-1
77 9965
-1
78 9925
-1
-1
-1
82 9786
-1
81 9977
-1
79 9875
-1
81 9919
-1
80 9965
-1
85 9976
-1
85 9853
-1
85 9829
-1
-1
-1
83 9898
-1
85 9948
-1
85 9991
-1
86 9975
-1
87 9948
-1
87 9976
-1
88 9902
-1
83 9963
-1
-1
-1
84 9939
-1
89 9973
-1
89 9966
-1
86 9854
-1
82 9995
-1
79 9920
-1
83 9983
-1
85 9998
-1
-1
-1
87 9984
-1
84 9945
-1
79 9911
-1
79 9984
-1
79 9899
-1
83 9982
-1
86 9974
-1
90 9979
-1
-1
-1
85 9997
-1
85 9887
-1
85 9853
-1
85 9835
-1
85 9998
-1
83 9874
-1
86 9917
-1
83 9953
-1
-1
-1
76 9912
-1
78 9922
-1
76 9965
-1
76 9940
-1
73 9999
-1
75 9974
-1
69 9906
-1
72 9985
-1
-1
-1
74 9893
-1
73 9980
-1
75 9984
-1
77 9835
-1
81 9986
-1
82 9942
-1
79 9828
-1
81 9905
-1
-1
-1
78 9932
-1
79 9993
-1
81 9969
-1
79 9891
-1
79 9941
-1
78 9775
-1
79 9831
-1
82 9930
-1
-1
-1
81 9965
-1
79 9797
-1
85 9931
-1
85 9987
-1
82 9920
-1
77 9891
-1
76 9799
-1
76 9995
-1
-1
-1
76 9842
-1
79 9889
-1
76 9939
-1
75 9802
-1
75 9891
-1
77 9949
-1
81 9950
-1
81 9991
-1
-1
-1
80 9985
-1
81 9781
-1
80 9895
-1
81 9988
-1
80 9792
-1
83 9980
-1
82 9957
-1
82 9951
-1
-1
-1
79 9854
-1
80 9973
-1
78 9909
-1
81 9904
-1
83 9972
-1
84 9998
-1
79 9843
-1
82 9999
-1
-1
-1
80 9954
-1
77 9813
-1
78 9885
-1
81 9999
-1
77 9818
-1
77 9909
-1
77 9875
-1
79 9988
-1
-1
-1
74 9867
-1
78 9913
-1
77 9978
-1
78 9986
-1
75 9854
-1
73 9925
-1
76 9957
-1
73 9962
-1
-1
-1
76 9955
-1
74 9913
-1
76 9972
-1
72 9928
-1
73 9970
-1
73 9830
-1
72 9956
-1
75 9825
-1
-1
-1
82 9835
-1
82 9889
-1
81 9996
-1
81 9870
-1
83 9997
-1
82 9854
-1
84 9850
-1
87 9978
-1
-1
-1
83 9977
-1
76 9934
-1
78 9993
-1
81 9914
-1
81 9946
-1
83 9849
-1
84 9938
-1
81 9997
-1
-1
-1
78 9925
-1
81 9929
-1
84 9945
-1
89 9797
-1
90 9976
-1
85 9954
-1
79 9994
-1
79 9976
-1
-1
-1
75 9933
-1
77 9934
-1
78 9931
-1
78 9977
-1
74 9983
-1
78 9921
-1
80 9914
-1
83 9977
-1
-1
-1
85 9975
-1
88 9962
-1
85 9997
-1
82 9967
-1
83 9960
-1
85 9973
-1
85 9957
-1
83 9918
-1
-1
-1
85 9856
-1
82 9997
-1
78 9831
-1
82 9989
-1
86 9949
-1
85 9944
-1
79 9808
-1
74 9988
-1
-1
-1
69 9825
-1
73 9819
-1
77 9847
-1
77 9948
-1
75 9820
-1
78 9993
-1
77 9822
-1
81 9993
-1
-1
-1
80 9882
-1
81 9952
-1
76 9845
-1
77 9878
-1
78 9862
-1
79 9877
-1
76 9799
-1
79 9991
-1
-1
-1
81 9908
-1
83 9906
-1
86 9923
-1
91 9982
-1
89 9962
-1
92 9967
-1
88 9938
-1
85 9837
-1
-1
-1
87 9958
-1
87 9997
-1
85 9999
-1
86 9980
-1
81 9868
-1
81 9945
-1
81 9997
-1
82 9960
-1
-1
-1
80 9838
-1
79 9950
-1
78 9841
-1
76 9962
-1
76 9934
-1
77 9944
-1
73 9948
-1
74 9911
-1
-1
-1
73 9850
-1
74 9984
-1
74 9959
-1
75 9874
-1
77 10000
-1
75 9966
-1
75 9900
-1
76 9972
-1
-1
-1
77 9968
-1
75 9945
-1
75 9943
-1
76 9811
-1
79 9889
-1
78 9929
-1
78 9822
-1
77 9810
-1
-1
-1
79 9942
-1
79 9893
-1
82 9988
-1
83 9948
-1
83 9924
-1
85 9991
-1
86 9964
-1
88 9859
-1
-1
-1
91 9991
-1
95 9988
-1
98 9834
-1
101 9945
-1
103 9939
-1
100 9865
-1
101 9997
-1
96 9873
-1
-1
-1
91 9940
-1
89 9815
-1
89 9978
-1
79 9988
-1
80 9905
-1
79 9975
-1
80 9843
-1
83 9987
-1
-1
-1
82 9859
-1
86 9922
-1
86 9967
-1
85 9904
-1
87 9929
-1
90 9998
-1
84 9915
-1
82 9919
-1
-1
-1
79 9954
-1
81 9943
-1
75 9950
-1
75 9957
-1
76 9874
-1
76 9995
-1
75 9799
-1
79 9798
-1
-1
-1
81 9909
-1
80 9939
-1
77 9990
-1
77 9969
-1
76 9996
-1
73 9772
-1
76 9997
-1
74 9972
-1
-1
-1
79 9842
-1
79 9982
-1
80 9934
-1
83 9996
-1
83 9922
-1
84 9927
-1
83 9929
-1
85 9983
-1
-1
-1
87 9990
-1
80 9843
-1
82 9883
-1
83 9920
-1
82 9997
-1
81 9984
-1
81 9939
-1
79 9979
-1
-1
-1
79 9980
-1
76 9946
-1
75 9954
-1
75 9888
-1
77 9925
-1
78 9904
-1
79 9904
-1
81 9966
-1
-1
-1
74 9869
-1
76 9976
-1
79 9987
-1
74 9882
-1
75 9785
-1
72 9959
-1
68 9959
-1
67 9804
-1
-1
-1
75 9995
-1
76 9798
-1
70 9891
-1
70 9886
-1
69 9822
-1
73 9992
-1
74 9942
-1
75 9803
-1
-1
-1
68 9984
-1
71 9994
-1
74 9810
-1
77 9966
-1
79 9861
-1
78 9854
-1
79 9888
-1
79 9941
-1
-1
-1
79 9784
-1
78 9874
-1
82 9925
-1
83 9974
-1
84 9986
-1
84 9974
-1
84 9798
-1
84 9860
-1
-1
-1
85 9875
-1
88 9956
-1
88 9940
-1
92 9970
-1
90 9907
-1
86 9955
-1
84 9923
-1
82 9874
-1
-1
-1
75 9834
-1
75 9980
-1
69 9904
-1
66 9918
-1
66 9901
-1
67 9880
-1
68 9932
-1
70 9917
-1
-1
-1
74 9891
-1
73 9979
-1
76 9928
-1
79 9856
-1
80 9893
-1
80 9878
-1
81 9887
-1
79 9924
-1
-1
-1
78 9990
-1
77 9937
-1
77 9920
-1
77 9980
-1
71 9943
-1
71 9991
-1
69 9878
-1
73 9870
-1
-1
-1
72 9821
-1
74 9859
125
77 9972
-1
74 9787
-1
76 9812
-1
80 9862
-1
82 9963
-1
82 9978
-1
-1
-1
84 9878
-1
83 9766
-1
86 9996
-1
86 9985
-1
82 9783
-1
83 9955
-1
84 9993
-1
82 9979
-1
-1
-1
84 9996
-1
80 9850
-1
82 9978
-1
81 10000
-1
84 9958
-1
86 9921
-1
87 9898
-1
91 9972
-1
-1
-1
87 9960
-1
86 9879
-1
88 9934
-1
86 9966
-1
87 9980
-1
88 9980
-1
82 9950
-1
80 9852
-1
-1
-1
81 9994
-1
83 9990
-1
83 9965
-1
79 9885
-1
78 9970
-1
76 9997
-1
72 9932
-1
74 9931
-1
-1
-1
72 9999
-1
70 9902
-1
69 9858
-1
71 9910
-1
72 9980
-1
72 9807
-1
74 9982
-1
74 9941
-1
-1
-1
73 9868
-1
77 9983
-1
76 9972
-1
77 9949
-1
76 9966
-1
75 9837
-1
76 9988
-1
75 9995
-1
-1
-1
74 9982
-1
72 9998
-1
72 9801
-1
73 9882
-1
75 9801
-1
75 9988
-1
74 9796
-1
76 9938
-1
-1
-1
79 9991
-1
77 9876
-1
73 9934
-1
76 9866
-1
77 9962
-1
78 9977
-1
78 9908
-1
80 9888
-1
-1
-1
80 9911
-1
80 9938
-1
79 9804
-1
77 9909
-1
76 9988
-1
74 9987
-1
74 9989
-1
71 9818
-1
-1
-1
73 9940
-1
72 9947
-1
75 9896
-1
78 9978
-1
78 9852
-1
80 9957
-1
79 9987
-1
82 9913
-1
-1
-1
75 9960
-1
73 9874
-1
71 9958
-1
71 9985
-1
72 9964
-1
70 9935
-1
71 9889
-1
69 9942
-1
-1
-1
70 9994
-1
72 9846
-1
72 9878
-1
71 9909
-1
71 9998
-1
68 9994
-1
68 9942
-1
69 9984
-1
-1
-1
74 9974
-1
75 9988
-1
77 9981
-1
78 9948
-1
81 9981
-1
80 9996
-1
82 9793
-1
84 9879
-1
-1
-1
86 9851
-1
86 9974
-1
87 9973
-1
83 9949
-1
82 9902
-1
81 9959
-1
83 9879
-1
84 9990
-1
-1
-1
88 9778
-1
91 9918
-1
89 9834
-1
88 9916
-1
87 9981
-1
92 9956
-1
93 9896
-1
90 9893
-1
-1
-1
83 9953
-1
80 9975
-1
80 9940
-1
78 9843
-1
77 9937
-1
75 9904
-1
75 9942
-1
78 9928
-1
-1
-1
81 9900
-1
84 9833
-1
84 9987
-1
86 10000
-1
84 9963
-1
84 9792
-1
88 9997
-1
87 9879
-1
-1
-1
81 9845
-1
80 9906
-1
79 9891
-1
77 9956
-1
76 9986
-1
75 9925
-1
74 9961
-1
71 9961
-1
-1
-1
71 9980
-1
73 9965
-1
72 9906
-1
74 9984
-1
75 9854
-1
74 9819
-1
73 9906
-1
74 9992
-1
-1
-1
75 9910
-1
71 9861
-1
69 9961
-1
69 9943
-1
71 9979
-1
74 9991
-1
74 9932
-1
76 9836
-1
-1
-1
76 9984
-1
79 9961
-1
80 9851
-1
84 9878
-1
87 9943
-1
84 9948
-1
81 9968
-1
81 9876
-1
-1
-1
84 9895
-1
84 9932
-1
80 9979
-1
82 9854
-1
82 9966
-1
81 9801
-1
83 9798
-1
83 9826
-1
-1
-1
82 9909
-1
77 9953
-1
80 9999
-1
80 9813
-1
76 9796
-1
72 9881
-1
71 9911
-1
74 9978
-1
-1
-1
76 9986
-1
77 9902
-1
80 9998
-1
80 9924
-1
80 9943
-1
81 9881
-1
84 9921
-1
88 9971
-1
-1
-1
89 9931
-1
88 9960
-1
87 9972
-1
91 9993
-1
84 9824
-1
82 9814
-1
82 9925
-1
81 9910
-1
-1
-1
76 9991
-1
76 9960
-1
79 9998
-1
81 9897
-1
80 9919
-1
83 9819
-1
85 9996
-1
84 9996
-1
-1
-1
85 9960
-1
85 9907
-1
85 9780
-1
89 9870
-1
81 9896
-1
81 9997
-1
75 9917
-1
76 9879
-1
-1
-1
74 9970
-1
73 9972
-1
72 9916
-1
70 9792
-1
72 9845
-1
76 9962
-1
75 9959
-1
76 9994
-1
-1
-1
79 9888
-1
81 9963
-1
80 9844
-1
82 9879
-1
83 9913
-1
84 9994
-1
82 9902
-1
83 9999
-1
-1
-1
84 9974
-1
88 9854
-1
88 9905
-1
88 9941
-1
87 9852
-1
86 9872
-1
81 9868
-1
84 9984
-1
-1
-1
83 9864
-1
84 9850
105
83 9991
-1
84 9957
-1
84 9915
-1
84 9940
-1
82 9992
-1
82 9911
-1
-1
-1
85 9880
-1
82 9886
-1
81 9888
-1
80 9928
-1
77 9988
-1
78 9895
-1
79 9972
-1
83 9849
-1
-1
-1
83 9808
-1
82 9961
-1
85 9998
-1
84 9920
-1
85 9971
-1
85 9989
-1
88 9980
-1
92 9993
-1
-1
-1
85 9988
-1
85 9874
-1
85 9767
-1
85 9941
-1
85 9796
-1
83 9857
-1
84 9948
-1
84 9964
-1
-1
-1
81 9968
-1
85 9906
-1
86 9999
-1
86 9965
-1
85 9930
-1
86 9912
-1
85 9778
-1
88 9909
-1
-1
-1
88 9869
-1
87 9942
-1
86 9868
-1
87 9996
-1
86 9891
-1
89 9928
-1
87 9993
-1
84 9991
155
-1
-1
79 9791
-1
78 9977
-1
79 9986
-1
81 9985
-1
74 9988
-1
74 9987
-1
73 9808
-1
72 9882
-1
-1
-1
76 9988
-1
77 9995
-1
78 9916
-1
77 9826
-1
77 9909
-1
77 9959
-1
75 9787
-1
76 9793
-1
-1
-1
78 9895
-1
80 9895
-1
77 9938
-1
79 9965
-1
78 9834
-1
76 9915
-1
72 9870
-1
68 9938
-1
-1
-1
66 9915
-1
68 9850
-1
71 9965
-1
70 9946
-1
72 9870
-1
74 9946
-1
76 9882
-1
78 9899
-1
-1
-1
77 9865
-1
76 9799
-1
76 9935
-1
76 9914
-1
73 9901
-1
74 9934
-1
73 9969
-1
74 9967
-1
-1
-1
75 9973
-1
79 9931
-1
80 9875
-1
81 9928
-1
82 9994
-1
81 9993
-1
74 9769
-1
74 9923
-1
-1
-1
72 9948
-1
68 9969
-1
65 9915
-1
65 9977
-1
66 9928
-1
67 9780
-1
70 9945
-1
73 9930
-1
-1
-1
73 9930
-1
74 9994
-1
75 9998
-1
74 9881
-1
75 9971
-1
74 9833
-1
75 9852
-1
77 9988
-1
-1
-1
78 9906
-1
81 9980
-1
85 9942
-1
87 9970
-1
88 9910
-1
89 9954
-1
91 9921
-1
95 9983
-1
-1
-1
90 9758
-1
85 9979
-1
85 9887
-1
83 9958
-1
80 9961
-1
78 9874
-1
76 9887
-1
73 9985
-1
-1
-1
76 9974
-1
77 9969
-1
78 9850
-1
76 9900
-1
78 9782
-1
78 9956
-1
78 9924
-1
76 9913
-1
-1
-1
75 9856
-1
74 9906
-1
74 9974
-1
76 9903
-1
80 9897
-1
74 9883
-1
76 9917
-1
77 9840
-1
-1
-1
80 9949
-1
80 9904
-1
80 9809
-1
78 9976
-1
78 9976
-1
77 9911
-1
77 9866
-1
76 9808
-1
-1
-1
76 9973
-1
72 9794
53
73 9773
-1
75 9988
-1
74 9985
-1
77 9987
-1
79 9997
-1
84 9981
-1
-1
-1
84 9976
-1
83 9897
-1
86 9995
-1
86 9881
-1
87 9957
-1
86 9949
-1
86 9975
-1
86 9987
-1
-1
-1
77 9978
-1
76 9883
-1
76 9878
-1
74 9941
-1
73 9859
-1
74 9919
-1
76 9968
-1
75 9873
-1
-1
-1
74 9801
-1
74 9853
-1
78 9865
-1
77 9916
-1
79 9993
-1
79 9920
-1
78 9987
-1
74 9902
-1
-1
-1
77 9898
-1
79 9989
-1
72 9887
-1
74 9802
-1
75 9946
-1
73 9860
-1
75 9827
-1
77 9929
-1
-1
-1
77 9795
-1
75 9864
-1
74 9870
-1
74 9852
-1
73 9811
-1
75 9987
-1
75 9984
-1
75 9913
-1
-1
-1
79 9978
-1
77 9899
-1
79 9832
-1
80 9889
-1
79 9869
-1
82 9999
-1
81 9979
-1
81 9854
-1
-1
-1
76 9995
-1
79 9999
-1
79 9892
-1
77 9991
-1
79 9892
-1
83 9985
-1
84 9995
-1
82 9964
-1
-1
-1
82 9873
-1
83 9814
-1
86 9961
-1
84 9953
-1
86 9982
-1
87 9941
-1
86 9986
-1
87 9936
-1
-1
-1
86 9765
-1
91 9963
-1
87 9880
-1
85 9924
-1
83 9899
-1
83 9939
-1
82 9993
-1
78 9892
-1
-1
-1
84 9916
-1
83 9902
-1
81 9982
-1
81 9876
-1
86 9944
-1
87 9986
-1
85 9978
-1
87 9973
-1
-1
-1
90 9917
-1
91 9948
-1
85 9934
-1
85 9867
-1
85 9980
-1
79 9965
-1
78 9988
-1
79 9987
-1
-1
-1
72 9863
-1
74 9954
-1
75 9966
-1
77 9939
-1
82 9925
-1
83 9893
-1
85 9888
-1
88 9984
-1
-1
-1
87 9793
-1
87 9923
-1
89 9868
-1
89 9969
-1
88 9989
-1
85 9926
-1
78 9951
-1
78 9900
-1
-1
-1
79 9983
-1
80 9982
-1
82 9966
-1
83 9976
-1
80 9928
-1
82 9996
-1
79 9874
-1
80 9897
-1
-1
-1
82 9871
-1
80 9815
-1
83 9937
-1
80 9939
-1
76 9914
-1
70 9815
-1
66 9933
-1
64 9995
-1
-1
-1
64 9993
-1
60 9838
-1
62 9982
-1
65 9831
-1
68 9962
-1
71 9858
-1
73 9851
-1
76 9897
-1
-1
-1
77 9977
-1
78 9849
-1
82 9989
-1
85 9996
-1
82 9911
-1
81 9883
-1
82 9955
-1
83 9980
-1
-1
-1
82 9972
-1
84 9955
-1
82 9964
-1
79 9935
-1
81 9996
-1
76 9958
-1
78 9839
-1
79 9869
-1
-1
-1
82 9973
-1
78 9980
-1
79 9911
-1
80 9982
-1
81 9952
-1
79 9927
-1
79 9938
-1
78 9973
-1
-1
-1
74 9941
-1
75 9887
-1
80 10000
-1
78 9975
-1
77 9976
-1
74 9913
-1
76 9981
-1
78 9948
-1
-1
-1
78 9773
-1
78 9823
-1
73 9931
-1
71 9936
-1
72 9909
-1
70 9995
-1
72 9933
-1
71 9908
-1
-1
-1
73 9803
-1
75 9845
-1
77 9999
-1
79 9926
-1
82 9927
-1
83 9879
-1
87 9980
-1
89 9800
-1
-1
-1
90 9939
-1
91 9888
-1
93 9959
-1
90 9869
-1
91 9904
-1
93 9985
-1
91 9987
-1
92 9969
-1
-1
-1
88 9915
-1
84 9953
-1
82 9983
-1
78 9878
-1
79 9769
-1
79 9908
-1
78 9978
-1
77 9809
-1
-1
-1
76 9909
-1
79 9966
-1
80 9939
-1
81 9883
-1
82 9972
-1
85 9990
-1
85 9903
-1
89 9998
-1
-1
-1
85 9814
-1
87 9945
-1
85 9802
-1
87 9874
-1
87 9769
-1
87 9995
-1
92 9994
-1
90 9957
-1
-1
-1
85 9822
-1
87 9982
-1
90 9998
-1
92 9868
-1
90 9911
-1
90 9877
-1
95 9998
-1
91 9955
-1
-1
-1
81 9884
-1
81 9784
-1
80 9772
-1
80 9974
-1
78 9851
-1
83 9997
-1
82 9983
-1
79 9939
-1
-1
-1
84 9963
-1
86 9931
-1
88 9954
-1
89 9851
-1
90 9917
-1
95 9981
-1
96 9959
-1
91 9938
-1
-1
-1
88 9942
-1
86 9931
-1
87 9858
-1
87 9972
-1
83 9960
-1
81 9974
-1
77 9975
-1
76 9846
-1
-1
-1
78 9993
-1
78 9965
-1
77 9847
-1
74 9997
-1
74 9909
-1
75 9892
-1
78 9956
-1
78 9981
-1
-1
-1
79 9976
-1
79 9882
-1
80 9991
-1
80 9925
-1
82 9976
-1
84 9851
-1
83 9881
-1
84 9996
-1
-1
-1
80 9895
-1
81 9956
-1
79 9983
-1
77 9919
-1
76 9790
-1
80 9877
-1
80 9974
-1
79 9947
-1
-1
-1
79 9976
-1
82 9960
-1
82 9935
-1
82 9892
-1
82 9969
-1
85 9995
-1
80 9872
-1
80 9996
-1
-1
-1
83 9945
-1
84 9967
-1
85 9922
-1
83 9896
-1
84 9997
-1
81 9951
-1
79 9987
-1
81 9987
-1
-1
-1
81 9930
-1
83 9958
-1
81 9841
-1
78 9985
-1
77 9862
-1
77 9826
-1
80 9999
-1
81 9839
-1
-1
-1
79 9833
-1
82 9885
-1
76 9840
-1
78 9930
-1
81 9887
-1
81 9929
-1
79 9885
-1
77 9985
-1
-1
-1
80 9989
-1
79 9996
-1
79 9986
-1
82 9901
-1
83 9982
-1
81 9989
-1
80 9827
-1
86 9983
-1
-1
-1
89 9982
-1
89 9913
-1
85 9850
-1
85 9928
-1
83 9901
-1
85 9925
-1
87 9888
-1
84 9998
-1
-1
-1
81 9969
-1
81 9942
-1
83 9982
-1
81 9826
-1
81 9821
-1
81 9988
-1
79 9920
-1
77 9942
-1
-1
-1
76 9936
-1
75 9892
-1
72 9982
-1
72 9954
-1
72 9961
-1
70 9847
-1
72 9989
-1
76 9937
-1
-1
-1
78 9968
-1
79 9965
-1
81 9971
-1
80 9927
-1
81 9947
-1
83 9986
-1
83 9833
-1
77 9909
-1
-1
-1
78 9909
-1
79 9954
-1
75 9886
-1
75 9850
-1
73 9895
-1
70 9984
-1
72 9992
-1
75 9977
-1
-1
-1
78 9935
-1
75 9813
-1
78 9963
-1
79 9985
-1
77 9925
-1
80 9771
-1
79 9805
-1
79 9935
-1
-1
-1
74 9937
-1
78 9894
-1
82 9998
-1
85 9988
-1
83 9969
-1
88 9997
-1
90 9893
-1
92 9989
-1
-1
-1
98 9992
-1
100 9961
-1
101 9922
-1
103 9852
-1
106 9815
-1
103 9900
-1
99 9965
-1
99 9970
-1
-1
-1
89 9960
-1
83 9959
-1
81 10000
-1
79 9966
-1
76 9975
-1
73 9874
-1
73 9930
-1
73 9855
-1
-1
-1
75 9838
-1
78 9965
-1
80 9950
-1
78 9800
-1
80 9853
-1
76 9884
-1
78 9781
-1
78 9932
-1
-1
-1
76 9911
-1
76 9893
-1
71 9828
-1
73 9987
-1
75 9878
-1
77 9907
-1
77 9810
-1
77 9858
-1
-1
-1
77 9935
-1
77 9966
-1
77 9947
-1
79 9965
-1
77 9987
-1
74 9815
-1
75 9975
-1
76 9983
-1
-1
-1
74 9884
-1
77 9964
-1
78 9991
-1
78 9991
-1
74 9828
-1
76 9909
-1
73 9919
-1
71 9902
-1
-1
-1
74 9956
-1
71 9991
-1
71 9856
-1
70 9794
-1
72 9994
-1
71 9957
-1
72 9882
-1
72 9878
-1
-1
-1
76 9799
-1
73 9863
-1
74 9960
-1
75 9812
-1
77 9819
-1
82 9941
-1
81 9773
-1
78 9896
-1
-1
-1
75 9797
-1
78 9953
-1
78 9998
-1
75 9959
-1
75 9924
-1
76 9926
-1
75 9818
-1
79 9883
-1
-1
-1
81 9943
-1
82 9929
-1
83 9980
-1
83 9916
-1
84 9864
-1
85 9882
79
82 9976
-1
76 9910
-1
-1
-1
76 9967
-1
75 9885
-1
75 9927
-1
75 9923
-1
74 9860
-1
79 9886
-1
80 9982
-1
80 9920
-1
-1
-1
83 10000
-1
84 9983
-1
86 9802
-1
85 9864
-1
84 9935
-1
82 9966
-1
75 9915
-1
73 9889
-1
-1
-1
74 9894
-1
72 9886
-1
70 9927
-1
70 9890
-1
70 9821
-1
73 9973
-1
72 9794
-1
74 9934
-1
-1
-1
69 9961
-1
71 9990
-1
68 9851
-1
69 9950
-1
69 9809
-1
70 9969
-1
74 9983
-1
76 9811
-1
-1
-1
80 9909
-1
83 9987
-1
81 9785
-1
81 9873
-1
81 9794
-1
80 9972
-1
76 9940
-1
73 9918
-1
-1
-1
73 9829
-1
73 9956
-1
72 9874
-1
73 9926
-1
77 9986
-1
77 9989
-1
78 9993
-1
77 9863
-1
-1
-1
76 9810
-1
79 9967
-1
80 9989
-1
79 9927
-1
79 9957
-1
82 9994
-1
77 9959
-1
78 9965
-1
-1
-1
75 9961
-1
75 9818
-1
73 9894
-1
76 9975
-1
75 9984
-1
71 9917
-1
73 9873
-1
72 9989
-1
-1
-1
75 9935
-1
75 9986
-1
75 9850
-1
79 9999
-1
77 9980
-1
78 9995
-1
76 9881
-1
76 9928
-1
-1
-1
73 9870
-1
76 9973
-1
75 9913
-1
75 9980
-1
75 9937
-1
76 9961
-1
78 9894
-1
80 9948
-1
-1
-1
84 9977
-1
83 9881
-1
85 9978
-1
81 9838
-1
82 9944
-1
81 9881
-1
81 9973
-1
80 9997
-1
-1
-1
74 9970
-1
74 9944
-1
75 9898
-1
75 9923
-1
73 9856
-1
71 9773
-1
72 9953
-1
74 9994
-1
-1
-1
75 9836
176
74 9929
-1
74 9925
-1
74 9864
-1
76 9961
-1
80 9897
-1
78 9875
-1
79 9908
-1
-1
-1
78 9987
-1
80 9974
-1
79 9991
-1
81 9920
-1
83 9950
-1
83 9965
-1
78 9882
-1
81 9988
-1
-1
-1
81 9954
-1
77 9959
-1
78 9963
-1
77 9950
-1
73 9907
-1
72 9927
-1
76 9998
-1
74 9909
-1
-1
-1
74 9798
-1
77 9976
-1
78 9913
-1
76 9932
-1
78 9957
-1
78 9856
-1
74 9821
-1
75 9974
-1
-1
-1
74 9904
-1
73 9836
-1
71 9987
-1
73 9965
-1
73 9894
-1
77 9990
-1
79 9984
-1
80 9858
-1
-1
-1
79 9835
-1
78 9862
-1
80 9954
-1
83 9998
-1
86 9950
-1
85 9799
-1
83 9990
-1
83 9944
-1
-1
-1
83 9993
-1
85 9940
-1
84 9942
-1
84 9955
-1
83 9886
-1
84 9953
-1
81 9918
-1
81 9985
-1
-1
-1
79 9974
-1
82 9990
-1
77 9877
-1
79 9878
-1
80 9835
-1
80 9949
-1
78 9961
-1
80 9957
-1
-1
-1
77 9994
-1
73 9921
-1
75 9911
-1
71 9992
-1
73 9965
-1
73 9919
-1
73 9925
-1
75 9954
-1
-1
-1
73 9957
-1
75 9971
-1
78 9866
-1
80 9849
-1
82 9938
-1
84 9947
-1
81 9972
-1
84 9957
-1
-1
-1
84 9965
-1
86 9949
-1
86 9798
-1
90 9925
-1
89 9976
-1
86 9943
-1
86 9836
-1
83 9909
-1
-1
-1
82 9932
-1
80 9951
-1
81 9981
-1
80 9994
-1
79 9991
-1
79 9842
-1
81 9919
-1
81 9859
-1
-1
-1
85 9986
-1
84 9811
-1
85 9936
-1
86 9927
-1
89 9858
-1
89 9987
-1
84 9928
-1
84 9966
-1
-1
-1
85 9892
-1
85 9933
-1
80 9937
-1
82 9932
-1
83 9962
-1
80 9883
-1
81 9999
-1
82 9859
-1
-1
-1
76 9969
-1
77 9997
-1
79 9994
-1
80 9777
-1
84 9837
-1
81 9945
-1
84 9968
-1
83 9932
-1
-1
-1
85 9965
-1
86 9945
-1
87 9918
-1
85 9914
-1
84 9970
-1
81 9795
-1
78 9896
-1
78 9831
-1
-1
-1
80 9867
-1
77 9962
-1
78 9808
-1
79 9837
-1
80 9981
-1
80 9998
-1
78 9962
-1
81 9916
-1
-1
-1
82 9987
-1
81 9901
-1
84 9967
-1
83 9897
-1
77 9843
-1
79 9940
-1
81 9901
-1
81 9961
-1
-1
-1
78 9986
-1
73 9990
-1
73 9924
-1
72 9991
-1
75 9957
-1
77 9999
-1
79 9991
-1
77 9912
-1
-1
-1
80 9963
-1
83 9890
-1
84 9971
-1
84 9934
-1
83 9917
-1
86 9784
-1
86 9992
-1
88 9979
-1
-1
-1
88 9927
-1
88 9894
-1
86 9915
-1
83 9983
-1
82 9780
-1
81 9821
-1
78 9888
-1
80 9980
-1
-1
-1
77 9997
-1
77 9907
-1
79 9906
-1
81 9984
-1
81 9978
-1
80 9894
-1
83 9926
-1
85 9998
-1
-1
-1
84 9912
-1
85 9824
-1
85 9958
-1
87 9998
-1
82 9971
-1
82 9939
-1
84 9772
-1
87 9995
-1
-1
-1
90 9842
-1
87 9890
-1
86 9891
-1
89 9969
-1
88 9992
-1
87 9978
-1
87 9961
-1
82 9991
-1
-1
-1
82 9944
-1
81 9917
-1
82 9864
-1
84 9961
-1
89 9965
-1
84 9929
-1
81 9950
-1
83 9890
-1
-1
-1
83 9947
-1
81 9927
-1
80 9971
-1
80 9920
-1
72 9996
-1
74 9852
-1
76 9965
-1
77 9864
-1
-1
-1
77 9905
-1
80 9983
-1
78 9891
-1
80 9942
-1
79 9940
-1
82 9986
-1
79 9992
-1
78 9852
-1
-1
-1
85 9934
-1
85 9852
-1
80 9852
-1
82 9983
-1
79 9794
-1
79 9923
-1
78 9986
-1
81 9953
-1
-1
-1
75 9860
-1
71 9844
-1
71 9799
-1
68 9830
-1
70 9934
-1
70 9844
-1
70 9935
-1
69 9925
-1
-1
-1
72 9999
-1
69 9957
-1
68 9784
-1
72 9983
-1
74 9967
-1
73 9943
-1
73 9893
-1
75 9991
-1
-1
-1
78 9962
-1
77 9956
-1
79 9795
-1
80 9906
-1
80 9869
-1
79 9930
-1
80 9826
-1
80 9878
-1
-1
-1
79 9950
-1
77 9992
-1
75 9807
-1
76 9979
-1
75 9845
-1
76 9883
-1
77 9957
-1
80 9955
-1
-1
-1
79 9907
-1
79 9955
-1
79 9994
-1
82 9952
-1
86 9997
-1
87 9996
-1
83 9956
-1
81 9905
-1
-1
-1
79 9943
-1
78 9847
-1
81 9991
-1
83 9825
-1
85 9955
-1
79 9973
-1
83 9901
-1
83 9875
-1
-1
-1
87 9974
-1
88 9999
-1
87 9950
-1
87 9910
-1
87 9880
-1
85 9833
-1
84 9967
-1
78 9954
-1
-1
-1
76 9928
-1
77 9800
-1
79 9967
-1
77 9987
-1
81 9950
-1
81 9954
-1
80 9925
-1
81 9922
-1
-1
-1
88 9787
-1
87 9828
-1
89 9966
-1
87 9908
-1
86 9982
-1
83 9899
-1
87 9985
-1
87 9960
-1
-1
-1
90 9946
-1
86 9938
-1
85 9900
-1
86 9995
-1
86 9956
-1
87 9939
-1
87 9972
-1
82 9922
-1
-1
-1
73 9882
-1
74 9810
-1
74 9839
-1
76 9922
-1
74 9968
-1
75 9980
-1
74 9921
-1
75 9920
-1
-1
-1
75 9776
-1
76 9966
-1
73 9997
-1
69 9957
-1
68 9955
-1
68 9825
-1
69 9992
-1
68 9963
-1
-1
-1
68 9800
-1
69 9934
-1
70 9965
-1
73 9908
-1
76 9993
-1
77 9848
-1
79 9953
-1
80 9996
-1
-1
-1
85 9855
-1
86 9828
-1
88 9854
-1
86 9997
-1
89 9825
-1
89 9994
-1
86 9992
-1
84 9922
-1
-1
-1
79 9881
-1
76 9995
-1
76 9758
-1
74 9957
-1
72 9932
-1
75 9998
-1
76 9970
-1
75 9996
-1
-1
-1
75 9980
-1
75 9933
-1
76 9880
-1
78 9988
-1
76 9886
-1
77 9959
-1
74 9971
-1
75 9781
-1
-1
-1
72 9811
-1
75 9957
-1
76 9914
-1
73 9943
-1
75 9984
-1
76 9992
-1
75 9882
-1
77 10000
-1
-1
-1
80 9841
-1
82 9916
-1
82 9990
-1
85 9918
-1
84 9906
-1
86 9933
-1
89 9819
-1
87 9876
-1
-1
-1
80 9949
-1
81 9965
-1
78 9950
-1
75 9973
-1
71 9946
-1
71 9913
-1
69 9930
-1
69 9781
-1
-1
-1
68 9990
-1
69 9976
-1
71 9887
-1
73 9980
-1
75 9929
81
74 9953
-1
76 9782
-1
78 9889
-1
-1
-1
81 9965
-1
82 9810
-1
85 9955
-1
82 9941
-1
80 9938
-1
79 9878
-1
82 9955
-1
78 9989
-1
-1
-1
75 9840
-1
76 9951
-1
73 9878
-1
74 9964
-1
75 9796
-1
76 9871
-1
80 9947
-1
81 9980
-1
-1
-1
83 9926
-1
83 9884
-1
80 9966
-1
83 9814
-1
82 9942
-1
84 9993
-1
84 9960
-1
82 9898
-1
-1
-1
79 9986
-1
79 9905
-1
77 9932
-1
77 9877
-1
80 9955
-1
80 9916
-1
82 9993
-1
80 9996
-1
-1
-1
78 9896
-1
80 9981
-1
79 9949
-1
82 9935
-1
80 9999
-1
78 9907
-1
76 9908
-1
75 9920
-1
-1
-1
78 9801
-1
80 9886
-1
83 9961
-1
85 9973
-1
82 9817
-1
82 9938
-1
83 9992
-1
82 9988
-1
-1
-1
74 9959
-1
68 9958
-1
67 9949
-1
66 9987
-1
70 9927
-1
70 9999
-1
70 9984
-1
72 9931
-1
-1
-1
75 9801
-1
78 9970
-1
81 9950
-1
81 9846
-1
81 9940
-1
79 9934
-1
77 9869
-1
75 9899
-1
-1
-1
74 9887
-1
74 9931
-1
73 9943
-1
69 9802
-1
69 9863
-1
71 9875
-1
71 9952
-1
72 9993
-1
-1
-1
74 9966
-1
74 9837
-1
78 9991
-1
79 10000
-1
81 9853
-1
84 9855
-1
82 9982
-1
82 9983
-1
-1
-1
82 9926
-1
79 9825
-1
76 9971
-1
75 9939
-1
75 9989
-1
70 9893
-1
72 9979
-1
74 9891
-1
-1
-1
72 9995
-1
73 9824
-1
75 9932
-1
77 9986
-1
76 9873
-1
80 9951
-1
82 9869
-1
78 9948
-1
-1
-1
77 9794
-1
80 9870
-1
84 9905
-1
82 9831
-1
87 9988
-1
84 9880
-1
87 9943
-1
85 9939
-1
-1
-1
90 9940
-1
89 9904
-1
89 9948
-1
88 9908
-1
87 9812
-1
88 9965
-1
86 9989
-1
86 10000
-1
-1
-1
84 9916
-1
82 9978
-1
84 9986
-1
83 9919
-1
85 9954
-1
80 9940
-1
80 9997
-1
74 9819
-1
-1
-1
73 9990
-1
69 9830
-1
70 9906
-1
69 9943
-1
69 9893
-1
73 9939
-1
73 9915
-1
76 9926
-1
-1
-1
83 9923
-1
82 9956
-1
85 9980
-1
83 9957
-1
83 9905
-1
84 9982
-1
82 9818
-1
86 9791
-1
-1
-1
85 9860
-1
81 9896
-1
82 9968
-1
84 9899
-1
84 9994
-1
84 9885
-1
87 9995
-1
84 9982
-1
-1
-1
78 9936
-1
78 9967
-1
81 9994
-1
75 9981
-1
78 9859
-1
77 9825
-1
75 9894
-1
74 9915
-1
-1
-1
72 9967
-1
73 9927
-1
77 9827
-1
78 9840
-1
82 9959
-1
82 9956
-1
82 9841
-1
82 9965
-1
-1
-1
83 9805
-1
86 9972
-1
85 10000
-1
81 9973
-1
81 9850
-1
79 9830
-1
77 9815
-1
77 9978
-1
-1
-1
80 9996
-1
81 9967
-1
81 9999
-1
82 9928
-1
81 9835
-1
79 9766
-1
80 9935
-1
80 9955
-1
-1
-1
86 9872
-1
83 9915
-1
87 10000
-1
86 9822
-1
83 9864
-1
85 9954
-1
82 9826
-1
82 9925
-1
-1
-1
81 9966
-1
81 9870
-1
85 9996
-1
81 9997
-1
81 9968
-1
81 9956
-1
81 9898
-1
84 9984
-1
-1
-1
85 9964
-1
86 9894
-1
83 9982
-1
79 9995
-1
82 9931
-1
84 9983
-1
86 9959
-1
88 9924
-1
-1
-1
86 9952
-1
86 9896
-1
83 9889
-1
85 9997
-1
84 9889
-1
81 9970
-1
79 9926
-1
70 9908
-1
-1
-1
72 9976
-1
72 9982
-1
73 9840
-1
70 9923
-1
69 9844
-1
71 9869
-1
72 9923
-1
75 9930
-1
-1
-1
76 9949
-1
76 9929
-1
75 9985
-1
77 9874
-1
79 9845
-1
80 9857
-1
82 9977
-1
82 9938
-1
-1
-1
82 9963
-1
86 9932
-1
85 9876
-1
87 9880
-1
88 9796
-1
88 9968
-1
87 9989
-1
88 9956
-1
-1
-1
85 9889
-1
89 9904
-1
83 9951
-1
82 9949
-1
80 9883
-1
80 9925
-1
78 9881
-1
78 9961
-1
-1
-1
79 9869
-1
75 9982
-1
75 9961
-1
77 9998
-1
75 9856
-1
77 9971
-1
76 9991
-1
81 9857
-1
-1
-1
82 9919
-1
80 9857
-1
83 9965
-1
86 9957
-1
87 9804
-1
85 9872
-1
85 9945
-1
84 9919
-1
-1
-1
80 9965
-1
78 9932
-1
79 9972
-1
79 9900
-1
76 9908
-1
73 9916
-1
78 9999
-1
75 9919
-1
-1
-1
71 9935
-1
75 9992
-1
75 9877
-1
73 9996
-1
75 9964
-1
77 9953
-1
81 9959
-1
75 9875
-1
-1
-1
75 9927
-1
74 9975
-1
74 9935
-1
75 9940
-1
76 9831
-1
76 9923
-1
72 9956
-1
72 9805
-1
-1
-1
74 9833
-1
76 9901
73
74 9840
-1
77 9999
-1
76 9964
-1
72 9959
-1
71 9865
-1
71 9984
-1
-1
-1
67 9958
-1
69 9968
-1
70 9916
-1
67 9956
-1
70 9999
-1
71 9957
-1
69 9926
-1
73 9995
-1
-1
-1
78 9821
-1
82 9990
-1
82 9931
-1
81 9835
-1
87 9975
-1
88 9830
-1
90 9833
-1
90 9970
-1
-1
-1
93 9983
-1
90 9957
-1
89 9923
-1
85 9948
-1
87 9973
-1
88 9940
-1
85 9920
-1
82 9979
-1
-1
-1
82 9894
-1
84 9933
-1
82 9986
-1
82 9997
-1
83 9995
-1
81 9909
-1
81 9907
-1
80 9809
-1
-1
-1
82 9993
-1
80 9860
-1
79 9976
-1
77 9997
-1
76 9932
-1
74 9853
-1
77 9979
-1
73 9960
-1
-1
-1
72 9986
-1
73 9956
-1
75 9860
-1
78 9977
-1
80 9979
-1
84 9991
-1
85 9989
-1
86 9941
-1
-1
-1
90 9929
-1
89 9834
-1
91 9936
-1
88 9835
-1
89 9928
-1
90 9875
-1
87 9908
-1
87 9910
-1
-1
-1
83 9982
-1
80 9987
-1
79 9876
-1
82 9940
-1
84 9986
-1
85 9985
-1
81 9928
-1
84 9985
-1
-1
-1
85 9983
-1
85 9929
-1
87 9992
-1
86 10000
-1
80 9985
-1
80 9944
-1
80 9924
-1
83 9803
-1
-1
-1
82 9980
-1
77 9949
-1
79 9969
-1
79 9816
-1
82 9811
-1
84 9944
-1
85 9958
-1
81 9882
-1
-1
-1
79 9930
-1
78 9818
-1
81 9838
-1
77 9976
-1
73 9927
-1
74 9979
-1
73 9939
-1
72 9982
-1
-1
-1
69 9986
-1
67 9795
-1
68 9930
-1
71 9861
-1
72 9952
-1
73 9994
-1
72 9907
-1
72 9991
-1
-1
-1
74 9932
-1
76 9975
-1
75 9977
-1
75 9840
-1
75 9991
-1
75 9916
-1
77 9834
-1
79 9968
-1
-1
-1
78 9977
-1
76 9860
-1
75 9838
-1
76 9873
-1
74 9907
-1
73 9985
-1
72 9948
-1
71 9988
-1
-1
-1
73 9785
-1
75 9825
-1
77 9914
-1
78 9986
-1
79 9861
-1
80 9823
-1
82 9931
-1
85 9957
-1
-1
-1
80 9942
-1
83 9944
-1
80 9986
-1
81 9986
-1
82 9891
-1
81 9944
-1
79 9843
-1
76 9983
-1
-1
-1
78 9907
-1
76 9965
-1
77 9905
-1
80 9980
-1
82 9968
-1
79 9886
-1
84 9978
-1
83 9838
-1
-1
-1
86 9960
-1
89 9863
-1
88 9942
-1
89 9914
-1
87 9822
-1
84 9975
-1
83 9955
-1
81 9787
-1
-1
-1
80 9836
-1
80 9893
-1
79 9999
-1
79 9999
-1
75 9885
-1
77 9893
-1
78 9808
-1
77 9917
-1
-1
-1
78 9991
-1
79 9851
-1
78 9919
-1
76 9801
-1
78 9999
-1
80 9965
-1
76 9863
-1
76 9914
-1
-1
-1
72 9937
-1
71 9939
-1
69 9782
-1
68 9974
-1
67 9878
-1
71 9964
-1
71 9941
-1
73 9990
-1
-1
-1
74 9994
-1
72 9975
-1
71 9918
-1
71 9999
-1
69 9788
-1
70 9917
-1
73 9995
-1
68 9870
-1
-1
-1
72 9893
-1
75 9933
-1
75 9905
-1
77 9879
-1
78 9940
-1
79 9963
-1
80 9958
-1
83 9892
-1
-1
-1
85 9972
-1
82 9819
-1
82 9971
-1
82 9999
-1
83 9819
-1
82 9948
-1
82 9967
-1
81 9922
-1
-1
-1
72 9850
-1
73 9898
-1
70 9826
-1
71 9946
-1
71 9973
-1
71 9870
-1
72 9967
-1
69 9796
-1
-1
-1
73 9912
-1
74 9970
-1
76 9909
-1
80 9976
-1
76 9935
-1
78 9957
-1
80 9919
-1
83 9900
-1
-1
-1
78 9967
-1
79 9974
-1
80 9882
-1
80 9952
-1
80 9994
-1
82 9773
-1
81 9967
-1
81 9991
-1
-1
-1
76 9957
-1
79 9874
-1
81 9841
-1
81 9894
-1
85 9972
-1
84 9966
-1
84 9943
-1
85 9919
-1
-1
-1
84 9999
-1
86 9872
-1
92 9969
-1
89 9902
-1
86 9963
-1
79 9944
-1
77 9798
-1
75 9996
-1
-1
-1
75 9931
-1
75 9914
-1
73 9943
-1
73 9857
-1
73 9884
-1
74 9919
-1
75 9987
-1
76 9918
-1
-1
-1
77 9821
-1
76 9990
-1
74 9993
-1
74 9997
-1
77 9885
-1
77 9961
-1
80 9924
-1
83 9873
-1
-1
-1
87 9975
-1
88 9990
-1
89 9985
-1
89 9933
-1
91 9869
-1
91 9982
-1
90 9873
-1
91 9885
-1
-1
-1
90 9824
-1
87 9947
-1
87 9942
-1
83 9972
-1
83 9820
-1
79 9987
-1
78 9850
-1
78 9918
-1
-1
-1
75 9788
-1
76 9931
-1
76 9975
-1
77 9966
-1
73 9920
-1
77 9910
-1
81 9998
-1
82 9858
-1
-1
-1
79 9918
-1
81 9905
-1
80 9934
-1
80 9846
-1
82 9883
-1
83 9908
-1
82 9954
-1
76 9867
-1
-1
-1
82 9802
-1
78 9864
-1
81 9935
-1
83 9849
-1
83 9971
-1
81 9925
-1
81 9906
-1
83 9985
-1
-1
-1
78 9959
-1
78 9781
-1
81 9803
-1
83 9986
-1
83 9987
-1
82 9864
-1
84 9870
-1
86 9815
-1
-1
-1
82 9839
-1
84 9993
-1
85 9987
-1
83 9988
-1
81 9984
-1
80 9978
-1
79 9870
-1
79 9918
-1
-1
-1
81 9965
-1
82 9956
-1
80 9836
-1
76 9817
-1
78 9893
-1
73 9757
-1
73 9971
-1
72 9869
-1
-1
-1
68 9899
-1
69 9963
-1
68 9857
-1
67 10000
-1
69 9887
-1
71 9907
-1
71 9993
-1
70 9798
-1
-1
-1
73 9967
-1
76 9966
-1
76 9845
-1
78 9851
-1
81 9885
-1
82 9865
-1
85 9786
-1
86 9953
-1
-1
-1
87 9983
-1
87 9951
-1
87 9833
-1
84 9950
-1
82 9876
-1
83 9849
-1
76 9870
-1
75 9792
-1
-1
-1
77 9987
-1
74 9849
-1
75 9977
-1
74 9828
-1
76 9932
-1
75 9952
-1
78 9994
-1
79 9947
-1
-1
-1
78 9964
-1
78 9879
-1
77 9989
-1
75 9903
-1
75 9957
-1
75 9937
-1
75 9870
-1
75 9780
-1
-1
-1
76 9949
-1
75 9812
-1
77 9919
-1
79 9909
-1
80 9887
-1
78 9914
-1
76 9854
-1
77 9981
89
-1
-1
80 9979
-1
81 9821
-1
81 9943
-1
85 9974
-1
80 9999
-1
80 9784
-1
83 9951
-1
81 9953
-1
-1
-1
78 9978
-1
77 9991
-1
76 9996
-1
81 9861
-1
79 9866
-1
82 9998
-1
78 9900
-1
79 9895
-1
-1
-1
85 9815
-1
86 9974
-1
85 9926
-1
84 9901
-1
79 9942
-1
80 9958
-1
79 9810
-1
78 9991
-1
-1
-1
75 9927
-1
