0 0
47
8 1900
47
16 3965
381
381
55
32 8942
464
40 9816
464
48 9993
24
56 9789
58
64 9985
238
72 9808
238
79 9998
234
76 9980
-1
205
114
82 9851
107
83 9934
203
87 9998
50
90 9861
57
91 9995
179
88 10000
-1
86 9995
-1
86 9918
103
-1
-1
90 9980
207
86 9998
-1
80 9927
-1
77 9886
240
74 9863
-1
77 9842
-1
77 9984
-1
76 9961
-1
-1
-1
79 9956
59
78 9809
-1
82 9842
196
86 9824
36
91 9989
-1
92 9964
89
91 9985
7
90 9921
-1
-1
119
91 9937
115
94 9887
-1
91 9962
-1
88 9927
-1
83 9885
-1
78 9802
-1
74 9954
-1
71 9971
99
-1
221
74 9898
-1
73 9991
-1
74 9955
-1
72 9893
-1
74 9985
-1
76 9949
-1
76 9875
-1
77 9921
106
-1
-1
74 9986
65
69 9829
-1
74 10000
-1
75 9801
204
78 10000
-1
79 9988
-1
77 9922
128
75 9780
-1
-1
-1
80 9936
-1
83 9973
-1
83 9921
-1
81 9997
-1
81 9998
-1
80 9889
-1
82 9957
-1
84 9942
170
-1
-1
88 9963
-1
90 9921
-1
92 9908
200
88 9910
-1
89 9954
-1
89 9948
-1
88 9934
-1
84 9945
-1
-1
-1
76 9948
-1
74 9948
-1
71 9978
-1
68 9879
-1
68 9915
-1
67 9890
-1
68 9988
-1
70 9977
-1
-1
-1
75 10000
-1
75 9850
-1
76 9926
-1
77 9779
-1
81 9985
-1
80 9981
139
78 9896
-1
78 9878
-1
-1
-1
78 9981
-1
77 9977
81
74 9814
-1
73 9994
-1
70 9910
-1
72 9880
-1
72 9877
-1
75 9983
-1
139
-1
72 9815
-1
73 9957
63
74 9802
-1
76 9891
-1
79 9944
-1
81 9957
-1
84 9981
-1
84 9923
-1
-1
-1
86 9964
-1
84 9910
-1
82 9786
-1
81 9996
-1
81 9965
-1
79 9915
175
83 9976
-1
81 9967
-1
-1
-1
86 9939
-1
83 9936
-1
85 9979
-1
84 9781
-1
87 9917
-1
88 9920
-1
89 9844
-1
90 9976
-1
-1
-1
83 9913
-1
81 9988
217
82 9998
-1
81 10000
-1
81 9880
-1
79 9798
-1
80 9981
-1
81 9993
-1
-1
-1
83 9964
-1
82 9983
-1
83 9897
83
80 9941
-1
83 9994
-1
83 9989
-1
85 9980
-1
86 9990
-1
-1
-1
83 9920
-1
83 9921
-1
83 9985
-1
80 9814
-1
84 9972
-1
81 9994
-1
81 9962
-1
80 9995
-1
-1
-1
83 9906
-1
84 9915
-1
82 9965
-1
80 9968
-1
81 9829
-1
81 9839
-1
80 10000
-1
80 9958
-1
-1
-1
84 9937
-1
83 9882
-1
80 9959
-1
81 9870
-1
83 9949
-1
85 9930
-1
85 9932
-1
84 9932
-1
-1
-1
88 9973
-1
91 9978
-1
87 9881
-1
86 9791
-1
88 9936
-1
89 9898
-1
89 9983
-1
92 9974
158
-1
-1
91 10000
-1
93 9969
-1
92 9978
-1
84 9909
134
85 9904
204
83 9901
-1
82 9984
-1
78 9980
-1
-1
-1
73 9875
-1
76 9976
-1
77 9973
-1
76 9923
-1
76 9954
-1
77 9951
-1
78 9985
-1
80 9985
-1
-1
-1
84 9911
-1
85 9918
-1
88 9948
-1
85 9955
-1
84 9975
-1
87 9994
-1
83 9998
-1
82 9826
-1
-1
-1
77 9891
-1
78 9922
-1
77 9915
-1
77 9886
-1
78 9942
-1
79 9998
-1
78 9914
-1
77 9855
-1
-1
-1
81 9995
-1
82 9860
-1
81 9932
-1
80 9822
-1
79 9856
170
79 9993
-1
73 9930
-1
73 9965
-1
-1
-1
75 9903
-1
77 9969
172
73 9990
-1
75 9960
-1
79 9979
-1
78 9831
-1
79 9873
-1
81 9998
-1
-1
-1
81 9981
-1
78 9947
-1
74 9799
-1
76 9982
-1
71 9973
-1
70 9946
-1
69 9793
-1
69 9902
-1
-1
-1
77 9963
-1
76 9866
-1
77 9899
-1
76 9892
-1
76 9879
-1
77 9871
-1
78 9872
-1
83 9972
-1
-1
85
75 9976
-1
74 9997
-1
76 9928
-1
78 9892
-1
81 9821
-1
84 9794
-1
86 9851
-1
86 9787
-1
-1
-1
85 9894
-1
87 9780
-1
85 9999
-1
83 9989
-1
82 9783
-1
80 9961
-1
81 9899
-1
79 9822
-1
-1
-1
79 9968
-1
78 9932
-1
80 9994
-1
81 9892
-1
83 9815
-1
84 9766
-1
86 9884
-1
83 9910
-1
-1
-1
85 9770
-1
82 9928
-1
81 9854
-1
82 9835
-1
80 9995
-1
75 9889
-1
74 9977
-1
75 9982
-1
200
-1
74 9906
49
77 9965
159
77 9983
-1
74 9965
-1
74 9838
-1
78 9996
-1
79 9839
-1
77 9873
-1
-1
-1
81 9897
-1
79 9899
-1
79 9984
-1
81 9904
-1
83 9903
-1
86 9918
-1
86 9959
9
85 9944
-1
-1
-1
84 9844
-1
86 9988
-1
85 9988
-1
84 9986
-1
84 9998
-1
82 9825
-1
80 9993
-1
80 9832
-1
-1
-1
79 9945
-1
83 9981
-1
78 9937
-1
82 9902
-1
83 9998
-1
86 9983
24
86 9871
-1
86 9970
-1
-1
-1
86 9980
-1
85 9901
-1
84 9972
-1
84 9921
-1
88 9888
-1
86 9786
-1
85 9983
179
81 9973
-1
-1
-1
81 9991
-1
80 9823
-1
81 9955
-1
81 9950
-1
80 9831
-1
80 9944
-1
79 9989
-1
78 9879
-1
-1
-1
79 9957
-1
80 9951
-1
76 9946
-1
76 9897
-1
78 9998
-1
74 9966
-1
75 9987
-1
76 9935
-1
-1
-1
78 9964
-1
81 9952
-1
81 9884
-1
84 9958
-1
87 9904
-1
84 9894
-1
83 9799
48
87 9976
-1
-1
-1
82 9949
-1
83 9886
-1
82 9867
-1
84 9945
-1
80 9916
-1
82 9986
-1
82 9836
-1
86 9947
-1
-1
-1
87 9977
-1
88 9799
-1
88 9927
-1
86 9968
-1
79 9983
-1
80 9974
-1
79 9914
-1
78 9852
-1
200
-1
70 9973
-1
69 9950
-1
70 9880
-1
67 9793
-1
68 9800
-1
69 9997
-1
68 9824
-1
65 9962
-1
-1
-1
68 9902
-1
69 9964
-1
69 9826
-1
72 9781
-1
73 9787
-1
74 9934
-1
77 9999
-1
77 9997
-1
-1
-1
80 9979
-1
78 9904
-1
80 9938
-1
80 9840
-1
82 9996
-1
81 9932
-1
82 9815
-1
83 9937
-1
-1
-1
83 9841
-1
83 9818
-1
85 9865
-1
82 9912
-1
84 9983
-1
83 9988
-1
82 9943
-1
77 9942
-1
-1
-1
74 9998
-1
77 9903
-1
80 10000
-1
78 9994
-1
74 9983
-1
76 9980
-1
76 9958
-1
79 9996
-1
-1
-1
81 9937
-1
83 9900
-1
82 9824
-1
81 9999
-1
81 9908
-1
80 9784
-1
86 9970
-1
83 9952
-1
-1
-1
82 9851
-1
81 9981
-1
83 9918
-1
80 9926
-1
79 9854
-1
81 9952
-1
81 9857
-1
78 9940
-1
-1
-1
78 9934
-1
77 9883
-1
79 9987
-1
78 9834
-1
79 9982
-1
78 9912
-1
78 9996
-1
78 9974
-1
-1
-1
76 9892
-1
78 9814
-1
80 9891
-1
78 9963
-1
77 9926
-1
80 9881
-1
83 9844
-1
84 9952
-1
-1
-1
86 9794
-1
87 9950
-1
89 9856
-1
86 9848
-1
84 9864
-1
86 9878
-1
88 9846
-1
90 9925
-1
-1
-1
91 9958
-1
90 9896
-1
87 9893
-1
86 9934
-1
85 9967
-1
85 9821
-1
81 9983
-1
78 9942
-1
205
-1
72 9922
-1
72 9853
-1
73 9946
-1
72 9941
-1
73 9995
-1
72 9903
-1
74 9881
-1
74 9906
-1
-1
-1
73 9974
-1
75 9988
-1
75 9815
-1
78 9947
-1
81 9963
-1
78 9870
-1
81 9946
-1
83 9969
-1
-1
-1
78 9823
-1
80 9921
-1
78 9939
-1
76 9902
-1
72 9985
-1
71 9882
-1
72 9967
-1
71 9820
82
-1
-1
74 9932
-1
71 9975
-1
70 9911
-1
73 9974
-1
74 9897
-1
76 9964
-1
75 9953
-1
71 9978
-1
-1
-1
71 9993
-1
71 9981
-1
69 9831
-1
68 9874
-1
70 9994
-1
71 9910
-1
71 9966
-1
72 9869
-1
-1
-1
79 9985
-1
80 9988
-1
78 9872
-1
81 9844
-1
82 9834
-1
84 9902
-1
84 9899
-1
85 9991
-1
-1
-1
83 9966
-1
81 9937
-1
77 9884
-1
79 9944
-1
78 9981
-1
76 9957
-1
71 9867
-1
70 9938
-1
-1
-1
64 9898
-1
64 9862
-1
63 9985
-1
63 9857
-1
64 9857
-1
65 9797
-1
70 9987
-1
71 9910
-1
-1
-1
75 9813
-1
77 9960
-1
78 9951
-1
78 9866
-1
76 9907
-1
78 9883
-1
80 9921
-1
81 9909
-1
-1
-1
83 9878
-1
82 9995
-1
82 9864
-1
88 9984
-1
89 9969
-1
90 9785
-1
90 9838
-1
87 9922
-1
-1
-1
84 9950
-1
80 9837
164
79 9797
-1
80 9885
-1
78 9984
-1
77 9835
-1
78 9872
-1
79 9797
-1
-1
-1
76 9940
-1
77 9824
-1
78 9965
-1
79 9858
-1
81 9914
-1
79 9995
-1
77 9969
-1
75 9952
-1
-1
-1
76 9888
-1
78 9956
-1
78 9877
235
75 9910
-1
75 9911
-1
75 9888
-1
77 9792
-1
80 9995
58
-1
-1
81 9969
-1
79 9990
-1
79 9956
-1
84 9969
-1
85 9900
-1
86 9862
-1
87 9944
-1
83 9999
-1
-1
-1
79 9994
-1
79 9763
-1
82 9987
181
82 9933
-1
80 9988
-1
76 9825
-1
77 9924
-1
75 9861
-1
-1
-1
72 9855
-1
73 9909
-1
76 9872
-1
75 9858
-1
73 9926
-1
77 9850
-1
80 9961
-1
81 9819
-1
-1
-1
82 9910
-1
81 9832
-1
83 9970
-1
82 9896
-1
79 9764
-1
76 9911
-1
74 9952
-1
73 9797
-1
-1
-1
78 9938
-1
81 10000
-1
83 9999
-1
84 9955
-1
78 9986
-1
79 9880
-1
80 9921
203
79 9976
-1
-1
-1
74 9861
-1
72 9839
-1
69 9962
-1
71 9979
-1
74 9816
-1
77 9991
-1
77 9797
-1
78 9893
-1
-1
-1
79 9958
-1
75 9910
-1
76 9947
-1
76 9879
-1
71 9922
-1
70 9981
-1
65 9994
-1
66 9998
-1
-1
-1
68 9965
-1
69 9901
-1
69 9999
-1
67 9904
-1
70 9821
-1
72 9977
-1
75 9811
-1
80 9907
-1
-1
-1
83 9956
-1
85 9957
-1
84 9904
-1
85 9903
-1
87 9937
-1
90 9791
-1
91 9953
-1
90 9974
-1
-1
-1
82 9931
-1
80 9937
-1
81 9987
-1
80 9977
-1
80 9880
-1
82 9983
-1
79 9904
-1
82 9977
-1
-1
-1
83 9947
-1
80 9827
-1
82 9904
-1
84 9967
-1
85 9968
-1
86 9970
-1
86 9992
-1
87 9884
-1
-1
-1
84 9885
-1
83 9810
-1
84 9945
-1
85 9969
-1
85 9977
154
84 9869
-1
82 9818
-1
80 9987
-1
-1
-1
75 9905
-1
75 9849
-1
80 9977
-1
80 9944
-1
76 9965
-1
74 9985
-1
75 9979
-1
76 9967
-1
-1
-1
77 9934
-1
81 9993
-1
79 9862
-1
76 9914
-1
80 10000
-1
83 9867
-1
79 9966
-1
80 9889
-1
-1
-1
78 9832
-1
77 9789
-1
82 9978
-1
81 9942
-1
80 9969
-1
81 9964
-1
79 9975
-1
82 9985
-1
-1
-1
82 9946
-1
81 9769
-1
85 9877
-1
79 9925
-1
80 9866
-1
81 9992
-1
80 9824
-1
80 9944
-1
-1
-1
78 9793
-1
80 9977
-1
81 9911
-1
82 9888
-1
81 9974
-1
75 9809
-1
79 9952
-1
77 9965
-1
-1
-1
72 9799
-1
77 9841
-1
72 9835
-1
70 9783
-1
74 9978
-1
77 9904
-1
80 9924
-1
81 9966
-1
-1
-1
80 9900
-1
83 9951
-1
83 9850
-1
83 9854
-1
82 9861
-1
85 9985
-1
81 9972
-1
80 9949
-1
-1
-1
81 9928
-1
81 9985
-1
80 9953
-1
81 9981
-1
82 9944
-1
82 9997
-1
82 9921
-1
79 9837
-1
-1
-1
83 9996
-1
82 9895
-1
83 9956
-1
82 9979
-1
79 9839
-1
83 9961
-1
84 9964
233
83 9891
-1
-1
-1
86 9932
-1
85 9939
-1
81 9948
-1
83 9975
-1
82 9797
-1
83 9875
-1
80 9978
-1
77 9932
-1
-1
-1
79 9933
-1
77 9766
-1
75 9936
-1
74 9955
-1
76 9939
-1
80 9933
-1
79 9863
-1
80 9963
-1
-1
-1
80 9952
-1
82 9954
-1
82 9867
-1
82 9959
-1
86 9980
-1
82 9897
-1
79 9923
-1
81 9977
-1
-1
-1
83 9950
-1
83 9981
-1
78 9835
-1
77 9901
-1
77 9978
-1
76 9960
-1
76 9946
-1
77 9965
-1
-1
-1
72 9813
-1
75 9890
-1
78 9982
-1
78 9884
-1
78 9928
-1
79 9912
-1
76 9790
-1
78 9912
-1
-1
-1
77 9810
-1
80 9995
-1
79 9949
-1
78 9870
-1
78 9891
-1
80 9948
-1
78 9901
-1
80 9837
-1
-1
-1
84 9967
-1
86 9946
-1
86 9872
-1
85 9982
-1
82 9980
-1
86 9895
-1
86 9980
-1
84 9984
-1
-1
-1
76 9971
-1
72 9985
-1
70 9969
-1
69 9990
-1
72 9968
-1
66 9985
-1
69 9921
-1
70 9872
-1
-1
-1
72 9899
-1
73 9940
-1
75 9959
-1
75 9974
-1
69 9888
-1
71 9960
-1
71 9980
-1
74 9996
-1
-1
-1
75 9870
29
76 9906
-1
80 9951
-1
82 9972
-1
83 9963
-1
85 9899
-1
88 9962
-1
86 9816
-1
-1
-1
78 9830
-1
80 9877
-1
76 9768
-1
73 9940
-1
77 9980
-1
74 9953
-1
75 9932
-1
74 9990
-1
-1
-1
73 9789
-1
76 9980
-1
77 9952
-1
82 9972
-1
81 9940
-1
80 9995
-1
78 9897
-1
76 9937
-1
-1
-1
76 9887
-1
78 9976
-1
74 9846
-1
73 9973
-1
73 9955
-1
73 10000
-1
76 9922
-1
77 9891
-1
-1
-1
81 9843
-1
80 9979
-1
78 9908
-1
77 9909
-1
76 9930
-1
78 9991
-1
75 9999
-1
73 9911
-1
-1
-1
73 9943
-1
75 9858
-1
78 9984
-1
81 9933
-1
80 9976
-1
79 9899
-1
80 9967
-1
80 9839
-1
-1
-1
83 9958
-1
86 9881
-1
81 9944
-1
84 9972
-1
85 9954
-1
86 9884
-1
89 9848
-1
89 9954
-1
-1
-1
89 9801
-1
88 9949
-1
88 9952
-1
86 9968
-1
88 9832
-1
88 9973
-1
83 9907
-1
81 9897
-1
-1
-1
82 9851
-1
83 9988
-1
80 9927
-1
76 9947
-1
77 9965
-1
74 9847
-1
73 9973
-1
67 9902
-1
-1
-1
69 9931
-1
71 9988
-1
72 9972
-1
73 9847
-1
72 9778
-1
76 9872
-1
80 9995
-1
81 9850
-1
-1
-1
80 9844
-1
80 9990
-1
83 9947
-1
84 9984
-1
84 9975
-1
87 9998
-1
87 9970
-1
84 9927
-1
-1
-1
88 9961
-1
92 9983
-1
92 9854
-1
92 9820
-1
94 9959
-1
88 9991
-1
89 9909
-1
82 9949
-1
-1
-1
85 10000
-1
84 9966
-1
82 9953
-1
83 9958
-1
86 9935
-1
79 9759
-1
78 9968
-1
78 9845
-1
-1
-1
75 9908
-1
77 9844
-1
74 9904
-1
75 9984
-1
74 9815
-1
75 9864
-1
77 9883
-1
77 9910
-1
-1
-1
79 9899
-1
75 9938
-1
72 9861
-1
73 9918
-1
70 9899
-1
73 9982
-1
73 9839
-1
72 9843
-1
-1
-1
68 9961
-1
69 9924
-1
72 9947
-1
75 9936
-1
77 9864
-1
76 9965
-1
76 9966
-1
78 9949
-1
-1
-1
79 9898
-1
81 9896
-1
81 9801
-1
83 9963
-1
82 9991
-1
82 9979
-1
81 9877
-1
81 9766
-1
-1
-1
82 9962
-1
80 9839
-1
79 9863
-1
80 9942
-1
81 9861
-1
79 9969
-1
76 9993
-1
74 9979
-1
-1
-1
76 9936
-1
78 9933
-1
77 9857
-1
80 9929
-1
79 9892
-1
77 9873
-1
79 9930
-1
80 10000
-1
-1
-1
87 9979
-1
89 9960
-1
91 9864
-1
88 9961
-1
88 9811
-1
88 9833
-1
89 9973
-1
85 9830
-1
-1
-1
84 9944
-1
78 9986
-1
73 9959
-1
75 9864
-1
76 9919
-1
75 9796
-1
77 9865
-1
79 9938
-1
-1
-1
81 9972
-1
80 9897
-1
82 9886
200
83 9986
-1
80 9859
-1
81 9928
-1
82 9970
-1
79 9952
-1
-1
-1
82 9995
-1
82 9978
-1
85 9985
-1
86 9921
-1
87 9862
-1
86 9997
-1
86 9904
-1
85 9989
-1
-1
-1
86 9880
-1
84 9974
-1
86 9989
-1
84 9980
-1
78 9801
-1
77 9984
-1
77 9909
-1
80 9972
-1
-1
-1
82 9976
-1
82 9988
-1
80 9937
-1
79 9901
-1
77 9961
-1
79 9954
-1
79 9870
-1
83 9964
-1
-1
-1
80 9900
-1
78 9852
-1
78 9961
-1
82 9976
-1
80 9969
-1
82 9982
-1
82 9944
-1
84 9904
-1
-1
-1
80 9961
-1
79 9868
-1
79 9854
-1
80 9981
-1
79 9962
-1
82 9838
-1
82 9976
-1
82 9961
-1
-1
-1
79 9871
-1
79 9794
-1
80 9950
-1
79 9916
-1
78 9946
-1
74 9893
-1
70 9965
-1
70 9805
-1
-1
-1
73 9946
-1
72 9961
-1
71 9900
-1
72 9802
-1
76 9997
-1
76 9917
-1
79 9954
-1
82 9968
-1
-1
-1
84 9994
-1
85 9982
-1
85 9995
-1
86 9971
-1
88 9908
-1
90 9854
-1
87 9985
-1
89 9998
-1
-1
-1
85 9992
-1
83 9931
-1
83 9982
-1
86 9873
-1
87 9996
-1
84 9927
-1
79 9897
-1
81 10000
-1
-1
-1
82 9949
-1
80 9873
-1
81 9898
-1
83 9808
-1
77 9925
-1
75 9971
-1
75 9839
-1
77 9838
-1
-1
-1
74 9769
-1
78 9990
-1
82 9961
-1
81 9934
-1
79 9796
-1
82 9938
-1
84 9970
-1
86 9943
-1
-1
-1
86 9901
-1
84 9992
-1
84 9823
-1
80 9964
-1
81 9925
-1
83 9978
-1
83 9982
-1
82 9867
-1
-1
-1
78 9851
-1
76 9935
-1
75 9996
-1
77 9995
-1
73 9853
-1
76 10000
-1
75 9992
-1
75 9996
-1
-1
-1
80 9990
-1
83 9996
-1
84 9924
-1
84 9946
-1
86 9972
-1
85 9876
-1
83 9958
-1
84 9995
-1
-1
-1
88 9881
-1
80 9828
-1
79 9863
-1
81 9933
-1
84 9898
-1
82 9982
-1
84 9976
-1
83 9896
-1
-1
-1
85 9882
-1
81 9827
-1
82 9997
-1
85 9951
-1
81 9912
-1
84 9994
-1
82 9925
-1
83 9865
-1
-1
-1
84 9811
-1
81 9869
-1
81 9847
-1
84 9947
-1
84 9965
-1
83 9799
-1
79 9866
-1
81 9954
-1
-1
-1
75 9997
-1
75 9985
-1
75 9999
-1
74 9945
-1
73 9899
-1
71 9964
-1
72 9881
-1
74 9867
-1
-1
-1
78 9907
-1
80 9877
-1
81 9904
-1
84 9988
-1
84 9784
-1
85 9933
-1
85 9946
-1
88 9901
-1
-1
-1
88 9983
-1
85 9934
-1
82 9981
-1
85 9845
-1
84 9940
-1
81 9934
-1
81 9984
-1
78 9923
-1
-1
-1
80 9919
-1
78 9979
-1
78 9898
-1
78 9935
-1
77 9935
-1
78 9888
-1
77 9839
-1
80 9982
-1
-1
-1
82 9917
-1
81 9908
-1
79 9941
-1
77 9777
-1
79 9937
-1
81 9806
-1
80 9897
-1
82 9964
-1
-1
-1
78 9943
-1
75 9974
-1
76 9828
-1
78 9897
-1
81 9924
-1
79 9995
-1
78 9909
-1
79 9957
-1
-1
-1
79 9825
-1
78 9968
-1
78 9926
-1
78 9903
-1
76 9972
-1
74 9927
-1
77 9939
-1
77 9853
-1
-1
-1
79 9826
-1
78 9786
-1
81 9813
-1
84 9954
-1
83 9893
-1
82 9908
-1
80 9960
-1
74 9965
-1
-1
-1
71 9976
-1
68 9848
-1
69 9878
-1
69 9971
-1
67 9855
-1
69 9826
-1
72 9952
-1
77 9963
-1
-1
-1
82 9792
-1
82 9952
-1
82 9984
-1
81 9959
-1
81 9941
-1
83 9891
-1
87 9947
-1
87 9975
-1
-1
-1
84 9847
-1
82 9922
-1
82 9976
-1
83 9886
-1
82 9923
-1
81 9950
-1
79 9957
-1
77 9814
-1
-1
-1
75 9940
-1
73 9973
-1
73 9985
-1
69 9959
-1
72 9893
-1
74 9963
-1
77 9980
-1
79 9854
-1
-1
-1
84 9979
-1
82 9941
-1
82 9902
-1
86 9950
-1
87 9926
-1
89 9887
-1
85 9948
-1
79 9994
-1
-1
-1
71 9972
-1
70 9959
-1
68 9947
-1
70 9977
-1
70 9877
-1
71 9875
-1
73 9954
-1
75 9892
-1
-1
-1
78 9900
-1
80 9977
-1
80 9915
-1
82 9979
-1
79 9960
-1
79 9996
-1
79 9798
-1
80 9993
-1
-1
-1
80 9973
-1
80 9953
-1
82 9960
-1
83 9993
-1
85 9987
-1
81 9980
-1
82 9907
-1
84 9889
-1
-1
-1
84 9890
-1
85 9999
-1
81 9966
-1
78 9998
-1
72 9812
-1
76 9855
-1
76 9994
-1
77 9918
-1
-1
-1
74 9896
-1
76 9926
-1
75 9872
-1
75 9829
-1
77 9887
-1
80 9812
-1
81 9925
-1
81 9950
-1
-1
-1
80 9946
-1
81 9920
-1
79 9948
-1
76 9810
-1
77 9943
-1
80 9946
-1
76 9872
-1
74 9954
-1
-1
-1
78 9973
-1
80 9898
-1
82 9997
-1
82 9961
-1
85 9923
-1
85 9839
-1
88 9961
-1
85 9961
-1
-1
-1
84 9943
-1
79 9796
-1
74 9906
161
71 9821
-1
70 9880
-1
66 9875
-1
67 9814
-1
68 9992
-1
-1
-1
72 9989
-1
71 9976
-1
70 9997
-1
72 9979
-1
75 9980
-1
75 9981
-1
71 9790
-1
73 9905
-1
-1
-1
72 9962
-1
76 9999
-1
77 9914
-1
77 9963
-1
78 9763
-1
79 9948
-1
82 9989
-1
83 9955
-1
-1
-1
86 9989
-1
80 9935
-1
79 9897
-1
81 9962
-1
84 9958
-1
81 9995
-1
81 9922
-1
79 9968
-1
-1
-1
79 9980
-1
78 9819
-1
80 9850
-1
76 9946
-1
75 9993
-1
75 9986
-1
72 9912
-1
72 9986
-1
-1
-1
70 9975
-1
71 9988
-1
70 9837
-1
72 9975
-1
73 9892
-1
73 9898
-1
76 9932
-1
80 9949
-1
-1
-1
77 9873
-1
81 9899
-1
85 9921
-1
85 9803
-1
86 9967
-1
83 9818
-1
79 9979
-1
78 9902
-1
-1
-1
78 9997
-1
80 9916
-1
74 9919
-1
74 9854
-1
74 9914
-1
77 9940
-1
77 9832
-1
79 9978
-1
-1
-1
82 9876
-1
80 9952
-1
78 9861
-1
81 9932
-1
81 9931
-1
80 9855
-1
79 9838
-1
79 9844
-1
-1
-1
77 9856
-1
79 9818
-1
83 9906
-1
83 9962
-1
84 9993
-1
84 9956
-1
85 9961
-1
81 9935
-1
-1
-1
86 9956
-1
85 9947
-1
79 10000
-1
77 9922
-1
79 9863
-1
79 9859
-1
78 9887
-1
77 10000
-1
-1
-1
73 9873
-1
75 9873
-1
75 9942
-1
75 9939
-1
74 9976
-1
71 9862
-1
71 9941
-1
70 9817
-1
-1
-1
76 9819
-1
79 9939
-1
74 9871
-1
75 9978
-1
75 9969
-1
79 9974
-1
78 9879
-1
81 9912
-1
-1
-1
80 9980
-1
80 9966
-1
79 9787
-1
80 9890
-1
82 9953
-1
82 9981
-1
79 9851
-1
78 9869
-1
-1
-1
76 9931
-1
75 9885
-1
74 9976
-1
74 9910
-1
73 9860
-1
75 9927
-1
76 9832
-1
75 9923
-1
-1
-1
77 9929
-1
78 9792
-1
78 9923
-1
78 9776
-1
81 9927
-1
81 9845
-1
80 9891
-1
81 9867
-1
-1
-1
83 9977
-1
84 9984
-1
82 10000
-1
86 9991
-1
84 9978
-1
86 9939
-1
83 9918
-1
83 9887
-1
-1
-1
80 9908
-1
77 9940
-1
75 9952
-1
79 9979
-1
74 9985
-1
71 9895
-1
74 9975
-1
74 9978
-1
-1
-1
73 9867
-1
75 9871
-1
73 9983
-1
70 9979
-1
72 9883
-1
76 9921
-1
75 9976
-1
72 9947
-1
-1
-1
72 9902
-1
77 9923
176
78 9963
-1
83 9987
-1
84 9907
-1
82 9929
-1
82 9879
-1
85 9961
-1
-1
-1
90 9990
-1
88 9808
-1
88 9950
-1
84 9934
-1
84 9967
-1
80 9985
-1
82 9875
-1
82 9991
-1
-1
-1
78 9937
-1
73 9844
-1
74 9994
-1
74 9977
-1
73 9823
-1
75 9887
-1
73 9899
-1
73 9985
-1
-1
-1
77 9922
-1
78 9914
-1
80 9985
-1
82 9957
-1
85 9946
-1
86 9956
-1
83 9923
-1
84 9965
-1
-1
-1
81 9977
-1
78 9954
-1
79 9947
-1
78 9927
-1
76 9774
-1
77 9995
-1
78 9986
-1
76 9912
-1
-1
-1
80 9967
-1
77 9897
-1
76 9955
-1
77 9963
-1
77 9995
-1
72 9981
-1
71 9936
-1
72 9972
-1
-1
-1
69 9786
-1
70 9786
-1
67 9860
-1
69 9855
-1
72 9927
-1
75 9921
-1
76 9856
-1
77 9890
-1
-1
-1
80 9957
-1
79 9803
-1
80 9944
-1
82 9867
-1
85 9998
-1
84 9965
-1
84 9863
-1
84 9948
-1
-1
-1
84 9983
-1
85 9909
-1
87 9978
-1
89 9989
-1
88 9934
-1
90 9826
-1
88 9918
-1
89 9866
-1
-1
-1
91 9966
-1
90 9903
-1
88 9784
-1
86 9983
-1
82 9919
-1
84 9792
-1
86 9953
-1
85 9945
-1
-1
-1
86 9881
-1
85 9939
-1
86 9841
-1
83 9958
-1
83 9955
-1
85 9918
-1
82 9909
-1
84 9962
-1
-1
-1
75 9867
-1
78 9840
-1
75 9938
-1
76 9858
-1
76 9988
-1
73 9987
-1
76 9881
-1
80 9986
-1
-1
-1
80 9972
-1
81 9941
-1
81 9972
-1
80 9989
-1
78 9813
-1
79 9889
-1
81 9906
-1
77 9894
-1
-1
-1
76 9980
-1
75 9994
-1
73 9787
-1
77 9921
-1
79 9993
-1
79 9875
-1
80 9881
-1
78 9962
-1
-1
-1
80 9999
-1
81 9837
-1
79 9949
-1
80 9922
-1
84 9953
-1
82 9984
-1
80 9892
-1
81 9953
-1
-1
-1
79 9950
-1
78 9994
-1
80 9978
-1
84 9970
-1
80 9851
-1
77 9767
-1
76 9897
-1
78 9810
-1
-1
-1
76 9772
-1
77 9846
-1
74 9965
-1
73 9990
-1
74 9933
-1
74 9865
-1
74 9902
-1
73 9849
-1
-1
-1
73 9888
-1
71 9854
121
74 9840
-1
74 9823
-1
76 9980
-1
76 9914
-1
76 9971
-1
77 9894
-1
-1
-1
82 9889
-1
80 9840
-1
83 9912
-1
84 9998
-1
81 9887
-1
82 9931
-1
81 9950
-1
78 9797
-1
-1
-1
78 9939
-1
73 9840
-1
72 9854
-1
72 9915
-1
75 9939
-1
74 9847
-1
76 9963
-1
78 9804
-1
-1
-1
76 9814
-1
80 9942
-1
84 9972
-1
84 9998
-1
86 9893
-1
87 9958
-1
83 9995
-1
86 9985
-1
-1
-1
85 9937
-1
84 9931
-1
83 9989
-1
80 9918
-1
82 9969
-1
77 9895
-1
79 9877
-1
83 9955
-1
-1
-1
82 9990
-1
80 9997
-1
82 9987
-1
83 9874
-1
85 9941
-1
85 9972
-1
86 9922
-1
88 9762
-1
-1
-1
83 9852
-1
79 9885
-1
83 9984
-1
79 9884
-1
79 10000
-1
81 9970
-1
79 9908
-1
76 9880
-1
-1
-1
75 9888
-1
77 9847
-1
80 9844
-1
78 9942
-1
82 9952
-1
84 9995
-1
83 9924
-1
84 9954
-1
-1
-1
88 9878
-1
88 9959
-1
88 9836
-1
87 9834
-1
87 9972
-1
84 9989
-1
75 9984
-1
78 9955
-1
-1
-1
76 9976
-1
74 9924
-1
74 9924
-1
75 9952
-1
77 9949
-1
76 9830
-1
81 9852
-1
85 9984
-1
-1
-1
84 9880
-1
89 9996
-1
88 9911
-1
87 9995
-1
85 9928
-1
88 9993
-1
88 9996
-1
88 9910
-1
-1
-1
81 9850
-1
83 9948
-1
76 9824
-1
79 9884
-1
82 9966
-1
80 9898
-1
80 9960
-1
78 9920
-1
-1
-1
78 9954
-1
80 9994
-1
79 9875
-1
80 9958
-1
74 9832
-1
76 9866
-1
73 9861
-1
76 9927
-1
-1
-1
77 9904
-1
76 9898
-1
75 9840
-1
76 9922
-1
77 9929
-1
80 9934
-1
80 9894
-1
82 9805
-1
-1
-1
81 9926
-1
80 9839
-1
82 9996
-1
85 9952
-1
82 9974
-1
84 9982
-1
81 9851
-1
81 9894
-1
-1
-1
78 9978
-1
76 9857
-1
74 9968
-1
72 9970
-1
75 9999
-1
74 9834
-1
76 9904
-1
80 9986
-1
-1
-1
81 9970
-1
84 9920
-1
86 9929
-1
85 9995
-1
87 9985
-1
86 9871
-1
86 9970
-1
86 9977
-1
-1
-1
83 9978
-1
82 9941
-1
85 9893
-1
83 9839
-1
85 9984
-1
85 9977
-1
85 9909
-1
87 9942
-1
-1
-1
86 9871
-1
86 9963
-1
83 9966
-1
80 9977
-1
78 9910
-1
78 9946
-1
78 9998
-1
75 9938
-1
-1
-1
75 9868
-1
76 9967
-1
78 9995
-1
77 9840
-1
81 9963
-1
79 9998
-1
77 9905
-1
78 9774
-1
-1
-1
83 9977
-1
80 9826
-1
78 9796
-1
78 10000
-1
79 9958
-1
74 9896
-1
79 9964
-1
81 9808
-1
-1
-1
81 9983
-1
78 9894
-1
82 9925
-1
82 9829
-1
82 9955
-1
85 9979
-1
83 9993
-1
84 9982
-1
-1
-1
79 9963
-1
77 9999
-1
78 9852
-1
76 9800
-1
78 9970
-1
80 9859
-1
79 9991
-1
80 9997
-1
-1
-1
79 9885
-1
79 9966
-1
78 9990
-1
76 9954
-1
73 9882
-1
76 9965
-1
74 9907
-1
76 9949
-1
-1
-1
76 9954
-1
77 9877
-1
78 9922
-1
78 9876
-1
80 9888
-1
80 9929
-1
75 9829
-1
79 9856
-1
-1
-1
77 9850
-1
79 9803
-1
77 9969
-1
76 9864
-1
78 9967
-1
80 9836
-1
83 9925
-1
84 9881
-1
-1
1
83 9959
-1
86 9913
-1
87 9844
-1
86 9837
-1
81 9866
-1
84 9927
-1
79 9934
-1
80 9820
-1
-1
-1
82 9905
-1
84 9924
-1
80 9955
-1
83 9999
-1
83 9950
-1
84 9804
-1
88 9775
-1
86 10000
-1
-1
-1
82 9971
-1
82 9965
-1
83 9987
-1
85 9884
-1
85 9945
-1
84 9981
-1
87 9991
-1
85 9936
-1
-1
-1
86 9959
-1
84 9982
-1
86 9972
-1
85 9900
-1
76 9851
-1
77 9830
-1
76 9869
-1
75 9958
-1
-1
-1
75 9850
-1
75 9941
-1
73 9812
-1
76 9970
-1
79 9860
-1
84 9875
-1
83 9984
-1
85 9936
-1
-1
-1
80 9970
-1
83 9945
-1
83 9846
-1
83 9997
-1
81 9992
-1
76 9991
-1
74 9924
-1
74 9991
-1
-1
-1
72 9931
-1
71 9937
-1
73 9973
-1
67 9907
-1
70 9878
-1
70 9812
-1
70 9858
-1
71 9857
-1
-1
-1
75 9857
-1
74 9946
-1
76 9886
-1
77 9836
-1
82 9857
-1
87 9840
-1
88 9868
-1
84 9924
-1
-1
-1
81 9919
-1
83 9884
-1
85 9828
-1
88 9982
-1
86 9914
-1
88 9934
-1
83 9943
-1
79 9789
-1
-1
-1
82 9987
-1
84 9997
-1
82 9939
-1
81 9962
-1
78 9841
-1
78 9962
-1
75 9804
-1
78 9994
-1
-1
-1
74 9954
-1
77 9987
-1
75 9979
-1
75 9999
-1
74 9889
-1
73 9817
-1
74 9855
-1
74 9948
-1
-1
73
76 9927
-1
77 9995
-1
77 9933
-1
74 9834
-1
72 9807
-1
73 9935
-1
75 9937
-1
76 9876
-1
-1
-1
75 9819
-1
76 9821
-1
76 9842
-1
75 9804
-1
79 9954
-1
80 9999
-1
81 9941
-1
79 9829
-1
-1
-1
78 9952
-1
81 9849
-1
84 9969
-1
79 9938
-1
80 9956
-1
77 9966
-1
76 9863
-1
78 9996
-1
-1
-1
80 9978
-1
75 9993
-1
76 9962
-1
77 9821
-1
78 9920
-1
79 9942
-1
80 9838
-1
82 9827
-1
-1
-1
82 9850
-1
81 9895
-1
82 9977
-1
79 9958
-1
77 9844
-1
76 9976
-1
74 9841
-1
72 9812
-1
-1
-1
75 9848
-1
80 9935
-1
80 9941
-1
77 9935
-1
77 9999
-1
76 9991
-1
77 9798
-1
80 9905
-1
-1
-1
85 9972
-1
81 9843
-1
84 9890
-1
82 9965
-1
84 9832
-1
87 9951
-1
85 9845
-1
87 9900
-1
-1
-1
82 9979
-1
77 9887
-1
77 9916
-1
75 9934
-1
74 9961
-1
74 10000
-1
76 9998
-1
75 9943
-1
-1
-1
74 9882
-1
74 9769
-1
77 9945
-1
76 9998
-1
76 9984
-1
76 9998
-1
72 9773
-1
76 9875
-1
-1
-1
81 9991
-1
79 9938
-1
81 9961
-1
78 10000
-1
80 9892
-1
85 9959
-1
89 9922
-1
87 9819
-1
-1
-1
85 9932
-1
85 9981
-1
86 9951
-1
89 9935
-1
90 9974
-1
90 9941
-1
90 9932
-1
84 9926
-1
-1
-1
83 9994
-1
82 9907
-1
87 9946
-1
88 9980
-1
85 9955
-1
82 9901
-1
84 9947
-1
86 9996
-1
-1
-1
87 9987
-1
90 9963
-1
89 9822
-1
88 9991
-1
81 9941
-1
85 9997
-1
87 9915
-1
86 9968
-1
-1
-1
75 9885
-1
77 9860
-1
77 9980
-1
76 9850
-1
80 9887
-1
82 9940
-1
77 9954
-1
75 9799
-1
-1
-1
78 9970
-1
79 9783
-1
77 9825
-1
75 9950
-1
76 9959
-1
73 9766
-1
76 9995
-1
73 9981
-1
-1
-1
73 9975
-1
73 9939
-1
74 9902
-1
77 9880
-1
78 9862
-1
78 9974
-1
77 9816
-1
79 9939
-1
-1
-1
81 9973
-1
81 9948
-1
79 9967
-1
77 9830
-1
74 9843
-1
70 9841
-1
73 9879
-1
70 9928
-1
-1
-1
71 9869
-1
71 9790
-1
74 9791
-1
77 9962
-1
78 9961
-1
79 9851
-1
82 9960
-1
82 10000
-1
-1
-1
85 9966
-1
88 9984
-1
86 9810
-1
88 9984
-1
90 10000
-1
90 10000
-1
90 9947
-1
91 9977
-1
-1
-1
92 9988
-1
87 9953
-1
86 9973
-1
84 9906
-1
80 9840
-1
74 9985
-1
76 9991
-1
74 9993
-1
-1
-1
73 9765
-1
76 9868
-1
81 9975
-1
80 9937
-1
80 9854
-1
83 9987
-1
88 9976
-1
89 9869
-1
-1
-1
90 9983
-1
87 9904
-1
85 9902
-1
76 9889
-1
77 9974
-1
81 9858
-1
82 9954
-1
78 9946
-1
-1
-1
75 9930
-1
75 9874
-1
77 9781
-1
80 9930
-1
83 9947
10
85 9969
-1
81 9961
-1
84 9958
-1
-1
-1
81 9863
-1
82 9907
-1
84 9978
-1
83 9917
-1
82 9995
-1
79 9995
-1
80 9923
-1
80 9930
-1
-1
-1
76 9889
-1
79 9950
-1
73 9827
-1
75 9983
-1
76 9950
-1
76 9878
-1
76 9933
-1
74 9909
-1
-1
-1
76 9957
-1
75 9836
-1
74 9836
-1
75 9870
-1
73 9976
-1
73 9994
-1
73 9974
-1
71 9969
-1
-1
-1
72 9992
-1
73 9962
-1
72 9765
-1
73 9976
-1
75 9889
-1
75 9776
-1
78 9836
-1
75 9782
-1
-1
-1
76 9782
-1
76 9888
-1
77 9905
-1
78 9883
-1
81 9974
-1
78 9904
-1
76 9965
-1
76 9879
-1
-1
-1
75 9995
-1
73 9849
-1
73 9997
-1
72 9840
-1
72 9926
-1
75 9988
-1
75 9995
-1
76 9905
-1
-1
-1
76 9977
-1
80 9949
-1
83 9972
-1
81 9915
-1
81 9771
-1
81 9927
-1
80 9942
-1
80 9837
-1
-1
-1
76 9981
-1
80 9984
-1
73 9997
-1
74 9874
-1
72 9997
-1
70 9986
-1
69 9850
-1
73 9987
-1
-1
-1
75 9835
-1
77 9993
-1
74 9959
-1
73 9957
53
74 9847
-1
74 9912
-1
74 9995
-1
71 9996
-1
-1
-1
70 9827
-1
70 9945
-1
69 9898
-1
71 9865
-1
72 9996
-1
75 9984
-1
78 9992
-1
77 9759
-1
-1
-1
77 9891
-1
79 9855
-1
79 9923
-1
81 9820
-1
84 9887
-1
83 9834
-1
81 9960
-1
78 9948
-1
-1
-1
80 9969
-1
81 9978
-1
82 9966
-1
79 9860
-1
79 9970
-1
81 9953
-1
81 9944
-1
81 9938
-1
-1
-1
80 9948
-1
81 9953
-1
83 9814
-1
84 9900
-1
83 9969
-1
82 9987
-1
78 9986
-1
79 9947
-1
-1
-1
80 9986
-1
80 9956
-1
75 9962
-1
74 9850
-1
71 9974
-1
73 9888
-1
75 9958
-1
76 9841
-1
-1
-1
72 9978
-1
76 9947
-1
77 9927
-1
78 9968
-1
78 9864
-1
81 9849
-1
83 9934
-1
80 9966
-1
-1
-1
84 9886
-1
87 9890
-1
89 9994
-1
86 9940
-1
84 9969
-1
85 9908
-1
85 9984
-1
87 9990
-1
-1
-1
90 9992
-1
93 9978
-1
96 9917
-1
95 9983
-1
93 9837
-1
95 9954
-1
97 9891
-1
95 9967
-1
-1
-1
90 9970
-1
90 9926
-1
88 9942
-1
80 9961
-1
78 9958
-1
77 9885
-1
73 9973
-1
74 9994
-1
-1
173
75 9901
-1
75 9908
-1
76 9950
-1
77 9965
-1
78 9902
-1
78 9930
-1
79 9977
-1
81 9990
-1
-1
-1
78 9943
-1
81 9993
-1
81 9942
-1
78 9961
-1
76 9964
-1
73 9790
-1
74 9810
-1
70 9981
-1
-1
-1
72 9984
-1
71 9966
-1
71 9799
-1
73 9974
-1
71 9996
-1
72 9948
-1
73 9865
-1
75 9899
-1
-1
-1
78 9951
-1
79 9995
-1
75 9986
-1
75 9860
-1
76 9930
-1
75 9999
-1
74 9891
-1
72 9785
-1
-1
-1
77 9990
-1
75 9860
-1
77 9916
-1
80 9964
-1
82 9805
-1
86 9997
-1
87 9858
-1
87 9990
-1
-1
-1
89 9974
-1
88 9942
-1
85 9968
-1
82 9909
-1
79 9959
-1
75 9979
-1
75 9985
-1
75 9945
-1
-1
-1
71 9967
-1
70 9972
-1
70 9935
-1
74 9947
-1
74 9777
-1
76 9943
-1
77 9924
-1
77 9918
-1
-1
-1
76 9889
-1
76 9891
-1
77 9852
-1
77 9876
-1
75 9898
-1
77 9989
-1
77 9821
-1
79 9985
-1
142
-1
80 9913
-1
82 9947
-1
80 9984
-1
80 9994
-1
78 9946
-1
80 9982
-1
84 9969
-1
82 9969
-1
-1
-1
81 9978
-1
82 9924
-1
79 9936
-1
81 9806
-1
84 9828
-1
83 9795
-1
85 9929
-1
84 9963
-1
-1
-1
84 9946
-1
84 9953
-1
84 9950
-1
85 9945
-1
84 9864
-1
86 9930
-1
83 9833
-1
84 9943
-1
-1
-1
84 9980
-1
85 9965
-1
80 9911
-1
83 9858
-1
85 9924
-1
85 9956
-1
86 9895
-1
87 9910
-1
-1
-1
84 9974
-1
81 9871
-1
79 9932
-1
82 9986
-1
83 9958
-1
78 9914
-1
79 9819
-1
82 9978
-1
-1
-1
82 9902
-1
80 9970
-1
82 10000
-1
83 9902
-1
83 9858
-1
84 9998
-1
86 9978
-1
88 9825
-1
-1
-1
85 9995
-1
85 9842
-1
86 9782
-1
90 9929
-1
90 9988
-1
90 9982
-1
89 9997
-1
88 9961
-1
-1
-1
88 9992
-1
86 9915
-1
81 9880
-1
79 9800
-1
77 9957
-1
74 9842
-1
73 9902
-1
74 9943
-1
-1
-1
65 9927
-1
69 9774
-1
73 9971
-1
73 9945
-1
73 9975
-1
76 9908
-1
78 9930
-1
79 9873
-1
-1
-1
81 9990
-1
82 9939
-1
81 9996
-1
82 9938
-1
85 9977
-1
83 9868
-1
86 9966
-1
84 9847
-1
-1
-1
81 9948
-1
80 9822
-1
80 9893
-1
82 9902
-1
74 9846
-1
75 9901
131
76 9957
-1
79 9995
-1
-1
-1
80 9849
-1
82 9989
-1
83 9823
-1
86 9954
-1
89 9987
-1
87 9915
-1
88 9990
-1
89 9954
-1
-1
-1
91 9969
-1
84 9922
-1
84 9995
-1
88 9907
-1
86 9897
-1
86 9934
-1
89 9889
-1
87 9917
-1
-1
-1
87 9967
-1
88 9972
-1
85 9862
-1
86 9887
-1
87 9889
-1
83 9881
-1
81 9993
-1
75 9940
-1
-1
-1
72 9934
-1
73 9932
-1
73 9779
-1
76 9903
-1
74 9929
-1
72 9963
-1
74 9925
-1
75 9885
-1
-1
-1
77 9960
-1
77 9993
-1
76 9922
-1
75 9934
-1
77 9980
-1
78 9954
-1
80 9855
-1
78 9988
-1
-1
-1
76 9987
-1
75 9901
-1
76 9948
-1
76 9805
-1
74 9914
-1
71 9902
-1
71 9926
-1
70 9964
-1
-1
-1
73 9837
-1
75 9918
-1
75 9972
-1
74 9984
-1
75 9941
-1
75 9950
-1
78 9802
-1
79 9820
-1
5
-1
82 9982
-1
84 9885
-1
81 9958
-1
82 9812
-1
85 9978
-1
84 9966
-1
86 9934
-1
88 9986
-1
-1
-1
84 9991
-1
84 9928
-1
84 9848
-1
87 9998
-1
86 9936
-1
86 9872
-1
84 9896
-1
84 9948
-1
-1
-1
82 9879
-1
83 9911
-1
81 9980
-1
78 9993
-1
78 9977
-1
77 9826
-1
75 9857
-1
81 9999
-1
-1
-1
83 9978
-1
85 9813
-1
87 9964
-1
85 9931
-1
89 9869
-1
91 9997
-1
88 9907
-1
89 9998
-1
-1
-1
83 9941
-1
82 9974
-1
80 9987
-1
80 9986
-1
82 9940
-1
83 9939
-1
79 9897
-1
80 9870
-1
-1
-1
82 9967
-1
84 9890
-1
88 9987
-1
91 9894
-1
90 9961
-1
91 9880
-1
93 9987
-1
89 9940
-1
-1
-1
90 9973
-1
90 9940
-1
89 9955
-1
89 9922
-1
83 9979
-1
83 9999
-1
81 9983
-1
76 9953
-1
-1
-1
75 9884
-1
76 9826
-1
80 9998
-1
81 9997
-1
79 9916
-1
81 9958
-1
81 9989
-1
82 9976
-1
-1
-1
85 9898
-1
85 9983
-1
82 9814
-1
77 9895
-1
78 9970
-1
80 9997
-1
79 9805
-1
82 9953
-1
-1
-1
80 9963
-1
80 9888
-1
82 9942
-1
83 9850
-1
83 9954
-1
83 9818
-1
82 9924
-1
80 9884
-1
-1
-1
81 9878
-1
80 9926
-1
80 9935
-1
77 9989
-1
78 9825
-1
78 9962
-1
76 9902
-1
79 9946
-1
-1
-1
81 9928
-1
77 9967
-1
77 9946
-1
78 9958
-1
77 9798
-1
77 9979
-1
77 9910
-1
73 9806
-1
-1
-1
70 9843
-1
74 9780
-1
76 9995
-1
74 9937
-1
74 9992
-1
78 9963
-1
80 9954
-1
80 9821
-1
-1
-1
82 9888
-1
83 9919
-1
83 9997
-1
79 9898
-1
77 9979
-1
75 9901
-1
71 9977
-1
72 9870
-1
-1
-1
74 9767
-1
71 9959
-1
70 9814
-1
73 9991
-1
75 9836
-1
74 9894
-1
77 9968
-1
78 9931
-1
-1
-1
71 9989
-1
75 9999
-1
78 9947
-1
78 9836
-1
78 10000
-1
77 9999
-1
76 9991
-1
76 9999
-1
-1
-1
79 9978
-1
81 9927
-1
75 9840
-1
76 9916
-1
76 9903
-1
75 9822
-1
75 9991
-1
73 9941
-1
-1
-1
75 9962
-1
72 9930
-1
73 9916
-1
73 9978
-1
74 9978
-1
77 9933
-1
78 9867
-1
79 9804
-1
-1
-1
81 9983
-1
83 9917
-1
83 9933
-1
84 9971
-1
81 9787
-1
82 9992
-1
82 9863
-1
79 9995
-1
-1
-1
85 9887
-1
85 9931
-1
81 9952
-1
84 9963
-1
85 9838
-1
85 9901
-1
83 9980
-1
80 9955
-1
-1
-1
75 9983
-1
73 9916
-1
72 9893
-1
71 9932
-1
71 9971
-1
71 9998
-1
70 9869
-1
73 9879
-1
-1
-1
72 9893
-1
73 9945
-1
74 9884
-1
73 9982
-1
72 9930
-1
72 9996
-1
72 9995
-1
70 9941
-1
-1
-1
71 9977
-1
71 9961
-1
73 9790
-1
75 9816
-1
77 9947
-1
76 9776
-1
78 9987
-1
79 9980
-1
-1
-1
80 9955
-1
81 9932
-1
80 9935
-1
80 10000
-1
81 9944
-1
80 9927
-1
80 9933
-1
83 9972
-1
-1
-1
84 9978
-1
85 9988
-1
84 9965
-1
85 9991
-1
81 9929
-1
80 9909
-1
79 9873
-1
83 9969
-1
-1
-1
80 9936
-1
77 9961
-1
81 9862
-1
85 9966
-1
86 9976
-1
86 9936
-1
90 9992
-1
89 9930
-1
-1
-1
84 9951
-1
85 9985
-1
85 9933
-1
83 9925
-1
80 9933
-1
78 9852
-1
80 9958
-1
77 9967
-1
-1
-1
75 9958
-1
75 9920
-1
73 10000
-1
72 9964
-1
73 9823
-1
74 9907
-1
70 9823
-1
70 9760
-1
-1
-1
71 9988
-1
71 9944
-1
70 9890
-1
72 9958
-1
71 9962
-1
73 9873
-1
76 9977
-1
77 9987
-1
-1
-1
79 9942
-1
81 9920
-1
83 9899
-1
85 9949
-1
83 9817
-1
86 9849
-1
90 9991
-1
85 9993
-1
-1
-1
86 9844
-1
82 9960
-1
83 9836
-1
83 9925
-1
83 9990
-1
82 9973
-1
78 9992
-1
78 9980
-1
-1
-1
84 9992
-1
80 9777
-1
82 9958
-1
80 9951
-1
79 9883
-1
75 9919
-1
77 9900
-1
79 9957
-1
-1
-1
75 9822
-1
79 9972
-1
81 9899
-1
82 9841
-1
81 9991
-1
83 9904
-1
86 9911
-1
86 9978
-1
-1
-1
87 9873
-1
89 9910
-1
86 9959
-1
85 9982
-1
84 9928
-1
84 9995
-1
84 9872
-1
81 9946
-1
-1
-1
83 9993
-1
83 9997
-1
86 9930
-1
85 9847
-1
85 9890
-1
88 9958
-1
86 9947
-1
87 9846
-1
-1
-1
87 9992
-1
82 9889
-1
83 9942
-1
80 9951
-1
81 9910
-1
79 9997
-1
77 9857
-1
78 9832
-1
-1
-1
82 9925
-1
85 9852
-1
86 9853
-1
84 9917
-1
83 9975
-1
82 9919
-1
82 9861
-1
78 9963
-1
-1
-1
74 10000
-1
74 9932
-1
74 9953
-1
75 9877
-1
76 9923
-1
74 9896
-1
72 9989
-1
74 9851
-1
-1
-1
78 9989
-1
83 9986
-1
80 9930
-1
83 9907
-1
80 9992
-1
80 9835
-1
80 9872
-1
81 9852
-1
-1
-1
85 9963
-1
86 9989
-1
84 9992
-1
82 9925
-1
81 9924
-1
80 9861
-1
82 9878
-1
83 9835
-1
-1
-1
89 9951
-1
91 9999
-1
91 9926
-1
85 9808
-1
86 9756
-1
91 9995
-1
88 9953
-1
85 9943
-1
12
-1
77 9826
-1
77 9992
-1
76 9969
-1
77 9999
-1
75 9979
-1
74 9886
-1
75 9921
-1
77 9814
-1
-1
-1
80 9943
-1
81 9993
-1
78 9837
-1
76 9916
-1
75 9864
-1
72 9949
-1
71 9800
-1
72 9976
-1
-1
-1
70 9930
-1
71 9906
-1
72 9907
-1
75 9893
-1
74 9864
-1
77 9956
-1
77 9887
-1
79 9967
-1
-1
-1
75 9955
-1
74 9994
-1
73 9982
-1
71 9969
-1
72 9898
-1
71 9942
-1
74 9982
-1
76 9890
-1
-1
-1
78 9887
-1
80 9995
-1
82 9898
-1
81 9851
-1
83 9954
-1
85 9959
-1
80 9893
-1
78 9983
-1
-1
-1
80 9946
-1
78 9998
-1
76 9889
-1
75 9913
-1
76 9991
-1
74 9910
-1
77 9997
-1
74 9961
-1
-1
-1
78 9882
-1
79 9860
-1
81 9977
-1
79 9972
-1
81 9911
-1
83 9959
-1
83 9895
-1
86 9950
-1
-1
-1
90 9957
-1
85 9964
-1
84 9968
-1
86 9863
-1
88 9836
-1
88 9934
-1
85 9907
-1
87 9999
-1
-1
-1
84 9911
-1
80 9895
-1
82 9968
-1
81 9977
-1
79 9992
-1
77 9844
-1
80 9964
-1
81 9959
-1
-1
-1
85 9947
-1
85 9893
-1
82 9835
-1
86 9904
-1
86 9955
-1
86 9802
-1
85 9995
-1
84 9943
-1
-1
-1
86 9927
-1
87 9901
-1
87 9950
-1
84 9998
-1
86 9984
-1
80 9917
-1
81 9892
-1
80 9999
-1
-1
-1
80 9984
-1
80 9809
-1
81 9924
-1
85 9979
-1
84 9939
-1
84 9998
-1
83 9861
-1
89 9972
-1
-1
-1
92 9950
-1
94 9939
-1
89 9948
-1
88 9960
-1
87 9996
-1
85 9808
-1
89 9936
-1
89 9969
-1
-1
-1
85 9957
-1
83 9926
-1
79 9793
-1
80 9848
-1
77 9944
-1
78 9946
-1
76 9880
-1
74 9939
-1
-1
-1
73 9967
-1
74 9845
-1
75 9878
-1
75 9889
-1
73 9956
-1
75 9995
-1
73 9771
-1
76 9997
-1
-1
-1
75 9797
-1
75 9856
-1
78 9978
-1
77 9940
-1
78 9935
-1
81 9964
-1
79 9973
-1
79 9819
-1
-1
-1
79 9819
-1
79 9835
-1
82 9967
-1
79 9875
-1
79 9996
-1
80 9964
-1
79 9995
-1
82 9937
-1
-1
-1
79 9853
-1
79 9994
-1
80 9858
-1
78 9947
-1
80 9913
-1
83 9942
-1
83 9980
-1
82 9780
-1
-1
-1
78 9957
-1
81 9987
-1
79 9973
-1
78 9926
-1
79 9850
-1
77 9790
-1
79 9909
-1
83 9960
-1
-1
-1
81 9883
-1
83 9996
-1
80 9961
-1
80 9930
-1
77 9923
-1
79 9949
-1
77 9970
-1
79 9963
-1
-1
-1
73 9994
-1
75 9934
-1
75 9939
-1
76 9928
-1
75 9967
-1
73 9981
-1
73 9959
-1
71 9891
-1
-1
-1
73 9977
-1
74 9978
-1
74 9951
-1
76 9896
-1
74 9849
-1
74 9921
-1
75 9981
-1
77 9981
-1
-1
-1
78 9929
-1
82 9959
-1
81 9892
-1
80 9930
-1
77 9815
-1
82 9982
-1
85 9905
-1
86 9968
-1
-1
-1
85 9915
-1
87 9953
-1
84 9871
-1
80 9833
-1
82 9848
-1
82 9920
-1
84 9878
-1
81 9880
-1
-1
-1
85 9908
-1
85 9996
-1
80 9923
-1
81 9946
-1
83 9958
-1
82 9988
-1
80 9835
-1
78 9954
-1
-1
-1
72 9973
-1
71 9955
-1
73 10000
-1
71 9926
-1
68 9901
-1
69 9989
-1
71 9994
-1
73 9752
-1
-1
-1
78 9950
-1
76 9979
-1
77 9878
-1
79 9999
-1
80 9947
-1
85 9992
-1
83 9836
-1
86 9971
-1
-1
-1
80 9993
-1
80 9938
-1
84 9994
-1
85 9984
-1
82 9989
-1
80 9843
-1
76 9984
-1
72 9912
-1
-1
-1
71 9776
-1
75 9988
-1
74 9913
-1
76 9771
-1
76 9959
-1
78 9887
-1
80 9982
-1
83 9998
-1
-1
-1
86 9822
-1
87 9903
-1
91 9861
-1
93 9957
-1
91 9974
-1
87 9969
-1
86 9888
-1
84 9972
-1
-1
-1
83 9933
-1
84 9950
-1
84 9996
-1
81 9882
-1
81 9938
-1
81 9910
-1
82 9948
-1
85 9846
-1
-1
-1
79 9984
-1
78 9984
-1
78 9915
-1
74 9823
-1
76 9971
-1
76 9939
-1
77 9985
-1
78 9807
-1
-1
-1
80 9984
-1
81 9837
-1
83 9890
-1
79 9913
-1
80 9924
-1
79 9861
-1
80 9952
-1
75 9895
-1
-1
-1
75 9972
-1
75 9840
-1
76 9997
-1
77 9824
-1
78 9977
-1
78 9848
-1
79 9970
-1
78 9762
-1
-1
-1
83 9823
-1
83 9854
-1
82 9979
-1
79 9975
-1
77 9888
-1
78 9822
-1
80 9906
-1
82 9997
-1
-1
-1
82 9929
-1
81 9956
-1
82 9978
-1
80 9991
-1
81 9979
-1
82 9911
-1
85 9991
-1
86 9945
-1
-1
-1
83 9966
-1
84 9950
-1
83 9992
-1
78 9864
-1
82 9999
-1
84 9883
-1
86 9900
-1
87 9975
-1
-1
-1
81 9980
-1
81 9921
-1
81 9933
-1
82 9925
-1
84 9797
-1
87 9963
-1
84 9855
-1
82 9932
-1
-1
-1
82 9972
-1
84 9908
-1
86 9962
-1
86 9927
-1
84 9849
-1
80 9918
-1
81 9861
-1
82 9979
-1
-1
-1
81 9868
-1
73 9915
-1
71 9908
-1
72 9985
-1
73 9995
-1
75 9963
-1
75 9819
-1
74 9951
-1
-1
-1
71 9812
-1
74 9896
-1
77 9845
-1
77 9894
-1
77 9856
-1
74 9987
-1
72 9905
-1
73 9970
-1
-1
-1
77 9920
-1
77 9932
-1
78 9892
-1
80 9962
-1
77 9934
-1
79 9991
-1
77 9802
-1
80 9997
-1
-1
-1
79 9865
-1
78 9930
-1
76 9843
-1
77 9932
-1
74 9988
-1
73 9896
-1
78 9907
-1
79 9974
-1
-1
-1
77 9931
-1
76 9882
-1
79 9977
-1
81 9981
-1
78 9788
-1
82 9950
-1
80 9968
-1
74 9995
-1
-1
-1
77 9983
-1
76 9909
-1
78 9994
-1
78 9849
-1
78 9961
-1
81 10000
-1
80 9928
-1
81 9793
-1
-1
-1
80 9910
-1
80 9829
-1
81 9934
-1
84 9846
-1
80 9981
-1
82 9849
-1
80 9981
-1
80 9951
-1
-1
-1
84 9999
-1
84 9976
-1
84 9981
-1
82 9995
-1
78 9935
-1
82 9991
-1
81 9938
-1
80 9944
-1
-1
-1
80 9978
-1
81 9921
-1
79 9859
-1
79 9854
-1
80 9969
-1
81 9997
-1
82 9989
-1
81 9987
-1
-1
-1
81 9977
-1
77 9828
-1
74 9795
-1
78 9909
-1
78 9996
-1
79 9973
-1
78 9999
-1
75 9997
-1
-1
-1
78 9970
-1
76 9910
-1
78 9842
-1
80 9806
-1
80 9916
-1
81 9979
-1
83 9988
-1
85 9836
-1
-1
-1
84 9966
-1
84 9965
-1
84 9965
-1
84 9928
-1
83 9995
-1
80 9970
-1
83 9899
-1
84 9980
-1
-1
-1
85 9963
-1
86 9834
-1
87 9863
-1
87 9868
-1
86 9997
-1
86 9899
-1
87 9938
-1
85 9862
-1
-1
-1
82 9830
-1
84 9956
-1
80 9924
-1
84 9984
-1
84 9969
-1
82 9827
-1
83 9906
-1
83 9888
-1
-1
-1
83 9938
-1
80 9997
-1
79 9905
-1
78 9829
-1
76 9855
-1
79 9963
-1
80 9982
-1
81 9994
-1
-1
-1
80 9899
-1
82 9898
-1
80 9993
-1
79 9931
-1
80 9941
-1
80 9974
-1
76 9912
-1
75 9991
-1
-1
-1
74 9829
-1
70 9791
-1
72 9891
-1
73 9911
-1
73 9838
-1
69 9907
-1
70 9873
-1
74 9964
-1
-1
-1
76 9848
-1
76 9928
-1
81 9994
-1
80 9883
-1
77 9942
-1
80 10000
-1
79 9966
-1
79 9888
-1
-1
-1
78 9987
-1
78 9973
-1
80 9973
-1
76 9922
-1
77 9944
-1
79 9954
-1
78 9941
-1
79 9953
-1
-1
-1
78 9981
-1
79 9866
-1
82 9985
-1
82 9847
-1
85 9999
-1
86 9840
-1
87 9942
-1
85 9958
-1
-1
-1
91 9991
-1
89 9915
-1
91 9999
-1
89 9840
-1
84 9810
-1
83 9815
-1
81 9959
-1
83 9976
-1
-1
-1
77 9900
-1
77 9999
-1
78 9993
-1
73 9785
-1
77 9866
-1
78 9911
-1
76 9999
-1
71 9838
-1
-1
-1
76 9984
-1
78 9911
-1
83 9945
-1
82 9952
-1
84 9960
-1
81 9935
-1
82 9882
-1
82 9971
-1
-1
-1
88 9810
-1
84 9977
-1
84 9949
-1
76 9916
-1
73 9870
-1
76 9831
-1
76 9870
-1
76 9961
-1
-1
-1
74 9964
-1
75 9975
-1
73 9871
-1
74 9853
-1
75 9772
-1
76 9849
-1
76 9878
-1
78 9951
-1
-1
-1
75 9838
-1
74 9913
-1
76 9997
-1
74 9801
-1
78 9884
-1
79 9844
-1
82 9824
-1
79 9859
-1
-1
-1
81 9986
-1
82 9854
-1
82 9925
-1
82 9822
-1
86 9873
-1
86 9963
-1
86 9922
-1
86 9879
-1
-1
-1
85 9853
-1
85 9957
-1
85 9933
-1
86 9935
-1
87 9963
-1
89 9995
-1
82 9836
-1
85 9945
-1
-1
-1
83 9873
-1
88 9958
-1
86 9998
-1
85 9994
-1
83 9981
-1
77 9874
-1
78 9990
-1
79 9995
-1
-1
-1
74 9782
-1
68 9919
-1
70 9995
-1
69 9902
-1
70 9914
-1
68 9988
-1
70 9870
-1
71 9971
-1
-1
-1
74 9841
-1
77 9992
-1
78 9975
-1
81 9998
-1
84 9922
-1
85 9967
-1
83 9909
-1
82 9970
-1
-1
-1
78 9895
-1
78 9929
-1
79 9950
-1
78 9966
-1
76 10000
-1
79 9926
-1
78 9913
-1
80 9964
-1
-1
-1
81 9888
-1
83 9822
-1
82 9877
-1
82 9822
-1
87 9990
-1
84 9966
-1
80 9939
-1
81 9952
-1
-1
-1
81 9792
-1
79 9974
-1
81 9969
-1
82 9951
-1
85 9936
-1
83 9981
-1
83 9969
-1
84 9954
-1
-1
-1
82 9858
-1
84 9955
-1
82 9861
-1
83 9986
-1
83 9932
-1
81 9973
-1
77 9963
-1
78 9756
-1
-1
-1
73 9773
-1
76 9987
-1
76 9970
-1
80 9815
-1
79 9870
-1
79 9952
-1
81 9989
-1
78 9976
-1
-1
-1
75 9997
-1
75 9973
-1
76 9924
-1
72 9939
-1
73 9979
-1
74 9942
-1
75 9984
-1
75 9938
-1
-1
-1
79 9962
-1
80 9985
-1
81 9825
-1
82 9988
-1
81 9883
-1
82 9946
-1
80 9895
-1
78 9963
-1
-1
-1
75 9966
-1
76 9992
-1
73 9964
-1
71 9849
-1
72 9802
-1
75 9948
-1
76 9989
-1
80 9999
-1
-1
-1
83 9823
-1
84 9837
-1
83 9982
-1
83 9807
-1
80 9936
-1
75 9874
-1
75 9882
-1
74 9979
-1
-1
-1
79 9933
-1
76 9983
-1
74 9934
-1
75 9776
-1
77 9851
-1
80 9883
-1
84 9986
-1
83 9947
-1
-1
-1
79 9809
-1
79 9852
-1
82 9989
-1
85 9883
-1
85 9964
-1
87 9957
-1
87 9988
-1
85 9948
-1
-1
-1
89 9946
-1
87 9955
-1
87 9954
-1
85 9807
-1
86 9973
-1
81 9814
-1
83 9927
-1
83 9877
-1
-1
-1
81 9987
-1
80 9874
-1
83 9949
-1
85 9959
-1
85 9874
-1
88 10000
-1
90 9954
-1
93 9996
-1
-1
-1
96 10000
-1
96 9955
-1
94 9913
-1
92 9819
-1
94 9919
-1
93 9996
-1
92 9918
-1
93 9809
-1
-1
-1
87 9845
-1
87 9992
-1
85 9996
-1
86 9792
-1
89 9966
-1
89 9926
-1
86 9959
-1
82 9910
-1
-1
-1
81 9976
-1
82 9994
-1
82 9951
-1
82 9927
-1
83 9986
-1
77 9827
-1
78 9968
-1
77 9989
-1
-1
-1
82 9876
-1
87 9983
-1
88 9848
-1
88 9947
-1
85 9998
-1
85 9819
-1
85 9810
-1
84 9833
-1
-1
-1
86 9930
-1
83 9917
-1
83 9994
-1
79 9956
-1
79 9963
-1
82 9946
-1
81 9985
-1
79 9858
-1
-1
-1
81 9975
-1
83 9884
-1
85 9958
-1
84 9847
-1
84 9942
-1
82 9982
-1
79 9909
-1
80 9997
-1
-1
-1
81 9935
-1
79 9989
-1
79 9919
-1
79 9988
-1
77 9962
-1
77 9905
-1
80 9909
-1
80 9893
-1
-1
-1
81 9872
-1
84 9906
-1
88 9862
-1
86 9900
-1
86 9968
-1
82 9833
-1
80 9855
-1
78 9919
-1
-1
-1
81 9895
-1
75 9857
-1
70 9962
-1
73 9949
-1
73 9899
-1
74 9958
-1
78 9830
-1
79 9878
-1
-1
-1
74 9983
-1
75 9996
-1
74 9830
-1
73 9913
-1
74 9843
-1
77 9894
-1
74 9984
-1
76 9878
-1
-1
-1
82 9840
-1
84 9968
-1
87 9929
-1
86 9923
-1
87 9933
-1
85 9846
-1
82 9813
-1
78 9814
-1
-1
-1
72 9903
-1
76 9908
-1
78 9997
-1
76 9830
-1
79 9990
-1
80 9830
-1
83 9821
-1
84 9936
-1
-1
-1
87 9983
-1
85 9981
-1
89 9965
-1
84 9936
-1
80 9941
-1
82 9929
-1
79 9945
-1
78 9964
-1
-1
-1
77 9966
-1
76 10000
-1
76 9993
-1
74 9940
-1
75 9914
-1
71 9793
-1
73 9895
-1
74 9861
-1
-1
-1
70 9970
-1
71 9990
-1
71 9949
-1
75 9909
-1
75 9996
-1
75 9974
-1
72 9824
-1
75 9941
-1
-1
-1
76 9984
-1
78 9957
-1
78 9951
-1
78 9844
-1
76 9779
-1
78 9934
-1
78 9923
-1
76 9992
-1
-1
-1
75 9971
-1
76 9991
-1
75 9942
-1
77 9986
-1
76 9973
-1
80 9907
-1
75 9949
-1
76 9981
-1
-1
-1
81 9941
-1
82 9926
-1
86 9918
-1
84 9893
-1
82 9966
-1
81 9870
-1
77 9954
-1
79 9994
-1
-1
-1
76 9873
-1
80 9927
-1
82 9999
-1
76 9872
-1
78 9867
-1
78 9941
-1
77 9973
-1
79 9860
-1
-1
-1
73 9943
-1
68 9950
-1
67 9999
-1
68 9976
-1
69 9853
-1
72 9780
-1
73 9994
-1
70 9897
-1
-1
-1
74 9919
-1
76 9890
-1
75 9895
-1
77 9971
-1
73 9951
-1
70 9798
-1
73 9884
-1
77 9983
-1
-1
-1
82 9837
-1
84 9962
-1
83 9814
-1
86 9967
-1
81 9985
-1
81 9846
-1
84 9862
-1
81 9915
-1
-1
-1
81 9966
-1
80 9977
-1
80 9914
-1
83 9918
-1
83 9824
-1
84 9923
-1
87 9914
-1
89 9989
-1
-1
-1
90 9990
-1
93 9996
-1
90 9973
-1
88 9945
-1
84 9973
-1
80 9885
-1
75 9979
-1
76 9898
-1
-1
-1
75 9930
-1
73 9965
-1
74 9890
-1
71 9972
-1
72 9998
-1
72 9974
-1
75 9971
-1
77 9867
-1
-1
-1
75 9962
-1
74 9917
-1
73 9956
-1
74 9907
-1
78 9977
-1
78 9853
-1
79 9925
-1
79 9980
-1
-1
-1
79 9864
-1
79 9926
-1
78 9933
-1
78 9847
-1
77 9971
-1
75 9923
-1
76 9969
-1
77 9876
-1
-1
-1
70 9828
-1
74 9955
-1
76 9799
-1
79 9812
-1
81 9837
-1
82 9938
-1
82 9987
-1
85 9987
-1
-1
-1
82 9995
-1
83 9897
-1
87 9971
-1
80 9876
-1
77 9837
-1
76 9806
-1
77 9852
-1
74 9958
-1
-1
-1
78 9886
-1
78 9996
-1
77 9855
-1
75 9943
-1
80 9987
-1
82 9987
-1
81 9979
-1
84 9992
-1
-1
-1
83 9913
-1
85 9949
-1
87 9975
-1
82 9890
-1
86 9862
-1
88 9820
-1
85 9997
-1
83 9810
-1
-1
-1
81 9940
-1
81 9875
-1
79 9811
-1
78 9956
-1
81 9991
-1
79 9862
-1
76 9917
-1
78 9982
-1
-1
-1
81 9951
-1
78 9943
-1
76 9791
-1
75 9878
-1
73 9931
-1
75 9934
-1
75 9951
-1
75 9906
-1
-1
-1
77 9928
-1
77 9961
-1
77 9996
-1
78 10000
-1
79 9814
-1
81 9821
-1
80 9918
-1
80 9857
-1
-1
-1
79 9953
-1
76 9955
-1
78 9946
-1
76 9814
-1
79 9876
-1
79 9965
-1
79 9968
-1
78 9871
-1
-1
-1
80 9967
-1
81 9979
-1
81 9803
-1
81 9961
-1
81 9897
-1
80 9996
-1
77 9926
-1
76 9948
-1
-1
-1
78 9996
-1
75 9963
-1
75 9879
-1
73 9900
-1
73 9979
-1
72 9867
-1
74 9990
-1
75 9944
-1
-1
-1
76 9972
-1
75 9864
-1
78 9861
-1
80 9958
-1
82 9959
-1
86 9933
-1
83 9870
-1
83 9854
-1
-1
-1
84 9956
-1
84 9983
-1
80 9878
-1
76 9917
-1
77 9982
-1
72 9861
-1
75 9938
-1
76 9809
-1
-1
-1
73 9996
-1
74 9960
-1
76 9909
-1
79 9984
-1
79 9929
-1
81 9839
-1
84 9989
-1
84 9852
-1
-1
-1
77 9927
-1
76 9979
-1
73 9855
-1
74 9924
-1
73 9851
-1
75 9903
-1
73 9844
-1
74 9938
-1
-1
-1
79 9847
-1
80 9793
-1
82 9855
-1
82 9792
-1
80 9954
-1
79 9816
-1
78 9857
-1
73 9878
-1
-1
-1
74 9976
-1
74 9913
-1
76 9898
-1
77 9926
-1
78 9989
-1
79 9908
-1
79 9866
-1
77 9924
-1
-1
-1
76 9909
-1
74 9914
-1
73 9925
-1
72 9791
-1
76 9942
-1
72 9919
-1
74 9940
-1
77 9977
-1
-1
56
82 9998
-1
81 9960
-1
81 9821
-1
84 9995
-1
80 9755
-1
81 9910
-1
82 9845
-1
80 9878
-1
-1
-1
74 9976
-1
73 9937
-1
76 9827
-1
73 9993
-1
72 9907
-1
73 9765
-1
76 9953
-1
77 9880
-1
-1
-1
81 9890
-1
86 9964
-1
85 9822
-1
86 9974
-1
84 9846
-1
88 9759
-1
92 9978
-1
90 10000
-1
-1
-1
90 9820
-1
90 9965
-1
90 9974
-1
85 9780
-1
89 9851
-1
93 9926
-1
91 9933
-1
87 9894
-1
-1
-1
88 9957
-1
86 9914
-1
87 9993
-1
89 9898
-1
91 9974
-1
86 9980
-1
83 9971
-1
82 9870
-1
-1
-1
86 9879
-1
85 9983
-1
82 9985
-1
86 9947
-1
83 9984
-1
84 9863
-1
85 9929
-1
85 9981
-1
-1
-1
84 9975
-1
83 9990
-1
83 9974
-1
84 9934
-1
85 9953
-1
81 9844
-1
83 9972
-1
82 9909
-1
-1
-1
83 9925
-1
82 9930
-1
81 9992
-1
78 9866
-1
74 9971
-1
73 9889
-1
71 9866
-1
70 9930
-1
-1
-1
69 9893
-1
71 9995
-1
72 9954
-1
73 9804
-1
74 9799
-1
76 9900
-1
78 9996
-1
80 9964
-1
-1
-1
79 9973
-1
81 9760
-1
81 9904
-1
83 9930
-1
81 9990
-1
81 9989
-1
81 9933
-1
80 9856
-1
-1
-1
74 9943
-1
79 9942
-1
78 9969
-1
80 9972
-1
81 9906
69
84 9991
-1
83 9945
-1
84 9949
-1
-1
-1
82 9819
-1
86 9931
-1
85 9929
-1
82 9983
-1
75 9961
-1
74 9811
-1
75 9917
-1
75 9984
-1
-1
-1
79 9933
-1
80 9881
-1
82 9959
-1
83 9959
-1
84 9976
-1
87 9991
-1
91 9998
-1
92 9974
70
-1
-1
89 9992
-1
85 9893
-1
85 9940
-1
84 9975
-1
83 9974
-1
80 9896
-1
77 9912
-1
70 9833
-1
-1
-1
75 9992
-1
76 9961
-1
72 9998
-1
71 9868
-1
72 9863
-1
73 9863
-1
72 9822
-1
74 9923
-1
-1
-1
73 9969
-1
74 9955
-1
78 9965
-1
81 9848
-1
83 9974
-1
83 9863
-1
83 9962
-1
84 9968
-1
-1
-1
85 9966
-1
82 9909
-1
80 9962
-1
75 9812
-1
74 9977
-1
73 9881
-1
75 9975
-1
74 9996
-1
-1
-1
73 9845
-1
76 9984
-1
78 9995
-1
80 9994
-1
79 9954
-1
79 10000
-1
77 9918
-1
78 9985
-1
-1
-1
75 9992
-1
76 9934
-1
76 9957
-1
73 9990
-1
75 10000
-1
74 9947
-1
72 9921
-1
76 9950
-1
-1
-1
72 9851
-1
71 9947
-1
70 9779
-1
70 9984
-1
68 9990
-1
69 10000
-1
72 9893
-1
74 9995
-1
-1
-1
77 9837
-1
79 9888
-1
81 9964
-1
80 9926
-1
82 9885
-1
84 9909
-1
85 9969
-1
80 9978
-1
-1
-1
77 9919
-1
74 9892
-1
75 9988
-1
77 9950
-1
76 9972
-1
75 9894
-1
75 9956
-1
77 9864
-1
-1
-1
72 9782
-1
76 9927
-1
79 9984
-1
76 9994
-1
75 9765
-1
75 9934
-1
77 9986
-1
77 9881
-1
-1
-1
79 9985
-1
83 9966
-1
81 9953
-1
77 9957
-1
77 9919
-1
78 9992
-1
76 9999
-1
78 9940
-1
-1
-1
75 9906
-1
77 9991
-1
76 9981
-1
75 9824
-1
75 9857
-1
77 9982
-1
77 9905
-1
78 9805
-1
-1
-1
84 9908
-1
85 9983
-1
82 9907
-1
83 9977
-1
81 9911
-1
79 9961
-1
80 9885
-1
79 9939
-1
-1
-1
73 9920
-1
72 9838
-1
73 9919
-1
76 9941
-1
77 9931
-1
79 9901
-1
81 10000
-1
76 9854
-1
-1
-1
76 9758
-1
79 9946
-1
79 9910
-1
76 9820
-1
77 9817
-1
75 9918
-1
77 9971
-1
76 9932
-1
-1
-1
80 9992
-1
76 9985
-1
78 9991
-1
75 9830
-1
76 9882
-1
76 9991
-1
71 9959
-1
69 9871
-1
-1
-1
64 9886
-1
63 9870
-1
64 9951
-1
64 9928
-1
66 9843
-1
68 9843
-1
72 9806
-1
76 9958
-1
-1
-1
78 9810
-1
80 9909
-1
80 9942
-1
83 9915
-1
83 9876
-1
80 9911
-1
79 9990
-1
79 9975
-1
-1
-1
81 9872
-1
85 9964
-1
85 9902
-1
84 9973
-1
79 9826
-1
77 9919
-1
77 9806
-1
75 9892
-1
-1
-1
70 9872
-1
66 9893
-1
70 9915
-1
70 9887
-1
71 9999
-1
73 9984
-1
74 9994
-1
76 9855
-1
-1
-1
79 9930
-1
77 9906
-1
77 9959
-1
77 9968
-1
77 9934
-1
78 9917
-1
75 9934
-1
76 9915
-1
-1
-1
72 9975
-1
71 9942
-1
73 9885
-1
75 9925
-1
72 9837
-1
73 9943
-1
75 9942
-1
79 9927
-1
-1
-1
75 9982
-1
77 9962
-1
77 9811
-1
77 9899
-1
76 9802
-1
77 9986
-1
78 9856
-1
78 9954
-1
-1
-1
77 9879
-1
81 9968
-1
81 9880
-1
82 9971
-1
79 9982
-1
80 9974
-1
78 9947
-1
77 9782
-1
-1
-1
81 9964
-1
84 9990
-1
84 9977
-1
85 9978
-1
84 9941
-1
82 9970
-1
81 9911
-1
81 9835
-1
-1
-1
83 9918
-1
78 9961
-1
72 9828
-1
75 9960
-1
78 9887
-1
80 9997
-1
82 9754
-1
87 9983
-1
-1
-1
87 9830
-1
93 9956
-1
87 9989
-1
88 10000
-1
88 9821
-1
90 9984
-1
88 9967
-1
82 9882
-1
-1
-1
80 9899
-1
79 9974
-1
77 9882
-1
79 9989
-1
78 9966
-1
79 9998
-1
76 9929
-1
74 9987
-1
-1
-1
70 9960
-1
70 9785
-1
71 9908
-1
71 9966
-1
72 9994
-1
73 9939
-1
69 9830
-1
72 9938
-1
-1
-1
76 9956
-1
78 9884
-1
80 9904
-1
81 9917
-1
81 9799
-1
82 9909
-1
81 9793
-1
84 9865
-1
-1
-1
82 9842
-1
83 9865
-1
84 9863
-1
83 9928
-1
79 9841
-1
81 9982
-1
81 9990
-1
80 9998
-1
-1
-1
81 9963
-1
83 9873
-1
83 9978
-1
82 9930
-1
84 9964
-1
84 9983
-1
88 9990
-1
85 9991
-1
-1
-1
88 9978
-1
88 9806
-1
84 9994
-1
87 9822
-1
89 9993
-1
88 9997
-1
86 9988
-1
86 9995
-1
-1
-1
89 9977
-1
89 9958
-1
87 9937
-1
86 9968
-1
89 9886
-1
85 9863
-1
87 9844
-1
90 9903
-1
-1
-1
87 9951
-1
81 9805
-1
84 9915
-1
84 9900
-1
83 9926
-1
85 9966
-1
85 9997
-1
84 9901
-1
-1
-1
80 9924
-1
82 9947
-1
84 9993
-1
85 9854
-1
83 9928
-1
82 9940
-1
79 9877
-1
77 9951
-1
-1
-1
75 9863
-1
77 9961
-1
76 9844
-1
75 9795
-1
79 9998
-1
81 9986
-1
80 9887
-1
82 9823
-1
-1
-1
83 9781
-1
87 9967
-1
86 9953
-1
84 9945
-1
83 9861
-1
84 9932
-1
79 9897
-1
76 9954
-1
-1
-1
79 9946
-1
77 9881
-1
78 9916
-1
78 9851
-1
79 9896
-1
82 9916
-1
78 9957
-1
80 9895
-1
-1
-1
83 9966
-1
80 9874
-1
82 9987
-1
82 9944
-1
83 9860
-1
81 9926
-1
79 9837
-1
81 9866
-1
-1
-1
76 9968
-1
76 9927
-1
75 9951
-1
75 9900
-1
76 9913
-1
76 9960
-1
75 9919
-1
75 9886
-1
-1
-1
75 9981
-1
79 9987
-1
81 9981
-1
83 9997
-1
81 9997
-1
83 9916
-1
80 9910
-1
82 9911
-1
-1
-1
82 9931
-1
85 9943
-1
84 9985
-1
80 9898
-1
76 9836
-1
77 9916
-1
77 9979
-1
77 9766
-1
-1
-1
79 9961
-1
80 9999
-1
79 9869
-1
79 9975
-1
80 9947
-1
81 9988
-1
78 9840
-1
78 9991
-1
-1
-1
79 9997
-1
75 9933
-1
72 9797
-1
73 9984
-1
74 9962
-1
74 9831
-1
75 9896
-1
77 9963
-1
-1
-1
75 9790
-1
77 9960
-1
78 9953
-1
78 9879
-1
78 9870
-1
76 9986
-1
75 9979
-1
76 9988
-1
-1
-1
79 9859
-1
80 9977
-1
81 9897
-1
85 9980
-1
84 9945
-1
82 9944
-1
84 9866
-1
82 9992
-1
-1
-1
80 9992
-1
76 9994
-1
73 9958
-1
71 9966
-1
75 9993
-1
76 9987
-1
75 9933
-1
77 10000
-1
-1
-1
81 9985
-1
78 9900
-1
82 9992
-1
83 9985
-1
82 9793
-1
80 9836
-1
83 9992
-1
83 9960
-1
-1
-1
87 9963
-1
90 9968
-1
86 9893
-1
87 9976
-1
81 9893
-1
84 9990
-1
83 9907
-1
81 9979
-1
-1
-1
81 9973
-1
79 9922
-1
78 9778
-1
78 9942
-1
76 9917
-1
76 9839
-1
75 9873
-1
78 9966
-1
-1
-1
81 9941
-1
83 9959
-1
80 9858
-1
79 9885
-1
79 9840
-1
82 9989
-1
83 9896
-1
83 9965
-1
-1
-1
86 9984
-1
81 9872
-1
80 9947
-1
83 9835
-1
85 9852
-1
85 9971
-1
85 9808
-1
81 9954
-1
-1
-1
83 9976
-1
79 9996
-1
80 9810
-1
81 9963
-1
78 9878
-1
76 9944
-1
78 9860
-1
79 9935
-1
-1
-1
84 9966
-1
80 9954
-1
79 9958
-1
77 9777
-1
79 9952
-1
82 9960
-1
84 9864
-1
83 9961
-1
-1
-1
82 9949
-1
83 9989
-1
83 9875
-1
85 9933
-1
89 9984
-1
89 9922
-1
93 9969
-1
88 9876
-1
-1
-1
90 9943
-1
91 9887
-1
91 9976
-1
91 9977
-1
88 9945
-1
90 9880
-1
87 9960
-1
78 9797
-1
-1
-1
83 9961
-1
77 9951
-1
78 9997
-1
77 9992
-1
77 9982
-1
75 9984
-1
74 9859
-1
74 9934
-1
-1
-1
72 9975
-1
73 9846
-1
73 9835
-1
72 9852
-1
71 9857
-1
75 9969
-1
74 9968
-1
73 9908
-1
-1
-1
76 9931
-1
75 9964
-1
76 9996
-1
75 9965
-1
75 9951
-1
72 9847
-1
71 9991
-1
73 9872
-1
-1
-1
69 9916
-1
67 9875
-1
70 9955
-1
71 9952
-1
73 9971
-1
72 9965
-1
74 9924
-1
72 9959
-1
-1
-1
78 9927
-1
79 9947
-1
77 10000
-1
75 9952
-1
74 9955
-1
73 9951
-1
76 9986
-1
77 9803
-1
-1
-1
73 9977
-1
75 9935
-1
74 9882
-1
76 9915
-1
80 9879
-1
80 9910
-1
77 9980
-1
76 9991
-1
-1
-1
82 9966
-1
81 9902
-1
81 9920
-1
83 9987
-1
83 9940
-1
84 10000
-1
82 9808
-1
83 9840
-1
-1
-1
82 9988
-1
77 9977
-1
79 9994
-1
77 9912
-1
76 9960
-1
76 9823
-1
77 9946
-1
72 9898
-1
-1
-1
73 9924
-1
71 9984
-1
70 9962
-1
73 9996
-1
73 9924
-1
73 9951
-1
74 9948
-1
75 9831
-1
-1
-1
78 9997
-1
78 9946
-1
78 9906
-1
80 9946
-1
79 9997
-1
75 9952
-1
74 10000
-1
71 9799
-1
-1
-1
71 9844
-1
72 9927
-1
73 9950
-1
73 9992
-1
74 9898
-1
77 9948
-1
80 9833
-1
82 9992
-1
-1
-1
89 9997
-1
89 9985
-1
89 9960
-1
89 10000
-1
92 9991
-1
93 9955
-1
92 9883
-1
94 9936
-1
-1
-1
90 9819
-1
87 9929
-1
86 9982
-1
85 9892
-1
86 9992
-1
85 9996
-1
79 9999
-1
80 9940
-1
-1
-1
76 9977
-1
76 9876
-1
79 9893
-1
79 9907
-1
80 9992
-1
83 9890
-1
83 9973
-1
82 9809
-1
-1
-1
87 9989
-1
83 9881
-1
83 9965
-1
81 9848
-1
79 9894
-1
78 9908
-1
74 9975
-1
75 9856
-1
-1
-1
72 9942
-1
73 9996
-1
73 9787
-1
73 9795
-1
76 9987
-1
78 9787
-1
78 9873
-1
83 9944
-1
-1
-1
82 9974
-1
80 9950
-1
82 9831
-1
82 9922
-1
81 9949
-1
82 9927
-1
82 9929
-1
80 9999
-1
-1
-1
77 9921
-1
76 9862
-1
76 9814
-1
77 9902
-1
76 9817
-1
78 9828
-1
80 9917
-1
78 9913
-1
-1
-1
78 9855
-1
77 9867
-1
78 9982
-1
79 9924
-1
76 9957
-1
77 9985
-1
71 9830
-1
72 9985
-1
-1
-1
73 9906
-1
71 9859
-1
71 9857
-1
73 9999
-1
70 9892
-1
72 9916
-1
75 9920
-1
76 9963
-1
-1
-1
80 9891
-1
82 9881
-1
83 9838
97
82 9870
-1
83 9951
-1
85 9999
-1
85 9877
-1
87 9998
-1
-1
-1
88 9999
-1
