0 0
278
8 1547
128
16 3337
325
130
368
32 7306
199
40 8550
432
48 9937
94
56 9778
121
64 9888
94
72 9854
18
80 9986
200
79 9772
43
111
121
78 9976
171
78 9894
169
74 9811
250
73 9938
31
76 9883
-1
75 9879
95
73 9843
24
76 9917
108
-1
236
77 9958
-1
75 9943
-1
73 9861
-1
74 9936
-1
76 9906
-1
75 9858
225
77 9975
-1
77 9846
27
225
-1
78 9945
39
80 9990
244
81 9898
202
80 9910
-1
82 9931
-1
82 9964
-1
78 9927
38
78 9886
6
-1
-1
79 9979
-1
75 9988
-1
69 9941
-1
70 9944
-1
72 9998
-1
70 9842
-1
72 9895
-1
71 9879
-1
-1
-1
72 9968
-1
71 9813
-1
74 9903
-1
76 9896
-1
74 9887
-1
73 9977
-1
74 9915
65
73 9848
-1
-1
-1
73 9893
-1
74 9879
-1
73 9899
146
75 10000
-1
77 9913
-1
78 9883
-1
81 9949
-1
80 9811
-1
-1
-1
80 9967
200
82 9949
-1
84 9993
-1
84 9875
-1
86 9939
-1
82 9872
-1
82 9951
-1
82 9942
-1
-1
211
84 9937
60
81 9909
-1
87 9998
230
83 9998
-1
84 9973
-1
82 9969
-1
84 9993
-1
83 9834
238
-1
-1
78 9947
-1
78 9992
-1
78 9927
-1
75 9994
-1
77 9981
-1
74 9864
-1
74 9884
-1
72 9981
-1
-1
-1
70 9873
-1
73 9918
-1
73 9956
-1
74 9908
-1
69 9993
-1
70 9880
-1
67 9959
-1
68 9843
-1
178
-1
74 9948
-1
75 9848
-1
76 9986
-1
76 9858
-1
79 9993
27
81 9908
-1
80 9870
-1
81 9923
-1
-1
-1
86 9872
-1
89 9937
-1
90 9961
-1
88 9985
-1
87 9942
39
88 9846
-1
85 9867
-1
84 9895
-1
-1
-1
87 9935
-1
81 10000
-1
74 9981
-1
76 9833
-1
75 9986
-1
75 9955
-1
76 9969
-1
75 9926
-1
127
-1
79 9967
-1
76 9945
-1
78 9956
-1
78 9919
-1
77 9831
-1
77 9881
-1
73 9791
-1
76 9912
-1
-1
-1
78 9971
-1
78 9946
-1
80 9970
-1
80 9913
-1
81 9842
-1
85 9974
25
81 9779
-1
84 9816
82
90
-1
86 9884
-1
83 9897
-1
86 9997
246
87 9875
-1
85 9814
-1
83 9929
-1
78 9959
-1
80 9962
-1
-1
-1
79 9847
-1
81 9865
-1
83 9813
-1
83 9968
-1
79 9884
-1
83 9986
-1
84 9874
122
85 9954
-1
-1
-1
86 9898
-1
83 9999
211
78 9899
-1
79 9848
-1
77 9951
-1
81 9971
-1
75 9996
-1
76 9990
-1
-1
-1
74 9787
-1
74 9980
-1
75 9936
-1
74 9951
-1
75 9924
-1
74 9904
-1
76 9884
-1
77 9973
-1
-1
-1
74 9955
-1
75 9834
-1
78 9999
-1
76 9813
-1
79 9983
-1
77 9942
-1
80 9916
-1
81 9964
-1
-1
-1
81 9897
-1
84 9924
-1
81 9821
-1
79 9913
-1
82 9973
-1
83 9940
-1
82 9999
-1
80 9835
-1
-1
-1
80 9982
-1
75 9845
-1
78 9993
-1
77 9843
-1
78 9821
-1
76 9879
138
77 9949
-1
75 9973
-1
-1
-1
80 9949
-1
79 9841
-1
81 9837
-1
80 9919
-1
80 9898
-1
78 9892
-1
81 9914
-1
78 9933
-1
-1
-1
78 9796
-1
75 9942
-1
71 9982
-1
69 9938
-1
71 9862
-1
72 9892
-1
69 9801
-1
69 9897
-1
-1
-1
67 9986
-1
69 9985
-1
72 9966
-1
72 9848
-1
73 9933
-1
74 9979
-1
72 9981
-1
75 9997
225
-1
-1
77 9881
-1
78 9980
-1
79 9964
-1
79 9972
-1
81 9879
-1
81 9926
-1
81 9989
-1
81 9932
216
-1
-1
84 9992
-1
81 9941
-1
82 9865
-1
81 9980
-1
82 9827
-1
83 9910
-1
77 9931
-1
81 9997
-1
-1
-1
84 9790
-1
84 9964
-1
81 9989
-1
80 9942
-1
80 10000
-1
78 9875
-1
76 9997
-1
78 9905
-1
-1
-1
73 9893
-1
75 9772
-1
76 9969
-1
80 9925
-1
78 9969
-1
78 9986
-1
82 9880
-1
83 9901
-1
-1
-1
81 9921
-1
77 9953
-1
82 9931
-1
82 9973
-1
79 9999
-1
78 9819
-1
79 9876
-1
76 9860
-1
-1
-1
77 9914
-1
75 9904
-1
69 9919
-1
69 9856
-1
66 9832
-1
68 9959
-1
66 9976
-1
66 9955
-1
-1
-1
69 9984
-1
69 9911
-1
73 9939
-1
75 9831
-1
76 9888
-1
78 9957
-1
81 9998
-1
78 9939
-1
-1
-1
80 9901
-1
84 9913
-1
87 9897
-1
88 9879
-1
86 9999
-1
84 9936
54
84 9995
-1
83 10000
-1
-1
-1
82 9874
-1
81 9991
-1
77 9998
-1
76 9793
-1
76 9968
-1
74 9855
-1
77 9835
-1
79 9936
-1
-1
-1
78 9941
-1
77 9833
-1
75 9990
-1
74 9868
-1
70 9873
-1
73 9985
-1
74 9874
-1
79 9884
-1
-1
-1
75 9798
-1
75 9785
-1
76 9893
-1
79 9987
-1
81 9922
-1
80 9912
-1
80 9993
-1
79 9863
-1
-1
-1
75 9795
-1
76 9952
-1
80 9874
-1
83 9849
-1
87 9946
-1
85 9982
-1
85 9844
-1
84 9907
-1
-1
-1
83 9911
-1
87 9994
-1
88 9997
-1
81 9931
-1
75 9959
-1
77 9944
-1
77 9897
-1
81 9991
-1
-1
-1
82 9830
-1
81 9834
-1
79 9881
-1
78 9877
-1
78 9869
-1
81 9940
-1
83 9995
-1
81 9797
-1
-1
-1
78 10000
-1
81 9991
-1
82 9968
-1
80 9931
-1
83 9975
-1
85 9975
-1
89 9970
-1
86 9955
-1
-1
-1
83 9957
-1
82 9838
-1
82 9939
-1
79 9806
-1
82 9939
-1
81 9985
-1
74 9979
-1
75 9994
-1
-1
-1
76 9868
-1
77 9879
-1
77 9959
82
73 9790
-1
70 9838
-1
71 9935
-1
69 9942
-1
66 9945
-1
-1
-1
70 9948
-1
69 9981
192
68 9905
-1
71 9777
-1
73 9984
-1
76 9966
-1
74 9853
-1
77 9856
-1
-1
-1
74 9973
-1
77 9982
-1
78 9858
-1
77 9997
-1
77 9923
-1
77 9921
-1
76 9891
-1
73 9897
-1
-1
-1
76 9955
-1
74 9841
-1
71 9776
-1
73 9836
-1
71 9994
-1
72 9979
-1
72 9873
-1
76 9993
-1
-1
-1
76 9955
-1
76 9991
-1
77 9987
-1
78 9799
-1
79 9867
-1
80 9880
-1
83 9944
-1
83 9966
-1
-1
-1
80 9999
-1
78 9842
-1
78 9998
-1
77 9931
-1
74 9983
-1
72 9935
-1
71 9961
-1
70 10000
-1
-1
-1
70 9973
-1
73 9984
-1
75 9980
-1
78 9990
189
76 9759
-1
78 9900
-1
80 9930
-1
80 9984
-1
-1
-1
85 9947
-1
84 9975
-1
87 9878
-1
87 9997
-1
83 9880
-1
86 9917
-1
88 9979
-1
90 9976
-1
-1
-1
89 9883
-1
88 9977
-1
87 9846
-1
89 9948
-1
85 9913
-1
82 9876
-1
80 9975
-1
80 9990
-1
-1
-1
80 9951
-1
81 9937
-1
80 9847
-1
75 9819
-1
76 9944
-1
76 9878
-1
76 9884
-1
79 9947
-1
-1
-1
79 9968
117
74 9926
-1
74 9937
-1
74 9789
-1
76 9899
-1
75 9941
-1
79 9983
-1
79 9991
-1
-1
-1
75 9934
-1
76 9754
-1
76 9910
-1
76 9803
-1
76 9870
-1
78 9938
-1
79 9963
-1
77 9898
-1
-1
-1
77 9984
-1
77 9896
-1
79 9980
-1
81 9962
-1
80 9963
-1
78 9975
-1
79 9818
-1
83 9970
-1
-1
-1
78 9881
-1
79 9947
-1
76 9974
-1
80 9997
-1
77 9938
-1
79 9998
-1
81 9776
-1
80 9906
-1
-1
-1
78 9874
-1
83 9920
-1
86 9876
-1
88 9986
-1
89 9842
-1
87 9787
-1
90 9870
-1
86 9904
-1
-1
-1
84 9980
-1
85 9928
-1
86 9991
-1
79 9942
-1
77 9944
-1
74 9901
-1
71 9820
-1
74 9885
-1
-1
-1
79 9969
-1
80 9969
-1
79 9998
-1
77 9852
-1
76 9929
-1
76 9935
-1
80 9824
-1
82 9976
-1
-1
-1
82 9930
-1
82 9976
-1
80 9991
-1
78 9992
-1
79 9851
-1
82 9782
-1
86 9994
-1
84 9935
224
-1
-1
81 9923
-1
82 9825
-1
81 9988
-1
80 9944
-1
80 9876
-1
81 9991
-1
76 9974
-1
74 9940
-1
-1
-1
73 9808
-1
76 9882
-1
74 9881
-1
73 9808
-1
76 9996
-1
76 9918
-1
76 9881
-1
79 9970
-1
-1
34
82 9994
-1
81 10000
-1
82 9994
-1
83 9958
-1
83 9815
-1
87 9942
-1
86 9923
-1
85 9903
-1
-1
-1
79 9928
-1
78 9891
-1
79 9972
-1
75 9821
-1
73 9995
-1
71 9982
-1
71 9985
-1
71 9944
-1
-1
-1
77 9992
-1
71 9805
-1
73 9910
-1
76 9947
164
78 9826
-1
78 9988
-1
78 9901
-1
79 9992
-1
-1
-1
76 9999
-1
77 9880
-1
80 9988
-1
81 9973
106
75 9883
-1
77 9929
-1
78 9799
-1
81 9995
-1
-1
-1
81 9958
-1
83 9982
-1
84 9983
40
85 9999
-1
87 9958
-1
83 9995
-1
85 9927
-1
86 9883
-1
-1
-1
84 9994
-1
86 9963
-1
85 9841
-1
87 9979
-1
87 9948
-1
86 9923
-1
85 9993
-1
87 9985
-1
-1
-1
85 9928
-1
82 9809
-1
77 9983
-1
75 9783
-1
73 9814
-1
75 9988
-1
78 9963
-1
81 9994
-1
-1
-1
84 9929
-1
85 9864
-1
82 9992
-1
83 9838
-1
87 9966
-1
87 9846
-1
89 9992
-1
89 9943
-1
-1
-1
90 9960
-1
87 9928
-1
85 9926
-1
85 9972
-1
88 9915
-1
91 9905
-1
93 9952
-1
92 9928
-1
-1
-1
85 9936
-1
82 9842
-1
85 9918
-1
87 9938
-1
89 9975
-1
92 9988
-1
92 9953
-1
88 9956
-1
-1
-1
85 9894
-1
87 9906
-1
88 9936
-1
89 9967
-1
86 9974
-1
83 9913
-1
81 9964
-1
82 9997
-1
-1
-1
84 9972
-1
83 9876
-1
81 9941
-1
82 9883
-1
82 9929
-1
81 9970
-1
81 9963
-1
77 9983
-1
-1
-1
74 9940
-1
75 9979
-1
77 9979
-1
74 9993
-1
76 9891
-1
76 9982
-1
80 9984
-1
80 9774
-1
-1
-1
84 9969
-1
83 9842
-1
81 9930
-1
80 9890
-1
82 9978
-1
78 9983
-1
80 9965
-1
76 9966
-1
-1
-1
80 9883
-1
79 9831
-1
78 9967
-1
77 9843
-1
77 9851
-1
78 9811
-1
79 9972
-1
78 9900
-1
-1
-1
75 9967
-1
74 9772
-1
73 9875
240
74 9985
-1
77 9952
-1
79 9981
-1
79 9927
-1
74 9943
-1
-1
-1
75 9937
-1
73 9925
-1
77 9846
-1
81 9955
-1
81 9953
-1
81 9918
-1
79 9983
-1
77 9930
-1
-1
171
81 9996
-1
81 9944
-1
83 9969
-1
77 9928
-1
78 9764
-1
81 9907
-1
79 9848
-1
81 10000
-1
-1
-1
83 9905
-1
79 9949
-1
79 9917
-1
80 9816
-1
82 9950
-1
80 9941
-1
81 9883
-1
80 9991
-1
-1
180
80 9848
-1
78 9882
-1
75 9898
-1
75 9887
-1
75 9986
-1
75 9894
-1
79 9988
-1
79 10000
77
-1
-1
82 9952
-1
82 9855
-1
81 9944
-1
84 9982
-1
87 9963
-1
89 9911
-1
88 9830
-1
85 9952
-1
-1
-1
82 9946
-1
79 9934
-1
78 9753
-1
80 9935
-1
78 9914
-1
74 9951
-1
74 9950
-1
75 9900
-1
-1
-1
79 10000
-1
83 9980
-1
83 9924
-1
86 9997
-1
83 9990
-1
84 9973
-1
85 9823
-1
85 9978
-1
-1
-1
77 9771
-1
77 9997
-1
78 9914
-1
80 9953
-1
79 9936
-1
82 9965
-1
83 9959
-1
81 9977
-1
-1
-1
82 9989
-1
84 9981
-1
84 9865
-1
82 9907
-1
85 9964
-1
84 9966
-1
85 9833
-1
86 9809
-1
-1
-1
87 9974
-1
93 9978
-1
93 9997
15
88 9871
-1
84 9946
-1
79 9855
-1
76 9966
-1
79 9964
-1
-1
-1
78 9933
-1
77 9841
-1
74 9880
-1
76 9859
-1
77 9944
-1
80 9993
-1
81 9872
-1
84 9920
-1
-1
-1
75 9896
-1
78 9942
-1
75 9972
-1
75 9998
-1
77 9959
-1
79 9869
-1
80 9977
-1
81 9918
-1
-1
-1
84 9993
-1
86 9910
-1
85 9816
-1
85 9788
-1
87 9928
-1
91 9927
-1
86 9879
-1
85 9971
-1
-1
-1
79 9894
-1
79 9979
-1
76 9983
-1
74 9843
-1
76 9792
-1
77 9966
-1
75 9895
-1
79 9985
-1
-1
-1
80 9984
-1
81 9846
-1
84 9980
-1
84 9883
-1
84 9933
-1
84 9911
-1
86 9988
-1
84 9919
-1
-1
-1
84 9974
-1
84 9908
-1
83 9953
-1
79 9955
-1
80 9970
-1
78 10000
-1
76 9957
-1
76 9883
-1
-1
-1
73 9981
-1
75 9883
-1
73 9921
-1
77 9913
-1
80 9851
-1
79 9917
-1
82 9888
-1
83 9901
-1
-1
-1
86 9963
-1
87 9915
-1
90 9914
-1
86 9817
-1
81 9900
-1
79 9869
-1
81 9891
-1
81 9978
-1
-1
-1
73 9885
-1
75 9924
-1
75 9872
-1
76 9962
-1
77 9961
-1
80 9980
-1
77 9881
-1
77 9967
-1
-1
-1
77 9984
-1
75 9896
-1
72 9966
-1
70 9937
-1
72 9872
-1
70 9810
-1
68 9821
113
72 9956
-1
-1
-1
73 9918
-1
75 9988
-1
74 9923
-1
76 9951
-1
71 9914
-1
73 9880
-1
76 9829
-1
75 9965
-1
-1
-1
72 9925
-1
71 9964
-1
73 9965
-1
75 9955
-1
78 9834
-1
79 9943
-1
78 9993
-1
77 9939
-1
-1
-1
83 9846
-1
86 9868
-1
90 9977
-1
90 9940
-1
89 9913
-1
91 9982
-1
86 9925
-1
88 9903
-1
-1
-1
88 9937
-1
83 9848
-1
84 9926
-1
80 9998
-1
82 9900
-1
80 9959
-1
79 9968
-1
82 9996
-1
-1
-1
78 9950
-1
79 9900
-1
82 9942
-1
82 9880
-1
83 9844
-1
84 9934
-1
83 9966
-1
85 9993
-1
-1
-1
83 9974
-1
82 9898
-1
84 9960
-1
83 9959
-1
80 9907
-1
83 9931
-1
81 9986
-1
81 9913
-1
-1
-1
80 9961
-1
81 9794
-1
84 9989
-1
87 9984
-1
85 9859
-1
86 9867
-1
85 9778
-1
84 10000
-1
-1
-1
82 9887
-1
81 9964
-1
80 9963
-1
77 9873
-1
77 9895
-1
81 9937
110
84 9944
-1
78 9998
-1
-1
-1
78 9901
-1
81 9877
-1
79 9782
-1
79 9927
-1
76 9905
-1
73 9956
-1
73 9927
-1
76 9893
-1
-1
-1
77 9949
-1
77 9808
-1
77 9924
-1
78 9793
-1
80 9940
-1
84 9989
-1
85 9974
-1
83 9954
-1
-1
-1
77 9964
-1
76 9795
-1
78 9908
-1
76 9850
-1
76 9823
-1
73 9936
-1
73 9945
-1
75 9883
-1
-1
-1
77 9856
-1
80 9833
-1
81 9994
-1
80 9852
-1
83 9973
-1
84 9987
-1
84 9990
-1
83 9898
-1
-1
-1
85 9881
-1
87 9995
-1
81 9930
-1
81 9942
-1
80 9846
-1
82 9924
-1
83 9962
-1
83 9932
-1
-1
-1
86 9956
-1
84 9944
138
85 9949
-1
85 9946
-1
87 9894
-1
86 9966
-1
88 9789
-1
86 9918
-1
-1
-1
79 9782
-1
79 9989
-1
81 9876
-1
85 9962
-1
84 9993
-1
84 9841
-1
82 9941
-1
78 9994
-1
-1
-1
77 10000
-1
75 9901
-1
78 9868
-1
72 9836
-1
73 9953
-1
72 9971
-1
73 9938
-1
71 9870
-1
-1
-1
72 9882
-1
73 9963
-1
75 9997
-1
73 9900
-1
72 9954
-1
70 9962
-1
73 9948
-1
75 9883
-1
-1
-1
77 9980
-1
79 9928
-1
82 9912
-1
81 9952
-1
82 9958
-1
82 10000
-1
80 9950
-1
79 9870
-1
-1
-1
75 9955
-1
78 9967
-1
77 9940
-1
78 9946
-1
77 9959
-1
78 9873
-1
81 9939
-1
83 9949
-1
-1
-1
85 9877
-1
90 9952
-1
91 9926
-1
89 9895
-1
86 9846
-1
85 9907
-1
84 9958
-1
83 9961
-1
-1
-1
80 9900
-1
82 9945
-1
78 9858
-1
78 9945
-1
77 9893
-1
77 9817
-1
79 9963
-1
80 9885
-1
-1
-1
80 9957
-1
78 9976
-1
76 9910
-1
77 9782
-1
80 9972
-1
83 9979
-1
85 9831
-1
84 9977
-1
-1
-1
78 9999
-1
77 9872
-1
74 9880
-1
74 9878
-1
75 9976
-1
77 10000
-1
74 9976
-1
72 9968
-1
-1
-1
72 9923
-1
76 9978
-1
77 9973
-1
80 9870
-1
79 9946
-1
76 9879
-1
77 9963
120
75 9952
-1
130
-1
77 9954
-1
80 9858
-1
79 9971
-1
84 9918
-1
81 9968
-1
84 9975
-1
84 9985
-1
87 9997
-1
-1
-1
88 9851
-1
91 9951
-1
93 9874
-1
88 9984
-1
81 9985
-1
80 9925
-1
76 9872
-1
78 9985
-1
-1
-1
78 9961
-1
74 9852
-1
76 9967
-1
79 9956
-1
80 9841
-1
80 9972
-1
80 9894
-1
80 9960
-1
-1
-1
77 9886
-1
75 9964
-1
74 9993
-1
69 9845
-1
70 9847
-1
72 9934
-1
71 9981
-1
74 9867
-1
-1
-1
76 9950
-1
80 9988
-1
81 9970
-1
81 9957
-1
82 9960
-1
84 9933
-1
81 9862
-1
77 9900
-1
-1
-1
80 9980
-1
80 9875
189
77 9906
-1
80 9968
-1
82 9930
-1
78 9829
-1
77 9945
-1
80 9832
-1
-1
-1
83 9972
-1
86 10000
-1
83 9999
-1
80 9969
-1
79 9946
-1
77 10000
-1
77 9905
-1
80 9978
-1
-1
-1
78 9956
-1
78 9986
-1
77 9951
-1
77 9976
-1
76 9780
-1
78 9909
-1
78 9798
-1
81 9908
-1
-1
-1
81 9966
-1
82 9957
-1
81 9954
-1
83 9985
-1
82 9861
-1
81 9791
-1
83 9974
-1
82 9932
-1
-1
-1
79 9971
-1
78 9879
-1
78 9989
-1
81 9885
-1
81 9978
-1
84 9951
-1
85 9842
-1
87 9998
-1
-1
-1
86 9938
-1
83 9948
-1
81 9965
-1
81 9996
-1
79 9951
-1
73 9839
-1
73 9815
-1
71 9779
-1
-1
-1
73 9954
-1
73 9869
-1
73 9995
-1
74 9828
-1
70 9921
-1
69 9996
-1
72 9875
-1
75 9946
-1
-1
-1
75 9971
-1
75 9958
-1
75 9795
-1
77 9940
-1
78 9997
-1
81 9967
-1
83 9814
-1
85 9977
-1
-1
-1
81 9974
-1
81 9863
-1
81 9935
-1
83 9896
-1
84 9992
-1
84 9915
-1
85 9781
-1
87 9985
-1
-1
-1
83 9986
-1
79 9961
-1
80 9954
-1
82 9930
-1
82 9996
-1
82 9911
-1
81 9992
-1
80 9859
-1
-1
-1
80 9909
-1
80 9875
-1
81 9991
-1
78 9867
-1
80 9997
-1
77 9941
-1
79 9943
-1
82 9884
-1
-1
-1
80 9939
-1
82 9998
-1
86 9973
-1
86 9874
-1
88 9804
-1
91 9978
-1
88 9947
-1
88 9948
-1
-1
-1
84 9948
-1
79 9894
-1
82 10000
-1
77 9788
-1
77 9926
-1
77 9878
-1
75 9989
-1
76 9971
-1
-1
-1
77 9948
-1
77 9792
-1
76 9922
-1
75 9809
-1
78 9976
-1
81 10000
-1
81 9981
-1
82 9994
-1
-1
-1
84 9953
-1
87 9994
-1
86 9952
-1
85 9829
-1
88 9973
-1
88 9932
-1
87 9995
-1
85 9924
-1
-1
-1
85 9883
-1
87 9955
-1
83 9959
-1
83 9963
-1
78 9865
-1
76 9939
-1
75 9932
-1
76 9949
-1
-1
-1
75 9970
-1
76 9964
-1
77 9885
-1
76 9885
-1
76 9814
-1
78 9959
-1
80 9930
-1
79 9896
-1
-1
-1
82 9953
-1
79 9937
-1
83 9928
-1
81 9982
-1
83 9855
-1
85 9993
-1
85 9969
-1
82 9952
-1
-1
-1
84 9799
-1
88 9930
-1
88 9852
-1
90 9930
-1
91 9997
-1
89 9807
-1
86 9859
-1
85 9929
-1
-1
-1
86 9917
-1
86 9957
-1
82 9962
-1
74 9869
-1
71 9895
-1
72 9927
-1
75 9997
-1
77 9985
-1
-1
-1
78 9941
-1
76 9964
-1
77 9960
-1
82 9992
-1
87 9921
-1
90 9951
-1
91 9983
-1
90 9973
-1
-1
-1
85 9990
-1
86 9939
-1
89 9899
-1
92 9970
-1
92 9998
-1
88 9993
-1
85 9881
-1
85 9968
-1
-1
-1
87 9921
-1
89 9971
-1
87 9924
-1
86 9848
-1
86 9956
-1
83 9973
-1
82 9936
-1
81 9989
-1
-1
-1
80 9950
-1
81 9929
-1
79 9830
-1
81 9879
-1
85 9970
-1
84 9916
-1
83 9880
-1
84 9807
-1
-1
-1
83 9941
-1
85 9954
-1
85 9962
-1
83 9880
-1
84 9923
-1
79 9802
-1
79 9853
-1
80 9990
-1
-1
-1
84 9973
-1
83 9961
-1
80 9987
-1
75 9810
-1
74 9946
-1
75 9933
-1
79 9997
-1
77 9980
85
-1
120
74 9892
-1
73 9800
-1
77 9965
-1
75 9836
-1
79 9913
-1
83 9981
-1
80 9926
-1
79 9830
-1
-1
-1
83 9849
-1
86 9999
-1
89 9993
-1
87 9783
-1
88 9903
-1
90 9931
-1
93 9979
-1
87 9976
-1
-1
-1
87 9937
-1
86 9981
-1
83 9984
-1
78 9996
-1
77 9967
-1
77 9939
-1
76 9979
-1
76 9951
-1
-1
-1
76 9988
-1
75 9921
-1
77 9992
-1
77 9987
-1
75 9959
-1
75 9814
-1
73 9971
-1
73 9992
-1
-1
-1
71 9865
-1
73 9944
-1
72 9895
-1
71 9978
-1
74 9843
-1
77 9976
-1
79 9902
-1
78 9939
-1
-1
-1
79 9798
-1
78 9955
-1
79 9954
-1
78 9773
-1
81 9936
-1
85 9973
-1
81 9994
-1
83 9939
-1
-1
-1
84 9888
-1
84 9979
-1
85 9928
-1
86 9961
-1
87 9990
-1
83 9899
-1
81 9985
-1
83 9957
-1
-1
-1
76 9866
-1
79 9871
-1
81 9947
-1
81 9955
-1
82 9789
-1
82 9908
-1
84 9879
-1
86 9943
-1
-1
-1
82 9922
-1
85 9883
-1
88 9936
-1
80 9985
-1
81 9935
-1
76 9886
-1
78 9963
-1
79 9972
-1
-1
-1
81 9975
-1
82 9942
-1
83 9978
-1
82 9973
-1
84 9966
-1
84 9950
-1
86 9976
190
89 9992
-1
-1
-1
88 9974
-1
87 9981
-1
87 9989
-1
89 9970
-1
83 9943
-1
86 9948
-1
82 9820
-1
82 9884
-1
-1
-1
79 9984
-1
82 9968
-1
83 9998
-1
82 9820
-1
78 9872
-1
83 9869
-1
80 9924
-1
84 9933
-1
-1
-1
90 9808
-1
93 9957
-1
93 9975
-1
86 9973
-1
80 9869
-1
82 9941
-1
79 9992
-1
81 9997
-1
-1
-1
80 9916
-1
76 9790
-1
71 9775
-1
75 9858
-1
79 9958
-1
82 9800
-1
80 9805
-1
81 9976
-1
-1
-1
84 9873
-1
80 9916
-1
81 9999
-1
84 9974
-1
81 9826
-1
79 9998
-1
79 9978
-1
81 9985
-1
-1
-1
76 9985
-1
77 9909
-1
77 9908
-1
79 9987
-1
76 9898
-1
79 9986
-1
82 9999
-1
84 9955
-1
-1
-1
83 9919
-1
84 9890
-1
87 9995
-1
85 9948
-1
85 9825
-1
87 9817
-1
88 9996
-1
83 9964
-1
-1
-1
82 9955
-1
83 9995
-1
84 9998
-1
81 9970
-1
79 9786
-1
74 9992
-1
77 9994
-1
77 9888
-1
-1
-1
78 9995
-1
75 9983
-1
72 9995
-1
73 9987
-1
75 9919
-1
76 9901
-1
74 9980
-1
74 9987
-1
-1
-1
76 9847
-1
77 9933
-1
80 9985
-1
77 9858
-1
75 9958
-1
75 9941
-1
76 9973
-1
73 9890
-1
-1
-1
78 9942
-1
76 9835
-1
75 9911
-1
74 9797
-1
77 9876
-1
75 9970
-1
75 9963
-1
75 9964
-1
-1
-1
76 9881
-1
72 9967
-1
72 9962
-1
72 9980
-1
73 9956
-1
76 9952
-1
74 9914
-1
74 9879
-1
-1
-1
76 9924
-1
77 9833
-1
77 9998
-1
79 9980
-1
82 9798
-1
79 9960
-1
80 9959
-1
81 9891
-1
-1
-1
85 9961
-1
86 9866
-1
86 9977
-1
85 9947
-1
87 9942
-1
78 9917
-1
82 9925
-1
82 9964
-1
-1
-1
80 9960
-1
82 9990
-1
82 9992
-1
80 9921
-1
76 9957
-1
77 9934
-1
78 9998
-1
72 9978
-1
-1
-1
72 9981
-1
69 9995
-1
67 9854
-1
67 9860
-1
71 9924
-1
72 9956
-1
71 9852
-1
73 9995
-1
-1
-1
70 9957
-1
69 9986
-1
71 9894
-1
73 9847
-1
73 9987
114
72 9795
-1
73 9924
-1
75 9978
-1
-1
-1
74 9830
-1
76 9796
-1
79 9968
-1
82 9992
-1
80 9994
-1
80 9929
-1
79 9850
-1
80 9909
-1
-1
-1
83 9813
-1
86 9811
-1
85 9902
-1
82 9986
-1
79 10000
-1
77 9918
-1
76 9905
-1
79 9978
-1
-1
-1
76 9989
-1
78 9968
-1
76 9895
-1
77 9796
-1
80 9950
-1
85 9992
-1
85 9973
-1
88 9925
-1
-1
-1
85 9949
-1
86 9987
-1
87 9803
-1
85 9907
-1
83 9829
-1
83 9861
-1
83 9999
-1
80 9934
-1
-1
-1
81 9896
-1
83 9879
-1
78 9952
-1
78 9824
-1
79 9985
-1
81 9943
-1
84 9950
-1
80 9940
-1
-1
-1
75 9991
-1
76 9989
-1
74 9859
-1
75 9931
-1
75 9884
-1
78 9883
-1
76 9833
-1
77 9909
-1
-1
-1
81 9986
-1
80 9803
-1
84 9961
-1
84 9937
-1
84 9985
-1
84 9984
-1
87 9890
-1
85 9980
-1
-1
-1
83 9999
-1
82 9962
-1
85 9801
-1
83 9873
-1
82 9965
-1
80 9953
-1
79 9988
152
74 9897
-1
-1
-1
68 10000
-1
66 9994
-1
66 9942
-1
67 9925
-1
66 9987
-1
67 9876
-1
68 9903
-1
72 9928
-1
-1
-1
74 9938
-1
73 9842
-1
75 9945
-1
72 9910
-1
73 9945
-1
75 9944
-1
73 9913
-1
72 9948
-1
-1
-1
72 9818
-1
73 9982
-1
73 9824
-1
75 9884
-1
76 9832
-1
79 9962
-1
80 9991
-1
80 9983
-1
-1
-1
79 9952
-1
79 9990
-1
77 9892
-1
79 9954
-1
78 9888
-1
78 9998
-1
78 9905
-1
77 9988
-1
-1
-1
80 9882
-1
82 9891
-1
83 9956
-1
83 9982
-1
85 9965
-1
80 9929
-1
81 9910
-1
83 9990
-1
-1
-1
78 9972
-1
75 9859
-1
76 10000
-1
74 9876
-1
73 9951
-1
73 9929
-1
70 9857
-1
72 9921
-1
-1
-1
71 9974
-1
67 9856
-1
70 9938
-1
70 9988
-1
70 10000
-1
68 9939
-1
69 9917
-1
71 9867
-1
-1
-1
76 9852
-1
81 9980
-1
85 9994
-1
89 9999
134
88 9913
-1
90 9929
-1
94 9989
-1
92 9871
-1
-1
-1
96 9950
-1
95 9966
-1
92 9935
-1
87 9924
-1
85 9985
-1
84 9909
-1
83 9886
-1
80 9917
-1
-1
-1
78 9990
-1
74 9947
-1
74 9797
-1
72 9840
-1
73 9979
-1
69 9867
-1
70 9990
-1
71 9936
-1
-1
-1
75 9900
-1
77 9818
-1
77 9975
-1
79 9984
-1
78 9928
-1
77 9898
-1
80 9919
-1
83 9961
-1
-1
-1
84 9966
-1
80 9987
-1
78 9893
-1
74 9995
-1
77 9835
-1
79 9905
-1
78 9911
-1
75 9890
-1
-1
-1
73 9921
-1
74 9968
-1
73 9814
-1
76 9881
-1
79 9939
-1
80 9973
-1
77 9943
-1
78 9992
-1
-1
-1
82 9954
-1
79 9998
-1
80 9985
-1
81 9787
-1
83 9995
-1
81 9956
-1
77 9885
-1
80 9980
-1
-1
-1
80 9963
-1
82 9990
-1
85 9929
-1
83 9880
-1
84 9846
-1
79 9793
-1
77 9987
-1
77 9854
-1
-1
-1
73 9967
-1
71 9948
-1
69 9951
-1
72 9935
-1
71 9767
-1
71 9943
-1
74 9969
-1
74 9933
-1
-1
-1
78 9957
-1
80 9998
-1
79 9955
-1
75 9900
-1
73 9887
-1
77 9984
-1
77 9823
-1
79 9852
-1
-1
-1
80 9985
-1
83 9960
-1
81 9950
-1
82 9953
-1
84 9981
-1
86 9942
-1
88 9958
-1
86 9879
-1
-1
-1
82 9912
-1
82 9886
-1
77 9920
-1
79 9853
-1
78 9930
-1
74 9824
-1
69 9870
-1
72 9948
-1
-1
-1
74 9798
-1
79 9960
-1
80 9853
-1
85 9978
-1
81 9974
-1
79 9826
-1
83 9963
62
86 9965
-1
-1
-1
86 9896
-1
83 9945
-1
78 9963
-1
76 9995
-1
74 9950
-1
73 9802
-1
72 9924
-1
70 9962
-1
-1
-1
74 9993
-1
73 9997
-1
74 9954
-1
73 9950
-1
77 9930
-1
80 9968
-1
83 9980
-1
86 9993
-1
-1
-1
86 9920
-1
86 9813
-1
85 9987
-1
87 9993
-1
87 9982
-1
89 9942
-1
85 9980
-1
86 9931
-1
-1
-1
82 9869
-1
85 9993
-1
86 9988
-1
83 9907
-1
81 9962
-1
80 9966
-1
80 9990
-1
83 9959
-1
-1
-1
83 9997
-1
83 9828
-1
81 9950
-1
79 9946
-1
79 9808
-1
83 9798
-1
82 9852
-1
83 9833
-1
-1
-1
76 9869
-1
73 9958
-1
74 9968
-1
76 9877
-1
78 9968
-1
74 9864
-1
73 9848
-1
73 9916
-1
-1
-1
74 9877
-1
78 9976
-1
80 9934
-1
76 9967
-1
79 9840
-1
79 9994
-1
80 9954
-1
80 9949
-1
-1
-1
79 9937
-1
78 9968
-1
78 9899
-1
79 9942
-1
81 9905
-1
87 9985
-1
83 9998
-1
85 9937
-1
-1
-1
81 9975
-1
79 9832
-1
80 9899
-1
76 9923
-1
74 9978
-1
70 9999
-1
67 9889
-1
68 9783
-1
-1
-1
73 9953
-1
72 9961
-1
74 9957
-1
75 9894
-1
79 9796
-1
83 9956
-1
82 9982
-1
82 9781
-1
-1
-1
88 9930
-1
88 9833
-1
88 9988
-1
88 9866
-1
89 9966
-1
90 9960
-1
86 9992
-1
86 9889
-1
-1
-1
83 9963
-1
80 9927
-1
78 9847
-1
78 9970
-1
80 9962
-1
78 9869
-1
75 9894
-1
76 9990
-1
-1
-1
75 9963
-1
77 9959
-1
76 9980
-1
75 9960
-1
75 9803
-1
74 9912
-1
73 9825
-1
79 9989
-1
-1
-1
82 9969
-1
84 9868
-1
87 9862
-1
82 9985
-1
83 9892
-1
84 9896
-1
86 9947
-1
87 9973
-1
-1
-1
80 9937
-1
77 9849
-1
73 10000
-1
72 9878
-1
74 9991
-1
74 9823
-1
73 9971
-1
68 9977
-1
-1
-1
69 9867
-1
73 9828
-1
75 9868
-1
77 9770
-1
82 9995
-1
84 9985
-1
82 9959
-1
82 9971
-1
-1
-1
90 9974
-1
90 9960
-1
94 9941
-1
92 9991
-1
89 9989
-1
87 9863
-1
87 9895
-1
85 9953
-1
-1
-1
79 9997
-1
79 9986
-1
80 9993
-1
78 9868
-1
81 9906
-1
83 9792
-1
83 9871
-1
80 9760
-1
-1
-1
81 9925
-1
84 9888
-1
87 9963
-1
82 9872
-1
75 9895
-1
74 9892
-1
74 9949
-1
72 9897
-1
-1
-1
74 9934
-1
73 9919
-1
73 9897
-1
75 9826
-1
77 9784
-1
78 9981
-1
80 9832
-1
81 9918
-1
-1
-1
80 9949
-1
83 9953
-1
80 9914
-1
80 9936
-1
78 9880
-1
75 9835
-1
77 9968
-1
76 9973
-1
-1
-1
79 9897
-1
80 9814
-1
79 9945
-1
82 9921
-1
82 9966
-1
83 9978
-1
84 9984
-1
87 9997
-1
-1
-1
89 9926
-1
90 9982
-1
89 9996
-1
88 9908
-1
92 9942
-1
86 9881
-1
87 9987
-1
85 9934
-1
-1
-1
82 9822
-1
82 9977
-1
80 9998
-1
80 9865
-1
79 9854
-1
75 9906
-1
78 9810
-1
75 9807
-1
-1
-1
74 9923
-1
76 9857
-1
77 9896
-1
77 9927
-1
80 9918
-1
83 9966
-1
83 9894
-1
85 9947
-1
-1
-1
85 9904
-1
86 9866
-1
87 9974
-1
85 9792
-1
82 9972
-1
81 9880
-1
77 9918
-1
73 9934
-1
-1
-1
78 9940
-1
77 9969
-1
76 9950
-1
76 9938
-1
75 9922
-1
77 9890
-1
75 9806
-1
74 9807
-1
-1
-1
70 9877
-1
72 9933
-1
74 9991
-1
68 9988
-1
71 9982
-1
71 9848
-1
74 9848
-1
79 9992
-1
-1
-1
78 9817
-1
81 9892
-1
82 9955
-1
85 9939
-1
85 9879
140
86 9969
-1
83 9891
-1
85 9940
-1
-1
-1
83 10000
-1
85 9929
-1
88 9888
-1
86 9900
-1
83 9978
-1
84 9967
-1
84 9996
-1
86 9925
-1
-1
-1
87 9970
-1
82 9904
-1
79 9986
-1
78 9994
-1
80 9961
-1
82 9846
-1
81 9980
-1
77 9849
-1
-1
-1
72 9955
-1
71 9965
-1
72 9921
-1
71 9892
-1
71 9943
-1
72 9979
-1
76 9930
-1
77 9806
-1
-1
-1
78 9928
-1
81 9999
-1
85 9800
-1
87 9982
-1
87 9861
-1
87 9866
-1
86 9986
-1
84 9991
-1
-1
-1
85 9820
-1
82 9893
-1
80 9981
-1
77 9845
-1
81 9922
-1
81 9933
-1
82 9814
-1
82 9877
-1
-1
-1
77 9986
-1
81 9989
-1
82 9939
-1
82 9945
-1
81 9953
-1
82 9986
-1
81 9996
-1
79 9997
-1
-1
-1
76 9930
-1
78 9949
-1
73 9868
45
74 9884
-1
75 9957
-1
75 9839
-1
72 9860
-1
70 9850
229
-1
-1
73 9780
-1
77 9981
-1
79 9835
-1
81 9988
-1
84 9986
-1
82 9801
-1
84 9995
-1
85 9979
-1
-1
-1
91 9771
-1
96 9955
-1
96 9828
-1
92 9985
-1
89 9939
-1
85 9832
-1
84 9985
-1
88 9926
-1
-1
-1
83 9987
-1
85 9991
-1
81 9987
-1
82 9845
-1
83 9895
-1
82 9876
-1
82 9823
-1
82 9980
-1
-1
-1
84 9928
-1
81 9989
-1
80 9995
-1
80 9859
-1
80 9981
-1
82 9974
-1
80 9903
-1
82 9995
-1
-1
-1
81 9865
-1
77 9855
-1
80 9931
-1
79 9946
-1
78 9984
-1
77 10000
-1
74 9944
-1
76 9968
-1
-1
-1
79 9993
-1
79 9788
-1
79 9964
-1
78 9878
-1
79 9802
-1
84 9981
-1
84 9977
-1
85 9832
-1
-1
-1
88 9900
-1
88 9933
-1
87 9918
-1
84 9786
-1
89 9970
-1
88 9959
-1
88 9979
-1
81 9841
-1
-1
-1
82 9983
-1
81 9842
-1
83 9897
-1
79 9967
-1
75 9996
-1
73 9968
-1
72 9865
-1
76 9998
-1
-1
-1
75 9953
-1
72 9914
-1
76 9966
-1
78 9953
-1
80 9821
-1
83 9931
-1
87 9964
-1
87 9880
-1
-1
-1
83 9849
-1
87 9791
-1
86 9885
-1
88 9807
-1
85 9949
-1
82 9839
-1
79 9965
-1
79 9965
-1
-1
-1
80 9848
-1
81 9931
-1
81 9951
-1
83 9976
-1
84 9859
-1
85 9818
-1
88 9960
-1
89 9899
-1
-1
-1
92 9951
-1
88 9920
-1
88 9863
-1
88 9939
-1
87 9983
-1
80 9853
-1
75 9909
-1
75 9964
-1
-1
-1
76 9987
-1
75 9939
-1
76 9944
-1
76 9981
-1
77 9936
-1
77 9998
-1
79 9823
-1
80 9775
-1
-1
-1
76 9838
-1
77 9829
-1
79 9820
-1
78 9997
-1
76 9963
-1
77 9843
-1
77 9915
-1
76 9944
-1
-1
-1
78 9893
-1
82 9976
-1
78 9980
-1
79 9984
-1
79 9981
-1
81 9963
-1
80 9882
-1
82 9977
-1
-1
-1
84 9889
-1
85 10000
-1
79 9840
-1
83 9998
-1
82 9940
-1
77 9809
-1
79 9999
-1
78 9795
-1
-1
-1
79 9884
-1
80 9901
-1
79 9942
-1
80 9950
-1
75 9894
-1
76 9925
-1
75 9987
-1
76 9992
-1
-1
-1
75 9978
-1
73 9942
-1
75 9798
-1
79 9822
-1
79 9982
-1
81 9852
-1
82 9909
-1
84 9790
-1
-1
-1
85 9993
-1
81 9889
-1
86 9988
-1
87 9983
-1
79 9975
-1
79 9907
-1
77 9938
-1
80 9928
-1
-1
-1
76 9938
-1
77 9786
-1
76 9965
-1
75 9963
-1
75 9977
-1
73 9946
-1
72 9808
-1
74 9962
-1
-1
-1
76 9824
-1
79 9915
-1
78 9897
-1
80 9912
-1
78 9995
-1
79 9847
-1
80 9938
-1
80 9918
-1
-1
-1
80 9897
-1
81 9862
-1
80 9992
-1
78 9953
-1
78 9903
-1
79 9994
-1
81 9943
-1
81 9920
-1
-1
-1
83 9982
-1
78 9837
-1
79 9989
-1
76 9860
-1
75 9955
-1
76 9890
-1
76 9921
-1
77 9988
-1
-1
-1
77 9827
-1
81 9791
-1
82 9981
-1
80 9953
-1
79 9811
-1
78 9877
-1
77 9970
-1
75 9921
-1
-1
-1
70 9942
-1
68 9895
-1
71 9992
-1
75 9966
-1
76 9831
-1
78 9881
-1
82 10000
-1
80 9906
-1
-1
-1
80 9776
-1
81 9891
-1
84 9850
-1
85 9961
-1
77 9856
-1
77 9942
-1
76 9961
-1
75 9946
-1
-1
-1
81 9842
-1
80 9969
-1
82 9900
-1
79 9994
-1
79 9874
-1
80 9871
-1
82 9992
-1
81 9967
-1
-1
-1
82 9862
-1
83 9970
-1
83 9927
-1
85 9992
-1
83 9994
-1
84 9986
-1
80 9838
-1
81 9989
-1
-1
-1
83 9993
-1
86 9954
-1
84 9988
-1
84 9976
-1
84 9952
-1
83 9899
-1
84 9996
-1
85 9887
-1
-1
-1
83 9818
-1
83 9922
-1
82 9849
-1
81 9974
-1
81 9836
-1
84 9971
-1
83 9982
-1
82 9957
-1
-1
-1
83 9972
-1
87 9993
-1
87 9975
-1
85 9978
-1
85 9880
-1
80 9939
-1
78 9811
-1
77 9838
-1
-1
-1
80 9919
-1
77 9790
-1
77 9896
-1
78 9927
-1
81 9967
-1
80 9880
-1
82 9885
-1
82 9984
-1
-1
-1
82 9902
-1
76 9816
-1
79 9917
-1
80 9986
-1
80 9881
-1
79 9965
-1
77 9974
-1
80 9990
-1
-1
-1
78 9873
-1
79 9896
-1
84 9994
-1
84 9983
-1
84 9862
-1
81 9911
-1
82 9973
-1
84 9939
-1
-1
-1
81 9927
-1
81 9924
-1
79 9907
-1
75 9858
-1
79 9992
-1
79 9897
-1
80 9966
-1
82 9968
-1
-1
-1
80 9958
-1
82 9824
-1
82 9889
-1
84 9871
-1
85 9947
-1
81 9985
-1
80 9957
-1
80 9905
-1
-1
-1
79 9854
-1
82 9991
-1
79 9951
-1
81 9932
-1
81 9953
-1
82 9979
-1
81 9904
236
83 9771
-1
-1
-1
81 9984
-1
82 9954
-1
79 9869
-1
80 9955
-1
78 9965
-1
77 9977
-1
75 9999
-1
77 9898
-1
-1
-1
79 9997
-1
79 9897
-1
77 9942
-1
78 9916
-1
79 9990
-1
77 9945
-1
79 9986
-1
75 9975
-1
-1
-1
71 9994
-1
69 9970
-1
71 9935
-1
70 9782
-1
70 9984
-1
70 9790
-1
71 9914
-1
76 9795
-1
-1
-1
78 9927
-1
81 9992
-1
81 9984
-1
79 9921
-1
79 9816
-1
81 9891
-1
74 9847
-1
72 9946
-1
-1
-1
73 9970
-1
71 9828
-1
75 9891
-1
75 9990
-1
75 9787
-1
76 9946
-1
77 9894
-1
79 9872
-1
-1
-1
77 9894
-1
76 9868
-1
73 9842
-1
73 9899
-1
74 9937
-1
77 9976
-1
75 9917
-1
76 9775
-1
-1
-1
75 9941
-1
73 9779
-1
74 9975
-1
75 9932
-1
71 9858
-1
71 9849
-1
75 9995
-1
75 9927
-1
177
-1
74 9882
-1
76 9945
-1
79 9818
-1
81 9840
-1
80 9922
-1
83 9994
-1
84 9951
-1
82 9997
-1
-1
-1
83 9981
-1
87 9887
-1
89 9884
-1
85 9985
-1
80 9972
-1
82 9884
-1
81 9871
-1
80 9863
-1
-1
-1
85 9993
-1
80 9972
-1
76 9971
-1
77 9885
-1
77 9962
-1
80 9928
-1
80 9826
-1
82 9822
-1
-1
-1
82 9991
-1
81 9797
-1
82 9980
-1
82 9831
-1
79 9851
-1
81 9857
-1
80 9954
-1
77 9778
-1
-1
-1
74 9939
-1
76 9997
-1
79 9999
-1
80 9943
-1
79 9921
-1
78 9905
-1
78 9971
-1
79 9844
-1
-1
-1
77 9908
-1
77 9945
-1
76 9903
-1
71 9857
-1
74 9879
-1
78 9987
-1
78 9978
-1
76 9981
-1
-1
-1
81 9977
-1
84 9862
-1
83 9999
-1
85 9899
-1
81 9859
-1
84 9945
-1
77 9797
-1
79 9800
-1
-1
-1
83 9924
-1
82 9855
-1
82 9810
-1
83 9964
-1
83 9930
-1
81 9815
-1
79 9909
-1
81 9906
-1
-1
-1
79 9913
-1
78 9819
-1
73 9984
-1
71 9785
-1
72 9877
-1
76 9993
-1
77 9920
-1
78 9868
-1
-1
-1
80 9930
-1
81 9998
-1
78 9900
-1
81 9958
-1
84 9975
-1
83 9801
-1
87 9981
-1
87 9970
-1
-1
-1
81 9890
-1
79 9891
-1
81 9982
-1
81 9883
-1
81 9998
-1
77 9894
-1
83 9999
-1
80 9942
-1
43
-1
82 9886
-1
82 9998
-1
85 9943
-1
87 9990
-1
86 9904
-1
88 9945
-1
87 9891
-1
83 9891
-1
-1
-1
81 9812
-1
80 9969
-1
78 9930
-1
76 9935
-1
80 9989
-1
79 9869
-1
80 9961
-1
79 9929
-1
-1
-1
80 9830
-1
81 9969
-1
83 9874
-1
82 9979
-1
78 9850
-1
79 9982
-1
79 9864
-1
82 9986
-1
-1
-1
85 9900
-1
87 9818
-1
88 9956
-1
86 9987
-1
87 9907
-1
87 9908
-1
89 9817
-1
86 9950
-1
-1
-1
78 9887
-1
81 9829
-1
77 9847
-1
78 9954
-1
78 9801
-1
76 9980
-1
75 9910
-1
76 9842
-1
-1
-1
81 9956
-1
85 9999
-1
86 9985
-1
82 9825
-1
81 9928
-1
81 9833
-1
81 9905
-1
83 9937
-1
-1
-1
81 9814
-1
77 9859
-1
77 9972
-1
78 9956
-1
81 9900
-1
81 9914
-1
83 9983
-1
84 9976
-1
-1
-1
83 9965
-1
83 9929
-1
80 9865
-1
84 9994
-1
80 9806
-1
82 9968
-1
79 9960
-1
80 9984
-1
-1
-1
76 9869
-1
76 9958
-1
76 9997
-1
81 9916
-1
84 9809
-1
83 9817
-1
80 9937
-1
80 9924
-1
-1
-1
81 9893
-1
83 9887
-1
83 9938
110
83 9861
-1
75 9778
-1
76 9963
-1
78 9920
-1
80 9930
-1
-1
-1
84 9814
-1
81 9907
-1
83 9932
-1
83 9911
-1
85 9994
-1
85 9854
-1
83 9981
-1
81 9994
-1
-1
-1
81 9978
-1
80 9974
-1
81 9964
-1
80 9861
-1
80 9993
-1
76 9885
-1
73 9996
-1
73 9954
-1
-1
-1
73 9803
-1
74 9985
-1
73 9973
-1
72 9920
-1
74 9858
-1
74 9850
-1
77 9958
-1
81 9974
-1
-1
-1
79 9866
-1
79 9834
-1
77 9928
-1
78 9929
-1
77 9830
-1
76 9889
-1
81 9982
-1
78 9902
-1
-1
-1
77 9984
-1
78 9996
-1
76 9943
-1
76 9912
-1
76 9896
-1
79 9987
-1
74 9972
-1
74 9982
-1
-1
-1
77 9970
-1
73 9881
-1
73 9946
-1
75 9983
-1
73 9957
-1
71 9919
-1
73 9990
-1
73 9880
-1
-1
-1
78 9934
-1
73 9776
-1
76 9956
-1
73 9875
-1
77 9971
-1
79 9839
-1
80 9984
-1
77 9958
-1
-1
-1
77 9925
-1
76 9911
-1
73 9882
-1
75 9902
-1
79 9997
-1
77 9884
-1
78 9973
-1
80 9953
-1
-1
-1
79 9945
-1
77 9951
-1
78 9885
-1
79 9828
-1
76 9828
-1
76 9899
-1
78 9807
-1
79 9984
-1
-1
-1
80 9988
-1
80 9932
-1
81 9796
-1
82 9978
-1
83 9948
-1
84 9848
-1
84 9882
-1
80 9950
-1
-1
-1
75 9944
-1
72 9887
-1
71 9836
-1
73 9871
-1
72 9939
-1
71 9985
-1
70 9889
-1
72 9999
-1
-1
-1
76 9970
-1
77 9972
-1
75 9954
-1
77 9944
-1
78 9901
-1
78 9859
-1
81 9987
-1
84 9979
-1
-1
-1
82 9998
-1
80 9886
-1
79 9927
-1
84 9932
-1
82 9995
-1
83 9774
-1
83 9945
-1
82 9978
-1
-1
-1
77 9973
-1
78 9964
-1
76 9979
-1
73 9977
-1
71 10000
-1
67 9833
-1
67 9894
-1
70 9965
-1
-1
-1
74 9993
-1
73 9938
-1
75 9964
-1
75 9865
-1
76 9997
-1
78 9954
-1
76 9854
-1
75 9847
-1
-1
-1
76 9788
-1
79 9930
-1
82 9954
-1
79 9840
-1
80 9962
-1
75 9821
-1
77 9977
-1
80 9930
-1
-1
-1
76 9872
-1
77 9941
-1
73 9831
-1
74 9914
-1
76 9984
-1
79 9878
-1
82 9982
-1
81 9848
-1
-1
-1
83 9974
-1
81 9819
-1
82 9987
-1
83 9902
-1
82 9837
-1
82 9868
-1
82 9863
-1
82 9998
-1
-1
-1
81 9827
-1
82 9897
-1
81 9968
-1
80 9982
-1
81 9963
-1
81 9990
-1
82 9941
-1
74 9796
-1
-1
-1
75 9966
-1
77 9895
-1
78 9804
-1
79 9961
-1
81 9954
-1
80 9919
-1
82 9908
-1
83 9945
-1
-1
-1
87 9942
-1
85 9764
-1
85 9895
-1
80 9896
-1
79 9892
-1
78 9863
-1
80 9990
-1
80 9993
-1
-1
-1
74 9780
-1
74 9940
-1
79 9966
-1
81 9972
-1
82 9962
-1
87 9956
-1
88 9944
-1
88 9820
-1
-1
-1
86 9980
-1
87 9942
-1
87 9930
-1
86 9969
-1
81 9977
-1
80 9992
-1
76 9945
-1
74 9957
-1
-1
-1
76 9986
-1
76 9814
-1
75 9817
-1
77 9855
-1
81 9813
-1
83 9976
-1
80 9904
-1
78 9983
-1
-1
240
74 9972
-1
74 9960
-1
73 9905
-1
72 9989
-1
67 9858
-1
68 9922
-1
70 9765
-1
74 10000
-1
-1
-1
76 9994
-1
75 9877
-1
76 9977
-1
77 9983
-1
73 9955
-1
77 9992
-1
77 9913
-1
77 9927
-1
-1
-1
75 9975
-1
76 9989
-1
78 9897
-1
82 9995
-1
83 9943
-1
83 9858
-1
83 9974
-1
83 9914
-1
-1
-1
84 9755
-1
84 9896
-1
82 9823
-1
76 9781
-1
78 9968
-1
75 9950
-1
73 9795
-1
72 9807
-1
-1
-1
73 9814
-1
74 9912
-1
76 9999
-1
78 9990
-1
77 9842
-1
79 9972
-1
81 9980
-1
80 9876
-1
-1
-1
81 9978
-1
80 9932
-1
80 9986
-1
77 9965
-1
75 9999
-1
75 9950
-1
71 9805
-1
71 9805
-1
-1
-1
70 9972
-1
69 9866
-1
70 9889
-1
71 9987
-1
73 9939
-1
72 9841
-1
74 9907
-1
78 9990
-1
-1
-1
80 9991
-1
82 9850
-1
82 9980
-1
81 9855
-1
81 9911
-1
80 9931
-1
83 9940
-1
82 9983
-1
-1
-1
79 9861
-1
82 9931
-1
83 9878
-1
85 9921
-1
89 9895
-1
89 9902
-1
90 9935
-1
92 9962
-1
-1
-1
88 9978
-1
86 9944
-1
85 9927
-1
82 9923
-1
76 9938
-1
75 9981
-1
74 9937
-1
74 9994
-1
-1
-1
76 9976
-1
80 9956
-1
81 9978
-1
81 9878
-1
81 9988
-1
82 9969
-1
81 9879
-1
82 9992
-1
-1
-1
86 9998
-1
85 9839
-1
77 9985
-1
78 9885
-1
79 9935
-1
79 9877
-1
79 9987
-1
77 9968
-1
-1
-1
78 9880
-1
77 9979
-1
78 9921
-1
80 9984
-1
74 9782
-1
76 9849
-1
76 9900
-1
78 9972
-1
-1
-1
79 9868
-1
78 9895
-1
74 9923
-1
77 9952
-1
76 9940
-1
76 9916
-1
73 9915
-1
76 9996
-1
-1
-1
73 9801
-1
78 9834
-1
78 9871
-1
78 9850
-1
78 9990
-1
79 9987
-1
79 9807
-1
83 9888
-1
-1
-1
81 9988
-1
82 9991
-1
81 9929
-1
81 9974
-1
83 9924
-1
84 9831
-1
82 9921
-1
83 9802
-1
-1
-1
84 9990
-1
84 9984
-1
82 9947
-1
83 9879
-1
82 9836
-1
81 9975
-1
78 9843
-1
80 9970
-1
-1
-1
88 9921
-1
90 9912
-1
88 9996
-1
91 9906
-1
89 9827
-1
89 9947
-1
86 9941
-1
87 9778
-1
-1
-1
86 9975
-1
79 9943
-1
79 9852
-1
75 9816
-1
74 9933
-1
73 9855
-1
78 9993
-1
82 9956
-1
-1
-1
82 9991
-1
82 9927
-1
79 9998
-1
79 9868
-1
81 9857
-1
81 9864
-1
82 9826
-1
81 9962
-1
-1
-1
76 9902
-1
75 9951
-1
76 9905
-1
73 9967
-1
74 9886
-1
76 9851
-1
78 9995
-1
78 9989
-1
-1
-1
79 9879
-1
83 9975
-1
82 9786
-1
84 9835
-1
89 9956
-1
89 9783
-1
90 9966
-1
85 9854
-1
-1
-1
83 9847
-1
82 9902
-1
81 9888
-1
83 9976
-1
75 9931
-1
73 9934
-1
71 9882
-1
73 9944
-1
-1
-1
75 9841
-1
74 9765
-1
75 9938
-1
70 9839
-1
72 9875
-1
71 9775
-1
71 9927
-1
69 9951
-1
-1
-1
67 9950
-1
65 9978
-1
66 9823
-1
72 9982
-1
73 9954
-1
73 9846
-1
73 9898
-1
75 9937
-1
-1
-1
80 9980
-1
84 9990
-1
86 9771
-1
90 9996
-1
89 9956
-1
84 9934
-1
83 9929
-1
86 9955
-1
-1
-1
89 9831
-1
84 9930
-1
86 9969
-1
84 9868
-1
83 9954
-1
84 9992
-1
86 9981
-1
89 9953
-1
-1
-1
89 9947
-1
86 9972
-1
87 9841
-1
91 9963
-1
88 9949
-1
85 9926
-1
79 9891
-1
74 9933
-1
-1
-1
74 9928
-1
78 9911
-1
79 9953
-1
71 9923
-1
71 9994
-1
75 9954
-1
75 9788
-1
77 9847
-1
-1
-1
80 9974
-1
83 9806
-1
78 9903
-1
79 9944
-1
81 9969
-1
84 9971
-1
84 9987
-1
81 9861
-1
-1
-1
79 9977
-1
83 9992
-1
79 9881
-1
82 9859
-1
83 9945
-1
83 9983
-1
83 9857
-1
81 9855
-1
-1
-1
79 9987
-1
82 9934
-1
84 9921
-1
83 9793
-1
84 9981
-1
82 9897
-1
81 9992
-1
80 9991
-1
-1
-1
79 9989
-1
81 9943
-1
80 9831
-1
78 9997
-1
79 9919
-1
81 9973
-1
80 9922
-1
81 9840
-1
-1
-1
78 9936
-1
75 9845
-1
73 9994
-1
72 9960
-1
72 9998
-1
70 9820
-1
72 9964
-1
73 9925
-1
-1
-1
72 9952
-1
74 9939
-1
77 9894
-1
78 9953
-1
78 9981
-1
77 9831
-1
72 9851
-1
73 9992
-1
-1
-1
77 9948
-1
80 9900
-1
82 9871
-1
76 9952
-1
77 9928
-1
74 9930
-1
78 10000
-1
79 9933
-1
-1
250
81 9948
-1
78 9921
-1
77 9977
-1
76 9883
-1
80 10000
-1
78 9987
-1
81 9881
-1
81 9815
-1
-1
-1
85 9841
-1
80 9901
-1
80 9932
-1
83 9906
-1
82 9895
-1
81 9934
-1
84 9993
-1
84 9936
-1
-1
-1
84 9870
-1
77 9899
-1
75 9893
-1
78 9985
-1
73 9845
-1
68 9986
-1
69 9757
-1
71 9979
-1
-1
-1
68 9756
-1
71 9823
-1
71 9802
-1
71 9942
-1
73 9899
-1
75 9951
-1
74 9921
-1
73 9931
-1
-1
-1
78 9986
-1
79 9895
-1
79 9890
-1
82 9934
-1
82 9939
-1
81 9904
-1
81 9988
-1
84 9893
-1
-1
-1
84 9940
-1
78 9989
-1
79 9943
-1
79 9773
-1
79 9973
-1
84 9988
-1
84 9870
-1
89 10000
-1
-1
-1
88 9971
-1
89 9992
-1
89 9995
-1
91 9964
-1
88 9800
-1
87 9920
-1
90 9998
-1
84 9924
-1
-1
-1
77 9873
-1
72 9996
-1
73 9879
-1
70 9837
-1
71 9927
-1
72 9970
-1
70 9883
-1
69 9973
-1
-1
-1
72 9997
-1
75 9805
-1
76 9974
-1
74 9988
-1
74 9967
-1
77 9889
-1
78 9994
-1
79 9989
-1
-1
-1
81 9980
-1
83 9996
-1
79 9857
-1
80 9982
-1
83 9840
-1
81 9973
-1
82 9994
-1
82 9829
-1
-1
-1
84 9788
-1
80 9781
-1
82 9961
-1
82 9943
-1
86 9962
-1
86 9924
-1
84 9967
-1
86 9929
-1
-1
-1
86 9988
-1
83 9974
-1
81 9859
-1
82 9896
-1
81 9985
-1
78 9905
-1
80 9981
-1
79 9905
-1
-1
-1
75 9992
-1
76 9874
-1
76 9853
-1
78 9825
-1
80 9891
-1
82 9997
-1
81 9976
-1
77 9792
-1
-1
-1
79 9802
-1
82 9974
-1
83 9951
-1
84 9979
-1
84 9936
-1
83 9967
-1
86 9989
-1
84 9941
-1
-1
-1
85 9765
-1
87 9918
-1
82 9994
-1
80 9887
-1
79 9966
-1
79 9985
-1
78 9896
-1
76 9997
-1
-1
-1
79 9833
-1
82 9900
-1
86 9995
-1
87 9947
-1
90 9813
-1
91 9977
-1
93 9982
-1
88 9906
-1
-1
-1
82 9986
-1
78 9921
-1
76 9951
-1
74 9827
-1
73 9923
-1
76 9954
-1
75 9917
-1
77 9934
-1
-1
-1
83 9923
-1
83 9772
-1
84 9989
-1
86 9966
-1
86 9963
-1
84 9941
-1
82 9972
-1
81 9925
-1
-1
-1
77 9914
-1
78 9929
-1
78 9941
-1
77 9918
-1
76 9972
-1
75 9947
-1
75 9992
-1
74 9868
-1
-1
-1
74 9851
-1
75 9962
-1
76 9927
-1
79 9927
-1
78 9861
-1
79 9993
-1
80 9984
-1
77 9936
-1
-1
-1
80 9954
-1
79 9952
-1
77 9875
-1
78 9862
-1
79 9924
-1
80 9917
-1
79 9894
-1
82 9865
-1
-1
-1
83 9791
-1
83 9876
-1
84 9914
-1
85 9863
-1
84 9930
-1
78 9994
-1
79 9990
-1
76 9986
-1
-1
-1
76 9988
-1
77 9842
-1
77 9912
-1
75 9916
-1
74 9917
-1
74 9927
-1
74 9972
-1
75 9938
-1
-1
-1
73 9985
-1
71 9916
-1
71 9906
-1
72 9887
-1
73 9951
-1
74 9944
-1
77 9926
-1
76 9769
-1
-1
-1
79 9901
-1
81 9865
-1
82 9953
-1
82 9820
-1
84 9767
-1
83 9827
-1
86 9844
-1
80 9884
-1
-1
-1
80 9974
-1
79 9999
-1
77 10000
-1
78 9903
-1
76 9998
-1
76 9827
-1
75 9881
-1
76 9944
-1
-1
-1
72 9926
-1
75 9915
-1
73 9924
-1
73 9940
-1
76 9788
-1
78 9975
-1
76 9777
-1
77 9902
-1
-1
-1
80 9903
-1
83 9960
-1
82 9878
-1
82 9996
-1
79 9939
-1
78 9938
-1
78 9955
-1
81 9994
-1
-1
-1
80 9972
-1
78 9881
-1
79 9947
-1
80 9873
-1
80 9958
-1
82 9984
-1
80 9985
-1
81 9818
-1
-1
-1
82 9991
-1
85 9930
-1
87 9876
-1
90 9986
-1
84 9982
-1
85 9836
-1
84 9765
-1
85 9918
-1
-1
-1
85 9993
-1
83 9948
-1
82 9920
-1
80 9940
-1
78 9788
-1
79 9788
-1
75 9931
-1
78 9948
-1
-1
-1
76 9989
-1
74 9972
-1
72 9876
-1
74 9981
-1
76 9999
-1
79 9906
-1
77 9924
-1
77 9946
-1
-1
-1
78 9962
-1
76 9822
-1
76 9874
-1
73 9959
-1
74 9993
-1
71 9925
-1
76 9971
-1
77 9991
-1
-1
-1
74 9887
-1
74 9991
-1
78 9871
-1
78 9901
-1
78 9914
-1
75 9784
-1
76 9970
-1
78 9987
-1
-1
-1
87 9987
-1
86 9854
-1
88 9957
-1
89 9967
-1
83 9973
-1
86 9873
-1
87 9973
-1
87 9986
-1
-1
-1
87 9934
-1
76 9933
-1
75 9902
-1
76 9995
-1
73 9789
-1
76 9963
-1
78 9812
-1
76 9963
-1
-1
-1
68 9814
-1
73 9878
-1
76 9969
-1
76 9831
-1
76 9890
-1
79 9979
-1
75 9998
-1
73 9765
-1
-1
-1
77 9975
-1
76 9945
-1
72 9865
-1
77 9948
-1
74 9934
-1
76 9943
-1
76 9941
-1
77 9919
-1
-1
-1
79 9859
-1
79 9994
-1
78 9925
-1
81 9976
-1
80 9965
-1
81 9843
-1
82 9961
-1
79 9882
-1
-1
-1
75 9983
-1
78 9915
-1
81 9993
-1
79 9924
-1
79 10000
-1
79 9820
-1
76 9770
-1
77 9929
-1
-1
-1
78 9814
-1
77 9886
-1
75 9972
-1
77 9883
-1
80 9769
-1
79 9996
-1
79 9977
-1
81 9998
-1
-1
-1
82 9995
-1
85 9990
-1
89 9992
-1
91 9958
-1
89 9950
-1
89 9937
-1
91 9878
-1
91 9881
-1
-1
-1
89 9982
-1
89 9988
-1
91 9787
-1
86 9918
-1
85 9957
-1
87 9987
-1
86 9853
-1
85 9976
-1
-1
-1
82 9921
-1
84 9993
-1
87 9994
-1
87 9999
-1
84 9976
-1
80 9938
-1
79 9791
-1
83 9947
-1
-1
-1
82 9887
-1
82 9979
-1
82 9968
-1
78 9913
-1
78 9810
-1
77 9856
-1
81 9958
-1
82 9976
-1
-1
-1
72 9794
-1
73 9965
-1
71 9980
-1
73 9975
-1
74 9880
-1
74 9962
-1
75 9857
-1
77 9960
-1
-1
-1
80 9844
-1
81 9847
-1
83 9825
-1
81 9934
-1
84 9875
-1
85 9985
-1
83 9844
-1
84 10000
-1
-1
-1
80 9867
-1
79 9980
-1
76 9841
-1
78 9881
-1
81 9886
-1
79 9953
-1
80 9963
-1
80 9911
-1
-1
-1
80 9987
-1
79 9935
-1
81 9835
-1
84 9867
-1
87 9987
-1
84 9962
-1
86 9972
-1
89 9994
-1
-1
-1
82 9932
-1
82 9968
-1
81 9851
-1
77 9946
-1
76 9997
-1
75 9827
-1
76 9829
-1
77 9949
-1
-1
-1
79 9913
-1
79 9964
-1
82 9968
-1
80 9884
-1
81 9885
-1
83 9859
-1
83 9977
-1
84 9970
-1
-1
-1
80 9896
-1
80 9897
-1
75 9817
-1
75 9914
-1
74 9961
-1
75 9787
-1
76 9934
-1
74 9913
-1
-1
-1
75 9981
-1
74 9974
-1
75 9845
-1
77 9941
-1
74 9965
-1
73 9904
-1
75 9900
-1
75 9962
-1
-1
-1
78 9909
-1
78 9910
-1
77 9851
-1
78 9828
-1
79 9812
-1
82 9964
-1
84 9896
-1
81 9943
-1
-1
-1
75 9896
-1
78 9910
-1
79 9798
-1
81 9942
-1
81 9937
-1
78 9991
-1
76 9967
-1
76 9856
-1
-1
-1
82 9889
-1
79 9972
-1
78 9912
-1
79 9877
-1
79 9909
-1
81 9958
-1
81 9922
-1
83 9785
-1
-1
-1
87 9949
-1
87 9970
-1
86 9993
-1
86 9793
-1
90 9978
-1
84 9976
-1
84 9958
-1
84 9955
-1
-1
-1
84 9970
-1
81 9916
-1
81 9996
-1
79 9977
-1
82 9990
-1
76 9867
-1
77 9991
-1
77 9892
-1
-1
-1
83 9974
-1
82 9994
-1
83 9928
-1
80 9879
-1
81 9837
-1
79 9840
-1
81 9941
-1
81 9797
-1
-1
-1
74 9967
-1
73 9831
-1
76 9869
-1
75 9956
-1
78 9965
-1
78 9769
-1
78 9882
-1
79 9913
-1
-1
201
79 9869
-1
80 9903
-1
77 9971
-1
73 9765
-1
73 9951
-1
71 9865
-1
71 9791
-1
71 9942
-1
-1
-1
75 9997
-1
74 9978
-1
73 9912
-1
77 9897
-1
76 9980
-1
75 9978
-1
77 9884
-1
81 9997
-1
-1
-1
82 9852
-1
81 9949
-1
82 9984
-1
85 9995
-1
85 9975
-1
85 9920
-1
87 9919
-1
90 9945
-1
-1
-1
83 9926
-1
84 9955
-1
85 9998
-1
82 9839
-1
82 9970
-1
82 9929
-1
79 9996
-1
73 9919
-1
-1
-1
69 9861
-1
68 9962
-1
68 9960
-1
69 9828
-1
69 9955
-1
69 9912
-1
71 9979
-1
70 9887
-1
-1
-1
77 9983
-1
77 9838
-1
82 9984
-1
79 9972
-1
79 9980
-1
81 9967
-1
82 9974
-1
82 9930
-1
-1
-1
81 9879
-1
84 9920
-1
83 9907
-1
86 9954
-1
85 9843
-1
86 9880
-1
88 9975
-1
85 9814
-1
-1
-1
87 9921
-1
88 9878
-1
84 9923
-1
81 9936
-1
77 9937
-1
81 9993
-1
83 9929
-1
84 9987
-1
-1
-1
77 9883
-1
79 9849
-1
79 9918
-1
80 9952
-1
82 9994
-1
83 9945
-1
80 9964
-1
78 9893
-1
-1
-1
79 9814
-1
82 9793
-1
85 9935
-1
84 9904
-1
83 9925
-1
83 9861
-1
86 9948
-1
89 9996
-1
-1
-1
95 9979
-1
93 9968
-1
90 9943
-1
86 9963
-1
89 9990
-1
89 9919
-1
91 9942
-1
93 9921
-1
-1
-1
90 9920
-1
81 9913
-1
83 9900
-1
87 9927
-1
87 9932
-1
83 9968
-1
83 9933
-1
86 9967
-1
-1
-1
82 9983
-1
83 9992
-1
80 9965
-1
82 9968
-1
78 9845
-1
77 9876
-1
81 9941
-1
82 10000
-1
-1
-1
75 9885
-1
76 9862
-1
75 9840
-1
80 9967
-1
79 9975
-1
80 9952
-1
76 9964
-1
80 9977
-1
-1
-1
80 9812
-1
80 9846
-1
80 9920
-1
82 9991
-1
78 9993
-1
80 9926
-1
80 9937
-1
83 9847
-1
-1
-1
82 9886
-1
83 9997
-1
84 9782
-1
86 9981
-1
84 9826
-1
86 9824
-1
85 9949
-1
78 9880
-1
-1
-1
74 9822
-1
74 9933
-1
73 9963
-1
72 9890
-1
70 9950
-1
69 9859
-1
73 9961
-1
76 9991
-1
-1
-1
79 9962
-1
76 9951
-1
75 9835
-1
73 9937
-1
76 9854
-1
78 9945
-1
78 9918
-1
75 9782
-1
-1
-1
79 9997
-1
83 9977
-1
82 9860
-1
84 9957
-1
86 9995
-1
87 9904
-1
88 9936
-1
86 9937
-1
-1
-1
84 9830
-1
84 9929
-1
79 9917
-1
77 9966
-1
78 9961
-1
77 9936
-1
77 9811
-1
77 9835
-1
-1
-1
81 9903
-1
80 9831
-1
81 9884
-1
85 9899
-1
87 9969
-1
85 9957
-1
85 9829
-1
81 9840
-1
-1
-1
76 9934
-1
75 9940
-1
72 9910
-1
71 9975
-1
69 9893
-1
72 9930
-1
71 9943
-1
71 9960
-1
-1
-1
72 9948
-1
74 9975
-1
74 9971
-1
71 9924
-1
73 9998
-1
71 9994
-1
71 9847
-1
73 9955
-1
-1
-1
77 9984
-1
75 9917
-1
79 9920
-1
80 9963
-1
81 9943
-1
83 9987
-1
82 9847
-1
84 9827
-1
-1
-1
85 9930
-1
85 9980
-1
84 9951
-1
84 9998
-1
80 9953
-1
80 9858
-1
80 9929
-1
81 9992
-1
-1
-1
80 9941
-1
79 9908
-1
80 9999
-1
81 9898
-1
81 9806
-1
82 9937
-1
81 9824
-1
83 9965
-1
-1
-1
85 9901
-1
84 9976
-1
87 9853
-1
91 9864
-1
88 9828
-1
87 9949
-1
87 9843
-1
87 9844
-1
-1
-1
84 9969
-1
86 9901
-1
91 9992
-1
89 9929
-1
87 10000
-1
85 9905
-1
86 9872
-1
87 9954
-1
-1
-1
86 9994
-1
86 9843
-1
84 9981
-1
78 9939
-1
76 9901
-1
75 9894
-1
72 9842
-1
72 9824
-1
-1
-1
73 9896
-1
70 9841
-1
74 9988
-1
75 9919
-1
76 9833
-1
78 9915
-1
79 9902
-1
81 9895
-1
-1
-1
82 9874
-1
84 9919
-1
82 9935
-1
79 9933
-1
82 9931
-1
83 9977
-1
78 9874
-1
74 9881
-1
-1
-1
70 9958
-1
70 9982
-1
71 9960
-1
72 9837
-1
70 9976
-1
70 9813
-1
72 9900
-1
75 9796
-1
-1
-1
81 9911
-1
78 9878
-1
79 9955
-1
77 9986
-1
76 9963
-1
74 9851
-1
75 9897
-1
76 9982
-1
-1
-1
73 9998
-1
71 9830
-1
73 9862
-1
76 9922
-1
77 9984
-1
76 9818
-1
82 9936
-1
81 9869
-1
-1
-1
79 9961
-1
80 9969
-1
80 9803
-1
78 9981
-1
80 9982
-1
82 9994
-1
79 9947
-1
76 9926
-1
-1
-1
73 9901
-1
73 9953
-1
76 9931
-1
76 9970
-1
75 9993
-1
76 9773
-1
77 9937
-1
81 9981
-1
-1
-1
80 9881
-1
84 9815
-1
87 9976
-1
87 9983
-1
86 9951
-1
83 9934
-1
79 9955
-1
75 9962
-1
-1
-1
73 9992
-1
69 9934
-1
68 9905
-1
70 9902
-1
69 9950
-1
72 9799
-1
72 9887
-1
73 9974
-1
-1
-1
75 9998
-1
76 9992
-1
75 9921
-1
73 9839
-1
73 9829
-1
71 9897
-1
73 9893
-1
75 9975
-1
-1
-1
78 9910
-1
77 9856
-1
75 9870
-1
77 9993
-1
80 9997
-1
81 9990
-1
84 9960
-1
79 9952
-1
-1
-1
80 9996
-1
81 9989
-1
75 9984
-1
72 9859
-1
71 9922
-1
68 9903
-1
69 9816
-1
70 9832
-1
-1
-1
74 9987
-1
74 9999
-1
75 9994
-1
77 9949
-1
76 9977
-1
76 9796
-1
79 9940
-1
81 9819
-1
-1
-1
84 9911
-1
86 9932
-1
90 9972
-1
87 9990
-1
83 9897
-1
86 9993
-1
84 9980
-1
87 9969
-1
-1
-1
84 9811
-1
81 9913
-1
79 9934
-1
75 9965
-1
78 9970
-1
80 9920
-1
81 9946
-1
80 9802
-1
-1
-1
79 9964
-1
80 9992
-1
79 9986
-1
78 9854
-1
81 9914
-1
82 9949
-1
84 9960
-1
81 9976
-1
-1
-1
79 9959
-1
81 9894
-1
79 9886
-1
81 9934
-1
82 9960
-1
75 9909
-1
74 9984
-1
74 9953
-1
-1
-1
72 9914
-1
68 9901
-1
73 9985
-1
75 9995
-1
79 9951
-1
81 9921
-1
80 9859
-1
82 9969
-1
-1
-1
83 9795
-1
86 9947
-1
87 9856
-1
88 9899
-1
91 9968
-1
88 9994
-1
84 9949
-1
84 9973
-1
-1
-1
85 9996
-1
86 9974
-1
84 9871
-1
86 9951
-1
84 9997
-1
84 9989
-1
82 9988
-1
83 9958
-1
-1
-1
83 9896
-1
81 9962
-1
86 9973
-1
86 9973
-1
84 9966
-1
81 9898
-1
81 9802
-1
81 9991
-1
-1
-1
78 9970
-1
80 9992
-1
80 9898
-1
76 9908
-1
74 9866
-1
76 9923
-1
77 9948
-1
76 9853
-1
-1
-1
78 9911
-1
76 9927
-1
72 9958
-1
73 9776
-1
75 9963
-1
76 9947
-1
76 9982
-1
78 9964
-1
-1
-1
73 9928
-1
76 9945
-1
80 9870
-1
81 9810
-1
81 9996
-1
82 9992
-1
81 9982
-1
79 9898
-1
-1
-1
81 9846
-1
83 9971
-1
83 9999
-1
80 9910
-1
81 9811
-1
84 9946
-1
85 9915
-1
81 9921
-1
-1
-1
85 9881
-1
84 9950
-1
81 9799
-1
80 9776
-1
83 9933
-1
79 9844
-1
79 9988
-1
79 9848
-1
-1
-1
75 10000
-1
74 9955
-1
74 9875
-1
75 9846
-1
72 9912
-1
75 9938
-1
75 9872
-1
77 9953
-1
-1
-1
80 9952
-1
77 9809
-1
79 9785
-1
80 9871
-1
81 9939
-1
82 9803
-1
82 9994
-1
79 9936
-1
-1
-1
77 9854
-1
79 9773
-1
82 9919
-1
81 9919
-1
82 9968
-1
84 9986
-1
83 9954
-1
81 9940
-1
-1
-1
84 9892
-1
82 9958
-1
76 9852
-1
76 9785
-1
77 9945
-1
73 9824
-1
74 9941
-1
74 9949
-1
-1
-1
72 9895
-1
72 9824
-1
72 9918
-1
74 9939
-1
75 9999
-1
75 9814
-1
75 9986
-1
70 9917
-1
-1
-1
76 9985
-1
78 9770
-1
78 9922
-1
81 9872
-1
83 9994
-1
81 9922
-1
82 9935
-1
82 9828
-1
-1
-1
86 9974
-1
85 9942
-1
84 9930
-1
84 9925
-1
85 9867
-1
84 9950
-1
87 9973
-1
88 9999
-1
-1
-1
90 9944
-1
92 9994
-1
93 9998
-1
91 9938
-1
86 9891
-1
86 9966
-1
82 9934
-1
77 9965
-1
-1
-1
78 9992
-1
77 9870
-1
76 9757
-1
78 9921
-1
79 9959
-1
80 9982
-1
79 9979
-1
80 9856
-1
-1
-1
81 9963
-1
80 9963
-1
78 9984
-1
79 9961
-1
76 9974
-1
76 9780
-1
79 9976
-1
79 9947
-1
-1
-1
82 9996
-1
81 9853
-1
82 9920
-1
79 9815
-1
78 9912
-1
74 9941
-1
71 9904
-1
74 9984
-1
-1
-1
75 9971
-1
73 9835
-1
73 9929
-1
74 9984
-1
75 9969
-1
76 9873
-1
77 9983
-1
75 9841
-1
-1
-1
76 9915
-1
71 9797
-1
70 9868
-1
66 9959
-1
67 9860
-1
71 9964
-1
75 9894
-1
76 9895
-1
-1
-1
79 9916
-1
81 9996
-1
83 9807
-1
84 9952
-1
86 9919
-1
89 9853
-1
91 9987
-1
88 9946
-1
-1
-1
85 9900
-1
82 9967
-1
77 9976
-1
75 9782
-1
76 9978
-1
78 9980
-1
78 9943
-1
76 9867
-1
-1
-1
76 9822
-1
75 9898
-1
75 9807
-1
78 9996
-1
79 9943
-1
80 9893
-1
79 9802
-1
75 9992
-1
-1
-1
72 9786
-1
74 9979
-1
77 9883
-1
79 9961
-1
79 9937
-1
80 9992
-1
76 9941
-1
75 9798
-1
-1
-1
78 9966
-1
81 9998
-1
82 9983
-1
81 9981
-1
78 9995
-1
72 9853
-1
76 9869
-1
80 9971
-1
-1
-1
81 9883
-1
80 9998
-1
77 9932
-1
75 9808
-1
73 9904
-1
75 9955
-1
71 9838
-1
69 9962
-1
-1
-1
72 9899
-1
71 9869
-1
71 9882
-1
73 9965
-1
75 9922
-1
78 9817
-1
79 9857
-1
81 9880
-1
-1
-1
87 9899
-1
88 9970
-1
87 9887
-1
88 9899
-1
87 9951
-1
82 9756
-1
84 9933
-1
81 9934
-1
-1
-1
79 9930
-1
70 9806
-1
69 9951
-1
69 9880
-1
67 9775
-1
69 9982
-1
73 9996
-1
71 9993
-1
-1
-1
72 9960
-1
74 9923
-1
77 9855
-1
82 9974
-1
84 9990
-1
83 9822
-1
82 9847
-1
82 9998
-1
-1
-1
80 9794
-1
81 9844
-1
82 9982
-1
80 9843
-1
76 9955
-1
76 9885
-1
78 9894
-1
80 9839
-1
-1
-1
82 9972
-1
82 9944
-1
86 9923
-1
86 9997
-1
81 9959
-1
82 9922
-1
83 9973
-1
86 9995
-1
-1
-1
89 9993
-1
91 9994
-1
91 9938
-1
93 9802
-1
89 9924
-1
89 9864
-1
88 9780
-1
89 9968
-1
-1
-1
85 9951
-1
84 9968
-1
82 9969
-1
80 9982
-1
78 9807
-1
76 9839
-1
75 9870
-1
77 9993
-1
-1
-1
80 9934
-1
80 9981
-1
78 9802
-1
78 9981
-1
81 9993
-1
80 9956
-1
81 9992
-1
80 9772
-1
-1
-1
86 9945
-1
85 9971
-1
82 9834
-1
82 9925
-1
84 9996
-1
79 9830
-1
80 9907
-1
81 9924
-1
-1
-1
83 9888
-1
81 9927
-1
83 9789
-1
83 9966
-1
81 9945
-1
82 9991
-1
85 9970
-1
86 9984
-1
-1
-1
75 9929
-1
78 9989
-1
80 9939
-1
79 9967
-1
81 9998
-1
85 9923
-1
87 9983
-1
84 9979
-1
-1
-1
81 9919
-1
84 9967
-1
81 9941
-1
78 9991
-1
79 9953
-1
72 9831
-1
70 9792
-1
72 10000
-1
-1
-1
77 9998
-1
81 9986
-1
81 9911
-1
83 9968
-1
86 9979
-1
87 9918
-1
88 9983
-1
90 9945
-1
-1
-1
92 9892
-1
93 9903
-1
94 9942
-1
92 9953
-1
88 9957
-1
84 9834
-1
80 9955
-1
81 9789
-1
-1
-1
81 9992
-1
82 9994
-1
80 9975
-1
80 9985
-1
79 9912
-1
82 9916
-1
82 9888
184
82 9997
-1
-1
-1
78 9995
-1
80 9963
-1
79 9942
-1
82 9989
-1
79 9793
-1
79 9980
-1
77 9955
-1
80 9884
-1
-1
-1
84 9982
-1
81 9920
-1
78 9951
-1
75 9926
-1
73 9951
-1
71 9921
-1
72 9906
-1
71 9911
-1
-1
-1
68 9959
-1
72 9994
-1
71 9892
-1
74 9977
-1
74 9938
-1
75 9844
-1
78 9864
-1
77 9931
-1
-1
-1
76 9883
-1
74 9828
-1
77 9986
-1
80 9997
-1
75 9967
-1
73 9920
-1
73 9895
-1
72 9812
-1
-1
-1
78 9830
-1
76 9923
-1
74 9970
-1
71 9807
-1
74 9986
-1
73 9757
-1
74 9942
-1
74 9943
-1
-1
-1
69 9977
-1
69 9882
-1
70 9948
-1
70 9958
-1
71 9994
-1
73 9932
-1
72 9986
-1
74 9863
-1
-1
-1
77 9911
-1
77 9879
-1
77 9993
-1
75 9985
-1
76 9943
-1
79 9996
-1
82 9992
-1
84 9939
-1
-1
-1
83 9937
-1
82 9975
-1
84 9984
-1
84 9974
-1
87 9812
-1
87 9811
-1
87 9960
-1
86 9933
-1
-1
-1
78 9985
-1
76 9946
-1
74 9954
-1
76 9990
-1
73 9982
-1
76 9879
-1
75 9930
-1
75 9965
-1
-1
-1
72 9904
-1
74 9843
-1
79 9912
-1
83 9924
-1
86 9959
-1
86 9856
-1
87 9966
-1
81 9992
-1
-1
-1
83 9913
-1
86 9983
-1
89 9924
-1
86 9890
-1
80 9853
-1
73 9815
-1
75 9958
-1
74 9944
-1
-1
-1
76 9927
-1
73 9972
-1
70 9928
-1
74 9986
-1
77 9950
-1
78 9951
-1
82 9913
-1
79 9828
-1
-1
-1
77 9978
-1
76 9792
-1
78 9848
-1
80 9830
-1
75 9928
-1
73 9807
-1
71 9832
-1
74 9802
-1
-1
-1
81 9875
-1
83 9870
-1
84 9905
-1
84 9923
-1
83 9913
-1
83 9784
-1
86 9961
-1
85 9787
-1
-1
-1
86 9934
-1
86 9988
-1
83 9922
-1
84 9869
-1
83 9941
-1
81 9850
-1
81 9968
-1
83 9817
-1
-1
-1
81 9908
-1
79 9993
-1
75 9898
-1
73 9987
-1
74 9984
-1
74 9979
-1
72 9969
-1
76 9912
-1
-1
-1
76 9931
-1
74 9995
-1
76 9985
-1
76 9966
-1
76 9930
-1
74 9883
-1
72 9963
-1
67 9927
-1
-1
-1
68 9992
-1
71 9950
-1
71 9892
-1
71 9762
-1
73 9887
-1
74 9967
-1
78 9901
-1
82 9892
-1
-1
-1
83 9923
-1
87 9957
-1
83 9974
-1
83 9982
-1
84 9990
-1
85 9810
-1
83 9880
-1
83 9953
-1
-1
-1
79 9974
-1
83 9987
-1
84 9985
-1
80 9919
-1
81 9951
-1
81 9884
-1
78 9971
-1
80 9852
-1
-1
-1
82 9847
-1
81 9820
-1
78 9977
-1
79 9790
-1
82 9789
-1
80 9819
-1
83 9992
-1
83 9965
-1
-1
-1
87 9933
-1
89 9889
-1
86 9919
-1
84 9910
-1
84 9975
-1
79 9860
-1
81 9929
-1
82 9899
-1
-1
-1
78 9801
-1
78 9909
-1
78 9959
-1
80 9996
-1
80 9967
-1
78 9877
-1
79 9970
-1
75 9865
-1
-1
-1
71 9883
-1
72 9889
-1
72 9988
-1
70 9832
-1
74 9993
-1
75 9971
-1
75 9780
-1
74 9813
-1
-1
-1
78 9977
-1
80 9959
-1
81 9966
-1
80 9998
-1
78 9851
-1
77 9935
-1
76 9939
-1
75 9983
-1
-1
-1
75 9943
-1
71 9906
-1
70 9988
-1
67 9883
-1
70 9918
-1
72 9979
-1
70 9894
-1
72 9911
-1
-1
-1
71 9953
-1
72 9959
-1
74 9925
-1
77 9992
-1
79 9823
-1
77 9969
-1
76 9927
-1
80 9999
-1
-1
-1
83 9936
-1
83 9844
-1
84 9983
-1
81 9911
-1
79 9880
-1
78 9840
-1
80 9892
-1
83 9865
-1
-1
-1
78 9948
-1
77 9967
-1
74 9996
-1
73 9836
-1
74 9851
-1
75 9884
-1
75 9973
-1
73 9943
-1
-1
-1
73 9934
-1
75 9934
-1
77 9931
-1
79 9834
-1
80 9869
-1
79 9974
-1
75 9888
-1
75 9888
-1
-1
-1
71 9995
-1
71 9851
-1
70 9863
-1
70 9876
-1
69 9965
-1
70 9969
-1
72 9861
-1
73 9927
-1
-1
-1
78 9894
-1
77 9911
-1
78 9812
-1
79 9953
-1
78 9890
-1
77 9955
-1
75 9951
-1
75 9867
-1
-1
-1
79 9992
-1
80 9994
-1
84 9960
-1
84 9982
-1
85 9854
-1
87 9950
-1
86 9862
-1
86 9925
-1
-1
-1
85 9952
-1
83 9975
-1
79 9998
-1
77 9893
-1
76 9937
-1
77 9942
-1
79 9965
-1
78 9815
-1
-1
-1
84 9917
-1
84 9936
-1
84 9981
-1
82 9912
-1
80 9907
-1
82 9940
-1
82 9923
-1
78 9863
-1
-1
-1
77 9984
-1
79 9969
-1
78 9921
-1
77 9770
-1
78 9786
-1
77 9851
-1
80 9895
-1
81 9915
-1
-1
-1
83 9987
-1
