0 0
357
8 2193
262
16 3807
334
235
357
32 7898
334
40 9982
109
48 9997
18
56 9943
440
64 9996
207
72 9982
181
79 9829
202
77 9981
-1
-1
-1
76 9914
175
76 9992
27
79 9985
118
80 9973
21
84 9961
-1
85 9824
-1
86 9971
-1
82 9870
-1
-1
111
88 9972
-1
88 9840
83
92 9981
-1
90 9970
11
91 9840
87
93 9927
-1
91 9924
56
89 9966
-1
-1
162
87 9848
-1
88 9880
-1
86 9841
-1
88 9877
-1
85 9986
-1
83 9923
-1
77 9983
-1
79 9999
-1
-1
-1
80 9889
-1
85 9979
-1
86 9988
-1
86 9999
-1
87 9887
106
87 9997
55
88 9904
-1
87 9859
-1
56
-1
87 9936
-1
85 9865
-1
85 9966
-1
82 9997
-1
79 9794
-1
81 9941
-1
83 9967
-1
78 9866
-1
-1
-1
85 9970
-1
86 9966
-1
86 9920
-1
84 9982
-1
85 9845
-1
87 9963
-1
86 9920
-1
82 9992
-1
-1
-1
82 9866
-1
79 9835
-1
81 9891
-1
80 9855
-1
84 9936
-1
82 9996
-1
82 9937
-1
78 9818
-1
-1
-1
84 9920
-1
87 9849
-1
85 9980
-1
82 9990
216
87 9995
-1
85 9808
-1
86 9907
-1
88 9834
-1
-1
96
94 9925
-1
93 9942
110
93 9766
-1
87 9995
-1
87 9980
141
91 9945
-1
85 9982
-1
87 9963
-1
-1
-1
84 9991
-1
82 9993
-1
84 9981
-1
84 9982
-1
82 9823
240
84 9858
-1
82 9859
-1
84 9879
120
-1
-1
87 9959
-1
89 9882
-1
87 9972
-1
88 9899
-1
87 9981
-1
87 9964
-1
84 9842
-1
83 9985
-1
-1
-1
79 9941
-1
78 9975
-1
75 9819
-1
78 9964
-1
73 9887
-1
73 9938
-1
77 9986
-1
79 9953
-1
-1
-1
79 9898
-1
78 9821
-1
79 9961
-1
81 9969
-1
80 9942
-1
80 9778
-1
81 9809
-1
77 9985
-1
-1
-1
74 9937
-1
76 9984
133
76 9962
-1
74 9997
-1
73 9833
-1
72 9912
-1
71 9978
-1
74 9982
-1
99
-1
78 9968
-1
80 9993
-1
77 9894
-1
75 9976
-1
76 9866
-1
77 9996
-1
79 9978
-1
80 9954
-1
81
-1
73 9998
-1
73 9815
-1
75 9989
-1
76 9980
-1
73 9955
-1
74 9999
-1
78 9992
-1
75 9841
-1
-1
-1
77 9979
-1
79 9903
-1
77 9918
-1
79 9958
-1
79 9890
-1
83 9794
-1
82 9945
-1
85 9965
-1
-1
-1
83 9918
-1
83 9793
-1
81 9937
-1
81 9833
-1
82 9874
-1
81 9954
-1
78 9841
-1
77 9869
-1
-1
-1
79 9841
-1
80 9924
-1
79 9936
-1
79 9856
-1
79 9966
-1
80 9788
-1
81 9921
-1
82 9990
-1
-1
-1
81 9828
-1
81 9924
-1
82 9822
-1
83 9936
-1
81 9971
-1
85 9915
-1
84 9909
-1
84 9959
-1
-1
-1
81 9896
-1
85 9936
-1
84 9976
-1
84 9948
-1
81 9878
-1
85 9799
-1
84 9972
-1
81 9932
-1
-1
-1
78 9795
-1
78 9963
-1
75 9961
-1
76 9864
239
74 9897
-1
69 9921
-1
70 9948
-1
71 9895
-1
-1
-1
72 9858
123
73 9991
-1
71 9955
-1
69 9853
-1
70 9804
-1
74 9971
-1
76 9962
198
77 9874
-1
-1
-1
80 9976
-1
80 9978
-1
80 9851
-1
80 9942
-1
81 9901
-1
84 9993
-1
85 9972
-1
83 9898
-1
-1
-1
84 9952
-1
84 9985
-1
79 9885
-1
80 9923
-1
83 9966
-1
82 9860
-1
84 9877
-1
85 9949
-1
-1
-1
84 9895
-1
82 9974
-1
78 9832
-1
83 9970
-1
81 9879
-1
80 9951
-1
81 9910
-1
78 9871
-1
-1
-1
75 9966
-1
76 9902
-1
76 9921
-1
76 9887
-1
76 9985
-1
80 9999
-1
79 9952
-1
80 9935
-1
-1
-1
84 9858
-1
85 9996
-1
87 9910
-1
85 9971
-1
84 9987
-1
83 9878
-1
82 9776
-1
86 9972
-1
-1
-1
84 9947
-1
85 9895
-1
85 9845
-1
82 9910
-1
83 9902
-1
84 9898
141
85 9985
-1
81 9961
-1
142
-1
78 9945
-1
81 9982
-1
74 9913
-1
77 9767
-1
78 9993
-1
75 9925
-1
77 9787
-1
78 9993
-1
-1
-1
78 9805
-1
80 9985
-1
77 9901
-1
80 9854
-1
78 9870
-1
83 9978
-1
84 9982
-1
87 9917
-1
-1
-1
82 9957
-1
83 9836
-1
83 9993
-1
83 9976
-1
83 9816
-1
82 9906
-1
82 9841
-1
82 9854
-1
-1
-1
83 9893
-1
85 9906
-1
87 9971
-1
85 9992
-1
85 9992
-1
87 9965
-1
86 9885
-1
88 9918
-1
-1
-1
83 9885
-1
82 9906
228
83 9960
-1
83 9978
-1
81 9812
-1
79 9982
-1
80 9790
-1
76 9859
-1
-1
-1
78 9895
188
82 9868
-1
83 9917
-1
85 9966
-1
84 9867
-1
86 9974
-1
85 9909
-1
86 9870
-1
-1
-1
89 9962
-1
88 9896
-1
86 9935
-1
80 9932
-1
82 9935
-1
78 9931
-1
75 9856
-1
78 9984
229
-1
-1
76 9963
-1
74 9937
-1
74 9976
-1
74 9883
-1
75 9873
-1
73 9961
-1
74 9957
-1
74 9918
-1
-1
-1
68 9968
-1
69 9990
-1
70 9945
-1
71 9943
-1
71 9760
-1
74 9831
-1
75 9936
-1
77 9870
-1
-1
-1
78 9774
-1
82 9822
-1
82 9970
-1
83 9982
-1
78 9835
-1
77 9979
-1
78 9802
-1
81 9972
-1
-1
-1
83 9934
-1
83 10000
-1
79 9992
-1
79 9954
-1
78 9931
-1
80 9866
-1
79 9975
-1
76 9970
-1
-1
-1
77 9935
-1
77 9881
-1
79 9985
204
81 9973
-1
82 9922
-1
82 9914
-1
82 9899
-1
87 9986
-1
-1
-1
87 9973
-1
85 9941
-1
83 9828
-1
81 9886
-1
81 10000
-1
77 9846
-1
77 9995
-1
72 9996
-1
-1
-1
74 9910
-1
74 9853
-1
75 9909
38
78 9983
-1
79 9917
-1
79 9978
-1
78 9940
-1
79 9908
-1
-1
-1
75 9841
-1
76 9937
-1
76 9891
-1
77 9944
-1
76 9998
-1
74 9975
-1
75 9973
-1
76 9791
-1
-1
-1
81 9912
-1
82 9999
-1
83 9853
-1
83 9980
-1
82 9883
-1
78 9869
-1
81 9963
-1
77 9877
-1
-1
-1
80 9951
-1
78 9817
-1
76 9967
-1
79 9999
109
81 9909
-1
81 9967
-1
81 9924
-1
82 9874
-1
-1
-1
80 9859
-1
79 9904
-1
80 9867
-1
84 9928
-1
81 9967
-1
77 9860
-1
78 9890
-1
80 9830
-1
-1
-1
76 9994
-1
74 9930
-1
75 9839
-1
71 9793
-1
74 9864
-1
78 9900
-1
79 9771
-1
81 9977
-1
-1
-1
85 10000
-1
86 9854
-1
90 9995
-1
90 9999
-1
88 9982
-1
89 9936
-1
88 9918
-1
84 9935
-1
-1
-1
86 9956
-1
83 9956
-1
86 9989
-1
82 9969
-1
79 9872
-1
79 9940
-1
80 9953
-1
79 9808
-1
-1
-1
80 9964
-1
79 9961
-1
74 9947
-1
74 9937
-1
73 9831
-1
74 9930
-1
74 9930
-1
76 9847
-1
-1
-1
71 9888
-1
71 9897
-1
75 9897
-1
75 9846
-1
76 9995
-1
78 9959
-1
80 9934
-1
73 9829
-1
-1
-1
75 9875
-1
76 9948
-1
78 9953
-1
79 9971
-1
82 9909
-1
81 9935
-1
82 9787
-1
80 9987
-1
-1
-1
82 9845
-1
83 10000
-1
85 9957
-1
85 9949
-1
84 9970
-1
82 9991
-1
83 9898
-1
80 9975
-1
-1
-1
87 9996
-1
90 9980
-1
88 9994
-1
89 9951
-1
85 9998
-1
81 10000
-1
83 9864
-1
85 9897
-1
-1
-1
86 9831
-1
79 9981
-1
76 9951
-1
71 9802
-1
72 9778
-1
72 9991
-1
72 9952
-1
68 9900
-1
-1
-1
70 9955
-1
70 9844
-1
74 9986
-1
76 9830
202
79 9889
-1
80 9992
-1
83 9989
-1
85 10000
-1
-1
-1
85 9920
-1
86 9827
-1
83 9944
-1
81 9910
-1
83 9894
-1
81 9946
-1
81 9863
-1
82 10000
-1
-1
-1
80 9957
-1
80 9965
-1
79 9842
-1
81 9952
-1
78 9841
-1
77 9957
-1
77 9997
-1
79 9956
-1
-1
-1
76 9990
-1
75 9983
-1
76 9978
-1
76 9905
-1
77 9835
-1
82 9979
-1
81 9932
-1
83 9956
-1
-1
-1
80 9784
-1
84 9957
-1
85 9912
-1
81 9851
-1
83 9899
-1
81 9830
-1
82 9915
-1
82 9989
-1
-1
-1
76 9844
-1
78 9906
-1
79 9966
-1
78 9942
-1
80 9940
-1
77 9869
-1
78 9977
-1
79 9981
-1
-1
-1
83 9892
-1
85 9986
-1
83 9966
-1
79 9812
-1
79 9993
-1
77 9873
-1
79 9970
-1
80 9941
-1
-1
-1
71 9885
-1
72 9915
-1
73 9796
-1
74 9998
-1
76 9999
-1
76 9974
-1
75 9985
-1
75 9852
-1
-1
-1
75 9937
-1
75 9969
-1
74 9956
-1
74 9951
-1
77 9869
-1
75 9861
-1
78 9963
-1
78 9970
-1
-1
-1
81 9846
-1
83 9951
-1
86 9780
-1
87 9956
-1
90 9949
-1
91 9938
-1
89 9997
-1
89 9959
-1
-1
-1
78 9828
-1
75 9801
-1
75 9923
-1
71 9812
-1
68 9812
-1
67 9862
-1
66 9961
-1
69 9939
-1
-1
-1
74 9847
-1
74 9860
-1
71 9924
-1
72 9833
-1
72 9975
-1
69 9900
-1
71 9850
-1
71 9925
-1
-1
-1
69 9979
-1
72 9931
-1
74 9944
-1
77 9968
-1
78 9872
-1
81 9994
-1
81 9758
-1
81 9991
-1
-1
-1
78 9960
-1
79 9980
-1
76 9933
-1
74 9970
-1
73 9939
-1
72 9944
-1
75 9994
-1
75 9899
-1
-1
-1
79 9995
-1
82 9890
-1
82 9985
-1
82 9973
-1
83 9890
-1
85 9920
-1
83 9948
-1
79 9825
-1
-1
-1
77 9818
-1
74 9852
-1
75 9987
-1
76 9770
-1
73 9852
-1
72 9850
-1
75 9997
-1
77 9885
-1
-1
-1
80 9991
-1
77 9896
-1
78 9921
-1
78 9980
-1
79 9911
-1
80 9983
-1
79 9965
-1
74 9958
-1
-1
-1
78 9912
-1
76 9983
-1
77 9885
-1
77 9769
-1
82 9977
-1
80 9954
-1
79 9826
-1
80 9843
-1
-1
-1
83 9904
-1
84 9990
-1
83 9904
-1
83 9908
-1
88 9988
-1
90 9919
-1
84 9929
-1
82 9915
-1
-1
-1
83 9990
-1
82 9830
-1
82 9938
-1
78 9898
-1
76 9842
-1
77 9942
-1
75 9866
-1
74 9921
156
-1
-1
74 9987
-1
76 9787
-1
75 9930
-1
74 9895
-1
74 9991
-1
70 9949
-1
73 9928
-1
73 9929
-1
-1
-1
76 9988
-1
73 9892
-1
74 9875
-1
75 9999
-1
75 9920
-1
77 9832
-1
78 9975
-1
77 9886
-1
-1
-1
78 9942
-1
78 9827
-1
77 9957
-1
77 9865
-1
80 9915
-1
81 9994
-1
79 9852
-1
79 9953
-1
-1
-1
82 9942
-1
80 9994
-1
80 9953
-1
84 9985
-1
82 9999
-1
79 9998
-1
79 9951
-1
80 9992
-1
-1
-1
83 9994
-1
83 9932
-1
82 9856
-1
85 9834
-1
79 9914
-1
82 9957
-1
84 9997
-1
86 9998
-1
-1
-1
84 9935
-1
80 9798
-1
78 9945
-1
78 9968
-1
80 9906
-1
80 9986
-1
76 9932
94
74 9988
-1
-1
-1
73 9828
-1
73 9989
-1
74 9931
-1
73 9922
-1
73 9878
-1
77 9783
-1
82 9996
-1
81 9915
-1
-1
-1
80 9933
-1
77 9853
-1
79 9859
-1
76 9971
-1
74 9972
-1
69 9797
-1
67 9987
-1
67 9843
-1
-1
-1
70 9961
-1
73 9784
-1
74 9913
-1
79 9989
-1
80 9903
-1
82 9954
-1
79 9940
-1
80 9895
-1
-1
-1
80 9977
-1
73 9858
-1
74 9973
-1
71 9954
-1
72 9971
-1
73 9900
-1
74 9868
-1
73 9783
-1
-1
-1
77 9862
-1
77 9788
-1
81 9977
-1
83 9870
-1
82 9947
-1
81 9914
-1
78 9812
-1
82 9948
-1
-1
-1
81 9973
-1
81 9966
-1
80 9999
-1
82 9889
-1
84 9988
-1
79 9945
-1
79 9963
-1
79 9987
-1
31
-1
75 9911
-1
74 9818
-1
76 9955
-1
81 9933
-1
76 9968
-1
79 9987
-1
81 9922
-1
83 9921
-1
-1
-1
83 9992
-1
88 9945
-1
83 9961
-1
85 9935
-1
80 9921
-1
80 9856
-1
74 9930
-1
76 9896
-1
-1
-1
80 9969
-1
79 9999
-1
77 9920
-1
80 9882
-1
80 9930
-1
80 9807
-1
81 9895
-1
83 9917
-1
-1
-1
80 9998
-1
79 9979
-1
76 9893
-1
77 9987
-1
77 9977
-1
75 9880
-1
79 9934
-1
75 9913
-1
-1
-1
78 9974
-1
77 9939
-1
79 9954
-1
77 9895
-1
77 9959
-1
77 9998
-1
73 9859
-1
75 9982
-1
-1
-1
77 9976
-1
76 9939
-1
75 9993
-1
77 9952
-1
80 9956
-1
78 9797
-1
79 9922
-1
80 9987
-1
-1
-1
85 9928
-1
82 9811
-1
82 9980
-1
80 9867
-1
80 9928
-1
81 9945
-1
83 9965
-1
82 9982
-1
-1
-1
79 9933
-1
77 9856
-1
76 9825
-1
80 9995
-1
80 9986
-1
80 9997
-1
78 9988
-1
74 9862
-1
-1
-1
75 10000
-1
75 9979
-1
72 9911
35
72 9896
-1
73 9936
-1
72 9875
-1
76 9983
-1
75 9791
-1
-1
-1
77 10000
-1
76 9905
-1
78 9972
-1
79 9952
-1
77 9834
-1
76 9930
-1
75 9914
-1
75 9949
-1
-1
-1
74 9926
-1
74 9952
-1
72 9974
-1
74 9959
-1
71 9865
-1
71 10000
-1
71 9990
-1
71 9855
-1
-1
-1
73 9970
-1
71 9950
-1
74 9976
-1
72 9852
-1
73 9815
-1
79 9998
-1
78 9895
-1
80 9968
-1
-1
-1
71 9890
-1
73 9986
-1
75 9998
-1
75 9954
-1
76 9986
-1
74 9814
-1
73 9965
-1
72 9865
-1
-1
-1
79 10000
-1
82 9919
-1
84 9966
-1
79 9976
-1
79 9915
-1
81 9996
215
79 9883
-1
77 9797
-1
3
-1
81 9948
-1
78 9933
-1
77 9933
-1
76 9856
-1
79 9958
-1
76 9929
-1
77 9992
-1
77 9843
-1
-1
-1
82 9948
-1
79 9954
-1
79 9851
-1
82 9991
-1
87 9922
-1
88 9980
-1
87 9931
-1
88 9941
-1
-1
-1
92 10000
-1
92 9972
-1
89 9980
-1
88 9889
-1
85 9934
-1
86 9994
-1
83 9969
-1
79 9993
-1
-1
-1
74 9916
-1
76 9888
-1
73 9937
-1
74 9977
-1
75 9886
-1
70 9947
-1
71 9927
-1
71 9790
-1
-1
-1
71 9972
-1
69 9780
-1
70 9897
115
68 9818
-1
70 9976
-1
72 9808
-1
71 9974
-1
73 9889
-1
-1
-1
74 9959
-1
75 9793
-1
77 9819
-1
78 9980
-1
79 9992
-1
77 9996
-1
77 9859
-1
79 9985
-1
-1
-1
79 9973
-1
80 9852
-1
80 9846
-1
79 9942
-1
76 9962
-1
77 9992
-1
78 9992
-1
77 9931
-1
-1
-1
74 9976
-1
75 9964
-1
74 9986
-1
74 9929
-1
73 9990
-1
75 9985
-1
74 9948
-1
76 9972
-1
-1
-1
80 9890
-1
81 9991
-1
79 9846
-1
81 9991
-1
83 9862
-1
83 9909
-1
86 9926
-1
87 9819
-1
-1
-1
86 9951
232
83 9967
-1
82 9910
-1
83 9929
-1
77 9987
-1
71 9772
-1
68 9783
-1
65 9780
-1
-1
-1
66 9910
-1
67 9971
-1
63 9862
-1
64 9961
-1
64 9913
-1
64 9879
-1
64 9965
-1
62 9917
-1
-1
-1
61 9879
-1
63 9882
-1
66 9983
-1
66 9977
-1
65 9857
-1
68 9855
-1
69 9824
-1
73 9927
-1
-1
-1
74 9850
-1
74 9959
-1
71 9867
-1
76 9993
-1
77 9974
-1
79 9995
-1
76 9997
-1
77 9905
-1
-1
-1
80 9936
-1
83 9843
-1
85 9915
-1
87 9795
-1
91 9850
-1
89 9925
-1
94 9984
-1
95 9914
-1
-1
-1
97 9949
-1
98 9989
-1
94 9960
-1
93 9974
-1
92 9952
-1
87 9954
-1
87 9949
-1
89 9838
-1
-1
-1
84 9997
-1
83 9934
-1
79 9872
-1
79 9992
-1
77 9866
-1
79 9930
-1
81 9876
-1
81 9909
-1
-1
-1
78 9945
-1
83 9881
-1
85 9979
-1
86 9972
-1
88 9981
-1
90 9810
-1
93 9988
-1
94 9982
-1
-1
-1
94 9826
-1
91 9930
-1
96 9981
120
98 9914
-1
96 9929
-1
99 9986
-1
101 9952
-1
95 9924
-1
-1
-1
93 9963
-1
91 9970
-1
91 9953
-1
90 9997
-1
85 9824
-1
85 9943
-1
79 9827
-1
75 9904
-1
-1
-1
79 9989
-1
78 9856
-1
77 9855
-1
79 9930
-1
79 9989
-1
78 9935
-1
78 9884
-1
80 9878
-1
-1
-1
81 9873
-1
82 9979
-1
81 9987
-1
83 9907
-1
82 9979
-1
84 9920
-1
82 9955
-1
82 9853
-1
-1
-1
79 9882
-1
78 9940
-1
77 9923
-1
76 9929
-1
75 9988
-1
77 9967
-1
75 9885
-1
76 9984
-1
-1
-1
76 9769
-1
77 9876
-1
78 9875
-1
79 9934
-1
79 9907
-1
80 9874
-1
80 9897
-1
81 9939
147
-1
-1
78 9956
-1
80 9988
-1
84 9932
-1
88 9925
-1
86 9840
-1
84 9808
-1
83 9995
-1
81 9974
-1
-1
-1
81 9856
-1
81 9802
-1
79 9882
-1
71 9920
-1
69 9898
-1
70 9953
-1
72 9954
-1
73 9949
-1
-1
-1
76 9802
-1
76 9993
-1
76 9940
-1
77 9910
-1
79 9911
-1
79 9786
-1
79 9823
-1
78 9953
-1
-1
-1
77 9840
-1
79 9989
-1
79 9918
-1
82 9876
-1
82 9981
-1
81 9946
-1
82 9947
-1
81 9985
-1
-1
-1
78 9922
-1
76 9895
-1
75 9972
-1
72 9833
-1
74 9955
-1
74 9971
-1
73 9961
-1
75 9999
-1
-1
-1
76 9993
-1
78 9930
-1
80 9951
-1
77 9944
-1
80 9941
-1
79 9978
-1
78 9996
-1
78 9829
-1
-1
-1
82 9897
-1
79 9972
-1
71 9840
-1
74 9982
-1
72 9976
-1
72 9934
-1
75 9977
-1
79 9982
-1
-1
-1
81 9883
-1
80 9991
-1
84 9998
-1
85 9821
-1
89 9982
-1
89 9985
171
90 9784
-1
87 9969
-1
-1
229
81 9919
-1
77 9785
-1
80 9948
-1
78 9945
-1
77 9969
-1
77 9947
-1
74 9929
-1
77 9973
-1
-1
-1
79 9825
-1
79 9787
-1
84 9907
-1
82 9950
-1
81 9981
-1
79 9946
-1
83 9951
-1
86 9784
-1
-1
-1
91 9897
-1
86 9926
-1
89 9987
-1
92 9904
78
90 9946
-1
89 9992
-1
91 9880
-1
92 9785
-1
-1
-1
93 9870
-1
90 9914
-1
86 9782
-1
90 9851
-1
90 9843
-1
87 9876
-1
86 9919
-1
87 9947
-1
-1
-1
83 9993
-1
78 9869
-1
78 9924
-1
75 9921
-1
74 9998
-1
73 9869
-1
72 9944
-1
72 9916
-1
-1
-1
70 9886
-1
70 9909
-1
70 9931
-1
71 9982
-1
70 9967
-1
72 9954
-1
73 9996
-1
70 9943
-1
-1
-1
74 9999
-1
78 9991
-1
78 9958
-1
79 9861
-1
79 9955
-1
81 9991
-1
77 9915
-1
76 9999
-1
-1
-1
75 9980
-1
75 9781
-1
75 9943
-1
76 9991
-1
77 9938
-1
77 9928
-1
78 9963
-1
79 9936
-1
-1
-1
81 9995
-1
84 9930
-1
83 10000
-1
82 9883
-1
81 9930
-1
82 9963
-1
82 9924
-1
82 9995
-1
-1
-1
84 9884
-1
84 9977
-1
81 9968
-1
80 9986
-1
80 9976
-1
80 9977
-1
78 9941
-1
80 9864
-1
-1
-1
74 9982
-1
73 9913
-1
76 9979
-1
75 9951
-1
77 9922
-1
79 9935
-1
78 9998
-1
80 9921
-1
-1
-1
79 9988
-1
76 9889
-1
80 9950
-1
83 9998
-1
83 9959
-1
80 9845
-1
77 9982
-1
79 9890
-1
-1
-1
77 9987
-1
76 9906
-1
79 9880
-1
79 9996
-1
75 9943
-1
75 9876
-1
76 9920
-1
76 9824
-1
-1
-1
75 9947
-1
75 9985
-1
74 9919
-1
74 9939
-1
76 9874
-1
75 9957
-1
78 9921
-1
80 9975
-1
-1
-1
80 9974
-1
83 9974
-1
84 9999
-1
83 9887
-1
81 9918
-1
81 9873
-1
83 9994
-1
79 9908
-1
-1
-1
76 9875
-1
74 9847
-1
74 9806
-1
73 9901
-1
74 9947
-1
74 9977
-1
69 9772
-1
71 9994
-1
-1
-1
74 9847
-1
77 9926
-1
75 9869
-1
77 9975
-1
79 9842
-1
79 9945
-1
78 9838
-1
78 9923
-1
-1
-1
81 9992
-1
75 9876
-1
81 9971
-1
84 9818
-1
87 9995
-1
88 9983
-1
86 9976
-1
88 9823
-1
-1
-1
95 9796
-1
96 9785
-1
94 9982
-1
93 9975
-1
92 9984
226
87 9844
-1
86 9919
-1
88 9945
-1
-1
-1
89 9976
-1
86 9979
-1
83 9956
-1
83 9846
-1
85 9858
-1
89 9947
-1
85 9901
-1
84 9907
-1
-1
-1
78 9992
-1
81 9922
-1
81 9815
-1
86 9973
-1
88 9985
-1
88 9955
-1
89 9999
-1
88 9984
-1
-1
-1
87 9993
-1
86 9866
-1
89 9927
-1
86 9968
-1
83 9996
-1
83 9978
-1
80 9883
-1
79 9907
-1
-1
-1
79 9986
-1
81 9969
-1
82 9994
-1
82 9993
-1
81 9992
-1
79 9906
-1
78 9832
-1
81 9919
-1
-1
-1
81 9894
-1
79 9972
-1
78 9851
-1
77 9786
-1
79 9989
-1
80 9991
-1
82 9944
-1
75 9914
-1
-1
-1
76 9942
-1
79 9987
-1
78 9978
-1
77 9999
-1
75 9974
-1
75 9853
-1
79 9788
-1
77 9800
-1
-1
-1
79 9819
-1
79 9982
-1
77 9823
-1
78 9925
-1
80 9953
-1
80 9949
-1
76 9962
-1
78 9875
-1
-1
-1
83 9958
-1
83 9963
-1
83 9996
-1
84 9876
-1
85 9845
-1
88 9998
-1
89 9920
-1
90 9921
-1
-1
-1
88 9999
-1
89 9975
-1
85 9982
-1
85 9780
-1
86 9982
-1
85 9893
-1
81 9867
-1
78 9853
-1
-1
-1
80 9984
-1
80 9931
-1
80 9977
-1
82 9857
-1
80 9938
-1
82 9997
-1
82 9994
-1
81 9901
-1
-1
-1
86 9961
-1
86 9772
-1
83 9915
-1
78 9973
-1
76 9999
-1
76 9837
-1
73 9835
-1
73 9910
-1
-1
-1
72 9971
-1
76 9968
-1
75 9970
-1
78 9961
-1
82 9978
-1
85 9968
-1
86 9961
-1
86 9951
-1
-1
-1
87 9876
-1
85 9879
-1
83 9977
-1
83 9899
-1
80 9953
-1
77 9856
-1
75 9970
-1
75 9842
-1
-1
-1
75 9786
-1
77 9994
-1
74 9965
-1
75 9903
-1
75 9999
-1
77 9819
-1
78 9985
-1
77 9831
-1
-1
-1
80 9954
-1
79 9857
-1
82 9986
-1
84 9955
-1
86 9970
-1
85 9969
-1
86 9990
-1
87 9991
-1
-1
-1
89 9983
-1
85 9993
-1
86 9843
-1
89 9958
-1
87 9825
-1
88 9802
-1
86 9887
-1
88 9997
-1
-1
-1
84 9961
-1
83 9992
-1
85 9983
-1
83 9878
-1
80 9875
-1
79 9923
-1
78 9783
-1
80 9935
-1
-1
-1
74 10000
-1
74 9986
-1
75 9971
-1
75 9999
-1
76 9995
-1
76 9881
-1
79 9924
-1
78 9914
-1
-1
-1
79 9822
-1
83 9858
-1
87 9953
-1
83 9874
-1
81 9961
-1
81 9950
-1
84 9994
-1
83 9961
-1
-1
-1
83 9988
-1
85 9937
-1
86 9953
-1
84 9960
-1
82 9950
-1
82 9899
-1
79 9951
-1
82 9979
-1
-1
-1
79 9985
-1
75 9957
-1
74 9843
-1
72 9958
-1
72 9843
-1
75 9959
-1
75 9941
-1
75 9981
-1
-1
-1
74 9948
-1
74 9992
-1
79 9969
-1
81 9836
-1
82 9930
-1
83 9967
-1
81 9880
-1
82 9992
-1
-1
-1
82 9859
-1
82 9931
-1
79 9822
-1
75 9949
-1
77 9907
-1
78 9976
-1
78 9865
-1
79 9964
-1
-1
-1
77 9955
-1
79 9839
-1
79 9956
-1
79 9991
-1
80 9996
-1
81 9971
-1
77 9801
-1
80 9965
-1
-1
-1
80 9818
-1
82 9981
-1
79 9896
-1
83 9994
-1
82 9870
-1
84 9966
-1
81 9994
-1
80 9867
-1
-1
-1
80 9814
-1
81 9850
-1
80 9905
-1
82 9963
-1
77 9998
-1
77 9791
-1
74 9971
-1
75 9995
-1
-1
-1
77 9993
-1
73 9826
-1
77 9934
-1
78 9919
-1
78 9987
-1
80 9858
-1
81 9958
-1
83 9876
-1
-1
-1
80 9762
-1
81 9887
-1
83 9925
-1
82 9924
-1
76 9851
-1
78 9870
-1
77 9849
-1
80 9879
-1
-1
-1
77 9810
-1
76 9797
-1
76 9871
-1
74 9959
-1
76 9902
-1
78 9841
-1
78 9840
-1
79 9980
-1
-1
-1
75 9941
-1
78 9941
-1
78 9946
-1
79 9957
-1
80 9957
-1
79 9794
-1
79 9848
-1
80 9996
-1
-1
-1
81 9993
-1
79 9919
-1
77 9965
122
75 9853
-1
78 9843
-1
81 9849
-1
81 9921
-1
82 9774
-1
-1
-1
79 9944
-1
78 9970
-1
80 9976
-1
79 9971
-1
77 9937
-1
71 9904
-1
73 9978
-1
71 9816
-1
-1
-1
73 9789
-1
77 9984
-1
80 9791
-1
81 9913
-1
85 9996
-1
86 9916
-1
84 9790
-1
85 9871
-1
-1
-1
86 9990
-1
88 9995
-1
84 9975
-1
79 9976
-1
74 9848
-1
73 9905
-1
77 9950
-1
75 9890
-1
-1
-1
71 9923
-1
71 9974
-1
75 9995
-1
77 9940
-1
77 9947
-1
79 9938
-1
82 9961
-1
79 9807
-1
-1
-1
84 9990
-1
88 9972
-1
85 9876
-1
85 9944
-1
84 9890
-1
85 9883
-1
85 9979
-1
83 9972
-1
-1
-1
84 9955
-1
82 9890
-1
83 9979
-1
82 9976
-1
80 9851
-1
76 9980
-1
78 9959
-1
72 9780
-1
-1
-1
74 9882
-1
76 9906
-1
74 9822
-1
76 9939
-1
78 9968
-1
78 9909
-1
81 9932
-1
80 9936
-1
-1
-1
79 9865
71
79 9911
-1
78 9972
-1
78 10000
-1
80 9996
-1
78 9941
-1
78 10000
-1
74 9875
-1
-1
-1
78 9949
-1
76 9979
-1
77 9968
-1
74 9880
-1
75 9848
-1
75 9999
-1
73 9939
-1
73 9900
-1
-1
-1
73 9945
-1
73 9980
-1
72 9968
-1
72 9813
-1
74 9998
-1
73 9821
-1
73 9889
-1
75 9990
-1
-1
-1
74 9975
-1
75 9946
-1
77 9827
-1
77 9911
-1
77 9905
-1
77 9996
-1
78 9791
-1
82 9928
-1
-1
-1
82 9921
-1
84 9993
-1
87 9977
-1
87 9989
-1
86 9839
-1
88 9977
-1
86 9795
-1
88 9920
-1
-1
-1
83 9914
-1
83 9959
-1
82 9986
-1
79 9987
-1
80 9982
-1
80 9980
-1
83 9958
-1
82 9816
-1
-1
-1
87 9932
-1
90 9972
-1
91 9976
-1
91 9922
-1
94 9994
-1
95 9920
-1
96 9986
-1
95 9879
-1
-1
-1
90 9922
-1
88 9954
-1
87 9994
-1
83 9985
-1
86 9963
-1
87 9958
-1
85 9881
-1
83 9898
-1
-1
-1
84 9870
-1
83 9927
-1
87 9935
-1
87 9956
-1
86 9811
-1
85 9977
-1
83 9889
-1
81 9996
-1
-1
-1
82 9890
-1
82 9921
-1
80 9999
-1
76 9872
-1
78 9850
-1
78 9954
-1
78 9946
-1
79 9903
-1
-1
-1
78 9852
-1
80 9970
-1
76 9903
-1
77 9867
-1
74 9992
-1
74 9896
-1
75 9988
-1
78 9992
-1
-1
-1
76 9976
-1
76 9948
-1
80 9796
-1
83 9907
-1
84 9998
-1
84 9815
-1
84 9974
-1
85 9962
-1
-1
-1
85 9925
-1
84 9919
-1
82 9917
-1
79 9948
-1
76 9978
-1
79 9896
-1
78 9822
-1
77 9914
-1
-1
-1
72 9799
-1
73 9962
-1
71 9989
-1
69 9988
-1
66 9867
-1
67 9947
-1
71 9969
-1
74 9827
-1
-1
-1
74 9862
-1
77 9966
-1
77 9966
-1
77 9810
-1
81 9968
-1
82 9947
-1
81 9854
-1
74 9954
-1
-1
-1
77 9846
-1
75 9893
-1
74 9966
-1
73 9886
-1
74 9783
-1
74 9885
-1
74 9873
-1
73 9815
-1
-1
-1
73 9967
-1
72 9968
-1
73 9972
-1
71 9956
-1
71 9806
-1
72 9932
-1
71 9815
-1
74 9950
-1
-1
-1
76 9934
-1
79 9940
-1
81 9909
-1
84 9965
-1
85 9828
-1
83 9979
-1
84 9789
-1
84 9949
-1
-1
-1
85 9902
-1
90 10000
-1
89 9991
-1
84 9902
-1
85 9929
-1
80 9816
-1
81 10000
-1
82 9938
-1
-1
-1
80 9992
-1
73 9905
-1
73 9859
-1
72 9954
-1
71 9973
-1
70 9940
-1
72 9979
-1
70 9911
-1
-1
-1
71 9998
-1
73 9939
-1
78 9991
-1
80 9885
-1
81 9818
-1
84 9937
-1
83 9886
-1
85 9921
-1
-1
-1
87 9976
-1
88 9996
-1
90 9988
-1
91 9993
-1
87 9995
-1
84 9923
-1
83 9891
-1
87 9992
-1
-1
-1
89 9954
-1
90 9899
-1
88 9976
-1
87 9921
-1
90 9934
-1
90 9975
-1
88 9959
-1
90 9956
-1
-1
-1
89 9955
-1
89 9983
-1
89 9889
-1
88 9962
-1
86 9965
-1
83 9953
-1
82 9903
-1
80 9931
-1
-1
-1
81 9871
-1
85 9962
-1
86 9867
-1
85 9924
-1
83 9927
-1
84 9804
-1
84 9992
-1
85 9998
-1
-1
-1
80 9826
-1
77 9949
-1
73 9995
-1
71 9879
-1
72 9801
-1
74 9812
-1
77 9844
-1
76 9979
-1
-1
-1
83 9905
-1
83 9863
-1
82 9784
-1
87 9964
-1
87 9926
-1
82 9851
-1
82 9935
-1
84 9996
-1
-1
-1
82 9965
-1
79 9979
-1
80 9922
-1
82 9896
-1
77 9788
-1
78 9794
-1
81 9935
-1
82 9889
-1
-1
-1
81 9990
-1
83 9937
-1
86 9912
-1
85 9984
-1
87 9976
-1
83 9812
-1
86 9972
-1
85 9961
-1
-1
-1
81 9947
-1
78 9911
-1
76 9970
-1
75 9837
-1
77 9973
-1
79 9998
-1
75 9944
-1
73 9883
-1
-1
-1
75 9947
-1
76 9904
-1
78 9803
-1
78 9891
-1
78 9916
-1
74 9996
-1
77 9923
-1
77 9928
-1
-1
-1
76 9925
-1
75 9825
-1
74 9926
-1
76 9935
-1
77 9945
-1
78 9900
-1
78 9786
-1
80 9999
-1
-1
-1
82 9877
-1
82 9893
-1
85 9840
-1
86 9989
-1
83 9961
-1
82 9939
-1
83 9986
-1
84 9982
-1
-1
-1
85 9998
-1
85 9959
-1
84 9951
-1
82 9969
-1
84 9995
-1
85 9979
-1
90 9977
-1
93 9989
-1
-1
-1
94 9849
-1
92 9994
-1
90 9927
-1
90 9873
-1
92 9911
-1
92 9942
-1
93 9893
-1
89 9857
-1
-1
-1
85 9989
-1
86 9946
-1
84 9840
-1
84 10000
-1
83 9975
-1
83 9989
-1
80 9857
-1
84 9977
-1
-1
-1
87 9970
-1
84 9942
-1
79 9995
-1
78 9958
-1
77 9938
-1
74 9946
-1
77 9991
-1
79 10000
-1
-1
-1
77 9940
-1
76 9837
-1
80 9981
-1
79 9934
-1
80 9985
-1
81 9821
-1
83 9983
-1
83 9958
-1
-1
-1
80 9952
-1
80 9820
-1
81 9871
-1
80 9995
-1
80 9982
-1
82 9941
-1
80 9894
-1
85 9965
-1
-1
-1
87 9984
-1
89 9972
-1
91 9979
-1
92 9948
-1
90 9823
-1
91 9952
-1
92 9912
-1
90 9896
-1
-1
-1
85 9986
-1
83 9977
-1
84 9927
-1
78 9886
-1
76 9916
-1
75 9868
-1
77 9842
-1
78 9959
-1
-1
-1
79 9879
-1
80 9997
-1
81 9938
-1
78 9836
-1
79 9941
-1
77 9933
-1
80 9996
-1
80 9988
-1
-1
-1
79 10000
-1
77 9872
-1
75 9972
-1
74 9773
-1
76 9945
-1
76 9988
-1
78 9995
-1
79 9980
-1
-1
-1
77 9935
-1
80 9966
-1
81 9861
-1
83 9930
-1
83 9866
-1
83 9813
-1
84 9888
-1
83 9979
-1
-1
-1
80 9986
-1
74 9804
-1
78 9990
-1
77 9922
-1
78 9917
-1
78 9989
-1
81 9881
-1
79 9846
-1
-1
-1
81 9925
-1
84 9868
-1
82 9853
-1
77 9910
-1
73 9934
-1
73 9902
-1
70 9851
-1
73 9869
-1
-1
-1
73 9928
-1
74 9970
-1
73 9793
-1
76 9949
-1
77 9983
-1
79 9839
-1
78 9931
-1
76 9939
-1
-1
-1
78 9988
-1
77 9941
-1
76 9964
-1
78 9934
-1
78 9964
-1
77 9925
-1
80 9922
-1
83 9934
-1
-1
-1
90 9956
-1
94 9866
-1
93 9968
-1
93 9902
-1
93 9935
-1
95 9856
-1
93 9918
-1
90 9933
-1
-1
-1
84 9846
-1
81 9999
-1
73 9813
-1
75 9955
-1
78 9986
-1
79 9995
-1
77 9857
-1
78 9917
-1
161
-1
79 9838
-1
78 9833
-1
80 9964
-1
82 9897
-1
81 9762
-1
81 9995
-1
77 9869
-1
77 9889
-1
-1
-1
73 9903
-1
74 9854
-1
76 9974
-1
79 9998
-1
79 9944
-1
77 9982
-1
76 9999
-1
80 9870
-1
-1
-1
82 9937
-1
82 9954
-1
84 9931
-1
85 9955
-1
80 9945
-1
82 9803
-1
84 9948
-1
83 9826
-1
-1
-1
82 9868
-1
86 9966
-1
87 9991
-1
89 9926
-1
87 9937
-1
86 9983
-1
84 9920
-1
79 9986
-1
-1
-1
73 9918
-1
70 9952
-1
67 9839
-1
70 9878
-1
72 9982
-1
74 9877
-1
72 9886
-1
72 9905
-1
-1
-1
77 9924
-1
78 9945
-1
79 9917
-1
79 9960
-1
76 9919
-1
71 9886
-1
72 9769
-1
74 9997
-1
-1
-1
70 9931
-1
70 9930
-1
68 9933
-1
68 9980
-1
68 9889
-1
69 9938
-1
71 9993
-1
73 9979
-1
-1
-1
76 9992
-1
78 9999
-1
78 9947
-1
82 9979
-1
83 9983
-1
84 9976
-1
85 9913
-1
84 9978
-1
-1
-1
87 9933
-1
88 9994
-1
84 9994
-1
85 9920
-1
87 9977
-1
87 10000
-1
87 9990
-1
87 9996
-1
-1
-1
83 9992
-1
82 9903
-1
81 9997
-1
85 9964
-1
87 9989
-1
90 9963
-1
87 9757
-1
85 9990
-1
-1
-1
88 9978
-1
88 9861
-1
89 9809
-1
91 9925
-1
92 9943
-1
85 9968
-1
75 9951
-1
76 9982
-1
-1
-1
79 9996
-1
78 9965
-1
77 9900
-1
80 9943
-1
83 9998
-1
81 9883
-1
84 9887
-1
86 9919
-1
-1
-1
88 9968
-1
86 9858
-1
84 9993
-1
81 9951
-1
78 9845
-1
77 9970
-1
73 9966
-1
72 9969
-1
-1
-1
71 9989
-1
70 9883
-1
68 9885
-1
71 9982
-1
68 9913
-1
69 9925
-1
73 9999
-1
76 9976
-1
-1
-1
76 9980
-1
75 9882
-1
76 9987
-1
81 9983
-1
79 9995
-1
82 9871
-1
81 10000
-1
78 9887
-1
-1
-1
81 9869
-1
79 9787
-1
82 9863
-1
80 9982
-1
78 9941
-1
80 9958
-1
77 9920
-1
75 9987
-1
-1
-1
69 9948
-1
67 9983
-1
70 9987
-1
71 9912
-1
72 9974
-1
70 9882
-1
71 9973
-1
73 9865
-1
-1
-1
74 9944
-1
76 9935
-1
77 9974
-1
77 9996
-1
75 9888
-1
75 9961
-1
75 9898
-1
77 9936
-1
-1
-1
77 9928
-1
76 9992
-1
78 9849
-1
79 9968
-1
80 10000
-1
80 10000
-1
79 9868
-1
79 9924
-1
-1
-1
79 9996
-1
80 9903
-1
80 9921
-1
77 9959
-1
79 9978
-1
77 9921
-1
81 9832
-1
81 9894
-1
-1
-1
78 9940
-1
78 9936
-1
76 9879
-1
75 9888
-1
72 9954
-1
67 9965
-1
70 9974
-1
72 9975
-1
-1
-1
79 9931
-1
79 9850
-1
82 9971
-1
80 9956
-1
79 9982
-1
83 9945
-1
83 9771
-1
81 9971
39
-1
-1
81 9875
-1
77 9917
-1
72 9799
-1
73 9924
-1
75 9995
-1
76 9999
-1
76 9995
-1
76 9795
-1
-1
-1
75 9902
-1
76 9802
-1
76 9910
-1
77 9944
-1
81 9992
-1
82 9995
-1
78 9872
-1
75 9991
-1
-1
-1
76 9918
-1
74 9988
-1
75 9864
-1
77 9848
-1
78 9976
-1
71 9880
-1
73 9884
-1
75 9977
-1
-1
-1
75 9942
-1
75 9942
-1
76 9995
-1
74 9894
-1
77 9909
-1
79 9984
-1
77 9966
-1
78 9824
-1
-1
-1
81 9953
-1
78 9940
-1
81 9963
-1
79 9971
-1
80 9940
-1
73 9880
-1
74 9788
-1
79 9970
-1
-1
-1
75 9962
-1
76 9868
-1
80 9921
-1
79 9853
-1
79 9964
-1
79 9923
-1
82 9766
-1
87 9998
-1
-1
-1
84 9973
-1
84 9900
-1
81 9767
-1
78 9992
-1
81 9929
-1
80 9771
-1
83 9923
-1
85 9992
-1
-1
-1
84 9924
-1
86 9866
-1
88 9950
-1
88 9867
-1
91 9791
-1
94 9771
-1
98 9983
-1
92 9780
-1
-1
-1
95 9980
-1
93 9963
-1
90 9917
-1
89 9986
-1
91 9947
-1
93 9978
-1
95 9978
-1
92 9889
-1
-1
-1
93 9995
-1
95 9937
-1
92 9815
-1
91 9912
-1
88 9978
-1
89 9994
-1
84 9975
-1
87 9993
-1
-1
-1
77 9954
-1
76 9957
-1
72 9809
-1
76 9916
-1
78 9992
-1
78 9899
-1
74 9919
-1
69 9857
-1
-1
-1
75 9870
-1
74 9957
-1
77 9809
-1
81 9980
-1
77 9892
-1
80 9942
-1
82 9978
-1
82 9992
-1
-1
-1
82 9985
-1
79 9951
-1
78 9950
-1
76 9932
-1
77 9942
-1
73 9840
-1
76 9771
-1
79 9955
-1
-1
-1
82 9846
-1
81 9804
-1
82 9963
-1
85 9937
-1
84 9936
-1
81 9916
-1
82 9929
-1
84 9959
-1
-1
-1
80 9844
-1
79 9922
-1
81 9996
-1
83 9985
-1
83 9995
-1
81 9823
-1
81 9783
-1
81 9872
-1
-1
-1
75 9968
-1
77 9963
-1
77 9923
-1
72 9931
-1
72 9957
-1
73 9963
-1
74 9837
-1
78 9998
-1
-1
-1
81 9950
-1
81 9913
-1
83 9871
-1
84 9977
-1
86 9959
-1
90 9791
-1
89 9990
-1
87 9994
-1
-1
-1
83 9981
-1
84 9862
-1
88 9988
-1
89 9925
-1
83 9903
-1
80 9962
-1
78 9977
-1
80 9985
-1
-1
-1
82 9997
-1
80 9808
-1
79 9985
-1
77 9963
-1
77 9905
-1
80 9901
-1
80 9786
-1
79 9850
-1
-1
-1
80 9864
-1
77 9944
-1
78 9995
-1
79 9994
-1
77 9922
-1
75 9966
-1
72 9931
-1
72 9972
-1
-1
-1
70 9966
-1
68 9925
-1
69 9828
-1
68 9905
-1
69 9939
-1
69 9907
-1
73 9973
-1
74 9820
-1
-1
-1
72 9855
-1
75 9979
-1
73 9948
-1
78 9959
-1
79 9990
-1
79 9908
-1
75 10000
-1
77 9965
-1
-1
-1
79 9802
-1
82 9871
-1
83 9984
-1
80 9950
-1
75 9855
-1
76 9965
-1
77 9937
-1
73 9992
-1
-1
-1
75 9913
-1
71 9910
-1
73 9945
-1
77 9963
-1
78 9842
-1
77 9992
-1
74 9786
-1
75 9819
-1
-1
-1
70 9858
-1
75 9986
-1
74 9906
-1
72 9919
-1
75 9925
-1
78 9847
-1
79 9915
-1
82 9893
-1
-1
-1
85 9857
-1
85 9834
-1
90 9862
-1
93 9935
-1
91 9996
-1
94 9796
-1
96 9977
-1
91 9896
-1
-1
-1
86 10000
-1
87 9821
-1
88 9996
-1
90 9948
-1
82 9939
-1
80 9899
-1
74 9919
-1
73 9982
-1
-1
-1
75 9889
-1
77 9856
-1
75 9975
-1
72 9956
-1
74 9921
-1
75 9995
-1
77 9894
-1
77 9936
-1
-1
-1
81 9946
-1
83 9932
-1
83 9981
-1
83 9867
-1
85 9832
-1
82 9911
-1
83 9932
-1
80 9909
-1
-1
-1
77 9976
-1
76 9922
-1
77 9901
-1
77 9970
-1
73 9997
-1
75 9898
-1
80 9969
-1
80 9913
-1
-1
-1
82 9896
-1
81 9807
-1
78 9986
-1
79 9932
-1
81 9979
-1
83 9986
-1
83 9930
-1
82 9997
-1
-1
-1
80 9962
-1
81 9852
-1
83 9902
-1
80 9859
-1
78 9888
-1
78 9948
-1
77 9966
-1
77 9981
-1
84
-1
79 9936
-1
80 9988
-1
78 9960
-1
80 9952
-1
82 9797
-1
87 9989
-1
87 9901
-1
88 9916
-1
-1
-1
87 9926
-1
90 9904
-1
87 9866
-1
88 9904
-1
89 9991
-1
90 9978
-1
88 9936
-1
84 9826
-1
-1
-1
83 9895
-1
84 9997
-1
83 9838
-1
77 9825
-1
77 9985
-1
73 9766
-1
75 9998
-1
76 9904
-1
-1
-1
74 9972
-1
74 9850
-1
71 9781
-1
73 9877
-1
74 9901
-1
74 9889
-1
77 9958
-1
74 9791
-1
-1
-1
76 9843
-1
75 9780
-1
77 9806
-1
76 9891
-1
76 9955
-1
76 9921
-1
74 9973
-1
74 9951
-1
-1
-1
75 9972
-1
74 9912
-1
77 9911
-1
76 9974
-1
77 9972
-1
81 9995
-1
80 9941
-1
81 9819
-1
-1
-1
86 9959
-1
87 9936
-1
85 9884
-1
84 9947
-1
85 9974
-1
86 9934
-1
85 9954
-1
84 9971
-1
-1
-1
81 9925
-1
81 9990
-1
80 9912
-1
81 9881
-1
83 9889
-1
83 9897
-1
83 9930
-1
82 9952
-1
-1
-1
84 10000
-1
83 9899
-1
78 9826
-1
75 9961
-1
75 9998
-1
78 9964
-1
80 9901
-1
81 9871
-1
-1
-1
81 9870
-1
82 9995
-1
79 9805
-1
82 9999
-1
85 9924
-1
84 9891
-1
86 9949
-1
87 9987
-1
-1
-1
82 9976
-1
80 9974
-1
84 9991
-1
80 9832
-1
81 9963
-1
76 9946
-1
76 9956
-1
71 9878
-1
-1
-1
72 9824
-1
75 9802
-1
75 9891
-1
78 9929
-1
80 9939
-1
81 9864
-1
80 9954
-1
81 9991
-1
-1
-1
80 9906
-1
83 9964
-1
79 9848
-1
81 9995
-1
82 9985
-1
82 9964
-1
79 9913
-1
82 9922
-1
-1
-1
82 9874
-1
81 9902
-1
80 9992
-1
79 9860
-1
79 9928
-1
78 9903
-1
77 9894
-1
77 9996
-1
-1
-1
79 9901
-1
80 9862
-1
82 9939
-1
82 9958
-1
83 9952
-1
85 9953
-1
82 9847
-1
82 9980
-1
-1
-1
79 9897
-1
79 9983
-1
80 9975
-1
81 9999
-1
82 9923
-1
84 9959
-1
82 9839
-1
82 9809
-1
-1
-1
82 10000
-1
86 9939
-1
90 9975
-1
89 9962
-1
86 9931
-1
85 9986
-1
85 9992
-1
84 9968
-1
-1
-1
80 9954
-1
80 9924
-1
73 9900
-1
72 9979
-1
73 9766
-1
73 9990
-1
72 9813
-1
71 9850
-1
-1
-1
75 9952
-1
73 9859
-1
78 9959
-1
79 9903
-1
82 9977
-1
78 9775
-1
80 9966
-1
82 9807
-1
-1
-1
83 9974
-1
81 9769
-1
80 9928
-1
76 9779
-1
81 9989
-1
77 9812
-1
79 9898
-1
76 9989
-1
-1
-1
74 9933
-1
74 9986
-1
74 9976
-1
76 9997
-1
76 9953
-1
73 9896
-1
75 9935
-1
74 9949
-1
-1
-1
76 9868
-1
74 9863
-1
74 9983
-1
77 9915
-1
73 9850
-1
74 9991
-1
74 9979
-1
76 9987
-1
-1
-1
74 9828
-1
75 9991
-1
78 9855
-1
78 9997
-1
76 9983
-1
76 9856
-1
77 9984
-1
74 9827
-1
-1
-1
76 9997
-1
73 9979
-1
69 9809
-1
70 9957
-1
68 9953
-1
68 9953
-1
67 9971
-1
70 9988
-1
-1
-1
69 9965
-1
70 9850
-1
72 9967
-1
74 9950
-1
74 9979
-1
77 9988
-1
75 9821
-1
75 9978
-1
-1
-1
75 9886
-1
76 9945
-1
76 9971
-1
77 9997
-1
77 9977
-1
77 9883
-1
76 9957
-1
80 9950
-1
-1
-1
81 9892
-1
86 9932
-1
85 9894
-1
85 9753
-1
88 9995
-1
84 9999
-1
80 9928
-1
82 9978
-1
-1
-1
76 9935
-1
73 9871
-1
72 9917
-1
73 9940
-1
73 9907
-1
73 9863
-1
77 9846
-1
79 9981
-1
-1
-1
79 9976
-1
80 9816
-1
80 9972
-1
79 9853
-1
77 9973
-1
77 9881
-1
80 9981
-1
83 9904
-1
-1
-1
75 9950
-1
79 9989
-1
79 9872
-1
79 9859
-1
79 9833
-1
80 9918
-1
79 9984
-1
71 9898
-1
-1
-1
77 9912
-1
73 9957
-1
73 9889
-1
73 9876
-1
78 9768
-1
75 9840
-1
80 9970
-1
82 9947
-1
-1
-1
82 9961
-1
80 9885
-1
82 9996
-1
82 9982
-1
81 9937
-1
77 9899
-1
82 9987
-1
79 9820
-1
-1
-1
82 9914
-1
84 9869
-1
85 9991
-1
85 9914
-1
86 9892
-1
90 9904
-1
89 9956
-1
89 9996
-1
-1
-1
87 9964
-1
87 9845
-1
84 9944
-1
80 9998
-1
82 9931
-1
82 9971
-1
79 9918
-1
83 9987
-1
-1
-1
84 9989
-1
81 9974
-1
79 9954
-1
82 9996
-1
84 9884
-1
87 9982
-1
82 9882
-1
84 9978
-1
-1
-1
81 9997
-1
78 9981
-1
80 9876
-1
82 9986
-1
78 9842
-1
79 9875
-1
77 9919
-1
78 9906
-1
-1
-1
77 9932
-1
76 9815
-1
81 9926
-1
78 9969
-1
78 10000
-1
78 9921
-1
81 9860
-1
81 9974
-1
-1
-1
78 9834
-1
78 9851
-1
80 9951
-1
76 9994
-1
76 9883
-1
80 9942
-1
83 9999
-1
87 9961
-1
-1
-1
85 9956
-1
84 9924
-1
85 9884
-1
88 9878
-1
87 9940
-1
87 9974
2
88 9913
-1
84 9985
-1
-1
-1
77 9933
-1
77 9883
-1
76 9984
-1
74 9811
-1
75 9921
-1
76 9955
-1
75 9975
-1
76 9875
-1
-1
-1
76 9959
-1
78 9940
-1
82 9953
-1
84 9951
-1
80 9990
-1
76 9867
-1
77 9949
-1
79 9976
-1
-1
-1
83 9936
-1
83 9766
-1
84 9925
-1
80 9879
-1
81 9957
-1
81 9941
-1
83 9904
-1
83 9952
-1
57
-1
81 9895
-1
78 9875
-1
78 9847
-1
76 9974
-1
75 9963
-1
76 9908
-1
77 9996
-1
78 9873
-1
-1
-1
74 9907
-1
77 9979
-1
75 9765
-1
76 9907
-1
78 9981
-1
77 9904
-1
77 9968
-1
77 9897
-1
-1
-1
75 9873
-1
75 9961
-1
76 9948
-1
77 9984
-1
76 9947
-1
79 9807
-1
80 9920
-1
80 9980
-1
-1
-1
80 9935
-1
84 9854
-1
86 9970
-1
86 9984
-1
87 9906
-1
90 9973
230
89 9910
-1
86 9965
-1
-1
-1
83 9854
-1
84 9990
-1
81 9995
-1
82 9895
-1
84 9986
-1
79 9938
-1
78 9816
-1
79 9841
-1
-1
-1
80 9957
-1
83 9823
-1
88 9942
-1
87 9998
-1
86 9985
-1
85 9999
-1
84 9979
-1
87 9987
-1
-1
-1
82 9952
-1
82 9970
-1
82 9972
-1
78 9793
-1
79 9948
-1
81 9990
-1
82 9907
-1
82 9891
-1
-1
-1
83 9920
-1
88 9962
-1
84 9928
-1
84 9934
-1
84 9934
-1
83 9974
-1
84 9992
-1
82 9952
-1
-1
-1
84 9988
-1
83 9988
-1
80 10000
-1
78 9992
-1
81 9987
-1
81 9963
-1
78 9847
-1
79 9917
-1
-1
-1
79 9843
-1
83 9990
-1
81 9997
-1
82 9873
-1
81 9840
-1
84 9915
-1
80 9968
-1
82 9974
-1
-1
-1
77 9841
-1
79 9952
-1
76 9810
-1
75 9910
-1
77 9853
-1
76 9927
-1
76 9913
-1
78 9995
-1
-1
-1
76 9996
-1
79 9898
-1
80 9848
-1
83 9886
-1
88 9948
-1
86 9864
-1
85 9989
-1
84 9948
-1
-1
-1
86 9964
-1
83 9835
-1
83 9880
-1
80 9869
-1
80 9829
-1
77 9981
-1
78 9870
-1
78 9843
-1
-1
-1
81 9919
-1
82 9869
-1
85 9936
-1
86 9979
-1
84 9869
-1
85 9945
-1
85 9920
-1
88 9989
-1
-1
-1
87 9826
-1
85 9892
-1
85 9821
-1
87 9994
-1
87 9779
-1
89 9868
-1
88 9875
-1
91 9976
-1
-1
-1
88 9962
-1
88 9882
-1
91 9952
-1
94 9895
-1
93 9985
-1
92 9996
-1
90 9960
-1
90 9970
-1
-1
-1
90 9951
-1
90 9976
-1
90 9995
-1
85 9924
-1
80 9986
-1
78 9806
-1
81 9981
-1
81 9904
-1
-1
-1
76 9815
-1
76 9955
-1
78 9909
-1
78 9989
-1
81 9939
-1
80 9855
-1
84 9994
-1
83 9909
-1
-1
-1
83 9820
-1
86 9980
-1
86 9815
-1
86 9942
-1
81 9902
-1
83 9969
-1
85 9911
-1
86 9894
-1
-1
-1
86 9825
-1
87 9937
-1
88 9994
-1
88 9956
-1
85 9816
-1
87 9897
-1
91 9911
-1
89 9994
-1
-1
-1
85 9935
-1
81 9930
-1
84 9931
-1
83 9975
-1
80 9995
-1
81 9881
-1
82 9901
-1
81 9994
-1
-1
-1
82 9900
-1
84 9933
-1
83 9886
-1
83 9770
-1
82 9980
-1
80 9787
-1
82 9828
-1
86 9998
-1
-1
-1
82 9929
-1
85 9989
-1
85 9958
-1
85 9990
-1
85 9935
-1
85 9932
-1
85 9936
-1
87 9983
-1
-1
-1
81 9873
-1
85 9922
-1
81 9915
-1
80 9990
-1
73 9947
-1
72 9846
-1
73 9990
-1
72 9990
-1
-1
-1
74 9941
-1
73 9954
-1
73 9997
-1
71 9950
-1
74 9830
-1
78 9875
-1
79 9963
-1
78 9914
-1
-1
-1
76 9907
-1
72 9775
-1
73 9975
-1
74 9824
-1
74 9989
-1
74 9834
-1
71 9864
-1
70 9893
-1
-1
-1
76 9919
-1
77 9817
-1
78 9930
-1
77 9919
-1
79 9991
-1
78 9948
-1
76 9827
-1
75 9773
-1
-1
-1
77 9953
-1
78 9968
-1
79 9951
-1
78 9878
-1
78 9943
-1
83 9989
-1
81 9993
-1
83 9928
-1
-1
-1
83 9871
-1
81 10000
-1
82 9848
-1
84 9926
-1
86 9956
-1
83 9810
-1
78 9967
-1
83 9907
-1
-1
-1
84 9962
-1
84 9949
-1
84 9949
-1
80 9973
-1
80 9958
-1
79 9825
-1
82 9988
-1
84 9965
220
-1
-1
76 9984
-1
78 9970
-1
79 9894
-1
82 9968
-1
85 9990
-1
90 9991
-1
92 9992
-1
88 9919
-1
-1
-1
89 9945
-1
90 9971
-1
92 9916
-1
92 9966
-1
94 9998
-1
90 9959
-1
88 9973
-1
79 9827
-1
-1
-1
72 9884
-1
72 9948
-1
72 9832
-1
75 9991
-1
71 9988
-1
70 9924
-1
68 9767
-1
70 9911
-1
-1
-1
73 9786
-1
74 9965
-1
73 9758
-1
72 9928
-1
74 9940
-1
76 10000
-1
77 9976
-1
76 9770
-1
-1
-1
74 9898
-1
75 9846
-1
74 9864
-1
77 9930
-1
76 9995
-1
71 9831
-1
70 9910
-1
70 9812
-1
-1
-1
71 9898
-1
70 9963
-1
73 9821
-1
73 9933
-1
72 9976
-1
75 9900
-1
75 9851
-1
76 9977
-1
-1
-1
78 9916
-1
79 9947
-1
78 9979
-1
76 9892
-1
74 9966
-1
72 9999
-1
76 9976
-1
75 9950
-1
-1
-1
73 9856
-1
72 10000
-1
71 9837
-1
71 9876
-1
74 9949
-1
78 9899
-1
75 9878
-1
72 9803
-1
-1
-1
71 9946
-1
74 9954
-1
77 9995
-1
74 9810
-1
77 9864
-1
73 9878
-1
72 9928
-1
74 9999
-1
128
-1
78 9877
-1
80 9912
-1
75 9882
-1
74 9824
-1
75 9853
-1
73 9882
-1
76 9934
-1
73 9837
-1
-1
-1
72 9881
-1
71 9805
-1
76 9964
-1
76 9799
-1
80 9875
-1
82 9934
-1
84 9920
-1
83 9968
-1
-1
-1
86 9922
-1
86 9907
-1
84 9864
-1
79 9992
-1
80 9843
-1
78 9973
-1
77 9767
-1
77 9950
-1
-1
-1
72 9975
-1
75 9945
-1
76 9880
-1
82 9899
-1
81 9955
-1
79 9832
-1
79 9946
-1
82 9895
-1
-1
-1
83 9970
-1
83 9895
-1
81 9877
-1
83 9844
-1
78 9922
-1
80 9963
-1
80 9961
-1
82 9907
-1
-1
-1
79 9995
-1
79 9870
-1
81 9911
-1
79 9863
-1
76 9850
-1
75 9971
-1
77 9966
-1
79 9814
-1
-1
-1
82 9875
-1
84 9840
-1
86 9995
-1
84 9911
-1
87 9878
-1
89 9897
-1
92 9897
-1
92 9998
-1
-1
-1
89 9875
-1
84 9859
-1
85 9941
-1
86 9970
-1
86 9980
-1
85 9949
-1
85 9939
-1
81 9997
-1
-1
-1
78 9934
-1
80 9889
-1
79 9876
-1
77 9966
-1
73 9926
-1
72 9977
-1
68 9920
-1
70 9966
-1
-1
-1
72 9849
-1
72 9824
-1
77 9970
-1
79 9919
-1
81 9912
-1
77 9833
-1
78 9971
-1
78 9991
-1
-1
-1
81 9999
-1
78 9952
-1
79 9969
-1
79 9820
-1
74 9881
-1
76 9968
-1
78 9986
-1
79 9899
-1
-1
-1
76 9817
-1
80 9908
-1
80 9954
-1
81 9939
-1
78 9974
-1
83 9955
-1
85 9805
-1
86 9991
-1
-1
-1
83 9967
-1
85 9999
-1
83 9981
-1
84 9938
-1
78 9976
-1
81 9916
-1
77 9893
-1
77 9914
-1
-1
-1
79 9894
-1
79 9946
-1
77 9840
-1
79 9985
-1
80 9876
-1
80 9861
-1
80 9975
-1
81 9905
-1
-1
-1
86 9971
-1
84 9803
-1
88 9830
-1
91 9916
-1
96 9998
-1
98 9938
-1
97 9935
-1
93 9998
-1
-1
-1
95 9982
-1
94 9960
-1
91 9997
-1
92 9989
-1
92 9959
-1
86 9910
-1
79 9813
-1
79 9898
-1
-1
-1
76 9812
-1
77 9951
-1
76 9832
-1
76 9989
-1
73 9878
-1
74 9821
-1
78 9987
-1
79 9941
-1
-1
-1
85 9956
-1
84 9897
-1
85 9852
-1
81 9979
-1
85 9990
-1
83 9938
-1
81 9986
-1
81 9963
-1
-1
-1
75 9878
-1
78 9863
-1
77 9840
-1
79 10000
-1
81 9925
-1
81 9945
-1
82 9988
-1
85 9947
-1
-1
-1
87 9944
-1
83 9977
-1
86 9984
-1
84 9981
-1
83 9960
-1
83 9884
-1
86 9768
-1
86 9999
-1
-1
-1
85 9990
-1
84 9937
-1
84 9961
-1
84 9853
-1
83 9915
-1
81 9813
-1
81 9948
-1
79 9993
-1
-1
-1
77 9803
-1
79 9980
-1
75 9825
-1
77 9789
-1
74 9839
-1
76 9984
-1
76 9952
-1
77 9917
-1
-1
-1
74 9925
-1
77 9939
-1
82 9961
-1
81 9985
-1
80 9983
-1
79 9978
-1
82 9906
-1
86 9957
-1
-1
-1
83 9950
-1
84 9886
-1
86 9964
-1
86 9917
-1
82 9956
-1
79 9977
-1
81 9997
-1
76 9887
-1
-1
-1
75 9811
-1
80 9899
-1
81 9965
-1
80 9894
-1
79 9991
-1
78 9953
-1
75 9830
-1
74 9819
-1
-1
-1
73 9999
-1
67 9859
-1
68 9993
-1
68 9934
-1
69 9826
-1
72 9931
-1
73 9956
-1
71 9927
-1
-1
-1
77 9901
-1
76 9899
-1
75 9920
-1
75 9883
-1
72 9771
-1
71 9977
-1
72 9903
-1
77 9952
-1
-1
-1
80 9890
-1
78 9886
-1
80 9881
-1
80 9909
-1
82 9931
-1
85 10000
-1
84 9967
-1
86 9993
-1
-1
-1
74 9908
-1
78 9984
-1
78 9946
-1
75 9783
-1
73 9864
-1
74 9925
-1
74 9948
-1
73 9887
-1
-1
-1
79 9970
-1
82 10000
-1
81 9990
-1
82 9939
-1
82 9980
-1
81 9868
-1
79 9782
-1
82 9916
-1
-1
-1
79 9877
-1
78 9956
-1
73 9999
-1
74 9922
-1
75 9904
-1
75 9899
-1
78 9999
-1
77 9851
-1
-1
-1
77 9934
-1
80 9841
-1
83 9982
-1
84 9930
-1
85 9947
-1
84 9996
-1
87 9986
-1
90 9916
-1
-1
-1
90 9898
-1
91 9902
-1
87 9931
-1
89 9997
-1
88 9939
-1
86 9781
-1
87 9925
-1
89 9996
-1
-1
-1
86 9902
-1
85 9962
-1
82 9774
-1
85 9973
-1
79 9878
-1
77 9866
-1
76 9897
-1
77 9901
-1
-1
-1
75 9828
-1
73 9929
-1
72 9879
-1
70 9936
-1
71 9926
-1
74 9977
-1
73 9825
-1
72 9881
-1
-1
-1
70 9956
-1
71 9984
-1
72 9956
-1
72 9951
-1
73 9893
-1
71 9853
-1
73 9979
-1
72 9855
-1
-1
-1
74 9960
-1
76 9931
-1
79 9995
-1
79 9986
-1
82 9995
-1
80 9900
-1
82 9995
-1
82 9930
-1
-1
-1
80 9895
-1
79 9987
-1
81 9946
-1
79 9962
-1
79 9898
-1
79 9953
-1
78 9999
-1
79 9976
-1
-1
-1
77 9964
-1
78 9916
-1
78 9959
-1
75 9964
-1
77 9984
-1
76 9904
-1
76 9900
-1
74 9863
-1
-1
-1
74 9914
-1
77 9896
-1
77 9826
-1
83 9968
-1
85 9871
-1
85 9921
-1
84 9847
-1
87 9919
-1
-1
-1
86 9959
-1
89 9885
-1
90 9966
-1
86 9907
-1
81 9920
-1
80 9963
-1
76 9982
-1
74 9974
-1
-1
-1
72 9931
-1
68 9886
-1
72 9912
-1
72 9886
-1
72 9923
-1
71 9844
-1
74 9954
-1
74 9811
-1
-1
-1
75 9887
-1
77 9921
-1
79 9912
-1
76 9984
-1
73 9908
-1
73 9969
-1
76 9823
-1
76 9941
-1
-1
-1
75 9962
-1
76 10000
-1
76 9894
-1
78 9876
-1
82 9975
-1
83 9965
-1
81 9890
-1
82 9981
-1
-1
-1
85 9941
-1
86 9877
-1
77 9900
-1
81 9926
-1
79 9797
-1
76 9906
-1
78 9971
-1
80 9851
-1
-1
-1
73 9990
-1
73 9796
-1
75 9908
-1
78 9999
-1
78 9878
-1
80 9957
-1
77 9820
-1
77 9786
-1
-1
-1
80 9903
-1
82 9911
-1
81 9980
-1
80 9890
-1
76 9947
-1
77 9993
-1
76 9918
-1
80 9953
-1
-1
-1
79 9988
-1
82 9993
-1
84 9973
-1
84 9904
-1
87 9839
-1
88 9950
-1
87 9981
-1
86 9983
-1
-1
-1
79 9928
-1
74 9890
-1
73 9968
-1
74 9927
-1
69 9999
-1
71 9952
-1
72 9850
-1
73 9969
-1
-1
-1
77 9956
-1
78 9947
-1
82 9905
-1
84 9976
-1
82 9843
-1
84 9796
-1
81 9878
-1
83 9975
-1
-1
-1
82 9810
-1
78 9989
-1
78 9999
-1
78 9924
-1
75 9889
-1
79 9933
-1
78 9941
-1
77 9926
-1
-1
-1
72 9953
-1
73 9848
-1
73 9764
-1
72 9772
-1
76 9967
-1
78 9955
-1
75 9836
-1
77 9981
-1
-1
-1
82 9900
-1
85 9998
-1
84 9897
-1
84 9926
-1
82 9939
-1
81 9948
-1
79 9909
-1
79 9872
-1
-1
-1
82 9950
-1
76 9937
-1
76 9971
-1
78 9993
-1
78 9996
-1
82 9985
-1
80 9949
-1
83 9829
-1
-1
-1
86 9993
-1
84 9958
-1
82 9825
-1
85 9882
-1
82 9960
-1
83 9972
-1
77 9788
-1
81 9993
-1
-1
-1
82 9989
-1
83 9999
-1
82 9955
-1
82 9980
-1
83 9990
-1
81 9796
-1
79 9827
-1
80 9958
-1
-1
-1
76 9973
-1
74 9975
-1
74 9823
-1
74 9929
-1
73 9824
-1
77 9991
-1
76 9859
-1
79 9914
-1
-1
-1
83 9947
-1
84 9997
-1
82 9899
-1
82 9967
-1
83 9999
-1
82 9875
-1
84 9840
-1
85 9993
-1
-1
-1
84 9922
-1
85 9872
-1
86 9853
-1
87 9980
-1
88 9891
-1
89 9898
-1
89 9888
-1
85 9851
-1
-1
-1
80 9972
-1
81 9996
-1
80 9981
-1
76 9972
-1
74 9949
-1
71 9919
-1
70 9944
-1
71 9837
-1
-1
-1
67 9882
-1
70 9956
-1
71 9769
-1
76 9997
-1
75 9862
-1
78 9898
-1
77 9931
-1
79 9882
-1
-1
-1
81 9941
-1
84 9955
-1
81 9896
-1
77 9912
-1
77 9898
-1
78 9984
-1
75 9890
-1
74 9969
-1
-1
-1
77 9969
-1
72 9965
-1
71 9868
-1
72 9825
-1
74 9810
-1
74 9925
-1
74 9934
-1
75 9937
-1
-1
-1
73 9974
-1
73 9961
-1
73 9785
-1
75 9954
-1
76 9966
-1
76 9877
-1
75 9956
-1
77 9953
-1
-1
-1
77 9931
-1
78 9939
-1
77 9967
-1
79 9876
-1
77 9891
-1
75 9865
-1
79 9981
-1
81 9996
-1
-1
-1
85 9949
-1
90 9981
-1
87 9918
-1
85 9908
-1
81 9966
-1
80 9947
-1
77 9816
-1
73 9961
-1
-1
-1
63 9974
-1
64 9954
-1
66 9806
-1
70 9855
-1
74 9874
-1
79 9893
-1
79 9878
-1
79 9792
-1
-1
-1
87 9846
-1
87 9891
-1
87 9900
-1
88 9932
-1
87 9994
-1
83 9956
-1
77 9864
-1
76 9983
-1
-1
-1
72 9993
-1
75 9878
-1
75 9997
-1
74 9776
-1
73 9949
-1
75 9982
-1
74 9937
-1
73 9965
-1
-1
-1
76 9940
-1
80 9995
-1
81 9961
-1
81 9922
-1
83 9944
-1
85 9979
-1
83 9916
-1
85 9888
-1
-1
-1
89 9875
-1
90 9996
-1
89 9914
-1
92 9990
-1
87 9881
-1
88 9884
-1
86 9822
-1
88 9918
-1
-1
-1
88 9957
-1
92 9863
-1
91 9972
-1
87 9883
-1
87 9930
-1
84 9829
-1
83 9959
-1
76 9998
-1
-1
-1
73 9942
-1
72 9929
-1
72 9965
-1
71 9816
-1
73 9925
-1
71 9843
-1
72 9984
-1
76 9897
-1
-1
-1
75 9934
-1
75 9869
-1
74 9901
-1
72 9869
-1
68 9758
-1
71 9982
-1
72 9937
-1
72 9959
-1
-1
-1
76 9915
-1
74 9981
-1
74 9803
-1
79 9955
-1
80 9817
-1
81 9989
-1
81 9850
-1
80 9972
-1
-1
-1
76 9903
-1
80 9826
-1
83 9993
-1
82 9923
-1
80 9876
-1
83 9987
-1
83 9914
-1
82 9968
-1
-1
-1
85 9986
-1
86 9942
-1
80 9914
-1
78 9877
-1
80 9790
-1
75 9982
-1
78 9984
-1
79 9980
-1
-1
-1
84 9921
-1
84 9961
-1
85 9971
-1
83 9992
-1
82 9883
-1
82 9978
-1
80 9871
-1
76 9979
-1
-1
-1
69 9924
-1
66 9824
-1
66 9915
-1
67 9803
-1
69 9983
-1
70 9911
-1
71 9902
-1
72 9862
-1
-1
-1
73 9892
-1
74 9912
-1
77 9955
-1
79 9954
-1
80 9965
-1
78 9978
-1
80 9995
-1
81 9820
-1
-1
-1
82 9880
-1
83 9898
-1
83 9784
-1
82 9986
-1
81 9863
-1
81 9990
-1
80 9985
-1
78 9917
-1
-1
-1
79 9976
-1
81 9999
-1
78 9959
-1
79 9967
-1
83 9964
-1
80 9869
-1
81 9934
-1
82 9978
-1
-1
-1
79 9920
-1
77 9852
-1
76 9906
-1
79 9954
-1
79 9840
-1
78 9889
-1
78 9997
-1
78 9813
-1
-1
-1
75 9946
-1
73 9957
-1
76 9795
-1
76 9993
-1
78 9953
-1
76 9905
-1
77 9972
-1
76 9990
-1
-1
-1
82 9924
-1
83 9905
-1
83 9965
-1
80 9973
-1
79 10000
-1
75 9981
-1
75 9941
-1
75 10000
-1
-1
-1
77 9953
-1
72 9909
-1
73 9974
-1
74 9977
40
76 9912
-1
80 9888
-1
80 9910
-1
82 9997
-1
-1
-1
82 9990
-1
83 9974
-1
84 9936
-1
87 9984
-1
89 9927
-1
90 9931
-1
86 9943
-1
86 9806
-1
-1
-1
85 9885
-1
86 9910
-1
85 9959
-1
81 9864
-1
83 9996
-1
84 9782
-1
83 9971
-1
85 9838
-1
-1
-1
79 9970
-1
81 10000
-1
80 9957
-1
78 9960
-1
76 9916
-1
70 9951
-1
71 9967
-1
70 9830
-1
-1
-1
80 9867
-1
82 9994
-1
84 9863
-1
86 9838
-1
85 9997
-1
89 9918
-1
90 9906
-1
93 9994
-1
-1
-1
86 9964
-1
78 9903
-1
76 9864
-1
73 9941
-1
74 9964
-1
72 9912
-1
67 9934
-1
67 9922
-1
-1
-1
69 9832
-1
70 9983
-1
68 9905
-1
67 9978
-1
70 9946
-1
72 9862
-1
74 9950
-1
76 9871
-1
-1
-1
75 9834
-1
78 9872
-1
79 9948
-1
82 9952
-1
82 9993
-1
75 9913
-1
77 9978
-1
79 9940
-1
-1
-1
83 9947
-1
82 9942
-1
84 9852
-1
85 9949
-1
83 9870
-1
83 9970
-1
83 9975
-1
77 9983
-1
-1
-1
74 9970
-1
74 9878
-1
76 9886
-1
77 9974
-1
77 9998
-1
76 9953
-1
77 9898
-1
80 9942
-1
-1
-1
83 9901
-1
84 9894
-1
86 9897
-1
82 9823
-1
80 9886
-1
81 9928
-1
81 9962
-1
78 9911
-1
-1
-1
76 9931
-1
78 9979
-1
78 9964
-1
78 9965
-1
80 9988
-1
82 9977
-1
80 9988
-1
81 9995
-1
-1
-1
84 9912
-1
86 9999
-1
89 9976
-1
92 9956
-1
89 9976
-1
89 9999
-1
88 9976
-1
91 9970
-1
-1
-1
94 9950
-1
90 9944
-1
90 9881
-1
83 9883
-1
79 9956
-1
80 9961
-1
82 9914
-1
85 9989
-1
-1
-1
76 9967
-1
78 9896
-1
80 9984
-1
80 9938
-1
81 9919
-1
82 9970
-1
80 9902
-1
76 9944
-1
-1
-1
78 9993
-1
80 9988
-1
79 9989
-1
77 9944
-1
77 9856
-1
76 9837
-1
77 9864
-1
80 9997
-1
-1
-1
83 9955
-1
81 9965
-1
77 9903
-1
76 9950
-1
79 9978
-1
78 9882
-1
80 9990
-1
73 9861
-1
-1
-1
69 9885
-1
72 9882
-1
72 9903
-1
75 9982
-1
75 9957
-1
76 9909
-1
77 9928
-1
77 9959
-1
-1
-1
79 9997
-1
77 9785
-1
77 9914
-1
76 9939
-1
73 9960
-1
73 9992
-1
70 9955
-1
70 9985
-1
-1
-1
72 9997
-1
69 9945
-1
70 9998
-1
72 9761
-1
75 9791
-1
77 9998
-1
76 9919
-1
76 9922
-1
-1
-1
73 9906
-1
72 9951
-1
75 9986
-1
77 9923
-1
71 9955
-1
73 9820
-1
74 9976
-1
70 9859
-1
-1
-1
71 9928
-1
72 9844
-1
74 9909
-1
70 9803
-1
69 9968
-1
69 9842
-1
71 9987
-1
73 9978
-1
-1
-1
75 9930
-1
79 9954
-1
76 9895
-1
74 9903
-1
78 9988
-1
80 9977
-1
79 9932
-1
77 9882
-1
-1
-1
80 9908
-1
82 10000
-1
80 9970
-1
83 9900
-1
86 9960
-1
88 9981
-1
83 9806
-1
86 9834
-1
-1
-1
83 9982
-1
83 9989
-1
80 9841
-1
81 9934
-1
79 9976
-1
78 9787
-1
81 9936
-1
84 9984
-1
-1
-1
83 10000
-1
84 9869
-1
84 9895
-1
78 9853
-1
77 9948
-1
76 9913
-1
74 9918
-1
72 9812
-1
-1
-1
77 9949
-1
77 9974
-1
77 9989
-1
77 9991
-1
79 9973
-1
80 9871
-1
83 9850
-1
82 9995
-1
-1
-1
79 9970
-1
79 9995
-1
77 9853
-1
77 9932
-1
80 9945
-1
83 9997
-1
81 9976
-1
79 9884
-1
-1
-1
78 9867
-1
78 9955
-1
77 9963
-1
80 9884
-1
80 9915
-1
79 9919
-1
76 9901
-1
79 9997
-1
-1
-1
73 9975
-1
73 9818
-1
75 9885
-1
75 9945
-1
76 9830
-1
75 9991
-1
75 9813
-1
74 9884
-1
-1
-1
77 9851
-1
79 9975
-1
77 9983
-1
71 9851
-1
69 9935
-1
72 9988
-1
70 9968
-1
71 9822
204
-1
-1
72 9949
-1
74 9958
-1
78 9919
-1
78 9951
-1
81 9957
-1
83 9979
-1
83 9934
-1
86 9984
-1
-1
-1
83 9857
-1
82 9952
-1
82 9904
-1
82 9895
-1
83 9840
-1
86 9926
-1
83 9916
-1
81 9836
-1
-1
-1
80 9973
-1
80 9774
-1
84 9934
-1
84 9886
-1
79 9950
-1
79 9909
-1
79 9973
-1
83 10000
-1
-1
-1
85 9870
-1
86 9833
-1
85 9921
-1
86 9976
-1
84 9994
-1
84 9873
-1
86 9954
-1
86 9858
-1
-1
-1
76 9815
-1
80 9802
-1
79 9998
-1
76 9950
-1
75 9996
-1
76 9946
-1
74 9909
-1
71 9895
-1
-1
-1
75 9903
-1
76 9984
-1
73 9908
-1
73 9808
-1
74 9962
-1
73 9977
-1
73 9912
-1
72 9832
-1
-1
-1
70 9915
-1
71 9917
-1
72 9908
-1
73 9870
-1
72 9839
-1
74 9888
-1
74 9976
-1
77 9970
-1
-1
-1
77 9975
-1
81 9938
-1
84 9945
-1
80 9904
-1
80 9956
-1
82 9782
-1
83 9957
-1
83 9947
-1
-1
-1
82 9915
-1
82 9969
-1
78 9964
-1
79 9943
-1
81 9824
-1
81 9953
-1
75 9936
-1
77 9916
-1
-1
-1
77 9968
-1
74 9960
-1
75 9890
-1
78 9946
-1
75 9957
-1
76 9950
-1
79 9951
-1
82 9792
-1
-1
-1
85 9891
-1
84 9996
-1
84 9966
-1
85 9888
-1
84 9971
-1
84 9980
-1
82 9890
-1
76 9916
-1
-1
-1
74 9987
-1
75 9834
-1
79 9921
-1
78 9902
-1
81 9971
-1
82 9923
-1
79 9956
-1
82 9947
-1
-1
-1
84 9885
-1
85 9883
-1
87 9958
-1
87 9874
-1
85 9968
-1
86 9795
-1
86 9929
-1
84 9917
-1
-1
-1
81 9955
-1
77 9831
-1
75 9864
-1
73 9834
-1
72 9892
-1
74 9988
-1
70 9950
-1
69 9957
-1
-1
-1
72 9891
-1
76 9927
-1
76 9828
-1
79 9991
-1
80 9923
-1
77 9892
-1
78 9962
-1
81 9972
-1
-1
-1
84 9917
-1
87 9892
-1
87 9929
-1
87 9882
-1
88 9951
-1
83 9835
-1
87 9909
-1
88 10000
-1
-1
-1
84 9917
-1
79 9915
-1
75 9878
-1
76 9981
-1
73 9992
-1
74 9921
-1
74 9991
-1
71 9995
-1
-1
-1
73 9938
-1
77 9904
-1
79 9913
-1
77 9940
-1
76 9957
-1
75 9808
-1
75 9945
-1
77 9889
-1
-1
-1
81 9975
-1
79 9995
-1
74 9950
-1
73 10000
-1
73 9904
-1
73 9888
-1
73 9832
-1
75 9965
-1
-1
-1
71 9855
-1
74 9887
-1
76 9789
-1
77 9955
-1
76 9822
-1
78 9975
-1
79 9930
-1
79 9891
-1
-1
-1
81 9992
-1
80 9832
-1
82 9952
-1
81 9949
-1
78 9940
-1
83 9975
-1
82 9937
-1
82 9913
-1
-1
-1
82 9794
-1
83 9993
-1
85 9994
-1
88 9938
-1
86 9935
-1
87 9935
-1
87 9999
-1
81 9781
-1
-1
-1
82 9785
-1
80 9983
-1
77 9818
-1
78 9995
-1
73 9839
-1
72 9992
-1
75 9962
-1
75 9924
-1
-1
-1
71 9925
-1
69 9834
-1
71 9996
-1
70 9890
-1
70 9888
-1
71 9920
-1
70 9976
-1
69 9780
-1
-1
-1
75 9985
-1
78 9915
-1
82 9783
-1
80 9905
-1
80 9969
-1
79 9911
-1
82 9982
-1
82 9982
-1
-1
-1
82 9919
-1
85 9893
-1
85 9985
-1
83 9957
-1
86 9958
-1
86 9986
-1
85 9902
-1
82 9930
-1
-1
-1
79 9943
-1
80 9851
-1
84 9979
-1
80 9919
-1
81 9883
-1
77 9834
-1
80 9798
-1
82 9994
-1
-1
-1
81 9989
-1
80 9866
-1
80 9940
-1
76 9827
-1
77 9975
-1
75 9967
-1
71 9848
-1
75 9887
-1
-1
-1
75 9997
-1
76 9930
-1
76 9980
-1
75 9948
-1
78 9970
-1
78 9880
-1
79 9895
-1
85 9918
-1
-1
-1
85 9927
-1
85 9909
-1
85 9944
-1
85 9943
-1
85 9816
-1
85 9928
-1
84 9926
-1
85 9986
-1
-1
-1
83 9986
-1
83 9938
-1
84 9982
-1
83 9937
-1
83 9974
-1
82 9908
-1
85 9985
-1
84 9865
-1
-1
-1
82 9758
-1
82 9835
-1
80 9897
-1
79 9947
-1
79 9807
-1
79 9961
-1
82 9973
-1
84 9961
-1
139
-1
83 9970
-1
82 9999
-1
78 10000
-1
81 9903
-1
83 9968
-1
81 9922
-1
81 9900
-1
76 9978
-1
-1
-1
79 9981
-1
79 9870
-1
79 9943
-1
79 9976
-1
76 9926
-1
79 9957
-1
79 9948
-1
78 9923
-1
-1
-1
79 9896
-1
79 9972
-1
77 9987
-1
79 9963
-1
79 9842
-1
80 9916
-1
81 9986
-1
84 9875
-1
-1
-1
82 9968
-1
83 9895
-1
87 9963
-1
87 9978
-1
85 9926
-1
83 9971
-1
80 9932
-1
76 9950
-1
-1
-1
77 9992
-1
73 9956
-1
69 9901
-1
70 9994
-1
71 9977
-1
73 9912
-1
76 9950
-1
80 9984
-1
-1
-1
85 9962
-1
82 9937
-1
84 9993
-1
85 9953
-1
84 9937
-1
83 9979
-1
83 9796
-1
85 9892
-1
-1
-1
83 9992
-1
82 9975
-1
86 9940
-1
84 9993
-1
85 9991
-1
87 9993
-1
88 9960
-1
89 9804
-1
-1
-1
91 9996
-1
89 9832
102
88 9971
-1
85 9967
-1
83 9948
-1
83 9876
-1
82 9889
-1
78 9868
-1
-1
-1
73 9834
-1
77 9932
-1
73 9865
-1
72 9989
-1
69 9852
-1
67 9845
-1
71 9980
-1
72 9924
-1
-1
-1
75 9901
-1
76 9960
-1
75 9895
-1
79 9983
-1
82 9854
-1
83 9879
-1
86 9987
-1
89 9976
-1
-1
-1
89 9928
-1
92 9940
-1
90 9897
-1
92 9931
-1
91 9773
-1
92 9886
-1
89 10000
-1
86 9976
-1
-1
-1
80 9906
-1
77 9952
-1
75 9844
-1
74 9979
-1
68 9951
-1
67 9936
-1
71 9976
-1
70 9979
-1
-1
-1
70 9997
-1
74 9969
-1
75 9961
-1
74 9797
-1
76 9906
-1
79 9973
-1
79 9916
-1
77 9911
-1
-1
-1
80 9940
-1
76 9953
-1
78 9938
-1
80 9933
-1
82 9957
-1
80 9884
-1
79 9899
-1
79 9830
-1
217
-1
78 9819
-1
77 9862
-1
75 9930
-1
73 9942
-1
73 9906
-1
76 9969
-1
76 9842
-1
80 9989
-1
-1
-1
84 9884
-1
85 9980
-1
88 9908
-1
91 9866
-1
92 9992
-1
95 9849
-1
93 9882
-1
93 9974
-1
-1
-1
88 9937
-1
87 9968
-1
85 9966
-1
80 9981
-1
73 9893
-1
69 9879
-1
72 9932
-1
72 9880
-1
-1
-1
73 9909
-1
74 9899
-1
73 9863
-1
76 9959
-1
76 9841
-1
77 9860
-1
77 9991
-1
76 9981
-1
-1
-1
74 9777
-1
72 9877
-1
74 9941
-1
72 9789
-1
73 9998
-1
76 9906
-1
77 9952
-1
78 9969
-1
-1
-1
76 9955
-1
77 9796
-1
77 9866
-1
78 9905
-1
80 9973
-1
80 9998
-1
78 9869
-1
77 9981
-1
-1
-1
80 9989
-1
81 9851
-1
80 9891
-1
83 9900
-1
85 9964
-1
83 9977
-1
82 9950
-1
81 9860
-1
-1
-1
82 9833
-1
82 9933
-1
78 9921
-1
74 9973
-1
73 9926
-1
72 9992
-1
74 9804
-1
76 9996
-1
-1
-1
76 9968
-1
71 9882
-1
73 9971
-1
76 9992
-1
77 9958
-1
80 9982
-1
80 9942
-1
78 9983
-1
-1
-1
79 9878
-1
78 9881
-1
79 9823
-1
80 9992
-1
79 9979
-1
74 9980
-1
73 9873
-1
75 9987
-1
-1
-1
77 9997
-1
75 9896
-1
75 9866
-1
77 9956
-1
75 9834
-1
78 9954
-1
81 9961
-1
82 9950
-1
-1
-1
80 9885
-1
81 9785
-1
83 9962
-1
83 9932
-1
81 9847
-1
81 9974
-1
81 9871
-1
77 9984
-1
-1
-1
73 9933
-1
71 9972
-1
71 9992
-1
73 9914
-1
73 9883
-1
73 9838
-1
75 9879
-1
73 9931
-1
-1
-1
76 9905
-1
76 9943
-1
79 9932
-1
75 9920
-1
72 9936
-1
71 9983
-1
68 9882
-1
73 9925
-1
-1
-1
71 9944
-1
73 9983
-1
70 9955
-1
70 9923
-1
73 9923
-1
75 9832
-1
76 9971
-1
69 9917
-1
-1
-1
72 9849
-1
73 9950
-1
74 9796
-1
76 9853
-1
76 9903
-1
74 9968
-1
75 9888
-1
79 9994
-1
-1
-1
79 9900
-1
82 9801
-1
80 9985
-1
78 9980
-1
79 9988
-1
79 9827
-1
80 9942
-1
81 9778
-1
-1
-1
84 9946
-1
