0 0
498
8 2335
96
16 4471
287
113
148
32 8832
37
40 9859
165
48 9978
451
56 9998
221
64 9878
59
72 9995
124
77 9906
177
78 9917
14
162
248
74 9795
228
78 9995
-1
74 9943
222
72 9967
-1
72 9983
-1
71 9907
206
72 9952
-1
72 9903
50
-1
-1
75 9998
97
77 9987
-1
76 9928
-1
80 9839
-1
85 10000
-1
81 9894
-1
82 10000
247
83 9911
167
26
-1
87 9901
-1
88 9797
18
89 9991
-1
87 9941
-1
85 9907
-1
81 9944
-1
83 9835
172
85 9921
118
112
-1
80 9992
-1
77 9952
-1
78 10000
-1
77 9959
-1
77 9959
-1
78 9852
-1
80 9950
-1
80 9973
230
-1
-1
80 9897
-1
82 9972
-1
84 9954
-1
83 9947
-1
83 9973
-1
82 9933
15
79 10000
-1
78 9991
17
-1
-1
75 9970
-1
78 9983
212
75 9892
80
73 9967
-1
76 9974
-1
77 9954
-1
78 9979
-1
81 9940
-1
-1
-1
79 9961
-1
80 9842
-1
81 9766
-1
79 9820
-1
81 9888
100
80 9989
-1
79 9963
-1
77 9940
-1
-1
-1
77 9997
159
78 9951
-1
75 9963
-1
75 9785
-1
77 9997
-1
77 9965
-1
72 9798
-1
71 9769
-1
-1
-1
73 9909
-1
72 9970
128
75 9847
-1
76 9943
-1
75 9896
-1
76 9926
19
79 9983
-1
80 9851
-1
-1
-1
87 9851
197
89 9999
197
87 9991
-1
89 9971
-1
87 9824
-1
87 9956
-1
90 9970
29
91 9943
-1
-1
-1
89 9881
-1
86 9954
-1
87 9932
-1
85 9761
60
88 9999
-1
86 9958
-1
87 9936
-1
89 9870
-1
-1
-1
86 9957
-1
83 9933
-1
80 9974
-1
77 9822
-1
77 10000
-1
73 9946
-1
68 9915
-1
66 9951
-1
-1
-1
68 9797
-1
71 9896
-1
71 9888
-1
71 9894
-1
72 9885
-1
74 9790
-1
76 9975
-1
77 9919
-1
-1
-1
80 9990
-1
81 9974
-1
83 9996
-1
85 9980
-1
87 9858
-1
87 9941
-1
86 9824
-1
87 9968
-1
-1
-1
83 9846
-1
83 9920
-1
80 9971
106
77 9816
-1
75 9914
-1
74 9761
-1
77 9979
-1
77 9904
-1
-1
-1
79 9992
-1
77 9895
-1
78 9921
-1
81 9949
-1
84 9976
-1
83 9991
-1
85 9822
-1
89 9992
-1
-1
-1
84 9942
-1
80 9851
-1
80 9846
-1
81 9931
5
83 9932
-1
79 9981
-1
77 9857
-1
75 9962
-1
-1
-1
77 9964
-1
79 9921
-1
79 9819
-1
80 9949
-1
80 9889
-1
76 9864
-1
78 9829
-1
76 9791
-1
-1
-1
78 9995
-1
80 9876
-1
80 9907
-1
81 9954
-1
81 9928
-1
80 9871
-1
83 9973
-1
79 9834
92
-1
-1
85 9761
48
85 9957
-1
79 9994
-1
82 9937
-1
83 9895
-1
84 9921
-1
87 9982
-1
86 9974
-1
-1
-1
86 9827
-1
80 9937
-1
80 9877
-1
79 9775
-1
76 9856
-1
76 9994
-1
73 9845
-1
73 9878
-1
-1
-1
76 9975
-1
76 9934
-1
77 9870
-1
79 9881
-1
79 9971
-1
80 9973
46
82 9934
-1
81 9978
200
-1
-1
83 9845
-1
86 9994
-1
86 9956
-1
85 9807
-1
86 9961
-1
85 9972
-1
86 9966
-1
87 9959
-1
-1
-1
85 9886
-1
83 9872
-1
81 9990
-1
82 9871
-1
82 9926
-1
85 9954
-1
86 9988
8
82 9891
-1
-1
-1
84 9852
-1
84 9841
-1
85 9960
-1
82 9995
-1
78 9972
-1
77 9959
-1
76 9964
-1
75 9821
-1
-1
-1
68 9847
124
67 9855
-1
69 9887
-1
71 9912
-1
71 9864
-1
72 9978
-1
76 9929
-1
76 9971
-1
-1
-1
81 9955
-1
80 9821
-1
81 9954
-1
83 9875
5
84 9939
-1
82 9932
-1
82 9947
-1
80 9947
-1
-1
-1
71 9901
-1
73 9867
-1
77 9862
-1
75 9953
-1
75 9979
-1
77 9960
-1
77 9942
-1
77 9954
-1
-1
-1
81 9864
-1
86 9997
-1
88 9933
-1
88 9980
-1
87 9951
-1
88 9923
-1
85 9909
-1
84 9982
-1
-1
-1
87 9996
-1
82 9819
-1
78 9982
-1
76 9826
-1
75 9915
-1
76 9987
-1
72 9778
-1
72 9989
-1
-1
-1
74 9867
-1
74 9927
-1
75 9985
-1
74 9857
-1
75 9954
-1
74 9947
-1
75 9954
-1
78 9991
-1
-1
-1
75 9924
-1
76 9863
-1
80 9999
-1
82 9781
-1
83 9872
-1
82 9969
-1
84 9999
-1
83 9987
-1
-1
-1
85 9921
-1
85 9958
-1
78 9978
-1
74 9978
-1
76 9958
-1
77 9952
-1
80 9983
-1
79 9935
-1
-1
-1
74 9961
-1
78 9798
-1
78 9957
-1
81 9919
-1
85 9987
-1
84 9935
-1
86 9911
-1
82 9940
-1
-1
-1
80 9837
-1
83 9944
-1
85 9953
244
81 9884
-1
81 9941
-1
83 9943
77
79 9966
-1
79 9844
-1
-1
-1
81 9993
-1
83 9986
-1
79 9931
-1
78 9987
-1
76 9807
-1
79 9977
-1
79 9814
-1
78 9866
-1
-1
-1
77 9944
-1
80 9986
-1
78 9886
-1
80 9885
-1
82 9976
-1
83 9929
-1
81 9918
-1
84 9983
-1
-1
-1
83 9916
-1
87 9818
-1
89 9942
-1
87 9982
-1
88 9987
-1
83 9804
-1
86 9970
-1
88 9978
-1
-1
-1
92 9995
-1
90 9904
-1
82 9915
-1
79 9995
-1
78 9964
-1
79 10000
-1
78 9926
-1
77 9830
-1
-1
-1
71 9926
-1
73 9997
-1
74 9988
-1
78 9986
-1
80 9941
-1
82 9941
-1
81 9851
-1
83 9936
-1
-1
-1
80 9819
-1
80 9981
-1
81 9979
-1
82 9946
-1
82 9930
-1
78 9997
-1
77 9806
-1
76 9975
-1
-1
-1
78 9763
-1
83 9900
-1
81 9990
-1
77 9925
-1
76 9998
-1
74 9847
-1
75 9934
-1
77 9865
-1
-1
-1
73 9910
-1
70 9960
-1
71 9993
-1
73 9916
-1
78 9997
-1
78 9876
-1
80 9934
-1
81 9817
-1
-1
-1
83 9912
-1
85 9978
-1
87 9945
-1
90 9935
-1
89 9855
-1
87 9986
-1
85 9980
-1
82 9795
-1
-1
-1
85 9967
-1
84 9978
-1
83 9905
-1
76 9931
231
77 9961
-1
78 9878
-1
77 9904
-1
75 9908
-1
-1
-1
79 9985
-1
77 9782
-1
77 9963
-1
77 9982
-1
81 9939
-1
77 9903
-1
79 9948
-1
81 9972
-1
-1
-1
80 9892
-1
78 9952
-1
74 9888
-1
74 9912
-1
71 9859
-1
72 9843
-1
70 9808
-1
75 9880
-1
-1
-1
74 9997
-1
76 9755
-1
81 9961
168
84 9944
-1
83 9816
-1
89 9973
-1
91 9892
-1
95 9956
-1
-1
-1
98 9975
-1
92 9854
-1
93 9973
-1
93 9881
-1
87 9891
-1
87 9921
-1
87 9975
-1
78 9980
-1
-1
-1
75 9985
-1
73 9838
-1
73 9962
-1
73 9995
-1
74 10000
-1
70 9873
-1
71 9831
-1
75 9999
-1
-1
-1
76 9993
-1
76 9992
-1
79 9916
-1
80 9841
-1
81 9854
-1
83 9982
-1
85 9962
-1
88 9910
-1
-1
-1
81 9940
-1
81 9992
-1
83 9866
-1
85 9977
-1
77 9872
-1
78 9982
-1
75 9793
-1
70 9959
-1
-1
-1
74 9871
-1
78 9962
-1
80 9982
-1
79 10000
-1
78 9911
-1
80 9917
-1
78 9837
-1
81 9860
-1
-1
-1
87 9920
-1
85 9867
-1
85 9949
-1
78 9823
-1
77 9926
-1
79 9960
-1
81 9951
-1
81 9815
-1
-1
-1
78 9988
-1
78 9837
-1
82 9992
-1
81 9987
-1
83 9984
-1
84 9958
-1
85 9847
-1
82 9981
-1
-1
-1
83 9990
-1
81 9980
-1
81 9804
-1
85 9943
-1
86 9835
-1
81 9833
-1
84 9866
-1
85 9841
-1
-1
-1
91 9934
-1
92 9943
-1
90 9974
-1
88 9906
-1
83 9988
-1
82 9948
-1
84 9859
-1
88 9917
-1
-1
-1
89 9922
-1
81 9934
-1
83 9911
-1
85 9902
184
86 9967
-1
88 9982
-1
86 9832
-1
85 9852
-1
-1
-1
87 9975
-1
85 9988
-1
85 9892
-1
88 9998
-1
85 9999
-1
83 9783
-1
82 9966
-1
84 9826
-1
-1
-1
85 9943
-1
83 9934
-1
81 9831
-1
79 9982
-1
78 9993
-1
78 9975
-1
78 9985
-1
75 9805
-1
-1
-1
74 9887
-1
75 9993
-1
79 9996
-1
78 9857
-1
82 9790
-1
84 9963
-1
85 9915
-1
83 9942
56
-1
-1
85 9877
-1
83 9983
-1
83 9981
-1
78 9813
-1
81 9972
-1
79 9910
-1
81 9972
-1
79 9817
-1
-1
-1
79 9906
-1
78 9795
-1
79 9965
-1
77 9955
-1
77 9874
-1
75 9998
-1
75 9932
-1
73 9852
-1
-1
-1
69 9953
-1
72 9944
-1
78 9886
-1
77 9976
-1
76 9919
-1
75 9894
-1
74 9794
-1
77 9878
-1
-1
-1
79 9797
-1
82 9928
-1
81 9879
-1
74 9987
-1
76 9929
-1
73 9986
-1
73 9961
-1
69 9820
-1
-1
-1
72 9992
-1
73 9847
196
72 9949
-1
76 9971
-1
75 9941
-1
75 9889
-1
81 9949
-1
84 9945
-1
-1
-1
83 9964
-1
80 9935
-1
81 9998
-1
81 9965
-1
81 9911
-1
82 9941
-1
80 9992
-1
75 9977
-1
-1
-1
75 9872
-1
77 9918
-1
74 9995
-1
75 9999
-1
72 9822
-1
74 9992
-1
75 9949
-1
74 9947
-1
-1
-1
70 9863
-1
69 9948
249
70 9919
-1
69 9866
-1
72 9869
-1
73 9944
-1
76 9996
-1
77 9983
-1
-1
-1
76 9979
-1
77 9868
-1
83 9921
-1
84 9912
-1
82 9969
-1
82 9969
-1
79 9816
-1
76 9794
-1
-1
-1
82 9995
-1
81 9997
-1
81 9986
137
77 9932
-1
76 9880
-1
78 9985
-1
78 9962
-1
78 9939
-1
-1
-1
80 9933
-1
82 9826
-1
84 9907
-1
84 9999
-1
85 9988
-1
82 9995
-1
82 9938
-1
80 9976
-1
-1
-1
77 9816
-1
77 9786
-1
73 9931
-1
75 9948
-1
73 9970
-1
75 9949
-1
77 9919
-1
78 9986
-1
-1
-1
78 9842
-1
82 9989
-1
79 9826
-1
83 9999
-1
81 9860
-1
80 9940
-1
79 9984
-1
74 9876
-1
-1
-1
77 9896
-1
73 9817
-1
73 9910
-1
70 9889
-1
71 9996
-1
72 9958
-1
72 9971
-1
72 9853
-1
-1
-1
74 9906
-1
73 9929
-1
76 9920
-1
79 9992
-1
81 9966
-1
79 9842
-1
82 9948
-1
83 9909
-1
-1
-1
88 9936
-1
91 9960
-1
90 9993
-1
92 9896
-1
89 9930
-1
91 9991
-1
92 9990
-1
93 9945
-1
-1
-1
90 9907
-1
87 9968
-1
89 9999
-1
83 9884
-1
81 9948
-1
83 9906
-1
83 9975
-1
81 10000
-1
-1
-1
80 9981
-1
78 9871
-1
76 9964
-1
78 9895
-1
83 9988
-1
84 9973
-1
86 9925
-1
83 9832
-1
-1
-1
85 9904
-1
82 9982
-1
85 9761
-1
87 9908
-1
88 9943
-1
86 9996
-1
86 9938
-1
80 9853
-1
-1
-1
79 9817
-1
78 9968
-1
71 9862
-1
68 9880
-1
70 9979
-1
70 9966
-1
73 9993
-1
76 9960
-1
-1
-1
81 9939
-1
79 9992
-1
80 9963
-1
82 9922
-1
83 9885
-1
84 9977
-1
80 9879
-1
78 9986
-1
-1
-1
71 9969
-1
69 9934
-1
70 9844
-1
70 9852
-1
76 9910
-1
78 9919
-1
78 9857
-1
82 9891
-1
-1
-1
85 9997
-1
89 9970
-1
91 9996
-1
91 9956
-1
92 9995
-1
87 9955
-1
81 9821
-1
82 9786
-1
-1
-1
76 9983
-1
75 9919
-1
72 9943
-1
72 9958
-1
73 9813
-1
74 9954
-1
77 9983
-1
74 9957
-1
-1
-1
76 9953
-1
79 9979
-1
77 9993
-1
77 9993
-1
73 9939
-1
70 9785
-1
74 9990
-1
73 9799
-1
-1
-1
77 9981
-1
74 9976
-1
74 9846
-1
77 9890
104
79 9951
-1
83 9998
-1
86 9819
-1
89 9988
-1
-1
-1
88 9910
-1
87 9990
-1
86 9871
-1
85 9859
-1
87 9906
-1
83 9965
-1
83 9922
-1
79 9977
-1
-1
-1
80 9984
-1
79 9957
-1
79 9965
-1
78 9940
-1
79 9987
-1
80 9985
-1
82 9863
-1
81 9878
-1
-1
-1
79 9989
-1
78 9978
-1
77 9998
-1
75 9949
-1
72 9850
-1
72 9982
-1
69 9875
-1
69 9814
-1
-1
-1
70 9929
-1
69 9968
-1
71 9780
-1
72 9799
-1
74 9870
-1
75 9984
-1
73 9959
-1
75 9838
-1
-1
-1
78 9952
-1
78 9854
-1
78 9933
-1
78 9995
-1
78 9854
-1
79 9938
-1
78 9963
-1
80 9876
-1
-1
-1
77 9878
-1
77 9904
-1
78 9761
-1
76 9973
-1
77 9968
-1
77 9779
-1
75 9966
-1
76 9994
-1
-1
-1
73 9846
-1
74 9950
-1
77 9950
-1
77 9990
-1
81 9882
-1
82 9878
-1
82 9839
-1
82 9979
-1
-1
-1
85 9932
-1
85 9962
-1
84 9988
-1
82 9933
-1
83 9869
-1
82 9960
-1
80 9910
-1
79 9891
-1
-1
-1
80 9928
-1
81 9966
-1
80 9960
-1
81 9987
-1
84 9976
-1
82 9854
-1
83 9969
-1
87 9983
-1
-1
-1
86 9837
-1
88 9883
-1
90 9817
-1
89 9992
-1
89 9953
-1
90 9985
-1
87 9870
-1
87 9999
-1
-1
-1
78 9972
-1
79 9996
-1
75 9954
-1
73 9934
-1
75 9904
-1
75 9881
-1
76 9835
-1
77 9986
-1
-1
-1
78 9946
-1
80 9863
-1
81 10000
-1
81 9986
-1
80 9849
-1
84 9814
-1
83 9896
172
85 9955
-1
-1
-1
83 9825
-1
86 9859
-1
90 9992
-1
86 9933
51
87 9939
-1
86 9846
-1
81 9985
-1
82 9968
-1
-1
-1
80 9845
-1
77 9893
-1
73 9931
-1
75 9978
-1
75 9924
-1
74 9821
-1
77 9985
94
77 9937
-1
-1
-1
78 9961
-1
77 9882
-1
81 9938
-1
83 9943
-1
84 9903
-1
83 9956
-1
84 9794
-1
85 9982
-1
-1
-1
86 10000
-1
84 9912
-1
87 9983
-1
84 9989
-1
86 9936
-1
87 9987
-1
87 9991
-1
89 9949
-1
-1
-1
89 9970
-1
89 9955
-1
89 9822
-1
91 9880
-1
90 9978
-1
87 9859
-1
84 9997
-1
80 9893
-1
-1
-1
79 9885
-1
79 9918
-1
81 9970
-1
75 9784
-1
74 9916
-1
74 10000
-1
75 9901
-1
75 9938
-1
-1
-1
74 9991
-1
73 9913
-1
72 9968
9
73 9773
-1
76 9817
-1
79 9876
-1
77 9845
-1
78 9906
-1
-1
-1
81 9991
-1
79 9934
-1
80 9986
-1
77 9871
-1
79 9959
-1
81 9821
-1
79 9981
-1
81 9957
-1
-1
-1
79 9818
-1
78 9915
-1
78 9969
-1
76 9959
-1
76 9987
-1
73 9960
-1
73 9811
-1
73 9941
-1
-1
-1
73 9979
-1
72 9952
-1
71 9779
-1
71 9885
-1
68 9898
-1
66 10000
-1
65 9891
-1
68 9988
-1
-1
-1
73 9972
-1
73 9860
-1
73 9871
-1
78 9866
-1
80 9925
-1
82 9949
-1
80 9817
-1
80 9982
-1
-1
-1
73 9883
-1
72 9947
-1
73 9913
-1
71 9908
-1
73 9809
-1
75 9980
-1
77 9812
-1
80 9905
-1
-1
-1
82 9840
-1
83 9995
-1
81 9933
-1
82 9972
-1
78 9845
-1
76 9937
-1
77 9990
-1
77 9922
-1
-1
-1
76 9811
-1
80 9960
-1
77 9766
-1
81 9889
-1
82 9999
-1
85 9983
-1
86 9989
-1
81 9838
-1
-1
-1
84 9773
-1
85 9876
-1
85 9878
-1
83 9997
-1
82 9987
-1
83 9999
-1
82 9942
-1
82 9936
-1
-1
-1
79 9943
-1
78 9864
-1
77 9979
-1
81 9963
-1
85 9922
-1
85 9793
-1
87 9903
-1
85 9874
-1
-1
-1
85 9868
-1
86 9989
-1
84 9910
-1
84 9985
196
79 9952
-1
73 9912
-1
73 9998
-1
73 9915
-1
-1
-1
70 9898
-1
70 9857
-1
73 9963
-1
72 9978
-1
70 9830
-1
74 9889
-1
77 9962
-1
76 9999
-1
-1
-1
77 9936
-1
77 9808
-1
79 9965
-1
78 9904
-1
82 9951
-1
86 9962
-1
88 9934
-1
86 9973
-1
-1
-1
87 9948
-1
89 9864
-1
92 9871
-1
92 9871
-1
92 9834
-1
91 9886
-1
87 9956
-1
85 9959
-1
-1
-1
81 9893
-1
81 9985
-1
78 9923
-1
75 9962
-1
74 9975
16
76 9833
-1
76 9818
-1
78 9973
-1
-1
-1
77 9986
-1
80 9970
-1
79 9996
-1
78 9993
-1
82 9929
-1
79 9901
-1
79 9764
-1
83 9964
-1
-1
-1
82 9939
-1
81 9797
-1
83 9997
-1
84 9952
-1
87 9821
-1
89 9954
-1
85 9835
-1
86 9916
-1
-1
-1
84 9907
-1
87 9993
-1
89 10000
-1
86 9832
-1
85 9985
-1
88 9957
-1
84 9825
-1
86 9978
-1
-1
-1
84 9885
-1
83 9988
-1
84 9783
-1
82 9876
-1
81 9972
-1
82 9963
-1
78 9985
-1
75 9945
-1
-1
-1
78 9949
-1
78 10000
-1
79 9793
-1
82 9973
-1
83 9974
-1
83 9998
-1
85 9902
-1
83 9849
-1
-1
-1
85 9966
-1
85 9907
-1
84 9836
-1
83 9902
-1
86 9971
-1
87 9900
-1
87 9971
-1
85 9829
-1
-1
-1
86 9870
-1
86 9894
-1
86 9914
-1
86 9955
-1
86 9896
-1
86 9985
-1
80 9824
-1
77 9959
-1
-1
-1
76 9839
-1
76 9968
-1
77 9923
-1
73 9981
-1
75 9852
-1
71 9838
-1
75 9951
-1
77 9950
-1
-1
-1
78 9938
-1
76 9844
-1
74 9976
-1
77 9909
-1
77 9893
-1
77 9882
-1
80 9990
-1
79 9988
-1
-1
-1
76 9822
-1
77 9932
-1
77 9892
-1
78 9858
-1
77 9990
-1
76 9968
-1
77 9925
-1
79 9974
-1
-1
-1
76 9913
-1
79 9789
-1
81 9812
-1
82 9958
-1
81 9845
-1
85 9863
-1
81 9941
-1
81 9995
-1
-1
-1
81 9951
-1
81 9789
-1
75 9821
-1
76 9884
-1
77 9972
-1
71 9890
-1
76 9969
-1
76 9915
-1
-1
-1
73 9910
-1
71 9815
-1
74 9928
-1
73 9950
-1
74 9976
-1
75 9986
-1
71 9853
-1
73 9949
-1
-1
-1
75 9801
-1
74 9843
-1
78 9965
-1
78 9978
-1
76 9848
-1
76 9821
-1
78 9984
-1
79 9838
-1
-1
-1
82 9929
-1
76 9808
-1
78 9960
-1
76 9960
-1
77 9949
-1
76 9910
-1
76 9997
-1
74 9998
-1
-1
-1
74 9969
-1
75 9972
-1
75 9964
-1
75 9948
-1
76 9997
-1
77 9975
-1
75 9832
-1
76 9849
-1
-1
-1
77 9812
-1
78 9906
-1
78 9808
-1
76 9800
-1
77 9961
-1
77 9955
-1
76 9982
-1
77 9902
-1
-1
-1
74 9988
-1
75 9799
-1
75 9973
-1
77 9806
-1
82 9924
-1
78 9979
-1
78 9954
-1
78 9993
-1
-1
-1
77 9962
-1
78 9987
-1
76 9892
-1
73 9894
-1
73 9997
-1
74 9804
-1
76 9993
-1
76 9811
-1
-1
-1
72 9839
-1
73 9991
-1
71 9964
-1
73 9968
-1
72 9977
-1
73 9997
-1
72 9953
-1
73 9986
-1
-1
-1
76 9947
-1
78 9966
-1
79 9938
-1
80 9857
-1
77 9822
-1
77 9943
-1
76 9850
-1
74 9969
-1
-1
-1
73 9825
-1
77 9998
-1
73 9970
-1
76 9986
-1
76 9825
-1
75 9973
-1
77 9948
-1
78 9815
-1
-1
-1
79 9973
-1
81 9976
-1
78 9832
-1
80 9847
-1
76 9908
-1
77 9901
-1
79 9795
-1
81 9885
-1
-1
-1
82 9913
-1
78 9809
-1
76 9877
-1
75 9949
-1
76 9828
-1
77 9907
-1
74 9899
-1
73 9949
-1
-1
-1
72 9967
-1
74 9959
-1
76 9956
-1
76 9961
-1
77 9942
-1
78 9957
-1
81 9891
-1
80 9839
-1
-1
-1
84 9954
-1
82 9854
-1
82 9992
-1
81 9990
-1
82 9966
-1
81 9889
-1
84 9989
-1
80 9985
-1
-1
-1
75 9973
-1
77 9976
-1
76 9897
113
81 9961
-1
81 9943
-1
79 9888
-1
78 9946
-1
77 9835
-1
-1
-1
75 9796
-1
76 9945
-1
78 9958
-1
74 9875
-1
74 9899
-1
71 9895
-1
72 9797
-1
74 9976
-1
-1
-1
78 9957
-1
79 9858
-1
82 9998
-1
80 9911
-1
78 9980
-1
77 9985
-1
80 9979
-1
79 9982
-1
-1
-1
75 9909
-1
78 9918
-1
76 9920
-1
74 9884
-1
73 9886
-1
74 9901
-1
71 9966
-1
71 9927
-1
-1
-1
72 9900
-1
72 9892
-1
74 9945
-1
77 9987
-1
77 9817
-1
80 9965
-1
82 9861
-1
82 9920
-1
-1
-1
81 9968
-1
79 9998
-1
76 9798
-1
74 9791
-1
79 9912
-1
82 9975
-1
86 9948
-1
83 9855
-1
-1
-1
83 9935
-1
83 9928
-1
86 9860
-1
84 9945
-1
89 9988
-1
91 9907
-1
89 9999
-1
87 9997
-1
-1
-1
79 9848
-1
80 9969
-1
81 9893
-1
80 9983
-1
82 9941
-1
76 9992
-1
74 9961
-1
71 9916
-1
-1
-1
74 9916
-1
73 9977
-1
73 9919
-1
69 9784
-1
68 9867
-1
69 9902
-1
69 9786
-1
71 9823
-1
-1
-1
72 9819
-1
75 9879
-1
79 9958
-1
79 9984
-1
81 9937
-1
84 9928
-1
85 9840
-1
85 9887
-1
-1
-1
84 9941
-1
83 9916
-1
87 9982
-1
82 9934
-1
84 9963
-1
83 9971
-1
83 9992
-1
80 9991
-1
-1
-1
78 9866
-1
80 9994
-1
77 9976
-1
76 9857
-1
79 9968
-1
77 9990
-1
74 9895
-1
73 9777
-1
-1
-1
72 9821
-1
72 9864
-1
76 9875
-1
77 9876
-1
73 9919
-1
76 9988
-1
78 9949
-1
78 9827
-1
-1
-1
79 9986
-1
78 9790
-1
74 9860
-1
72 10000
-1
71 9860
-1
68 9861
-1
68 9980
-1
70 9970
-1
-1
-1
71 9978
-1
71 9975
-1
71 9903
-1
72 9793
-1
72 9984
-1
71 9955
-1
72 9959
-1
71 9967
-1
-1
-1
73 9866
-1
74 9962
-1
76 9922
-1
77 9965
-1
76 9908
-1
78 9930
-1
77 9959
-1
78 9969
-1
-1
-1
74 9967
-1
73 9857
-1
71 9888
-1
72 9833
-1
74 9940
-1
74 9991
-1
74 9838
-1
78 9953
-1
-1
-1
73 9878
-1
76 9924
-1
79 9967
-1
77 9966
-1
74 9953
-1
74 9975
-1
74 9980
-1
75 9797
-1
-1
-1
80 9973
-1
81 9855
-1
85 9994
-1
81 9857
-1
83 9998
-1
82 9997
-1
82 9979
-1
82 9961
-1
-1
-1
82 9986
-1
82 9981
-1
78 9869
-1
76 9979
-1
78 9982
-1
79 9833
-1
83 9986
-1
86 9886
-1
-1
-1
87 9910
-1
89 9956
-1
85 9842
-1
84 9903
-1
85 9956
-1
84 9861
-1
87 9893
-1
86 9986
-1
-1
-1
78 9819
-1
77 9976
-1
75 9999
-1
77 9878
-1
79 9994
-1
80 10000
-1
78 9921
-1
78 9890
-1
-1
-1
77 9941
-1
80 9980
-1
77 9870
-1
78 9998
-1
78 9999
-1
78 9942
-1
78 9825
-1
78 9916
-1
-1
-1
79 9986
-1
77 9893
-1
78 9876
-1
84 9990
-1
85 9907
-1
87 9990
-1
85 9986
-1
83 9956
-1
-1
-1
87 9970
-1
88 9996
-1
85 9884
-1
86 9970
-1
89 9804
-1
87 9922
-1
88 9976
-1
84 9856
-1
-1
-1
80 9901
-1
82 9969
-1
84 9924
-1
87 9930
-1
88 9896
-1
90 9916
-1
87 9967
-1
83 9886
-1
-1
-1
87 9918
-1
86 9991
-1
87 9869
-1
84 9920
-1
84 9956
-1
83 9974
-1
80 9929
-1
79 9970
-1
-1
-1
79 9937
-1
77 9771
-1
81 9984
-1
79 9878
-1
78 9988
-1
77 9945
-1
79 9983
-1
81 9939
-1
-1
-1
85 9855
-1
81 9957
-1
80 9931
-1
79 9974
-1
80 9911
-1
80 9830
-1
80 9975
-1
80 9903
-1
-1
-1
78 9939
-1
77 9992
-1
77 9785
-1
79 9909
-1
80 9981
168
77 9905
-1
79 9851
-1
80 9818
-1
-1
-1
83 9989
-1
80 9938
-1
83 9947
-1
84 9980
-1
82 9990
-1
82 9940
-1
82 9983
-1
80 9987
-1
-1
-1
71 9829
-1
74 9831
-1
75 9993
-1
73 9905
-1
76 9934
-1
77 9894
-1
75 9871
-1
77 9925
-1
-1
-1
82 9929
-1
83 9979
-1
82 9972
-1
85 9851
-1
83 9904
-1
85 9964
-1
83 9981
-1
85 9962
-1
-1
-1
84 9974
-1
79 9854
-1
78 9919
-1
74 9991
-1
75 9973
-1
73 9918
-1
76 9962
-1
72 9919
-1
-1
-1
70 9882
-1
73 9790
-1
75 9846
-1
75 9872
-1
76 9962
-1
76 9993
-1
75 9838
-1
77 9958
-1
-1
-1
77 9906
-1
76 9868
-1
78 9891
-1
81 9959
-1
82 9869
-1
83 9858
-1
83 9933
-1
80 9885
-1
-1
-1
77 9933
-1
74 9945
-1
73 9875
-1
70 9907
-1
69 9981
-1
70 9994
-1
66 9999
-1
69 9873
-1
-1
-1
71 9832
-1
75 9997
-1
73 9900
-1
74 9911
-1
76 9981
-1
73 9983
-1
76 9834
-1
73 9835
-1
-1
-1
75 9996
-1
72 9863
-1
73 9798
-1
74 9978
-1
72 9941
-1
75 9831
-1
76 9883
-1
75 9982
-1
-1
-1
71 9951
-1
73 9982
-1
71 9953
-1
72 9933
-1
72 9788
-1
72 9862
-1
71 9997
-1
74 9948
-1
-1
-1
78 9978
-1
76 9799
-1
79 9860
-1
78 9997
-1
79 9970
-1
77 9825
-1
77 9975
-1
81 9951
-1
-1
-1
82 9974
-1
83 9892
-1
83 9897
-1
80 9951
-1
81 9983
-1
82 9830
-1
82 9988
-1
81 9916
-1
-1
-1
73 9939
-1
69 9906
-1
70 9934
-1
71 9874
-1
73 9969
-1
73 9854
-1
73 9902
-1
73 9962
-1
-1
-1
74 9887
-1
75 9794
-1
80 9996
-1
82 9947
-1
81 9889
-1
81 9881
-1
79 9861
-1
79 9963
-1
-1
-1
83 9959
-1
85 9960
-1
86 9965
-1
84 9837
-1
80 9879
-1
80 9927
-1
82 9896
-1
82 9978
-1
-1
-1
87 9996
-1
89 9915
-1
81 9843
-1
85 9995
-1
85 9924
-1
83 9833
-1
83 9839
-1
84 9945
-1
-1
-1
83 9998
-1
79 9990
-1
78 9859
-1
78 9982
-1
73 9860
-1
75 9907
-1
75 9922
-1
77 9872
-1
-1
-1
75 9983
-1
77 9996
-1
75 9985
-1
74 9798
-1
76 9972
-1
73 9865
-1
74 9854
-1
75 9925
-1
-1
-1
81 9996
-1
80 9838
-1
83 9850
-1
82 9974
-1
83 9981
-1
80 9906
-1
84 9834
-1
87 9983
-1
-1
-1
88 9994
-1
91 9891
-1
86 9832
-1
88 9895
-1
84 9961
-1
82 9982
-1
84 9944
-1
84 9972
-1
-1
-1
78 9887
-1
74 9909
-1
76 9939
-1
76 9993
-1
77 9955
-1
79 9951
-1
81 9879
-1
80 9839
-1
-1
-1
81 9973
-1
81 9945
-1
78 9808
-1
76 9950
-1
77 9999
-1
81 9995
-1
82 9988
-1
79 9844
-1
-1
-1
80 9990
-1
80 9792
-1
83 9873
-1
85 9995
-1
87 9919
-1
87 9923
-1
84 9967
-1
82 9864
-1
-1
-1
81 9896
-1
82 9981
-1
78 9932
-1
77 9966
-1
77 9912
-1
76 9836
-1
79 9887
-1
77 9917
-1
-1
-1
73 9937
-1
74 9996
-1
73 9925
-1
72 9972
-1
69 9895
-1
70 9938
-1
70 9962
-1
71 9882
-1
-1
-1
76 9979
-1
79 9960
-1
75 9772
-1
78 9994
-1
76 9824
-1
80 9952
-1
79 9934
-1
77 9976
-1
-1
-1
74 9860
-1
71 9779
-1
75 9981
-1
75 9859
-1
78 9916
-1
77 9910
-1
75 9881
-1
76 9863
-1
-1
-1
79 9940
-1
76 9887
-1
76 9761
-1
76 9997
-1
74 9998
-1
74 9869
-1
77 9998
-1
80 9948
-1
-1
-1
76 9917
-1
75 9781
-1
75 10000
-1
75 9961
-1
79 9816
-1
81 9987
-1
84 9991
-1
82 9965
-1
-1
-1
79 9859
-1
80 9933
-1
85 9993
-1
81 9980
-1
82 9973
-1
81 9912
-1
79 9983
-1
79 9989
-1
-1
-1
81 9820
-1
82 9798
-1
82 9885
-1
78 9915
-1
81 9999
-1
77 9979
-1
78 9971
-1
80 9947
-1
-1
-1
79 9934
-1
76 9938
-1
75 9865
-1
75 9873
-1
75 9820
-1
76 9959
-1
78 9948
-1
77 9943
-1
-1
-1
75 9990
-1
76 9821
-1
76 9996
-1
77 9997
-1
80 9927
-1
81 9976
-1
81 9844
-1
78 9799
-1
-1
-1
79 9947
-1
76 9977
-1
75 9841
-1
80 9910
-1
83 9996
-1
82 9896
-1
82 9919
-1
80 9943
-1
-1
-1
81 9987
-1
83 9808
-1
84 9923
-1
88 9920
-1
90 9870
-1
85 9977
-1
88 9927
-1
88 9904
-1
-1
-1
87 9993
-1
88 9967
-1
86 9891
-1
86 9955
-1
80 9976
-1
77 9798
-1
81 9990
-1
76 9887
-1
-1
-1
79 9933
-1
77 9922
-1
76 9934
-1
79 9897
-1
79 9910
-1
76 9968
-1
77 9888
-1
77 9915
-1
-1
-1
82 9923
-1
81 9782
-1
81 9902
-1
84 9997
-1
82 9957
-1
83 9988
-1
83 9942
-1
83 9982
-1
-1
-1
75 9865
-1
73 9792
-1
75 9983
-1
69 9846
-1
68 9914
-1
68 9971
-1
70 9882
-1
66 9862
-1
-1
-1
66 9852
-1
69 9959
-1
72 9942
-1
73 9804
-1
73 9849
-1
76 9844
-1
78 9949
-1
78 9942
-1
-1
-1
77 9815
-1
82 9898
-1
84 9985
-1
77 9908
-1
78 9961
-1
78 9942
-1
76 9840
-1
75 9942
-1
-1
-1
72 9756
-1
74 9991
-1
68 9842
-1
69 9945
-1
73 9988
-1
76 9989
-1
79 9979
-1
78 9858
-1
-1
-1
80 9849
-1
83 9877
-1
80 9915
-1
83 9819
-1
87 9895
-1
87 9904
-1
79 9837
-1
76 9989
-1
-1
-1
78 9996
-1
79 9865
-1
77 9881
-1
79 9845
-1
73 9895
-1
72 9898
-1
75 9973
-1
76 9965
-1
-1
-1
74 9869
-1
75 9950
-1
75 9952
-1
75 9876
-1
74 9895
-1
78 9977
-1
78 9865
-1
79 9872
-1
-1
-1
85 9903
-1
87 9976
-1
86 9801
-1
90 9979
-1
89 9898
-1
89 9886
-1
90 9932
-1
86 9996
-1
-1
-1
86 9892
-1
81 9995
-1
84 9874
-1
84 9936
-1
81 9998
-1
79 9876
-1
79 9972
-1
79 9867
-1
-1
-1
76 9853
-1
76 10000
-1
70 9929
-1
67 9909
-1
70 9990
-1
68 9836
-1
72 9993
-1
71 9917
-1
-1
-1
73 9989
-1
75 9827
-1
79 9986
-1
81 9968
-1
83 9861
-1
83 9962
-1
81 9893
-1
79 9812
-1
-1
-1
79 9810
-1
83 9988
-1
83 9896
-1
86 9939
-1
84 9924
-1
80 9948
-1
82 9998
-1
82 9945
-1
-1
-1
82 9976
-1
83 9860
-1
82 9933
-1
81 9992
-1
79 9826
59
79 9929
-1
81 9970
-1
80 9946
-1
-1
-1
78 9917
-1
77 9886
-1
81 9936
-1
84 9983
-1
80 9985
-1
80 9898
-1
80 9866
-1
79 9974
-1
-1
-1
84 9994
-1
81 9856
-1
87 9999
-1
80 9906
-1
80 9986
-1
78 9988
-1
79 9964
-1
77 9986
-1
-1
-1
81 9932
-1
79 9947
-1
82 9949
-1
77 9946
-1
75 9826
-1
74 9845
-1
77 9904
-1
75 9829
-1
-1
-1
72 9997
-1
70 9973
-1
69 9999
-1
69 9948
-1
70 9869
-1
71 9882
-1
68 9861
-1
73 9973
-1
-1
-1
73 9984
-1
74 9845
-1
75 9825
-1
76 9782
-1
78 9985
-1
80 9991
-1
77 9926
-1
80 9946
-1
-1
-1
77 9846
-1
79 9997
-1
75 9971
-1
74 9957
-1
74 9999
-1
70 9854
-1
72 9909
-1
74 9997
-1
-1
-1
75 9832
-1
78 9992
-1
80 9899
-1
79 9873
-1
80 9948
-1
79 9965
-1
79 9961
-1
80 9999
-1
-1
-1
76 9932
-1
77 9964
-1
76 9920
-1
73 9851
-1
78 9936
-1
81 9999
-1
82 9813
-1
87 9948
-1
-1
-1
87 9947
-1
88 9970
-1
88 9857
-1
86 9982
-1
84 9859
-1
82 9901
-1
79 9863
-1
78 9925
-1
-1
-1
74 9979
-1
73 9843
-1
73 9908
-1
75 9964
-1
77 9924
-1
77 9957
-1
81 9898
-1
81 9979
-1
-1
-1
84 9904
-1
87 9991
-1
83 9870
-1
84 9825
-1
84 9799
-1
86 9986
-1
88 9976
-1
87 9886
-1
-1
-1
86 9991
-1
86 9995
-1
85 9971
-1
85 9932
-1
85 9953
-1
82 9888
-1
82 9867
-1
80 9895
-1
-1
-1
82 9997
-1
81 9895
-1
84 9972
-1
77 9846
-1
77 9962
-1
81 9991
-1
79 9809
-1
78 9779
-1
-1
-1
81 9901
-1
79 9865
-1
80 9830
-1
78 9893
-1
77 9902
-1
77 9957
-1
76 9979
-1
77 9993
-1
-1
-1
74 9833
-1
75 9893
-1
72 9963
-1
73 9910
-1
73 9993
-1
73 9864
-1
73 9862
-1
73 9938
-1
-1
-1
76 9962
-1
76 9973
-1
74 9878
-1
75 9950
-1
77 9937
-1
78 9880
-1
77 9945
-1
80 9866
-1
-1
-1
77 9965
-1
78 9833
-1
78 9982
-1
79 9833
-1
78 9870
-1
81 9920
-1
80 9804
-1
82 9989
-1
-1
-1
80 9984
-1
81 9981
-1
80 9951
-1
85 9984
-1
80 9893
-1
82 9974
-1
79 9950
-1
79 9978
-1
-1
-1
80 9758
-1
79 9983
-1
80 9941
-1
78 9867
-1
77 9908
-1
77 9847
-1
78 9946
-1
81 9982
-1
-1
-1
74 9994
-1
73 9915
-1
76 9989
-1
77 9801
-1
75 9930
-1
74 9910
-1
75 9961
-1
72 9885
-1
-1
-1
74 9863
-1
75 9985
-1
74 9959
-1
74 9826
-1
75 9905
-1
78 9939
-1
74 9808
-1
76 9908
-1
-1
-1
77 9891
-1
80 9913
-1
81 9984
-1
80 9777
-1
82 9951
-1
79 9900
-1
79 9980
-1
77 9991
-1
-1
-1
77 9984
-1
75 9863
-1
75 9953
-1
77 10000
-1
74 9929
-1
76 9924
-1
76 9944
-1
75 9849
-1
-1
-1
78 9869
-1
80 9913
-1
81 9755
-1
83 9937
-1
84 9990
-1
83 9927
-1
85 9997
-1
80 9883
-1
-1
-1
81 9982
-1
82 9891
-1
78 9917
-1
79 10000
-1
79 9835
-1
78 9939
-1
79 9910
-1
81 9912
-1
-1
-1
86 9875
-1
84 9923
-1
83 9980
-1
82 9968
-1
84 9989
-1
82 9795
-1
80 9793
-1
80 9950
-1
-1
-1
77 9919
-1
76 9854
-1
79 9929
-1
81 9964
-1
82 9942
-1
82 9989
-1
82 9996
-1
81 9975
-1
-1
-1
78 9943
-1
80 9902
-1
83 9943
-1
78 9929
-1
79 9811
-1
80 9930
-1
82 9987
-1
82 9983
-1
-1
-1
85 10000
-1
89 9970
-1
88 9989
-1
88 9991
-1
87 9895
-1
88 9777
-1
91 9961
-1
87 9917
-1
-1
-1
86 9939
-1
82 9945
-1
79 9971
-1
74 9910
-1
75 9954
-1
77 9929
-1
75 9958
-1
76 9982
-1
-1
-1
72 9849
-1
77 9882
-1
78 9830
-1
79 9970
-1
81 9860
-1
81 9971
-1
78 9948
-1
77 9919
-1
-1
-1
81 9997
-1
82 9972
-1
79 9839
-1
81 9968
-1
83 9878
-1
84 9935
-1
83 9912
-1
83 9929
-1
-1
-1
82 9994
-1
80 9814
-1
81 9909
-1
82 9844
-1
82 9927
-1
88 9974
-1
84 9871
-1
83 9786
-1
-1
-1
85 9961
-1
81 9877
-1
81 9987
-1
75 9945
-1
76 9953
-1
72 9991
-1
71 9802
-1
71 9987
-1
-1
-1
69 9827
-1
71 9946
-1
73 9960
-1
76 9946
-1
75 9840
-1
78 9888
-1
77 9996
-1
78 9988
-1
-1
-1
79 9987
-1
80 9974
-1
77 9939
-1
78 9892
-1
81 9874
-1
81 9843
-1
80 9951
-1
80 9923
-1
-1
-1
81 9958
-1
85 9881
-1
86 9917
-1
86 9859
-1
84 9897
-1
80 9887
-1
80 9851
-1
80 9792
-1
-1
-1
84 10000
-1
83 9868
-1
83 9949
-1
85 9986
-1
87 9894
-1
88 9925
-1
90 9883
-1
88 9908
-1
-1
-1
88 9881
-1
92 9925
-1
88 9982
-1
83 9913
-1
83 9995
-1
77 9960
-1
75 9844
-1
77 9792
-1
-1
-1
77 9794
-1
80 9964
-1
77 9963
-1
77 9793
-1
81 9847
-1
84 9899
-1
83 9985
-1
84 9987
-1
-1
-1
84 9916
-1
84 9971
-1
83 9944
-1
81 9995
-1
82 9860
-1
82 9940
-1
86 9956
-1
83 9871
-1
-1
-1
85 9904
-1
80 9839
-1
79 9944
-1
80 10000
-1
78 9879
-1
76 9963
-1
77 9991
-1
73 9953
-1
-1
-1
73 9903
-1
75 9845
-1
78 9893
-1
81 9994
-1
83 9953
-1
83 9836
-1
85 9864
-1
83 9903
-1
-1
-1
77 9813
-1
76 9848
-1
76 9998
-1
71 9999
-1
66 9884
-1
66 9974
-1
65 9985
-1
67 9898
-1
-1
-1
72 9918
154
72 9991
-1
72 9915
-1
75 9832
-1
75 9993
-1
73 9955
-1
77 9985
-1
73 9942
-1
-1
-1
74 9940
-1
74 9856
-1
72 9778
-1
74 9963
-1
76 9942
-1
75 9838
-1
76 9956
-1
77 9877
-1
-1
-1
80 9967
-1
81 9925
-1
85 9936
-1
85 9863
-1
89 9931
-1
89 9909
-1
86 9870
-1
88 9989
-1
-1
-1
85 9917
-1
87 9982
-1
84 9992
-1
78 9986
-1
77 9908
-1
74 9961
-1
73 9881
-1
72 9974
-1
-1
-1
70 9922
-1
68 9925
-1
70 9927
-1
72 9975
-1
74 9859
-1
77 9999
-1
77 9766
-1
81 9906
-1
-1
-1
83 9942
-1
83 9928
-1
81 9814
-1
80 9962
-1
81 9850
-1
81 9952
-1
79 9952
-1
80 9803
-1
-1
-1
84 9949
-1
85 9972
-1
85 9902
-1
88 9932
-1
90 9940
-1
93 9915
-1
90 9951
-1
92 9841
-1
-1
-1
93 9994
-1
93 9930
-1
87 9990
-1
86 9924
-1
84 9932
-1
85 9784
-1
84 9979
-1
85 9940
-1
-1
-1
80 9963
-1
81 9800
-1
80 9959
-1
79 9999
-1
82 9943
-1
83 9948
-1
81 9963
-1
85 9908
-1
-1
-1
83 9877
-1
82 9956
-1
79 9890
-1
78 9872
-1
76 9937
-1
72 9877
-1
73 9803
-1
69 9956
-1
-1
-1
68 9954
-1
70 9964
-1
71 9935
-1
72 9810
-1
74 9959
-1
78 9845
-1
82 9973
-1
80 9863
-1
-1
-1
86 9882
-1
85 9881
-1
82 9931
-1
83 9897
-1
83 9974
-1
87 9881
-1
87 9913
-1
83 9976
-1
-1
-1
81 9991
-1
80 9977
-1
80 9995
-1
83 9979
-1
84 9921
-1
82 9985
-1
79 9865
-1
79 9829
-1
-1
-1
76 9945
-1
74 9950
-1
75 9938
-1
76 9984
-1
76 9996
-1
72 9865
-1
70 9969
-1
69 9923
-1
-1
-1
76 9849
-1
80 9994
-1
82 9944
-1
83 9914
-1
84 9923
-1
82 9992
-1
82 9996
-1
85 9945
-1
-1
-1
85 9911
-1
79 9952
-1
78 9976
-1
75 9878
-1
74 9942
-1
77 9922
-1
77 9816
-1
80 9958
-1
-1
-1
75 9835
-1
75 9988
-1
78 9946
-1
75 9959
-1
75 9920
-1
75 9955
-1
73 9904
-1
73 9879
-1
-1
-1
72 9992
-1
73 9961
-1
73 9966
-1
77 9924
-1
78 9991
-1
80 9988
-1
78 9777
-1
80 9922
-1
-1
-1
79 9873
-1
82 9869
-1
81 9836
-1
82 9938
-1
78 9991
-1
75 9821
-1
73 9845
-1
74 9876
-1
-1
-1
79 9975
-1
81 9999
-1
78 9997
-1
79 9900
-1
78 9961
-1
77 9876
-1
80 9968
-1
81 9830
-1
-1
-1
76 9859
-1
75 9942
-1
76 9994
-1
75 9910
-1
78 9911
-1
77 9984
-1
78 9988
-1
75 9963
-1
-1
-1
71 9910
-1
72 9917
-1
72 9959
-1
72 9926
-1
70 9998
-1
71 9957
-1
70 9919
-1
71 9820
-1
-1
-1
76 9816
-1
79 9797
-1
81 9986
-1
80 9886
-1
81 9901
-1
81 9961
-1
78 9924
-1
79 9977
-1
-1
-1
82 9928
-1
80 9960
-1
80 9979
-1
77 9830
-1
80 9795
-1
80 10000
-1
78 9916
-1
81 9985
-1
-1
-1
82 9946
-1
79 9897
-1
81 9919
-1
77 9756
-1
78 9960
-1
78 9845
-1
81 9867
-1
84 9838
-1
-1
-1
85 9991
-1
88 9949
-1
86 9958
-1
87 9985
-1
87 9960
-1
89 9782
-1
91 9971
-1
91 9834
-1
-1
-1
85 9931
-1
86 9913
-1
85 9872
-1
87 9855
-1
87 9856
-1
89 9990
-1
85 9976
-1
83 9888
-1
-1
-1
79 9908
-1
79 9891
-1
75 9946
-1
76 9885
-1
76 9988
-1
71 9828
-1
72 9849
-1
78 9985
-1
-1
-1
76 9856
-1
79 9801
-1
78 9984
-1
84 9982
-1
81 9847
-1
82 9996
-1
81 9997
-1
83 9992
-1
-1
-1
82 9971
-1
82 9776
-1
84 9918
-1
84 9933
-1
81 9954
-1
82 9881
-1
84 9796
-1
84 9877
-1
-1
-1
89 9967
-1
88 9893
-1
88 9942
-1
87 9993
-1
88 9986
-1
88 9983
-1
88 9949
-1
86 9953
-1
-1
-1
88 9853
-1
89 9964
-1
93 9961
-1
89 9920
-1
87 9968
-1
86 9968
-1
90 9927
-1
87 9884
-1
-1
-1
91 9987
-1
91 9997
-1
88 9894
-1
90 9956
-1
89 9965
-1
86 9992
-1
84 9960
-1
79 9999
-1
-1
-1
81 9848
-1
78 9781
-1
78 9982
-1
79 9874
-1
79 9995
-1
78 9879
-1
81 9887
-1
84 9996
-1
-1
-1
83 9914
-1
84 9969
-1
87 9801
-1
87 9904
-1
86 9873
-1
85 9995
-1
85 9943
-1
86 9954
-1
-1
-1
87 9910
-1
88 9995
-1
82 9972
-1
79 9852
-1
79 9963
-1
79 9967
-1
79 9967
-1
81 9989
-1
-1
-1
74 9839
-1
78 9984
-1
77 9898
-1
81 9868
-1
83 9969
-1
85 9970
-1
87 9865
-1
89 9966
32
-1
-1
85 9777
-1
88 9915
-1
90 9865
-1
90 9955
-1
91 9982
-1
90 9999
-1
90 9931
-1
87 9978
-1
-1
-1
82 9964
-1
81 9780
-1
85 9987
-1
83 9873
-1
83 9913
-1
85 9933
-1
83 9892
-1
84 9876
-1
-1
-1
81 9988
-1
82 9918
-1
80 9910
-1
79 9998
-1
81 9889
-1
78 9965
-1
77 9974
-1
80 9964
-1
-1
-1
79 9987
-1
80 9998
-1
79 9894
-1
79 9974
-1
77 9938
-1
74 9928
-1
74 9970
-1
71 9970
-1
-1
-1
76 9944
-1
76 9777
-1
75 9990
-1
78 9998
116
80 9979
-1
81 9921
-1
84 9994
-1
84 9971
-1
-1
-1
81 9971
-1
76 9835
-1
78 9901
-1
78 9990
-1
76 9987
-1
76 9935
-1
74 9823
-1
73 9818
-1
-1
-1
75 9982
-1
73 9884
-1
70 9809
-1
72 9931
-1
73 9990
-1
69 9977
-1
73 9855
-1
76 9918
-1
-1
-1
76 9964
-1
76 9874
-1
79 9922
-1
80 9995
-1
81 9809
-1
78 9896
-1
75 9846
-1
73 9896
-1
-1
-1
74 9965
-1
73 9931
-1
73 9961
-1
72 9924
-1
70 9881
-1
74 9939
-1
76 9829
-1
80 9894
-1
-1
-1
85 9945
-1
86 9899
-1
87 9917
-1
85 9862
-1
82 9856
-1
82 9822
-1
82 9875
-1
84 9987
-1
-1
-1
79 9995
-1
81 9955
-1
83 9983
-1
80 9852
-1
82 9966
-1
85 9866
-1
87 9996
-1
87 9924
-1
-1
-1
83 9939
-1
78 9888
-1
73 9874
-1
76 9988
-1
73 9905
-1
73 9938
-1
72 9956
-1
74 9963
-1
-1
-1
75 9981
-1
77 9992
-1
78 9871
-1
76 9989
-1
79 9918
-1
84 9978
-1
86 9972
-1
86 9997
-1
-1
-1
80 9954
-1
83 9995
-1
81 9977
-1
83 9955
140
82 9860
-1
79 9986
-1
73 9852
-1
74 9924
-1
-1
-1
72 9905
-1
70 9999
-1
71 9979
-1
71 9999
-1
71 9942
-1
74 9932
-1
73 9779
-1
74 9976
-1
-1
-1
78 9972
-1
80 9928
-1
82 9973
-1
83 9832
-1
81 9904
-1
81 9960
-1
80 9970
-1
74 9904
-1
-1
-1
71 9875
-1
71 9942
-1
68 9820
-1
70 9885
-1
70 9962
-1
71 9832
-1
73 9976
-1
75 9941
-1
-1
-1
77 9966
-1
78 9981
-1
81 9984
-1
82 9952
-1
78 9799
-1
77 9946
-1
79 9872
-1
77 9944
-1
-1
-1
81 9928
-1
80 9849
-1
81 9863
-1
76 9969
-1
77 9968
-1
81 9951
-1
83 9986
-1
84 9995
-1
-1
-1
79 9959
-1
79 9993
-1
79 9939
-1
77 9969
-1
80 9877
-1
80 9869
-1
83 9885
-1
84 9886
-1
-1
-1
81 9978
-1
81 9925
-1
78 9970
-1
79 9998
-1
81 9965
-1
79 9993
-1
74 9949
-1
70 9990
-1
-1
-1
75 9975
-1
74 9933
-1
73 9807
-1
71 9910
-1
70 9832
-1
74 9980
-1
77 9994
-1
74 9761
-1
-1
-1
73 9891
-1
73 9945
-1
72 9828
-1
76 9975
-1
75 9925
-1
74 9957
-1
70 9956
-1
75 9995
-1
-1
-1
76 9813
-1
74 9977
-1
76 9966
-1
78 9881
-1
78 9932
-1
80 10000
-1
76 9884
-1
69 9867
-1
-1
-1
70 9892
-1
69 9798
-1
71 9965
-1
69 9960
-1
69 9983
-1
71 9929
-1
75 9769
-1
80 9934
-1
-1
-1
86 9923
-1
88 9978
-1
90 9994
-1
89 9926
-1
88 9955
-1
88 9934
-1
82 9976
-1
82 9950
-1
-1
-1
79 9931
-1
77 9988
-1
72 9989
-1
72 9812
-1
72 9906
-1
74 9816
-1
77 9969
-1
80 9950
-1
-1
-1
80 9796
-1
79 9909
-1
81 9946
-1
85 10000
-1
87 9974
-1
89 9890
-1
91 9904
-1
92 9977
-1
-1
-1
85 9990
-1
80 9924
-1
81 9814
-1
83 9946
-1
79 9901
-1
80 9884
-1
83 9965
-1
80 9876
-1
-1
-1
82 9909
-1
84 9842
-1
83 9931
-1
86 9967
-1
84 9812
-1
84 9839
-1
86 9965
-1
85 9981
-1
-1
-1
82 9930
-1
86 9976
-1
83 9935
-1
85 9964
-1
87 9788
-1
85 9940
-1
86 9975
-1
80 9853
-1
-1
-1
82 9981
-1
82 9911
-1
84 9993
-1
84 9984
-1
83 9901
-1
84 9921
-1
86 9885
-1
88 9971
-1
-1
-1
86 9965
-1
84 9949
-1
83 9869
-1
83 9967
-1
82 9779
-1
86 9903
-1
80 9991
-1
77 9970
-1
-1
-1
77 9968
-1
79 9934
-1
81 9895
-1
81 9883
-1
85 9941
-1
81 9914
-1
78 9860
-1
80 9853
-1
-1
-1
81 9981
-1
81 9794
-1
81 9914
-1
79 9904
-1
79 9991
-1
73 9866
-1
74 9856
-1
76 9877
-1
-1
-1
80 9942
-1
85 9976
-1
81 9820
-1
82 9975
-1
79 9926
-1
82 9976
-1
80 9932
-1
81 9990
-1
-1
-1
83 9930
-1
79 9935
-1
77 9978
-1
80 9942
121
82 9845
-1
84 9942
-1
87 9957
-1
90 9977
-1
-1
-1
92 9872
-1
93 9916
-1
87 9843
-1
88 9884
-1
88 9978
-1
82 9946
-1
83 9963
-1
81 9980
-1
-1
-1
73 9930
-1
71 9903
-1
72 9870
-1
76 9979
-1
75 9813
-1
77 9971
-1
79 9983
-1
78 9981
-1
-1
-1
82 9986
-1
78 9790
-1
77 9976
-1
76 9972
-1
73 9993
-1
75 9966
-1
77 9884
-1
74 9911
-1
-1
-1
76 9983
-1
77 9878
-1
79 9831
-1
83 9970
-1
88 9994
-1
86 9953
-1
83 9850
-1
80 9991
-1
-1
-1
78 9893
-1
78 9835
-1
74 9838
-1
74 9810
-1
73 9987
-1
73 9857
-1
72 9934
-1
74 9935
-1
-1
-1
78 9781
-1
82 9843
-1
84 9814
-1
86 9816
-1
90 9972
-1
88 9917
-1
85 9965
-1
88 9829
-1
-1
-1
95 9958
-1
91 9859
-1
88 9908
-1
83 9946
-1
81 9854
-1
74 9835
-1
75 9762
-1
77 9978
-1
-1
-1
74 9919
-1
77 9962
-1
79 9970
-1
80 9885
-1
80 9954
-1
80 9994
-1
83 9996
-1
82 9797
-1
-1
-1
80 9788
-1
79 9924
-1
78 9980
-1
78 9937
-1
77 9833
-1
83 9982
-1
81 9858
-1
80 9959
-1
-1
-1
82 9860
-1
82 9813
-1
86 9972
-1
85 9968
-1
88 9939
-1
86 9973
-1
86 9983
-1
84 9844
-1
-1
-1
83 9882
-1
80 9792
-1
80 9920
-1
77 9854
-1
77 9815
-1
78 9935
-1
76 9940
-1
70 9879
-1
-1
-1
72 9839
-1
75 9900
-1
79 9935
-1
81 9984
-1
81 9937
-1
80 9998
-1
78 9990
-1
81 9996
-1
-1
-1
82 9976
-1
80 9855
-1
75 9903
-1
68 9799
-1
70 9960
-1
72 9977
-1
70 9921
-1
68 9912
-1
-1
-1
71 9869
-1
72 9981
-1
74 9973
-1
78 9988
-1
80 9984
-1
83 9998
-1
85 9981
-1
85 9953
-1
-1
-1
84 9882
-1
80 9844
-1
82 9933
-1
84 9988
-1
79 9932
-1
82 9984
-1
74 9996
-1
75 9926
-1
-1
-1
81 9975
-1
83 9974
-1
83 9990
-1
84 9971
-1
83 9966
-1
84 9978
-1
87 9973
-1
86 9930
-1
-1
-1
78 9993
-1
74 9828
-1
76 9853
-1
79 9950
-1
80 9945
-1
79 9856
-1
79 9974
-1
79 9963
-1
-1
-1
81 9981
-1
84 9984
-1
86 9924
-1
85 9881
-1
85 9852
-1
86 9984
-1
83 9898
-1
85 9943
-1
-1
-1
75 9970
-1
75 9990
-1
73 9921
-1
77 9813
-1
79 9965
-1
78 9877
-1
76 9916
-1
76 9948
-1
-1
-1
78 9806
-1
81 9967
-1
82 9953
-1
84 9989
-1
84 9958
-1
80 9998
-1
79 9906
-1
82 9982
-1
-1
-1
83 9970
-1
81 9920
-1
80 9997
-1
80 9977
-1
80 9940
-1
80 9841
-1
84 9880
-1
84 9909
-1
-1
-1
86 9907
-1
83 9944
-1
86 9982
-1
90 9951
-1
90 9910
-1
92 9993
-1
89 9946
-1
92 9984
-1
-1
-1
88 9991
-1
86 9905
-1
85 9982
-1
82 9977
-1
77 9930
-1
79 9997
-1
77 9950
-1
79 9950
-1
-1
-1
71 9846
-1
76 9979
-1
78 9938
-1
80 9988
-1
82 9911
-1
83 9969
-1
84 9833
-1
85 9796
-1
-1
-1
85 9957
-1
84 9928
-1
84 9869
-1
83 9959
-1
82 9944
-1
79 9933
-1
80 9941
-1
76 9830
-1
-1
-1
78 9953
-1
81 9978
-1
81 9869
-1
83 9869
-1
85 9971
-1
83 9855
-1
84 9977
-1
86 9993
-1
-1
-1
86 9816
-1
88 9999
-1
84 9895
-1
86 9924
-1
88 9982
-1
84 9874
-1
83 9973
-1
81 9846
-1
-1
-1
77 9926
-1
74 9871
-1
73 9997
-1
70 9959
-1
68 9911
-1
70 9876
-1
74 9923
-1
74 9945
-1
-1
-1
75 9847
-1
76 9993
-1
76 9886
-1
77 9996
-1
77 9820
-1
78 9877
-1
81 9971
-1
76 9885
-1
-1
-1
79 9901
-1
82 9908
-1
83 9998
-1
83 9881
-1
87 9973
-1
89 9804
-1
88 9986
-1
85 9997
-1
-1
-1
81 9898
-1
84 9996
-1
81 9830
-1
82 9965
-1
82 9857
-1
84 9952
-1
83 9936
-1
82 9811
-1
-1
-1
88 9980
-1
92 9972
-1
89 9919
-1
92 9868
-1
94 9976
-1
92 9858
-1
91 9944
-1
88 9932
-1
-1
-1
85 9854
-1
87 9947
-1
79 9990
-1
80 9840
-1
80 9948
-1
76 9955
-1
79 9800
-1
80 9816
-1
-1
-1
82 9964
-1
83 9973
-1
80 9860
-1
80 9868
-1
81 9992
-1
82 9783
-1
85 9984
-1
79 9869
-1
-1
-1
79 9868
-1
81 9966
-1
81 9901
-1
83 9996
-1
85 9935
-1
86 9911
-1
84 9919
-1
80 9948
-1
-1
-1
80 9837
-1
80 9839
-1
81 9989
-1
79 9960
-1
76 9989
-1
75 9969
-1
72 9917
-1
75 9898
-1
-1
-1
80 9847
-1
80 9985
-1
76 9959
-1
74 9892
-1
76 9870
-1
78 9986
-1
78 9823
-1
81 9984
-1
-1
-1
77 9933
-1
78 9800
-1
78 9901
-1
75 9811
-1
78 9969
-1
78 9807
-1
76 9776
-1
80 9934
-1
-1
-1
81 9942
-1
77 9889
-1
77 9970
-1
79 9907
-1
81 9920
-1
81 9864
-1
81 9985
-1
82 9895
-1
-1
-1
72 9951
-1
72 9824
-1
75 9982
-1
72 9999
-1
72 9938
-1
71 9844
-1
70 9863
-1
69 9854
-1
-1
-1
75 9994
-1
76 9991
-1
78 9865
-1
77 9933
-1
79 9977
-1
80 9904
-1
79 9989
-1
80 9851
-1
-1
-1
79 9965
-1
79 9877
-1
81 9951
-1
79 9931
-1
82 9859
-1
79 9988
-1
77 9884
-1
77 9964
-1
-1
-1
79 9824
-1
79 9921
-1
82 9810
-1
81 9967
-1
81 9981
-1
81 9997
-1
81 9921
-1
84 9909
-1
-1
-1
87 9988
-1
86 9873
-1
86 9867
-1
89 9936
-1
84 9986
-1
87 9996
-1
87 9945
-1
82 9916
-1
-1
-1
81 9936
-1
79 9996
-1
81 10000
-1
79 9951
-1
80 9923
-1
82 9973
-1
82 9966
-1
79 9941
-1
-1
-1
82 9896
-1
83 9976
-1
81 9938
243
84 9955
-1
83 9953
-1
80 9976
-1
80 9931
-1
76 9871
-1
-1
-1
82 9989
-1
77 9869
-1
78 9883
-1
77 9966
-1
76 9975
-1
76 9875
-1
76 9825
-1
81 9777
-1
-1
-1
81 9983
-1
81 9897
-1
82 9836
-1
80 9867
-1
79 9975
-1
79 9798
-1
80 9969
-1
79 9945
-1
-1
-1
76 9958
-1
78 9989
-1
78 9807
-1
79 9962
-1
81 9960
-1
80 9921
-1
77 9864
-1
81 9963
-1
-1
-1
82 9953
-1
83 9910
-1
83 9975
-1
79 9907
-1
78 9902
-1
78 9997
-1
79 9974
-1
81 9917
-1
-1
-1
70 9888
-1
70 9986
-1
70 9964
-1
71 9815
-1
70 9990
-1
72 9970
-1
74 9812
-1
75 9958
-1
-1
-1
77 9922
-1
81 9942
-1
81 9975
-1
79 9924
-1
76 9908
-1
78 9993
-1
80 9992
-1
80 9928
-1
-1
-1
81 9943
-1
84 9821
-1
84 9943
-1
83 9973
-1
82 9997
-1
85 9942
-1
84 9851
-1
77 9938
-1
-1
-1
76 9914
-1
78 9932
-1
77 9981
-1
75 9940
-1
73 9856
-1
74 9908
-1
76 9996
-1
77 9950
-1
-1
-1
78 9979
-1
78 9773
-1
80 9997
-1
80 9922
-1
84 9991
-1
85 9787
-1
85 9976
-1
86 9935
-1
-1
-1
88 9999
-1
87 9977
-1
87 9846
-1
88 9976
-1
86 9942
-1
89 9976
-1
87 9978
-1
85 9916
-1
-1
-1
86 9926
-1
85 9943
-1
84 9797
-1
85 9933
-1
81 9908
-1
85 9952
-1
77 9856
-1
76 9840
-1
-1
-1
76 9922
-1
74 9978
-1
70 9845
-1
71 9942
-1
73 9950
-1
76 9979
-1
78 9992
-1
79 9978
-1
-1
-1
82 9781
-1
80 9992
-1
83 9803
-1
85 9853
-1
85 9871
-1
81 9839
-1
84 9998
-1
83 9981
-1
-1
-1
85 9951
-1
81 9924
-1
83 9997
-1
81 9957
-1
83 9951
-1
83 9984
-1
86 9915
-1
88 9975
-1
-1
-1
82 9776
-1
80 9990
-1
80 9837
-1
81 9926
-1
81 9888
-1
76 9989
-1
72 9854
-1
77 9985
-1
-1
-1
77 9978
-1
80 9970
-1
81 9791
-1
82 9990
-1
81 9978
-1
78 9833
-1
82 9871
-1
83 9981
-1
-1
-1
77 9820
-1
76 9858
-1
74 9837
-1
75 9882
-1
77 9964
-1
78 9948
-1
78 9946
-1
79 9975
-1
-1
-1
82 9977
-1
83 9972
-1
78 9990
-1
77 9971
-1
78 9932
-1
77 9967
-1
79 9958
-1
81 9894
-1
-1
-1
87 9960
-1
85 9972
-1
87 9953
-1
87 9962
-1
89 9990
-1
87 9981
-1
89 9898
-1
87 9951
-1
-1
-1
90 9976
-1
86 9883
-1
84 9790
-1
86 9950
-1
86 9968
-1
89 9874
-1
88 9926
-1
91 9938
-1
-1
-1
89 9836
-1
85 9994
-1
81 9987
-1
79 9884
-1
80 9950
-1
76 9890
-1
73 9891
-1
65 9866
-1
-1
-1
67 9960
-1
67 9965
-1
71 9984
-1
72 9987
-1
70 9920
-1
70 9955
-1
73 9996
-1
73 9804
-1
-1
-1
78 9858
-1
79 9892
-1
82 9997
-1
82 9899
-1
81 9858
-1
84 9942
-1
84 9977
-1
84 9850
-1
-1
-1
79 9908
-1
77 9996
-1
76 9947
-1
71 9879
-1
71 9980
-1
71 9964
-1
74 9994
-1
72 9889
-1
-1
-1
78 9983
169
76 9789
-1
79 9967
-1
80 9852
-1
81 9947
-1
81 9991
-1
80 9898
-1
80 9830
-1
-1
-1
84 9998
-1
83 9922
120
84 9962
-1
90 9979
-1
93 9905
-1
94 9948
-1
91 9991
-1
93 9859
-1
-1
-1
97 9955
-1
97 9970
-1
96 9971
-1
95 9990
-1
91 9963
-1
82 9965
-1
80 9970
-1
82 9905
-1
-1
-1
77 9976
-1
78 9994
-1
76 9952
-1
77 9939
-1
78 9930
-1
77 9914
-1
79 9960
-1
80 9993
-1
-1
-1
81 9833
-1
82 9985
-1
84 9847
-1
84 9826
-1
82 9911
-1
80 9815
-1
83 9841
-1
84 9960
-1
-1
-1
81 9942
-1
82 9996
-1
80 9999
-1
76 9916
-1
78 9982
-1
78 9953
-1
78 9957
-1
76 9944
-1
-1
-1
74 9913
-1
74 9871
-1
73 9959
-1
75 9878
-1
73 9999
-1
71 9941
-1
71 9936
-1
70 9948
-1
-1
-1
70 9945
-1
71 9844
-1
72 9902
-1
71 9935
-1
73 9872
-1
74 9987
-1
79 9992
-1
81 9806
-1
-1
-1
82 9966
-1
83 9944
-1
86 9912
-1
85 9933
-1
86 9914
-1
86 9871
-1
84 9893
-1
80 9987
-1
-1
-1
77 9981
-1
77 9948
-1
80 9959
-1
76 9837
-1
78 9969
-1
76 9968
-1
77 9973
-1
78 9969
-1
-1
-1
81 9927
-1
82 9949
-1
83 9927
-1
79 9967
-1
78 9853
-1
75 9779
-1
74 9925
-1
70 9885
-1
-1
-1
67 9793
-1
68 9948
-1
74 9964
-1
76 9967
-1
74 9997
-1
76 9974
-1
74 9787
-1
77 9942
-1
-1
-1
78 9884
-1
76 9955
-1
74 9962
-1
77 9996
-1
76 9986
-1
79 9988
-1
79 9885
-1
81 9899
-1
-1
-1
82 9791
-1
84 9960
-1
85 9849
-1
84 9808
-1
85 9991
-1
83 9947
-1
87 9908
-1
86 9828
-1
-1
-1
88 9932
-1
84 9945
-1
83 9862
-1
82 9839
-1
82 9891
-1
85 9912
-1
83 9894
-1
81 9888
-1
-1
-1
72 9937
-1
75 9957
-1
73 9785
-1
74 9886
-1
76 9927
-1
74 9930
-1
72 9979
-1
70 9825
-1
-1
-1
75 9980
-1
77 9949
-1
76 9959
-1
77 9955
-1
71 9963
-1
72 9964
-1
72 9935
-1
75 9992
-1
-1
-1
78 9912
-1
81 9932
-1
77 9891
-1
78 9998
-1
79 9972
-1
79 9878
-1
79 9956
-1
77 9917
-1
-1
-1
74 9911
-1
68 9973
-1
68 9864
-1
70 9839
-1
73 9997
-1
74 9999
-1
76 9919
-1
76 9964
-1
-1
-1
81 9961
-1
82 9963
-1
83 9997
-1
86 9990
-1
84 9963
-1
88 9991
-1
88 9986
-1
91 9914
-1
-1
-1
93 9988
-1
95 9996
-1
94 9873
-1
93 9933
-1
92 9936
-1
93 9943
-1
92 9987
-1
88 9937
-1
-1
-1
84 9839
-1
78 9827
-1
76 9982
-1
75 9954
-1
75 9949
-1
77 9977
-1
74 9849
-1
74 9947
-1
-1
-1
77 9896
-1
79 9916
-1
84 9976
-1
88 9901
-1
89 9964
-1
87 9933
-1
88 9955
-1
92 9992
-1
-1
-1
95 9916
-1
94 9866
-1
96 9970
-1
98 9912
-1
98 9962
-1
95 9877
-1
92 9903
-1
93 9970
-1
-1
-1
97 9899
-1
99 9918
-1
99 9986
-1
94 9819
-1
90 9989
-1
91 9883
-1
90 9768
-1
92 9912
-1
-1
-1
95 9892
-1
91 9878
-1
90 9817
-1
85 9977
-1
84 9888
-1
85 9981
-1
80 9943
-1
80 9870
-1
-1
-1
72 9954
-1
75 9953
-1
72 9877
-1
72 9951
-1
69 9957
228
73 9939
-1
76 9919
-1
78 9996
-1
-1
-1
80 9971
-1
83 9991
-1
80 9907
-1
84 9997
-1
85 9989
-1
86 9985
-1
87 9996
-1
83 9836
-1
-1
-1
82 9862
-1
85 9971
-1
79 9963
-1
78 9993
-1
76 9974
-1
77 9976
-1
80 9950
-1
80 9974
-1
-1
-1
78 9999
-1
75 9979
-1
76 9999
-1
77 9941
-1
79 9896
-1
81 9824
-1
82 9965
-1
76 9945
-1
-1
-1
75 9981
-1
75 9812
-1
75 9812
-1
76 9971
-1
79 9992
-1
78 9999
-1
76 9942
-1
77 9930
-1
-1
-1
77 9816
-1
78 9872
-1
82 10000
-1
82 9993
-1
79 9978
-1
77 9915
-1
78 9986
-1
77 9999
-1
-1
-1
77 9987
-1
78 9940
-1
77 9991
-1
74 9839
-1
77 9845
-1
79 9981
-1
82 9944
-1
80 9955
-1
-1
-1
81 9816
-1
81 9944
-1
79 9834
-1
77 9908
-1
77 9911
-1
75 9967
-1
76 9885
-1
76 9952
-1
-1
-1
79 9971
-1
79 9858
-1
80 9948
-1
78 9990
-1
81 9871
-1
83 9883
-1
86 9943
-1
88 9993
-1
-1
-1
88 9997
-1
89 9923
-1
87 9921
-1
87 9798
-1
84 9931
-1
86 9890
-1
87 9993
-1
84 9847
-1
-1
-1
76 9820
-1
75 9988
-1
77 9857
-1
80 9835
-1
80 9894
-1
83 9961
-1
86 9914
-1
86 9995
-1
-1
-1
87 9947
-1
88 9969
-1
90 9965
-1
90 9864
-1
87 9959
-1
81 9844
-1
84 9928
-1
82 10000
-1
-1
-1
77 9884
-1
78 9995
-1
80 9977
-1
79 9986
-1
78 9819
-1
75 9993
-1
72 9928
-1
72 9965
-1
-1
-1
74 9864
-1
76 9882
-1
76 9942
-1
77 9978
-1
79 9930
-1
80 9979
-1
80 9787
-1
83 9978
-1
-1
-1
90 9962
-1
88 9951
-1
88 9904
-1
83 9924
-1
76 9990
-1
75 9948
-1
75 9830
-1
76 9932
-1
-1
-1
72 9922
-1
71 9901
-1
73 10000
-1
72 9931
-1
72 9979
-1
75 9912
-1
73 9884
-1
73 9791
-1
-1
-1
71 9962
-1
73 9822
-1
73 9857
-1
75 10000
-1
78 9942
-1
80 9957
-1
79 9952
-1
82 9988
-1
-1
-1
83 9861
-1
84 9812
-1
82 9870
-1
82 9806
-1
79 9995
-1
76 9832
-1
79 9937
-1
79 9961
-1
-1
-1
76 9974
-1
78 9983
-1
75 9770
-1
78 9991
-1
75 9932
-1
79 10000
-1
81 9976
-1
80 9991
-1
-1
-1
81 9960
-1
82 9936
-1
81 9838
-1
83 9937
-1
86 9930
-1
85 9968
-1
84 9897
-1
81 9940
-1
-1
-1
80 9889
-1
76 9977
-1
76 9951
-1
77 9884
-1
79 9979
-1
76 9988
-1
76 9982
-1
78 9998
-1
-1
-1
79 9845
-1
76 9912
-1
80 9996
-1
81 9909
-1
78 9928
-1
77 9818
-1
75 9927
-1
77 10000
-1
-1
-1
80 9950
-1
83 9915
-1
82 9827
-1
85 9921
-1
82 9981
-1
83 9921
-1
83 9911
-1
83 9938
-1
-1
-1
82 9788
-1
80 9920
-1
80 9875
-1
81 9965
-1
82 9992
-1
79 9820
-1
78 9802
-1
80 9963
-1
-1
-1
80 9899
-1
78 9812
-1
77 9998
-1
81 9996
-1
82 9996
-1
78 9895
-1
76 9906
-1
76 9876
-1
-1
-1
77 9899
-1
75 9910
-1
77 9971
-1
77 9978
-1
74 9914
101
76 9915
-1
75 9842
-1
75 9814
-1
-1
-1
73 9997
-1
73 9817
-1
74 9914
-1
75 9820
-1
74 9891
-1
75 9778
-1
75 9994
-1
78 9885
-1
-1
-1
77 9937
-1
80 9949
-1
82 9935
-1
86 9986
-1
84 9977
-1
83 9921
-1
82 9983
-1
82 9889
-1
-1
-1
82 9999
-1
82 9996
-1
83 9994
-1
84 9783
-1
82 9968
-1
84 9907
-1
83 9854
-1
83 9967
-1
-1
-1
82 9948
-1
84 9949
-1
83 9958
-1
80 9961
-1
78 9932
-1
76 9893
-1
76 9930
-1
76 9995
-1
-1
-1
76 9896
-1
74 9965
-1
74 9975
-1
76 9946
-1
77 9952
-1
77 9980
-1
78 9974
-1
80 9895
-1
-1
-1
77 9950
-1
78 9911
-1
77 9775
-1
78 9838
-1
78 9988
-1
76 9880
-1
76 9967
-1
70 9794
-1
-1
-1
73 9935
-1
76 9905
-1
78 9990
-1
77 9933
-1
77 9978
-1
77 9813
-1
79 9987
-1
79 9896
-1
-1
-1
82 9962
-1
82 9956
-1
80 9937
-1
77 9960
-1
80 9962
-1
80 9854
-1
80 9859
-1
82 9971
-1
-1
-1
76 9819
-1
76 9971
-1
77 9893
-1
80 9907
-1
84 9997
-1
83 9950
-1
80 9975
-1
83 9949
-1
-1
-1
78 9809
-1
83 9868
-1
84 9854
-1
81 9940
-1
75 9903
-1
74 9947
-1
73 9769
-1
72 9798
-1
-1
-1
76 9844
-1
76 9981
-1
76 9956
-1
77 9876
-1
80 9940
-1
78 9789
-1
80 9974
-1
80 9994
-1
-1
-1
74 9914
-1
74 9934
-1
74 9994
-1
73 9943
-1
74 9927
-1
75 9865
-1
74 9859
-1
73 9824
-1
-1
-1
73 9909
-1
68 9810
-1
70 9928
-1
70 9897
-1
69 9953
-1
68 9821
-1
72 9793
-1
75 9954
-1
-1
-1
77 9993
-1
79 9791
-1
81 9970
-1
84 9961
-1
81 9990
-1
83 9991
-1
84 9995
-1
81 9955
-1
-1
-1
78 9864
-1
77 9839
-1
77 9812
-1
78 9988
-1
76 9804
-1
80 9974
-1
78 9908
-1
78 9901
-1
-1
-1
78 9948
-1
75 9951
-1
78 9852
-1
77 9956
-1
80 9965
-1
83 9986
-1
80 9912
-1
82 9923
-1
-1
-1
86 9889
-1
85 9998
-1
85 9807
-1
81 9895
-1
81 9769
-1
78 9979
-1
74 9995
-1
72 9939
-1
-1
-1
71 9977
-1
73 9790
-1
75 9942
-1
77 9847
-1
79 9928
-1
78 9900
-1
79 9868
-1
80 9827
-1
-1
-1
81 9799
-1
81 9993
-1
79 9934
-1
75 9979
-1
77 9953
-1
79 9859
-1
76 9960
-1
79 9893
-1
-1
-1
76 9945
-1
75 9964
-1
79 9954
-1
81 9990
-1
80 9996
-1
72 9992
-1
70 9849
-1
68 9838
-1
-1
-1
66 9890
-1
64 9975
-1
62 9912
-1
62 9969
-1
66 9988
-1
68 9855
-1
71 9816
-1
72 9849
-1
-1
-1
79 9997
-1
79 9976
-1
79 9937
-1
78 9913
-1
83 9986
-1
86 9987
-1
83 9908
-1
84 9993
-1
-1
-1
79 9981
-1
78 9986
-1
81 9993
-1
81 9936
-1
78 9936
-1
74 9977
-1
76 9960
-1
75 9995
-1
-1
-1
76 9926
-1
77 9950
-1
75 9896
-1
70 9792
-1
73 9933
-1
77 9977
-1
76 10000
-1
77 9928
-1
-1
-1
83 10000
-1
82 9981
-1
83 9806
-1
82 9891
-1
84 9915
-1
84 9996
-1
83 9841
-1
84 9978
-1
-1
-1
84 9984
-1
78 9893
-1
79 9939
-1
79 9946
-1
82 9956
-1
82 9952
-1
77 9863
-1
79 9927
-1
-1
-1
76 9925
-1
80 9991
-1
80 9865
-1
80 9989
-1
76 9991
-1
80 9872
-1
82 9985
-1
83 9825
-1
-1
-1
83 9852
-1
84 9808
-1
81 10000
-1
83 9971
-1
82 9945
-1
82 9824
-1
79 9977
-1
79 9945
-1
-1
-1
82 9866
-1
83 9858
-1
81 9845
-1
84 9986
-1
85 9943
-1
88 9978
-1
86 9892
-1
84 9828
-1
-1
-1
83 9989
-1
85 9975
-1
85 9888
-1
81 9857
-1
77 9917
-1
78 9991
-1
77 9821
-1
78 9915
-1
-1
-1
73 9844
-1
68 9769
-1
72 9966
-1
75 9816
-1
77 9893
-1
75 9991
-1
72 9924
-1
74 9967
-1
-1
-1
72 9920
-1
74 9863
-1
72 9958
-1
70 9956
-1
72 9965
-1
73 9776
-1
78 9924
-1
81 9998
-1
-1
-1
85 9977
-1
85 9953
-1
87 9970
-1
85 9962
-1
85 9951
-1
84 9889
-1
83 9854
-1
84 9931
-1
-1
-1
79 9955
-1
79 9911
-1
81 9930
-1
80 9884
-1
82 9977
-1
83 9780
-1
81 9823
-1
80 9922
-1
-1
-1
84 9907
-1
84 9964
-1
84 9990
-1
86 9976
-1
82 9973
-1
80 9827
-1
81 9959
-1
85 9980
-1
-1
-1
86 9862
-1
80 9968
-1
84 9954
-1
82 9954
-1
84 9957
-1
84 9987
-1
82 9840
-1
81 9945
-1
-1
-1
84 9993
-1
86 9962
-1
86 9996
-1
88 9864
-1
83 9871
-1
85 9913
-1
85 9971
-1
84 9979
-1
-1
-1
81 9892
-1
79 9996
-1
77 9993
-1
75 9795
-1
73 9994
-1
72 9999
-1
71 9941
-1
74 9874
-1
-1
-1
79 9992
-1
80 9853
-1
80 9816
-1
85 9947
-1
85 9984
-1
86 9997
-1
88 9943
-1
85 9883
-1
-1
-1
86 9883
-1
86 9871
-1
88 9879
-1
85 9934
-1
83 9976
-1
82 9963
-1
85 9946
-1
85 9987
-1
-1
-1
86 9977
-1
84 9988
-1
82 9923
-1
77 9964
-1
80 9990
-1
80 9963
-1
82 9963
-1
76 9888
-1
-1
-1
74 9921
-1
74 9947
-1
73 9922
-1
75 9908
-1
73 9947
-1
73 9993
-1
73 9985
-1
75 9816
-1
-1
-1
77 9969
-1
76 9866
-1
78 9945
-1
78 9811
-1
76 9796
-1
79 9892
-1
80 9905
-1
82 9932
-1
-1
-1
79 9912
-1
76 9957
-1
77 9896
-1
75 9986
-1
75 9833
-1
73 9830
-1
74 9959
-1
70 9983
-1
-1
-1
72 9889
-1
75 9879
-1
75 9913
-1
77 9833
-1
79 9796
-1
81 9996
-1
81 9872
-1
83 9956
-1
-1
-1
84 9982
-1
84 9991
-1
82 9997
-1
82 9990
-1
77 9845
-1
76 9979
-1
79 9898
-1
78 9996
-1
-1
-1
73 9950
-1
75 9930
-1
71 9802
-1
73 9995
-1
77 9981
-1
78 9986
-1
78 9963
-1
76 9997
-1
-1
-1
77 9825
-1
76 9976
-1
78 9799
-1
81 9997
-1
83 9972
-1
79 9926
-1
76 9849
-1
78 9864
102
-1
-1
77 9963
-1
80 9920
-1
82 9781
-1
80 9939
-1
76 9925
-1
74 9993
-1
74 9812
-1
76 9942
-1
-1
-1
78 9911
-1
79 9927
-1
78 9940
-1
74 9801
-1
78 9779
-1
78 9989
-1
79 9873
-1
80 9950
-1
-1
-1
79 9998
-1
78 9936
-1
77 9931
-1
77 9915
-1
78 9869
-1
75 9875
-1
78 9981
-1
78 9821
-1
-1
-1
78 9992
-1
74 9951
-1
74 9961
-1
74 9952
-1
74 9979
-1
74 9961
-1
76 9904
-1
73 9978
-1
-1
-1
73 9978
-1
74 9888
-1
73 9941
-1
73 9912
-1
75 9887
-1
76 9893
-1
79 9922
-1
80 9995
-1
-1
-1
78 9973
-1
75 9950
-1
75 9853
-1
76 9945
-1
76 9774
-1
75 9962
-1
74 9999
-1
73 9986
-1
-1
-1
74 9873
-1
76 9777
-1
80 9987
-1
84 9976
-1
83 9935
-1
81 9883
-1
86 9995
-1
84 9796
-1
-1
-1
85 9979
-1
85 9814
-1
88 10000
-1
85 9874
-1
85 9911
-1
81 9998
-1
82 9993
-1
80 9940
-1
-1
-1
77 9943
-1
75 9908
-1
69 9897
-1
72 9901
-1
72 9810
-1
72 9810
-1
75 9986
-1
72 9883
-1
-1
-1
71 9873
-1
71 9905
-1
72 9876
-1
73 9954
-1
73 9898
-1
75 9998
-1
74 9855
-1
77 9882
-1
-1
-1
78 9914
-1
81 9937
-1
82 9980
-1
81 9975
-1
83 9915
-1
84 9910
-1
83 9977
-1
84 9974
-1
-1
-1
84 9987
-1
85 9834
-1
83 9822
-1
87 9930
-1
89 9824
-1
89 9880
-1
85 9964
-1
84 9866
-1
-1
-1
81 9825
-1
81 9973
-1
77 9960
-1
81 9901
-1
80 9936
-1
79 9948
-1
81 9986
-1
77 9881
-1
-1
-1
77 9976
-1
79 9950
-1
78 9948
-1
76 9850
-1
75 9967
-1
73 9846
-1
75 9970
-1
75 9919
-1
-1
-1
73 9842
-1
77 9995
-1
75 9939
-1
75 9903
-1
73 9931
-1
71 9910
-1
73 9973
-1
74 9994
-1
-1
-1
78 9934
-1
81 9990
-1
77 9843
-1
81 9965
-1
83 9974
-1
83 9803
-1
85 9990
-1
80 9991
-1
-1
-1
77 9956
-1
78 9993
-1
75 9998
-1
80 9987
-1
77 9882
-1
78 9991
-1
79 9877
-1
79 9904
-1
-1
-1
84 9865
-1
86 9943
-1
81 9832
-1
81 9841
-1
74 9964
-1
77 9991
-1
76 9783
-1
74 9984
-1
-1
-1
74 9992
-1
75 9998
-1
75 9771
-1
75 9954
-1
74 9934
-1
75 9997
-1
72 9800
-1
74 9923
-1
-1
-1
75 9957
-1
71 9891
-1
72 9926
-1
74 9915
-1
75 9770
-1
72 9920
-1
74 9894
-1
75 9936
-1
-1
-1
74 9952
-1
72 9837
-1
74 9979
-1
74 9881
-1
73 9832
-1
75 9884
-1
79 9994
-1
78 9851
-1
-1
-1
80 9942
-1
84 9952
-1
85 9951
-1
85 9910
-1
83 9959
-1
86 9928
-1
84 9900
-1
83 9936
-1
-1
-1
78 9984
-1
76 9892
-1
75 9885
-1
75 9808
-1
77 10000
-1
74 9998
-1
76 9967
-1
75 9968
-1
-1
-1
79 9862
-1
76 9968
-1
74 9955
-1
79 9994
-1
79 9967
-1
79 9794
-1
81 9897
-1
83 9945
-1
-1
-1
83 9953
-1
81 9952
-1
83 9920
-1
85 9773
-1
78 9963
-1
76 9884
-1
79 9995
-1
78 9901
-1
-1
-1
76 9801
-1
80 9935
-1
79 9793
-1
80 9891
-1
78 9777
-1
82 9817
-1
84 9873
-1
85 9901
-1
-1
-1
83 9891
-1
81 9883
-1
78 9898
-1
79 9988
-1
79 9995
-1
80 9935
-1
79 9947
-1
80 9940
-1
-1
-1
80 9989
-1
79 9838
-1
83 9910
-1
85 9916
-1
87 9981
-1
89 9942
-1
88 9903
-1
90 9858
-1
-1
-1
86 9979
-1
83 9908
-1
84 9895
-1
86 9959
-1
85 9996
-1
84 9994
-1
83 9968
-1
82 9985
-1
-1
-1
81 9921
-1
79 9952
-1
82 9994
-1
87 9989
-1
83 9980
-1
79 9982
-1
77 9937
-1
76 9983
-1
-1
-1
73 9883
-1
74 9811
-1
72 9890
-1
71 9979
-1
74 9948
-1
77 9996
-1
79 9959
-1
77 9810
-1
-1
-1
83 9898
-1
85 9816
-1
86 9986
-1
87 9900
-1
87 9991
-1
87 9939
-1
86 9793
-1
84 9976
-1
-1
-1
87 9948
-1
83 9941
-1
84 9967
-1
82 9888
-1
85 9992
-1
82 9988
-1
84 9871
-1
81 9835
-1
-1
-1
83 9997
-1
82 9831
-1
81 9954
-1
81 9999
-1
78 9960
-1
78 9874
-1
82 9838
-1
84 9951
-1
-1
-1
80 9880
-1
82 9990
-1
82 9974
-1
80 9980
-1
82 9891
-1
84 9983
-1
86 9950
-1
80 9975
-1
-1
-1
75 9941
-1
73 9940
-1
71 9866
-1
73 9942
-1
70 9922
-1
68 9929
-1
72 9966
-1
72 9921
-1
-1
-1
74 9858
-1
75 9879
-1
76 9863
-1
76 9857
-1
78 9909
-1
78 9932
-1
76 9811
-1
75 9950
-1
-1
-1
77 9810
-1
81 9997
-1
83 9992
-1
85 9965
-1
86 9994
-1
89 9939
-1
86 9958
-1
87 9776
-1
-1
-1
91 9977
-1
85 9806
-1
84 9981
-1
81 9984
-1
80 9906
-1
79 9912
-1
78 9969
-1
77 9906
-1
-1
-1
74 9883
-1
