-1
-1
-1
-1
-1
3 2636
-1
-1
8 8873
9 9788
10 9787
10 9787
16 9864
-1
-1
-1
19 9579
-1
-1
20 9433
-1
-1
23 9802
-1
-1
22 9427
18 9585
-1
-1
-1
19 9630
19 9630
-1
-1
21 9388
21 9388
21 9463
-1
19 9634
-1
-1
23 9719
-1
23 9719
-1
-1
26 9900
-1
-1
-1
-1
19 9850
-1
-1
-1
21 9563
-1
22 9335
-1
-1
-1
19 9507
20 9799
-1
-1
20 9355
-1
-1
-1
-1
-1
17 9932
-1
-1
19 9540
-1
-1
-1
-1
-1
-1
-1
-1
-1
-1
24 9284
24 9284
-1
-1
-1
24 9930
-1
-1
20 9189
-1
-1
18 9838
18 9550
-1
-1
-1
24 9693
24 9877
25 9890
-1
-1
-1
21 9623
-1
-1
17 9291
-1
19 9818
-1
-1
-1
20 9254
20 9755
-1
-1
-1
19 9385
-1
19 9385
18 9479
-1
20 9660
21 9905
-1
22 9616
-1
20 9555
-1
-1
15 9367
15 9367
16 9768
16 9768
17 9683
18 9853
-1
-1
16 9573
-1
16 9152
-1
19 9929
-1
22 9695
-1
22 9603
-1
-1
23 9663
24 9925
19 9131
20 9927
-1
-1
18 9371
-1
-1
20 9527
-1
18 9181
-1
20 9458
22 9897
22 9206
-1
-1
-1
22 9858
-1
22 9858
-1
-1
-1
23 9919
-1
-1
21 9564
22 9632
-1
21 9895
21 9895
-1
-1
-1
19 9411
20 9620
-1
-1
-1
-1
18 9289
16 9444
15 9903
-1
14 9602
-1
14 9077
14 9926
-1
-1
-1
-1
-1
-1
18 9795
18 9699
19 9857
-1
-1
18 9901
18 9760
-1
-1
-1
-1
-1
19 9385
19 9770
19 9900
-1
18 9589
-1
20 9457
-1
-1
-1
22 9541
-1
21 9745
22 9317
-1
16 9156
-1
-1
17 9851
-1
-1
17 9883
-1
17 9883
-1
-1
-1
18 9922
16 9590
17 9626
-1
-1
17 9724
18 9772
-1
-1
-1
-1
19 9732
-1
19 9732
-1
21 9781
21 9781
-1
19 9144
-1
-1
-1
23 9829
-1
21 9167
22 9165
-1
-1
22 9621
-1
-1
20 9511
21 9760
-1
-1
-1
-1
-1
-1
-1
-1
-1
-1
22 9909
-1
-1
21 9266
20 9825
-1
-1
20 9216
-1
-1
-1
-1
-1
21 9729
-1
-1
20 9372
20 9034
-1
-1
22 9754
18 9498
-1
18 9304
18 9806
14 9553
-1
-1
-1
-1
-1
-1
-1
17 9884
17 9884
18 9232
21 9904
-1
21 9827
-1
22 9815
18 9270
-1
-1
19 9811
-1
-1
-1
-1
-1
17 9775
-1
-1
20 9518
21 9560
-1
18 9858
-1
-1
-1
-1
-1
-1
18 9853
-1
-1
-1
19 9531
-1
19 9531
20 9468
-1
18 9604
-1
22 9663
-1
21 9859
-1
-1
-1
-1
-1
24 9429
-1
19 9228
-1
22 9835
-1
-1
-1
20 9105
-1
-1
-1
-1
-1
-1
18 9901
-1
-1
21 9503
23 9691
-1
-1
-1
25 9758
-1
-1
22 9520
-1
-1
-1
-1
19 9615
-1
-1
-1
-1
-1
21 9221
-1
-1
-1
-1
-1
19 9684
-1
-1
-1
-1
19 9773
-1
-1
-1
-1
-1
-1
19 9514
20 9406
-1
21 9716
-1
22 9669
-1
21 9567
21 9639
21 9470
23 9658
-1
20 9444
22 9847
22 9832
20 9266
-1
19 9675
19 9675
-1
-1
-1
-1
-1
-1
-1
20 9916
-1
21 9907
21 9907
21 9608
-1
-1
-1
-1
-1
-1
-1
-1
18 9818
-1
-1
-1
-1
20 9845
-1
18 9688
-1
-1
-1
-1
17 9574
17 9574
-1
16 9759
17 9616
-1
-1
-1
16 9266
-1
-1
15 9888
15 9888
14 9428
15 9678
15 9678
-1
-1
-1
-1
18 9538
18 9698
-1
-1
21 9791
-1
21 9885
-1
-1
-1
-1
22 9913
-1
-1
-1
-1
-1
-1
-1
19 9178
-1
-1
21 9877
21 9361
21 9125
21 9125
-1
-1
-1
-1
-1
-1
18 9553
18 9172
-1
14 9255
-1
14 9435
-1
-1
13 9074
-1
15 9699
-1
-1
17 9832
17 9869
-1
18 9656
-1
17 9594
-1
-1
-1
-1
-1
16 9750
-1
-1
-1
17 9669
18 9932
16 9310
-1
-1
-1
16 9644
-1
19 9810
19 9464
-1
-1
24 9779
23 9108
-1
26 9800
26 9696
-1
-1
-1
22 9474
-1
-1
23 9475
23 9696
24 9930
-1
-1
-1
-1
-1
-1
15 9411
-1
15 9822
14 9538
-1
-1
20 9457
-1
20 9493
-1
-1
15 9372
-1
-1
-1
15 9761
-1
-1
16 9484
-1
-1
-1
16 9815
-1
-1
16 9258
-1
-1
-1
19 9460
-1
-1
-1
-1
22 9482
-1
-1
-1
-1
-1
-1
26 9775
-1
26 9841
-1
-1
-1
-1
-1
22 9616
-1
17 9118
-1
-1
-1
18 9782
-1
17 9691
18 9579
-1
20 9767
20 9767
-1
-1
-1
20 9447
-1
22 9794
17 9692
-1
-1
-1
-1
19 9768
16 9186
-1
-1
-1
-1
-1
17 9759
-1
-1
-1
-1
20 9304
21 9820
-1
21 9688
-1
-1
-1
18 9765
18 9538
-1
-1
-1
-1
-1
17 9817
18 9809
-1
18 9691
-1
-1
21 9903
-1
21 9827
21 9827
-1
21 9827
-1
-1
22 9821
22 9140
-1
-1
21 9654
20 9167
20 9167
21 9879
20 9727
-1
19 9867
-1
19 9326
-1
-1
22 9866
19 9659
19 9659
19 9867
19 9842
-1
-1
-1
-1
-1
18 9461
-1
20 9837
20 9837
-1
-1
18 9268
17 9321
-1
-1
-1
18 9430
-1
-1
-1
-1
17 9667
-1
-1
-1
-1
18 9196
-1
18 9014
-1
20 9615
20 9615
20 9615
21 9701
22 9640
21 9682
-1
-1
23 9865
18 9131
-1
18 9332
-1
-1
-1
15 9793
-1
16 9889
17 9670
17 9670
17 9891
-1
18 9346
18 9346
-1
-1
-1
18 9863
-1
-1
18 9519
-1
-1
-1
-1
-1
18 9891
-1
-1
23 9658
-1
-1
-1
25 9461
25 9461
26 9698
-1
23 9501
23 9501
-1
-1
25 9879
-1
-1
-1
21 9235
-1
22 9521
-1
21 9737
-1
-1
-1
20 8978
22 9642
-1
23 9922
21 9118
21 9118
20 9893
20 9893
-1
16 9093
-1
-1
-1
16 9541
16 9018
-1
-1
17 9788
-1
-1
-1
-1
20 9900
-1
20 9372
-1
-1
-1
-1
-1
15 9370
15 9370
16 9703
-1
-1
19 9702
-1
22 9857
22 9806
-1
-1
-1
18 9285
19 9864
-1
18 9208
19 9735
-1
19 9779
20 9906
-1
-1
22 9518
25 9931
-1
-1
-1
-1
-1
-1
21 9660
20 9797
19 9852
-1
18 9876
-1
19 9854
-1
20 9818
20 9818
-1
19 9300
-1
-1
-1
-1
-1
-1
-1
-1
-1
17 9902
17 9902
17 9215
-1
-1
-1
-1
-1
21 9737
21 9737
-1
-1
26 9565
-1
-1
-1
-1
-1
-1
22 9842
-1
24 9702
24 9197
-1
26 9707
-1
25 9899
-1
-1
-1
-1
16 9414
-1
-1
-1
-1
17 9814
17 9814
-1
-1
-1
20 9675
21 9771
-1
-1
-1
-1
-1
18 9503
-1
18 9304
-1
-1
18 9880
17 9790
-1
-1
-1
16 9828
-1
16 9083
17 9236
17 9236
-1
18 9423
-1
19 9919
19 9331
-1
-1
-1
19 9513
-1
22 9839
21 9671
-1
22 9814
-1
19 9731
18 9774
-1
-1
-1
-1
-1
17 9865
17 9865
-1
17 9871
-1
-1
-1
16 8975
16 8975
16 8975
-1
-1
-1
17 9853
17 9853
-1
19 9240
-1
-1
-1
25 9429
-1
-1
20 9196
-1
23 9813
21 9749
23 9852
21 9710
20 9662
22 9899
-1
-1
24 9767
24 9767
-1
22 9773
23 9881
23 9881
-1
-1
25 9883
25 9383
-1
27 9318
27 9318
-1
25 9368
-1
-1
24 9900
26 9782
-1
-1
22 9648
23 9906
-1
-1
-1
-1
-1
21 9572
-1
-1
-1
-1
20 9498
-1
-1
-1
-1
18 9640
-1
16 9901
-1
-1
-1
14 9381
-1
-1
14 9714
15 9849
15 9452
15 9231
14 9145
-1
-1
17 9449
-1
-1
-1
23 9752
-1
18 9889
18 9746
-1
21 9848
-1
-1
20 9471
22 9780
23 9591
23 9591
24 9662
24 9662
-1
25 9792
-1
24 9876
24 9876
22 9682
-1
-1
-1
22 9667
-1
21 9402
-1
22 8961
-1
24 9593
-1
-1
-1
20 9798
-1
-1
-1
19 9881
-1
17 9574
18 9874
-1
-1
-1
-1
-1
22 9808
-1
-1
-1
-1
-1
19 9741
17 9404
19 9925
19 9925
-1
-1
20 9638
-1
-1
-1
21 9894
21 9894
-1
-1
20 9579
22 9897
22 9874
22 9877
-1
21 9840
-1
-1
22 9506
-1
-1
-1
22 9737
21 9828
-1
-1
-1
-1
-1
-1
21 9909
-1
21 9520
-1
-1
17 9897
-1
-1
-1
-1
-1
-1
-1
-1
-1
-1
-1
-1
-1
-1
18 9716
-1
-1
-1
-1
-1
-1
19 9860
-1
-1
-1
18 9642
18 9248
-1
19 9785
-1
-1
19 9778
19 9397
17 9831
17 9831
17 9831
-1
-1
-1
24 9472
-1
-1
25 9886
-1
-1
25 9112
-1
-1
-1
-1
-1
-1
-1
-1
24 9905
22 9249
-1
-1
-1
-1
-1
-1
-1
-1
-1
-1
21 9734
-1
-1
23 9710
-1
23 9854
-1
-1
19 9816
-1
-1
-1
-1
-1
-1
-1
15 9333
-1
-1
-1
-1
15 9739
14 9787
-1
18 9911
17 9531
-1
-1
-1
-1
19 9311
19 9311
22 9741
-1
-1
-1
-1
-1
17 9708
-1
20 9686
20 9686
20 9686
20 9686
-1
-1
20 9544
20 9142
20 9142
-1
-1
19 9670
19 9670
19 9670
19 9670
-1
18 9678
19 9182
-1
-1
20 9409
18 9715
-1
-1
-1
-1
17 9635
18 9846
-1
-1
19 9917
18 9738
-1
20 9555
-1
19 9056
-1
-1
-1
-1
22 9813
-1
-1
-1
19 9870
18 9726
-1
18 9726
18 9688
-1
19 9913
-1
17 9510
-1
-1
-1
20 9202
-1
-1
-1
-1
18 9477
-1
-1
22 9541
20 9898
20 9727
-1
19 9103
-1
19 9812
-1
-1
-1
22 9916
-1
-1
-1
22 9464
-1
-1
-1
-1
21 9293
-1
20 9543
-1
20 9735
-1
20 9247
20 9247
-1
-1
-1
23 9823
-1
21 9773
21 9773
22 9541
-1
-1
22 9696
-1
-1
22 9585
22 9585
-1
21 9684
-1
20 9806
-1
-1
-1
-1
-1
18 9910
-1
19 9871
-1
18 9409
18 9622
17 9432
-1
21 9745
21 9745
21 9745
-1
-1
-1
-1
22 9465
-1
22 9668
17 9736
-1
-1
16 9685
16 9685
-1
-1
-1
17 9904
16 9122
18 9212
20 9880
19 9241
20 9905
-1
-1
-1
16 9602
16 9357
-1
-1
17 9346
-1
-1
-1
17 9598
-1
-1
-1
16 9701
-1
-1
16 9784
16 9784
16 9784
-1
17 9115
-1
-1
20 9611
-1
22 9460
-1
-1
22 9827
22 9827
20 9773
-1
-1
-1
16 9086
-1
16 9086
-1
16 9882
-1
17 9787
-1
-1
-1
-1
-1
-1
-1
-1
-1
14 9726
14 9726
14 9726
14 9726
-1
-1
18 9699
21 9741
-1
-1
-1
-1
-1
22 9657
-1
22 9698
22 9799
-1
-1
-1
-1
18 9631
-1
-1
-1
16 9471
18 9725
-1
18 9679
-1
-1
-1
-1
19 9722
-1
19 9523
-1
-1
19 9899
-1
-1
-1
-1
-1
19 9879
16 9872
-1
16 9857
14 9363
-1
17 9312
-1
19 9476
20 9886
-1
-1
-1
-1
-1
-1
-1
23 9885
-1
21 9132
-1
23 9702
23 9702
23 9702
-1
24 9817
-1
-1
-1
21 9598
-1
20 9772
-1
20 9841
20 9571
20 9665
-1
19 9529
-1
-1
18 9614
19 9906
19 9906
19 9906
-1
16 9860
-1
15 9119
-1
-1
-1
-1
20 9832
19 9683
-1
-1
20 9841
21 9270
21 9270
-1
-1
-1
23 9678
-1
19 9322
-1
20 9667
20 9806
-1
19 9542
-1
-1
19 9756
19 9756
-1
-1
18 9829
-1
-1
-1
-1
-1
20 9923
-1
21 9731
21 9639
-1
-1
21 9570
-1
21 9284
21 9284
-1
-1
20 9894
17 9319
-1
14 9238
-1
17 9904
-1
-1
18 9926
-1
17 9557
18 9848
17 9395
-1
18 9781
-1
-1
18 9542
-1
15 9847
15 9841
-1
16 9819
20 9907
-1
-1
-1
-1
-1
-1
21 9737
21 9677
21 9653
19 8997
-1
22 9877
-1
21 9820
-1
18 9813
-1
-1
-1
-1
-1
-1
-1
-1
-1
-1
-1
-1
-1
-1
-1
15 9801
-1
18 9363
-1
-1
21 9765
-1
21 9672
20 9466
-1
21 9716
-1
-1
20 9362
21 9144
-1
21 9912
-1
-1
21 9767
-1
20 9724
-1
-1
-1
-1
-1
17 9683
-1
18 9915
18 9459
-1
19 9531
-1
19 9370
19 9722
19 9776
-1
19 9796
-1
19 9796
19 9567
19 9567
20 9831
-1
-1
16 9667
-1
19 9922
-1
19 9342
-1
-1
-1
-1
-1
-1
-1
-1
22 9613
-1
-1
-1
-1
25 9863
-1
26 9842
25 9605
-1
-1
-1
23 9895
23 9707
21 9536
-1
-1
22 9580
-1
20 9677
-1
22 9676
-1
19 9664
-1
-1
-1
16 9729
-1
-1
17 9542
-1
-1
-1
-1
-1
18 9131
-1
-1
-1
17 9643
-1
17 9643
19 9932
16 9209
-1
-1
-1
-1
16 9700
16 9023
-1
-1
17 9435
-1
-1
-1
16 9138
-1
-1
20 9706
21 9759
19 9651
-1
17 9769
-1
-1
-1
-1
-1
-1
-1
-1
-1
-1
19 9865
-1
-1
-1
-1
-1
-1
-1
19 9718
-1
-1
-1
22 9910
-1
-1
19 9024
-1
20 9652
-1
17 9247
-1
17 9458
18 9798
-1
-1
19 9389
18 9287
-1
-1
-1
15 9767
-1
17 9929
17 9929
16 9194
-1
20 9885
22 9779
-1
-1
-1
18 9488
-1
19 9782
21 9411
-1
-1
-1
21 9788
-1
-1
23 9522
23 9810
23 9810
20 9918
-1
20 9471
-1
-1
-1
-1
15 9715
-1
-1
-1
-1
-1
-1
17 9035
-1
-1
21 9260
-1
-1
-1
-1
-1
17 9526
-1
16 9905
-1
18 9743
-1
21 9410
-1
-1
23 9777
23 9777
23 9777
-1
-1
18 9224
-1
-1
-1
-1
18 9840
-1
18 9468
-1
-1
22 9756
-1
22 9663
22 9890
23 9602
-1
22 9352
22 9475
-1
22 9838
22 9496
-1
21 9498
-1
-1
-1
20 9467
-1
-1
19 9818
-1
-1
-1
17 9459
-1
-1
-1
17 9154
18 9586
-1
18 9880
-1
-1
-1
15 9231
-1
16 9366
-1
-1
-1
16 9100
-1
17 9477
-1
19 9679
19 9679
19 9324
-1
-1
-1
21 9908
-1
-1
-1
17 9375
17 9475
-1
-1
-1
14 9226
14 9226
-1
18 9599
-1
18 9250
-1
-1
19 9660
19 9595
-1
21 9929
21 9922
-1
-1
20 9913
21 9804
-1
-1
19 9733
-1
-1
-1
17 9722
18 9181
-1
-1
-1
19 9827
19 9827
-1
19 9322
19 9322
20 9673
21 9914
21 9914
-1
23 9284
-1
-1
-1
-1
24 9916
24 9916
-1
-1
26 9755
-1
-1
-1
22 9695
22 9695
-1
-1
-1
-1
-1
20 9690
19 9266
20 9429
20 9429
21 9692
-1
22 9886
21 9898
-1
21 9692
-1
-1
-1
-1
-1
16 9730
18 9884
-1
-1
18 9884
19 9545
-1
-1
-1
18 9329
18 9423
-1
19 9350
19 9472
-1
-1
-1
20 9685
-1
-1
-1
-1
-1
-1
-1
-1
-1
22 9905
21 9907
-1
20 9433
-1
-1
20 9265
-1
19 9503
-1
-1
20 9395
20 9395
-1
-1
-1
18 9274
18 9826
18 9826
17 9529
-1
17 9329
-1
-1
-1
-1
20 9689
-1
-1
-1
-1
15 9454
15 9454
-1
17 9556
16 9216
16 9299
-1
-1
17 9647
-1
19 9161
20 9686
-1
-1
-1
-1
14 9161
-1
15 9483
15 9803
-1
18 9881
-1
18 9508
-1
18 9702
-1
18 9702
18 9702
18 9702
-1
18 9702
18 9702
-1
-1
-1
-1
-1
19 9503
19 9503
21 9909
-1
22 9659
-1
21 9600
21 9600
-1
-1
-1
26 9841
-1
-1
-1
24 9921
24 9921
-1
25 9312
-1
-1
-1
-1
22 9756
21 9697
22 9469
-1
19 9843
-1
-1
-1
-1
-1
21 9697
18 9385
-1
-1
-1
21 9159
21 9159
21 9159
-1
-1
-1
-1
-1
24 9754
-1
-1
-1
-1
19 9908
-1
-1
18 9378
-1
-1
17 9389
-1
-1
17 9388
-1
-1
-1
-1
-1
22 9536
-1
-1
23 9866
23 9866
21 9852
21 9852
21 9852
-1
23 9805
-1
-1
21 9260
-1
-1
20 9743
20 9591
-1
-1
-1
-1
16 9324
19 9647
-1
-1
20 9864
-1
18 9559
19 9754
-1
20 9642
-1
24 9855
24 9846
24 9786
23 9576
-1
-1
-1
-1
-1
-1
18 9810
18 9456
18 9502
17 9294
-1
-1
16 9925
-1
16 9733
-1
18 9840
-1
18 9871
-1
18 9641
-1
-1
-1
-1
-1
23 9717
20 9250
20 9250
21 9721
21 9721
-1
-1
22 9089
-1
18 9667
18 9749
19 9174
19 9174
-1
-1
-1
20 9087
-1
18 9791
18 9791
16 8978
-1
-1
19 9329
-1
20 9884
22 9729
22 9556
23 9615
24 9782
21 9137
24 9913
21 9701
-1
-1
-1
19 9764
19 9764
-1
-1
20 9884
-1
21 9400
24 9832
-1
-1
-1
26 9827
26 9268
28 9852
26 9906
26 9906
-1
23 9868
23 9922
-1
-1
-1
-1
18 9468
-1
-1
19 9814
19 9814
-1
19 9814
21 9907
-1
22 9502
22 9502
-1
23 9706
-1
-1
-1
23 9069
-1
-1
-1
-1
22 9563
23 9907
25 9818
26 9929
24 9884
24 9884
-1
25 9801
-1
-1
21 9761
-1
20 9717
-1
-1
-1
25 9601
-1
-1
-1
15 9434
-1
-1
-1
15 9434
-1
15 9882
-1
-1
16 9115
-1
-1
-1
-1
19 9892
-1
19 9595
19 9886
-1
19 9686
19 9271
20 9891
19 9430
15 9762
15 9762
16 9712
18 9555
19 9806
-1
-1
-1
23 9829
21 9660
-1
22 9041
-1
-1
-1
21 9616
-1
21 9616
-1
-1
21 9525
22 9909
21 9906
-1
18 9182
-1
19 9902
17 9304
19 9834
-1
19 9614
18 9294
-1
19 9521
-1
-1
23 9884
-1
-1
23 9827
-1
22 9759
21 9722
-1
-1
-1
20 9754
-1
-1
-1
-1
-1
-1
-1
-1
23 9136
-1
26 9794
-1
-1
24 9532
21 9870
21 9519
21 9519
21 9480
20 9800
18 9025
-1
-1
20 9668
-1
-1
21 9831
-1
-1
19 9854
-1
-1
-1
21 9614
-1
-1
-1
-1
22 9928
21 9445
22 9501
23 9549
-1
-1
-1
-1
-1
-1
-1
-1
22 9424
-1
-1
-1
-1
-1
23 9268
-1
-1
27 9311
-1
-1
29 9901
-1
24 9557
-1
24 9557
-1
-1
-1
21 9878
-1
-1
-1
16 9808
-1
14 9196
-1
-1
-1
-1
14 9467
14 9467
-1
-1
-1
-1
19 9222
-1
17 8996
17 8996
18 9472
18 9472
-1
17 9522
-1
-1
20 9537
20 9375
-1
-1
-1
21 9633
-1
-1
-1
-1
-1
19 9795
-1
-1
19 9670
20 9870
20 9470
-1
-1
-1
-1
20 9911
20 9227
20 9227
-1
21 9387
22 9628
21 9522
-1
20 9600
-1
-1
21 9833
-1
-1
-1
22 9659
-1
-1
24 9850
22 9732
-1
-1
17 9910
17 9910
-1
-1
-1
-1
19 9869
18 9887
-1
17 9420
18 9754
-1
18 9875
-1
-1
-1
22 9322
24 9900
-1
-1
-1
23 9203
-1
24 9883
-1
-1
-1
-1
21 9789
21 9933
19 9187
-1
-1
20 9901
21 9776
20 9410
23 9898
-1
20 9603
19 9294
19 9294
-1
19 9294
20 9748
17 9267
17 9013
-1
17 9722
-1
-1
-1
16 9272
-1
-1
-1
15 9846
15 9812
-1
15 9252
-1
-1
16 9344
16 9361
16 9568
-1
18 9207
-1
19 9906
18 9877
-1
18 9086
19 9607
-1
23 9748
-1
-1
-1
-1
-1
26 9653
26 9613
26 9875
-1
-1
-1
-1
-1
-1
19 9710
-1
18 9590
17 9814
-1
17 9814
-1
17 9618
-1
-1
-1
18 9456
-1
19 9880
-1
24 9715
-1
-1
-1
-1
-1
-1
-1
18 9651
-1
-1
-1
-1
20 9812
-1
24 9922
24 9922
-1
25 9709
24 9877
-1
-1
-1
25 9854
-1
-1
-1
-1
-1
17 9898
-1
19 9655
-1
-1
-1
19 9930
-1
20 9620
-1
21 9522
20 9503
-1
19 9599
20 9780
-1
21 9621
-1
-1
21 9904
-1
-1
-1
20 9902
20 9902
20 9738
19 9834
17 9628
-1
-1
-1
-1
19 9367
19 9367
-1
-1
19 9550
-1
-1
23 9483
22 9915
22 9915
-1
23 9877
-1
23 9874
23 9922
18 9644
-1
16 9352
15 9069
15 9069
-1
16 9712
-1
-1
-1
-1
20 9598
-1
-1
19 9821
-1
-1
-1
-1
-1
-1
15 9269
18 9582
16 9348
17 9782
17 9672
16 9194
-1
-1
-1
19 9933
-1
-1
19 9928
-1
-1
-1
-1
20 9575
21 9795
21 9166
-1
-1
-1
-1
21 9632
21 9884
19 9726
-1
-1
-1
-1
-1
-1
-1
19 9793
20 9884
-1
-1
-1
21 9880
21 9864
-1
-1
21 9871
21 9471
21 9364
-1
-1
23 9550
25 9904
19 9893
-1
19 9388
-1
-1
20 9864
-1
-1
-1
-1
19 9478
-1
-1
-1
-1
-1
-1
-1
-1
-1
-1
22 9282
23 9363
-1
-1
-1
22 9926
15 9122
-1
18 9307
-1
19 9768
-1
20 9655
-1
-1
-1
23 9885
22 9496
-1
-1
-1
24 9392
-1
-1
18 9010
18 9597
-1
19 9899
-1
19 9896
-1
-1
-1
18 9814
18 9814
16 9678
17 9802
17 9802
18 9857
-1
19 9925
-1
-1
20 9730
-1
-1
21 9704
-1
-1
22 9573
-1
-1
-1
16 9774
-1
16 9523
17 9105
19 9126
-1
-1
24 9821
-1
-1
-1
24 9466
-1
24 9575
21 9393
21 9278
-1
-1
17 9470
-1
20 9725
20 9725
20 9725
20 9347
-1
-1
21 9810
21 9810
-1
-1
22 9586
22 9642
23 9882
-1
22 9573
-1
-1
19 9724
-1
-1
-1
19 9815
-1
18 9652
-1
-1
-1
-1
24 9392
24 9392
-1
-1
-1
23 9860
-1
-1
18 9741
-1
19 9864
-1
-1
-1
-1
18 9783
-1
-1
-1
19 9036
18 9916
20 9611
-1
-1
-1
-1
-1
21 9071
26 9394
-1
24 9330
-1
-1
-1
-1
-1
-1
-1
-1
-1
-1
21 9188
-1
25 9745
-1
23 9681
24 9853
21 9803
-1
19 9591
-1
-1
-1
19 9821
19 9033
-1
-1
21 9855
-1
-1
-1
21 9878
-1
-1
20 9310
-1
18 9780
-1
-1
15 9724
16 9759
-1
-1
16 9848
16 9778
18 9586
17 9492
-1
16 9514
-1
-1
-1
16 9530
-1
-1
-1
20 9585
-1
-1
23 9924
23 9924
-1
23 9924
-1
23 9757
-1
-1
22 9307
-1
21 9491
-1
-1
18 9795
18 9795
-1
17 9644
15 9115
-1
13 9826
13 9133
-1
15 9855
15 9322
15 9434
16 9233
18 9890
-1
-1
-1
-1
-1
-1
19 9606
-1
17 9589
-1
-1
-1
-1
-1
-1
-1
-1
19 9515
-1
20 9701
20 9701
-1
15 9630
-1
17 9492
-1
18 9822
18 9822
18 9374
16 9805
-1
19 9376
20 9778
-1
-1
20 9799
20 9789
-1
-1
20 9712
-1
19 9873
16 9193
16 9193
16 9193
-1
18 9732
18 9503
-1
-1
-1
20 9905
-1
-1
-1
18 9766
-1
18 9701
-1
18 9345
-1
19 9727
17 9389
16 9132
16 9132
-1
17 9515
-1
-1
-1
17 9816
-1
19 9714
-1
-1
-1
-1
-1
-1
-1
-1
28 9676
29 9928
-1
-1
24 9833
19 9601
19 9892
16 9743
-1
-1
-1
17 9615
19 9649
-1
-1
-1
-1
-1
24 9627
-1
-1
-1
22 9593
-1
-1
23 9335
-1
-1
23 9748
-1
23 9853
-1
24 9877
-1
24 9549
24 9902
19 9784
-1
19 9768
19 9768
-1
-1
19 9824
17 9390
-1
18 9522
20 9822
20 9822
20 9090
-1
22 9837
21 9520
-1
17 9328
19 9859
-1
-1
-1
-1
-1
-1
-1
19 9348
19 9629
-1
-1
-1
-1
-1
-1
21 9481
21 9481
21 9481
-1
-1
-1
-1
20 9760
20 9050
-1
21 9763
-1
-1
-1
-1
-1
18 9813
-1
18 9813
-1
-1
19 9722
-1
19 9715
-1
18 9539
17 9629
-1
-1
18 9814
-1
18 9139
-1
19 9807
20 9755
-1
21 9863
22 9200
24 9927
-1
-1
-1
21 9820
-1
23 9885
21 9610
-1
-1
21 9603
-1
-1
18 9212
-1
-1
-1
20 9565
21 9765
21 9765
20 9717
20 9724
-1
21 9822
22 9910
22 9910
19 9915
-1
-1
-1
-1
-1
21 9731
-1
22 9862
23 9929
-1
-1
19 9673
19 9673
-1
19 9673
-1
-1
16 9600
-1
-1
17 9778
16 9606
16 9636
-1
-1
18 9488
-1
-1
19 9026
19 9026
20 9557
-1
15 9594
-1
-1
-1
16 9762
16 9905
15 9825
-1
17 9411
-1
-1
-1
-1
-1
21 9697
-1
22 9853
-1
-1
-1
-1
-1
17 9844
17 9702
18 9855
18 9855
18 9327
-1
-1
-1
-1
-1
20 9318
-1
-1
20 9912
-1
19 9539
19 9926
19 9926
-1
-1
-1
19 9567
-1
-1
21 9553
21 9553
-1
-1
-1
-1
22 9605
-1
-1
-1
25 9894
-1
-1
-1
-1
-1
-1
-1
-1
22 9889
21 9529
-1
-1
22 9657
-1
24 9218
25 9740
24 9748
23 9305
-1
-1
-1
-1
-1
-1
-1
19 9885
18 9687
-1
-1
-1
15 9684
-1
-1
-1
-1
-1
15 9782
16 9397
17 9459
-1
-1
18 9750
-1
-1
-1
-1
-1
15 9228
-1
-1
-1
-1
-1
18 9425
-1
-1
-1
-1
-1
23 9549
-1
26 9730
-1
-1
25 9407
-1
25 9242
-1
-1
-1
-1
-1
19 9855
19 9855
19 9855
-1
-1
-1
-1
17 9870
-1
18 9838
17 9930
18 9695
-1
20 9727
-1
-1
19 9822
-1
-1
-1
-1
21 9225
-1
-1
-1
22 9759
-1
-1
-1
19 9918
-1
-1
-1
18 9523
-1
-1
19 9922
-1
18 9199
-1
-1
18 9812
18 9812
-1
19 9320
-1
-1
-1
18 9680
17 9302
-1
-1
-1
-1
-1
19 9371
-1
-1
-1
26 9797
-1
24 9920
-1
-1
24 9474
-1
21 9249
-1
22 9180
19 9586
18 9712
-1
-1
19 9528
-1
-1
21 9046
-1
-1
-1
-1
16 9219
17 9505
-1
-1
17 9667
-1
17 9844
-1
17 9727
17 9727
-1
18 9687
19 9512
19 9319
-1
-1
-1
21 9817
-1
-1
-1
-1
23 9404
24 9729
25 9915
21 9652
21 9929
19 9898
-1
-1
-1
-1
-1
17 9763
17 9763
18 9570
-1
-1
-1
-1
-1
-1
23 9542
20 9702
-1
20 9529
20 9467
-1
-1
-1
-1
-1
-1
-1
20 9602
-1
-1
-1
16 9763
15 9464
16 9471
17 9831
-1
-1
-1
-1
16 9646
-1
-1
-1
-1
-1
-1
17 9362
17 9362
-1
-1
18 9583
18 9583
19 9317
-1
-1
21 9919
22 9773
22 9777
-1
-1
24 9555
-1
23 9313
-1
24 9377
-1
-1
-1
26 9904
-1
-1
-1
23 9878
-1
22 9349
-1
17 9522
-1
-1
-1
16 9645
16 9645
-1
17 9468
-1
-1
-1
18 9712
-1
-1
18 9744
18 9744
18 9382
-1
-1
21 9797
-1
-1
-1
20 9125
20 9125
20 9125
-1
-1
-1
24 9790
-1
21 9667
-1
20 9615
20 9615
-1
19 9510
-1
-1
-1
20 9104
-1
21 9844
-1
21 9795
-1
-1
21 9520
-1
-1
-1
-1
-1
23 9925
-1
-1
-1
-1
-1
-1
-1
-1
-1
20 9927
21 9834
-1
-1
-1
15 9811
15 9575
-1
15 9235
-1
-1
-1
-1
-1
19 9695
20 9233
-1
22 9764
23 9036
-1
24 9757
-1
24 9757
19 9502
-1
19 9502
17 9693
18 9754
19 9839
21 9862
-1
-1
21 9718
-1
19 9132
19 9736
-1
-1
-1
-1
-1
17 9192
-1
17 9192
17 9533
-1
18 9146
-1
-1
18 9146
-1
-1
-1
20 9482
20 9482
-1
20 9515
-1
-1
17 9645
-1
19 9573
-1
-1
-1
19 9415
-1
22 9406
24 9708
24 9895
23 9850
22 9634
22 9791
-1
23 9467
24 9635
-1
24 8993
26 9861
-1
-1
22 9882
17 9542
17 9542
-1
-1
17 9191
-1
17 9698
17 9698
-1
-1
21 9521
-1
-1
22 9440
-1
-1
-1
-1
-1
-1
27 9640
-1
25 9161
-1
26 9380
-1
-1
-1
23 9933
-1
23 9933
20 9907
20 9741
-1
-1
21 9893
20 9862
-1
-1
-1
-1
-1
17 9909
-1
16 9082
18 9579
-1
-1
-1
-1
-1
-1
17 9150
18 9759
-1
17 9318
18 9818
-1
-1
-1
19 9725
19 9725
19 9884
19 9884
-1
16 9734
-1
17 9736
17 9872
17 9872
17 9872
17 9790
-1
-1
-1
18 9883
18 9883
18 9883
17 9062
-1
-1
-1
21 9733
22 9792
-1
22 9634
-1
-1
22 9805
22 9805
22 9849
-1
-1
20 9341
-1
-1
-1
20 9507
-1
-1
-1
-1
-1
-1
-1
21 9745
-1
-1
-1
-1
-1
-1
-1
-1
-1
-1
-1
-1
-1
27 9786
-1
-1
-1
25 9871
21 9371
18 9806
-1
18 9867
17 9677
19 9715
-1
18 9855
18 9729
18 9915
17 9335
17 9335
-1
-1
-1
18 9837
18 9902
-1
17 9804
-1
15 9444
-1
-1
17 9768
18 9203
-1
20 9726
-1
-1
22 9928
20 9773
-1
-1
16 9711
15 9480
-1
-1
-1
-1
15 9716
15 9931
-1
18 9887
-1
-1
-1
19 9933
-1
-1
-1
-1
-1
-1
-1
-1
-1
-1
-1
-1
-1
-1
15 9930
15 9259
-1
-1
-1
18 9336
-1
-1
19 9509
22 9680
18 9900
17 9777
17 9868
19 9295
19 9499
-1
-1
-1
-1
-1
-1
-1
22 9285
23 9443
-1
-1
23 9717
-1
23 9799
-1
23 9362
-1
24 9786
-1
-1
18 9793
-1
-1
16 9763
-1
-1
-1
-1
17 9416
-1
-1
21 9892
21 9892
20 9651
-1
-1
16 9331
-1
14 9422
15 9633
-1
-1
-1
-1
18 9302
-1
-1
22 9933
22 9670
22 9670
-1
17 9324
19 9930
-1
19 9495
21 9764
20 9633
-1
20 9369
-1
-1
19 9451
-1
-1
-1
-1
19 9633
-1
20 9835
-1
-1
19 9328
15 9304
15 9245
15 9852
-1
-1
17 9505
-1
-1
18 9207
18 9207
18 9516
18 9123
18 9123
18 9813
-1
17 9671
-1
17 9856
16 9662
16 9725
-1
14 9825
15 9811
-1
17 9578
19 9517
-1
-1
-1
19 9381
19 9253
-1
-1
-1
23 9871
-1
22 9588
-1
21 9862
-1
-1
21 9449
22 9630
-1
22 9813
-1
20 9924
-1
-1
16 9907
-1
-1
16 9896
-1
-1
15 9858
17 9444
-1
-1
16 9537
16 9197
-1
-1
-1
19 9409
-1
19 9363
19 9363
20 9808
21 9882
21 9882
22 9856
21 9827
23 9910
-1
-1
-1
-1
23 9704
-1
-1
24 9903
-1
25 9800
25 9800
25 9800
-1
-1
-1
15 9771
15 9771
-1
-1
15 9835
-1
16 9843
-1
-1
-1
20 9883
-1
-1
-1
19 9851
19 9719
-1
20 9889
-1
-1
-1
20 9634
-1
-1
-1
25 9875
-1
25 9646
22 9623
-1
-1
-1
-1
23 9588
23 9910
-1
-1
-1
-1
-1
21 9487
20 9572
-1
-1
-1
-1
18 9867
-1
-1
-1
16 9323
-1
-1
-1
18 8969
-1
-1
-1
-1
18 9412
18 9412
-1
19 9761
-1
20 9825
20 9667
-1
-1
22 9738
21 9929
-1
-1
-1
-1
-1
19 9376
-1
-1
16 9231
16 9761
15 9257
16 9117
-1
-1
-1
18 9707
-1
20 9922
-1
-1
-1
18 9106
18 9772
-1
14 9349
15 9792
16 9857
-1
-1
16 9190
-1
-1
19 9508
-1
-1
-1
-1
18 9711
18 9845
-1
-1
16 9125
-1
-1
-1
-1
21 9863
21 9257
-1
-1
-1
-1
18 9586
-1
-1
-1
16 9899
17 9797
-1
-1
20 9328
20 9328
-1
-1
18 9931
18 9850
-1
18 9631
18 9631
18 9369
-1
-1
-1
19 9376
19 9376
-1
21 9789
-1
21 9836
-1
19 9662
20 9510
-1
21 9919
21 9919
-1
-1
-1
20 9611
-1
-1
-1
20 9485
-1
-1
20 9722
19 9835
-1
-1
-1
-1
19 9141
-1
19 9141
-1
-1
-1
-1
18 9436
-1
-1
-1
24 9342
23 9827
23 9827
-1
-1
21 9616
21 9616
-1
-1
-1
-1
17 9455
-1
19 9442
-1
19 9830
-1
-1
-1
25 9901
-1
26 9685
26 9685
22 9815
-1
23 9741
23 9741
23 9741
-1
-1
23 9909
-1
-1
-1
-1
-1
-1
-1
-1
24 9572
24 9572
-1
-1
25 9494
23 9525
17 9783
-1
16 9734
15 9100
-1
-1
16 9868
16 9868
-1
-1
-1
19 9833
-1
-1
20 9837
20 9837
21 9903
21 9903
21 9903
-1
21 9903
22 9930
-1
-1
22 9829
20 9370
-1
16 9825
-1
19 9857
19 9857
-1
18 9641
-1
19 9449
19 9502
19 9502
-1
-1
-1
-1
21 9916
-1
20 9748
-1
-1
23 9827
-1
-1
-1
-1
20 9123
20 9123
21 9330
-1
-1
22 9776
-1
-1
-1
-1
19 9339
20 9348
-1
-1
-1
20 9867
20 9651
-1
20 9244
-1
-1
-1
-1
-1
-1
21 9749
22 9647
-1
23 9792
17 9168
17 9673
20 9438
-1
-1
-1
-1
23 9793
-1
-1
24 9718
-1
19 8982
-1
-1
-1
20 9383
20 9812
-1
-1
-1
-1
-1
-1
20 9930
18 9281
-1
19 9722
18 9335
-1
20 9234
-1
21 9917
21 9390
-1
-1
-1
-1
-1
-1
-1
20 9786
-1
-1
20 9517
-1
20 9403
-1
20 9908
16 9419
16 9419
19 9749
-1
21 9766
-1
-1
-1
19 9859
-1
-1
18 9155
18 9155
-1
19 9538
16 9362
-1
18 9438
-1
18 9788
19 9760
23 9611
-1
-1
-1
-1
-1
28 9919
-1
-1
-1
27 9883
24 9606
-1
-1
-1
18 9782
18 9851
17 9257
17 9903
-1
-1
18 9876
-1
-1
-1
-1
16 9379
-1
-1
18 9718
20 9394
20 9394
-1
-1
-1
-1
20 9353
20 9353
20 9853
-1
-1
16 9469
17 9558
-1
18 9881
18 9650
-1
-1
18 9322
18 9322
-1
-1
20 9110
-1
-1
18 9680
-1
-1
-1
20 9432
-1
20 9777
-1
-1
-1
-1
-1
17 9626
15 9668
-1
18 9532
-1
-1
18 9443
19 9787
-1
-1
-1
19 9474
-1
-1
-1
17 9221
-1
-1
18 9117
18 9117
-1
-1
-1
-1
-1
20 9897
-1
-1
-1
-1
-1
-1
20 9738
16 9362
-1
20 9427
20 9504
21 9881
-1
20 9609
-1
20 9379
19 9776
-1
-1
-1
-1
-1
21 9696
21 9696
-1
-1
-1
-1
-1
19 9759
-1
-1
23 9845
-1
-1
32 9829
-1
-1
-1
-1
-1
26 9897
-1
-1
-1
23 9757
-1
-1
-1
-1
-1
21 9591
-1
-1
-1
24 9406
23 9850
23 9850
-1
-1
22 9769
23 9881
20 9708
-1
20 9720
-1
-1
16 9617
-1
-1
-1
-1
-1
19 9411
-1
18 9735
18 9735
18 9920
-1
18 9920
-1
-1
23 9607
-1
21 9888
-1
21 9790
21 9559
21 9559
21 9559
-1
-1
22 9652
-1
17 9295
17 9089
18 9890
20 9772
24 9365
24 9232
-1
-1
25 9752
-1
20 9659
22 9784
-1
16 9080
-1
16 9849
16 9441
-1
16 9465
16 9465
-1
17 9788
17 9729
-1
-1
-1
-1
-1
18 9874
-1
-1
-1
-1
-1
-1
17 9406
-1
-1
17 9797
-1
17 9777
-1
-1
-1
16 9761
-1
21 9917
22 9286
23 9905
-1
23 9905
-1
25 9884
-1
-1
-1
-1
21 9742
-1
-1
-1
-1
-1
17 9124
18 9925
-1
18 9822
-1
-1
-1
-1
-1
-1
24 9767
-1
20 9296
21 9677
-1
17 9469
-1
-1
18 9689
17 9782
-1
-1
-1
-1
-1
-1
-1
15 9927
-1
15 9894
15 9404
-1
16 9505
-1
18 9717
-1
17 9610
16 9771
-1
-1
-1
22 9878
-1
24 9194
25 9896
-1
-1
-1
-1
-1
-1
-1
-1
20 9822
-1
19 9394
-1
20 9866
-1
15 9516
-1
-1
16 9841
-1
-1
19 9870
19 9653
19 9929
-1
19 9929
19 9929
-1
18 9490
-1
17 9566
-1
18 9750
18 9750
18 8993
-1
-1
-1
-1
-1
20 9774
-1
-1
-1
-1
17 9499
17 9499
-1
17 9350
-1
-1
-1
-1
-1
16 9712
-1
15 9891
16 9475
16 9691
-1
-1
18 9640
-1
-1
-1
-1
-1
19 9871
-1
19 9871
22 9510
22 9510
21 9588
22 9352
22 9678
-1
20 9148
-1
20 9687
16 9607
-1
16 9932
16 9272
-1
-1
-1
16 9498
-1
20 9887
18 9426
18 9426
-1
-1
18 9730
19 9904
-1
19 9810
-1
-1
-1
-1
-1
-1
19 9742
-1
19 9742
17 9926
17 9582
-1
-1
16 9137
-1
-1
18 9764
-1
16 9356
-1
-1
20 9719
-1
20 9719
-1
22 9760
23 9772
-1
19 9405
19 9405
-1
-1
-1
16 9861
-1
16 9475
18 9816
18 9816
17 9762
-1
-1
-1
17 9630
17 9630
19 9856
20 9697
19 9314
-1
-1
-1
17 9371
-1
21 9888
19 9448
19 9474
19 9108
21 9855
19 9581
19 9581
15 9656
16 9844
-1
-1
-1
-1
16 9844
18 9730
-1
-1
-1
23 9737
23 9894
22 9868
21 9493
20 9865
20 9865
20 9865
17 9541
-1
-1
-1
-1
-1
21 9429
-1
-1
-1
22 9888
-1
-1
19 9533
19 9916
20 9924
-1
-1
22 9282
-1
-1
19 9496
19 9496
-1
-1
-1
18 9444
-1
-1
18 9085
19 9730
19 9730
19 9730
-1
19 9216
23 9853
23 9853
-1
-1
23 9902
24 9051
24 9051
-1
-1
-1
23 9469
-1
21 9206
17 9384
18 9686
-1
18 9095
-1
23 9467
-1
-1
24 8999
-1
-1
-1
-1
27 9908
-1
-1
-1
-1
-1
-1
-1
-1
-1
18 9837
18 9837
-1
-1
-1
-1
19 9375
20 9886
-1
21 9807
-1
20 9275
18 9887
18 9323
18 9323
-1
-1
18 9631
18 9692
21 9507
-1
-1
-1
-1
-1
19 9772
19 9901
19 9901
-1
-1
-1
22 9877
22 9877
-1
-1
-1
19 9768
19 9167
21 9927
21 9723
-1
-1
-1
-1
20 9632
19 9808
-1
-1
-1
19 9608
-1
-1
21 9879
-1
21 9879
-1
-1
-1
-1
20 9802
19 9561
-1
-1
-1
-1
15 9652
-1
16 9527
15 9840
-1
15 9576
17 9754
18 9191
21 9694
-1
-1
-1
23 9482
23 9891
23 9873
24 9919
-1
24 9429
24 9429
23 9896
-1
-1
23 9583
-1
-1
-1
-1
23 9873
-1
-1
21 9758
-1
-1
-1
-1
23 9031
24 9805
23 9892
23 9892
-1
22 9102
-1
22 9926
18 9597
19 9860
18 9718
18 9718
-1
-1
-1
21 9859
-1
-1
20 9816
21 9877
-1
-1
18 9697
18 9590
20 9387
-1
-1
18 9416
-1
-1
-1
19 9844
-1
-1
16 9665
-1
18 9856
-1
18 9202
18 9831
-1
-1
19 9093
-1
-1
-1
-1
-1
19 9403
21 9555
-1
-1
19 9346
-1
-1
17 9915
17 9915
15 9839
14 9842
15 9929
-1
-1
-1
18 9906
-1
18 9906
-1
-1
-1
-1
-1
-1
-1
-1
18 9846
20 9079
-1
20 9624
-1
-1
-1
-1
-1
-1
-1
-1
-1
20 9498
-1
-1
-1
18 9227
-1
21 9542
21 9918
-1
-1
-1
-1
-1
19 9417
19 9553
19 9194
19 9194
19 9194
-1
-1
-1
18 9843
-1
-1
-1
-1
-1
18 9291
19 9874
-1
-1
19 9539
21 9523
-1
-1
-1
22 9725
-1
20 9739
-1
19 9777
-1
-1
20 9739
20 9656
22 9611
-1
-1
-1
-1
19 9724
-1
-1
17 9489
-1
-1
18 9711
18 9711
-1
-1
18 9796
-1
17 9769
-1
18 9660
-1
-1
-1
-1
-1
-1
20 9769
20 9336
-1
17 9693
18 9810
19 9643
-1
20 9889
-1
15 9371
-1
16 9864
-1
18 9207
18 9207
18 9207
-1
-1
-1
24 9920
-1
24 9749
24 9749
-1
-1
-1
-1
-1
17 9767
-1
-1
15 9355
-1
14 9622
-1
-1
-1
-1
-1
-1
-1
19 9509
19 9885
-1
-1
-1
-1
-1
-1
-1
-1
-1
22 9272
-1
23 9790
-1
22 9738
-1
-1
-1
-1
17 9713
-1
-1
-1
-1
-1
16 9686
16 9684
-1
-1
21 9809
21 9809
-1
22 9520
-1
22 9880
22 9880
-1
-1
20 9916
18 9552
19 9864
15 9187
16 9612
16 9612
16 9612
18 9770
18 9770
17 9136
-1
16 9180
-1
17 9699
17 9699
-1
19 9831
19 9831
18 9849
-1
19 9196
20 9920
-1
18 9877
18 9084
-1
-1
16 9753
17 9794
-1
-1
16 9547
-1
-1
-1
-1
-1
18 9141
-1
22 9575
22 9533
21 9869
-1
15 9695
-1
-1
17 9833
-1
-1
21 9529
21 9529
22 9760
-1
21 9867
21 9179
-1
23 9921
23 9919
-1
-1
-1
-1
-1
-1
-1
-1
23 9414
23 9644
-1
23 9595
23 9595
23 9112
23 9112
-1
22 9846
20 9397
-1
-1
23 9759
24 9763
24 9569
24 9569
24 9569
-1
24 9356
24 9658
-1
23 9853
24 9887
-1
-1
-1
-1
-1
20 9889
-1
20 9877
20 9877
-1
-1
-1
-1
20 9477
20 9626
20 9626
19 9659
-1
-1
-1
-1
-1
16 9115
17 9645
-1
-1
18 9811
-1
-1
18 9619
-1
-1
-1
15 9528
-1
15 9426
-1
-1
17 9911
17 9911
-1
17 9107
18 9887
-1
-1
-1
19 9709
17 9449
-1
-1
16 9677
-1
15 9594
15 9594
16 9362
-1
18 9709
-1
-1
17 9308
17 9308
17 9308
-1
-1
17 9303
16 9380
-1
-1
-1
-1
-1
-1
20 9798
-1
-1
-1
-1
19 9206
19 9206
-1
-1
-1
-1
14 9198
15 9541
15 9541
20 9832
-1
21 9443
-1
21 9888
-1
-1
22 9589
-1
-1
-1
-1
-1
20 9818
20 9818
-1
20 9930
18 9893
19 9734
-1
-1
23 9871
23 9871
22 9532
22 9759
-1
-1
-1
-1
18 9801
18 9801
17 9710
17 9600
-1
15 9234
15 9234
-1
-1
-1
-1
17 9825
-1
19 9842
18 9306
17 9671
-1
-1
-1
21 9853
-1
21 9170
23 9638
-1
24 9794
-1
-1
24 9858
20 9786
20 9786
-1
17 9383
-1
17 9383
-1
-1
-1
17 9003
-1
-1
-1
20 9692
-1
21 9868
-1
-1
-1
-1
24 9458
25 9484
25 9484
-1
-1
-1
19 9785
-1
-1
-1
-1
20 9435
-1
20 9435
20 9435
-1
20 9435
20 9435
21 9657
20 9811
-1
-1
18 9749
17 9511
-1
-1
-1
16 9926
-1
-1
19 9575
20 9894
-1
23 9072
-1
24 9899
-1
-1
25 9206
-1
-1
-1
-1
22 9159
-1
22 9294
23 9669
23 9669
23 9325
-1
-1
20 9600
-1
20 9600
-1
-1
-1
-1
-1
-1
-1
19 9911
-1
19 9911
-1
-1
-1
21 9662
-1
-1
-1
21 9870
-1
-1
-1
-1
-1
-1
25 9835
-1
-1
21 9595
21 9433
-1
-1
19 9396
-1
19 9396
-1
-1
-1
-1
19 9544
-1
-1
-1
18 9653
18 9639
17 9351
18 9366
-1
19 9506
-1
20 9815
-1
-1
21 9834
18 9017
-1
-1
20 9801
21 9916
-1
-1
-1
-1
21 9787
-1
-1
19 9418
-1
-1
-1
17 9528
17 9528
17 9881
17 9190
-1
-1
-1
20 9380
-1
21 9550
21 9550
-1
-1
-1
17 9851
-1
15 9233
-1
-1
-1
18 9880
-1
-1
19 9450
-1
-1
-1
19 9923
-1
19 9899
15 9681
15 9681
16 9603
-1
18 9116
19 9538
-1
-1
-1
20 9820
20 9820
-1
-1
-1
21 9891
-1
-1
20 9798
-1
19 9718
18 9395
18 9715
16 9439
15 9808
15 9808
15 9808
-1
15 9808
-1
17 9746
18 9575
-1
-1
-1
20 9617
20 9617
21 9814
-1
20 9820
-1
-1
-1
21 9904
21 9478
21 9478
22 9858
-1
-1
-1
-1
-1
-1
18 9330
20 9747
-1
-1
-1
-1
-1
-1
-1
-1
-1
-1
-1
-1
-1
-1
-1
22 9596
-1
-1
-1
-1
-1
-1
18 9845
17 9904
15 9809
15 9696
15 9057
-1
16 9856
-1
-1
22 9377
-1
-1
23 9904
-1
25 9807
-1
-1
25 9908
-1
-1
-1
15 9654
-1
16 9789
-1
16 9566
19 9677
20 9530
22 9843
22 9843
-1
-1
-1
17 9488
17 9488
-1
-1
-1
-1
16 9144
17 9781
-1
-1
-1
19 9515
20 9749
20 9749
20 9749
-1
-1
-1
23 9849
-1
-1
-1
-1
-1
-1
-1
-1
16 9730
-1
16 9854
-1
18 9924
-1
18 9924
-1
-1
21 9534
21 9299
20 9410
21 9921
-1
21 9912
20 9482
-1
20 9482
-1
-1
22 9812
-1
22 9812
22 9411
23 9926
-1
-1
-1
22 9300
-1
-1
20 9763
-1
-1
-1
21 9306
-1
-1
21 9422
-1
-1
20 9892
-1
19 9835
17 9355
17 9355
18 9255
19 9685
-1
-1
19 9862
18 9496
-1
17 9271
-1
19 9407
19 9407
19 9407
-1
20 9900
-1
-1
-1
22 8963
-1
-1
-1
-1
24 9301
24 9301
-1
-1
-1
-1
-1
-1
-1
-1
-1
-1
-1
-1
-1
19 9886
19 9271
-1
25 9662
-1
-1
23 9618
-1
23 9932
21 9702
21 9702
19 9932
20 9677
20 9863
19 9748
-1
23 9574
24 9656
-1
23 9635
-1
-1
-1
-1
25 9813
-1
-1
-1
25 9534
25 9534
-1
22 9848
-1
-1
-1
-1
-1
-1
22 9395
22 9395
-1
-1
-1
-1
-1
-1
-1
-1
19 9875
18 9417
19 9895
19 9162
22 9504
-1
22 9504
20 9033
21 9864
21 9864
22 9775
-1
-1
25 9181
25 9491
-1
18 9327
-1
-1
-1
17 9561
18 9176
19 9235
-1
-1
-1
-1
24 9796
24 9507
-1
-1
20 9812
21 9567
21 9858
19 9171
-1
20 9192
21 9766
-1
23 9804
23 9673
-1
21 9891
19 9880
-1
-1
15 9904
15 9904
16 9494
-1
-1
-1
18 9775
18 9775
-1
18 9782
18 9782
-1
-1
-1
-1
-1
-1
-1
23 9866
-1
26 9712
26 9337
-1
-1
27 9134
-1
-1
-1
-1
-1
30 9771
-1
24 9495
-1
-1
23 9865
-1
18 9591
18 9591
15 9157
-1
-1
-1
16 9516
16 9079
-1
-1
15 9700
-1
-1
15 9608
15 9608
16 9785
17 9512
-1
-1
19 9418
-1
-1
16 9337
16 9337
-1
-1
15 9359
-1
-1
17 9635
-1
-1
-1
-1
-1
-1
17 9651
18 9412
-1
-1
20 9785
20 9785
-1
-1
21 9593
-1
-1
-1
-1
-1
22 9471
-1
19 9857
-1
-1
18 9272
18 9272
19 9413
-1
18 9795
17 8986
19 9914
17 9694
17 9694
-1
-1
17 9694
-1
-1
-1
15 9594
15 9663
-1
-1
18 9855
17 9581
-1
18 9713
-1
19 9336
19 9715
-1
-1
-1
-1
-1
-1
-1
-1
-1
-1
17 9640
-1
-1
-1
-1
17 9490
17 9641
18 9903
18 9195
18 9540
-1
19 9763
19 9772
-1
18 9719
-1
-1
-1
-1
-1
17 9607
-1
15 9445
-1
15 9306
-1
-1
-1
-1
17 9154
-1
-1
18 9010
19 9270
-1
21 9732
22 9709
23 9856
23 9856
23 9910
-1
24 9795
-1
-1
-1
-1
-1
-1
-1
-1
19 9888
-1
19 9677
-1
20 8989
21 9740
-1
21 9850
-1
21 9885
-1
-1
-1
19 9433
19 9569
-1
-1
17 9833
-1
17 9915
-1
15 9261
-1
-1
21 9613
21 9105
21 9105
-1
21 9185
21 9185
-1
-1
19 9668
-1
-1
18 9857
18 9857
18 9857
15 9594
-1
17 9677
17 9677
-1
-1
17 9206
16 9620
-1
-1
-1
-1
-1
19 9311
20 9420
-1
20 9841
-1
-1
19 9470
20 9212
-1
-1
-1
-1
19 9931
-1
-1
22 9922
-1
-1
-1
22 9752
-1
-1
22 9400
-1
-1
20 9629
-1
-1
20 9455
-1
20 9650
-1
-1
-1
19 9547
-1
-1
-1
21 9897
-1
-1
21 9405
-1
-1
-1
-1
21 9860
-1
-1
-1
-1
21 9863
-1
-1
21 9388
22 9528
-1
21 9925
-1
19 9648
19 9648
18 9877
17 9576
-1
18 9627
-1
19 9662
18 9930
-1
-1
-1
18 9633
-1
-1
-1
19 9612
-1
-1
-1
20 9246
-1
21 9466
-1
22 9637
-1
-1
-1
-1
-1
21 9921
-1
-1
-1
-1
-1
17 9794
-1
20 9880
-1
-1
-1
19 9514
-1
-1
-1
-1
-1
-1
17 9409
-1
-1
17 9839
-1
-1
-1
18 9829
-1
-1
18 9703
-1
15 9340
-1
-1
16 9286
-1
18 9920
-1
-1
20 9276
20 9587
-1
20 9674
-1
-1
21 9767
-1
22 9856
-1
-1
-1
-1
-1
22 9393
-1
-1
16 9545
16 9545
-1
16 9706
17 9749
17 9881
-1
18 9071
-1
-1
-1
-1
18 9204
-1
18 9466
-1
22 9380
-1
-1
-1
-1
-1
24 9221
19 9326
19 9149
-1
-1
20 9925
-1
20 9147
21 9863
21 9863
-1
-1
-1
-1
18 9509
-1
-1
-1
-1
-1
17 9643
15 9420
-1
-1
16 9737
16 9737
-1
-1
18 9401
18 9402
18 9402
-1
19 9804
-1
21 9783
-1
19 9120
-1
-1
-1
-1
16 9498
-1
16 9498
-1
18 9529
-1
19 9828
-1
-1
16 9017
16 9910
16 9910
-1
-1
13 9597
14 9775
14 9320
-1
-1
-1
-1
-1
-1
-1
19 9894
-1
-1
-1
17 9849
-1
18 9896
-1
17 9905
-1
17 9832
17 9580
17 9580
-1
-1
-1
21 9816
-1
21 9932
-1
-1
-1
18 9507
-1
-1
-1
16 9409
-1
21 9625
-1
-1
18 9646
-1
-1
19 9743
-1
-1
-1
19 9815
-1
-1
-1
-1
20 9853
22 9494
20 9518
20 9693
-1
-1
17 9818
-1
-1
-1
-1
19 9678
-1
20 9905
20 9905
20 9905
21 9225
-1
-1
-1
-1
22 9519
22 9819
-1
-1
-1
23 9881
-1
-1
-1
-1
22 9759
22 9759
-1
-1
22 9526
-1
23 9849
-1
24 9881
-1
-1
22 9686
18 9588
-1
-1
18 9559
-1
20 9439
-1
-1
-1
-1
-1
28 9855
-1
-1
-1
22 9443
21 9549
-1
-1
-1
20 9702
20 9654
-1
18 9697
-1
-1
18 9710
-1
19 9891
-1
19 9645
-1
20 9808
20 9808
20 9933
19 9881
-1
18 9891
18 9891
19 9908
17 9209
17 9209
-1
-1
-1
-1
20 9315
-1
21 9783
-1
22 9712
22 9236
-1
-1
24 9732
24 9540
24 9878
-1
18 9693
18 9693
18 9693
19 9894
-1
-1
-1
17 9900
15 9833
-1
-1
-1
15 9489
-1
-1
-1
20 9905
20 9905
-1
-1
20 9369
-1
21 9880
24 9702
-1
24 9702
-1
-1
-1
-1
-1
-1
-1
20 9800
-1
19 9637
-1
19 9460
-1
-1
-1
-1
-1
20 9543
-1
-1
-1
14 9791
-1
15 9860
-1
15 9860
14 9115
-1
14 9115
-1
16 9388
-1
18 9858
-1
-1
-1
-1
19 8991
-1
-1
21 9882
21 9606
22 9688
23 9521
-1
-1
-1
25 9863
25 9863
-1
26 9578
26 9365
26 9365
26 9365
-1
-1
-1
-1
23 9119
19 9522
-1
16 9754
17 9514
17 9719
17 9719
-1
-1
18 9479
18 9248
18 9248
19 9600
21 9892
-1
-1
-1
-1
18 9625
20 9919
-1
-1
22 9564
-1
-1
-1
-1
-1
-1
23 9474
-1
24 9783
-1
-1
-1
-1
21 9853
21 9628
-1
-1
20 9783
22 9817
22 9817
-1
-1
-1
-1
25 9821
25 9874
-1
-1
-1
21 9778
-1
21 9778
-1
-1
21 9501
-1
21 9704
-1
19 9169
-1
20 9859
20 9441
-1
-1
19 9813
-1
19 9508
-1
-1
-1
-1
18 9408
-1
16 9617
-1
-1
-1
16 9836
17 9887
18 9907
-1
18 9629
-1
-1
-1
-1
20 9789
22 9652
-1
-1
-1
-1
22 9575
22 9627
-1
21 9703
22 9363
-1
-1
21 9634
-1
19 9514
-1
-1
19 9634
18 9933
-1
-1
-1
17 9901
17 9901
-1
-1
-1
18 9083
-1
-1
-1
-1
22 9852
-1
-1
17 9804
-1
18 9818
-1
22 9820
22 9820
-1
-1
-1
18 9136
-1
19 9581
20 9387
-1
20 9872
-1
-1
-1
19 9766
18 9099
-1
-1
20 9849
18 9688
18 9331
-1
18 9331
18 9331
-1
-1
-1
-1
21 9739
-1
23 9800
-1
-1
21 9819
-1
-1
24 9721
-1
-1
-1
-1
-1
-1
-1
-1
-1
-1
22 9326
-1
25 9886
-1
20 9848
-1
-1
18 9918
18 9688
-1
19 9769
20 9736
-1
19 9435
23 9829
21 9854
-1
22 9718
21 9836
-1
-1
22 9753
-1
19 9821
-1
-1
-1
20 9887
-1
-1
20 9887
20 9887
-1
-1
-1
21 9926
-1
21 9926
-1
20 9377
22 9912
-1
-1
-1
21 9918
-1
-1
-1
19 9899
-1
20 9863
-1
-1
-1
20 9289
-1
-1
-1
20 9894
-1
18 9896
-1
18 9896
17 9703
-1
-1
-1
19 9245
-1
24 9528
24 9528
24 9543
22 9755
-1
21 9306
21 9306
-1
21 9306
-1
24 9773
21 9616
22 9861
-1
-1
22 9861
-1
-1
22 9643
-1
19 9449
18 9609
-1
-1
21 9494
21 9494
17 9359
-1
18 9421
-1
20 9828
-1
-1
-1
-1
20 9726
18 9865
18 9865
-1
-1
18 9603
21 9881
21 9881
-1
21 9881
-1
-1
20 9407
22 9918
-1
18 9869
-1
-1
-1
-1
-1
18 9727
19 9609
-1
-1
-1
18 9824
18 9834
-1
17 9714
-1
16 9575
-1
17 9826
17 9826
-1
-1
19 9825
-1
20 9714
20 9714
20 9795
-1
21 9924
20 9527
-1
-1
17 9342
18 9780
17 9781
-1
-1
-1
19 9554
-1
19 9512
-1
-1
-1
-1
25 9761
-1
-1
20 9530
20 9413
20 9413
-1
18 9466
-1
20 9802
21 9772
-1
-1
-1
-1
18 9523
18 9523
-1
-1
-1
-1
-1
17 9212
-1
-1
23 9763
23 9763
-1
-1
-1
-1
-1
18 9512
17 9932
-1
-1
16 9480
17 9388
-1
-1
20 9208
20 9208
-1
-1
20 9380
-1
20 9888
20 9843
-1
21 9896
-1
-1
-1
-1
-1
20 9523
-1
20 9296
-1
20 9863
-1
-1
-1
18 9651
18 9651
19 9364
19 9242
-1
-1
-1
20 9709
-1
-1
20 9814
20 9744
-1
20 9744
20 9744
-1
23 9858
-1
-1
-1
-1
20 9917
-1
18 9932
-1
18 9932
17 9338
-1
-1
-1
19 9751
-1
-1
19 9174
-1
21 9915
20 9564
20 9564
-1
20 9880
19 9877
-1
19 9870
-1
19 9743
-1
21 9791
-1
-1
22 9731
-1
-1
-1
22 9731
-1
-1
-1
-1
-1
-1
-1
-1
-1
-1
-1
20 9220
16 9798
-1
-1
-1
15 9717
14 9372
16 9915
-1
-1
18 9109
-1
-1
-1
-1
-1
21 9705
-1
-1
-1
21 9905
20 9679
20 9685
21 9781
-1
22 9822
-1
19 9847
-1
-1
-1
-1
-1
-1
-1
-1
-1
-1
21 9931
-1
20 9479
-1
21 9512
-1
-1
-1
-1
20 9749
-1
-1
-1
21 9332
24 9567
-1
23 9783
23 9783
23 9375
-1
21 9620
23 9796
-1
20 9799
-1
18 9249
18 9249
-1
-1
-1
19 9262
21 9761
-1
-1
22 9743
-1
-1
-1
18 9757
-1
18 9551
18 9551
-1
18 9881
-1
-1
20 9846
-1
19 9310
-1
18 9251
18 9749
-1
-1
-1
-1
-1
-1
-1
-1
-1
16 9607
-1
-1
-1
-1
16 9299
-1
16 9299
-1
-1
16 9844
-1
-1
-1
19 9873
-1
-1
19 9682
19 9363
-1
-1
19 9577
19 9577
-1
18 9541
18 9663
-1
18 9663
-1
-1
-1
18 9210
-1
-1
20 9840
18 9198
-1
-1
-1
15 9100
-1
-1
18 9614
-1
-1
-1
-1
-1
-1
-1
-1
-1
-1
-1
17 9674
-1
-1
20 9613
20 9932
-1
18 9755
18 9755
-1
20 9523
20 9523
21 9498
-1
21 9802
21 9802
21 9802
21 9802
-1
-1
20 9455
-1
-1
-1
18 9659
-1
18 9421
19 9879
-1
16 9799
15 9879
-1
-1
-1
-1
-1
-1
14 9736
-1
-1
-1
-1
-1
19 9277
21 9909
-1
-1
-1
-1
22 9349
-1
18 9816
-1
18 9354
-1
-1
-1
20 9892
-1
-1
16 9200
-1
-1
16 9425
-1
20 9557
20 9557
20 9557
-1
17 9528
-1
18 9428
19 9700
-1
-1
20 9382
-1
-1
-1
24 9904
24 9904
-1
-1
-1
21 9528
-1
-1
21 9528
21 9528
23 9608
-1
26 9875
-1
-1
17 9449
18 9758
-1
20 9826
-1
-1
20 9704
-1
-1
-1
21 9929
-1
20 9680
-1
-1
-1
-1
-1
18 9825
19 9814
-1
-1
18 9451
18 9451
-1
-1
-1
-1
-1
-1
-1
-1
18 9388
19 9722
-1
17 9492
-1
18 9751
21 9931
-1
22 9823
-1
-1
-1
20 9920
-1
19 9859
-1
-1
-1
-1
-1
-1
-1
21 9637
-1
-1
-1
22 9915
-1
-1
-1
20 9484
20 9484
-1
-1
-1
-1
-1
-1
-1
-1
20 9040
-1
-1
21 9711
19 9533
19 9510
-1
18 9712
18 9712
18 9712
18 9712
-1
18 9901
18 9370
18 9370
18 9370
-1
-1
19 9822
19 9623
-1
24 9301
-1
23 9247
-1
-1
-1
-1
-1
-1
23 9908
-1
-1
-1
-1
20 9355
-1
-1
-1
-1
-1
-1
19 9866
-1
19 9379
-1
22 9928
22 9928
21 9316
19 9328
21 9711
21 9711
-1
21 9617
-1
-1
20 9717
22 9169
-1
-1
23 9774
-1
-1
21 9362
-1
21 9291
-1
-1
19 9720
-1
19 9838
-1
18 9550
-1
-1
-1
-1
-1
18 9698
19 9717
-1
-1
-1
19 9330
20 9705
-1
22 9692
22 9702
-1
23 9873
24 9765
-1
-1
-1
23 9833
-1
23 9256
19 9296
-1
-1
19 9884
-1
19 9846
-1
-1
-1
-1
20 9598
-1
-1
22 9723
-1
-1
-1
-1
-1
-1
23 9896
-1
-1
-1
-1
-1
20 9179
21 9637
-1
-1
-1
17 9794
17 9794
-1
-1
18 9859
17 9632
-1
18 9890
20 9798
-1
21 9831
-1
-1
-1
23 9745
-1
-1
-1
-1
23 9845
-1
-1
-1
-1
18 9312
19 9096
20 9839
18 9547
-1
-1
18 9805
-1
-1
19 9775
-1
-1
-1
-1
18 9681
19 9777
19 9644
16 9415
14 9084
-1
-1
18 9662
-1
-1
15 9613
-1
19 9649
-1
-1
-1
20 9700
-1
-1
-1
22 9798
23 9900
-1
-1
-1
-1
-1
-1
21 9453
22 9882
-1
-1
16 9825
-1
-1
14 9246
16 9406
-1
-1
-1
17 9755
20 9812
-1
19 9767
-1
19 9487
19 9645
21 9928
20 9789
21 9421
-1
-1
21 9757
20 9865
-1
-1
23 9708
23 9841
-1
-1
-1
-1
18 9123
-1
19 9562
18 9561
-1
-1
-1
21 9906
21 9906
-1
21 9503
-1
-1
20 9732
-1
16 9797
16 9797
17 9811
17 9649
-1
-1
18 9279
20 9859
-1
-1
23 9922
22 9773
-1
-1
21 9853
-1
-1
-1
-1
-1
-1
-1
17 9721
19 9912
19 9912
19 9912
-1
-1
-1
-1
22 8989
-1
23 9202
-1
24 9885
-1
20 9802
-1
-1
-1
22 9553
23 9712
-1
23 9712
-1
-1
-1
22 9928
-1
-1
22 9401
22 9401
22 9401
23 9869
24 9892
-1
-1
26 9909
-1
26 9832
-1
28 9813
25 9420
-1
-1
-1
21 9038
-1
15 9574
15 9736
-1
-1
16 9581
-1
-1
18 9817
-1
-1
-1
-1
-1
-1
23 9878
-1
-1
-1
22 9923
-1
23 9715
-1
-1
-1
-1
-1
-1
-1
19 9781
-1
18 9659
-1
-1
-1
-1
-1
16 9493
-1
17 9800
-1
20 9706
20 9706
-1
20 9443
20 9443
18 9870
-1
16 8994
17 9868
-1
-1
20 9930
-1
19 9076
-1
23 9666
-1
24 9750
20 9810
20 9774
-1
-1
-1
-1
-1
-1
-1
24 9560
23 9819
21 9692
-1
-1
21 9468
-1
20 9599
-1
-1
21 9644
-1
-1
20 9339
20 9339
20 9339
22 9423
24 9931
23 9588
-1
22 9584
22 9584
22 9613
-1
-1
-1
16 9431
16 9431
-1
-1
-1
-1
18 9832
18 9663
17 9087
21 9805
-1
22 9593
22 9593
19 9845
20 9888
-1
20 9756
-1
-1
20 9756
17 9368
17 9368
17 9368
17 9660
18 9502
-1
-1
-1
-1
-1
-1
-1
-1
19 9869
-1
19 9631
-1
-1
20 9787
20 9460
20 9460
-1
20 9766
18 9419
19 9508
-1
20 9650
-1
-1
20 9683
19 9866
-1
20 9815
-1
23 9706
22 9341
21 9325
-1
-1
16 9682
-1
-1
-1
-1
-1
17 9783
-1
-1
19 9452
-1
20 9512
-1
22 9744
-1
-1
-1
-1
24 9847
24 9847
-1
-1
-1
-1
-1
23 9925
21 9694
-1
19 9542
-1
20 9770
20 9770
-1
-1
-1
-1
-1
-1
-1
-1
18 9115
18 9115
17 9718
15 9880
16 9760
-1
-1
15 9185
16 9477
16 9477
-1
-1
15 9586
-1
-1
15 9294
-1
17 9835
-1
-1
-1
-1
-1
-1
-1
-1
-1
-1
-1
22 9900
21 9753
-1
21 9753
22 9617
22 9617
-1
25 9929
-1
-1
-1
-1
21 9698
22 9800
-1
22 9486
22 9486
21 9186
-1
-1
19 9041
20 9882
-1
-1
-1
-1
22 9664
21 9858
21 9858
-1
-1
20 9903
-1
21 9406
-1
21 9365
22 9574
-1
-1
18 9923
-1
17 9296
17 9203
16 9091
17 9851
-1
-1
15 9268
16 9823
-1
17 9335
-1
-1
-1
-1
-1
18 9512
-1
-1
19 9785
-1
19 9709
-1
-1
-1
-1
-1
-1
-1
-1
-1
16 9872
17 9695
15 9174
16 9714
-1
17 9697
-1
14 9604
-1
18 9872
20 9604
-1
-1
20 9747
25 9296
-1
-1
26 9777
23 9902
22 9917
-1
-1
20 9797
-1
-1
19 9890
-1
-1
-1
16 9624
16 9325
17 9796
-1
-1
-1
14 9465
14 9921
15 9228
-1
-1
-1
-1
-1
-1
21 9848
-1
21 9848
-1
-1
20 9892
19 9391
-1
-1
-1
21 9407
22 9828
-1
-1
-1
-1
-1
23 9334
22 9829
-1
-1
23 9546
-1
-1
-1
-1
-1
-1
-1
-1
22 9409
23 9500
-1
-1
-1
-1
-1
18 9393
-1
17 9807
-1
17 9255
-1
-1
-1
-1
20 9515
20 9515
20 9515
20 9287
-1
15 9024
17 9613
18 9779
17 9360
16 9130
17 9325
-1
-1
-1
-1
18 9925
18 9706
-1
-1
16 9212
16 9212
17 9471
16 9881
16 9068
-1
-1
19 9857
18 9739
-1
19 9681
19 9925
18 9479
-1
18 9641
-1
-1
18 9735
-1
16 9787
-1
-1
18 9799
-1
18 9790
-1
-1
19 9730
-1
-1
23 9689
23 9689
23 9689
-1
-1
-1
23 9722
-1
22 9583
-1
-1
-1
21 9838
-1
20 9912
-1
18 9925
-1
-1
-1
21 9877
-1
-1
-1
-1
-1
-1
22 9491
-1
-1
19 9431
20 9900
17 9833
-1
-1
-1
-1
-1
18 9093
-1
-1
23 9904
-1
-1
-1
24 9929
-1
-1
23 9791
23 9918
22 9816
-1
23 9640
-1
22 9640
20 9926
-1
21 9460
21 9917
-1
21 9917
21 9917
-1
21 9866
-1
-1
21 9850
21 9340
19 9887
-1
-1
19 9134
-1
-1
20 9525
20 9525
-1
20 9525
-1
-1
-1
21 9303
-1
-1
19 9785
19 9876
-1
20 9924
22 9890
-1
-1
21 9371
-1
-1
-1
20 9909
-1
-1
-1
-1
-1
21 9905
21 9523
21 9523
21 9802
-1
21 9931
21 9917
19 9852
-1
-1
-1
-1
20 9265
-1
-1
-1
20 9886
20 9886
-1
-1
-1
21 9858
-1
26 9567
-1
-1
-1
-1
18 9829
-1
22 9775
-1
22 9667
21 9666
-1
23 9714
-1
18 9846
-1
17 9893
-1
-1
-1
18 9667
-1
-1
-1
18 9807
-1
-1
-1
18 9522
-1
-1
-1
-1
20 9865
20 9638
20 9638
-1
20 9655
-1
-1
17 9678
-1
17 9690
-1
-1
-1
-1
-1
-1
18 9860
-1
-1
-1
17 9558
17 9849
17 9801
-1
-1
-1
16 9784
16 9784
15 9507
-1
16 9276
16 9276
16 9279
16 9279
16 9279
-1
-1
-1
-1
-1
-1
-1
-1
24 9234
25 9538
25 9538
-1
27 9879
-1
25 9652
25 9652
-1
-1
-1
24 9421
21 9682
20 9655
-1
-1
16 9869
-1
16 9644
-1
17 9512
-1
-1
20 9273
21 9324
-1
21 9835
21 9281
-1
21 9219
-1
-1
-1
-1
-1
27 9559
25 9799
-1
21 9864
18 9910
-1
-1
-1
19 9500
19 9500
21 9908
-1
-1
22 9358
20 9318
20 9558
19 9788
-1
-1
-1
19 9734
20 9711
-1
-1
18 9275
19 9741
-1
-1
-1
17 9514
-1
-1
-1
-1
18 9554
20 9580
-1
-1
-1
17 9563
-1
-1
-1
18 9668
17 9494
18 9348
-1
19 9821
20 9796
19 9629
-1
-1
16 9690
16 9467
-1
22 9674
-1
-1
23 9508
-1
-1
-1
22 9536
-1
-1
21 9777
-1
-1
19 9748
-1
-1
17 9025
17 9025
-1
22 9844
-1
21 9319
-1
22 9366
-1
-1
-1
23 9674
22 9703
22 9703
-1
20 9332
20 9442
-1
-1
22 9894
-1
-1
-1
-1
20 9897
-1
-1
-1
-1
-1
16 9196
16 9196
-1
-1
-1
-1
-1
-1
20 9920
-1
18 9827
-1
-1
18 9817
18 9801
-1
-1
16 9817
-1
-1
-1
-1
-1
21 9231
21 9231
22 9725
-1
-1
20 9844
-1
18 9667
18 9667
18 9667
-1
19 9895
-1
-1
21 9508
21 9508
-1
21 9508
-1
16 9719
17 9892
17 9451
17 9716
-1
16 9786
16 9337
-1
18 9904
-1
-1
17 9647
-1
17 9647
-1
19 9274
19 9274
20 9889
-1
-1
21 9725
-1
22 9628
23 9898
24 9830
-1
-1
21 9580
-1
21 9580
-1
-1
-1
20 9808
19 9370
-1
21 9884
22 9845
22 9845
22 9845
-1
22 9845
21 9223
-1
25 9479
-1
-1
28 9897
25 9761
25 9758
-1
23 9188
-1
24 9837
-1
24 9837
-1
16 9495
-1
-1
-1
-1
18 9540
-1
-1
-1
-1
-1
16 9667
18 9402
19 9687
-1
-1
22 9813
21 9391
21 9391
21 9391
21 9391
-1
-1
21 9919
-1
20 9884
-1
-1
19 9907
19 9907
-1
19 9399
-1
-1
-1
-1
19 9834
18 9697
18 9806
-1
-1
17 9808
-1
16 9041
17 9863
17 9863
-1
17 9291
-1
18 9472
-1
-1
-1
17 9252
-1
17 9678
-1
-1
18 9381
-1
-1
21 9047
-1
-1
-1
-1
22 9446
-1
22 9739
-1
-1
-1
-1
19 9540
17 9321
-1
-1
-1
-1
18 9391
-1
-1
-1
-1
-1
-1
-1
-1
18 9491
-1
18 9491
19 9786
18 9738
17 9331
-1
-1
-1
20 9425
-1
18 9536
18 9536
-1
18 9501
18 9459
19 9585
-1
19 9921
-1
19 9563
-1
-1
20 9808
20 9808
19 9749
-1
18 9667
-1
-1
23 9694
-1
-1
-1
-1
-1
24 9867
24 9867
-1
-1
21 9443
22 9072
23 9421
-1
-1
-1
27 9762
-1
24 9710
25 9820
-1
-1
24 9760
19 9516
19 9780
-1
-1
-1
-1
16 9233
-1
-1
-1
-1
17 9885
17 9419
18 9720
18 9720
19 9848
19 9403
-1
19 9403
-1
-1
-1
22 9666
-1
21 9522
-1
22 9734
18 9529
-1
-1
-1
17 9878
17 9878
18 9875
18 9914
-1
18 9914
18 9789
-1
-1
19 9789
-1
-1
19 9814
19 9814
-1
18 9847
19 9677
-1
-1
-1
19 9795
-1
-1
19 9760
19 9908
-1
-1
-1
19 9909
-1
-1
-1
17 9209
-1
-1
-1
-1
-1
-1
-1
23 9661
23 9779
-1
24 9924
24 9924
25 9879
-1
21 9524
-1
24 9627
-1
-1
-1
24 9572
27 9751
-1
-1
25 9819
-1
25 9378
-1
-1
19 9763
-1
21 9619
21 9775
21 9775
21 9775
-1
-1
-1
21 9316
22 9841
-1
-1
-1
-1
-1
21 9924
19 9646
-1
-1
-1
-1
-1
21 9791
-1
21 9879
-1
-1
22 9662
22 9662
-1
20 9521
21 9498
-1
-1
-1
23 9582
23 9409
-1
-1
21 9208
22 9851
22 9851
22 9918
-1
-1
21 9899
21 9914
23 9922
23 9779
22 9524
24 9694
23 9760
-1
-1
-1
-1
18 9367
-1
19 9460
-1
19 9438
20 9764
-1
21 9690
-1
-1
20 9346
-1
18 9537
-1
21 9726
20 9306
-1
-1
-1
15 9662
15 9662
14 9540
-1
-1
17 9600
17 9844
-1
20 9263
-1
20 9263
-1
17 9904
-1
18 9502
-1
22 9905
-1
-1
-1
22 9690
23 9715
-1
-1
20 9820
-1
17 9785
-1
-1
19 9347
-1
22 9865
-1
-1
-1
-1
-1
-1
26 9802
-1
-1
-1
-1
23 9883
-1
-1
-1
18 9890
-1
-1
-1
-1
19 9805
20 9691
-1
-1
-1
21 9929
-1
-1
-1
23 9711
-1
-1
-1
20 9436
-1
-1
17 9590
-1
19 9387
21 9511
22 9871
-1
-1
-1
-1
20 9313
16 9541
-1
-1
19 9644
-1
-1
21 9823
-1
-1
-1
17 9271
17 9271
-1
21 9660
22 9629
-1
22 9770
23 9642
-1
23 9903
-1
-1
-1
21 9702
-1
23 9870
-1
-1
-1
-1
-1
-1
-1
23 9703
-1
-1
-1
-1
21 9899
-1
21 9873
19 9390
-1
20 9434
-1
-1
-1
22 9873
22 9873
-1
20 9770
20 9208
-1
20 9838
-1
20 9838
21 9749
-1
-1
19 9569
19 9728
-1
-1
21 9920
19 9696
-1
19 9696
-1
-1
18 9338
-1
-1
-1
18 9745
18 9735
18 9735
21 9713
22 9516
-1
22 9516
-1
-1
-1
-1
25 9713
25 9713
-1
-1
24 9436
-1
-1
-1
-1
19 9772
-1
-1
-1
-1
-1
16 9280
-1
16 9280
18 9768
-1
17 9880
-1
-1
-1
17 9272
-1
18 9886
-1
20 9578
-1
20 9276
20 9507
-1
21 9705
19 9790
-1
17 9758
16 9377
17 9846
-1
-1
-1
21 9465
-1
21 9309
-1
-1
-1
-1
-1
-1
21 9903
-1
-1
22 9923
22 9923
22 9433
-1
-1
22 9844
-1
-1
-1
-1
16 9262
-1
-1
-1
17 9472
-1
17 9795
-1
17 9795
17 9795
-1
17 9409
-1
17 9399
17 9399
-1
18 9500
-1
18 9648
-1
-1
-1
18 9697
18 9479
22 9907
22 9907
-1
-1
20 9906
16 9713
-1
-1
-1
-1
17 9620
-1
18 9424
19 9196
-1
22 9866
-1
20 8982
-1
21 9743
23 9157
22 9415
23 9886
-1
23 9886
-1
20 9864
-1
-1
22 9529
-1
-1
21 9740
21 9740
-1
-1
-1
-1
-1
23 9849
-1
-1
23 9514
18 9292
-1
19 9652
20 9857
-1
19 9694
-1
-1
-1
20 8972
-1
-1
20 8972
-1
-1
23 9638
-1
-1
19 9283
-1
-1
18 9450
18 9211
-1
20 9891
21 9431
22 9799
-1
22 9799
21 9070
-1
21 9485
-1
21 9578
-1
-1
-1
-1
-1
-1
-1
21 9818
-1
21 9818
-1
-1
-1
-1
21 9838
-1
-1
21 9838
21 9838
-1
19 9593
-1
20 9633
-1
19 9736
19 9645
22 9907
-1
-1
-1
-1
-1
16 9414
-1
-1
-1
22 9700
22 9700
-1
-1
-1
-1
-1
22 9808
21 9777
-1
-1
-1
21 9903
21 9903
21 9887
-1
-1
-1
-1
-1
21 9794
22 9463
-1
20 9367
-1
-1
-1
-1
21 9716
19 9281
-1
20 9484
18 9686
-1
-1
-1
-1
-1
19 9691
-1
-1
-1
-1
17 9859
-1
-1
-1
15 9766
-1
-1
-1
-1
18 9454
-1
-1
-1
22 9808
-1
-1
-1
15 9612
15 9612
16 9635
-1
17 9604
-1
-1
-1
15 9398
-1
21 9587
21 9587
-1
20 9145
20 9145
-1
-1
-1
23 9863
-1
19 9124
19 9695
-1
-1
-1
-1
-1
-1
-1
19 9648
-1
-1
18 9752
-1
-1
-1
18 9774
-1
19 9845
-1
-1
18 9764
17 9565
17 9016
-1
-1
-1
-1
-1
-1
18 9872
-1
18 9872
-1
-1
-1
-1
17 9439
18 9466
20 9633
-1
-1
-1
23 9929
24 9858
26 9389
26 9389
-1
-1
21 9315
21 9713
-1
20 9897
19 9592
19 9592
19 9592
18 9753
-1
19 9732
19 9732
-1
-1
19 9876
20 9567
22 9923
22 9516
22 9516
-1
-1
24 9917
-1
25 9530
-1
-1
-1
22 9821
-1
-1
23 9878
21 9835
-1
22 9030
23 9803
-1
23 9803
22 9605
-1
-1
-1
-1
-1
-1
-1
-1
-1
-1
23 9759
-1
-1
22 9927
-1
-1
18 9712
-1
17 9310
17 9583
18 9339
18 9466
-1
-1
-1
-1
-1
16 9549
16 9557
-1
-1
-1
-1
17 9330
-1
-1
-1
-1
18 9860
-1
-1
-1
-1
18 9188
-1
-1
20 9810
-1
-1
-1
21 9881
-1
20 9617
-1
-1
21 9248
-1
-1
23 9501
21 9181
-1
22 9339
-1
-1
-1
24 9887
-1
-1
-1
16 9765
-1
-1
-1
15 9752
15 9645
-1
-1
-1
19 9518
19 9750
-1
-1
-1
19 9772
-1
17 9874
-1
-1
-1
14 9720
-1
-1
-1
15 9924
-1
-1
17 9586
19 9445
-1
19 9456
-1
-1
15 9148
15 9148
-1
16 9345
-1
17 9355
20 9763
22 9918
-1
-1
19 9762
-1
-1
19 9599
-1
-1
-1
18 9350
18 9350
19 9224
-1
-1
-1
19 9564
19 9685
-1
17 9737
-1
17 9414
17 9414
20 9872
-1
20 9655
20 9655
21 9716
21 9716
-1
-1
20 9851
20 9851
20 9851
19 9582
-1
18 9649
-1
-1
-1
21 9896
-1
20 9120
-1
22 9772
-1
-1
-1
-1
-1
-1
-1
-1
21 9659
22 9799
-1
21 9328
-1
26 9834
-1
-1
20 9741
21 9931
21 9908
-1
-1
-1
-1
-1
-1
-1
-1
24 9676
-1
22 9478
21 9373
21 9920
-1
-1
22 9674
-1
-1
-1
-1
-1
-1
17 9597
17 9597
-1
-1
-1
-1
21 9854
21 9854
-1
21 9815
-1
20 9199
22 9312
21 9489
21 9489
-1
21 9575
22 9860
21 9676
-1
22 9741
-1
23 9834
-1
-1
20 9796
-1
-1
-1
-1
-1
16 9740
16 9402
16 9718
-1
-1
-1
18 9914
-1
-1
18 9659
-1
-1
20 9906
20 9299
-1
21 9682
20 9497
20 9878
-1
-1
-1
22 9591
22 9855
-1
20 9121
23 9887
23 9887
23 9887
22 9584
-1
18 9417
18 9417
-1
-1
-1
-1
22 9903
-1
23 9747
23 9747
-1
22 9484
-1
18 9561
19 9874
-1
-1
-1
-1
18 9555
-1
19 9826
18 9176
18 9551
-1
-1
-1
-1
19 9763
17 9457
17 9457
19 9933
18 9810
-1
-1
-1
-1
21 9925
21 9925
-1
-1
17 9620
16 9785
-1
-1
-1
19 9372
-1
20 9558
-1
-1
-1
17 9144
-1
-1
17 9650
-1
18 9802
-1
-1
-1
-1
17 9238
18 9584
-1
-1
17 9334
-1
18 9933
17 9896
-1
-1
-1
19 9831
18 9749
-1
-1
14 9621
-1
13 8999
-1
-1
-1
-1
-1
18 9416
18 9866
-1
18 9866
18 9866
-1
-1
15 9927
-1
-1
-1
-1
-1
-1
-1
17 9378
18 9682
20 9842
-1
-1
-1
-1
17 9292
17 9292
18 9736
18 9736
-1
-1
-1
-1
20 9824
19 9404
19 9404
19 9404
-1
24 9914
21 9911
19 9157
-1
20 9386
21 9872
22 9821
22 9920
-1
22 9846
-1
-1
-1
21 9403
21 9492
21 9492
21 9843
20 9898
19 9752
20 9893
-1
-1
-1
-1
19 9830
-1
-1
20 9559
-1
20 9559
-1
21 9921
19 9795
17 9924
-1
18 9231
-1
21 9902
-1
-1
-1
19 9083
-1
19 9447
19 9447
19 9447
-1
15 9607
-1
-1
-1
-1
-1
19 9860
-1
19 9860
-1
-1
17 9531
17 9089
-1
-1
-1
-1
21 9930
-1
-1
21 9930
19 9397
20 9774
-1
20 9565
-1
-1
21 9551
-1
-1
-1
-1
22 9644
-1
23 9808
-1
22 9148
-1
19 9852
-1
15 9765
-1
17 9512
-1
19 9784
-1
-1
19 9308
-1
19 9744
-1
-1
21 9732
-1
-1
-1
21 9551
21 9519
-1
-1
22 9262
-1
22 9262
-1
-1
22 9731
-1
20 9491
17 9567
-1
-1
21 9727
21 9727
-1
-1
-1
20 9245
-1
-1
-1
20 9606
18 9859
18 9279
19 9406
20 9772
20 9772
-1
-1
-1
21 9905
22 9817
-1
-1
-1
-1
-1
-1
-1
21 9462
20 9818
-1
20 9366
21 9224
-1
-1
21 9557
-1
19 9273
-1
19 9708
-1
19 9778
-1
-1
17 9899
-1
16 9324
17 9784
17 9149
-1
19 9781
-1
19 9781
-1
18 9470
18 9470
-1
-1
18 9323
-1
-1
-1
18 9532
-1
19 9767
-1
-1
19 9405
-1
20 9756
-1
-1
-1
-1
-1
19 9496
19 9496
-1
-1
16 9386
-1
18 9889
-1
-1
15 8974
-1
20 9815
-1
21 9526
-1
-1
-1
-1
24 9606
-1
-1
-1
24 9913
-1
22 9737
-1
23 9854
-1
22 9532
-1
-1
-1
-1
22 9899
-1
20 9832
-1
19 9876
-1
20 9909
22 9873
-1
21 9438
22 9895
22 9895
-1
-1
20 9256
-1
-1
-1
18 9625
-1
17 9928
18 9699
-1
-1
19 9928
-1
17 9871
-1
-1
19 9552
-1
20 9915
-1
-1
-1
21 9792
20 9677
20 9583
20 9583
-1
20 9583
20 9740
-1
-1
18 9199
18 9199
-1
-1
-1
-1
18 9484
-1
19 9624
19 9624
-1
17 9209
18 9661
18 9661
-1
20 9374
-1
-1
20 9776
-1
19 9412
-1
19 9412
19 9412
17 9430
-1
-1
-1
-1
-1
16 9727
16 9727
-1
-1
16 9707
-1
20 9154
20 9154
21 9883
22 9698
-1
-1
21 9829
-1
21 9728
-1
21 9813
-1
-1
-1
-1
-1
18 9594
-1
-1
-1
-1
-1
-1
-1
-1
-1
-1
22 9463
-1
24 9516
-1
25 9859
-1
21 9860
19 9881
19 9881
-1
-1
16 9666
21 9365
21 9365
21 9365
-1
-1
24 9817
-1
-1
28 9898
-1
26 9857
-1
-1
-1
23 9891
-1
21 9641
-1
-1
17 9421
-1
-1
-1
-1
-1
21 9391
-1
-1
20 9874
-1
-1
-1
19 9897
-1
-1
-1
-1
18 9904
17 9672
17 9867
18 9705
18 9885
-1
17 9889
-1
-1
19 9384
-1
19 9236
-1
-1
-1
-1
-1
-1
-1
20 9214
-1
-1
-1
18 9567
-1
17 9082
18 9752
18 9308
-1
-1
-1
22 9309
22 9883
-1
19 9856
-1
-1
-1
18 9570
17 9903
-1
-1
-1
17 9486
-1
14 9645
15 9879
15 9565
15 9565
-1
-1
15 9117
16 9271
-1
-1
-1
-1
-1
-1
23 9799
24 9516
24 9883
22 9731
-1
-1
19 9805
19 9805
17 9844
17 9847
-1
18 9868
18 9868
18 9868
18 9868
17 9414
-1
-1
-1
19 9404
-1
-1
19 9390
18 9481
20 9702
-1
20 9574
-1
-1
-1
-1
-1
14 9087
-1
15 9591
15 9815
-1
-1
23 9610
-1
-1
24 9678
-1
-1
-1
-1
20 9932
-1
15 9420
-1
-1
17 9410
-1
18 9839
-1
18 9790
-1
-1
-1
-1
-1
19 9548
-1
-1
-1
-1
-1
23 9726
-1
-1
-1
22 9799
-1
23 9798
24 9909
-1
-1
-1
21 9352
21 9128
-1
-1
-1
-1
-1
18 9776
-1
17 9494
17 9645
-1
18 9795
19 9845
-1
-1
18 9788
-1
18 9366
-1
-1
16 9551
-1
16 9533
-1
16 9533
-1
-1
-1
-1
-1
-1
16 9456
-1
-1
23 9902
22 9688
20 9359
-1
22 9837
16 9259
17 9569
18 9832
-1
-1
21 9897
-1
24 9760
-1
24 9652
23 9334
-1
-1
-1
27 9840
27 9840
-1
27 9684
27 9931
27 9931
-1
-1
-1
23 9932
20 9562
-1
-1
-1
20 9750
21 9793
-1
-1
-1
-1
-1
24 9486
-1
-1
-1
-1
16 9189
-1
20 9778
-1
21 9750
-1
-1
22 9660
23 9340
-1
-1
24 9869
-1
19 9878
17 9780
-1
-1
16 9854
-1
-1
18 9672
18 9672
20 9838
22 9822
-1
21 9403
-1
-1
-1
-1
-1
-1
18 9230
18 9230
17 9914
-1
16 9728
16 9728
17 9905
-1
18 9376
20 9798
20 9798
19 9894
20 9796
-1
-1
-1
-1
-1
-1
20 9811
19 9226
-1
-1
-1
16 9788
16 9788
-1
-1
16 9791
16 9311
-1
15 9320
16 9493
-1
-1
17 9309
-1
18 9576
-1
20 9350
-1
21 9930
19 9456
19 9456
19 9194
18 9185
-1
-1
-1
19 8959
-1
-1
21 9720
-1
18 9779
17 9614
18 9667
-1
-1
-1
-1
-1
-1
23 9639
-1
-1
-1
-1
-1
-1
-1
21 9640
21 9832
-1
-1
20 9675
-1
-1
-1
17 9661
18 9573
-1
19 9807
17 9211
-1
-1
-1
-1
-1
-1
28 9730
-1
-1
23 9724
23 9724
21 9205
-1
-1
-1
20 9924
20 9924
-1
-1
-1
-1
18 9187
-1
-1
19 9759
-1
-1
21 9479
22 9855
23 9737
19 9884
19 9774
-1
19 9774
-1
-1
-1
19 9922
19 9013
-1
-1
20 9779
20 9806
20 9562
-1
-1
-1
-1
-1
21 9927
21 9927
18 9339
18 9720
18 9720
-1
-1
-1
21 9821
-1
-1
20 9918
-1
-1
-1
-1
-1
-1
-1
19 9346
19 9798
-1
-1
-1
21 9190
23 9883
-1
-1
-1
22 9529
22 9529
20 9834
20 9540
-1
-1
-1
16 9464
-1
-1
-1
21 9623
-1
19 9404
-1
18 9879
18 9383
-1
19 9769
-1
18 9891
-1
-1
-1
20 9491
20 9738
-1
-1
-1
20 9328
-1
-1
-1
-1
17 9433
17 9433
17 9433
-1
19 9472
20 9591
20 9890
-1
-1
-1
-1
20 9819
-1
22 9493
22 9190
23 9701
-1
24 9443
-1
-1
-1
-1
24 9884
24 9824
22 9122
-1
-1
-1
20 9770
-1
14 9413
14 9413
15 9107
16 9443
-1
-1
16 9377
16 9377
17 9699
-1
19 9924
17 9893
17 9769
15 9575
-1
-1
-1
-1
18 9210
18 9210
-1
17 9145
-1
-1
-1
-1
-1
-1
-1
-1
19 9792
19 9714
-1
19 9836
-1
19 9689
-1
-1
-1
17 9722
-1
18 9461
-1
-1
19 9778
19 9075
21 9913
-1
-1
-1
20 9128
21 9600
-1
-1
-1
19 9376
19 9376
-1
-1
20 9674
18 9340
-1
-1
-1
-1
-1
14 9424
-1
18 9836
-1
17 9774
-1
17 9886
-1
-1
-1
-1
-1
17 9360
-1
18 9454
19 8955
20 9680
-1
-1
-1
-1
20 9787
-1
-1
-1
22 9785
22 9452
-1
20 9762
-1
-1
16 9709
-1
-1
16 9291
17 9409
-1
-1
20 9846
21 9875
-1
-1
-1
18 9665
-1
18 9565
18 9784
-1
-1
19 9927
-1
-1
19 9375
19 9841
-1
-1
19 9829
-1
18 9855
-1
-1
-1
24 9682
-1
-1
24 9268
-1
27 9690
-1
-1
28 9619
28 9619
-1
26 9931
-1
22 9859
19 9805
21 9763
22 9282
-1
24 9624
-1
-1
23 9816
22 9899
22 9899
-1
19 9508
18 9575
-1
-1
-1
-1
19 9550
20 9646
18 9910
-1
-1
22 9323
22 9244
23 9904
-1
-1
21 9671
19 9931
-1
18 9927
-1
-1
-1
20 9855
-1
20 9900
20 9531
16 9412
-1
-1
-1
-1
-1
17 9426
-1
-1
15 9869
-1
-1
-1
16 9404
-1
-1
17 9803
-1
-1
18 9866
-1
-1
-1
-1
19 9208
19 9208
-1
19 9286
-1
-1
19 9740
18 9888
-1
-1
-1
-1
18 9462
19 9907
-1
18 9484
-1
-1
-1
19 9363
-1
21 9838
22 9896
21 9695
-1
19 9503
-1
-1
-1
-1
-1
21 9663
-1
17 9910
-1
-1
-1
-1
15 9319
17 9928
17 9918
-1
17 9769
17 9441
-1
18 9784
-1
16 9458
15 9153
16 9412
18 9674
18 9674
18 9384
-1
19 9360
-1
19 9724
-1
-1
-1
20 9872
19 9204
19 9246
-1
21 9293
-1
-1
19 9417
-1
-1
19 9417
-1
19 9554
20 9858
22 9364
-1
23 9424
23 9909
23 9909
23 9909
22 9367
-1
23 9578
23 9578
-1
-1
-1
-1
-1
20 9421
20 9421
-1
20 9431
-1
20 9431
-1
-1
20 9431
19 9322
-1
-1
-1
-1
-1
-1
-1
19 9599
-1
-1
-1
-1
-1
18 9848
18 9848
17 9196
17 9196
-1
19 9572
20 9883
-1
-1
20 9659
21 9761
-1
-1
21 9570
-1
21 9569
-1
22 9583
-1
-1
-1
-1
-1
23 9866
20 9857
21 9894
-1
-1
21 9738
-1
22 9646
-1
-1
-1
18 9470
-1
-1
-1
21 9914
-1
-1
-1
23 9634
21 9109
-1
16 9715
-1
16 9715
-1
-1
14 9581
15 9893
15 9893
15 9735
-1
-1
19 9740
-1
-1
20 9778
-1
-1
-1
-1
-1
-1
-1
-1
21 9529
19 9333
20 9720
23 9410
-1
24 9869
-1
22 9195
-1
-1
-1
-1
-1
17 9763
16 9876
-1
-1
-1
16 9185
15 9726
15 9726
-1
-1
15 9546
15 9303
-1
-1
-1
15 9864
15 9864
15 9864
-1
-1
-1
-1
-1
14 9180
-1
16 9908
-1
-1
19 9502
-1
24 9311
-1
-1
25 9268
-1
-1
28 9803
-1
25 9674
-1
-1
28 9912
23 9418
22 9301
-1
-1
-1
20 9519
21 9891
18 9458
18 9161
19 9889
-1
-1
18 9488
17 9257
19 9869
-1
-1
-1
-1
-1
-1
20 9422
-1
-1
-1
22 9845
-1
-1
17 9774
-1
17 9774
16 9733
16 9597
17 9821
-1
-1
15 9319
-1
-1
-1
-1
-1
17 9487
-1
-1
-1
-1
18 9746
-1
17 9303
-1
-1
-1
-1
16 9520
-1
19 9722
-1
-1
-1
-1
-1
-1
-1
20 9321
20 9321
-1
18 9324
-1
-1
-1
-1
-1
-1
19 9879
-1
-1
22 9460
19 9281
19 9817
20 9893
20 9858
20 9858
-1
-1
19 9883
-1
-1
-1
-1
-1
-1
22 9545
-1
-1
24 9932
-1
24 9907
-1
24 9828
25 9906
-1
-1
24 9852
-1
19 9186
-1
17 9591
-1
20 9674
21 9605
-1
19 9906
18 9718
16 9174
17 9610
-1
-1
17 9297
-1
19 9841
20 9711
-1
-1
-1
-1
-1
20 9678
-1
-1
-1
21 9387
-1
22 9688
-1
-1
-1
24 9724
-1
19 9721
19 9872
-1
-1
18 9534
-1
-1
-1
18 9237
19 9786
-1
20 9731
19 9350
21 9857
22 9889
-1
21 9227
-1
22 9452
-1
-1
-1
-1
-1
23 9905
-1
-1
-1
21 9601
21 9914
-1
20 9820
-1
-1
-1
19 9770
-1
-1
-1
20 9553
20 9553
-1
19 9203
20 9694
18 9294
18 9294
20 9721
-1
22 9843
-1
22 9854
-1
22 9543
-1
-1
20 9765
-1
21 9743
18 9423
-1
-1
-1
18 9833
-1
-1
-1
-1
-1
-1
17 9778
-1
-1
17 9778
-1
-1
-1
-1
-1
21 9868
-1
-1
20 9276
21 9165
-1
-1
-1
19 9499
-1
17 9665
17 9336
-1
19 9802
-1
-1
-1
-1
20 9646
20 9646
-1
21 9847
-1
22 9914
-1
22 9895
22 9895
-1
22 9895
22 9927
-1
17 9372
-1
19 9781
-1
19 9705
19 9894
18 9437
18 9456
18 9881
16 9803
19 9822
22 9892
-1
23 9543
-1
19 9484
-1
-1
-1
15 9802
16 9889
19 9915
-1
-1
-1
19 9616
20 9675
19 9677
-1
18 9633
-1
-1
17 9649
-1
18 9852
18 9342
-1
20 9789
21 9696
22 9810
20 9894
-1
-1
-1
-1
-1
-1
-1
-1
18 9925
16 9417
16 9375
-1
-1
18 9719
-1
-1
-1
21 9670
21 9670
-1
-1
-1
23 9864
24 9908
24 9908
24 9787
24 9787
-1
19 9551
19 9551
19 9551
-1
-1
-1
24 9857
-1
24 9857
-1
-1
-1
22 9659
-1
24 9489
-1
25 9518
26 9929
26 9929
-1
-1
-1
-1
-1
-1
-1
25 8989
-1
-1
-1
-1
19 9827
-1
-1
22 9456
23 9511
-1
22 9684
-1
-1
-1
21 9589
-1
-1
-1
-1
-1
19 8995
22 9838
22 9838
-1
22 9839
21 9657
-1
20 9353
-1
21 9908
-1
-1
20 9855
20 9717
-1
21 9531
-1
20 9153
20 9153
20 9153
-1
22 9730
-1
23 9441
-1
22 9750
23 9665
-1
22 9801
23 9918
23 9726
-1
-1
18 9660
18 9660
19 9819
-1
-1
-1
20 9634
-1
-1
22 9539
21 9460
-1
23 9867
23 9783
-1
-1
-1
-1
16 9572
-1
17 9778
-1
-1
15 9156
15 9371
-1
-1
-1
-1
-1
14 9440
-1
16 9850
-1
16 9584
-1
-1
-1
18 9268
20 9771
20 9626
20 9791
-1
18 9721
18 9721
18 9814
-1
18 9227
-1
20 9226
24 9602
-1
23 9804
-1
-1
21 9583
-1
21 9840
21 9895
-1
21 9812
19 9548
-1
-1
-1
-1
21 9863
22 9197
20 9525
20 9456
-1
-1
-1
21 9597
22 9625
21 9834
21 9632
21 9632
-1
22 9066
22 9066
-1
-1
23 9825
-1
-1
-1
23 9848
23 9848
-1
20 9129
-1
16 8978
-1
16 8978
-1
19 9907
-1
17 9635
15 9388
16 9698
-1
-1
16 9859
-1
-1
21 9419
-1
-1
22 9736
-1
-1
-1
-1
-1
-1
-1
22 9511
23 9615
21 9462
21 9462
19 9841
-1
15 9714
-1
15 9831
-1
-1
-1
17 9414
20 9848
-1
-1
-1
20 9743
20 9743
-1
-1
-1
19 9741
-1
-1
-1
-1
-1
-1
-1
22 9882
-1
-1
-1
17 9703
-1
-1
18 9426
-1
-1
24 9921
25 9602
-1
-1
-1
-1
23 9724
19 9839
-1
19 9839
-1
17 9679
15 9654
16 9829
-1
-1
17 9776
17 9776
-1
-1
-1
19 9703
-1
18 9545
19 9862
-1
21 9893
-1
19 9361
-1
20 9657
-1
20 9657
19 9749
-1
19 9749
-1
-1
-1
22 9780
21 9754
-1
-1
-1
-1
-1
25 9275
-1
-1
-1
-1
-1
22 9748
-1
-1
19 9830
-1
-1
21 9789
-1
-1
23 9563
-1
22 9221
-1
-1
-1
23 9342
22 9297
-1
-1
-1
24 9932
-1
-1
20 9633
-1
-1
-1
20 9699
20 9221
21 9499
21 9879
21 9848
-1
-1
23 9607
-1
-1
-1
22 9734
-1
21 9907
-1
-1
-1
-1
21 9771
22 9406
-1
-1
21 9921
-1
-1
23 9858
22 9749
-1
22 9674
-1
23 9416
-1
-1
23 9453
-1
21 9925
-1
-1
-1
21 9791
19 9802
-1
-1
-1
-1
-1
-1
-1
-1
-1
18 9800
-1
19 9759
19 9759
-1
-1
20 9677
20 9706
-1
23 9072
-1
25 9795
-1
-1
-1
24 9842
-1
-1
21 9438
-1
-1
20 9826
-1
-1
-1
-1
23 9516
-1
-1
-1
-1
22 9349
-1
-1
22 9919
23 9800
23 9800
23 9800
-1
-1
-1
-1
24 9395
-1
26 9917
26 9917
-1
20 9359
19 9260
19 9201
-1
-1
21 9871
21 9871
21 9930
-1
-1
-1
-1
-1
23 9598
18 9561
-1
-1
-1
-1
-1
-1
21 9737
21 9737
-1
-1
-1
22 9803
21 9566
20 9097
24 9856
21 9830
-1
19 9101
15 9817
-1
16 9603
-1
-1
-1
22 9326
-1
-1
-1
-1
-1
19 9697
18 9805
-1
-1
-1
-1
16 9603
-1
19 9692
-1
19 9351
-1
-1
-1
21 9650
-1
-1
-1
25 9627
19 9780
19 9877
-1
-1
16 9762
-1
18 9477
20 9540
20 9540
-1
18 9826
17 9580
-1
16 9577
-1
-1
-1
-1
-1
-1
-1
19 9486
-1
21 9456
21 9456
21 9456
-1
22 9864
-1
-1
22 9653
21 9070
21 9656
21 9656
-1
-1
23 9844
21 9625
-1
-1
18 9628
-1
18 9784
-1
20 9827
19 9739
19 9739
-1
-1
-1
17 9244
-1
18 9802
-1
19 9805
-1
-1
-1
-1
-1
17 9162
16 9494
-1
-1
22 9601
-1
21 9729
21 9729
-1
23 9894
-1
-1
21 9466
-1
-1
-1
-1
-1
21 9855
22 9761
21 9730
-1
17 9346
-1
19 9532
-1
-1
18 9516
18 9516
18 9611
17 9728
18 9889
-1
18 9387
19 9910
-1
-1
17 9435
16 9886
16 9886
16 9886
15 9736
-1
-1
17 9415
17 9415
-1
-1
-1
-1
21 9639
-1
-1
-1
-1
-1
-1
19 9816
19 9676
-1
20 9433
-1
18 9450
18 9450
18 9925
-1
18 9794
18 9867
18 9867
-1
-1
-1
-1
17 9431
19 9845
-1
-1
-1
-1
-1
-1
24 9856
-1
-1
-1
24 9843
23 9374
-1
23 9374
24 9922
23 9688
23 9688
-1
21 9465
-1
24 9405
-1
23 9433
-1
24 9755
20 9399
-1
-1
-1
18 9568
18 9568
-1
-1
-1
-1
22 9818
-1
22 9306
20 9436
-1
14 9391
-1
-1
-1
-1
19 9854
19 9854
19 9668
-1
21 9694
20 9671
20 9671
-1
21 9754
-1
19 9777
19 9309
-1
18 9608
-1
18 9881
-1
18 9931
18 9931
-1
-1
-1
18 9132
-1
18 9132
19 9060
-1
20 9781
20 9578
-1
-1
18 9830
-1
-1
16 9852
-1
-1
-1
16 9079
-1
-1
18 9667
-1
-1
-1
19 9634
19 9634
18 9749
20 9878
19 8967
-1
21 9589
-1
-1
20 9197
21 9543
21 9543
-1
-1
-1
-1
-1
20 9781
20 9462
-1
20 9598
20 9598
21 9795
-1
-1
20 9896
19 9866
-1
-1
-1
-1
-1
19 9488
20 9084
20 9084
-1
21 9847
21 9847
-1
18 9602
-1
-1
19 9743
-1
20 9691
-1
-1
-1
-1
18 9710
-1
-1
19 9812
19 9812
-1
18 9497
-1
19 9390
19 9390
18 9604
16 9682
17 9310
-1
19 9353
-1
-1
19 9503
-1
21 9928
21 9928
20 9504
-1
-1
-1
-1
23 9799
23 9065
-1
24 9672
24 9672
-1
19 9830
19 9830
19 9719
-1
-1
19 9553
19 9553
19 9553
16 9172
-1
-1
-1
-1
21 9888
-1
-1
21 9702
-1
-1
21 9804
-1
-1
-1
21 9865
21 9827
-1
18 9631
-1
-1
17 9869
-1
-1
-1
-1
-1
16 9542
-1
16 9848
-1
-1
-1
19 9164
-1
-1
20 9854
19 9406
-1
19 9406
19 9334
20 9701
-1
21 9843
-1
-1
-1
18 9403
18 9422
-1
-1
21 9919
-1
-1
-1
20 9675
-1
19 9596
19 9896
-1
-1
17 9598
-1
-1
-1
19 9872
-1
19 9135
19 9718
-1
19 9718
-1
-1
-1
19 9718
19 9728
-1
-1
-1
-1
18 9864
18 9866
17 9560
-1
-1
-1
-1
18 9735
-1
-1
-1
-1
-1
-1
19 9855
19 9855
20 9915
-1
18 9450
19 9293
-1
-1
19 9389
22 9241
-1
-1
-1
21 9130
-1
-1
-1
23 9777
-1
-1
-1
-1
-1
17 9503
-1
-1
-1
-1
-1
18 9556
-1
-1
19 9555
-1
17 9432
-1
-1
19 9576
19 9560
-1
-1
18 9490
-1
-1
23 9923
23 9923
-1
21 9807
-1
-1
-1
20 9133
19 9477
-1
18 9406
-1
-1
15 9477
16 9579
18 9926
-1
18 9631
19 9361
-1
19 9458
20 9905
-1
-1
-1
19 9435
-1
-1
-1
-1
17 9636
-1
-1
-1
17 9549
18 9790
-1
-1
-1
15 9772
-1
15 9762
-1
15 9703
-1
14 9569
14 9569
15 9531
-1
-1
-1
16 9515
-1
16 9497
-1
17 9906
-1
19 9887
19 9011
-1
-1
-1
-1
-1
18 9691
-1
-1
20 9279
21 9819
19 9864
17 9395
-1
17 9395
-1
-1
20 9691
20 9691
-1
-1
-1
-1
18 9662
18 9662
17 9408
-1
-1
20 9852
-1
17 9481
-1
-1
25 9916
26 9893
-1
-1
-1
25 9416
24 9892
-1
-1
-1
-1
-1
-1
-1
19 9782
19 9773
19 9773
-1
-1
-1
18 9375
-1
-1
-1
-1
18 9066
19 9543
-1
-1
-1
-1
19 9654
-1
18 9918
-1
-1
-1
-1
17 9134
-1
-1
19 9342
-1
20 9704
20 9704
-1
-1
-1
-1
-1
19 9533
19 9533
-1
-1
19 9839
18 9836
-1
17 9746
16 9367
16 9367
18 9105
18 9622
-1
-1
-1
19 9579
-1
-1
23 9691
-1
-1
-1
-1
-1
-1
21 9786
-1
-1
18 9669
-1
-1
16 9628
16 9820
-1
14 9128
-1
14 9128
15 9769
-1
-1
15 9166
-1
-1
-1
-1
-1
19 9832
-1
-1
-1
-1
16 9710
16 9710
-1
17 9604
-1
17 9632
-1
18 9601
18 9575
-1
-1
-1
-1
-1
20 9548
20 9832
-1
22 9926
20 9840
19 9735
-1
-1
-1
19 9490
19 9246
19 9246
-1
-1
24 9601
23 9030
-1
-1
21 9320
21 9791
-1
-1
-1
21 9893
21 9631
22 9463
23 9585
23 9820
-1
-1
-1
-1
21 9465
-1
21 9465
-1
-1
-1
22 9535
23 9601
21 9728
21 9538
21 9538
-1
-1
-1
-1
-1
-1
21 9762
-1
21 9756
-1
21 9630
22 9680
-1
-1
23 9467
-1
-1
25 9620
24 9148
25 9408
26 9854
-1
-1
-1
-1
-1
-1
21 9907
-1
-1
22 9630
21 9737
-1
-1
-1
-1
20 9760
21 9287
-1
-1
-1
-1
21 9166
-1
-1
21 9768
-1
22 9779
-1
-1
-1
-1
-1
-1
-1
20 9435
20 9435
-1
21 9763
22 9736
23 9820
22 9905
22 9905
-1
-1
-1
19 9197
19 9197
-1
-1
21 9474
-1
20 9603
19 9932
-1
20 9844
-1
-1
-1
-1
23 9488
-1
-1
-1
-1
23 9604
-1
-1
20 9928
18 9399
-1
18 9879
18 9722
18 9722
-1
20 9874
19 9751
-1
18 9172
-1
19 9787
20 9644
21 9780
22 9536
-1
-1
-1
23 9680
-1
25 9930
24 9812
-1
24 9680
-1
25 9869
-1
25 9869
-1
21 9227
21 9907
19 9774
-1
-1
-1
18 9320
-1
-1
-1
17 9692
-1
-1
18 9717
19 9241
-1
21 9735
-1
21 9915
25 9705
-1
25 9259
25 9871
-1
25 9871
-1
-1
25 9606
-1
25 9910
-1
18 9652
-1
-1
17 9838
-1
17 9812
15 9856
15 9103
15 9103
-1
15 9103
17 9832
-1
-1
-1
19 9700
19 9006
19 9006
-1
-1
-1
-1
-1
19 9406
19 9406
-1
-1
20 9819
-1
-1
21 9670
-1
-1
-1
-1
-1
-1
-1
21 9663
-1
24 9917
-1
-1
23 9733
23 9364
-1
25 9532
-1
24 9855
-1
-1
-1
-1
23 9914
20 9626
-1
19 9484
-1
-1
22 9137
-1
-1
-1
17 9290
19 9797
18 9543
23 9543
-1
-1
-1
25 9342
26 9790
25 9237
-1
-1
-1
-1
-1
23 9848
-1
-1
-1
20 9927
19 9811
19 9906
19 9906
-1
-1
-1
24 9421
26 9880
26 9750
-1
-1
-1
19 9277
19 9277
-1
-1
17 9722
17 9722
-1
-1
-1
24 9744
-1
-1
-1
25 9629
-1
-1
-1
-1
25 9487
-1
-1
-1
-1
-1
18 9668
-1
-1
-1
-1
-1
-1
-1
-1
18 9316
20 9307
21 9815
20 9881
18 9837
-1
18 9837
-1
15 9814
-1
-1
15 9578
-1
-1
-1
18 9617
-1
-1
-1
23 9910
23 9804
23 9732
-1
-1
24 9770
-1
-1
-1
22 9474
-1
-1
-1
21 9834
-1
-1
-1
22 9873
21 9378
-1
-1
-1
20 9477
-1
-1
-1
-1
20 9294
-1
-1
-1
-1
22 9873
-1
-1
21 9200
21 9200
-1
22 9169
23 9736
-1
-1
19 9669
-1
-1
-1
19 9128
20 9338
20 9338
20 9338
-1
-1
16 9503
-1
17 9881
-1
-1
-1
-1
-1
16 9557
-1
19 9748
-1
-1
-1
-1
21 9926
-1
-1
-1
-1
-1
18 9689
-1
18 9924
18 9089
18 9089
19 9347
21 9794
-1
22 9824
-1
-1
18 9839
-1
-1
19 9377
17 9554
17 9549
-1
17 9549
17 9549
-1
-1
-1
21 9615
-1
-1
24 9712
-1
-1
-1
-1
22 9289
23 9643
21 9289
-1
19 9752
19 9426
-1
-1
18 9792
18 9792
-1
16 9226
-1
-1
-1
-1
-1
-1
21 9844
-1
-1
20 9640
-1
-1
16 9326
-1
17 9649
-1
17 9843
-1
21 9811
-1
-1
-1
-1
-1
20 9912
-1
-1
-1
18 9146
19 9573
-1
-1
-1
20 9752
-1
-1
17 9043
17 9043
17 9043
-1
22 9229
22 9804
23 9568
-1
-1
-1
19 9643
-1
20 9902
20 9902
-1
-1
16 9691
-1
15 9369
-1
-1
15 9369
15 9627
-1
-1
-1
-1
-1
16 9866
16 9394
19 9895
-1
18 9136
-1
-1
20 9586
-1
18 9313
16 9202
17 9860
17 9860
-1
-1
20 9053
-1
21 9879
20 9136
-1
-1
-1
-1
-1
20 9363
-1
21 9709
22 9854
22 9854
-1
-1
-1
-1
21 9703
-1
-1
-1
-1
-1
-1
20 9699
20 9699
20 9718
-1
20 9718
19 9720
-1
-1
18 9182
-1
-1
-1
-1
-1
25 9729
25 9729
-1
-1
18 9216
19 9680
-1
-1
17 9838
-1
18 9880
-1
17 9369
-1
-1
-1
-1
-1
-1
17 9314
17 9314
18 9683
-1
23 9556
-1
24 9873
23 9833
-1
-1
-1
21 9926
-1
-1
-1
18 9221
-1
-1
-1
-1
-1
-1
19 9568
-1
-1
21 9791
-1
-1
-1
22 9798
23 9878
-1
-1
23 9568
-1
-1
-1
-1
-1
-1
-1
-1
22 9476
23 9742
23 9773
-1
-1
-1
-1
21 9874
21 9355
-1
-1
20 9695
16 9898
16 9520
-1
-1
-1
19 9062
21 9812
-1
-1
-1
18 9763
18 9675
-1
18 9675
-1
-1
-1
20 9891
-1
-1
23 9846
-1
22 9821
22 9821
-1
-1
21 9157
22 9821
-1
-1
19 9371
19 9371
-1
-1
-1
19 9337
-1
21 9741
21 9741
20 9660
18 9629
20 9636
22 9797
22 9797
-1
26 9744
-1
-1
-1
-1
22 9780
-1
21 9791
-1
-1
19 9683
20 9895
19 9799
19 9903
-1
-1
-1
22 9902
23 9884
23 9849
-1
21 9868
-1
21 9788
-1
23 9673
23 9860
20 9095
21 9145
-1
20 9145
20 9145
20 9145
21 9694
18 9673
18 9673
15 9616
-1
18 9237
-1
-1
18 9237
19 9748
-1
-1
-1
18 9813
-1
19 9042
-1
-1
18 9794
18 9404
19 9668
-1
-1
20 9097
-1
20 9097
-1
-1
-1
-1
-1
19 9854
-1
21 9650
-1
21 9650
-1
-1
20 9513
-1
21 9854
-1
-1
-1
18 9413
-1
-1
18 9371
18 9371
-1
-1
17 9547
17 9547
17 9547
17 9547
17 9547
-1
-1
-1
-1
-1
-1
-1
20 9604
-1
-1
-1
21 9666
-1
20 9787
-1
-1
-1
20 9314
-1
21 9331
-1
23 9828
21 9582
21 9582
-1
-1
21 9712
16 9835
-1
18 9317
-1
18 9695
-1
-1
16 9061
-1
-1
-1
19 9710
19 9351
-1
-1
19 9864
17 9439
17 9439
-1
14 9215
14 9215
16 9008
18 9496
20 9870
21 9392
21 9392
-1
-1
-1
-1
18 9250
-1
-1
17 9690
18 9573
-1
-1
-1
20 9831
-1
18 9715
19 9885
-1
21 9715
-1
21 9626
-1
-1
21 9214
-1
20 9650
-1
21 9240
-1
-1
-1
-1
-1
-1
-1
-1
21 9245
21 9245
-1
-1
-1
-1
-1
-1
-1
-1
23 9923
-1
-1
21 9726
-1
-1
20 9222
-1
20 9883
19 9830
-1
-1
19 9693
16 9393
-1
-1
16 9797
-1
16 9795
-1
-1
-1
-1
-1
-1
22 9323
24 9799
21 9439
-1
-1
21 9540
-1
21 9540
21 9279
22 9679
-1
-1
-1
21 9147
22 9833
-1
21 9770
-1
-1
23 9827
-1
-1
25 9883
-1
-1
25 9752
-1
23 9422
-1
23 9452
-1
25 9635
-1
22 9368
-1
23 9829
-1
-1
23 9862
21 9742
-1
-1
21 9750
21 9750
20 9768
-1
19 9803
20 9837
-1
-1
-1
23 9844
23 9844
22 9674
-1
23 9518
24 9932
-1
24 9666
24 9666
-1
17 9868
-1
15 9026
18 9833
-1
18 9205
-1
-1
17 9139
-1
-1
-1
19 9929
-1
-1
19 9534
19 9492
-1
-1
-1
16 9223
-1
-1
-1
-1
19 9341
19 9341
-1
-1
-1
-1
17 9623
-1
-1
-1
-1
16 9449
-1
-1
-1
16 9391
16 9391
-1
-1
-1
-1
21 9497
22 9931
22 9931
-1
-1
-1
17 9569
17 9569
-1
-1
-1
19 9832
-1
20 9588
-1
21 9507
-1
-1
-1
15 9580
-1
15 9497
-1
17 9847
16 9311
16 9311
19 9236
21 9711
-1
-1
-1
-1
-1
-1
-1
21 9256
-1
22 9669
-1
-1
-1
-1
17 9663
-1
-1
-1
-1
-1
-1
-1
23 9463
-1
-1
22 9004
23 9642
22 9744
22 9731
-1
-1
-1
-1
22 9601
-1
-1
-1
-1
24 9693
25 9888
25 9888
23 9224
-1
-1
-1
-1
-1
-1
-1
-1
-1
-1
-1
-1
14 9667
-1
-1
16 9919
16 9020
-1
17 9391
-1
-1
13 9922
-1
-1
-1
-1
-1
-1
18 9369
-1
20 9711
-1
20 9542
20 9170
-1
-1
19 9643
19 9643
19 9643
20 9500
-1
-1
-1
22 9574
22 9922
21 9665
-1
-1
-1
18 9928
-1
-1
-1
18 9177
17 9545
-1
-1
-1
-1
17 9533
-1
20 9844
-1
-1
25 9923
-1
-1
-1
25 9878
26 9855
-1
-1
-1
-1
25 9570
23 9873
-1
-1
-1
-1
23 9787
-1
23 9700
-1
23 9789
-1
19 9870
17 9508
-1
-1
-1
-1
-1
-1
-1
18 9818
-1
-1
17 9856
-1
-1
-1
-1
-1
18 9811
18 9604
18 9604
-1
-1
-1
-1
-1
-1
-1
-1
-1
-1
-1
-1
19 9687
19 9687
21 9581
21 9917
-1
21 9804
-1
-1
21 9053
-1
21 9807
20 9846
19 9833
18 9233
-1
-1
19 9899
19 9899
19 9865
19 9865
-1
17 9246
-1
19 9816
19 9816
-1
-1
-1
-1
-1
-1
17 8979
-1
-1
-1
-1
-1
-1
25 9473
27 9550
25 9767
-1
20 9930
-1
-1
20 9588
-1
-1
-1
-1
-1
24 9748
-1
-1
-1
24 9718
-1
-1
24 9828
19 9408
19 9420
-1
21 9915
21 9915
22 9623
23 9918
-1
-1
-1
-1
21 9293
20 9298
22 9322
23 9501
-1
24 9793
-1
24 9793
23 9901
23 9901
-1
-1
16 9679
-1
-1
-1
-1
-1
-1
-1
19 9912
-1
-1
-1
-1
19 9687
-1
19 9669
19 9669
-1
-1
-1
21 9663
-1
-1
19 9482
19 9482
19 9766
-1
18 9603
-1
20 9537
-1
22 9737
-1
26 9796
-1
-1
-1
26 9419
26 9419
28 9933
28 9933
-1
26 9802
26 9644
29 9928
-1
28 9389
-1
-1
-1
-1
-1
-1
22 9921
22 9921
17 9842
-1
-1
-1
-1
20 9336
20 9336
21 9794
-1
-1
-1
20 9360
-1
-1
18 9899
-1
-1
-1
18 9896
-1
-1
18 9790
19 9500
19 9724
19 9724
18 9432
18 9432
16 9299
16 9196
16 9196
-1
17 9683
-1
21 9408
-1
22 9928
22 9928
24 9824
25 9928
-1
-1
25 9869
-1
-1
26 9909
25 9904
24 9224
-1
-1
24 9830
-1
21 9433
-1
-1
18 9473
16 9593
-1
-1
-1
-1
-1
18 9631
-1
20 9793
-1
20 9891
-1
-1
-1
-1
-1
-1
-1
15 9530
-1
16 9746
16 9746
16 9746
18 9458
-1
-1
-1
19 9302
-1
-1
17 9364
17 9364
15 9089
-1
19 9346
-1
18 9897
17 9274
-1
-1
-1
18 9770
18 9770
16 9623
-1
-1
15 9010
16 9522
-1
-1
-1
-1
-1
-1
-1
21 9659
18 9745
18 9745
18 9745
-1
-1
16 9680
16 9829
-1
19 9012
-1
20 9527
20 9521
-1
-1
-1
-1
-1
-1
-1
-1
-1
-1
-1
-1
-1
-1
-1
19 9831
-1
-1
21 9168
-1
21 9680
21 9680
18 9788
17 9444
-1
-1
-1
-1
16 9404
17 9810
-1
17 9036
-1
19 9877
18 9373
-1
-1
-1
18 9694
19 9582
20 9626
18 9476
-1
-1
19 9849
21 9563
21 9563
22 9876
18 9829
-1
20 9852
-1
-1
19 9736
19 9844
-1
21 9651
-1
-1
16 9665
-1
16 9665
-1
-1
-1
-1
-1
-1
-1
20 9874
19 9377
19 9377
-1
21 9475
22 9752
-1
22 9752
-1
20 9830
-1
-1
-1
-1
-1
18 9395
18 9877
18 9877
18 9877
17 9517
17 9062
16 9863
-1
17 9419
17 9419
-1
20 9765
-1
21 9628
22 9812
-1
-1
21 9557
-1
-1
-1
-1
-1
20 9677
17 9778
17 9778
17 9618
-1
17 9831
-1
-1
-1
20 9283
-1
20 9850
-1
21 9202
21 9202
-1
19 9477
18 9550
-1
-1
-1
-1
19 9884
-1
17 9426
-1
21 9602
21 9724
-1
-1
-1
-1
23 9888
-1
20 9799
22 9699
22 9678
23 9767
21 9283
22 9326
19 9742
-1
20 9189
-1
-1
-1
20 9673
-1
21 9109
16 9587
-1
-1
-1
-1
-1
-1
18 9806
-1
-1
-1
19 9920
19 9920
-1
-1
-1
18 9437
19 9757
-1
-1
15 9451
-1
-1
-1
17 9770
17 9530
-1
-1
-1
-1
17 9819
-1
-1
-1
18 9822
-1
-1
22 9569
22 9569
22 9569
-1
-1
24 9797
-1
-1
17 9387
18 9444
-1
-1
18 9641
-1
-1
18 9932
-1
-1
17 9148
18 8994
18 8994
-1
-1
21 9810
20 9322
-1
-1
-1
-1
-1
-1
-1
-1
-1
-1
-1
-1
24 9879
-1
22 9849
-1
-1
-1
-1
16 9340
17 9902
-1
17 9812
17 9357
-1
-1
18 9403
-1
18 9537
18 9537
-1
-1
-1
19 9740
18 9712
-1
18 9712
17 9381
-1
-1
-1
-1
-1
-1
16 8995
16 8995
16 8995
-1
19 9883
18 9549
-1
18 9081
19 9408
21 9832
-1
-1
-1
22 9834
22 9834
20 9828
22 9886
-1
21 9846
-1
-1
-1
22 9458
21 9013
-1
-1
19 9113
-1
-1
-1
20 9810
16 9730
16 9602
-1
19 9922
18 9822
-1
-1
-1
-1
-1
19 9587
-1
-1
-1
-1
-1
-1
-1
-1
-1
-1
30 9856
30 9838
-1
-1
-1
27 9598
28 9781
24 9721
-1
15 9897
15 9519
15 9519
-1
-1
16 9523
-1
16 9271
-1
17 9456
-1
21 9822
20 9779
20 9894
21 9837
21 9837
-1
21 9485
-1
19 9400
-1
23 9931
-1
23 9796
23 9796
-1
-1
-1
-1
22 9439
-1
21 9173
22 9891
21 9795
18 9821
-1
19 9760
-1
18 9229
18 9110
-1
-1
-1
-1
20 9904
-1
19 9720
19 9886
-1
-1
21 9823
-1
-1
21 9802
-1
18 9780
-1
18 9780
-1
18 9521
18 9521
-1
19 9864
-1
-1
18 9483
-1
-1
-1
-1
-1
20 9388
-1
19 9633
19 9589
18 9858
-1
-1
-1
-1
18 9400
-1
-1
-1
-1
23 9638
-1
27 9737
-1
-1
-1
-1
26 9736
-1
-1
-1
-1
20 9744
-1
20 9744
21 9770
21 9770
-1
-1
-1
-1
20 9150
-1
-1
-1
22 9626
23 9896
-1
-1
-1
-1
20 9479
-1
-1
24 9912
21 9815
-1
21 9766
22 9844
-1
16 9272
16 9326
17 9689
-1
-1
17 9212
17 9212
-1
-1
-1
18 9343
-1
-1
-1
-1
20 9756
-1
-1
-1
22 9189
19 9634
-1
19 9558
19 9816
-1
20 9847
-1
21 9315
22 9812
-1
-1
-1
26 9422
21 9534
21 9534
16 9417
-1
-1
16 9361
16 9361
16 9361
17 9736
17 9736
-1
-1
23 9749
-1
25 9728
25 9608
26 9832
26 9832
-1
-1
22 9780
21 9902
19 9918
-1
18 9701
-1
19 9876
-1
-1
-1
-1
18 9830
-1
-1
19 9728
-1
-1
-1
20 9687
18 9441
-1
-1
17 9731
-1
15 9894
-1
-1
15 9252
-1
-1
-1
17 9006
-1
18 9547
-1
-1
19 9532
19 9532
-1
-1
-1
21 9346
-1
-1
21 9713
21 9713
22 9872
-1
-1
16 9285
16 9285
-1
-1
-1
-1
17 9817
16 9110
16 9110
-1
-1
16 9844
-1
-1
19 9908
21 9230
24 9840
-1
-1
22 9931
-1
21 9330
20 9865
-1
21 9933
-1
20 9756
-1
-1
17 9458
-1
17 9458
-1
18 9274
-1
-1
-1
-1
18 9836
18 9306
19 9771
-1
21 9847
22 9863
21 9640
-1
24 9857
24 9857
-1
24 9911
-1
-1
-1
-1
-1
-1
22 9509
-1
-1
-1
18 9385
18 9385
-1
18 9385
-1
18 9385
-1
-1
-1
17 9918
17 9918
-1
-1
17 9315
-1
-1
-1
-1
19 9698
18 9879
-1
20 8968
-1
-1
22 9687
-1
-1
-1
-1
20 9329
-1
22 9746
21 9694
-1
20 9239
-1
-1
-1
23 9892
23 9660
-1
-1
21 9571
21 9780
22 9316
21 9750
-1
21 9928
21 9928
-1
19 9380
-1
-1
21 9465
21 9650
-1
21 9800
19 9234
-1
21 9885
-1
20 9479
-1
-1
-1
20 9479
-1
21 9436
21 9436
-1
-1
22 9500
-1
22 9500
-1
-1
-1
-1
17 9717
-1
16 9570
17 9839
17 9839
-1
-1
17 9922
-1
-1
16 9569
17 9760
20 9489
-1
-1
-1
22 9926
-1
-1
-1
-1
-1
20 8972
20 8972
-1
-1
-1
-1
16 9907
-1
17 9609
16 9860
17 9683
19 9816
-1
-1
-1
23 9570
23 9570
-1
-1
-1
-1
25 9850
-1
21 9878
21 9789
-1
-1
-1
-1
-1
19 9167
-1
-1
-1
-1
-1
16 9354
-1
-1
-1
16 9712
-1
16 9457
-1
-1
17 9162
17 9162
18 9674
17 9411
-1
16 9108
-1
17 9631
-1
18 9897
18 9897
-1
-1
-1
21 9495
22 9924
-1
-1
18 9887
18 9887
18 9887
-1
-1
-1
-1
-1
16 9282
16 9669
20 9401
-1
-1
-1
22 9605
-1
-1
23 9911
-1
-1
20 9701
21 9878
21 9463
-1
21 9548
22 9885
-1
19 9641
19 9698
18 9647
18 9647
19 9493
-1
17 9661
-1
17 9364
18 9469
-1
19 9681
20 9837
19 9746
-1
22 9927
22 9621
-1
23 9536
24 9525
-1
20 9079
22 9808
22 9695
23 9917
-1
-1
-1
-1
-1
18 9769
-1
14 9430
-1
16 9553
-1
19 9765
-1
-1
22 9743
-1
19 9259
-1
-1
20 9261
-1
22 9144
-1
-1
17 9395
17 9479
-1
-1
-1
-1
-1
15 9266
-1
16 9520
16 9707
-1
-1
16 9805
16 9805
-1
19 9875
18 9753
-1
-1
-1
-1
16 9799
-1
-1
-1
17 9585
18 9931
-1
-1
-1
-1
-1
20 9716
20 9716
-1
20 9716
-1
-1
-1
19 9135
-1
-1
20 9772
20 9772
-1
18 9150
-1
19 9704
-1
19 9775
19 9775
18 9321
17 9591
-1
-1
-1
15 9721
-1
16 9828
16 9797
-1
17 9404
-1
-1
-1
19 9931
-1
-1
21 9491
21 9491
-1
21 9632
-1
-1
-1
-1
-1
-1
-1
18 9930
-1
-1
19 9540
19 9540
18 9618
18 9618
-1
-1
-1
-1
-1
-1
-1
-1
-1
-1
-1
-1
-1
-1
-1
21 9695
-1
-1
-1
-1
19 9731
-1
-1
20 9780
20 9780
-1
17 9524
-1
19 9589
19 9589
18 9700
18 9624
-1
18 9880
-1
19 9538
-1
19 9592
-1
20 9215
-1
20 9839
-1
18 9521
-1
19 9768
-1
-1
-1
-1
-1
-1
-1
-1
-1
25 9903
-1
25 9903
-1
24 9523
-1
25 9389
-1
-1
19 9420
-1
17 9393
17 9393
17 9393
17 9501
-1
17 9741
18 9899
18 9404
17 9607
-1
-1
16 9498
-1
-1
18 9708
-1
17 9837
-1
18 9851
-1
17 9733
18 9847
-1
20 9926
-1
-1
-1
21 9709
-1
21 9709
-1
-1
-1
-1
22 9727
-1
-1
20 9588
20 9475
21 9871
-1
20 9582
21 9287
-1
21 9637
-1
18 9340
19 9583
-1
19 9271
19 9271
20 9755
-1
-1
-1
18 9340
18 9340
20 9842
20 9842
-1
-1
-1
19 9259
-1
20 9700
-1
19 9526
18 9407
18 9407
-1
20 9903
20 9903
-1
-1
18 9787
20 9864
22 9868
22 9706
-1
-1
27 9316
-1
27 9769
24 9857
-1
-1
16 9256
18 9829
18 9829
-1
17 9612
-1
-1
-1
20 9620
-1
20 9800
-1
-1
-1
-1
-1
14 9625
-1
-1
13 9392
-1
-1
-1
-1
23 9661
-1
-1
-1
-1
-1
-1
15 9896
-1
-1
14 9458
-1
14 9754
14 9516
-1
-1
15 9721
17 9866
-1
-1
-1
-1
19 9470
19 9216
-1
-1
-1
-1
-1
21 9749
-1
20 9616
-1
20 9616
-1
20 9875
-1
-1
-1
-1
-1
-1
16 9932
-1
17 9605
-1
18 9326
17 9438
18 9488
-1
20 9751
21 9404
-1
-1
21 9887
18 9390
-1
18 9416
18 9416
21 9921
-1
-1
-1
-1
19 9920
-1
-1
-1
-1
19 9381
20 9856
-1
-1
-1
21 9899
-1
22 9864
23 9896
-1
23 9777
-1
-1
22 9919
-1
22 9835
-1
-1
22 9821
-1
-1
21 9544
-1
-1
-1
17 9495
-1
-1
-1
-1
22 9604
-1
-1
17 9385
17 9385
17 9499
19 9923
-1
20 9854
19 9531
-1
-1
17 9542
17 9542
18 9793
18 9382
-1
21 9513
21 9513
20 9527
19 9535
19 9872
-1
-1
-1
-1
18 9611
20 9689
-1
-1
-1
-1
-1
20 9331
21 9775
21 9775
21 9870
-1
-1
-1
21 9581
-1
20 9883
-1
21 9437
22 9714
22 9714
-1
21 9844
20 9731
-1
21 9903
-1
21 9903
-1
-1
23 9901
-1
22 9835
-1
-1
-1
18 9581
19 9814
-1
16 9549
16 9549
-1
14 9698
-1
-1
17 9765
17 9765
-1
-1
-1
24 9883
-1
-1
22 9584
-1
-1
20 9664
-1
17 9377
18 9488
19 9809
18 9640
-1
-1
18 9550
-1
17 9867
-1
-1
-1
21 9447
-1
-1
-1
-1
19 9591
18 9308
17 9207
-1
18 9647
-1
17 9844
18 9847
-1
18 9779
-1
-1
-1
-1
-1
19 9213
-1
-1
-1
-1
20 9844
20 9453
-1
-1
20 9343
-1
-1
20 9760
-1
-1
-1
-1
-1
-1
-1
-1
-1
20 9680
18 9461
18 9461
-1
-1
-1
-1
20 9751
-1
20 9751
22 9829
21 9533
-1
23 9822
23 9642
24 9832
-1
-1
-1
-1
-1
-1
-1
-1
-1
-1
19 9656
-1
19 9656
18 9304
18 9458
-1
18 9906
-1
-1
-1
21 9622
-1
22 9930
-1
22 9083
23 9401
-1
-1
-1
24 9291
-1
-1
21 9867
-1
-1
-1
21 9791
19 9799
20 9841
18 9308
18 9308
-1
21 9671
21 9671
-1
-1
21 9232
20 9457
19 9883
-1
-1
-1
18 9930
-1
-1
-1
-1
18 9823
19 9650
-1
-1
18 9440
-1
-1
19 9303
21 9883
-1
-1
24 9798
24 9677
21 9426
-1
19 9723
-1
-1
21 9911
21 9911
21 9911
-1
-1
21 9734
21 9734
21 9734
19 9589
19 9309
-1
-1
21 9487
-1
20 9507
19 9872
-1
-1
-1
-1
-1
17 9038
-1
-1
-1
19 9489
19 9489
20 9745
20 9745
-1
-1
18 9439
18 9439
-1
19 9346
20 9821
-1
18 9853
-1
18 9427
19 9809
-1
-1
20 9255
-1
-1
-1
21 9907
-1
-1
-1
-1
23 9929
-1
-1
20 9533
20 9533
21 9794
19 9288
19 9288
19 9288
18 9812
-1
19 9649
-1
18 9917
-1
-1
-1
-1
19 9637
19 9637
-1
-1
-1
18 9640
-1
-1
-1
-1
-1
-1
-1
18 9510
20 9901
-1
-1
-1
-1
-1
18 9450
-1
-1
16 9299
17 9408
18 9832
-1
-1
19 9110
-1
-1
20 9522
20 9522
21 9879
23 9891
-1
23 9157
-1
24 9572
-1
-1
-1
-1
-1
-1
26 9787
28 9783
-1
-1
23 9414
24 9628
22 9862
-1
23 9880
-1
22 9751
-1
-1
19 9588
19 9588
-1
21 9770
-1
-1
-1
-1
-1
20 9511
21 9928
21 9928
22 9585
22 9585
-1
21 9893
-1
20 9498
20 9498
-1
-1
19 9523
-1
-1
-1
-1
19 9860
-1
-1
18 9116
-1
-1
19 9247
-1
-1
-1
-1
-1
22 9820
22 9820
-1
-1
-1
-1
-1
21 9915
-1
19 9499
-1
-1
17 9037
-1
18 9591
-1
19 9858
-1
-1
17 9448
-1
-1
20 9770
-1
-1
-1
-1
-1
-1
20 9808
-1
17 9512
-1
-1
-1
17 9598
-1
-1
-1
-1
-1
-1
-1
19 9450
-1
18 9863
-1
-1
-1
-1
-1
21 9920
-1
-1
-1
24 9354
-1
24 9844
24 9495
-1
-1
25 9739
-1
22 9637
-1
-1
18 9523
-1
-1
-1
-1
-1
-1
-1
20 9865
-1
-1
21 9910
-1
-1
-1
19 9814
-1
-1
-1
14 9793
14 9793
-1
-1
-1
-1
-1
-1
-1
16 9068
16 9429
-1
-1
-1
22 9683
-1
-1
23 9735
20 9685
-1
-1
-1
24 9891
-1
-1
27 9843
-1
-1
29 9869
29 9869
25 9562
24 9831
-1
15 9440
-1
-1
-1
-1
-1
-1
-1
-1
-1
20 9504
-1
20 9504
21 9560
21 9560
21 9607
23 9913
23 9855
20 9408
16 9069
16 9069
-1
17 9728
-1
18 9233
18 9233
18 9233
18 9233
19 9807
19 9297
-1
-1
-1
-1
-1
-1
18 9177
-1
-1
25 9560
24 9439
25 9890
23 9530
25 9151
25 9151
-1
26 9616
26 9616
-1
-1
-1
22 9906
22 9906
23 9908
22 9528
22 9528
20 9748
19 9344
-1
-1
-1
20 9912
-1
18 9574
-1
-1
-1
-1
18 9345
-1
16 9306
-1
-1
-1
-1
-1
-1
-1
-1
-1
18 8969
-1
-1
18 8969
17 9180
-1
-1
20 9817
22 9900
-1
-1
23 9863
22 9845
21 9712
-1
-1
-1
-1
-1
-1
-1
-1
17 9454
-1
-1
19 9455
20 9401
-1
22 9713
21 9771
-1
21 9713
-1
-1
22 9912
-1
-1
-1
-1
20 9439
-1
-1
-1
-1
16 9423
16 9423
16 9660
-1
-1
-1
-1
-1
20 9733
20 9733
21 9928
-1
21 9350
-1
-1
22 9781
-1
21 9559
-1
-1
-1
18 9345
-1
-1
18 9883
-1
-1
-1
20 9718
-1
-1
-1
17 9516
18 9210
-1
-1
-1
-1
-1
21 9914
-1
17 9498
-1
-1
19 9656
19 9656
19 9656
-1
-1
-1
-1
-1
-1
18 9643
-1
-1
-1
-1
-1
18 9698
-1
24 9834
24 9907
-1
-1
21 9793
17 9448
18 9885
-1
-1
-1
-1
17 9900
-1
-1
21 9897
-1
19 9205
20 9477
-1
16 9435
-1
-1
-1
-1
-1
20 9679
19 9499
19 9674
18 9316
-1
18 9177
-1
-1
18 9003
-1
-1
-1
-1
-1
17 9912
-1
-1
18 9613
19 9907
19 9907
19 9907
19 9725
-1
-1
18 9236
-1
19 9657
-1
-1
19 9902
22 9294
-1
23 9506
23 9506
-1
23 9506
-1
25 9679
-1
23 9909
23 9909
-1
-1
-1
22 9642
-1
-1
-1
22 9611
-1
23 9927
-1
23 9646
-1
22 9633
-1
-1
23 9859
-1
-1
18 9753
-1
-1
-1
18 9749
-1
14 9312
-1
15 9084
-1
16 9745
-1
18 9799
-1
18 9799
-1
-1
18 9231
-1
18 9231
-1
21 9913
-1
20 9373
21 9839
-1
21 9797
21 9797
-1
-1
17 9618
16 9741
-1
-1
17 9775
18 9780
-1
-1
21 9518
-1
-1
21 9684
19 9765
-1
-1
14 9923
13 9791
-1
15 9863
15 9863
16 9422
17 9382
20 9871
-1
22 9904
-1
21 9507
-1
23 9883
-1
-1
-1
24 9220
-1
20 9656
-1
17 9828
17 9828
-1
-1
18 9565
-1
-1
22 9847
21 9656
20 9674
-1
-1
-1
19 9342
-1
18 9886
18 9886
17 9863
17 9530
-1
-1
-1
-1
-1
16 9816
15 9142
18 9915
-1
18 9915
18 9915
18 9514
-1
-1
18 9549
-1
19 9636
17 9912
-1
-1
17 9661
-1
17 9661
17 9661
16 9661
16 9661
16 9661
-1
-1
-1
-1
21 9435
22 9731
22 9495
-1
23 9818
23 9818
-1
-1
-1
-1
18 9825
-1
-1
-1
-1
-1
18 9093
-1
18 9876
-1
-1
-1
-1
-1
16 9895
-1
16 9761
16 9037
19 9916
20 9517
22 9918
-1
-1
23 9262
21 9918
18 9430
-1
-1
-1
19 9768
-1
-1
21 9782
-1
21 9325
-1
-1
-1
24 9717
-1
21 9798
21 9798
-1
-1
-1
21 9709
21 9709
-1
-1
20 9606
21 9759
21 9850
-1
-1
-1
22 9145
-1
-1
25 9790
25 9790
25 9790
-1
24 9909
22 9781
-1
19 9318
-1
-1
21 9833
-1
22 9868
23 9687
22 9220
-1
-1
24 9907
19 9565
-1
17 9375
-1
-1
-1
-1
17 9679
16 9872
-1
16 9564
-1
18 9905
-1
18 9591
-1
-1
16 9285
16 9285
-1
-1
-1
-1
-1
-1
19 9770
19 9770
-1
-1
-1
19 9540
19 9518
-1
17 9905
17 9819
-1
19 9900
-1
19 9712
16 9850
-1
15 9251
-1
-1
23 9899
-1
23 9249
23 9249
26 9912
-1
-1
-1
-1
-1
22 9238
22 9238
-1
22 9787
-1
-1
22 9828
-1
-1
24 9611
-1
-1
-1
-1
-1
22 9907
-1
-1
-1
-1
-1
-1
19 9644
-1
-1
-1
19 9740
-1
21 9825
-1
-1
-1
-1
21 9663
-1
20 9471
-1
-1
22 9603
-1
-1
-1
-1
-1
-1
-1
-1
-1
-1
-1
-1
-1
19 9931
-1
-1
-1
20 9327
20 9520
-1
21 9843
21 9843
20 9881
-1
-1
-1
16 9356
22 9791
-1
-1
-1
-1
23 9261
23 9261
25 9869
-1
18 9740
-1
-1
-1
-1
-1
23 9904
-1
-1
23 9904
-1
23 9904
-1
-1
-1
-1
-1
-1
-1
26 9216
26 9880
25 9843
25 9843
-1
25 9457
-1
25 9457
25 9910
-1
-1
-1
17 9913
17 9913
-1
-1
-1
-1
18 9912
-1
-1
20 9757
19 9303
21 9741
-1
-1
20 9563
-1
21 9905
-1
21 9570
-1
-1
23 9834
-1
-1
-1
-1
-1
18 9302
20 9376
-1
20 9364
-1
21 9726
20 9272
23 9911
-1
24 9415
-1
-1
-1
-1
-1
-1
19 9170
-1
19 9923
19 9923
19 9442
19 9442
19 9442
-1
19 9502
21 9903
-1
22 9855
-1
22 9855
-1
20 9880
20 9880
20 9880
20 9880
-1
-1
-1
19 9841
-1
17 9556
17 9556
-1
19 9734
18 9733
-1
-1
23 9395
-1
23 9909
22 9655
-1
-1
19 9119
-1
16 9548
16 9084
16 9084
16 9084
-1
-1
-1
19 9879
19 9924
19 9924
17 9017
21 9674
-1
22 9318
24 9719
24 9127
-1
-1
23 9639
-1
-1
18 9175
-1
18 9580
-1
-1
20 9726
-1
20 9736
20 9736
17 9287
17 9794
17 9471
-1
19 9232
-1
-1
-1
19 9680
-1
21 9852
18 9853
18 9600
-1
13 9106
-1
17 9266
17 9266
17 9266
19 9502
-1
19 9466
-1
20 9869
-1
-1
-1
-1
-1
-1
22 9060
-1
-1
-1
-1
-1
-1
-1
-1
-1
19 9339
-1
-1
-1
19 9352
20 9355
-1
-1
17 9500
17 9296
-1
-1
-1
20 9823
-1
-1
18 9819
-1
20 9623
18 9266
-1
-1
18 9652
-1
18 9652
-1
-1
18 9652
-1
18 9540
18 9540
19 9503
19 9503
19 9802
20 9711
-1
20 9711
-1
20 9601
-1
-1
-1
17 9217
-1
-1
-1
-1
21 9896
-1
-1
18 9686
18 9855
-1
-1
-1
17 9784
18 9834
18 9834
18 9834
-1
18 9834
-1
-1
17 9907
-1
17 9907
-1
-1
-1
-1
-1
-1
-1
-1
18 9730
-1
-1
-1
17 9649
-1
-1
-1
22 9152
-1
-1
-1
-1
23 9898
-1
-1
17 9356
-1
18 9804
19 9916
-1
19 9929
17 9507
-1
17 9307
17 9307
-1
-1
18 9787
18 9787
-1
18 9644
-1
17 9847
17 9847
-1
17 9699
18 9518
18 9518
-1
-1
19 9774
-1
20 9872
-1
-1
23 9653
20 9821
-1
-1
-1
-1
18 9797
18 9865
-1
-1
-1
-1
-1
23 9901
-1
22 9507
22 9507
23 9783
25 9866
-1
24 9856
-1
-1
-1
-1
-1
-1
-1
-1
-1
-1
16 9378
-1
-1
-1
-1
-1
14 9789
15 9658
15 9658
-1
-1
17 9844
-1
-1
-1
18 9522
-1
16 9527
-1
20 9543
-1
20 9743
-1
-1
-1
-1
16 9303
17 9406
17 9406
-1
-1
-1
-1
16 9467
-1
-1
-1
-1
20 9880
-1
-1
21 9788
-1
-1
-1
21 9639
21 9918
21 9918
-1
20 9748
-1
-1
24 9911
25 9885
-1
-1
-1
-1
22 9698
-1
-1
-1
20 9506
19 9414
-1
-1
-1
-1
18 9831
18 9875
-1
17 9909
-1
-1
20 9413
21 9896
-1
22 9890
23 9876
-1
-1
22 9574
21 9899
17 9294
-1
17 9297
-1
19 9868
19 9868
-1
18 8993
20 9366
20 9366
21 9007
-1
24 9884
21 9568
21 9178
22 9884
22 9846
22 9872
-1
18 9875
-1
17 9648
17 9648
-1
-1
-1
-1
-1
-1
20 9480
21 9336
21 9396
21 9396
21 9396
21 9396
20 9734
-1
19 9786
-1
18 9898
-1
19 9729
19 9729
-1
-1
15 9614
-1
15 9018
-1
-1
20 9646
-1
-1
21 9471
24 9778
-1
-1
-1
21 9823
19 9755
20 9916
-1
16 9157
-1
18 9710
18 9710
-1
18 9710
-1
18 9710
17 9427
-1
-1
16 9570
-1
-1
-1
-1
19 9446
20 9504
21 9569
-1
20 9663
20 9663
-1
-1
-1
-1
21 9506
-1
-1
-1
-1
20 9839
19 9601
19 9601
-1
-1
20 9151
22 9768
-1
22 9928
22 9471
22 9471
23 9871
-1
-1
-1
26 9909
22 9689
-1
-1
20 9914
20 9845
-1
20 9917
20 9917
-1
21 9481
21 9481
19 9897
-1
-1
-1
17 9114
18 9799
18 9799
-1
-1
-1
-1
-1
-1
-1
20 9830
-1
-1
-1
21 9922
-1
22 9528
22 9528
23 9912
-1
23 9746
-1
-1
26 9197
26 9197
-1
