2 1367
-1
5 4945
9 5580
-1
9 5580
-1
-1
11 5862
-1
-1
11 5609
-1
10 5492
-1
-1
-1
-1
-1
12 5796
10 5492
12 5525
-1
-1
15 5789
-1
15 5846
-1
8 5071
8 5071
-1
9 5574
10 5780
12 5242
-1
-1
-1
-1
10 5338
11 5789
-1
-1
11 5507
-1
11 5865
-1
14 5840
13 5210
-1
14 5781
-1
8 5835
8 5264
-1
-1
9 5401
-1
10 5875
10 5875
10 5875
-1
-1
-1
-1
-1
-1
10 5399
12 5239
10 5376
-1
-1
9 5608
10 5745
10 5466
13 5865
-1
-1
-1
8 5424
9 5746
-1
-1
11 5797
-1
-1
-1
-1
-1
-1
11 5459
-1
12 5797
-1
-1
-1
10 5806
-1
10 5754
-1
9 5623
-1
10 5616
-1
-1
-1
9 5187
-1
-1
-1
-1
10 4973
12 5734
-1
-1
12 5773
-1
-1
11 5726
-1
10 5645
9 5503
-1
11 5680
10 5611
-1
-1
11 5764
-1
10 5386
-1
10 5817
-1
-1
10 5743
-1
9 5102
9 5102
11 5596
-1
-1
11 5771
11 5771
-1
11 5854
-1
-1
10 5501
-1
-1
8 5765
-1
-1
-1
-1
9 5134
-1
10 5828
10 5828
-1
-1
13 5346
15 5876
-1
-1
-1
-1
14 5540
12 5615
12 5615
11 5879
-1
-1
-1
-1
-1
10 5591
9 5583
-1
9 5396
-1
9 5396
10 5669
12 5682
-1
-1
-1
-1
10 5256
-1
11 5376
-1
-1
11 5655
-1
-1
-1
-1
-1
7 5039
14 5794
15 5614
-1
-1
12 5559
-1
-1
11 5829
-1
11 5209
-1
10 5388
10 5388
-1
9 5626
-1
-1
9 5632
10 5635
-1
10 5722
10 5722
-1
9 4978
-1
-1
8 5602
-1
10 5592
10 5080
13 5759
13 5289
-1
-1
-1
-1
-1
-1
12 5626
-1
-1
13 5809
14 5843
-1
-1
-1
13 5851
-1
-1
-1
9 5493
9 5493
9 5493
9 5326
9 5326
9 5469
-1
-1
-1
9 5495
-1
13 5089
-1
11 5661
12 5828
-1
9 5481
-1
9 5126
-1
9 5126
10 5168
11 5880
10 5064
-1
-1
-1
-1
-1
-1
-1
-1
-1
-1
8 5019
8 5019
8 5019
-1
9 5448
-1
10 5754
-1
12 5173
12 5173
-1
-1
10 5737
-1
9 5159
-1
-1
10 5724
-1
10 5663
-1
12 5544
-1
12 5705
12 5797
-1
-1
-1
-1
12 5204
-1
15 5587
-1
-1
11 5777
-1
-1
10 5485
-1
12 5829
-1
-1
-1
-1
-1
-1
-1
-1
12 5177
-1
7 5121
-1
9 5688
9 5688
-1
-1
11 5353
-1
10 5597
-1
-1
11 5767
12 5846
-1
11 5687
-1
10 5311
-1
-1
-1
9 5596
-1
11 5500
12 5447
12 5447
-1
13 5772
-1
12 5570
-1
11 5365
-1
-1
-1
12 5804
-1
-1
-1
-1
-1
-1
-1
-1
-1
10 5199
11 5603
-1
12 5861
-1
-1
-1
-1
11 5551
12 5417
14 5683
-1
12 5779
10 5217
-1
10 5828
-1
-1
10 5643
-1
-1
9 5440
-1
-1
-1
11 5739
11 5739
-1
-1
-1
-1
12 5236
-1
-1
-1
12 5493
-1
-1
-1
-1
-1
-1
16 5879
-1
-1
19 5871
-1
-1
21 5443
-1
-1
-1
-1
9 5701
13 5736
-1
14 5858
-1
13 5307
-1
-1
-1
12 5733
-1
-1
-1
-1
15 5588
-1
15 5845
-1
-1
-1
-1
-1
15 5771
-1
17 5859
-1
-1
-1
-1
-1
10 5602
10 5115
11 5755
-1
-1
11 5566
-1
-1
-1
-1
12 5662
-1
10 5574
-1
11 5816
-1
-1
-1
-1
-1
-1
-1
12 5345
-1
-1
-1
-1
-1
-1
13 5751
12 5425
10 5073
11 5863
11 5863
12 5474
12 5408
-1
-1
-1
-1
13 5553
-1
-1
-1
13 5523
-1
-1
-1
15 5377
-1
16 5729
-1
15 5578
-1
14 5296
-1
11 5274
11 5274
-1
-1
-1
10 5021
-1
11 5556
11 5231
12 5256
14 5193
-1
-1
12 5797
-1
-1
9 5522
-1
-1
-1
9 5665
10 5600
-1
-1
12 5857
12 5857
10 5409
10 5516
-1
10 5222
10 5222
-1
8 5471
-1
-1
10 5750
-1
-1
-1
-1
-1
9 5588
-1
-1
-1
13 5745
-1
-1
-1
-1
10 5782
-1
-1
-1
-1
8 4967
-1
-1
12 5868
12 5868
-1
-1
-1
-1
-1
-1
-1
-1
15 5725
15 5725
-1
-1
-1
9 5650
9 5650
-1
10 5370
10 5659
-1
13 5191
-1
-1
-1
-1
-1
-1
10 5548
10 5548
-1
12 5825
14 5845
-1
14 5164
14 5164
-1
-1
14 5251
-1
14 5251
-1
15 5810
-1
15 5810
10 5105
-1
-1
10 5664
-1
-1
-1
9 4928
-1
10 5012
11 5744
10 5500
10 5500
-1
12 5849
13 5751
-1
12 5760
-1
-1
-1
-1
-1
-1
-1
-1
12 5626
-1
-1
-1
-1
11 5292
-1
-1
-1
12 5624
-1
-1
-1
-1
12 5819
-1
-1
11 5851
-1
11 5851
12 5860
11 5262
11 5271
11 5271
-1
-1
8 5143
-1
-1
12 5767
-1
14 5879
13 5440
-1
-1
13 5578
13 5578
13 5578
13 5821
13 5821
-1
-1
9 5793
9 5771
-1
11 5823
-1
10 5043
-1
12 5843
-1
-1
12 5786
-1
15 5850
-1
-1
-1
-1
-1
8 5155
-1
10 5670
10 5662
-1
-1
-1
-1
10 5711
-1
12 5507
-1
11 5780
12 5725
13 5772
-1
-1
14 5727
-1
15 5813
-1
12 5412
12 5412
-1
-1
-1
-1
14 5849
-1
-1
-1
12 5581
-1
-1
9 5223
-1
8 5663
-1
-1
8 5663
8 5663
-1
-1
10 5600
-1
-1
10 5308
-1
11 5003
-1
12 5385
-1
-1
-1
-1
14 5522
-1
14 5522
-1
-1
-1
-1
12 5399
-1
-1
11 5363
-1
10 5502
11 5771
-1
14 5641
12 5196
-1
8 5025
-1
9 5792
9 5802
-1
-1
13 5878
-1
13 5539
13 5539
-1
-1
11 5751
12 5772
-1
12 5424
-1
-1
-1
-1
-1
-1
-1
-1
13 5703
14 5762
14 5762
-1
-1
-1
-1
-1
-1
-1
-1
-1
13 5680
-1
-1
9 5642
-1
-1
11 5197
-1
11 5535
11 5535
-1
11 5866
12 5851
11 5264
-1
-1
12 5819
-1
-1
-1
11 5785
11 5778
-1
11 5730
11 5227
12 5835
-1
-1
12 5790
-1
13 5855
14 5380
14 5380
15 5757
-1
-1
13 5755
14 5758
14 5328
11 5729
-1
11 5831
11 5227
-1
11 5227
11 5227
-1
9 5568
-1
-1
-1
-1
-1
-1
9 5650
-1
10 5670
-1
-1
-1
10 5876
-1
-1
-1
13 5821
-1
-1
-1
-1
-1
13 5532
-1
13 5695
-1
-1
-1
-1
-1
11 5824
-1
-1
-1
13 5539
-1
-1
11 5863
-1
-1
-1
10 5444
11 5473
11 5473
-1
12 5680
-1
12 5680
10 5605
-1
-1
11 5353
-1
-1
-1
-1
-1
11 5646
-1
-1
-1
13 5643
13 5643
15 5430
-1
-1
11 5695
-1
-1
-1
-1
-1
-1
11 5664
10 5702
-1
9 5654
-1
-1
-1
12 5695
-1
12 5695
10 5789
-1
10 5859
-1
-1
-1
-1
-1
-1
11 5225
-1
-1
-1
11 5757
-1
-1
-1
11 5537
-1
12 5651
-1
-1
-1
12 5194
-1
-1
13 5638
-1
11 5651
-1
10 5492
-1
-1
-1
-1
-1
-1
-1
-1
-1
8 5150
8 5202
8 5202
-1
-1
8 5525
-1
-1
-1
-1
-1
-1
-1
10 5484
-1
-1
-1
12 5635
-1
11 5329
-1
12 5772
12 5839
-1
-1
11 5821
-1
-1
-1
-1
9 5824
-1
-1
12 5762
-1
-1
15 5293
16 5778
15 5011
-1
-1
-1
-1
-1
-1
-1
-1
13 5772
13 5772
14 5777
14 5777
14 5777
-1
-1
-1
-1
-1
-1
-1
10 5710
-1
-1
12 5731
-1
-1
13 5740
13 5740
-1
-1
12 5582
12 5582
-1
-1
9 5325
-1
-1
9 5808
9 5429
12 5421
-1
-1
-1
-1
13 5698
13 5698
-1
17 5796
18 5842
18 5842
-1
15 5214
16 5600
8 5639
8 5639
10 5233
-1
-1
-1
15 5857
-1
-1
13 5534
-1
-1
10 5612
10 5612
-1
10 5764
9 5729
-1
10 5869
10 5869
-1
12 5834
-1
-1
-1
-1
13 5743
-1
13 5743
-1
14 5755
-1
-1
-1
-1
-1
-1
-1
13 5448
11 5511
9 5681
-1
-1
-1
-1
-1
-1
8 5229
-1
9 5142
-1
12 5608
12 5359
-1
-1
-1
-1
13 5567
-1
13 5567
13 5567
-1
11 5627
-1
12 5719
12 5719
-1
-1
14 5726
-1
12 5459
13 5854
-1
-1
12 5253
11 5207
-1
-1
10 5486
10 5486
-1
-1
10 5169
-1
-1
10 5406
13 5717
-1
15 5677
-1
-1
14 5492
12 5644
-1
-1
13 5741
-1
-1
-1
-1
-1
-1
-1
-1
14 5227
13 5843
-1
-1
-1
-1
-1
12 5811
-1
12 5811
-1
12 5811
10 5642
-1
-1
11 5665
-1
-1
-1
-1
-1
-1
-1
10 5241
-1
10 5408
-1
11 5768
-1
-1
10 5869
-1
-1
-1
12 5650
12 5784
10 5880
10 5635
-1
12 5574
-1
-1
13 5727
13 5320
-1
-1
-1
10 5289
-1
-1
-1
-1
-1
-1
12 5479
-1
-1
12 5759
12 5838
-1
-1
-1
11 5634
-1
-1
-1
-1
-1
-1
10 5867
-1
-1
10 5602
10 5548
-1
-1
-1
11 5183
11 5183
-1
-1
8 5568
-1
8 5807
-1
-1
-1
-1
-1
-1
15 5628
-1
17 5107
16 5525
16 5525
-1
-1
12 5689
11 5685
-1
10 5636
10 5636
-1
-1
9 5312
-1
10 5552
-1
-1
10 5658
8 5743
-1
9 5352
9 5061
10 5848
-1
11 5708
-1
-1
-1
9 5448
9 5441
10 5803
-1
-1
-1
-1
13 5272
-1
-1
16 5122
16 5605
16 5605
16 5605
16 5605
-1
18 5783
18 5691
-1
17 5686
-1
-1
12 5339
-1
9 5703
11 5803
13 5332
-1
13 5392
-1
-1
15 5479
-1
-1
12 5522
-1
-1
13 5637
-1
-1
12 5206
-1
13 5747
13 5747
-1
13 5758
-1
-1
-1
11 5235
10 5317
-1
-1
-1
-1
-1
-1
-1
-1
9 5773
-1
10 5790
-1
-1
14 5756
14 5709
13 5183
-1
14 5651
12 5763
-1
11 5754
-1
11 5871
-1
-1
-1
-1
-1
-1
11 4920
-1
13 5826
-1
-1
-1
13 5582
-1
-1
-1
13 5686
14 5833
11 5673
-1
-1
-1
-1
10 5569
10 5569
11 5684
13 5870
-1
-1
-1
-1
11 5690
-1
-1
-1
12 5502
14 5818
-1
13 5763
-1
-1
-1
-1
-1
-1
12 5293
-1
12 5623
-1
12 5623
14 5498
-1
15 5869
-1
14 5877
-1
14 5584
14 5584
-1
-1
11 5796
-1
-1
-1
10 5426
12 5819
12 5819
-1
-1
-1
11 5484
-1
-1
12 5807
-1
-1
-1
-1
-1
-1
-1
15 5717
-1
-1
-1
-1
-1
10 5151
11 5724
-1
-1
10 5685
-1
10 5468
-1
11 5823
11 5823
-1
12 5718
-1
-1
-1
-1
11 5757
-1
-1
8 5327
9 5821
10 5863
-1
-1
-1
12 5710
-1
12 5710
12 5710
-1
-1
12 5611
-1
-1
-1
13 5795
12 5501
-1
13 5840
-1
-1
-1
-1
-1
13 5858
-1
-1
12 5709
-1
-1
10 5182
-1
-1
9 5667
-1
-1
11 5791
-1
-1
-1
-1
9 5861
-1
-1
8 5825
8 5737
-1
-1
11 5400
-1
10 5330
10 5330
-1
-1
11 5768
10 5063
-1
-1
10 5179
-1
-1
-1
-1
10 5849
-1
10 5242
10 5242
-1
-1
-1
-1
11 5823
-1
-1
11 5605
-1
11 5426
11 5426
7 5361
-1
-1
9 5155
-1
-1
-1
11 5327
-1
-1
11 5705
-1
12 5442
-1
-1
9 5636
-1
-1
-1
11 5784
-1
10 5698
12 5636
-1
13 5790
13 5790
-1
13 5790
-1
-1
-1
12 5784
-1
-1
9 5851
11 5353
-1
14 5849
-1
14 5849
-1
-1
12 5717
-1
-1
-1
9 5402
-1
-1
9 5424
9 5376
-1
10 5551
10 5833
-1
12 5636
-1
-1
-1
-1
12 5559
-1
-1
11 5629
-1
14 5719
-1
-1
9 5194
9 5194
9 5303
-1
-1
9 5319
-1
-1
-1
12 5621
12 5621
9 5608
9 5608
-1
-1
10 5794
10 5356
-1
-1
17 5586
-1
16 5618
-1
-1
-1
-1
10 5618
-1
-1
-1
-1
-1
-1
12 5689
-1
-1
-1
-1
9 5233
-1
11 5161
11 5161
10 5790
9 5108
-1
-1
-1
10 5668
11 5078
12 5608
-1
11 5602
-1
-1
12 5546
-1
-1
-1
11 5776
-1
11 5874
11 5874
-1
-1
-1
-1
-1
-1
-1
-1
-1
-1
-1
9 5531
-1
9 4938
-1
-1
8 5686
-1
-1
13 5067
14 5830
14 5830
-1
14 5384
-1
12 5532
13 5859
-1
-1
-1
-1
-1
-1
11 5740
11 5801
11 5801
-1
7 5297
9 5130
9 5343
-1
-1
12 5767
-1
-1
-1
-1
10 5291
-1
10 5291
10 5291
-1
-1
-1
10 5722
9 5382
10 5736
-1
-1
13 5276
-1
13 5307
13 5753
-1
-1
-1
-1
-1
11 5143
11 5578
-1
-1
-1
-1
12 5710
12 5710
13 5492
13 5492
11 5496
11 5624
11 5624
-1
11 5624
11 5465
-1
7 5374
12 5570
14 5814
14 5814
13 5860
12 5748
9 5491
-1
-1
-1
-1
-1
-1
12 5692
-1
-1
13 5857
-1
14 5800
14 5800
-1
-1
15 5854
11 5677
10 5364
-1
10 5582
-1
14 5648
-1
-1
15 5640
-1
-1
-1
-1
-1
-1
-1
-1
-1
-1
10 5732
9 5218
-1
-1
-1
-1
-1
-1
11 5389
-1
-1
11 5642
-1
10 4948
-1
-1
-1
-1
-1
-1
-1
-1
-1
10 5620
-1
10 5620
9 5233
9 5233
-1
-1
-1
-1
-1
-1
11 5747
-1
11 5228
-1
-1
-1
12 5503
-1
-1
11 5670
-1
10 5438
-1
12 5801
-1
11 5633
11 5633
12 5426
-1
-1
13 5842
12 5330
13 5802
10 5624
10 5624
-1
10 5106
-1
-1
10 5251
-1
11 5772
-1
10 5541
-1
12 5831
11 5511
11 5511
14 5637
14 5758
-1
12 5795
-1
12 5644
-1
-1
-1
12 5579
12 5579
-1
-1
11 5696
-1
-1
-1
-1
-1
-1
-1
-1
13 5086
-1
14 5848
-1
15 5877
-1
-1
13 5769
13 5684
-1
11 5877
-1
-1
-1
-1
10 5343
-1
-1
-1
11 5850
11 5746
-1
12 5579
12 5871
-1
9 5141
9 5141
-1
9 5141
9 5429
-1
10 5840
10 5840
-1
12 5854
12 5854
12 5854
-1
-1
-1
-1
14 5521
-1
-1
-1
14 5721
7 5382
-1
-1
-1
-1
-1
11 5795
-1
12 5705
-1
12 5852
12 5852
-1
10 5451
-1
10 5451
11 5531
13 5810
-1
-1
10 5811
-1
10 5811
-1
11 5859
11 5859
11 5859
11 5859
-1
12 5812
11 5270
-1
11 5270
-1
8 5266
8 5271
-1
9 5589
9 5349
9 5006
-1
-1
-1
10 5364
-1
11 5858
-1
8 5655
-1
-1
-1
-1
-1
-1
-1
14 5727
14 5727
-1
-1
11 5685
-1
11 5645
-1
-1
11 5645
-1
12 5845
10 5671
8 5292
-1
-1
9 5694
9 5694
9 5615
-1
-1
-1
-1
-1
13 5510
13 5510
13 5510
-1
16 5860
15 5795
-1
-1
-1
8 5821
-1
-1
-1
8 5154
10 5780
10 5716
10 5591
-1
-1
12 5850
10 5352
-1
11 5544
-1
-1
13 5878
12 5398
-1
12 5853
-1
-1
13 5399
-1
-1
-1
-1
7 5720
8 5507
8 5507
-1
9 5020
9 5020
-1
-1
-1
-1
-1
-1
11 5708
11 5735
-1
-1
-1
-1
-1
12 5733
-1
-1
12 5344
-1
-1
13 5589
12 5667
-1
12 5770
-1
9 5411
-1
13 5652
-1
13 5812
12 5382
-1
-1
-1
-1
-1
9 5342
-1
-1
-1
-1
-1
11 5333
11 5333
12 5193
-1
11 5857
-1
9 5756
9 5577
-1
-1
-1
11 5281
-1
-1
11 5376
10 5745
-1
-1
-1
-1
13 5746
13 5691
-1
-1
-1
16 5602
17 5658
-1
-1
-1
12 5307
13 5595
-1
-1
9 5382
-1
-1
-1
8 4987
-1
-1
9 5539
-1
-1
9 4993
-1
9 5270
-1
8 5350
8 5350
8 5350
-1
-1
9 5202
-1
-1
-1
9 5596
-1
12 5049
14 5799
-1
-1
-1
-1
-1
9 5206
8 5087
-1
10 5239
10 5239
11 5674
-1
12 5209
-1
13 5819
-1
-1
-1
12 5507
-1
10 5645
11 5780
-1
13 5729
17 5549
-1
-1
8 5547
8 5207
9 5806
-1
-1
-1
9 5654
-1
-1
-1
-1
-1
12 5134
10 5539
-1
9 5820
9 5848
-1
10 5774
10 5774
-1
9 5180
-1
-1
13 5600
8 5452
8 5497
8 5497
-1
-1
8 5695
-1
8 5211
-1
9 5362
10 5710
-1
-1
-1
-1
-1
9 5717
9 5160
-1
12 5746
-1
13 5655
13 5655
-1
-1
14 5810
-1
-1
11 5874
-1
11 5667
11 5667
12 5391
-1
13 5873
-1
9 5445
-1
-1
10 5598
-1
10 5349
-1
9 5466
-1
-1
-1
-1
-1
8 5876
-1
11 5312
-1
11 5839
-1
-1
-1
11 5679
-1
11 5817
-1
9 5823
-1
12 5689
-1
-1
-1
-1
-1
-1
10 5717
-1
-1
-1
-1
10 5358
-1
-1
-1
-1
10 4975
-1
12 5153
14 5640
14 5640
-1
15 5871
-1
12 5731
12 5534
11 5363
8 5835
12 5772
12 5772
-1
-1
13 5614
13 5614
-1
-1
-1
16 5615
-1
-1
12 5760
12 5760
-1
-1
15 5326
-1
-1
-1
-1
-1
-1
-1
11 5705
-1
-1
9 5789
-1
9 5789
11 5692
-1
-1
-1
-1
-1
9 5776
-1
-1
11 5802
-1
8 5598
-1
-1
12 5878
-1
12 5538
12 5676
12 5611
-1
16 5864
16 5864
12 5223
-1
12 5764
-1
9 5297
-1
-1
-1
10 5290
-1
11 5350
-1
-1
-1
-1
-1
-1
8 5031
8 5031
-1
7 5088
8 5423
-1
-1
9 5571
9 5001
-1
-1
-1
-1
-1
-1
13 5734
-1
-1
12 5878
-1
-1
-1
10 5760
9 5492
-1
-1
-1
-1
13 5370
13 5370
-1
14 5108
-1
15 5153
-1
17 5597
11 5674
-1
14 5287
15 5773
15 5772
14 5823
12 5273
12 5273
-1
-1
8 5341
9 5641
-1
9 5289
-1
9 5289
-1
-1
-1
-1
-1
-1
-1
9 5615
-1
-1
-1
-1
-1
-1
-1
9 5763
-1
-1
9 5165
9 5547
-1
9 5547
-1
-1
-1
10 5431
10 5542
10 5384
10 5384
10 5384
-1
14 5595
15 5330
-1
-1
-1
11 5274
7 5307
-1
-1
-1
-1
-1
-1
-1
-1
12 5832
-1
-1
12 5793
-1
-1
-1
12 5828
-1
-1
-1
-1
-1
13 5654
13 5743
-1
11 5559
11 5559
-1
10 5791
10 5791
-1
10 5791
-1
-1
-1
-1
-1
-1
11 5608
-1
-1
12 5644
11 5493
-1
-1
-1
11 5845
-1
-1
-1
-1
-1
-1
-1
9 5860
10 5798
-1
-1
-1
11 5195
-1
12 5851
10 5182
-1
-1
12 5736
-1
-1
14 5740
-1
-1
-1
12 5505
12 5772
12 5832
12 5832
11 5746
10 5451
-1
-1
-1
-1
-1
-1
14 5689
-1
14 5874
10 5555
10 5423
-1
-1
-1
-1
15 5786
-1
-1
16 5599
-1
15 5753
15 5797
14 5602
-1
11 5875
-1
9 5500
-1
-1
-1
-1
11 5734
-1
14 5787
15 5819
-1
-1
12 5226
-1
15 5849
13 5843
13 5843
-1
-1
11 5155
-1
9 5248
10 5513
-1
11 5822
-1
12 5845
-1
-1
-1
14 5667
-1
10 5317
10 5145
-1
-1
-1
-1
8 5159
-1
-1
12 5672
-1
11 5173
11 5492
-1
-1
-1
-1
-1
-1
11 5471
-1
12 5434
-1
-1
-1
12 5450
-1
9 5763
-1
-1
-1
-1
10 5560
11 5847
11 5847
11 5660
11 5167
12 5778
14 5576
-1
12 5719
12 5719
8 5349
-1
-1
-1
-1
-1
-1
-1
-1
-1
8 5037
-1
10 5661
8 5692
8 5147
-1
10 5645
-1
11 5338
-1
-1
11 5059
11 5839
-1
-1
-1
13 5624
13 5624
13 5687
11 5575
-1
-1
-1
-1
-1
-1
-1
-1
11 5458
-1
-1
-1
-1
-1
-1
11 5610
14 5765
15 5845
-1
-1
12 5827
-1
-1
-1
10 5245
-1
10 5362
-1
-1
-1
-1
-1
13 5776
-1
-1
-1
-1
13 5821
-1
15 5835
15 5727
15 5877
-1
-1
14 5433
13 5390
-1
-1
12 5718
-1
12 5863
12 5314
11 5560
12 5627
-1
-1
-1
-1
-1
-1
11 5559
11 5729
-1
12 5840
11 5841
-1
10 5375
-1
11 5577
-1
11 5577
-1
-1
-1
12 5501
12 5501
11 5806
-1
9 5366
10 5378
10 5319
-1
-1
-1
-1
13 5736
13 5736
-1
-1
13 5459
13 5842
13 5842
12 5250
12 5250
-1
-1
12 5516
12 5516
-1
-1
13 5796
-1
12 5758
9 5399
12 5754
-1
-1
17 5715
-1
-1
16 5159
17 5580
-1
-1
-1
-1
14 5648
-1
11 5045
12 5681
-1
-1
10 5358
-1
-1
11 5738
-1
9 5655
9 5651
-1
-1
-1
-1
-1
-1
-1
-1
11 5505
-1
10 5179
11 5810
11 5181
11 5303
13 5743
-1
14 5807
-1
-1
-1
-1
-1
-1
-1
-1
-1
-1
-1
16 5874
10 5317
-1
-1
10 5753
12 5691
11 5474
-1
9 5508
-1
-1
13 5626
10 5676
-1
10 5577
11 5867
-1
12 5674
-1
9 5143
9 5143
-1
-1
-1
-1
-1
-1
14 5425
-1
13 5768
-1
13 5841
13 5791
13 5791
13 5791
-1
-1
11 5651
-1
10 5694
-1
-1
-1
11 5371
-1
11 5801
-1
11 5261
-1
-1
11 5214
-1
13 5872
13 5872
-1
-1
-1
13 5513
-1
11 5633
-1
10 5471
-1
13 5601
-1
-1
-1
-1
-1
15 5877
14 5461
-1
13 5632
-1
13 5632
13 5632
13 5632
-1
-1
13 5622
13 5622
13 5622
-1
14 5020
15 5469
-1
13 5323
12 5790
12 5790
12 5790
12 5790
-1
-1
-1
12 5522
-1
-1
10 4994
11 5842
13 5617
-1
10 5512
-1
-1
12 5819
11 5709
-1
11 5484
11 5810
-1
9 5012
11 5503
-1
-1
-1
-1
-1
-1
11 5638
-1
-1
12 5562
-1
-1
-1
-1
11 5705
-1
10 5527
11 5753
10 5095
10 5699
-1
9 5368
-1
-1
-1
-1
11 5348
12 5748
12 5748
12 5748
-1
-1
-1
10 5679
-1
-1
-1
-1
12 5812
-1
12 5080
-1
13 5558
-1
-1
-1
-1
13 5664
-1
13 5424
-1
-1
-1
-1
-1
-1
-1
-1
-1
11 5861
-1
11 5532
-1
9 5621
-1
-1
-1
-1
-1
9 5084
10 5452
10 5693
-1
12 5586
13 5766
-1
-1
-1
10 5543
-1
-1
14 5871
-1
8 5592
-1
-1
8 5066
8 5096
-1
8 5096
-1
11 5612
11 5258
11 5258
-1
-1
-1
-1
15 5831
15 5879
15 5879
-1
-1
-1
-1
-1
-1
10 5140
13 5384
14 5875
-1
-1
-1
-1
-1
-1
-1
-1
-1
11 5262
11 5262
11 5262
11 5262
12 5534
-1
-1
-1
10 5027
-1
10 5080
12 5750
12 5750
12 5783
-1
-1
-1
-1
-1
-1
10 5289
-1
-1
12 5514
-1
7 5191
-1
7 5191
-1
-1
10 5772
10 5772
-1
-1
-1
-1
-1
-1
-1
-1
-1
-1
10 5777
11 5830
-1
-1
11 5338
-1
-1
-1
9 5228
-1
9 5228
-1
9 5125
-1
12 5847
-1
-1
-1
-1
10 5478
-1
-1
-1
-1
-1
10 5722
-1
-1
-1
12 5724
9 5302
-1
-1
-1
9 5302
-1
-1
8 5846
-1
13 5847
10 5071
9 5519
-1
11 5537
-1
-1
13 5561
-1
-1
-1
-1
-1
10 5878
10 5878
10 5878
9 5190
-1
-1
12 5690
-1
12 5824
12 5769
11 5774
11 5774
11 5774
-1
11 5500
-1
-1
-1
-1
11 5100
-1
11 5100
11 5100
11 5100
-1
11 5100
12 5618
-1
-1
12 5059
-1
12 5059
-1
-1
-1
9 5676
9 5695
-1
-1
10 5111
-1
-1
-1
-1
-1
10 5809
12 5095
-1
-1
-1
-1
15 5879
-1
-1
-1
-1
-1
-1
-1
14 5625
15 5805
-1
-1
11 5800
11 5800
10 5331
11 5078
-1
-1
11 5078
-1
10 5290
-1
14 5532
-1
-1
13 5822
10 5456
-1
-1
11 5342
11 5342
12 5825
-1
11 5857
-1
10 5719
-1
9 5496
9 5496
-1
-1
-1
-1
8 5732
-1
7 5313
7 5313
-1
13 5583
14 5800
10 5481
-1
-1
-1
11 5609
-1
10 5701
-1
-1
-1
11 5182
11 5182
8 5853
-1
8 5314
10 5805
9 5210
-1
10 5789
10 5342
-1
-1
10 5413
10 5413
-1
11 5879
8 5204
-1
10 5824
-1
-1
10 5435
-1
-1
11 5293
10 5808
10 5808
-1
10 5433
10 5433
11 5659
-1
-1
12 5683
-1
12 5474
-1
11 5422
-1
-1
-1
11 5824
-1
-1
14 5708
14 5732
-1
-1
-1
-1
-1
-1
-1
12 5132
-1
-1
-1
-1
-1
-1
13 5866
12 5486
11 5797
-1
14 5631
-1
-1
-1
11 5541
-1
13 5584
13 5587
-1
-1
11 5422
-1
-1
-1
-1
9 5186
10 5347
-1
-1
-1
14 5656
-1
-1
15 5473
-1
-1
15 5810
19 5716
-1
-1
-1
11 5867
-1
-1
10 5734
11 5703
-1
-1
15 5661
-1
-1
-1
15 5616
-1
14 5737
14 5737
14 5737
-1
11 5543
11 5543
9 5052
-1
-1
12 5844
13 5849
-1
-1
8 5174
-1
9 5457
11 5842
-1
-1
10 5473
-1
11 5621
12 5760
-1
-1
12 5142
-1
-1
-1
-1
-1
11 5801
-1
-1
-1
-1
-1
11 5581
-1
-1
-1
11 5547
12 5818
-1
-1
8 5174
-1
8 5735
9 5736
9 5736
10 5778
-1
13 5515
-1
-1
-1
-1
-1
15 5382
14 5825
-1
8 5387
-1
-1
9 5765
-1
11 5517
-1
-1
12 5739
11 5671
-1
11 5485
-1
11 5485
12 5676
-1
-1
12 5781
-1
9 5600
-1
-1
-1
-1
13 5866
-1
-1
12 5496
9 5294
-1
10 5814
10 5233
-1
-1
12 5802
12 5802
-1
-1
12 5671
-1
15 5880
15 5880
14 5501
-1
15 5639
14 5557
-1
-1
-1
11 5293
10 5053
-1
12 5811
-1
9 5311
-1
-1
-1
-1
13 5832
-1
12 5591
-1
-1
-1
-1
15 5308
-1
13 5714
13 5829
13 5850
-1
-1
12 5876
12 5878
-1
-1
-1
-1
-1
-1
-1
14 5605
-1
9 5728
-1
9 5327
-1
-1
10 5056
10 5056
11 5204
-1
-1
-1
-1
-1
-1
13 5810
-1
11 5278
-1
-1
-1
-1
-1
14 5819
15 5880
-1
-1
13 5795
9 5666
-1
-1
-1
9 5401
-1
-1
-1
-1
-1
-1
-1
-1
-1
-1
10 5741
-1
12 5804
-1
-1
13 5815
-1
10 5815
-1
-1
10 5717
-1
9 5248
11 5838
-1
10 5733
10 5733
-1
11 5552
-1
11 5552
-1
-1
9 5717
-1
-1
-1
10 4986
-1
12 5431
-1
-1
11 5775
-1
-1
-1
11 5151
11 5151
11 5551
11 5835
-1
11 5356
12 5417
-1
-1
12 5417
-1
13 5749
-1
13 5099
-1
-1
-1
-1
-1
-1
-1
-1
15 5664
14 5648
-1
14 5715
12 5474
-1
10 5867
10 5664
14 5825
14 5194
-1
-1
-1
-1
-1
13 5432
-1
-1
-1
-1
-1
-1
12 5585
12 5597
-1
10 5444
-1
11 5861
11 5451
-1
-1
14 5566
15 5820
-1
-1
15 5880
15 5880
-1
10 5732
10 5355
10 5355
10 5355
10 5355
10 5355
-1
-1
-1
10 5877
10 5877
-1
-1
-1
13 5742
-1
14 5854
-1
-1
-1
12 5829
-1
-1
9 5082
-1
11 5544
10 5133
-1
-1
11 5442
-1
-1
-1
10 5544
10 5518
-1
-1
11 5384
-1
15 5313
-1
13 5714
-1
-1
-1
12 5857
12 5857
-1
-1
-1
-1
12 5557
11 5449
11 5115
-1
-1
-1
10 5341
-1
10 5341
-1
10 5563
-1
11 5708
-1
-1
12 5740
13 5744
13 5519
12 5217
13 5735
-1
13 5721
12 5509
-1
-1
-1
12 5293
-1
-1
-1
-1
12 5819
-1
-1
-1
-1
-1
-1
12 5871
12 5871
-1
-1
14 5324
15 5226
15 5226
-1
16 5647
17 5678
-1
17 5830
-1
-1
-1
-1
9 5674
-1
-1
-1
13 5663
-1
12 5028
-1
9 5116
10 5503
10 5503
-1
-1
13 5637
13 5273
-1
-1
14 5522
-1
16 5301
16 5301
17 5763
-1
-1
-1
-1
-1
11 5688
9 5700
11 5632
-1
11 5321
11 5396
11 5396
-1
14 5772
-1
-1
15 5082
15 5082
-1
-1
-1
-1
-1
-1
-1
-1
10 5843
-1
9 5321
-1
10 5642
-1
-1
-1
-1
10 5862
10 5862
10 5045
10 5045
-1
-1
10 5657
14 5770
-1
-1
-1
-1
11 5344
-1
-1
12 5755
12 5755
-1
-1
-1
12 5315
11 5679
12 5776
-1
12 5722
-1
11 5601
9 5658
-1
-1
9 5684
-1
-1
11 5401
-1
11 5812
11 5812
-1
11 5761
-1
11 5722
-1
9 5878
-1
11 5781
-1
11 5631
11 5631
-1
11 5334
12 5813
-1
11 5678
-1
-1
-1
-1
13 5640
-1
-1
-1
-1
12 5437
12 5411
-1
-1
10 5866
10 5782
11 5746
11 5746
11 5843
-1
14 5783
-1
12 5570
-1
-1
14 5334
15 5408
-1
17 5857
15 5080
13 5721
-1
-1
9 5879
-1
-1
10 5769
-1
-1
-1
14 5185
-1
15 5243
-1
-1
8 5814
-1
-1
-1
9 5131
9 5131
10 5602
-1
10 5668
-1
-1
13 5878
14 5834
-1
15 5767
-1
-1
13 5728
-1
14 5828
-1
-1
8 5071
-1
9 5253
9 5253
-1
-1
-1
12 5803
12 5618
12 5618
-1
11 5754
-1
9 5759
-1
9 5621
10 5402
-1
-1
12 5269
12 5785
13 5823
13 5686
-1
12 5871
-1
15 5878
15 5878
11 5252
-1
11 5494
12 5744
9 5287
-1
11 5774
-1
17 5780
14 5550
-1
13 5801
-1
-1
13 5843
-1
13 5843
10 5359
10 5339
-1
-1
-1
-1
-1
10 5494
-1
10 5494
-1
-1
-1
12 5706
12 5706
-1
10 5763
-1
11 5513
-1
9 5525
-1
10 5568
-1
-1
-1
-1
-1
-1
-1
-1
-1
11 5682
13 5739
13 5538
-1
-1
11 5359
-1
-1
-1
-1
-1
-1
-1
7 5077
11 5840
12 5776
-1
-1
-1
-1
-1
12 5864
11 5324
-1
13 5232
-1
-1
-1
-1
15 5782
12 5410
12 5202
-1
11 5762
-1
10 5313
-1
11 5845
-1
-1
14 5861
15 5849
-1
14 5283
-1
-1
13 5852
12 5709
12 5225
-1
13 5785
-1
-1
14 5754
-1
11 5392
-1
-1
-1
11 5346
13 5812
12 5146
13 5854
-1
-1
11 5450
-1
-1
-1
-1
10 5296
11 5099
11 5717
-1
9 5166
-1
12 5595
13 5802
-1
14 5449
-1
-1
-1
-1
8 5395
-1
-1
10 5326
-1
-1
-1
16 5269
12 5508
-1
7 5290
-1
7 5290
7 5343
9 5352
-1
-1
-1
-1
10 5197
11 5375
12 5646
-1
11 5655
11 5407
11 5477
13 5086
-1
-1
11 5732
11 5732
-1
-1
-1
12 5477
-1
8 5751
-1
8 5751
-1
-1
-1
12 5732
-1
-1
-1
-1
-1
10 5645
-1
-1
-1
8 5208
-1
8 5480
9 5798
-1
12 5725
12 5725
12 5566
-1
7 5392
-1
7 4960
-1
10 5750
10 5750
11 5419
11 5656
11 5656
-1
12 5816
-1
10 5059
-1
9 5828
9 5871
9 5871
9 5871
9 5284
10 5538
-1
13 5306
-1
-1
11 5300
11 5300
-1
-1
10 5491
-1
10 5491
-1
9 5583
-1
9 5583
-1
-1
9 5767
14 5840
-1
-1
-1
-1
14 5221
-1
-1
-1
-1
-1
-1
-1
9 5549
-1
-1
9 5706
-1
8 5661
-1
-1
10 5747
-1
11 5564
-1
-1
-1
13 5108
14 5770
14 5770
16 5827
16 5350
-1
17 5807
-1
-1
15 5202
-1
-1
11 5152
-1
-1
-1
11 5762
-1
-1
11 5560
-1
-1
17 5184
10 5822
10 5775
-1
-1
14 5537
13 5820
12 5874
-1
10 5417
-1
-1
-1
-1
-1
-1
-1
-1
13 5865
-1
-1
-1
-1
-1
12 5859
9 5842
9 5842
9 5842
9 5295
-1
8 5670
8 5517
11 5764
-1
12 5709
12 5709
14 5704
-1
-1
15 5349
-1
-1
-1
10 5784
10 5174
10 5174
-1
18 5720
18 5720
13 5823
-1
-1
-1
12 5339
12 5339
13 5806
-1
13 5732
-1
-1
10 5198
-1
13 5757
13 5502
13 5840
13 5840
13 5840
-1
-1
12 5820
12 5820
-1
12 5811
10 5723
-1
9 5377
9 5457
11 5281
-1
-1
-1
-1
-1
13 5734
13 5584
-1
-1
13 5363
-1
-1
-1
-1
-1
-1
13 5563
-1
13 5308
-1
17 5862
-1
-1
-1
13 5242
-1
-1
14 5353
-1
13 5852
13 5814
-1
13 5879
-1
-1
-1
-1
14 5769
-1
13 5351
14 5606
-1
-1
-1
12 5454
12 5454
15 5532
-1
15 5532
15 5547
16 5732
-1
-1
16 5868
16 5731
-1
12 5824
13 5495
13 5495
-1
14 5638
-1
11 5816
-1
-1
-1
13 5862
-1
-1
-1
10 5018
-1
-1
11 5812
-1
-1
10 5761
-1
-1
12 5652
-1
-1
-1
-1
-1
-1
-1
-1
-1
-1
9 5253
8 5716
8 5623
-1
8 5772
-1
8 5414
11 5833
-1
12 5772
-1
11 5305
12 5696
-1
13 5581
-1
-1
-1
13 5330
-1
-1
-1
-1
-1
-1
15 5386
15 5386
-1
-1
-1
-1
-1
-1
-1
-1
-1
13 5365
-1
11 5818
10 5853
-1
10 5693
11 5834
-1
12 5863
-1
-1
13 5802
-1
8 5054
-1
-1
-1
-1
-1
9 5506
-1
10 5217
-1
-1
12 5711
12 5711
-1
14 5780
-1
-1
15 5411
-1
15 5614
-1
-1
-1
-1
9 5441
-1
12 5777
-1
-1
-1
12 5865
-1
13 5635
14 5804
-1
-1
-1
-1
12 5879
-1
9 5833
10 5147
-1
11 5351
-1
-1
-1
10 5445
11 5867
10 5192
-1
-1
-1
13 5640
-1
12 5778
12 5778
-1
-1
-1
-1
-1
-1
16 5438
11 4970
-1
11 4970
-1
10 5779
11 5827
-1
10 5767
9 5369
-1
11 5677
-1
-1
8 5326
9 5583
10 5372
-1
13 5668
-1
15 5515
-1
13 5556
17 5394
17 5394
-1
-1
19 5779
19 5760
-1
-1
-1
9 5547
-1
-1
-1
-1
14 5679
-1
11 5504
-1
-1
-1
-1
-1
10 5566
-1
-1
-1
-1
11 5524
11 5524
-1
-1
-1
-1
-1
11 5559
12 5557
-1
12 5376
-1
12 5130
-1
-1
-1
-1
-1
-1
11 5626
11 5626
-1
12 5876
-1
9 5171
-1
-1
-1
13 5208
14 5717
-1
-1
14 5631
11 5646
-1
-1
-1
-1
10 5660
11 5231
-1
12 5851
8 5184
-1
9 5809
10 5668
-1
-1
-1
-1
-1
-1
-1
15 5871
15 5796
-1
-1
-1
11 5715
-1
10 5663
10 5388
-1
-1
-1
-1
13 5681
-1
11 5876
10 5365
10 5604
-1
-1
-1
-1
-1
-1
15 5647
-1
10 5712
7 5532
8 5333
-1
-1
10 5814
9 5426
9 5426
-1
8 5863
-1
-1
-1
-1
9 5879
-1
9 5182
11 5247
11 5840
11 5436
-1
-1
-1
-1
-1
13 5335
14 5675
14 5675
-1
15 5709
15 5729
-1
-1
-1
11 5312
9 5108
-1
10 5440
-1
-1
-1
12 5846
11 5232
12 5071
-1
11 5608
-1
-1
11 5587
-1
-1
-1
10 5674
10 5434
-1
-1
10 5731
11 5750
-1
10 5627
10 5777
11 5483
11 5483
11 5483
-1
11 5483
-1
13 5597
-1
-1
-1
-1
13 5859
-1
10 5540
-1
-1
-1
9 5567
-1
8 5400
8 5400
-1
-1
-1
9 5267
-1
-1
9 5482
-1
-1
8 5346
-1
12 5375
-1
-1
14 5833
-1
-1
-1
12 5580
-1
12 5580
13 5504
13 5504
12 5526
-1
12 5713
11 5820
10 5104
-1
-1
7 5206
7 5367
10 5288
-1
-1
10 5281
-1
-1
-1
-1
-1
10 5234
-1
11 5665
11 5665
-1
13 5780
-1
14 5781
-1
-1
-1
-1
-1
14 5805
14 5848
-1
-1
11 5706
-1
-1
-1
-1
-1
9 5291
7 5152
-1
-1
-1
-1
13 5685
-1
-1
13 5875
-1
-1
14 5770
13 5069
15 5419
15 5419
15 5419
-1
16 5562
-1
17 5679
17 5679
-1
-1
-1
-1
-1
-1
-1
9 5637
15 5490
-1
-1
-1
11 5856
-1
13 5541
-1
11 5878
-1
11 5878
11 5878
-1
9 5553
10 5722
-1
10 5216
-1
13 5726
-1
-1
-1
-1
10 4955
15 5787
-1
-1
14 5712
-1
-1
11 5623
-1
-1
13 5834
13 5000
-1
-1
-1
-1
-1
13 5374
-1
-1
-1
12 5792
-1
10 5730
9 5130
11 5376
-1
-1
13 5686
13 5279
-1
13 5279
-1
12 5776
12 5784
12 5867
-1
-1
12 5431
12 5796
13 5705
13 5705
-1
-1
-1
-1
13 5170
14 5793
-1
15 5875
15 5875
15 5831
-1
11 5834
12 5763
-1
15 5819
15 5819
-1
15 5113
14 5350
13 5811
-1
10 5525
-1
-1
12 5619
13 5812
-1
-1
-1
-1
-1
12 5633
12 5738
-1
-1
-1
-1
-1
-1
15 5213
-1
-1
-1
-1
-1
-1
13 5860
-1
-1
-1
-1
-1
13 5660
-1
14 5851
14 5796
14 5796
15 5826
-1
11 5583
11 5583
11 5748
-1
11 5748
11 5748
10 5398
-1
11 5767
11 5767
10 5082
-1
-1
11 5286
11 5444
11 5721
11 5721
11 5721
-1
-1
12 5747
15 5773
15 5806
14 5628
15 5875
-1
-1
15 5875
-1
-1
15 5232
16 5567
-1
-1
-1
-1
-1
-1
9 5803
9 5604
-1
-1
7 5298
7 5314
-1
-1
-1
-1
-1
-1
-1
-1
13 5649
-1
13 5865
-1
12 5100
-1
-1
-1
14 5320
13 5660
13 5660
-1
-1
-1
-1
-1
-1
12 5858
-1
10 5750
-1
-1
13 5778
-1
-1
12 5847
12 5541
-1
-1
-1
10 5784
-1
9 5455
12 5510
-1
-1
-1
-1
-1
13 5741
-1
-1
13 5851
-1
-1
13 5564
-1
13 5564
14 5782
14 5782
-1
-1
12 5135
-1
12 5847
13 5550
-1
-1
-1
12 5205
13 5856
12 5081
-1
-1
-1
12 5813
-1
13 5755
13 5755
-1
-1
-1
13 5543
-1
8 5085
-1
10 5634
10 5634
10 5634
12 5844
11 5390
-1
-1
11 5292
11 5292
11 5088
-1
-1
11 5088
-1
-1
-1
-1
13 5152
-1
15 5661
16 5878
13 5765
9 5497
-1
-1
12 5733
12 5715
13 5784
14 5845
-1
-1
-1
-1
11 5793
-1
11 5314
-1
13 5748
-1
-1
-1
-1
-1
-1
-1
13 5586
-1
-1
-1
12 5872
9 5826
-1
11 5690
12 5709
-1
12 5547
12 5547
-1
-1
12 5829
12 5828
-1
-1
-1
-1
-1
-1
15 5867
12 5442
-1
-1
-1
-1
12 5734
-1
11 5543
-1
-1
-1
-1
-1
10 5236
10 5236
10 5236
-1
12 5761
-1
-1
-1
9 5390
-1
-1
-1
8 5600
8 5600
8 5492
8 5492
-1
9 5486
9 5486
9 5724
10 5176
-1
10 5397
-1
-1
9 5465
-1
-1
-1
-1
8 5353
-1
-1
-1
-1
11 5622
-1
11 5598
14 5713
-1
8 5838
8 5838
-1
8 5838
-1
9 5659
9 5839
9 5737
-1
10 5751
-1
-1
10 5229
-1
-1
16 5627
-1
-1
-1
9 4989
-1
11 5609
-1
11 5609
-1
-1
-1
9 5142
10 5577
-1
-1
-1
-1
11 5639
11 5740
12 5778
-1
11 5774
-1
12 5711
-1
-1
-1
12 5629
-1
-1
-1
11 5759
11 5396
11 5396
-1
-1
14 5436
-1
-1
-1
-1
-1
-1
-1
13 5772
14 5612
-1
-1
-1
12 5716
-1
9 5598
-1
-1
9 5277
-1
8 5657
8 5601
-1
-1
9 5429
9 5061
9 5351
-1
11 5692
8 5412
-1
-1
-1
8 5056
11 5192
-1
-1
-1
12 5527
-1
12 5094
-1
-1
-1
-1
-1
12 5289
11 5859
-1
-1
-1
10 5752
10 5752
11 5810
-1
-1
-1
-1
8 5792
-1
8 5768
8 5768
-1
-1
-1
-1
11 5799
12 5396
12 5396
-1
11 5602
-1
12 5032
-1
12 5336
9 5668
-1
-1
8 5800
8 5800
-1
7 5349
-1
-1
11 5158
-1
-1
-1
17 5704
16 5505
15 5594
-1
15 5748
15 5743
-1
13 5785
11 5801
11 5801
11 5675
-1
-1
8 5872
9 5471
9 5471
-1
11 5827
-1
14 5117
-1
14 5117
15 5683
13 5522
15 5810
15 5810
12 5319
-1
14 5830
-1
-1
8 5492
-1
-1
-1
-1
-1
9 5763
9 5763
9 5095
9 5771
9 5479
9 5071
10 5511
-1
-1
-1
13 5261
13 5721
-1
-1
14 5321
-1
-1
9 5418
-1
-1
-1
-1
7 5465
7 5465
10 5501
12 5774
11 5008
-1
11 5008
-1
-1
10 5501
-1
13 5831
14 5688
-1
-1
-1
-1
10 5838
10 5838
-1
-1
-1
8 5879
-1
9 5710
9 5469
-1
10 5141
11 5513
13 5554
-1
-1
9 5443
-1
9 5665
-1
10 5251
10 5322
11 5659
11 5863
-1
10 5431
10 5431
11 5640
11 5838
-1
11 5681
-1
13 5681
13 5681
-1
-1
-1
12 5826
12 5685
-1
13 5783
-1
-1
-1
-1
12 5177
-1
-1
13 5543
-1
14 5806
-1
-1
15 5817
-1
-1
-1
-1
14 5782
15 5846
-1
15 5846
15 5451
14 5834
10 5697
-1
10 5680
-1
-1
10 5133
-1
-1
-1
-1
13 5845
11 5614
10 5523
-1
-1
10 5656
-1
-1
10 5868
-1
9 5168
10 5763
-1
-1
-1
11 5372
-1
11 5372
-1
10 5321
-1
13 5527
-1
-1
-1
-1
11 5774
11 5754
-1
10 5234
-1
-1
-1
13 5659
14 5800
13 5675
13 5675
-1
-1
-1
12 5722
12 5722
-1
11 5807
11 5287
14 5631
14 5681
-1
12 5752
-1
9 5140
-1
10 5739
-1
11 5871
10 5462
-1
12 5537
-1
11 5332
11 5497
-1
11 5713
11 5713
10 5272
-1
-1
11 5236
-1
11 5067
-1
-1
-1
-1
-1
14 5197
14 5301
-1
-1
-1
12 5774
-1
10 5339
-1
9 5315
-1
-1
10 5417
10 5417
11 5871
12 5865
-1
13 5528
12 5557
12 5779
-1
-1
-1
-1
-1
11 5632
-1
-1
13 5864
-1
-1
-1
-1
-1
-1
11 5818
-1
-1
-1
-1
-1
10 5590
-1
-1
10 5335
-1
-1
-1
-1
-1
-1
14 5289
-1
14 5481
-1
-1
9 5375
-1
-1
-1
7 5207
8 5570
-1
11 5159
-1
12 5549
-1
12 5762
-1
-1
-1
12 5836
-1
-1
14 5880
-1
-1
-1
11 5878
11 5878
10 5633
10 5633
9 5556
12 5480
12 5480
12 5480
13 5867
-1
-1
12 5480
12 5480
13 5647
13 5821
-1
-1
-1
-1
-1
12 5592
-1
-1
10 5135
10 5135
-1
-1
-1
-1
-1
10 5837
8 5133
8 5133
10 5802
-1
13 5787
10 5259
-1
-1
8 5725
8 5058
-1
11 5770
-1
11 5770
11 5770
12 5836
11 5452
-1
-1
-1
12 5448
12 5604
-1
-1
-1
-1
-1
-1
11 5595
12 5511
-1
-1
-1
-1
13 5694
13 5694
-1
-1
14 5490
13 5310
13 5310
14 5864
-1
11 5783
11 5783
-1
-1
-1
8 5712
-1
8 5798
-1
8 5487
-1
9 5511
9 5511
-1
-1
-1
-1
-1
-1
14 5547
-1
-1
13 5867
-1
13 5841
11 5521
11 5521
-1
11 5457
-1
11 5654
11 5857
-1
11 5857
11 5857
8 5034
-1
10 5721
11 5873
-1
-1
-1
-1
-1
-1
-1
13 5837
13 5837
-1
-1
11 5776
-1
-1
-1
12 5646
-1
13 5823
-1
-1
12 5739
11 5351
11 5351
-1
-1
-1
9 5727
9 5799
-1
-1
-1
-1
-1
-1
-1
12 5523
12 5523
-1
12 5821
-1
-1
10 5740
-1
-1
11 5549
11 5873
-1
10 5124
-1
-1
-1
-1
13 5553
-1
-1
13 5553
-1
13 5553
-1
11 5683
-1
-1
-1
-1
-1
9 5277
10 5831
-1
-1
10 5750
9 5521
-1
-1
-1
-1
9 5839
-1
9 5086
-1
-1
-1
-1
-1
12 5841
12 5574
-1
11 5635
-1
11 5635
11 5635
12 5759
-1
12 5767
-1
12 5724
10 5142
-1
-1
-1
-1
12 5781
-1
14 5509
11 5316
11 5316
-1
-1
-1
-1
-1
-1
15 5688
-1
-1
-1
-1
18 5504
12 5306
-1
-1
-1
-1
-1
-1
-1
-1
10 5427
11 5739
-1
11 5107
-1
10 5300
-1
10 5387
10 5387
10 5387
-1
-1
10 5710
-1
-1
10 5777
9 5249
-1
-1
-1
14 5459
-1
11 5845
-1
11 5050
11 5620
-1
-1
9 5394
11 5869
-1
11 5838
11 5190
11 5553
-1
-1
9 5650
9 5685
9 5842
9 5842
9 5863
-1
10 5515
-1
-1
-1
-1
14 5779
-1
8 5008
-1
-1
13 5755
-1
-1
12 5866
-1
-1
-1
-1
-1
-1
-1
10 5256
-1
-1
-1
-1
11 5343
-1
13 5612
-1
-1
-1
-1
10 5676
-1
11 5279
-1
-1
11 5636
-1
-1
-1
-1
12 5564
12 5564
-1
13 5246
-1
11 5619
-1
11 5484
-1
11 5153
11 5153
-1
11 5378
12 5871
11 5696
10 5516
-1
11 5789
12 5662
-1
-1
13 5299
-1
14 5802
12 5673
12 5673
12 5779
-1
11 5453
-1
-1
10 5608
-1
-1
10 5156
13 5777
-1
12 5222
-1
-1
-1
14 5658
-1
-1
-1
15 5839
11 5778
11 5810
-1
11 5742
-1
11 5742
11 5742
10 5104
13 5828
10 5184
10 5184
-1
-1
9 5238
-1
-1
10 5538
10 5278
-1
10 5562
-1
-1
-1
11 5616
-1
-1
12 5869
9 5535
11 5870
-1
13 5798
-1
11 5302
-1
-1
10 5510
-1
-1
12 5534
12 5148
13 5379
-1
14 5821
-1
14 5821
10 5640
10 5640
-1
11 5774
11 5522
11 5669
-1
-1
-1
-1
11 5168
11 5168
-1
-1
-1
10 5470
-1
-1
12 5695
-1
8 5626
8 5626
-1
-1
9 5053
-1
-1
-1
-1
-1
-1
-1
17 5836
-1
-1
-1
-1
-1
-1
-1
11 5640
-1
-1
-1
-1
-1
-1
-1
14 5778
14 5823
-1
13 5585
-1
9 5377
-1
12 5782
-1
10 5806
-1
-1
-1
12 5875
-1
13 5624
-1
-1
-1
12 5631
-1
-1
9 5019
9 5019
-1
10 5253
-1
-1
-1
-1
-1
-1
9 5694
-1
-1
-1
12 5312
-1
-1
-1
10 5636
11 5765
10 5423
10 5743
9 5441
13 5802
-1
13 5487
13 5487
-1
-1
-1
-1
8 5602
-1
-1
9 5070
9 4959
-1
10 5541
10 5436
-1
15 5179
-1
-1
-1
8 5121
10 5679
-1
9 5134
-1
-1
-1
12 5712
-1
-1
-1
12 5560
14 5021
-1
-1
-1
-1
-1
15 5765
16 5864
13 5786
13 5724
13 5678
-1
13 5851
-1
-1
-1
-1
11 5664
-1
-1
-1
-1
10 5537
-1
10 5537
-1
-1
9 5319
9 5870
10 5250
11 5823
-1
15 5734
14 5875
-1
15 5669
15 5600
-1
-1
-1
9 5539
10 5621
11 5855
-1
-1
12 5605
13 5803
-1
11 5467
-1
-1
-1
-1
12 5855
-1
13 5396
-1
-1
-1
-1
-1
15 5477
-1
11 5249
-1
-1
12 5625
-1
10 5306
10 5306
11 5342
-1
-1
11 5809
-1
-1
-1
12 5321
11 5393
-1
11 5856
11 5856
11 5582
13 5344
-1
12 5297
12 5297
9 5561
-1
9 5414
10 5512
11 5674
11 5208
-1
13 5474
13 5474
12 5878
14 5815
14 5815
14 5815
-1
12 5239
10 5835
11 5831
13 5757
-1
12 5303
12 5303
-1
-1
14 5319
15 5408
14 5818
-1
9 5051
12 5839
-1
-1
-1
-1
10 5686
-1
-1
11 5716
11 5716
-1
10 5580
-1
-1
12 5182
-1
13 5480
-1
-1
-1
-1
-1
9 5119
-1
-1
11 5153
14 4972
16 5786
17 5711
16 5775
-1
-1
-1
12 5602
9 5480
-1
-1
10 5261
-1
-1
-1
-1
-1
-1
13 5689
-1
-1
14 5867
10 5215
-1
11 5773
-1
-1
9 5180
9 5180
-1
-1
-1
9 5803
-1
9 5840
-1
-1
8 4921
8 4921
8 4921
-1
-1
-1
-1
12 5659
-1
10 5320
-1
12 5228
-1
-1
-1
-1
-1
-1
-1
12 5813
12 5813
-1
11 5873
11 5873
-1
-1
16 5196
-1
-1
-1
18 5872
14 5813
10 5319
-1
10 5347
-1
-1
13 5842
-1
-1
-1
11 5821
11 5821
-1
-1
10 5833
-1
-1
12 5198
-1
-1
-1
-1
-1
12 5313
-1
-1
-1
-1
-1
-1
-1
8 5771
8 5771
-1
8 5780
-1
-1
8 5314
-1
8 5341
-1
10 5265
-1
-1
10 5266
-1
7 5120
7 5120
-1
11 5872
10 5683
-1
10 5650
8 5063
9 5789
-1
-1
11 5731
11 5731
-1
12 5363
12 5363
-1
14 5681
-1
17 5871
-1
16 5540
16 5540
-1
10 5015
9 5572
-1
9 5572
-1
11 5685
-1
-1
12 5700
-1
-1
-1
12 5555
-1
13 5508
-1
13 5783
-1
-1
-1
-1
-1
-1
9 5667
-1
9 5573
-1
11 5629
12 5867
-1
-1
-1
-1
15 5718
-1
-1
16 5774
-1
14 5659
12 5382
-1
-1
11 5771
-1
12 5446
-1
-1
-1
12 5149
13 5215
-1
15 5814
-1
-1
-1
13 5707
-1
-1
13 5676
-1
-1
-1
-1
14 5716
-1
15 5846
-1
-1
13 5575
13 5686
-1
13 5686
-1
-1
-1
-1
-1
10 5625
-1
-1
-1
-1
11 5654
11 5374
-1
11 5638
13 5780
-1
-1
11 5803
11 5803
12 5672
-1
9 5058
11 5414
13 5550
-1
-1
-1
-1
15 5852
-1
-1
-1
18 5785
19 5816
14 5522
-1
8 5580
8 5580
8 5363
-1
10 5690
10 5193
9 5063
-1
-1
13 5364
13 5364
-1
-1
-1
-1
-1
11 5421
12 5389
-1
-1
15 5606
-1
13 5728
-1
-1
-1
-1
-1
10 5193
-1
-1
13 5639
-1
-1
-1
10 5859
-1
-1
-1
-1
10 5384
-1
-1
-1
-1
11 5877
-1
-1
-1
15 5461
-1
-1
-1
-1
16 5798
16 5798
-1
-1
13 5754
12 5671
-1
-1
-1
-1
11 5696
-1
-1
11 5784
-1
11 5216
11 5216
-1
-1
9 5289
-1
-1
-1
-1
-1
-1
9 5396
-1
-1
-1
8 5541
-1
9 5812
9 5720
-1
-1
-1
-1
13 5858
-1
-1
-1
12 5220
13 5257
-1
-1
-1
-1
-1
12 4905
-1
-1
16 5587
-1
-1
-1
-1
-1
-1
14 5805
-1
-1
15 5587
-1
15 5587
12 5871
12 5871
11 5382
-1
-1
10 5303
11 5170
13 5482
-1
-1
-1
13 5608
-1
-1
-1
-1
11 5263
13 5838
-1
-1
-1
-1
10 5856
9 5380
9 5513
-1
-1
-1
-1
13 5724
15 5673
15 5788
-1
-1
9 5400
-1
-1
-1
11 5138
-1
-1
11 5664
-1
11 5664
-1
-1
10 5683
10 5784
11 5385
-1
-1
-1
-1
-1
9 5797
10 5762
-1
10 5749
-1
-1
-1
-1
-1
-1
10 5294
-1
10 5666
11 5811
-1
11 5811
-1
-1
-1
-1
8 5350
8 5355
9 5797
-1
-1
-1
12 5701
-1
-1
-1
-1
9 5554
-1
-1
11 4993
-1
-1
-1
11 5788
-1
13 5572
-1
-1
-1
11 5864
12 5737
-1
12 5469
-1
14 5643
-1
14 5672
15 5745
-1
-1
-1
-1
12 5844
-1
-1
11 5540
-1
-1
10 5123
-1
-1
-1
-1
-1
-1
12 5840
-1
11 5826
11 5429
-1
-1
-1
-1
12 5429
14 5870
14 5870
-1
-1
9 5709
10 5811
10 5756
-1
8 5490
8 5490
10 5677
-1
-1
-1
10 5201
-1
8 5273
-1
12 5191
12 5191
13 5856
-1
-1
12 5512
-1
-1
-1
11 5856
-1
11 5856
-1
10 5611
-1
8 5060
-1
-1
9 5547
8 5523
-1
-1
-1
9 5486
-1
-1
8 5244
-1
-1
14 5357
-1
-1
13 5783
14 5663
14 5663
-1
-1
9 5171
-1
-1
-1
11 5254
12 5440
12 5867
11 5105
-1
-1
8 5623
-1
8 5875
-1
-1
11 5694
10 5238
-1
9 5145
-1
-1
-1
-1
9 5436
-1
10 5469
-1
-1
-1
-1
-1
11 5709
15 5815
-1
15 5426
-1
-1
-1
9 5735
-1
10 5392
-1
-1
-1
10 5595
-1
-1
-1
-1
9 5507
-1
-1
9 5056
12 5774
-1
-1
-1
-1
12 5848
11 5257
-1
-1
-1
-1
-1
11 5436
-1
-1
-1
11 5349
-1
-1
-1
-1
10 5753
-1
-1
-1
-1
-1
8 5300
9 5532
-1
11 5550
11 5404
10 5764
10 5530
-1
12 5320
13 5798
13 5798
-1
12 5570
-1
-1
-1
-1
12 5184
12 5660
-1
-1
7 5226
-1
9 5571
9 5571
9 5862
9 5870
-1
11 5712
-1
-1
10 5237
-1
10 5852
10 5725
-1
-1
10 5746
-1
-1
-1
8 5798
8 5700
-1
-1
-1
-1
-1
9 5221
-1
12 5844
12 5844
-1
12 5785
-1
-1
-1
10 5319
11 5863
-1
-1
10 5438
10 5438
10 5879
10 5879
11 5748
11 5609
11 5609
11 5291
-1
-1
-1
-1
12 5514
-1
-1
-1
12 5691
-1
9 5545
-1
-1
-1
-1
-1
11 5143
-1
11 5143
11 5873
11 5796
-1
11 5537
-1
-1
-1
9 5473
-1
-1
10 5303
-1
-1
12 5819
-1
-1
-1
-1
10 5713
-1
11 5872
12 5571
13 5453
12 5764
12 5764
-1
11 5071
-1
10 5848
-1
-1
9 5837
9 5827
8 5236
-1
8 5197
-1
-1
-1
12 5815
12 5865
-1
11 5784
-1
-1
11 5813
12 5857
-1
12 5791
-1
10 5869
10 5869
-1
-1
-1
-1
-1
-1
-1
10 5416
10 5416
-1
-1
10 5645
-1
10 5707
-1
-1
12 5757
-1
12 5392
14 5849
-1
-1
-1
12 5427
-1
12 5179
-1
-1
8 5424
-1
-1
11 5541
13 5306
13 5306
-1
-1
-1
12 5435
-1
-1
-1
-1
11 5725
-1
-1
11 5510
-1
14 5573
14 5531
-1
-1
-1
15 5826
13 5797
11 5823
-1
-1
-1
-1
12 5802
-1
-1
11 5733
-1
11 5782
12 5593
-1
-1
-1
-1
10 5774
-1
10 5511
10 5145
-1
11 5795
-1
-1
-1
11 5807
11 5866
10 5100
-1
-1
12 5873
-1
-1
-1
11 5873
-1
9 5463
-1
-1
-1
-1
-1
-1
14 5669
14 5669
-1
14 5809
-1
14 5809
-1
-1
9 5716
-1
10 5356
11 5792
11 5792
-1
-1
12 5807
12 5807
-1
-1
-1
-1
-1
-1
-1
-1
14 5774
-1
-1
-1
-1
10 5694
-1
-1
-1
12 5308
10 5473
-1
-1
-1
9 5677
-1
-1
-1
12 5821
12 5703
-1
11 5844
11 5844
-1
11 5400
-1
-1
-1
-1
11 5593
-1
-1
-1
14 5867
14 5837
-1
-1
17 5556
18 5006
15 5790
15 5535
-1
-1
-1
13 5602
-1
-1
-1
-1
-1
-1
-1
12 5743
11 5759
9 5415
-1
9 5664
10 5583
11 5867
-1
11 5453
-1
13 5825
-1
-1
-1
-1
-1
-1
-1
-1
-1
-1
-1
-1
-1
-1
-1
10 5545
-1
13 5157
-1
-1
-1
16 5811
-1
15 5456
13 5398
15 5714
-1
15 5720
15 5720
-1
-1
-1
-1
-1
-1
-1
-1
10 5337
-1
-1
-1
-1
-1
12 5521
-1
-1
11 5858
11 5858
12 5664
11 5745
-1
-1
-1
-1
9 5163
-1
-1
-1
-1
-1
11 5847
10 5805
-1
-1
-1
9 5439
10 5715
12 5603
-1
-1
-1
-1
-1
15 5536
-1
-1
-1
14 5286
-1
16 5759
16 5759
16 5759
13 5662
13 5482
13 5482
-1
-1
-1
-1
-1
9 5676
9 5676
9 5593
-1
-1
-1
-1
11 5318
-1
-1
-1
10 5481
-1
-1
-1
-1
13 5710
-1
13 5418
-1
-1
-1
-1
13 5766
10 5025
12 5692
-1
-1
15 5797
15 5797
-1
-1
-1
-1
-1
9 5824
9 5047
-1
-1
-1
-1
10 5287
9 5382
9 5657
-1
9 5749
8 5292
-1
-1
-1
12 5213
12 5213
12 5459
-1
12 5730
12 5671
-1
-1
-1
8 5830
-1
-1
-1
-1
-1
-1
13 5423
-1
-1
14 5787
-1
-1
13 5671
-1
-1
-1
13 5849
13 5849
13 5792
-1
-1
11 5765
-1
-1
-1
-1
-1
10 5725
9 5392
9 5677
-1
-1
11 5286
-1
13 5848
-1
-1
-1
-1
-1
-1
-1
-1
-1
11 5713
-1
-1
12 5795
12 5795
12 5795
-1
13 5595
12 5522
-1
13 5230
-1
-1
-1
-1
15 5727
15 5854
14 5811
-1
-1
-1
11 5281
11 5281
-1
-1
9 5076
-1
-1
10 5848
-1
12 5470
14 5777
-1
13 5596
13 5596
12 5790
12 5790
-1
-1
-1
-1
-1
11 5562
-1
-1
-1
11 5880
-1
11 5422
-1
10 5821
-1
-1
9 5639
9 5639
-1
-1
10 5545
10 5545
-1
11 5663
11 5663
11 5663
-1
-1
-1
-1
-1
-1
12 5319
10 5465
10 5624
-1
-1
-1
-1
12 5462
15 5750
15 5750
-1
-1
-1
9 4918
8 5277
-1
8 5642
10 5680
-1
11 5647
-1
-1
11 5869
12 5852
14 5851
-1
-1
-1
13 5854
-1
-1
-1
-1
12 5842
13 5299
-1
14 5722
14 5722
15 5775
14 5326
14 5775
-1
-1
13 5731
13 5731
16 5593
16 5593
-1
15 5149
-1
7 5580
7 5077
9 5310
10 5797
-1
11 5569
11 5569
11 5664
-1
-1
13 5728
-1
10 5868
9 5312
-1
11 5688
12 5704
-1
-1
-1
-1
-1
8 5441
-1
-1
-1
-1
12 5802
13 5551
-1
13 5663
15 5867
-1
12 5810
10 5576
-1
11 5778
-1
12 5826
-1
13 5533
15 5206
-1
15 5818
15 5818
-1
13 5796
-1
-1
-1
-1
12 5576
13 5688
13 5688
-1
15 5358
-1
-1
-1
15 5828
15 5828
10 5805
-1
-1
-1
-1
-1
-1
-1
14 5415
-1
13 5673
13 5673
-1
13 5838
13 5851
-1
-1
15 5863
-1
13 5138
13 5138
-1
12 5865
-1
12 5876
-1
11 5336
-1
-1
12 5571
-1
-1
11 5778
11 5611
11 5216
10 5707
12 5794
14 5317
-1
-1
15 5810
11 5809
-1
-1
13 5370
-1
13 5595
13 5595
-1
-1
-1
-1
11 5871
12 5660
-1
-1
-1
11 5852
11 5852
-1
9 5335
-1
-1
9 5013
10 5485
-1
-1
-1
-1
13 5780
13 5780
-1
-1
-1
-1
-1
-1
15 5648
15 5648
15 5648
-1
13 5787
-1
14 5716
-1
-1
-1
-1
-1
14 5562
-1
-1
-1
-1
-1
-1
-1
13 5200
11 5809
-1
10 5505
12 5626
-1
13 5654
-1
-1
-1
14 5502
-1
12 5867
-1
12 5732
13 5814
-1
12 5177
-1
-1
-1
9 5539
9 5539
-1
-1
12 5740
-1
-1
10 5180
-1
10 5180
-1
-1
10 5180
-1
10 5180
10 5033
12 5647
-1
-1
-1
12 5774
-1
-1
11 5649
-1
-1
-1
11 5649
-1
11 5463
11 5434
-1
-1
-1
-1
11 5797
-1
-1
-1
10 5325
-1
9 5451
-1
11 5829
-1
-1
12 5477
10 4897
11 5747
11 5858
-1
-1
-1
-1
-1
10 5489
-1
9 5288
11 5877
10 5402
10 5847
10 5851
-1
-1
-1
-1
-1
-1
12 5516
-1
-1
-1
14 5636
14 5636
14 5684
15 5720
-1
13 5275
13 5275
-1
11 5566
-1
-1
-1
-1
-1
-1
-1
-1
10 5650
-1
10 5066
-1
11 5387
10 5752
12 5869
12 5869
-1
-1
13 5696
13 5526
-1
-1
-1
11 5051
-1
-1
-1
14 5789
-1
-1
12 5410
12 5834
11 5696
-1
9 5790
-1
-1
-1
-1
11 5822
11 5822
-1
-1
-1
-1
8 5776
-1
-1
8 5688
10 5813
-1
-1
-1
-1
-1
14 5314
-1
15 5611
-1
-1
12 5875
13 5685
13 5488
-1
12 5853
-1
-1
-1
-1
14 5706
13 5875
13 5587
13 5841
-1
-1
-1
-1
13 5103
-1
14 5475
15 5784
15 5735
15 5735
15 5513
14 5848
-1
14 5703
-1
12 5385
12 5385
12 5385
-1
-1
13 5315
15 5688
13 5517
-1
14 5788
-1
-1
-1
11 5845
-1
-1
-1
-1
12 5694
-1
-1
-1
11 5819
-1
-1
-1
-1
-1
13 5638
-1
12 5490
12 5490
-1
13 5061
13 5061
-1
14 5773
15 5787
-1
-1
-1
-1
11 5758
-1
12 5467
-1
9 5702
9 5702
11 5298
11 5220
-1
-1
-1
12 5569
-1
13 5562
13 5562
14 5563
-1
14 5822
12 5378
12 5613
-1
-1
-1
11 5878
-1
11 5878
-1
-1
12 5737
-1
-1
11 5572
-1
11 5483
-1
-1
-1
10 5161
9 5057
11 5633
-1
11 5582
10 5552
-1
-1
-1
-1
11 5415
-1
-1
11 5813
-1
-1
-1
-1
11 5526
-1
-1
-1
16 5879
15 5730
12 5863
-1
-1
10 5830
-1
-1
-1
-1
-1
-1
9 5450
-1
10 5270
10 5231
-1
-1
-1
-1
-1
-1
-1
-1
10 5166
10 5082
12 5661
-1
-1
-1
-1
14 5789
-1
-1
11 5118
11 5118
-1
-1
-1
-1
9 5203
9 5203
-1
-1
-1
-1
-1
11 5312
-1
-1
11 5820
11 5242
12 5621
-1
12 5621
-1
-1
11 5627
-1
11 5735
11 5735
11 5735
10 5000
-1
10 5000
10 5000
10 5000
11 5711
-1
11 5874
-1
-1
11 5869
11 5852
-1
-1
-1
12 5194
-1
14 5831
13 5788
-1
-1
-1
10 5372
-1
10 5812
10 5812
11 5791
11 5880
-1
-1
12 5543
-1
12 5849
-1
-1
12 5849
-1
-1
-1
11 5802
-1
-1
-1
-1
12 5661
-1
12 5622
-1
-1
14 5674
14 5674
-1
-1
-1
-1
13 5806
-1
10 5707
-1
-1
-1
-1
-1
12 5862
-1
10 5322
-1
-1
15 5865
-1
-1
-1
-1
-1
-1
9 5814
-1
11 5529
11 5529
-1
-1
-1
-1
-1
14 5328
-1
-1
15 5326
-1
12 5669
-1
12 5701
10 5712
10 5507
10 5058
-1
-1
-1
-1
-1
15 5727
15 5787
15 5729
15 5729
12 5524
11 5567
-1
-1
-1
11 5029
-1
-1
-1
8 5294
8 5294
9 5767
-1
-1
11 5786
11 5253
10 5809
-1
-1
-1
9 5845
-1
9 5425
-1
11 5194
11 5194
11 5194
-1
10 5709
-1
-1
-1
11 5870
-1
11 5286
10 5834
-1
-1
-1
-1
13 5186
14 5495
-1
12 5501
-1
-1
7 5264
10 5539
-1
12 5440
-1
-1
12 5412
16 5797
-1
-1
17 5705
17 5735
-1
10 5374
12 5830
-1
13 5185
13 5775
-1
-1
-1
11 5844
11 5844
-1
-1
10 5557
10 5793
-1
8 5250
9 5876
-1
-1
10 5547
-1
-1
-1
-1
16 5873
-1
13 5683
8 5606
8 5606
-1
-1
-1
13 5466
14 5732
-1
-1
-1
-1
-1
14 5594
-1
12 5628
11 5832
13 5777
13 5777
13 5772
9 5813
-1
10 4954
-1
-1
-1
-1
-1
12 5695
9 5828
-1
-1
10 5702
9 5435
10 5266
-1
11 5778
11 4962
-1
-1
11 4962
-1
-1
11 5736
11 5736
11 5736
-1
-1
-1
10 5305
10 5305
11 5393
-1
11 5393
11 5393
15 5859
-1
-1
-1
14 5778
14 5733
-1
14 5438
-1
15 5761
15 5761
15 5761
16 5775
-1
-1
-1
-1
-1
-1
-1
10 5812
-1
-1
-1
12 5705
-1
-1
-1
12 5528
15 5858
-1
-1
-1
-1
-1
11 5243
-1
-1
8 5333
-1
-1
10 5083
-1
14 5844
14 5424
-1
-1
-1
10 5155
9 5826
8 5334
-1
-1
-1
-1
14 5767
14 5767
-1
-1
-1
12 5532
12 5758
-1
-1
-1
12 5396
-1
13 5613
-1
-1
-1
13 5697
-1
-1
-1
11 5847
-1
-1
-1
11 5350
12 5738
-1
-1
10 5203
-1
10 5805
10 5724
12 5407
-1
-1
12 5407
9 5195
-1
9 5385
-1
11 5243
-1
11 5243
-1
12 5497
12 5775
-1
12 5751
-1
14 5722
-1
-1
-1
-1
-1
12 5360
-1
9 5563
-1
-1
11 5772
-1
17 5839
9 5719
9 5719
-1
-1
10 5549
-1
13 5801
-1
-1
-1
-1
8 5850
9 5576
9 5547
-1
-1
-1
-1
-1
12 5758
12 5613
-1
9 5762
-1
-1
-1
8 5345
-1
-1
11 5352
10 5604
10 5604
10 5604
-1
8 5064
-1
-1
10 5846
10 5111
10 5491
10 5244
-1
-1
11 5663
11 5663
-1
-1
-1
-1
13 5816
15 5847
-1
14 5729
-1
15 5702
-1
-1
-1
-1
-1
14 5647
-1
-1
-1
-1
-1
14 5281
-1
13 5772
13 5772
-1
-1
14 5774
-1
13 5450
13 5450
9 5511
9 5511
-1
14 5186
17 5764
12 5577
-1
9 5678
-1
9 5662
-1
-1
13 5803
-1
-1
-1
12 5775
-1
-1
-1
-1
-1
10 5596
10 5739
-1
11 5383
-1
7 5101
-1
-1
8 5445
9 5859
10 5715
10 5693
11 5615
11 5615
-1
12 5813
11 5801
10 5429
-1
-1
-1
-1
-1
-1
12 5803
-1
-1
11 5691
12 5818
-1
12 5843
-1
-1
10 5621
10 5875
-1
-1
-1
-1
10 5377
11 5707
10 5210
10 5210
-1
11 5255
13 5393
-1
13 5612
9 5720
10 5643
-1
-1
-1
12 5310
-1
-1
14 5820
13 5492
12 5866
10 5830
-1
10 5830
10 5830
-1
-1
-1
9 5262
9 5262
-1
-1
11 5153
9 5411
9 5808
9 5384
-1
11 5714
-1
14 5824
13 5834
13 5834
-1
12 5872
12 5872
-1
10 5246
11 5361
-1
-1
9 5714
-1
10 5674
-1
13 5846
16 5366
14 5877
14 5477
-1
11 5170
-1
-1
-1
12 5757
-1
11 5843
-1
8 5752
-1
-1
-1
-1
10 5065
-1
13 5775
-1
-1
-1
-1
-1
-1
-1
-1
-1
12 5809
-1
-1
11 5798
-1
13 5871
-1
-1
12 5605
12 5605
-1
-1
12 5598
-1
11 5257
-1
-1
-1
-1
11 5217
-1
-1
13 5412
13 5859
13 5859
-1
-1
-1
10 5595
-1
-1
-1
-1
-1
12 5456
12 5456
12 5815
10 5542
-1
-1
10 5721
-1
13 5810
-1
13 5810
-1
-1
-1
11 5440
10 5853
10 5077
-1
-1
-1
-1
-1
13 5697
13 5505
13 5505
10 5104
-1
-1
-1
-1
-1
-1
-1
11 5036
11 5412
8 5781
8 5562
8 5737
8 5487
11 5868
-1
-1
11 5607
-1
-1
11 5607
-1
10 5648
-1
-1
-1
-1
-1
-1
14 5879
-1
-1
-1
14 5580
-1
-1
-1
-1
-1
-1
11 5744
11 5744
12 5869
15 5843
15 5447
11 5817
-1
-1
10 5527
-1
-1
-1
11 5783
-1
-1
-1
8 5697
-1
-1
-1
-1
13 5344
13 5344
-1
-1
-1
13 5812
12 5720
12 5791
-1
-1
-1
12 5316
-1
13 5634
13 5634
11 5191
8 5496
-1
9 5285
10 5405
-1
11 5627
12 5805
11 5414
9 5713
9 5675
10 5562
-1
-1
10 5048
12 5694
12 5694
-1
11 5749
9 5689
-1
7 5219
8 5301
-1
-1
-1
-1
-1
-1
-1
-1
-1
-1
-1
11 5774
-1
-1
-1
-1
-1
-1
13 5746
-1
-1
-1
-1
12 5812
-1
-1
12 5636
-1
12 5536
11 5758
-1
-1
-1
13 5778
13 5518
-1
-1
13 5795
-1
14 5420
-1
14 5840
-1
-1
-1
-1
12 5676
-1
-1
8 5407
9 5419
-1
8 5854
8 5854
-1
9 5869
-1
9 5467
9 5406
-1
-1
9 5305
10 5577
-1
9 5682
9 5682
9 5682
-1
10 5640
-1
11 5706
-1
-1
-1
15 5646
15 5646
-1
13 5868
-1
-1
11 5690
-1
9 5069
-1
12 5811
-1
-1
-1
11 5263
11 5263
11 5263
11 5171
-1
-1
10 5344
-1
-1
-1
-1
-1
-1
12 5819
-1
-1
11 5751
10 5567
-1
-1
9 5252
10 5863
10 5366
12 5387
-1
10 5258
-1
10 5258
-1
10 5258
-1
-1
11 5753
12 5838
11 5473
-1
10 5631
10 5631
-1
-1
-1
8 5449
8 5449
10 5711
-1
9 5442
-1
-1
11 5761
-1
12 5837
12 5793
13 5857
-1
-1
-1
-1
-1
11 5533
-1
11 5533
11 4986
13 5670
-1
-1
12 5641
-1
12 5836
12 5836
-1
-1
12 5675
-1
-1
10 5689
-1
11 5172
11 5172
-1
13 5870
13 5674
-1
-1
12 5580
12 5559
14 5857
-1
13 5600
-1
-1
-1
-1
12 5844
9 5215
-1
10 5861
8 5334
9 5226
-1
12 5552
13 5145
13 5145
-1
13 5872
-1
13 5872
-1
-1
12 5806
-1
-1
10 5353
-1
9 5591
-1
-1
-1
14 5860
-1
13 5292
13 5292
-1
13 5611
14 5861
-1
-1
9 5722
9 5722
-1
-1
-1
-1
-1
11 5568
12 5555
-1
-1
-1
-1
-1
13 5303
14 5595
-1
-1
-1
16 5864
12 5295
-1
-1
-1
-1
-1
11 5504
-1
10 5691
9 5184
-1
-1
-1
11 5744
-1
10 5384
-1
11 5185
12 5608
-1
-1
-1
-1
9 5343
9 5209
-1
10 5650
10 5744
10 5478
-1
-1
-1
12 5288
-1
-1
-1
13 5820
-1
-1
-1
-1
12 5667
-1
-1
-1
-1
14 5465
11 5559
-1
-1
11 5485
-1
-1
-1
13 5447
-1
-1
-1
10 5724
-1
-1
10 5775
-1
-1
-1
-1
-1
-1
-1
-1
-1
-1
-1
10 5123
-1
-1
-1
12 5581
-1
14 5685
14 5685
-1
15 5692
-1
13 5781
13 5781
-1
-1
-1
13 5832
12 5060
-1
-1
-1
-1
-1
-1
-1
-1
-1
-1
-1
10 5262
10 5262
11 5706
-1
9 5190
9 5178
-1
10 5459
-1
9 5633
-1
-1
-1
-1
12 5175
-1
10 5350
11 5863
-1
12 5365
-1
-1
7 5790
-1
8 5833
-1
11 5845
-1
12 5758
-1
-1
14 5800
14 5800
17 5702
16 5694
-1
-1
11 5695
9 5500
-1
-1
-1
-1
9 5510
-1
-1
9 5454
-1
-1
9 5870
-1
9 5212
-1
11 5492
-1
-1
14 5785
-1
-1
12 5865
15 5137
-1
16 5286
16 5414
16 5414
16 5414
-1
-1
16 5779
-1
14 5608
-1
15 5612
-1
13 5846
10 5290
9 5446
-1
-1
-1
-1
11 5558
10 5542
10 5542
-1
-1
-1
6 5413
7 5328
-1
-1
-1
10 5794
-1
-1
14 5880
-1
-1
-1
10 5768
-1
-1
12 5151
-1
13 5736
15 5597
15 5597
-1
10 5871
-1
-1
-1
-1
-1
10 5831
10 5207
-1
-1
-1
-1
-1
10 5291
-1
-1
13 5505
-1
13 5635
13 5635
-1
9 5819
-1
11 5152
12 5752
-1
12 5820
-1
-1
-1
-1
-1
-1
-1
-1
-1
-1
12 5721
12 5848
-1
-1
-1
-1
12 5558
15 5343
-1
-1
14 5493
-1
-1
-1
-1
-1
10 5682
-1
-1
-1
-1
-1
-1
15 5454
16 5694
16 5694
15 5713
-1
-1
16 5640
14 5436
-1
14 5369
-1
12 5171
-1
7 5348
10 5845
-1
-1
-1
13 5852
12 5252
-1
11 5824
9 5335
-1
10 5043
-1
-1
11 5733
-1
10 5807
10 5779
-1
-1
-1
-1
12 5850
-1
-1
11 5471
-1
-1
-1
-1
9 5593
-1
9 5229
-1
12 5545
-1
-1
12 5876
12 5850
11 5583
-1
-1
9 5850
-1
9 5850
9 5850
-1
-1
10 5781
11 5510
-1
-1
-1
10 5720
-1
-1
-1
13 5377
-1
16 5873
-1
-1
15 5725
-1
16 5868
13 5136
-1
12 5130
12 5130
-1
-1
-1
-1
14 5679
-1
-1
9 5691
-1
9 5837
-1
-1
9 5814
8 5666
-1
-1
-1
-1
-1
-1
12 5704
-1
13 5744
-1
-1
-1
-1
-1
15 5827
-1
-1
-1
16 5840
16 5112
17 5703
-1
16 5745
-1
-1
-1
-1
11 5787
12 5422
11 5000
11 5000
-1
-1
13 5660
-1
-1
-1
12 5834
-1
11 5607
-1
11 5607
11 5464
13 5604
13 5604
12 5550
13 5670
14 5752
-1
15 5569
14 5778
-1
-1
10 5515
-1
-1
-1
-1
-1
-1
-1
-1
13 5543
-1
13 5436
13 5436
13 5610
-1
-1
16 5018
-1
14 5378
14 5378
-1
11 5644
-1
11 5307
11 5822
-1
-1
-1
10 5629
-1
-1
11 5743
-1
11 5743
10 5598
10 5598
8 5505
-1
-1
-1
-1
8 5677
-1
7 5495
9 5872
-1
14 5879
14 5633
-1
17 5442
16 5480
17 5873
-1
-1
-1
-1
-1
10 5443
-1
12 5736
-1
-1
11 5388
-1
-1
-1
13 5775
13 5775
12 5293
-1
8 5434
-1
-1
-1
-1
7 5287
-1
7 5287
7 5287
-1
8 5877
-1
14 5600
-1
-1
16 5655
-1
-1
-1
-1
-1
-1
-1
-1
-1
-1
-1
15 5800
-1
-1
-1
-1
-1
9 5583
-1
10 5416
10 5416
-1
-1
11 5687
11 5613
-1
10 5778
-1
-1
9 5179
-1
-1
-1
10 5786
-1
-1
8 5452
10 5738
-1
-1
10 5606
-1
-1
9 5508
9 5508
-1
9 5747
7 4952
-1
7 4952
-1
-1
-1
7 4952
9 5682
10 5743
12 5811
12 5811
-1
-1
14 5787
-1
11 5448
12 5793
11 5688
-1
10 5779
10 5779
10 5278
-1
-1
-1
-1
14 5780
-1
13 5666
7 5713
-1
-1
-1
-1
-1
8 5013
-1
12 5791
13 5400
-1
-1
-1
11 5751
-1
12 5829
-1
-1
-1
12 5773
-1
13 5405
-1
-1
13 5744
-1
13 5599
11 5806
-1
-1
-1
-1
-1
-1
-1
-1
10 5674
10 5674
-1
-1
-1
8 4965
10 5714
10 5714
11 5804
10 5251
11 5262
11 5262
-1
-1
11 5405
-1
12 5520
12 5520
15 5616
16 5774
15 5778
-1
14 5740
12 5540
12 5380
-1
-1
-1
13 5679
-1
-1
-1
11 5774
-1
12 5519
11 5740
-1
-1
12 5724
-1
-1
14 5868
-1
14 5851
17 5834
-1
-1
14 5259
14 5259
-1
-1
7 5175
-1
-1
-1
-1
9 5126
-1
10 5490
10 5552
-1
-1
-1
-1
11 5219
11 5829
-1
-1
9 5551
9 5551
9 5551
9 5051
8 5126
-1
-1
11 5876
11 5876
-1
11 5238
-1
14 5853
-1
-1
-1
11 5816
-1
10 5850
12 5808
-1
-1
-1
11 5097
-1
-1
13 5684
-1
13 5453
9 5741
-1
-1
9 5124
-1
-1
10 5271
-1
11 5621
-1
-1
-1
-1
11 5698
-1
13 5860
-1
-1
-1
-1
16 5659
14 5521
11 5655
-1
11 5655
-1
-1
-1
-1
9 5245
9 5307
-1
-1
-1
13 5154
-1
10 5839
-1
-1
-1
-1
-1
15 5691
-1
-1
-1
14 5491
-1
-1
14 5554
13 4887
14 5541
13 5634
13 5634
-1
-1
12 5393
11 5706
-1
-1
-1
-1
-1
-1
-1
10 5146
-1
-1
10 5675
10 5675
11 5632
12 5714
-1
13 5818
12 5459
-1
-1
-1
-1
-1
11 5837
10 5771
10 5771
-1
12 5561
-1
14 5667
-1
15 5329
16 5746
-1
16 5746
-1
-1
9 5594
-1
-1
-1
10 5824
12 5806
12 5806
-1
12 5075
-1
13 5141
-1
-1
13 5679
13 5679
-1
-1
14 5158
14 5158
-1
12 5533
13 5725
-1
13 5725
-1
-1
-1
15 5840
-1
-1
-1
10 5630
-1
-1
12 5673
12 5673
12 5583
-1
-1
10 5050
10 5050
12 5736
12 5858
12 5755
12 5755
-1
-1
-1
14 5110
-1
-1
-1
-1
-1
-1
10 5781
10 5781
-1
11 5869
11 5869
-1
-1
-1
-1
-1
9 5251
-1
9 5251
-1
12 5449
12 5449
-1
-1
-1
13 5790
9 5329
-1
-1
-1
12 5866
13 5640
13 5640
13 5478
13 5478
13 5478
12 5795
12 5295
11 5659
11 5320
12 5828
11 5231
-1
-1
-1
-1
11 5390
-1
11 5448
11 5573
-1
-1
-1
-1
-1
-1
14 5799
12 5758
-1
-1
12 5778
-1
-1
-1
8 5249
10 5683
10 5683
-1
13 5862
13 5862
13 5867
-1
11 5285
-1
13 5638
-1
-1
16 5854
-1
-1
12 5600
-1
12 5370
12 5370
-1
-1
-1
13 5838
-1
13 5484
-1
8 5370
-1
-1
-1
12 5763
12 5763
-1
13 5804
14 5772
-1
-1
8 5573
8 5227
-1
-1
11 5656
-1
11 5656
-1
12 5709
-1
12 5459
-1
-1
-1
9 5714
10 5288
-1
-1
-1
-1
-1
-1
-1
9 5855
9 5855
-1
11 5817
11 5817
12 5716
14 5783
-1
11 5169
12 5793
11 5804
-1
9 5482
8 5397
9 5844
-1
-1
-1
-1
10 5839
-1
-1
-1
12 5147
12 5147
-1
-1
12 5702
-1
11 5876
-1
11 5448
-1
11 5663
-1
-1
16 5787
-1
-1
-1
-1
-1
-1
13 5342
-1
-1
-1
-1
10 5806
-1
12 5790
12 5632
-1
-1
-1
-1
11 5132
-1
13 5425
13 5230
13 5230
-1
-1
-1
-1
12 5840
12 5840
-1
14 5599
-1
15 5766
17 5763
-1
-1
17 5821
-1
-1
12 5683
-1
-1
-1
13 5834
-1
13 5588
-1
-1
10 5868
-1
-1
9 5545
-1
10 5781
-1
-1
-1
-1
9 5259
-1
12 5631
-1
10 5148
-1
-1
10 5692
10 5692
-1
-1
11 5668
-1
-1
-1
-1
-1
-1
-1
-1
-1
-1
10 5713
10 5201
-1
-1
-1
-1
-1
10 5188
10 5188
10 5188
-1
10 5188
-1
12 5816
12 5255
-1
-1
12 5701
10 5849
-1
-1
-1
12 5323
12 5599
-1
-1
-1
11 5859
11 4977
14 5830
-1
-1
-1
13 5665
-1
-1
8 5334
-1
-1
-1
-1
-1
11 5573
11 5793
-1
-1
-1
10 5478
-1
-1
-1
12 5299
12 5664
12 5623
-1
-1
13 5024
13 5024
-1
14 5738
-1
-1
13 5719
-1
10 5639
9 5742
-1
-1
-1
-1
10 4973
-1
-1
-1
-1
-1
-1
-1
10 5463
10 5463
-1
11 5844
-1
9 5559
-1
9 5559
-1
13 5565
13 5565
13 5565
13 5435
-1
15 5652
-1
11 5525
-1
9 5678
10 5541
11 5694
-1
-1
14 5771
14 5635
12 5699
-1
-1
-1
12 5842
13 5155
16 5839
14 5686
-1
-1
12 5583
7 5493
-1
-1
-1
12 5028
-1
11 5554
11 5554
-1
10 5636
-1
-1
10 5636
11 5585
11 5585
-1
9 5639
-1
9 5308
9 5750
-1
-1
9 5245
-1
9 5828
-1
9 5828
-1
-1
11 5747
-1
12 5681
-1
10 5526
-1
-1
11 5585
-1
-1
-1
-1
-1
-1
-1
10 5430
-1
11 5699
-1
-1
11 5807
11 5531
10 5187
-1
-1
8 4959
-1
-1
-1
-1
-1
11 5378
-1
-1
-1
12 5709
13 5639
-1
-1
11 5704
11 5553
12 5416
12 5713
-1
-1
-1
13 5037
13 5037
13 5037
-1
-1
11 5874
-1
10 5029
-1
11 5573
10 5209
13 5262
-1
14 5814
11 5197
-1
-1
-1
14 5781
14 5811
-1
-1
-1
-1
-1
-1
-1
-1
-1
-1
-1
-1
-1
-1
12 5822
-1
12 5667
12 5806
-1
-1
10 5830
8 5858
-1
-1
10 5406
-1
-1
14 5814
-1
10 5801
-1
11 5593
-1
-1
10 5650
10 5743
-1
-1
-1
-1
-1
11 5604
-1
14 5432
-1
-1
-1
-1
-1
8 5252
-1
-1
10 5128
-1
10 5469
11 5672
-1
12 5630
-1
12 5630
12 5630
12 5862
-1
-1
10 5493
-1
-1
-1
14 5869
-1
16 5812
15 5857
-1
12 5500
-1
-1
-1
-1
-1
-1
14 5843
13 5749
-1
13 5792
-1
-1
14 5219
14 5219
15 5201
-1
-1
-1
11 5655
11 5655
-1
-1
-1
-1
-1
-1
-1
11 5781
-1
-1
-1
10 5654
-1
10 5221
-1
11 5809
11 5519
-1
-1
12 5388
-1
9 5509
10 5490
12 5265
-1
-1
12 5488
12 5488
10 5209
-1
-1
12 5879
12 5625
-1
10 5458
12 5831
-1
-1
-1
-1
-1
-1
15 5833
15 5837
14 5768
15 5807
-1
-1
9 5878
9 5878
-1
10 5539
-1
13 5302
-1
-1
-1
-1
9 5760
-1
-1
9 5632
-1
9 5341
-1
-1
11 5824
11 5735
11 5584
-1
-1
-1
13 5853
-1
20 5367
-1
-1
-1
-1
10 5835
-1
-1
-1
-1
-1
13 5730
13 5594
-1
-1
-1
11 5763
10 5230
10 5230
11 5762
-1
11 5714
-1
-1
10 4918
13 5365
-1
13 5773
10 5372
-1
-1
13 5863
11 5539
11 5672
-1
7 5752
-1
-1
-1
-1
10 5209
-1
12 5811
12 5073
-1
10 5671
-1
8 5324
-1
-1
-1
-1
-1
-1
10 5572
-1
8 5500
-1
8 5608
7 5480
-1
-1
-1
-1
-1
11 5375
11 5375
-1
-1
-1
-1
-1
12 5715
-1
13 5448
-1
8 5396
8 5766
-1
-1
-1
-1
9 5750
-1
-1
-1
-1
14 5764
-1
-1
14 5192
15 5774
-1
-1
15 5720
15 5567
12 5724
12 5724
-1
-1
-1
-1
14 5638
-1
11 5685
-1
-1
12 5662
-1
8 5823
-1
-1
8 4997
-1
-1
-1
11 5316
-1
12 5521
-1
-1
-1
-1
-1
10 5651
10 5651
-1
-1
-1
-1
12 5599
-1
11 5654
-1
-1
8 4940
-1
8 4940
9 5587
9 5587
9 5445
-1
7 5242
-1
8 5183
-1
-1
-1
-1
9 5379
-1
10 5733
-1
11 5848
11 5848
-1
-1
-1
-1
10 5678
-1
-1
-1
-1
13 5761
-1
12 5783
-1
-1
-1
-1
10 5476
10 5705
-1
9 5140
-1
-1
-1
-1
11 5579
-1
-1
-1
8 5146
-1
8 5244
-1
-1
-1
-1
-1
13 5805
-1
12 5677
9 4934
-1
12 5654
-1
13 5792
-1
-1
-1
-1
-1
-1
-1
-1
13 5794
-1
-1
-1
-1
-1
-1
11 5848
10 5821
9 5340
9 5340
8 5189
15 5475
12 5535
-1
-1
11 5210
11 5537
12 5713
12 5713
-1
13 5761
-1
-1
-1
12 5722
16 5846
-1
12 5157
12 5645
12 5327
13 5486
-1
-1
-1
8 5467
-1
11 5848
11 5198
11 5198
12 5800
-1
-1
11 5338
-1
-1
9 5521
-1
9 5521
10 5789
11 5846
12 5784
11 5571
-1
10 5307
10 5307
10 5160
-1
-1
11 5419
-1
-1
-1
-1
-1
-1
-1
-1
-1
8 5354
8 5354
-1
-1
-1
-1
12 5807
12 5807
-1
11 5340
9 5665
11 4990
-1
11 5312
-1
-1
-1
8 5416
8 5416
-1
11 5710
-1
-1
-1
-1
-1
-1
-1
11 5851
-1
-1
11 5746
-1
10 5292
10 5292
-1
12 5662
-1
-1
-1
-1
-1
10 5615
10 5615
10 5615
11 5862
-1
-1
-1
-1
-1
11 5816
-1
-1
-1
-1
-1
-1
10 5774
-1
-1
-1
-1
12 5784
12 5774
12 5869
12 5869
-1
12 5482
-1
-1
11 5045
11 5045
-1
-1
-1
12 4971
11 5384
-1
-1
-1
-1
11 5308
11 5308
11 5154
-1
-1
-1
13 5830
11 5676
-1
-1
-1
-1
-1
10 5339
10 5339
-1
-1
-1
-1
-1
-1
-1
14 5799
13 5757
12 5590
-1
8 5339
7 5221
10 4921
-1
-1
-1
14 5490
14 5719
-1
14 5645
14 5836
-1
-1
-1
14 5483
14 5483
14 5483
-1
-1
-1
-1
-1
-1
-1
-1
-1
13 5879
-1
14 5805
-1
14 5659
-1
15 5839
15 5839
15 5839
-1
-1
-1
-1
-1
10 5635
-1
-1
-1
10 5704
-1
10 5704
-1
10 5704
-1
-1
-1
11 5725
-1
-1
14 5370
14 5370
11 5678
-1
-1
10 5542
-1
10 5203
-1
-1
-1
10 5211
-1
12 5806
-1
12 5684
-1
9 5506
11 5868
11 5533
12 5647
11 5188
9 4904
9 4904
9 4904
11 5525
-1
13 5551
11 5223
12 5569
14 5812
-1
15 5786
-1
-1
-1
-1
10 5200
-1
-1
-1
-1
13 5642
13 5642
13 5642
-1
-1
15 5537
-1
-1
-1
-1
-1
-1
12 5548
-1
12 5197
-1
13 5013
13 5013
13 5013
9 5630
9 5630
10 5729
10 5752
-1
10 5820
-1
-1
-1
-1
15 5189
-1
-1
-1
9 5492
-1
9 5492
9 5487
-1
10 5792
-1
-1
11 5080
-1
12 5298
12 5298
-1
-1
11 5556
-1
11 5556
-1
-1
13 5684
-1
9 5852
9 5608
-1
-1
-1
11 5583
-1
-1
12 5609
-1
-1
-1
-1
11 5513
-1
-1
-1
-1
-1
13 5682
13 5682
-1
13 5867
-1
12 5593
-1
-1
-1
-1
10 5531
10 5013
-1
-1
-1
12 5759
12 5655
12 5655
13 5395
14 5496
-1
-1
15 5775
15 5867
14 5848
-1
-1
-1
14 5826
-1
10 5583
-1
10 5677
-1
-1
10 5688
10 5144
-1
13 5789
13 5567
12 5876
-1
12 5876
-1
11 5308
11 5308
13 5281
-1
11 5864
-1
-1
-1
9 5392
-1
10 5044
-1
-1
-1
16 5822
-1
-1
-1
-1
-1
-1
-1
10 5289
-1
-1
9 5173
-1
10 5438
-1
9 5051
-1
-1
-1
10 4987
-1
-1
-1
-1
11 5602
-1
-1
-1
-1
-1
17 5880
-1
-1
-1
15 5875
12 5567
12 5128
13 5530
-1
14 5666
14 5666
-1
-1
13 5574
12 5807
10 5578
-1
9 5579
-1
-1
-1
-1
-1
10 5117
-1
-1
-1
-1
-1
11 5325
13 5752
-1
15 5815
-1
16 5874
15 5851
12 5480
-1
12 5635
-1
11 5879
-1
10 5594
10 5594
10 5863
-1
-1
10 4976
-1
12 5879
14 5803
15 5842
-1
-1
-1
-1
9 5717
-1
9 5869
-1
10 5841
10 5370
-1
8 5638
-1
14 5624
14 5806
13 5558
13 5558
-1
-1
9 5784
9 5784
-1
10 5521
10 5383
-1
-1
10 5755
8 5123
-1
-1
-1
-1
15 5600
14 5742
14 5758
7 5376
-1
-1
8 4920
8 4920
10 5719
12 5100
-1
-1
11 5231
11 5231
-1
-1
-1
-1
9 5087
10 5745
-1
-1
-1
-1
10 5641
10 5512
12 5789
-1
12 5276
12 5276
13 5683
13 5664
-1
-1
13 5664
-1
11 5866
-1
10 5869
-1
11 5591
-1
13 5545
14 5536
-1
-1
-1
9 5761
10 5866
10 5866
-1
12 5639
10 5360
-1
-1
-1
11 5411
12 5816
-1
10 5513
10 5513
-1
-1
13 5872
14 5671
11 5650
10 5792
-1
-1
-1
12 5714
-1
-1
14 5239
14 5239
14 5239
-1
-1
-1
12 5746
12 5746
-1
-1
-1
13 5708
13 5790
-1
-1
-1
-1
-1
-1
-1
-1
-1
11 5756
-1
-1
-1
13 5866
-1
14 5726
-1
-1
12 5821
-1
11 5822
12 5827
-1
12 5731
-1
-1
11 5853
-1
8 5142
8 4994
8 5680
-1
9 5683
-1
-1
9 5603
-1
-1
11 5647
-1
8 5327
9 5845
-1
-1
8 5078
8 5078
-1
-1
10 5706
10 5706
-1
-1
11 5870
-1
9 5556
-1
9 5691
9 5691
-1
11 5842
12 5780
-1
-1
-1
13 5205
15 5778
15 5778
15 5778
15 5407
-1
10 5713
10 5713
8 5329
-1
11 5687
-1
14 5797
-1
-1
-1
-1
-1
-1
-1
10 5594
-1
-1
9 5154
-1
9 5154
-1
9 5541
-1
-1
-1
10 5788
-1
-1
-1
-1
13 5366
-1
12 5793
-1
-1
-1
11 5314
12 5559
-1
-1
-1
8 5857
-1
-1
10 5670
-1
10 5365
-1
12 5849
-1
-1
13 5673
14 5658
-1
-1
15 5764
-1
-1
-1
-1
10 5467
-1
-1
10 5467
10 5467
-1
10 5467
11 5459
-1
12 5759
12 5759
12 5759
-1
-1
-1
-1
-1
-1
13 5483
-1
-1
12 5293
-1
-1
14 5527
-1
-1
-1
-1
-1
-1
-1
-1
-1
11 5523
11 5523
-1
11 5523
11 5523
11 5523
-1
-1
11 5523
11 5523
-1
10 5765
-1
12 5669
12 5669
12 5388
12 5388
-1
13 5553
-1
-1
-1
10 5712
-1
-1
-1
-1
-1
-1
-1
-1
-1
-1
-1
-1
-1
8 5640
10 5778
-1
10 5791
-1
-1
-1
-1
10 5872
10 5872
-1
11 5806
11 5806
11 5806
-1
-1
-1
12 5533
10 5739
10 5739
11 5778
11 5043
11 5043
13 5405
-1
11 5260
-1
-1
-1
11 5569
10 5113
12 5818
12 5818
-1
10 5655
10 5655
10 5108
11 5126
-1
-1
-1
14 5632
-1
-1
-1
-1
-1
12 5600
-1
-1
-1
9 5660
10 5768
-1
9 5079
-1
-1
11 5714
-1
13 5748
-1
13 5737
12 5168
-1
-1
-1
-1
12 5446
12 5446
12 5446
-1
14 5813
-1
-1
15 5866
-1
-1
13 5697
-1
-1
-1
10 5664
-1
-1
-1
9 5304
9 5103
-1
10 5597
-1
-1
-1
-1
-1
13 5807
13 5828
-1
-1
17 5594
-1
-1
-1
-1
-1
11 5137
11 5137
-1
15 5868
14 5602
-1
-1
11 5339
-1
12 5857
10 5448
12 5792
12 5792
-1
-1
11 5201
-1
11 5562
13 5360
-1
13 5100
13 5296
14 5532
14 5532
15 5807
-1
-1
12 5786
12 5786
12 5786
-1
-1
-1
-1
-1
-1
-1
9 5479
-1
10 5610
10 5610
-1
-1
-1
10 5645
8 5079
9 5586
-1
10 5776
10 5776
-1
-1
9 5260
-1
-1
-1
-1
12 5864
-1
-1
14 5664
14 5664
-1
12 5666
-1
13 5846
11 5672
-1
-1
-1
-1
-1
9 5286
10 5807
-1
-1
11 5277
10 5381
-1
-1
-1
-1
8 5584
-1
9 5093
10 5847
-1
-1
11 5746
10 5557
-1
-1
-1
12 5447
-1
-1
10 5565
10 5801
-1
-1
-1
-1
13 5687
-1
10 5788
9 5725
-1
11 5796
-1
14 5704
15 5255
16 5476
17 5184
-1
10 5524
10 5404
-1
-1
9 5256
9 5256
11 5358
-1
-1
14 5685
12 5769
-1
-1
-1
9 5666
-1
-1
10 5804
10 5804
-1
-1
10 5596
-1
-1
10 5675
-1
-1
-1
10 5819
-1
-1
-1
10 5582
-1
-1
10 5636
13 5720
-1
-1
16 5723
15 5304
-1
-1
-1
-1
-1
10 5292
-1
-1
-1
11 5486
-1
-1
9 5562
-1
9 5146
9 5146
-1
-1
-1
-1
12 5840
-1
-1
-1
-1
12 5786
-1
11 5778
-1
11 5778
11 5763
-1
-1
12 5862
-1
13 5711
10 5436
-1
-1
13 5613
-1
-1
9 5470
-1
-1
-1
15 5580
16 5594
-1
17 5653
-1
15 5756
11 5425
-1
-1
-1
16 5848
15 5560
-1
-1
-1
10 5186
-1
-1
-1
-1
-1
-1
-1
14 5805
14 5805
-1
13 5733
-1
-1
-1
13 5813
13 5521
14 5751
14 5664
11 5731
-1
-1
-1
9 5500
10 5188
-1
-1
-1
-1
-1
9 5714
-1
-1
9 5522
-1
-1
-1
-1
-1
-1
13 5412
-1
13 5412
-1
-1
10 5340
-1
11 5695
12 5439
12 5767
-1
11 5211
-1
-1
11 5199
-1
-1
12 5793
-1
-1
8 5086
8 5086
8 5086
8 5086
12 5678
-1
-1
13 5742
-1
-1
14 5611
-1
-1
10 5268
10 5268
-1
-1
10 5703
-1
10 5703
11 5517
11 5829
11 5865
12 5389
-1
12 5389
-1
13 5619
14 5370
-1
9 5832
-1
-1
-1
13 5181
-1
-1
15 5194
15 5194
-1
15 5194
-1
12 5843
-1
-1
-1
-1
11 5779
-1
10 5349
-1
-1
-1
-1
12 5852
12 5852
-1
12 5695
14 5521
-1
9 5586
-1
-1
-1
-1
11 5879
10 5575
11 5767
-1
-1
-1
-1
-1
10 5383
-1
-1
16 5649
-1
14 5873
14 5873
-1
13 5796
10 5326
10 5326
-1
-1
-1
-1
-1
11 5612
12 5840
13 5840
-1
12 5846
11 5361
11 5729
-1
-1
-1
11 5749
-1
-1
-1
15 5871
15 5476
15 5476
16 5486
15 5360
14 5226
14 5226
11 5043
9 5499
9 5499
11 5405
11 5680
12 5876
12 5876
-1
12 5876
-1
13 5871
-1
12 5360
-1
13 5578
13 5589
-1
-1
-1
-1
-1
-1
12 5855
11 5247
-1
12 5661
10 5253
-1
11 5120
-1
14 5783
-1
16 5876
-1
16 5520
-1
-1
14 5340
-1
15 5854
-1
-1
11 5705
11 5817
-1
12 5392
-1
10 5630
11 5808
-1
13 5850
14 5245
-1
-1
14 5381
-1
13 5878
-1
9 5393
-1
-1
9 5295
-1
11 5792
-1
-1
11 5671
-1
12 5493
12 5708
-1
-1
-1
14 5456
-1
-1
9 5464
-1
7 5030
-1
11 5543
10 5827
9 5335
-1
10 5631
11 5794
-1
12 5653
11 5290
12 5551
12 5438
12 5645
13 5865
-1
-1
16 5773
-1
-1
-1
-1
-1
13 5519
-1
8 5258
-1
-1
-1
10 5691
-1
11 5789
-1
-1
13 5851
-1
11 5352
-1
-1
12 5455
-1
-1
-1
11 5847
11 5740
10 5385
-1
-1
10 5529
-1
9 5580
-1
-1
-1
12 5783
12 5350
12 5350
-1
-1
11 5277
-1
11 5779
-1
11 5779
11 5679
10 5195
-1
-1
-1
11 5344
-1
11 5344
13 5815
13 5526
13 5526
-1
-1
-1
-1
17 5734
13 5754
11 5174
10 5091
-1
8 5666
-1
-1
-1
-1
-1
-1
10 5611
9 5536
-1
-1
-1
-1
-1
-1
-1
14 5519
-1
-1
-1
-1
10 5079
-1
11 5662
10 5083
-1
14 5786
-1
-1
13 5515
13 5788
11 5195
-1
-1
15 5642
-1
10 5760
11 5877
-1
13 5665
-1
-1
-1
-1
14 5773
14 5699
-1
14 5578
11 5649
-1
9 5367
8 5357
-1
-1
8 5468
-1
-1
10 5254
-1
12 5313
-1
-1
13 5834
13 5834
-1
12 5624
-1
-1
-1
9 5336
-1
13 5257
-1
14 5265
-1
-1
-1
-1
-1
10 5187
10 5187
11 5855
11 5606
11 5606
-1
12 5468
-1
-1
-1
-1
12 5794
-1
-1
-1
-1
-1
11 5649
11 5649
-1
-1
-1
-1
14 5878
-1
10 5262
10 5262
-1
10 5778
-1
11 5429
12 5715
-1
-1
-1
-1
11 5865
-1
-1
-1
-1
-1
12 5588
-1
-1
10 5635
-1
-1
-1
-1
11 5847
-1
-1
11 5565
11 5565
13 5053
-1
-1
-1
13 5612
8 5846
-1
9 5320
-1
-1
-1
-1
8 5393
8 5393
8 5393
10 5347
11 5368
11 5368
-1
-1
10 5487
10 5786
10 5786
10 5550
-1
-1
-1
-1
11 5697
-1
-1
-1
11 5348
13 5526
-1
11 5213
10 5288
-1
-1
-1
-1
11 5783
-1
-1
11 5336
-1
11 5789
11 5789
10 5740
-1
-1
-1
10 5808
-1
10 5808
11 5839
13 5763
13 5763
-1
-1
13 5418
13 5418
-1
-1
11 5582
12 5813
10 5535
10 5535
-1
9 5377
-1
-1
9 5298
-1
8 5762
-1
-1
10 5311
-1
14 5855
-1
12 5637
-1
-1
-1
11 5739
-1
11 5257
10 5191
10 5191
10 5569
-1
12 5836
-1
-1
9 5344
-1
-1
-1
-1
15 5310
15 5310
-1
11 5712
-1
-1
10 5693
-1
-1
-1
-1
10 5680
-1
-1
-1
11 5194
12 5775
12 5828
13 5858
12 5398
10 5581
9 5296
11 5874
-1
11 5595
11 5595
-1
11 5474
11 5396
-1
-1
12 5820
-1
-1
-1
-1
-1
-1
-1
13 5443
-1
15 5833
13 5478
-1
10 5780
-1
-1
-1
-1
9 5854
-1
-1
13 5754
-1
-1
-1
14 5340
-1
14 5340
14 5755
-1
15 5863
-1
-1
-1
15 5816
-1
-1
12 5476
13 5880
-1
11 5705
10 5449
-1
11 5844
-1
11 5844
-1
-1
-1
-1
12 5159
13 5169
13 5169
13 5169
15 5468
-1
16 5780
15 5359
-1
-1
-1
11 5086
-1
-1
13 5855
-1
10 5211
-1
12 5785
-1
-1
-1
12 5699
-1
-1
-1
10 5368
-1
-1
-1
-1
-1
-1
-1
-1
-1
-1
-1
-1
-1
-1
-1
-1
11 5233
10 5104
10 5715
11 5702
-1
-1
11 5702
-1
-1
-1
12 5824
12 5771
11 5723
-1
-1
9 5688
7 4991
-1
-1
8 5598
8 5531
-1
-1
9 5607
9 5607
9 5607
9 5655
10 5823
-1
-1
12 5583
-1
-1
12 5788
10 5188
-1
-1
12 5361
-1
-1
-1
9 5414
-1
10 5837
-1
11 5468
-1
12 5828
-1
-1
-1
11 5682
11 5682
11 5682
-1
11 5142
-1
-1
16 5791
-1
-1
10 4936
-1
9 5267
-1
-1
-1
-1
-1
12 5102
-1
-1
14 5265
-1
-1
14 5781
-1
-1
10 5861
10 5861
10 5342
10 5342
10 5342
10 5342
12 5863
-1
12 5582
-1
-1
-1
-1
-1
-1
12 5672
-1
12 5308
12 5308
-1
10 5754
-1
-1
-1
10 5773
-1
-1
11 5319
10 5480
-1
-1
13 5626
-1
14 5755
-1
-1
-1
-1
-1
-1
14 5066
-1
17 5661
18 5834
-1
-1
18 5853
14 5429
-1
-1
-1
-1
-1
-1
-1
-1
9 5151
-1
11 5418
-1
-1
-1
11 5418
11 5664
-1
12 5706
-1
15 5810
15 5764
11 5485
10 5780
10 5780
-1
14 5850
14 5850
11 5870
8 5328
10 5598
-1
-1
-1
12 5824
-1
-1
-1
14 5870
14 5870
-1
15 5839
13 5430
-1
-1
12 5735
11 5192
13 5839
-1
11 5362
11 5362
12 5355
11 5769
-1
-1
-1
9 5519
-1
-1
-1
-1
10 5858
10 5858
10 5421
10 5703
-1
10 5326
-1
-1
11 5854
-1
-1
-1
11 5745
-1
-1
-1
14 5557
14 5557
-1
14 5557
15 5761
-1
15 5671
16 5876
17 5880
13 5628
10 5161
-1
11 5841
-1
10 5380
11 5878
-1
-1
-1
-1
10 5389
-1
10 5854
9 5189
-1
-1
11 5567
12 5778
-1
-1
-1
14 5304
-1
14 5304
14 5340
-1
-1
-1
13 5587
-1
11 5427
11 5608
11 5608
-1
-1
-1
-1
15 5734
15 5734
14 5875
-1
-1
-1
-1
-1
13 5837
-1
-1
11 5725
-1
10 5656
10 5656
10 5422
10 5422
10 5422
-1
-1
-1
11 5602
-1
-1
9 5366
-1
-1
9 5809
-1
-1
-1
8 5609
11 5114
-1
-1
-1
-1
-1
-1
-1
-1
9 5180
-1
13 5843
13 4991
-1
15 5583
-1
15 5583
15 5583
-1
-1
13 5526
-1
-1
15 5848
-1
-1
8 5770
9 5846
9 5846
-1
-1
-1
9 5782
8 5826
8 5236
8 5239
8 5586
-1
10 5748
-1
-1
-1
-1
10 5342
-1
11 5172
10 5354
-1
-1
-1
10 5709
9 4977
10 5613
-1
-1
12 5287
-1
12 5466
11 5693
11 5693
-1
10 5812
-1
9 5417
9 5417
-1
10 5815
-1
-1
-1
11 5769
10 5820
10 5820
10 5121
-1
-1
-1
10 5489
10 5489
10 5833
11 5693
10 4993
-1
12 5777
11 5469
-1
-1
10 5661
10 5661
-1
-1
-1
11 5288
-1
7 5183
-1
-1
-1
-1
11 5554
11 5216
11 5643
11 5643
8 5236
-1
-1
-1
9 5668
-1
8 5021
8 5177
10 5699
-1
-1
11 5472
-1
8 5002
10 5760
11 5814
11 5814
-1
-1
-1
12 5847
14 5820
-1
-1
16 5521
16 5736
-1
-1
-1
-1
-1
10 5427
10 5427
-1
-1
11 5851
-1
-1
-1
8 5602
-1
-1
-1
-1
-1
-1
10 5380
-1
-1
-1
12 5316
-1
-1
-1
-1
10 5609
-1
12 5794
12 5337
-1
15 5763
-1
15 5763
14 5607
-1
-1
-1
11 4970
-1
-1
-1
-1
-1
-1
8 5180
8 5180
-1
10 5442
10 5626
11 5774
-1
-1
11 5750
-1
11 5591
-1
-1
-1
-1
10 5788
-1
-1
11 5022
11 5022
12 5414
13 5798
-1
-1
10 5791
10 5791
-1
11 5046
-1
-1
-1
-1
-1
-1
-1
-1
12 5764
13 5798
13 5798
-1
13 5854
13 5854
11 5329
10 5598
-1
11 5674
11 5667
11 5784
11 5045
-1
-1
-1
-1
-1
14 5276
-1
-1
15 5518
15 5518
15 5518
-1
16 5297
-1
-1
13 5832
12 5498
12 5498
12 5498
-1
-1
12 5748
-1
-1
-1
11 5770
10 5405
11 5716
11 5716
-1
-1
-1
-1
13 5646
-1
9 5316
9 5316
-1
11 5683
11 5683
-1
-1
14 5858
13 5858
11 5402
-1
-1
13 5502
14 5681
11 5496
-1
-1
10 5780
-1
-1
-1
10 5673
-1
10 5590
-1
-1
-1
-1
-1
-1
-1
-1
-1
-1
16 5829
-1
-1
-1
16 5849
16 5849
-1
16 5220
-1
-1
13 5583
13 5583
-1
14 5816
11 5715
11 5677
-1
-1
-1
8 5200
-1
9 5795
8 5674
-1
8 5697
-1
10 5606
-1
9 5319
-1
9 5319
-1
-1
-1
10 5226
10 5226
10 5226
13 5703
13 5865
13 5865
12 5132
12 5406
12 5459
12 5459
-1
-1
-1
-1
10 5224
-1
11 5626
-1
-1
10 5413
-1
-1
-1
-1
-1
16 5690
-1
14 5476
-1
-1
-1
-1
-1
-1
-1
-1
9 5149
9 5149
-1
10 5583
-1
-1
-1
-1
-1
-1
-1
10 5752
-1
10 5629
11 5863
11 5863
-1
-1
-1
-1
9 5417
12 5854
-1
-1
11 5691
-1
-1
-1
10 5320
-1
10 5499
-1
-1
-1
-1
-1
14 5796
11 5415
11 5549
9 5386
-1
11 5820
11 5563
-1
-1
10 5491
10 5695
-1
-1
-1
-1
9 5759
-1
-1
11 5781
-1
9 5556
-1
9 5800
-1
-1
-1
-1
-1
11 5758
-1
-1
11 5467
-1
-1
12 5589
13 5469
14 5756
9 5537
10 5798
-1
-1
-1
9 5355
11 5509
-1
-1
-1
-1
13 5387
13 5387
-1
-1
13 5315
14 5700
14 5700
12 5190
-1
9 5169
9 5169
9 5169
-1
-1
12 5879
-1
14 5854
13 5655
-1
11 5791
-1
10 5641
11 5856
-1
-1
11 5634
11 5483
14 5852
-1
14 5735
13 5447
13 5447
-1
-1
11 5608
10 5357
-1
-1
-1
-1
-1
-1
-1
10 5646
10 5269
9 5789
10 5390
12 5362
-1
-1
-1
13 5668
13 5676
13 5676
13 5676
11 5863
-1
-1
-1
-1
11 5498
-1
-1
-1
-1
-1
-1
-1
-1
14 5585
-1
14 5653
13 5733
-1
13 5552
12 5277
-1
11 5187
11 5339
10 5777
-1
-1
8 5168
8 5168
-1
8 5222
9 5200
8 4987
-1
9 5519
-1
8 5436
9 5750
8 5177
-1
-1
-1
15 5814
-1
-1
12 5229
12 5649
-1
-1
10 5256
-1
9 5588
-1
-1
10 5860
-1
10 5860
-1
-1
-1
-1
14 5519
-1
15 5686
-1
14 5773
-1
-1
-1
10 5341
11 5666
10 5715
-1
11 5870
12 5773
-1
12 5484
-1
11 5159
13 5771
13 5358
11 5510
-1
-1
12 5679
12 5679
-1
-1
9 5148
-1
-1
-1
-1
-1
-1
11 5600
-1
11 5772
-1
7 5650
7 5261
-1
-1
12 5275
-1
-1
10 5824
-1
-1
-1
11 5248
-1
-1
-1
-1
13 5850
13 5681
-1
13 5220
10 5737
-1
-1
-1
11 5792
11 5815
11 5799
8 4988
-1
-1
10 5713
-1
-1
8 5014
-1
9 5662
9 5845
9 5559
-1
-1
-1
-1
-1
-1
-1
-1
-1
-1
-1
13 5409
-1
-1
-1
-1
-1
11 5716
10 5109
11 5570
13 5576
-1
-1
13 5847
13 5747
-1
12 5747
12 5747
12 5747
-1
-1
-1
13 5441
-1
11 5399
12 5447
-1
15 5639
16 5578
-1
14 5774
14 5774
-1
-1
-1
9 5582
7 5391
-1
-1
-1
-1
8 5757
8 5757
-1
-1
-1
-1
-1
-1
-1
-1
10 5561
10 5336
11 5701
-1
-1
11 5140
-1
-1
11 5197
13 5839
-1
-1
13 5839
-1
13 5580
-1
11 5552
-1
14 5840
-1
-1
12 5043
10 5064
9 5540
-1
-1
8 5031
-1
-1
9 5793
-1
12 5255
12 5255
12 5266
-1
-1
10 5748
-1
-1
-1
-1
-1
-1
-1
-1
-1
-1
13 5627
-1
12 5804
-1
11 5444
11 5444
-1
11 5810
13 5466
13 5869
-1
13 5769
-1
12 5700
-1
-1
11 5490
-1
-1
11 5874
-1
9 5445
11 5875
10 5038
9 5604
-1
11 5871
11 5079
12 5753
-1
-1
9 5626
8 5191
-1
-1
-1
14 5799
-1
-1
-1
-1
-1
9 5857
-1
8 5547
9 5167
10 5628
11 5828
10 5491
-1
11 5781
-1
-1
8 5761
-1
10 5662
-1
-1
10 5208
-1
-1
-1
10 5381
-1
-1
-1
13 5700
-1
-1
-1
-1
-1
9 5484
-1
10 5648
10 5648
13 5596
-1
13 5572
13 5572
-1
-1
-1
13 5111
14 5843
-1
-1
11 5164
-1
-1
12 5776
-1
13 5250
-1
10 5451
11 5332
11 5332
11 5332
-1
-1
-1
12 5614
-1
-1
-1
13 5813
-1
-1
-1
-1
-1
-1
-1
-1
-1
-1
12 5420
-1
13 5299
13 5299
-1
-1
9 5171
9 5171
-1
11 5729
-1
12 5821
-1
-1
13 5577
13 5297
-1
12 5617
12 5617
-1
12 5774
-1
-1
-1
-1
-1
-1
-1
-1
-1
-1
14 5857
14 5520
-1
14 5870
-1
-1
-1
10 5728
-1
-1
-1
13 5859
-1
-1
13 5750
-1
13 5755
10 5717
-1
-1
-1
12 5795
13 5695
-1
-1
9 5513
9 5691
-1
-1
-1
-1
-1
12 5819
-1
-1
-1
-1
13 5687
-1
-1
-1
14 5535
14 5535
-1
12 5500
-1
-1
-1
12 5100
-1
12 5831
-1
10 5691
-1
-1
-1
-1
12 5800
9 5427
9 5427
-1
9 5178
9 5178
9 5649
10 5820
10 5820
10 5693
10 5115
-1
-1
9 5552
9 5400
-1
10 4922
12 5872
-1
-1
-1
-1
-1
-1
-1
8 5012
9 5642
-1
-1
8 5076
9 5667
-1
-1
-1
-1
10 5601
-1
-1
11 5294
-1
11 5294
-1
-1
-1
11 5601
-1
14 5559
12 5616
-1
-1
-1
13 5661
13 5661
-1
-1
-1
11 5119
-1
-1
11 5785
11 5785
11 5813
11 5376
12 5669
-1
-1
-1
-1
12 5710
-1
-1
13 5827
-1
12 5820
13 5154
-1
14 5400
-1
-1
-1
-1
11 5860
11 5761
-1
-1
11 5713
12 5230
13 5250
13 5250
-1
-1
13 5782
-1
12 5707
12 5432
-1
-1
-1
-1
11 5037
-1
-1
14 5433
-1
-1
16 5802
-1
-1
-1
16 5605
-1
12 5245
-1
-1
-1
8 5061
9 5682
10 5475
-1
9 5718
-1
-1
10 5796
10 5227
10 5227
-1
-1
13 5597
-1
-1
13 5511
-1
10 4988
-1
11 5806
-1
10 5842
-1
12 5823
14 5267
-1
15 5679
15 5697
-1
14 5703
15 5662
14 5860
12 5717
-1
-1
-1
-1
12 5247
12 5247
-1
-1
-1
-1
-1
15 5522
17 5091
-1
17 5460
-1
-1
-1
-1
-1
-1
12 5369
-1
13 5679
14 5732
-1
11 5435
-1
10 5085
10 5085
11 5710
9 5880
-1
-1
11 5800
-1
9 4955
10 5429
-1
-1
-1
-1
-1
11 5723
-1
-1
-1
-1
-1
14 5853
-1
11 5094
-1
-1
-1
-1
-1
-1
-1
10 5415
-1
11 5646
-1
-1
-1
-1
11 5191
13 5830
-1
-1
11 5336
11 5660
-1
-1
-1
-1
12 5093
13 5738
-1
-1
-1
8 5356
8 5356
8 4943
-1
9 5031
-1
6 5529
-1
6 5529
-1
9 5703
-1
-1
7 5153
-1
7 5071
-1
7 5071
-1
-1
-1
-1
-1
-1
12 5522
13 5479
-1
-1
11 5760
-1
10 5515
11 5738
-1
12 5750
-1
-1
-1
16 5467
17 5781
15 5609
-1
8 5608
-1
12 5406
-1
-1
17 5763
-1
-1
18 5743
18 5743
10 5650
10 5650
10 5171
11 5862
-1
11 5173
-1
11 5173
-1
15 5830
-1
12 5856
-1
-1
12 5392
13 5647
13 5597
-1
13 5597
-1
-1
-1
7 5241
7 5241
7 5241
-1
-1
-1
13 5416
14 5509
16 5386
-1
-1
-1
10 5697
-1
-1
-1
10 5697
-1
-1
-1
11 5317
9 5840
-1
12 5817
-1
12 5709
12 5826
9 5665
9 5665
-1
-1
10 5782
-1
10 5650
10 5650
10 5650
11 5283
14 5792
-1
15 5740
-1
-1
-1
-1
9 5619
-1
9 5657
9 5657
-1
-1
-1
-1
13 5749
14 5070
14 5070
14 5070
-1
-1
-1
-1
-1
-1
-1
-1
12 5476
-1
-1
-1
11 5077
-1
11 5176
-1
-1
-1
-1
-1
-1
10 5511
-1
-1
-1
-1
-1
12 5385
14 5794
14 5794
14 5794
14 5794
12 5397
-1
-1
14 5041
-1
-1
13 5836
-1
-1
-1
-1
-1
-1
-1
-1
13 5815
14 5759
-1
-1
-1
-1
-1
-1
-1
15 5107
-1
-1
9 5733
10 5732
-1
11 5720
-1
-1
-1
-1
9 5320
11 5794
-1
-1
14 5738
-1
13 5873
13 5873
13 5776
-1
-1
-1
13 5829
13 5829
-1
12 5721
-1
11 5523
12 5758
11 5266
11 5266
-1
9 5241
11 5813
-1
-1
13 5567
-1
-1
9 5164
-1
-1
10 5566
10 5566
10 5566
12 5686
12 5839
12 5839
-1
-1
9 5803
-1
-1
-1
13 5761
13 5643
-1
14 5732
14 5841
14 5841
11 5195
13 5725
-1
-1
9 5134
9 5134
-1
9 5134
11 5340
-1
-1
-1
-1
-1
-1
-1
-1
-1
7 5124
10 5547
-1
-1
-1
-1
9 5472
9 5472
9 5472
-1
10 5547
10 5529
12 5870
-1
14 5766
-1
14 5582
-1
-1
-1
10 5139
-1
10 5158
11 5300
11 5167
-1
11 5409
11 5269
-1
-1
-1
-1
12 5500
-1
-1
11 5210
-1
-1
10 5279
-1
-1
-1
12 5614
11 5540
11 5624
11 5624
-1
-1
12 5595
-1
13 5644
13 5644
13 5301
-1
-1
-1
-1
9 5493
-1
-1
12 5833
-1
13 5735
-1
-1
11 5772
11 5772
11 5772
-1
-1
-1
-1
15 5102
-1
-1
-1
-1
-1
-1
-1
11 5421
11 5466
-1
-1
12 5817
10 5656
10 5634
-1
9 5346
10 5385
11 5763
11 5635
12 5608
-1
-1
-1
-1
13 5797
-1
14 5787
-1
-1
9 5211
10 5223
10 5223
-1
11 5370
-1
12 5868
11 5078
-1
-1
13 5714
-1
13 5707
-1
9 5736
9 5400
-1
9 5645
-1
-1
-1
-1
-1
17 5428
17 5869
16 5751
-1
-1
-1
-1
-1
-1
10 5605
7 5379
-1
10 5567
11 5709
-1
-1
12 5549
12 5549
12 5722
10 5366
9 5224
9 5512
8 4973
8 4973
-1
-1
9 5653
-1
9 5596
-1
9 5325
10 5478
-1
-1
10 5418
10 5814
-1
-1
10 5023
-1
-1
-1
-1
14 5583
14 5583
-1
-1
-1
-1
11 5845
9 5560
-1
-1
9 5631
9 5775
-1
-1
9 5596
-1
9 5451
-1
-1
10 5555
-1
9 5784
-1
-1
-1
-1
-1
10 5722
-1
11 5563
11 5563
-1
-1
8 5795
-1
-1
9 5826
12 5499
-1
9 5874
10 5790
15 5846
15 5749
12 5343
-1
11 5712
-1
-1
-1
9 5032
-1
11 5709
-1
10 5257
-1
-1
12 5817
15 5448
-1
12 5328
14 5856
-1
14 5856
12 5640
-1
-1
11 5363
-1
12 5873
11 5848
-1
-1
-1
-1
8 5046
-1
14 5845
13 5628
-1
15 5535
-1
15 5304
-1
-1
-1
-1
13 5326
13 5083
-1
-1
-1
-1
-1
10 5281
-1
-1
12 5576
-1
-1
-1
-1
-1
10 5095
10 5616
8 5139
-1
8 5277
-1
12 5852
12 5852
-1
-1
13 5715
13 5784
10 5235
10 5235
-1
-1
12 5744
-1
-1
-1
8 5804
-1
-1
10 5667
11 5702
11 5284
11 5284
-1
13 5391
13 5391
-1
-1
15 5872
15 5872
16 5680
16 5680
16 5680
-1
-1
-1
16 5791
-1
13 5816
10 5791
-1
-1
-1
11 5312
13 5710
14 5753
12 5866
-1
-1
9 5706
-1
-1
-1
-1
11 4956
-1
13 5680
13 5747
-1
13 5689
-1
11 5324
9 5769
9 5769
-1
-1
-1
9 5750
9 5631
12 5575
10 5665
10 5665
11 5246
12 5825
-1
9 5304
-1
-1
-1
9 5734
-1
-1
-1
-1
12 5700
12 5474
-1
11 5335
-1
-1
-1
9 5286
9 5286
10 5169
-1
-1
13 5834
-1
-1
11 5693
-1
-1
-1
13 5876
13 5255
13 5255
-1
-1
-1
11 5503
9 5630
9 5630
-1
-1
-1
-1
-1
13 5685
-1
-1
-1
-1
-1
9 5639
-1
9 5841
-1
11 5596
12 5816
-1
13 5539
-1
-1
-1
-1
-1
-1
-1
-1
-1
11 5457
-1
-1
-1
-1
9 5117
-1
11 4976
13 5715
11 5867
8 5063
-1
-1
-1
-1
-1
9 5506
7 5175
-1
-1
14 5819
14 5755
-1
12 5763
-1
-1
-1
-1
9 5587
-1
-1
-1
-1
-1
9 5766
-1
9 5361
-1
10 5694
10 5694
-1
11 5738
12 5780
9 5423
-1
9 5607
-1
9 5528
-1
11 5689
-1
-1
10 5197
12 5170
-1
-1
9 5859
9 5150
9 5150
-1
-1
-1
13 5643
10 5315
10 5315
-1
-1
-1
17 5683
14 5260
-1
-1
-1
-1
11 5841
-1
9 5731
-1
11 5782
10 5530
10 5530
-1
-1
13 5373
-1
14 5709
11 5566
-1
-1
-1
13 5350
-1
14 5726
-1
-1
14 5864
10 5669
11 5797
-1
-1
-1
-1
13 5820
-1
-1
14 5426
-1
14 5880
13 5348
13 5617
13 5617
12 5242
13 5634
-1
-1
13 5692
-1
-1
13 5692
14 5808
13 5801
13 5801
12 5422
-1
10 5728
10 5728
-1
-1
-1
-1
10 5054
-1
10 5798
-1
10 5687
11 5829
11 5829
-1
11 5829
-1
11 4974
11 4974
-1
12 5613
-1
-1
12 5492
13 5688
14 5870
-1
-1
-1
-1
-1
-1
-1
-1
-1
-1
-1
12 5875
-1
-1
-1
-1
14 5836
13 5522
13 5522
11 5408
-1
9 5254
12 5693
12 5558
12 5558
-1
-1
-1
-1
10 5611
-1
-1
-1
-1
-1
-1
-1
-1
-1
11 5492
11 5278
11 5303
12 5604
-1
-1
11 5879
-1
10 5835
10 5271
-1
11 5470
-1
-1
-1
11 5812
-1
-1
8 5360
-1
-1
10 5366
-1
10 5030
-1
-1
10 5164
-1
11 5824
-1
-1
10 5699
12 5848
-1
-1
12 5823
13 5822
13 5621
-1
-1
-1
-1
-1
-1
16 5363
-1
-1
10 5175
10 5175
10 5175
-1
9 5690
10 5841
-1
10 5724
-1
11 5694
-1
-1
-1
-1
8 5248
9 5398
12 5759
-1
-1
12 5330
-1
-1
14 5549
-1
-1
14 5851
-1
-1
-1
-1
14 5869
-1
-1
12 5861
-1
-1
-1
11 5821
-1
-1
9 5383
10 5368
-1
10 5772
-1
10 5772
10 5801
10 5100
-1
-1
-1
-1
-1
11 5179
14 5702
-1
-1
13 5611
13 5820
-1
10 5597
9 5599
-1
-1
13 5563
-1
-1
-1
11 5837
-1
-1
-1
12 5774
13 5750
-1
-1
-1
13 5682
-1
-1
-1
-1
-1
-1
-1
-1
-1
11 5690
-1
11 5568
-1
-1
-1
-1
11 5075
-1
-1
-1
-1
-1
8 5852
8 5852
-1
8 5062
10 5056
10 5056
10 4994
13 5518
12 5865
-1
-1
-1
-1
-1
-1
12 5576
-1
7 5486
-1
-1
7 5269
-1
12 5300
14 5345
11 5797
-1
-1
13 5524
-1
12 5249
-1
-1
-1
-1
10 5126
11 5863
-1
11 5800
-1
-1
10 5437
-1
-1
-1
-1
-1
-1
-1
12 5644
-1
-1
-1
14 5824
-1
9 5474
10 5856
-1
10 5856
-1
10 5360
-1
12 5026
13 5795
-1
-1
-1
-1
-1
12 5780
-1
-1
-1
13 5696
-1
-1
12 5275
9 5769
-1
-1
-1
10 5171
12 5444
-1
14 5521
-1
15 5798
-1
-1
11 5422
-1
-1
-1
-1
-1
-1
11 5864
-1
-1
6 5101
8 5612
8 5612
-1
7 5047
8 5123
-1
-1
-1
10 5779
10 5779
-1
-1
12 5586
-1
-1
11 5540
11 5715
11 5715
-1
9 5244
-1
9 5105
-1
10 5809
9 5820
-1
9 5743
-1
9 5665
9 5833
9 5833
9 5207
-1
-1
13 5833
12 5449
-1
-1
-1
-1
-1
-1
-1
14 5175
11 5639
12 5193
-1
11 5753
-1
-1
12 5688
-1
-1
13 5783
-1
12 5268
9 5470
-1
9 5443
12 5784
12 5784
-1
-1
-1
-1
15 5864
15 5864
-1
15 5864
-1
-1
-1
-1
-1
-1
-1
-1
10 5160
-1
11 5552
-1
13 5677
14 5756
-1
12 5471
-1
15 5869
-1
11 5402
11 5840
-1
-1
-1
12 5162
13 5703
14 5810
-1
-1
-1
-1
-1
13 5662
-1
-1
-1
11 5162
11 5162
-1
-1
-1
-1
-1
-1
9 5116
9 5116
-1
-1
-1
12 5819
-1
10 5666
-1
11 5416
11 5416
11 5416
12 5828
-1
-1
-1
-1
-1
-1
-1
-1
11 5727
11 5428
-1
-1
-1
-1
12 5675
-1
-1
-1
-1
-1
-1
13 5510
11 5782
-1
-1
-1
-1
8 5297
9 5650
-1
-1
-1
-1
-1
11 5735
-1
10 5441
9 5188
-1
-1
-1
9 5469
-1
-1
-1
-1
-1
-1
-1
11 5838
14 5819
-1
12 5725
14 5511
13 5806
13 5806
12 5811
-1
11 5870
12 5840
-1
-1
12 5840
13 5365
16 5726
-1
-1
-1
16 5284
-1
-1
13 5333
-1
-1
-1
9 5372
-1
-1
11 5354
11 5702
-1
9 5515
9 5758
-1
9 5608
-1
-1
-1
-1
-1
9 5671
9 5671
10 5682
12 5307
-1
-1
9 5300
-1
-1
-1
-1
-1
-1
-1
11 5280
-1
-1
-1
-1
13 5818
13 5812
-1
-1
-1
13 5588
13 5588
-1
11 5745
-1
-1
-1
-1
-1
-1
-1
11 5534
11 5227
10 5808
10 5808
-1
-1
-1
8 5771
8 5771
-1
9 5378
-1
8 5289
-1
9 5810
9 5810
-1
11 5325
11 5325
11 5259
-1
-1
10 5333
-1
-1
-1
10 5697
10 5868
-1
12 5701
12 5422
12 5422
-1
-1
-1
-1
-1
8 5297
-1
8 5275
16 5846
16 5846
-1
-1
-1
-1
15 5543
-1
15 5568
-1
-1
11 5497
-1
-1
-1
-1
-1
-1
-1
12 5700
-1
-1
-1
8 5673
-1
10 5873
-1
10 5721
10 5721
-1
11 5619
-1
-1
12 5869
12 5869
12 5869
13 5690
-1
11 5693
11 5837
9 5151
10 5588
-1
10 5314
-1
-1
8 5775
9 5675
10 5754
9 5277
-1
8 5080
-1
-1
10 5408
-1
-1
-1
-1
-1
15 5689
15 5823
12 5309
12 5309
13 5374
13 5374
-1
15 5832
16 5849
-1
-1
11 5648
-1
10 5757
10 5757
-1
-1
-1
12 5551
13 5815
-1
11 5802
-1
13 5806
-1
-1
-1
-1
13 5666
-1
-1
12 5871
8 5331
11 5307
11 5510
13 5835
13 5749
-1
-1
-1
13 5773
12 5575
13 5435
-1
14 5322
15 5551
15 5209
15 5209
-1
-1
-1
-1
-1
-1
-1
13 5170
-1
-1
-1
-1
-1
-1
11 5776
10 5801
-1
10 5673
9 5863
-1
-1
12 5122
14 5167
14 5717
12 5425
-1
-1
-1
10 5481
-1
9 5722
9 5322
9 5322
-1
-1
11 5622
-1
-1
-1
-1
11 5875
-1
-1
-1
-1
-1
-1
-1
-1
-1
-1
8 5262
-1
-1
11 5560
10 5500
10 5500
-1
11 5175
-1
13 5788
-1
13 5836
-1
14 5877
14 5877
-1
14 5788
14 5788
-1
-1
-1
-1
-1
-1
-1
-1
13 5334
-1
13 5772
-1
12 5675
-1
-1
11 5466
11 5466
-1
13 5841
13 5611
-1
-1
12 5839
9 5549
-1
10 5855
9 5048
10 5833
-1
11 5493
-1
-1
9 5618
9 4986
-1
10 5856
-1
-1
-1
-1
-1
-1
-1
11 5842
-1
-1
8 5151
-1
7 5060
-1
-1
-1
-1
11 5670
11 5678
-1
11 5371
-1
-1
11 5427
-1
-1
-1
12 5518
-1
13 5678
-1
-1
-1
13 5678
-1
14 5586
15 5841
-1
-1
-1
14 5591
-1
-1
-1
-1
12 5786
-1
13 5708
13 5836
-1
-1
-1
11 5745
14 5816
13 5184
-1
-1
9 5839
-1
-1
-1
-1
13 5851
13 5851
13 5325
-1
14 5833
12 5588
10 5813
10 5613
-1
10 5646
-1
14 5801
-1
-1
-1
-1
-1
10 5879
-1
8 5420
-1
8 5440
-1
-1
-1
-1
-1
-1
9 5632
8 4930
-1
10 5409
-1
12 5787
12 5410
-1
-1
12 5672
-1
-1
-1
14 5412
12 5197
-1
-1
-1
-1
-1
-1
-1
-1
-1
-1
12 5731
11 5317
-1
-1
-1
-1
11 5857
11 5774
11 5774
-1
-1
-1
9 5876
8 5122
8 5092
8 5534
-1
-1
9 5113
-1
10 5752
-1
12 5514
-1
-1
13 5498
15 5428
-1
15 5428
14 5811
14 5434
14 5434
13 5040
14 5832
11 5729
-1
-1
-1
11 5568
-1
14 5848
14 5848
13 5880
12 5621
11 5277
-1
10 5236
-1
-1
-1
11 5795
-1
11 5770
12 5522
11 5777
-1
9 5842
-1
13 5771
15 5710
-1
12 5550
-1
-1
11 5450
12 5708
12 5708
-1
11 5861
-1
12 5636
13 5700
13 5700
13 5700
-1
12 5865
13 5702
13 5702
-1
-1
13 5854
12 5373
-1
11 5760
-1
12 5328
-1
11 5313
11 5313
9 5829
-1
-1
12 5738
-1
12 5738
-1
-1
8 5301
8 5301
9 5701
-1
11 5643
11 5643
8 5298
9 5667
-1
10 5669
10 5758
-1
-1
15 5780
12 5739
-1
-1
12 5739
11 5640
12 5878
-1
8 5317
-1
-1
8 5301
-1
8 4939
8 5365
8 5365
-1
-1
11 5324
11 5335
11 5036
11 5036
11 5780
-1
-1
11 5345
-1
13 5553
-1
-1
14 5755
11 5255
-1
8 5332
-1
-1
9 5319
-1
-1
-1
11 5801
-1
10 5161
11 5505
11 5357
-1
-1
11 5073
13 5739
-1
10 5542
-1
-1
-1
10 5766
-1
-1
-1
-1
-1
9 5168
-1
-1
12 5879
-1
-1
-1
13 5721
10 5590
9 5853
-1
10 5045
-1
12 5826
-1
-1
-1
-1
-1
10 5443
10 5443
10 5443
-1
10 5443
11 5084
-1
-1
-1
-1
-1
9 5477
9 5477
-1
9 5477
-1
-1
12 5434
12 5434
-1
12 5637
-1
13 5708
-1
-1
12 5724
12 5507
12 5507
-1
-1
12 5839
13 5769
-1
12 5383
11 5815
-1
-1
12 5776
9 5531
9 5531
8 5834
-1
11 5758
-1
-1
9 5652
-1
10 5874
10 5874
10 5874
10 5874
-1
-1
15 5566
-1
15 5734
-1
-1
14 5564
14 5564
-1
-1
13 5816
-1
-1
13 5866
-1
10 5807
9 5524
-1
-1
11 5358
14 5796
-1
-1
14 5628
-1
9 5321
-1
-1
10 5385
-1
13 5560
-1
11 5776
11 5776
11 5776
12 5804
9 5111
-1
9 5644
9 5644
8 5336
7 5173
-1
7 5173
-1
9 5870
-1
10 5375
10 5375
-1
9 5738
8 5039
-1
-1
-1
-1
-1
-1
12 5816
-1
12 5662
9 5220
-1
9 5721
-1
-1
-1
7 5225
9 5713
-1
10 5182
-1
14 5757
14 5827
12 5617
-1
-1
-1
-1
-1
10 5576
-1
-1
11 5559
-1
-1
-1
-1
14 5749
12 5316
-1
-1
-1
7 5127
8 5243
-1
-1
-1
-1
11 5669
-1
-1
-1
-1
-1
-1
-1
-1
8 5283
-1
-1
9 5742
9 5205
8 5171
-1
9 5449
-1
11 5754
-1
-1
-1
10 5786
-1
-1
10 5853
10 5853
-1
-1
-1
9 5538
9 5478
9 5700
-1
-1
-1
-1
11 5861
-1
-1
-1
-1
-1
-1
-1
10 5182
10 5182
10 5182
-1
-1
-1
9 5745
-1
9 5638
-1
-1
-1
-1
12 5798
12 5798
-1
12 5723
-1
12 5719
12 5719
11 5558
-1
-1
-1
12 5775
12 5775
-1
-1
12 5493
-1
-1
-1
-1
9 5800
-1
12 5736
-1
15 5861
-1
15 5786
15 5768
13 5628
13 5628
13 5628
13 5281
-1
14 5746
-1
12 5580
15 5564
9 5125
-1
-1
14 5851
-1
11 5531
-1
-1
13 5634
-1
13 5693
12 5784
12 5828
11 5635
12 5868
12 5868
12 5679
12 5679
-1
-1
-1
-1
-1
-1
-1
-1
12 5799
-1
15 5443
15 5443
16 5594
-1
-1
10 5694
10 5694
-1
-1
-1
12 5578
11 5614
10 5536
-1
12 5520
12 5810
-1
-1
12 5382
14 5856
-1
13 5633
12 5368
-1
-1
-1
-1
-1
-1
12 5803
11 5090
12 5489
-1
13 5756
-1
-1
-1
-1
12 5796
-1
-1
-1
-1
11 5629
-1
-1
-1
11 5460
-1
11 5644
11 5644
-1
-1
-1
-1
9 5655
9 5655
-1
10 5427
-1
-1
-1
-1
11 5864
10 5623
11 5501
-1
-1
12 5595
-1
12 5432
12 5432
-1
-1
-1
-1
-1
-1
12 5754
12 5592
-1
14 5856
12 5788
-1
-1
-1
-1
12 5426
-1
11 5577
-1
11 5794
-1
12 5682
13 5571
14 5828
-1
-1
-1
-1
-1
-1
12 5608
-1
-1
-1
10 5715
9 5789
-1
8 5354
-1
-1
-1
12 5599
-1
10 5736
-1
11 5543
12 5548
13 5746
-1
14 5790
-1
16 5774
-1
-1
11 5728
11 5400
9 5870
11 5452
-1
-1
-1
-1
-1
-1
9 5185
-1
-1
-1
-1
-1
9 5782
-1
9 5507
-1
-1
7 5656
-1
-1
7 5414
-1
-1
-1
-1
-1
-1
-1
-1
8 5155
-1
8 5155
8 5155
-1
10 5707
-1
-1
12 5848
-1
15 5854
13 5528
-1
-1
-1
-1
-1
-1
-1
-1
-1
-1
15 5454
15 5454
15 5676
11 5711
-1
-1
-1
12 5622
13 5418
-1
14 5752
14 5707
-1
8 5643
-1
-1
-1
10 5411
10 5411
10 5411
-1
10 5340
-1
10 5340
12 5400
12 5850
-1
12 5850
-1
11 5807
-1
-1
9 5815
-1
11 5590
-1
-1
12 5600
-1
-1
-1
9 5185
-1
-1
-1
-1
-1
-1
9 5449
-1
9 5619
-1
10 5478
-1
-1
-1
11 5838
-1
-1
-1
-1
-1
-1
-1
13 5672
-1
15 5799
16 5848
14 5875
15 5637
14 5714
13 5777
13 5777
-1
12 5839
12 5839
-1
-1
13 5258
-1
10 5723
12 5837
12 5837
-1
-1
-1
-1
15 5686
-1
-1
15 5648
11 5181
-1
-1
-1
12 5160
12 5160
-1
15 5842
14 5845
-1
-1
-1
-1
-1
-1
10 5877
10 5338
10 5477
-1
-1
10 5823
-1
-1
-1
-1
-1
11 4993
-1
-1
-1
-1
-1
9 5175
-1
10 5772
-1
-1
-1
-1
-1
9 5822
9 5861
9 5861
10 5675
10 5675
-1
-1
-1
13 5420
13 5420
13 5420
-1
14 5730
12 5323
12 5323
10 4949
13 5734
-1
-1
12 5585
-1
-1
12 5454
-1
12 5529
12 5529
12 5617
12 5214
-1
-1
-1
13 5675
13 5675
-1
-1
-1
-1
-1
-1
11 5686
-1
-1
11 5417
11 5417
12 5814
12 5814
-1
-1
12 5814
-1
-1
12 5696
12 5696
-1
-1
-1
-1
13 5778
-1
-1
-1
-1
-1
-1
-1
11 5403
10 5654
-1
-1
11 5641
11 5772
-1
-1
13 5793
11 5337
12 5747
-1
14 5819
-1
11 5631
-1
10 5069
12 5814
-1
-1
11 5531
-1
-1
-1
15 5540
-1
-1
-1
-1
-1
14 5638
-1
-1
-1
-1
-1
12 5867
12 5867
-1
-1
12 5549
12 5376
-1
-1
14 5288
-1
-1
11 5559
-1
-1
