-1
-1
-1
11 13079
12 14259
485
16 15246
-1
-1
21 14667
-1
-1
23 14810
24 14622
26 15284
26 15284
-1
-1
-1
25 15217
27 14978
27 14852
28 15198
-1
28 14842
-1
-1
-1
-1
-1
-1
-1
28 14333
-1
30 15127
30 14601
30 14966
-1
31 15241
-1
-1
-1
-1
-1
-1
-1
29 14950
29 14950
-1
29 14950
29 14950
29 14950
-1
-1
-1
-1
-1
-1
-1
30 15217
-1
-1
30 15215
-1
-1
30 14958
-1
-1
32 15241
-1
-1
31 15262
31 15084
31 15084
30 15033
-1
-1
30 14757
30 14757
-1
-1
-1
26 14930
-1
-1
-1
25 15098
25 15098
-1
-1
-1
-1
-1
-1
25 14544
-1
25 14976
25 14946
26 15237
-1
26 15227
-1
-1
-1
29 14852
31 15181
31 15148
-1
-1
32 15212
32 14983
-1
32 14896
-1
32 15170
-1
31 15135
-1
-1
30 14576
-1
-1
30 14943
-1
-1
32 15051
28 14756
-1
27 14922
-1
29 14898
29 15194
-1
-1
-1
34 15221
-1
32 14876
-1
32 14876
-1
-1
30 14699
-1
28 14476
29 15071
-1
-1
28 15081
28 15081
-1
27 14472
30 15192
-1
-1
-1
-1
33 14852
-1
-1
-1
-1
-1
33 15050
-1
30 14967
27 14846
-1
-1
-1
-1
-1
-1
30 14953
30 15252
-1
30 15254
29 15258
29 14753
29 14753
31 15190
-1
31 15190
-1
-1
28 15114
-1
-1
-1
-1
31 15186
-1
-1
-1
30 15185
-1
-1
-1
-1
-1
-1
-1
33 15163
-1
-1
-1
-1
35 14969
-1
-1
34 14559
-1
-1
26 15253
-1
-1
27 14994
-1
28 15027
27 14600
-1
32 14875
31 14701
-1
30 15056
30 15056
-1
-1
32 15241
32 15241
32 14866
-1
30 15088
30 15267
-1
-1
-1
-1
31 14873
32 14454
-1
-1
32 15058
32 15058
-1
33 15106
-1
33 15106
-1
-1
-1
-1
-1
-1
31 15018
-1
-1
32 15195
-1
-1
32 14525
-1
-1
-1
-1
-1
-1
-1
-1
33 15175
-1
33 15175
-1
-1
28 15194
-1
-1
-1
-1
23 14927
-1
-1
24 15190
-1
-1
25 14823
26 15008
-1
30 14941
-1
31 14881
-1
-1
-1
-1
-1
-1
-1
31 15221
-1
31 15234
31 15163
-1
30 14911
30 14911
30 14911
-1
-1
-1
-1
-1
-1
-1
29 15116
-1
-1
-1
30 15254
-1
31 15008
-1
30 15228
30 15228
-1
29 15078
-1
-1
-1
-1
-1
-1
-1
33 14619
-1
-1
-1
35 15280
-1
34 14786
-1
-1
34 15269
-1
-1
-1
-1
-1
-1
-1
-1
29 14946
32 15226
-1
-1
-1
-1
33 15058
-1
33 15110
34 15209
34 14989
35 14947
35 14947
-1
-1
34 15218
35 14778
-1
-1
-1
-1
35 15282
-1
-1
-1
-1
30 15083
30 15082
30 15082
-1
-1
-1
-1
-1
-1
-1
-1
31 15127
-1
-1
30 14469
-1
-1
-1
33 14492
-1
-1
-1
35 15049
-1
-1
-1
-1
37 15285
-1
37 15164
-1
34 15236
-1
-1
-1
-1
31 15063
32 15220
27 15295
25 14866
25 14866
-1
23 15040
-1
-1
25 15227
-1
26 15142
-1
26 15038
25 14538
-1
-1
-1
28 14944
-1
-1
29 15202
-1
28 15038
-1
25 14576
-1
-1
-1
29 14844
31 14902
-1
32 15097
32 15097
-1
-1
33 15190
31 14560
-1
-1
33 15253
-1
-1
30 15029
30 15144
30 15078
30 14973
30 14610
-1
32 15273
34 15031
34 15120
31 15108
-1
-1
30 14640
30 14640
-1
30 14640
-1
-1
28 14858
28 14858
25 14705
-1
-1
-1
25 14541
26 14757
-1
27 15233
27 14649
-1
-1
-1
23 15048
-1
-1
24 14924
25 15264
-1
-1
-1
27 14909
27 14855
-1
27 14699
-1
-1
28 14458
-1
30 15294
-1
-1
-1
33 15189
-1
-1
32 15146
-1
-1
31 14656
31 14666
-1
31 15149
-1
31 15153
31 15153
31 15153
31 15250
-1
31 15274
31 15274
-1
-1
-1
-1
-1
-1
-1
-1
-1
36 14928
-1
-1
-1
36 14774
36 14774
-1
36 15267
35 14590
-1
33 15098
-1
-1
-1
-1
28 15250
27 14440
30 15212
-1
-1
33 14835
-1
-1
33 15145
-1
34 15247
-1
33 14863
-1
-1
29 14747
-1
30 14815
30 14815
29 15000
-1
-1
-1
-1
28 15031
-1
-1
27 15137
25 14991
-1
-1
-1
-1
25 14799
25 14799
-1
29 15269
-1
29 14662
-1
-1
31 15228
-1
-1
32 14918
32 15252
32 15252
32 15252
-1
-1
-1
-1
-1
-1
31 14751
32 15220
-1
30 14997
33 15087
-1
-1
-1
-1
33 14801
-1
-1
33 14881
33 14881
-1
32 15244
-1
-1
-1
-1
25 15073
-1
25 14961
-1
27 15276
-1
-1
-1
29 14845
29 14845
32 15252
-1
31 14599
-1
31 15214
-1
-1
-1
-1
31 14592
31 14592
33 14993
-1
-1
-1
33 14924
-1
32 15295
32 14953
-1
-1
31 14756
31 14756
-1
-1
32 15162
33 14838
33 14838
33 14838
-1
33 14838
32 15100
-1
32 15025
-1
-1
-1
-1
29 14803
30 15085
-1
-1
-1
28 15179
-1
-1
27 15279
26 14828
-1
-1
26 14917
-1
26 14909
-1
-1
-1
-1
-1
-1
-1
-1
-1
25 14978
25 14872
-1
-1
-1
-1
-1
-1
31 15135
32 15255
-1
-1
34 15300
34 15300
33 14919
-1
-1
34 15241
35 15165
-1
-1
-1
32 15119
-1
-1
32 14867
31 15146
31 15277
31 15178
-1
30 14963
31 14992
31 14992
31 14992
29 15000
-1
-1
26 14881
-1
29 15102
-1
-1
30 15237
32 15114
-1
-1
29 14614
-1
-1
31 14659
-1
-1
-1
-1
-1
29 15206
-1
-1
28 15078
28 14951
29 15238
-1
-1
30 14604
31 15176
-1
34 15146
34 14620
-1
-1
-1
-1
-1
27 14546
-1
-1
-1
27 14849
28 15183
-1
-1
-1
28 15049
-1
-1
29 14973
31 15300
-1
31 14980
-1
-1
30 14618
31 14855
-1
34 14818
-1
-1
34 14909
34 14958
-1
-1
-1
33 15178
33 15178
33 14593
33 14810
30 15195
30 15195
29 15169
-1
27 15199
-1
-1
-1
25 14712
25 14712
-1
-1
-1
-1
-1
25 14886
27 15246
27 15029
27 15029
-1
-1
32 15224
-1
-1
-1
37 15236
-1
-1
37 14922
37 14837
-1
-1
-1
34 15241
-1
33 14920
-1
-1
30 15023
-1
-1
30 15254
-1
-1
-1
-1
-1
-1
28 15297
-1
28 14848
-1
-1
29 15118
-1
32 14662
34 15233
-1
33 14515
34 15137
34 14796
32 14733
-1
-1
-1
-1
32 15060
-1
-1
31 15244
26 15298
25 15005
-1
26 14709
28 15282
-1
-1
27 14562
27 14562
28 14895
30 15291
29 14884
29 14884
-1
30 14909
-1
-1
-1
28 15084
27 15013
27 15013
27 14902
-1
-1
27 15285
27 15126
27 14704
27 14704
-1
27 14704
-1
-1
28 15205
29 15179
28 15131
28 15131
-1
28 15063
31 15052
38 14553
-1
-1
-1
-1
41 14961
37 15001
-1
-1
-1
-1
34 15261
32 15208
30 15137
-1
-1
32 14990
-1
-1
-1
-1
-1
-1
28 14733
-1
-1
-1
26 14804
30 15146
33 15182
-1
36 15227
36 14965
-1
-1
28 15168
-1
-1
29 14672
-1
31 14673
-1
-1
30 15159
30 14930
-1
30 14672
32 14939
-1
31 15250
-1
-1
32 15025
-1
30 15046
29 14726
29 14726
-1
32 14537
32 14537
-1
-1
-1
33 14839
-1
-1
30 15040
31 15244
31 14988
32 14974
-1
-1
-1
-1
30 14768
31 14814
31 14814
31 14360
-1
-1
-1
-1
-1
-1
-1
-1
-1
-1
-1
28 15049
28 15049
27 14517
-1
-1
27 15148
28 14731
30 15084
30 15240
-1
31 14846
-1
29 15184
-1
-1
32 15300
-1
32 14584
-1
-1
-1
30 15006
-1
-1
-1
-1
27 15149
-1
-1
-1
-1
-1
-1
31 15289
31 15289
-1
32 15269
31 14599
-1
26 14689
-1
-1
-1
27 14844
27 14975
25 14716
-1
-1
27 15217
27 15217
-1
-1
-1
-1
-1
28 14856
-1
29 14748
-1
-1
-1
32 15037
33 15296
-1
-1
32 15035
32 15035
-1
-1
31 15294
-1
28 15237
-1
29 14584
31 15284
-1
29 15029
-1
30 15281
30 15281
29 14476
-1
29 14476
30 14527
-1
-1
-1
-1
-1
27 15287
27 15245
-1
26 15009
-1
26 14458
-1
-1
-1
-1
-1
-1
-1
26 14742
-1
-1
-1
29 15148
31 15121
-1
-1
-1
-1
34 14978
-1
-1
-1
37 14786
34 14835
32 14841
-1
-1
-1
-1
-1
-1
-1
-1
-1
-1
-1
-1
23 14880
-1
-1
-1
-1
-1
30 15036
-1
-1
30 15264
-1
-1
-1
-1
-1
31 14877
-1
-1
-1
-1
-1
-1
-1
32 15124
-1
-1
32 15251
-1
-1
-1
36 15267
-1
-1
-1
37 15075
-1
-1
-1
38 14660
-1
-1
39 15013
-1
-1
-1
33 15089
33 15089
-1
34 15276
-1
30 15110
-1
-1
-1
24 15154
-1
-1
22 15242
-1
-1
-1
-1
-1
-1
-1
-1
-1
-1
-1
-1
27 15212
-1
-1
-1
30 15065
-1
-1
27 14563
-1
27 15279
25 15251
-1
-1
-1
-1
-1
-1
-1
-1
-1
30 14911
-1
-1
-1
-1
-1
-1
-1
-1
32 15081
33 15229
33 15229
-1
-1
-1
-1
-1
-1
-1
26 14760
27 15174
-1
-1
-1
27 15071
27 14910
30 15032
-1
-1
30 14682
-1
-1
30 15158
30 15204
28 14818
-1
-1
-1
29 15119
29 15251
30 15182
30 15182
30 14713
-1
29 15280
28 14809
29 15188
-1
-1
30 14923
-1
28 14625
28 14625
25 14732
-1
25 14732
-1
28 15138
30 15173
32 14910
-1
31 14463
-1
-1
33 15115
-1
-1
34 14540
-1
-1
34 14540
36 15284
36 15284
36 15284
-1
35 15229
-1
35 14963
35 14963
-1
-1
-1
38 15149
-1
40 15215
-1
-1
36 14956
36 14956
-1
-1
-1
37 14504
-1
-1
-1
31 15264
-1
-1
-1
33 14818
34 14775
34 14856
-1
30 14820
-1
-1
30 14916
-1
30 14916
-1
31 15241
-1
-1
30 14529
34 15239
34 15239
34 15211
36 15188
-1
33 14488
-1
-1
33 14485
33 14485
-1
-1
-1
-1
34 14689
-1
-1
32 15192
-1
29 14424
-1
-1
-1
29 15064
-1
-1
30 15226
-1
-1
-1
-1
-1
-1
32 14952
-1
28 14828
-1
-1
27 15158
28 14374
-1
29 15080
28 15084
-1
-1
30 14967
30 14967
-1
-1
-1
-1
-1
34 14867
-1
36 14609
-1
-1
-1
35 15219
35 15219
31 14950
29 15066
-1
-1
-1
-1
-1
29 15244
-1
29 14768
28 14672
28 14672
-1
-1
-1
26 15179
26 15179
-1
-1
25 15081
-1
25 14592
-1
-1
-1
27 15022
-1
-1
30 15198
-1
-1
-1
-1
-1
34 14900
-1
-1
-1
37 15025
33 15175
-1
-1
-1
-1
-1
35 14547
36 14997
-1
-1
-1
34 15185
-1
-1
-1
29 14715
29 14965
-1
-1
30 15154
-1
-1
30 14911
-1
31 14736
-1
-1
33 14938
-1
32 15122
-1
31 14813
-1
33 15240
33 15240
-1
-1
-1
34 14795
-1
29 14977
32 15189
-1
32 14724
-1
-1
33 14629
33 14588
34 15015
29 14698
-1
28 15190
27 15197
-1
-1
25 15258
25 15258
27 14811
-1
-1
-1
-1
-1
32 15283
-1
-1
-1
33 15127
33 15127
-1
-1
33 14849
34 15133
-1
-1
-1
29 14821
-1
30 14732
-1
30 15092
-1
27 14572
28 14889
28 14889
-1
-1
-1
-1
-1
-1
-1
-1
-1
-1
-1
39 15274
39 14783
-1
39 15282
32 14966
32 14966
31 15106
30 14863
-1
30 15163
29 15189
29 14967
-1
-1
25 14600
-1
-1
-1
26 14785
-1
26 14785
-1
28 14971
29 14732
32 15209
-1
-1
-1
-1
-1
-1
32 14765
-1
32 15286
-1
-1
-1
-1
-1
-1
-1
-1
-1
-1
-1
32 14986
-1
-1
-1
33 15175
28 15120
-1
28 15213
-1
-1
-1
27 14819
28 15118
-1
-1
-1
31 15253
-1
-1
-1
35 15085
35 15085
-1
38 15267
-1
39 15012
-1
-1
41 15114
-1
-1
39 15112
33 15224
-1
-1
27 14986
27 14986
-1
27 15124
28 15284
28 15284
-1
28 15291
-1
29 14959
-1
-1
30 14977
-1
30 15290
31 14898
31 15274
-1
-1
25 15039
-1
25 14987
-1
-1
-1
-1
-1
28 14755
-1
-1
-1
-1
30 15295
-1
29 15029
-1
28 15278
29 15280
29 15280
-1
-1
32 14948
-1
31 14838
-1
-1
34 14792
-1
34 15257
33 15270
33 14902
-1
-1
32 15163
-1
32 15038
-1
32 14980
-1
-1
33 15136
33 15136
33 14871
-1
33 15043
-1
-1
-1
-1
-1
-1
-1
-1
-1
-1
35 14347
34 15097
-1
33 14732
33 14732
31 15289
-1
-1
-1
31 15106
27 15141
-1
-1
26 14990
-1
-1
-1
-1
-1
-1
-1
-1
-1
31 14879
-1
-1
-1
-1
-1
-1
-1
29 14830
29 14830
30 14927
-1
-1
-1
-1
-1
-1
-1
28 15090
30 15264
-1
31 15178
31 15178
-1
30 15237
-1
-1
-1
-1
-1
-1
-1
33 14749
-1
32 14718
-1
32 14718
31 15291
-1
-1
-1
-1
-1
-1
24 15287
-1
-1
26 14912
-1
26 14912
-1
27 14767
-1
28 15037
-1
-1
29 15249
29 14567
-1
28 14410
-1
29 15225
-1
29 14940
-1
-1
-1
-1
-1
-1
-1
-1
32 15161
32 15161
-1
33 14839
-1
34 14961
-1
-1
-1
29 14406
-1
29 15136
29 15113
28 14506
-1
31 15289
-1
31 14937
-1
29 15069
-1
-1
29 15127
28 14868
-1
-1
27 14379
-1
29 15175
-1
-1
-1
31 14742
32 15254
-1
32 14577
34 15193
-1
30 14617
26 15172
-1
26 15186
25 15164
-1
25 15164
-1
25 15285
28 15160
-1
29 15261
-1
-1
-1
-1
-1
34 14642
-1
-1
-1
-1
38 14996
-1
-1
-1
-1
31 15171
31 14872
-1
32 15202
-1
-1
-1
-1
-1
-1
33 15220
-1
30 15001
-1
-1
29 15154
-1
-1
-1
-1
34 15141
-1
-1
-1
36 14788
-1
36 14788
-1
-1
-1
38 15231
-1
-1
34 15257
-1
-1
34 15257
32 14782
-1
24 14917
-1
-1
-1
-1
-1
24 14618
-1
-1
28 15189
28 15239
28 15239
-1
29 15138
-1
-1
30 15144
-1
31 15227
-1
-1
-1
30 15093
31 15204
-1
-1
32 15275
33 15013
31 15010
-1
30 15192
-1
31 15076
31 15000
-1
-1
-1
32 14654
-1
-1
-1
-1
28 14495
-1
-1
28 15015
-1
-1
-1
-1
28 14866
-1
30 15235
-1
30 14626
-1
-1
32 15118
-1
-1
-1
-1
-1
-1
-1
-1
-1
-1
-1
-1
37 14562
-1
34 14658
33 14924
30 14882
-1
-1
-1
24 14336
25 14802
25 14802
27 15272
-1
-1
27 15024
27 15024
-1
27 15024
-1
31 15279
-1
-1
31 15016
-1
-1
-1
-1
-1
34 15097
35 15280
-1
-1
-1
37 14609
-1
-1
37 14895
-1
34 15146
-1
-1
30 15140
30 15140
-1
-1
-1
-1
-1
-1
32 15085
-1
-1
32 15281
-1
32 15142
31 14897
-1
31 15104
-1
33 15239
-1
33 15239
-1
-1
-1
33 14946
-1
-1
33 14706
33 15244
32 15162
32 15162
-1
29 15241
-1
28 14672
-1
26 14789
26 14789
-1
-1
-1
-1
-1
-1
33 15055
-1
34 14912
-1
30 14879
-1
-1
-1
-1
29 15052
-1
30 14875
-1
-1
-1
-1
32 15231
-1
-1
-1
35 15192
35 15192
-1
34 14815
34 14736
34 14736
-1
34 14736
34 15034
-1
34 15180
-1
-1
36 15228
36 14628
-1
34 14675
34 14675
34 14674
-1
-1
-1
-1
-1
36 15115
-1
-1
33 14849
33 15172
33 15212
33 14676
-1
33 14676
-1
-1
-1
29 15210
28 15186
-1
-1
-1
-1
-1
-1
-1
28 15263
-1
28 15075
-1
-1
-1
-1
-1
-1
-1
29 14738
33 15259
-1
34 15014
35 15070
35 15070
36 15229
35 14814
-1
35 15082
-1
-1
28 14871
-1
-1
-1
27 14711
28 14982
28 14982
29 15142
30 15136
31 15077
-1
-1
-1
34 15166
34 15166
-1
34 15002
-1
34 15057
-1
32 14680
-1
33 15128
-1
33 14814
-1
34 15153
34 15153
-1
-1
-1
28 14876
28 14876
28 14876
-1
28 14960
-1
28 15289
28 15237
28 15237
-1
-1
-1
29 15055
-1
30 14930
30 14930
-1
29 14971
-1
30 14865
-1
32 15149
-1
31 15197
-1
31 14760
31 14760
-1
33 15027
-1
33 15027
-1
-1
31 15124
-1
-1
35 15221
-1
-1
35 14500
-1
-1
-1
-1
-1
30 15119
30 15119
-1
30 15245
-1
-1
-1
26 15166
26 15166
27 15153
-1
-1
-1
28 15143
27 15283
29 15288
-1
-1
31 15140
30 14771
30 14771
-1
29 15250
-1
28 15093
28 15093
-1
-1
-1
-1
29 14357
29 14357
-1
-1
33 14795
-1
-1
-1
36 14705
-1
-1
-1
-1
-1
-1
29 15240
-1
29 15104
-1
-1
-1
-1
30 15095
-1
-1
-1
-1
-1
-1
-1
-1
-1
-1
31 14985
32 14973
32 15113
-1
32 15123
-1
33 15151
-1
34 15263
-1
34 14976
-1
-1
-1
-1
-1
34 14541
-1
-1
-1
-1
-1
-1
-1
-1
34 15256
-1
34 14548
-1
-1
34 14964
-1
32 14581
-1
31 14992
-1
-1
-1
32 14849
32 14849
32 14849
-1
-1
-1
-1
-1
30 15142
-1
31 15047
-1
32 15272
31 15059
29 14553
30 14582
26 14403
26 14726
-1
25 14899
27 14651
-1
27 14651
27 14651
26 15288
-1
26 14814
28 15076
28 15065
29 15289
-1
27 14884
28 14690
29 15256
30 14900
30 14900
-1
-1
-1
-1
-1
28 14889
25 14916
26 15240
26 15240
-1
27 14838
-1
27 14739
26 15218
25 14831
-1
27 14456
-1
-1
28 14857
-1
-1
-1
31 15180
-1
30 15278
29 14582
-1
-1
-1
30 14643
27 14939
-1
-1
-1
25 14682
25 15289
-1
-1
28 14803
-1
30 14987
-1
-1
-1
32 15234
-1
31 15000
31 15000
-1
31 15000
31 14658
-1
-1
-1
32 14631
-1
32 15197
30 14766
30 15052
29 14580
-1
-1
24 14881
24 15141
-1
-1
27 15026
-1
-1
-1
-1
30 15250
-1
-1
30 15176
-1
-1
-1
-1
32 14818
31 14779
-1
-1
30 14686
29 15223
-1
29 15200
-1
-1
29 15197
-1
-1
-1
-1
-1
-1
-1
-1
-1
27 15296
-1
-1
26 14537
29 15283
28 14441
-1
-1
-1
29 15081
-1
-1
-1
30 14792
-1
-1
32 14560
33 14585
35 15111
-1
-1
35 15159
35 15159
35 15159
33 15238
-1
32 15204
30 14920
-1
33 15298
33 14850
32 15004
-1
33 15197
-1
33 15174
33 15174
32 14939
-1
-1
-1
-1
35 15297
-1
33 14624
-1
-1
-1
33 14402
-1
32 14790
-1
32 14790
-1
-1
-1
-1
-1
27 14699
-1
-1
-1
-1
28 15190
28 15190
-1
-1
28 14965
-1
-1
29 15275
28 14751
29 14967
-1
30 15245
-1
-1
-1
-1
-1
-1
-1
28 14494
-1
-1
-1
-1
32 15230
-1
32 14845
32 14845
-1
-1
27 14646
-1
27 15273
-1
27 14716
27 14716
-1
-1
-1
-1
-1
-1
-1
26 15086
25 15212
-1
-1
27 15109
-1
-1
-1
30 14814
-1
29 14696
-1
-1
-1
-1
-1
-1
-1
33 15221
-1
33 15279
34 15148
34 15148
-1
33 14661
33 14661
32 15275
31 14847
-1
-1
-1
29 14352
31 15185
-1
30 14636
-1
-1
33 15175
35 15218
-1
-1
-1
35 15201
-1
-1
-1
36 15172
-1
-1
34 15141
30 14701
31 15011
32 15041
31 15228
-1
-1
-1
-1
32 15131
-1
33 14858
32 14517
32 14924
-1
-1
-1
-1
-1
-1
-1
32 15095
-1
33 15280
-1
31 14647
-1
-1
-1
30 14927
30 15117
30 14814
30 15288
-1
30 15060
29 14850
-1
28 14836
-1
27 14591
28 14648
28 14648
28 14648
28 14861
-1
30 15174
30 15174
30 15174
30 14914
-1
29 14869
27 14913
-1
26 15169
-1
-1
25 14918
22 14369
22 14369
23 14434
-1
-1
29 15151
-1
29 15151
31 14902
-1
-1
32 15034
-1
30 15064
-1
-1
-1
-1
29 15002
-1
-1
-1
-1
-1
-1
-1
31 15055
-1
-1
-1
31 15267
33 15288
31 14704
-1
-1
32 15284
-1
33 14653
36 14970
-1
-1
-1
30 14519
30 14519
-1
32 15249
-1
32 14945
-1
-1
-1
-1
-1
35 15110
-1
-1
-1
-1
-1
-1
-1
29 14506
-1
30 14439
-1
-1
30 14666
-1
31 15289
-1
-1
-1
30 15057
-1
-1
-1
-1
33 14724
34 15038
-1
33 14975
-1
33 15195
-1
-1
-1
34 15236
35 14914
-1
-1
-1
27 15078
27 15242
27 15242
27 15242
-1
30 15170
29 14854
-1
30 15247
-1
-1
-1
31 15144
-1
-1
-1
-1
-1
30 14926
30 14926
30 14926
30 15267
30 15044
-1
30 15133
-1
-1
-1
-1
28 15245
-1
-1
30 15077
30 15077
30 14643
-1
32 15239
-1
34 14693
-1
-1
36 14986
-1
-1
-1
39 14781
-1
-1
-1
-1
-1
-1
35 15077
35 15077
35 15077
-1
35 15190
-1
-1
34 15071
-1
34 15110
-1
-1
28 14671
-1
-1
-1
-1
-1
-1
-1
-1
-1
27 14922
-1
27 15103
-1
27 15285
26 14924
-1
28 14771
28 14771
-1
29 15247
29 15188
27 14408
27 15039
27 14984
27 14984
28 15269
27 15257
-1
26 15115
-1
25 15178
-1
-1
-1
25 14970
27 14799
27 14799
28 14852
-1
-1
-1
32 15025
-1
-1
-1
33 15232
-1
-1
-1
-1
-1
27 15253
27 15253
27 15061
27 15039
28 14588
29 14775
-1
-1
-1
30 15218
31 14946
-1
33 14489
-1
-1
37 14831
34 15241
-1
33 14603
34 15208
-1
-1
37 15249
38 14978
-1
-1
35 14821
-1
-1
-1
-1
-1
32 15072
-1
29 15279
-1
-1
27 14915
27 14915
-1
-1
26 14625
-1
-1
-1
-1
-1
27 15297
28 15133
-1
-1
-1
-1
-1
-1
-1
-1
28 15184
-1
-1
29 14883
30 15141
-1
31 15050
-1
-1
-1
-1
31 14957
-1
30 15224
-1
-1
-1
-1
-1
-1
-1
31 15300
31 14585
32 15029
-1
33 14792
-1
32 15046
-1
34 14708
-1
35 15146
34 14966
-1
34 14966
33 15196
-1
-1
32 14935
-1
30 15063
-1
-1
30 15040
-1
31 14941
-1
30 14984
30 14984
31 15112
30 14820
30 15203
30 15174
-1
29 15215
25 15158
-1
27 15070
-1
32 14911
-1
-1
-1
-1
31 14870
29 14780
30 15102
30 14882
-1
-1
-1
-1
31 14887
28 14962
27 14695
27 14695
-1
-1
28 14672
-1
-1
29 14394
-1
-1
-1
-1
-1
28 15263
-1
-1
-1
-1
25 15168
26 14389
-1
-1
31 15238
-1
-1
-1
32 14529
-1
-1
-1
-1
28 15125
-1
28 15171
-1
-1
-1
-1
27 15220
25 15000
-1
-1
28 15222
28 15222
-1
29 15169
30 15188
30 15102
28 15266
28 14482
-1
-1
-1
-1
-1
30 14783
28 15222
-1
28 15200
-1
-1
28 14494
-1
27 15230
-1
-1
-1
26 14807
-1
26 14684
-1
24 14578
25 15197
-1
-1
-1
23 14636
28 15274
29 15247
-1
26 15089
-1
-1
-1
-1
-1
-1
28 14764
-1
29 14981
29 14981
-1
28 14565
-1
-1
28 14750
29 15214
-1
-1
-1
28 14340
-1
27 14917
27 14917
29 15234
-1
26 14918
-1
-1
28 15282
-1
-1
-1
29 14535
-1
-1
-1
-1
37 14958
38 15201
-1
37 15123
-1
-1
37 14729
40 15259
39 14984
35 15186
-1
35 15186
34 14932
34 14932
-1
33 15061
-1
-1
-1
-1
33 15286
33 15286
33 15286
-1
-1
32 15209
29 14994
-1
28 15160
28 14722
28 14973
26 14861
27 15208
-1
27 14655
-1
-1
28 14880
29 14891
-1
-1
29 14424
-1
30 14953
-1
30 15249
30 14924
-1
29 14972
-1
27 15099
-1
-1
28 15276
-1
26 14764
-1
27 15211
26 15063
-1
26 14849
-1
-1
-1
29 15223
-1
27 14615
28 15185
-1
27 14629
-1
-1
31 15122
-1
-1
-1
27 14911
28 15223
-1
28 15119
-1
-1
-1
-1
33 14656
33 14656
-1
-1
-1
-1
36 15200
-1
-1
40 15017
39 15252
-1
-1
-1
-1
33 15043
36 15255
-1
31 15132
30 14863
-1
32 14766
-1
30 15124
-1
-1
26 14689
-1
-1
-1
26 14466
26 14466
-1
-1
-1
-1
-1
-1
-1
-1
30 14865
-1
29 14675
-1
30 15054
-1
-1
-1
32 14456
-1
-1
-1
34 14701
-1
-1
25 15271
22 14610
-1
24 15297
-1
-1
28 15052
-1
30 15153
31 15273
-1
-1
29 14657
29 14657
-1
-1
33 14930
-1
-1
35 15240
34 15265
-1
-1
-1
-1
33 14947
33 14947
-1
-1
-1
-1
30 14849
-1
-1
-1
26 15157
-1
-1
25 14450
-1
26 14840
-1
-1
27 14917
-1
28 15000
-1
-1
-1
-1
28 14956
-1
28 14956
31 15250
-1
-1
-1
30 15250
-1
-1
31 15249
32 15247
32 15247
-1
33 15244
-1
29 15142
-1
-1
30 14498
-1
31 15022
-1
28 14855
25 14506
25 14506
-1
-1
-1
28 15221
-1
-1
-1
33 14973
32 14709
32 14709
-1
34 14807
-1
-1
29 15092
-1
27 15259
-1
-1
26 15230
-1
-1
28 15201
28 15081
-1
28 15269
28 15265
-1
-1
-1
-1
-1
-1
28 14902
29 15245
-1
29 15172
-1
-1
27 14779
-1
28 14958
28 14774
-1
-1
-1
27 15181
29 15153
32 14892
32 15159
32 14487
-1
-1
-1
32 15158
-1
-1
-1
-1
37 14834
-1
38 14493
-1
40 15098
-1
-1
-1
39 14638
39 14638
-1
-1
-1
-1
36 15079
-1
-1
-1
-1
35 15214
35 15214
-1
32 15232
-1
-1
32 14772
-1
32 15046
32 14569
-1
33 15290
-1
-1
-1
-1
34 14422
-1
-1
35 15225
-1
-1
-1
33 15270
-1
-1
-1
30 15012
-1
-1
-1
-1
-1
-1
-1
29 14636
30 15165
33 14880
-1
33 15234
-1
32 15064
-1
-1
-1
29 15181
-1
-1
27 14702
-1
-1
-1
-1
33 15280
33 14937
32 14489
-1
33 15115
33 14784
-1
33 14734
-1
-1
-1
-1
33 15138
33 15138
32 15258
-1
-1
30 15186
30 14664
-1
31 15173
-1
-1
-1
-1
32 15261
-1
31 15250
-1
-1
-1
33 15077
32 14824
32 14824
31 14596
-1
-1
32 15191
32 14981
32 15235
32 15235
-1
31 14597
33 15271
-1
-1
-1
-1
-1
32 15199
32 15199
32 15199
-1
29 14911
-1
30 15027
30 14522
-1
-1
-1
-1
-1
30 14597
-1
32 14376
-1
-1
34 14970
32 14840
-1
-1
30 15209
-1
31 15016
-1
-1
29 14647
-1
30 15158
31 14669
32 15077
32 15077
-1
-1
-1
32 14993
-1
-1
-1
-1
34 15260
-1
36 15073
36 15207
-1
36 15207
-1
28 14932
28 15290
-1
28 14983
26 14395
26 14395
-1
-1
28 15123
-1
30 14673
32 15288
29 14663
-1
-1
32 14651
-1
-1
34 14532
-1
-1
-1
35 15009
-1
-1
-1
-1
32 15212
-1
-1
31 15162
31 15162
-1
-1
29 14817
29 14817
-1
29 14517
31 15296
31 14870
-1
-1
-1
-1
30 14957
30 15146
30 15123
-1
-1
30 14820
-1
31 15271
31 15283
-1
-1
32 15058
-1
-1
29 15251
-1
-1
-1
26 14965
-1
-1
-1
-1
-1
-1
28 15209
-1
-1
28 15209
29 14613
29 14613
30 14774
32 15038
31 14331
31 14331
31 14331
-1
34 14972
-1
-1
33 15167
33 15167
31 15004
31 14819
-1
-1
-1
-1
-1
-1
-1
-1
28 15102
28 14795
-1
-1
27 14785
-1
-1
-1
-1
29 14976
29 15097
28 15295
-1
27 15255
-1
29 15286
29 14692
-1
-1
31 15098
-1
32 15267
-1
-1
28 15144
29 15244
32 15218
33 15140
-1
29 15018
-1
-1
-1
30 15083
29 14784
-1
29 14934
30 15127
-1
30 15042
31 14986
-1
30 15040
-1
27 14784
28 15166
28 15166
-1
-1
29 15095
-1
-1
-1
-1
-1
30 15116
31 15045
-1
31 15175
-1
-1
-1
-1
28 15178
28 15178
-1
-1
-1
-1
24 14860
24 14860
-1
-1
-1
25 14785
27 15080
-1
-1
31 15214
31 15214
-1
-1
-1
-1
-1
-1
28 15232
-1
-1
-1
-1
26 14365
26 14365
27 14376
-1
27 14376
28 15273
-1
-1
-1
35 15068
-1
-1
-1
35 14927
-1
-1
37 15263
34 14947
-1
-1
34 15212
-1
-1
-1
32 14987
33 15038
30 14843
29 14654
-1
29 14928
-1
30 15247
28 14489
28 14726
-1
30 15236
-1
-1
-1
32 15298
32 15298
-1
-1
-1
-1
34 15190
-1
34 15190
35 15082
-1
-1
-1
-1
30 15026
30 15273
30 15102
-1
28 14745
29 15073
-1
26 14757
-1
27 14682
-1
-1
29 14763
-1
-1
-1
31 15107
31 15161
34 15207
33 14396
34 14468
35 15069
-1
32 15110
-1
-1
29 14798
-1
-1
33 15249
33 15249
32 15154
-1
-1
-1
31 14834
33 15146
-1
-1
-1
-1
-1
32 14924
-1
35 14900
-1
36 14641
-1
35 15003
37 15251
36 15195
35 15050
34 15135
30 15206
-1
-1
30 14701
-1
32 15296
-1
31 14828
-1
28 15003
-1
-1
29 15243
28 15106
28 15106
-1
-1
-1
-1
-1
32 15183
33 15236
31 15105
-1
28 14927
-1
28 14765
29 15187
-1
-1
-1
28 15021
27 14507
-1
28 14946
-1
26 14732
-1
-1
27 15076
-1
26 14965
-1
-1
-1
27 14462
-1
-1
-1
-1
27 14508
29 15251
28 14918
28 14879
-1
28 14471
-1
28 15060
-1
-1
-1
29 14756
28 15229
-1
-1
-1
30 14940
-1
-1
-1
30 14821
30 14821
-1
-1
32 15164
-1
-1
-1
-1
33 15076
32 15135
31 14698
-1
-1
-1
33 15230
29 14790
-1
-1
-1
30 15122
-1
30 15102
-1
-1
-1
31 15189
31 14985
31 15255
-1
-1
-1
-1
35 14645
-1
36 15111
-1
31 15206
-1
31 15143
-1
-1
30 14892
30 14892
-1
30 15177
-1
-1
-1
-1
-1
32 15292
-1
31 15265
-1
-1
-1
30 15071
-1
-1
33 14932
-1
-1
-1
-1
-1
32 15015
31 14923
-1
-1
31 14867
32 14825
32 14825
-1
-1
-1
-1
25 15255
25 15255
-1
25 14901
-1
26 15290
-1
26 15148
-1
-1
26 15269
27 15195
26 14892
-1
26 14892
27 14833
-1
26 15206
27 15067
-1
27 15088
27 15262
-1
26 14519
-1
27 14840
-1
-1
-1
-1
25 15147
24 15018
25 14600
-1
26 15207
26 15091
-1
-1
-1
-1
30 15273
-1
31 15227
-1
-1
-1
28 14850
-1
24 15181
-1
26 15056
26 14973
-1
26 14718
26 14718
-1
-1
-1
31 15252
-1
28 15091
-1
28 15298
-1
-1
29 15241
32 15221
-1
-1
31 14736
-1
-1
32 15105
-1
-1
-1
-1
-1
-1
-1
-1
34 15208
-1
-1
-1
-1
33 14700
-1
-1
-1
-1
-1
-1
-1
28 15226
-1
-1
-1
-1
28 14683
-1
-1
-1
25 14563
-1
24 14857
24 15239
-1
-1
24 15132
24 14943
24 14807
24 14807
24 14392
24 14392
25 14694
-1
27 15025
-1
-1
-1
28 15190
30 15282
31 15059
31 15059
30 15150
24 14912
-1
25 15045
-1
-1
-1
-1
-1
26 14783
27 15253
-1
28 15003
29 15214
-1
-1
28 14837
-1
29 14738
-1
33 15066
33 15224
34 15050
34 15186
-1
31 14967
-1
-1
-1
31 15151
29 15041
-1
28 14566
-1
-1
-1
-1
31 15286
-1
-1
-1
32 15239
32 14553
-1
34 15181
-1
-1
32 14821
32 14821
-1
-1
32 14821
-1
31 14887
31 14887
-1
-1
33 14689
-1
33 15289
33 15183
33 15183
-1
32 15229
32 15229
-1
-1
-1
-1
-1
27 14528
28 15056
28 15260
28 15260
-1
25 14479
26 14942
-1
26 15207
-1
30 15267
-1
31 14746
32 15246
-1
-1
35 14870
-1
-1
-1
-1
-1
29 14900
-1
30 14844
-1
25 15077
25 15077
-1
-1
-1
27 15239
27 15239
-1
26 14865
-1
26 15137
-1
27 14576
29 14897
29 14552
29 14552
-1
31 15125
33 15203
32 15207
32 15207
-1
33 15273
-1
-1
35 15174
35 15174
-1
-1
-1
31 15297
30 15180
-1
-1
26 14833
-1
-1
28 14561
32 15087
-1
34 14909
30 14633
-1
-1
-1
-1
-1
-1
-1
-1
-1
27 15183
-1
-1
-1
-1
-1
29 15122
29 15122
-1
-1
31 15062
-1
-1
-1
-1
32 14474
32 15198
-1
-1
33 15080
-1
-1
-1
33 15264
33 15264
-1
-1
-1
-1
28 14680
-1
-1
-1
28 14634
29 15248
26 15154
27 14793
-1
26 15028
-1
26 14438
-1
-1
26 14939
-1
-1
-1
-1
-1
-1
-1
30 14531
-1
-1
31 15003
31 15138
31 15138
-1
-1
31 15143
30 14906
30 14906
30 14906
29 14692
-1
31 15179
-1
31 14901
32 15062
32 14922
32 14898
-1
-1
-1
24 14501
-1
-1
24 15220
-1
-1
-1
29 14664
32 14599
34 14620
35 15209
-1
-1
-1
37 15177
-1
35 15256
-1
30 15037
-1
-1
-1
33 14917
-1
33 14895
34 15289
-1
33 15266
-1
-1
-1
-1
-1
-1
-1
-1
39 15264
35 14371
-1
-1
-1
-1
-1
-1
40 15275
40 15300
-1
-1
-1
-1
35 14984
35 15180
-1
-1
35 14883
-1
36 15259
-1
-1
28 14734
-1
27 14841
-1
-1
-1
27 14324
-1
-1
28 15022
-1
-1
-1
28 15212
-1
-1
-1
30 15020
-1
-1
-1
31 15221
-1
-1
-1
-1
-1
-1
34 14859
34 14859
-1
-1
-1
-1
-1
-1
-1
32 14466
33 15082
-1
-1
32 15145
32 14969
-1
-1
34 15174
-1
-1
-1
-1
-1
-1
-1
30 15196
-1
28 14765
-1
29 14341
-1
-1
-1
29 15205
29 15205
-1
29 14663
27 15136
28 15284
30 14476
31 14998
-1
30 14546
30 14546
31 14662
32 15289
31 14398
-1
33 14938
-1
-1
-1
28 15055
28 15055
-1
-1
-1
-1
30 15297
-1
30 15297
30 15297
-1
29 15096
28 15013
-1
-1
-1
-1
-1
32 15291
-1
32 14653
-1
33 14887
35 15033
-1
-1
-1
-1
-1
-1
-1
-1
-1
-1
34 14962
-1
33 14551
34 15162
34 14930
-1
33 14822
-1
-1
-1
-1
-1
30 14373
30 14373
-1
-1
34 15048
32 15224
33 15252
31 15084
31 14890
31 15249
-1
-1
-1
31 14574
-1
-1
33 14990
-1
33 14990
32 15182
-1
32 15182
32 15182
-1
-1
-1
-1
31 15130
-1
27 14997
-1
-1
-1
28 15201
26 15158
-1
-1
28 14901
-1
29 15069
30 15230
30 14999
-1
-1
32 14911
-1
31 14697
-1
-1
-1
-1
-1
-1
-1
-1
-1
-1
-1
28 14684
-1
28 14684
28 14769
-1
29 14939
-1
-1
30 14983
30 14983
-1
-1
29 14892
28 14809
-1
27 14478
-1
-1
-1
-1
-1
-1
30 14769
-1
-1
33 15269
33 15269
33 15269
-1
-1
35 15002
-1
-1
-1
-1
36 15280
-1
35 14840
-1
-1
36 15137
-1
-1
-1
34 15274
-1
-1
-1
29 15260
-1
28 14885
-1
30 15299
-1
-1
29 15144
-1
29 14634
-1
-1
31 15137
31 14611
-1
-1
-1
28 14362
-1
-1
-1
-1
31 15284
-1
31 15184
29 14820
29 14820
30 15239
30 15185
30 15085
-1
-1
31 14749
-1
-1
-1
33 15242
-1
-1
32 15121
32 15121
-1
-1
31 15261
-1
-1
-1
-1
28 14992
28 14992
-1
27 15169
-1
27 14553
-1
-1
28 14996
28 14579
30 15225
-1
-1
29 14833
30 15300
28 15209
27 14712
-1
-1
-1
30 15274
28 14604
-1
-1
-1
-1
25 14657
25 14893
-1
-1
26 15093
-1
-1
25 14877
-1
-1
26 15294
26 15198
26 15198
-1
-1
-1
28 15037
28 15219
-1
28 14698
-1
29 15082
-1
29 15082
-1
30 15268
27 14967
27 14967
27 14788
-1
26 14470
26 15135
-1
28 15089
-1
-1
-1
28 14977
28 14977
28 14977
-1
30 15007
30 15207
30 15207
31 15231
-1
-1
-1
30 15036
-1
-1
33 14639
-1
-1
-1
-1
-1
-1
-1
-1
-1
-1
-1
32 14982
32 14982
-1
27 15185
-1
-1
-1
-1
28 15293
-1
-1
-1
-1
24 14553
25 14763
25 14479
-1
-1
28 15112
-1
26 15057
-1
-1
-1
29 15240
-1
-1
-1
-1
29 14796
29 14977
-1
-1
27 14634
-1
-1
29 14897
-1
-1
-1
-1
33 14840
33 14840
33 14840
-1
-1
-1
-1
-1
-1
-1
27 14890
27 14890
-1
24 14885
25 15005
-1
26 15244
-1
-1
-1
27 15144
28 14782
-1
30 15259
-1
-1
33 15013
-1
36 14771
36 14771
34 14642
-1
-1
37 15135
34 14871
-1
-1
-1
-1
34 14837
28 15121
28 15121
28 15121
28 15121
27 15155
27 15155
-1
-1
-1
28 14712
28 14962
-1
-1
-1
-1
28 14446
29 15112
-1
-1
29 15112
29 15112
-1
-1
-1
27 15023
-1
-1
27 14990
-1
-1
-1
31 15260
-1
-1
-1
35 15207
-1
-1
-1
-1
33 15229
-1
-1
33 15168
-1
-1
-1
-1
-1
28 15231
27 14754
27 15093
27 15093
-1
-1
-1
25 15185
-1
25 15004
-1
-1
27 15160
-1
-1
-1
29 14660
-1
-1
-1
-1
-1
30 14975
-1
-1
-1
30 14850
30 14850
30 15244
-1
-1
-1
31 14494
-1
33 15171
-1
-1
30 15243
-1
-1
29 14959
29 14735
-1
-1
-1
-1
-1
28 15203
26 14825
27 15191
-1
29 15208
29 15208
29 15208
-1
-1
31 15032
-1
30 15008
-1
-1
29 14851
-1
29 14862
29 15227
28 15254
27 15172
26 14852
26 15072
-1
-1
-1
-1
-1
-1
-1
30 14760
-1
34 14639
-1
-1
30 15012
-1
-1
-1
32 15165
32 15165
32 15165
-1
33 14941
-1
33 14917
34 15158
29 14969
29 14867
29 14867
29 14780
-1
28 15054
-1
29 15223
29 15112
29 15151
-1
-1
-1
28 14914
-1
-1
-1
26 15287
-1
28 15172
27 15008
28 14911
-1
29 14734
29 14734
-1
30 14833
28 15284
-1
28 15253
27 14653
-1
27 15230
-1
27 15230
-1
-1
-1
29 15008
31 15101
27 14890
-1
-1
-1
-1
27 14537
29 15084
30 15210
-1
31 15280
31 15280
-1
-1
-1
-1
33 14838
35 15250
-1
31 14846
-1
-1
-1
-1
32 14825
-1
32 14596
32 14596
-1
31 15207
-1
-1
28 15138
-1
-1
26 15219
-1
-1
25 15249
-1
-1
-1
26 14562
-1
27 15118
-1
30 15184
-1
-1
-1
28 14559
30 15223
31 15274
-1
31 15274
31 15203
-1
30 14859
-1
29 15083
-1
-1
-1
-1
-1
27 15055
-1
-1
-1
-1
-1
-1
30 14888
-1
-1
-1
-1
-1
32 15063
-1
-1
32 15231
-1
31 15063
-1
32 14447
33 15163
-1
-1
32 14554
-1
-1
-1
31 15203
-1
29 14571
-1
29 14919
-1
29 14919
-1
30 15191
28 14943
-1
32 15283
31 14361
33 14851
31 15249
32 14826
-1
34 15300
31 14851
31 14851
31 14851
-1
31 15107
-1
-1
-1
-1
33 15292
-1
-1
32 15293
32 15286
30 14394
-1
-1
28 14781
-1
-1
-1
-1
31 14808
-1
-1
31 15009
31 15009
29 14640
-1
-1
28 15150
-1
26 15238
25 14797
-1
27 15233
-1
26 14974
26 15157
27 15084
-1
-1
-1
28 15082
-1
-1
-1
34 15246
-1
-1
32 14793
-1
33 14728
33 14728
33 14788
31 15285
-1
30 15170
26 15200
-1
25 14936
26 15222
-1
26 15168
-1
26 15261
-1
-1
26 15015
26 14694
25 14816
-1
-1
28 14589
30 15239
-1
31 15221
31 15221
-1
-1
-1
31 15163
31 15163
33 15012
32 15144
-1
31 15076
-1
31 15076
-1
-1
30 15217
-1
-1
-1
-1
26 14458
-1
26 15287
-1
-1
29 15105
28 14636
-1
30 14726
-1
-1
-1
-1
-1
-1
29 15211
-1
29 14679
-1
-1
-1
29 14522
-1
30 14625
30 14625
-1
-1
32 14711
-1
-1
-1
-1
28 14807
31 15100
-1
29 15262
-1
-1
29 14722
29 14722
-1
29 15252
31 15278
29 14972
-1
-1
-1
33 15195
-1
-1
33 14750
-1
34 15060
-1
33 14884
-1
-1
-1
-1
-1
-1
32 15174
-1
29 14982
-1
30 14891
-1
30 14900
-1
30 15087
-1
-1
30 14913
-1
-1
-1
-1
-1
31 15068
-1
-1
30 15244
-1
-1
-1
28 15228
-1
27 15284
27 14791
-1
29 15139
-1
-1
31 15295
-1
31 15295
-1
31 14768
-1
-1
32 15127
-1
-1
-1
-1
-1
-1
29 15185
27 14568
-1
28 15149
-1
27 14683
-1
27 14683
-1
-1
-1
28 15234
26 14837
-1
25 14485
26 14900
25 15063
-1
-1
-1
-1
24 14848
25 14871
26 15163
-1
26 14915
-1
-1
-1
-1
24 14911
24 14846
-1
-1
-1
24 15279
-1
23 14990
-1
21 15122
21 15122
-1
-1
-1
24 15129
-1
-1
26 15102
-1
27 14958
-1
-1
-1
28 15119
-1
-1
29 15287
-1
-1
-1
-1
31 14919
-1
-1
-1
31 15279
-1
-1
-1
-1
-1
29 15262
-1
-1
28 15067
-1
29 15239
-1
31 15280
-1
-1
30 14963
-1
29 14423
-1
-1
30 15194
-1
-1
-1
-1
29 15184
29 14875
-1
-1
-1
-1
28 14921
29 15093
29 15093
-1
29 14861
31 15299
-1
-1
28 14372
-1
29 14900
-1
30 14795
29 15191
28 14974
-1
-1
29 15011
30 14425
-1
-1
-1
30 14725
-1
29 14551
-1
-1
-1
-1
-1
28 14843
-1
-1
-1
-1
-1
33 14559
35 15034
35 15034
-1
-1
35 15087
-1
-1
28 15116
-1
-1
29 15274
31 14972
-1
32 15264
-1
-1
-1
-1
35 15022
35 15211
35 15211
-1
-1
31 15129
-1
-1
-1
29 15117
30 15256
30 15256
-1
31 15223
-1
-1
-1
29 14917
-1
29 14771
29 14771
-1
-1
-1
-1
-1
27 14851
27 14851
27 14851
-1
-1
-1
-1
-1
25 14884
26 15154
-1
-1
-1
-1
-1
28 14908
28 14908
-1
-1
-1
-1
33 14882
33 15155
-1
31 14678
31 14678
-1
-1
26 15085
26 14838
-1
-1
24 14631
24 14706
-1
24 14706
26 14433
-1
-1
-1
28 15272
28 15272
28 15239
28 15160
25 15255
24 14880
24 14880
25 14857
25 15070
-1
-1
31 14928
31 14928
-1
33 14907
33 14907
-1
33 15016
-1
35 14947
-1
25 15232
26 15017
-1
-1
-1
-1
-1
26 15280
-1
27 15027
-1
27 15031
25 14873
-1
26 15259
-1
-1
-1
25 15296
-1
-1
-1
-1
-1
-1
31 14923
-1
33 14529
-1
31 14674
-1
32 14496
34 14730
35 15052
35 15052
32 15258
32 15258
-1
-1
-1
-1
-1
-1
-1
-1
-1
-1
-1
24 14774
-1
23 14728
24 15017
-1
26 15117
27 15008
27 15008
27 15008
26 14882
-1
-1
-1
29 14917
-1
-1
-1
-1
29 15223
29 15223
-1
29 15202
-1
-1
30 15274
28 15040
-1
29 15216
-1
29 14832
-1
-1
31 15246
30 15088
-1
31 14637
-1
32 15092
-1
33 15093
31 15033
31 15033
-1
-1
-1
-1
-1
31 15164
31 15164
-1
-1
-1
-1
32 14961
-1
26 15189
-1
-1
-1
-1
-1
29 14849
29 14849
28 15270
-1
-1
28 15245
-1
31 15119
-1
-1
-1
-1
-1
-1
30 15185
-1
-1
28 14755
28 15298
-1
-1
29 14521
31 15174
31 14729
-1
31 14729
-1
-1
-1
34 15112
35 15158
32 14762
-1
-1
-1
-1
-1
-1
-1
-1
-1
-1
-1
31 15094
-1
-1
-1
-1
33 15291
-1
32 15251
-1
-1
33 15298
-1
-1
-1
-1
32 15117
-1
-1
31 15007
-1
31 15249
31 15249
-1
-1
-1
-1
-1
27 14936
27 15281
28 15270
28 15270
-1
-1
-1
30 15238
-1
-1
-1
30 15130
26 14652
26 14812
26 14812
-1
-1
-1
-1
-1
28 15079
-1
-1
-1
-1
-1
-1
27 15269
26 15123
-1
27 15198
-1
27 14634
-1
26 14682
-1
28 15089
-1
-1
-1
24 15197
-1
25 14827
25 15113
-1
25 15242
24 15188
-1
-1
26 15201
26 15201
-1
27 15016
-1
-1
-1
33 15189
-1
-1
33 14662
33 14662
33 14662
-1
34 14887
-1
-1
-1
31 14477
-1
28 15173
27 15125
29 14826
30 15101
31 15271
-1
31 15271
30 14938
-1
-1
-1
28 14870
-1
-1
-1
27 14455
-1
29 15160
29 15010
28 14370
30 15226
30 15280
31 15259
-1
31 15259
30 15212
29 14566
-1
-1
-1
32 15012
33 15174
-1
31 15250
-1
-1
31 15095
33 15276
33 15145
30 14953
-1
-1
33 14830
33 15149
34 15265
-1
-1
33 15178
-1
33 15283
-1
-1
-1
33 15283
-1
-1
32 14504
34 15262
-1
-1
-1
-1
37 15196
35 15244
-1
33 14851
33 14851
-1
-1
-1
-1
-1
-1
-1
32 15044
32 15044
31 15063
31 15063
-1
-1
30 14728
-1
34 15163
34 15163
30 14535
31 14890
30 14767
31 15176
31 15176
-1
-1
-1
-1
-1
33 14744
33 14917
33 15160
-1
-1
-1
-1
-1
31 14982
-1
-1
-1
27 14520
-1
-1
-1
30 14558
-1
31 15288
32 14683
-1
-1
-1
-1
32 14622
33 15152
33 15152
-1
35 15240
-1
-1
-1
-1
-1
-1
-1
24 14667
-1
26 15270
24 15118
-1
-1
28 15042
29 15284
29 15284
29 15284
29 15284
29 14775
-1
31 14890
-1
-1
34 14898
34 14898
34 14582
-1
35 14821
-1
-1
31 15244
29 14821
28 15205
28 15205
28 15153
-1
-1
-1
-1
-1
-1
-1
-1
-1
-1
25 15258
-1
25 15090
-1
25 15084
-1
-1
26 14554
-1
28 15227
-1
28 14952
-1
26 15105
-1
28 15050
28 15050
-1
28 14794
-1
-1
-1
-1
-1
27 14980
-1
27 14980
27 14912
-1
-1
26 14695
-1
25 15150
-1
27 15008
-1
-1
-1
28 15222
27 15230
-1
-1
28 14570
-1
-1
27 14610
-1
-1
-1
27 15266
29 15297
29 15297
-1
27 14906
-1
-1
-1
-1
27 14910
-1
-1
-1
-1
26 15076
-1
-1
-1
30 15232
30 15178
31 15072
-1
-1
35 15285
-1
-1
-1
-1
33 14660
34 14871
34 14867
-1
-1
27 14988
-1
26 14741
26 14444
29 14865
-1
-1
-1
-1
-1
-1
-1
-1
31 14951
32 14982
-1
-1
30 15082
-1
-1
32 14681
-1
32 14716
33 15274
-1
-1
-1
-1
37 15292
-1
38 15035
-1
-1
-1
35 15286
-1
28 15298
-1
-1
26 15090
25 15112
26 14915
24 14431
-1
-1
24 14431
-1
-1
-1
27 15192
25 14948
25 14939
-1
-1
-1
-1
26 14416
-1
29 15227
-1
29 14962
29 14962
29 14962
-1
-1
29 15291
-1
-1
-1
31 14845
-1
31 14472
-1
-1
-1
-1
-1
29 14518
29 14718
-1
34 15290
32 14952
-1
32 15129
-1
32 15210
-1
-1
-1
-1
-1
-1
25 15183
-1
-1
26 14766
-1
-1
-1
-1
28 15239
-1
29 14352
30 15204
30 15204
-1
27 15070
28 15200
-1
27 15279
27 14914
27 15238
-1
-1
-1
-1
-1
29 14972
29 14972
-1
-1
29 14497
29 15075
29 15075
-1
-1
-1
-1
31 14929
31 14929
31 14929
31 14929
31 14507
31 14507
-1
-1
-1
-1
33 15102
-1
-1
-1
-1
-1
33 15020
34 15053
36 15235
36 15235
-1
36 15184
36 15184
36 15290
-1
-1
37 15271
36 15285
-1
-1
34 14874
33 14470
-1
-1
-1
34 15074
-1
-1
-1
29 15057
29 15057
-1
-1
29 15114
-1
-1
30 14861
30 14632
-1
-1
30 14546
30 14546
-1
31 15202
-1
29 14861
28 14853
28 15281
27 15207
27 15207
-1
-1
-1
-1
-1
24 15240
24 15238
23 14738
-1
-1
-1
25 14938
-1
-1
-1
-1
-1
-1
-1
-1
30 14863
30 14445
-1
-1
-1
-1
-1
-1
30 15049
31 15290
33 15283
-1
33 15150
33 15150
-1
33 15150
-1
32 14534
-1
34 15255
35 15280
-1
-1
-1
-1
-1
-1
30 15259
-1
27 15134
-1
-1
25 14600
25 14600
27 15013
-1
-1
-1
29 14621
-1
-1
30 14990
30 15012
-1
-1
30 14582
31 14922
-1
30 15227
-1
-1
-1
-1
27 15267
-1
-1
-1
28 14764
28 14764
-1
28 14764
-1
26 14500
28 15233
28 15233
-1
-1
30 15049
29 15149
30 15238
30 15238
-1
-1
32 15289
32 14922
31 15139
-1
27 14802
-1
-1
27 14607
27 14607
-1
25 14410
-1
26 15228
-1
-1
30 15269
-1
30 14677
27 15014
-1
-1
-1
28 14865
-1
-1
-1
-1
-1
-1
28 14850
28 14850
-1
-1
29 15077
-1
-1
-1
-1
-1
32 15288
32 14885
-1
-1
31 14759
32 14951
32 15109
32 15109
31 15112
-1
-1
28 14717
27 15068
-1
-1
-1
-1
-1
26 15252
-1
-1
-1
25 15075
-1
26 14655
-1
27 15032
27 15032
-1
-1
29 15049
29 15049
-1
-1
28 15077
29 14748
-1
-1
-1
32 15249
31 15252
30 14738
28 15227
28 15227
23 14591
-1
24 15135
-1
-1
-1
-1
-1
-1
27 15237
-1
28 14648
-1
-1
33 15173
32 14645
-1
32 15017
-1
-1
-1
-1
-1
28 15289
28 15289
-1
28 15250
-1
26 14911
26 15029
-1
28 14708
28 14708
-1
-1
-1
-1
35 15048
34 15133
-1
35 15102
36 15234
36 15234
-1
-1
-1
-1
-1
33 15122
-1
-1
33 14971
-1
33 14971
33 15170
-1
-1
-1
33 14740
-1
32 15135
31 15105
32 15057
33 15218
-1
-1
-1
34 14720
35 15013
-1
-1
34 14593
-1
34 15091
-1
-1
-1
34 14594
-1
33 14998
-1
-1
34 14701
-1
32 15229
-1
32 15155
-1
-1
-1
31 14797
-1
-1
29 15060
30 15099
-1
31 14851
-1
29 15074
-1
-1
-1
-1
32 15224
-1
29 15242
-1
-1
-1
-1
29 14578
-1
27 15251
-1
-1
-1
-1
-1
25 14752
25 14752
-1
-1
-1
27 14446
-1
-1
-1
-1
-1
-1
-1
33 15118
-1
31 14710
-1
-1
29 15183
28 15163
29 14703
31 14985
-1
30 15149
-1
-1
32 15055
-1
32 15193
33 15212
33 15212
-1
-1
-1
34 14445
-1
35 15263
-1
-1
-1
-1
-1
-1
-1
-1
36 15089
33 15165
34 15279
-1
-1
-1
-1
-1
-1
-1
30 14654
31 15202
31 15202
-1
-1
30 14857
-1
29 15047
-1
30 14743
-1
-1
-1
32 14785
-1
-1
-1
33 14888
34 15259
-1
33 15183
-1
-1
-1
-1
31 15165
-1
-1
-1
26 14880
26 14880
27 15217
27 15217
-1
-1
-1
-1
28 14589
32 15297
32 15297
32 15024
31 14728
-1
33 15215
-1
35 14991
-1
-1
-1
-1
-1
-1
31 14977
28 14844
-1
29 15084
29 15084
28 15200
-1
29 15274
30 15200
-1
-1
30 14534
-1
35 14892
35 14892
36 15250
-1
-1
-1
-1
-1
27 15201
28 15160
28 15160
-1
28 14762
-1
-1
29 14708
29 14708
-1
26 14891
-1
27 15234
27 14779
-1
-1
31 14661
-1
-1
30 15256
28 14530
27 15271
-1
28 15046
-1
29 14452
-1
-1
-1
-1
-1
-1
35 14619
-1
35 14619
35 14619
34 14698
34 15108
-1
-1
35 15225
33 15014
-1
-1
-1
33 15172
-1
35 15168
32 14582
32 14786
-1
-1
31 15274
-1
-1
30 15100
-1
-1
-1
31 14965
-1
-1
31 14965
-1
-1
-1
-1
-1
-1
-1
30 15236
29 14890
-1
-1
31 15227
-1
-1
-1
-1
-1
33 15295
33 15295
-1
-1
-1
-1
30 14713
30 14713
-1
28 15202
-1
-1
-1
32 14686
33 14947
-1
-1
-1
32 14936
-1
-1
-1
-1
28 15231
29 15079
29 15161
29 14590
-1
30 14870
30 14850
-1
30 15141
-1
-1
-1
-1
-1
-1
-1
-1
25 14493
27 14893
-1
-1
30 14698
-1
-1
-1
-1
31 14469
31 14469
-1
-1
-1
37 15124
38 15186
38 15186
38 14895
-1
37 15222
37 14528
-1
-1
30 15018
-1
27 15271
29 15226
-1
29 15151
28 14934
-1
29 15217
-1
31 14979
31 15178
30 14894
-1
-1
30 15264
-1
26 15027
26 14957
25 14509
26 15065
27 15075
-1
-1
29 15269
29 15269
-1
32 15267
-1
-1
-1
33 14702
34 15047
-1
33 15115
-1
-1
32 14923
-1
33 15300
31 14997
-1
32 15213
-1
-1
32 14480
-1
32 14480
31 15246
-1
27 14938
-1
28 14906
-1
29 15171
-1
-1
-1
-1
-1
-1
-1
-1
32 15226
32 15226
32 15226
-1
32 14887
-1
-1
-1
27 14933
-1
-1
27 14935
27 14935
28 14984
-1
31 14827
-1
-1
-1
33 15259
-1
32 14734
-1
32 15299
30 15065
-1
32 15136
-1
-1
-1
-1
-1
35 14964
35 14964
33 15251
33 15251
33 14720
33 14720
-1
-1
-1
-1
31 15103
-1
-1
-1
-1
-1
31 15237
-1
-1
31 15225
-1
-1
-1
-1
-1
36 15262
35 15248
36 14901
-1
-1
-1
-1
37 15173
34 15144
28 14823
-1
-1
-1
29 14832
30 15252
-1
25 14929
25 14622
25 14622
-1
-1
-1
-1
-1
-1
24 14504
24 14504
-1
-1
26 15274
-1
-1
-1
25 15168
-1
25 14545
-1
-1
-1
-1
-1
24 14803
-1
27 15276
27 15276
25 14465
-1
28 14874
30 14568
30 14568
-1
-1
28 14605
-1
-1
-1
26 15262
26 15262
26 14780
-1
27 15096
27 14996
28 15182
-1
28 15207
-1
28 14848
-1
-1
-1
-1
25 14665
28 15261
-1
27 15039
26 15199
-1
26 15271
-1
-1
-1
25 15239
25 14719
27 14640
-1
28 15110
-1
25 14647
25 14647
25 14647
-1
29 15213
30 15290
30 15167
31 15264
-1
31 15149
31 15225
-1
-1
-1
-1
31 14741
33 14917
-1
32 15096
32 15096
-1
33 14508
-1
-1
33 14577
-1
-1
30 15206
-1
-1
-1
-1
-1
-1
-1
-1
-1
26 15211
-1
27 15232
29 15183
-1
-1
-1
-1
30 15210
-1
29 15102
30 15231
-1
31 14584
-1
-1
-1
30 14945
-1
-1
29 14757
-1
31 14503
-1
29 14713
-1
29 14713
-1
-1
-1
-1
-1
-1
-1
-1
-1
-1
-1
-1
-1
28 14796
-1
-1
-1
30 15109
30 14657
30 15021
-1
31 15226
-1
32 14801
-1
-1
-1
33 14926
-1
-1
32 14862
-1
33 15142
32 15051
-1
-1
-1
-1
-1
32 15139
-1
29 14764
-1
-1
30 15140
31 14560
-1
-1
-1
34 14829
-1
-1
36 15257
35 15218
35 15155
-1
-1
-1
-1
33 15234
-1
33 15234
32 15213
33 15214
-1
31 15031
33 14940
32 14378
-1
31 14805
-1
-1
-1
-1
28 14955
-1
-1
-1
24 15044
-1
-1
27 15298
27 15298
-1
29 15125
-1
-1
29 14729
31 14848
-1
30 14821
29 15291
-1
-1
31 15013
-1
32 15135
32 15135
-1
-1
31 15293
-1
-1
32 14863
-1
31 14947
-1
-1
31 14947
-1
-1
34 15281
33 15280
33 15280
33 15002
-1
31 14594
-1
31 14594
-1
-1
-1
-1
30 15251
-1
30 15041
29 14630
23 15257
23 15257
-1
-1
-1
-1
-1
-1
25 15085
-1
-1
27 15014
-1
26 15108
26 14538
-1
27 15294
27 15294
-1
-1
-1
25 15149
-1
28 15197
28 15197
-1
31 15015
-1
29 14909
-1
-1
-1
-1
-1
-1
-1
-1
-1
32 15292
-1
30 15278
-1
29 15197
31 15211
32 15005
-1
32 15014
-1
-1
-1
-1
-1
32 15219
31 15174
31 14463
-1
-1
32 15051
-1
-1
28 15281
28 15281
-1
-1
-1
-1
30 15170
30 15170
31 15005
28 15285
29 15108
-1
30 15267
-1
-1
-1
31 15105
-1
29 14950
-1
-1
-1
-1
-1
-1
-1
33 15264
-1
31 15217
32 15269
-1
32 14415
32 14415
-1
33 15088
-1
33 15088
33 15088
33 15088
-1
-1
29 15276
29 15276
-1
-1
-1
-1
-1
29 15086
30 15011
-1
-1
-1
-1
-1
31 15291
31 15291
-1
29 14524
29 14524
-1
32 14870
-1
-1
-1
33 14716
-1
32 15209
-1
-1
-1
-1
-1
-1
38 15253
38 15236
-1
39 14955
-1
-1
-1
-1
-1
34 15130
34 15104
-1
32 14755
-1
30 15273
-1
-1
-1
-1
32 14719
-1
-1
-1
33 15020
-1
34 14484
34 14484
35 15176
-1
29 14822
-1
29 14774
-1
-1
-1
-1
-1
-1
28 15051
-1
31 14449
33 15272
-1
-1
30 14765
-1
-1
-1
31 15214
-1
-1
-1
33 15185
33 14989
35 15283
-1
35 14961
-1
32 15107
32 15107
34 15052
-1
-1
-1
-1
36 15144
-1
-1
38 15149
-1
37 15242
-1
-1
36 14901
-1
32 15089
31 14531
-1
31 15129
-1
-1
-1
-1
26 15152
-1
-1
24 14573
25 14800
-1
-1
25 15139
26 15254
26 15254
29 14568
-1
-1
-1
41 15199
-1
-1
-1
-1
-1
-1
-1
-1
-1
-1
-1
39 15155
35 15291
-1
30 14916
-1
-1
-1
-1
28 15246
28 15246
-1
-1
-1
-1
25 15042
-1
-1
27 14691
-1
-1
-1
27 14632
-1
-1
-1
-1
30 14832
-1
32 15110
-1
-1
-1
27 15231
26 14776
-1
27 15178
-1
27 15276
-1
-1
28 14479
-1
-1
-1
30 15237
-1
29 15092
-1
-1
33 15267
32 15108
-1
32 14550
32 14550
-1
32 15063
-1
34 15237
-1
-1
34 15116
35 15109
-1
36 15222
36 14690
-1
35 14992
-1
36 15237
32 14495
33 14950
-1
-1
-1
30 15146
-1
-1
-1
-1
-1
29 15283
29 15132
-1
-1
-1
-1
29 14717
32 15266
31 15246
-1
-1
32 15039
-1
33 14996
-1
-1
35 14566
35 14566
-1
31 14776
-1
31 14875
-1
31 14875
-1
-1
-1
32 15114
29 15260
-1
-1
-1
-1
-1
30 15102
-1
-1
-1
30 15195
-1
-1
29 15263
-1
30 15149
30 15149
-1
30 15057
-1
-1
-1
29 15132
-1
28 15230
-1
28 15230
28 15285
-1
-1
26 14478
28 15132
-1
28 15132
-1
29 15246
-1
-1
27 15242
28 15022
28 15022
29 15244
29 14765
-1
-1
28 15209
29 15152
-1
-1
-1
-1
28 14910
28 15215
-1
31 14918
31 14918
31 14918
-1
-1
-1
-1
32 15191
-1
-1
31 14823
-1
29 14577
-1
-1
31 15205
-1
30 14791
-1
-1
30 14791
28 15240
-1
-1
31 14628
-1
32 14856
32 14421
-1
-1
-1
-1
34 15106
-1
37 15176
-1
-1
-1
-1
-1
-1
25 15005
24 14993
-1
-1
26 14615
-1
-1
-1
30 15026
-1
32 15253
-1
32 14594
34 14585
33 14941
33 14941
33 14941
34 15228
34 15228
-1
34 15249
-1
30 14916
30 14902
30 14902
-1
-1
27 14795
28 15277
-1
29 15225
31 15089
-1
31 15047
-1
-1
32 14567
35 15230
-1
-1
32 15049
-1
-1
-1
33 15095
33 15095
-1
31 15264
-1
-1
29 14886
-1
29 14886
-1
-1
26 14919
-1
-1
-1
31 14882
-1
35 15273
34 14952
-1
-1
-1
25 15123
25 15207
-1
24 14716
-1
30 14526
32 14706
-1
-1
34 14539
-1
35 14950
36 14815
-1
-1
-1
-1
-1
36 15251
-1
-1
34 15144
35 15071
-1
37 15246
-1
-1
-1
-1
33 14983
-1
-1
-1
-1
-1
-1
29 14813
-1
29 14580
30 15018
32 15205
32 14808
-1
32 15075
32 15075
32 15075
32 14750
-1
-1
-1
-1
28 15239
28 14691
-1
-1
30 15072
-1
28 15075
28 15075
-1
-1
27 15085
27 15126
-1
-1
28 14913
28 14913
-1
30 15186
-1
27 14780
-1
28 14733
-1
-1
-1
-1
-1
-1
29 14932
-1
-1
-1
31 15243
-1
-1
-1
-1
-1
-1
-1
-1
32 14734
32 14734
32 14734
-1
-1
34 15266
33 15159
-1
30 14859
-1
29 15077
29 15178
-1
-1
29 15192
-1
29 15100
29 15100
-1
-1
26 15294
26 14540
-1
-1
28 15087
30 14701
-1
-1
31 14586
31 14586
-1
33 15154
-1
-1
32 14975
-1
-1
32 15239
32 15239
-1
-1
33 15184
33 15184
31 14554
-1
-1
-1
32 15251
32 15251
32 15148
-1
-1
-1
30 14756
-1
-1
-1
-1
28 14527
-1
-1
31 15257
30 15227
-1
-1
-1
-1
-1
32 15064
31 15014
-1
-1
-1
32 15286
30 14912
-1
-1
-1
-1
-1
-1
30 14642
-1
-1
-1
-1
-1
-1
-1
-1
-1
37 15209
-1
-1
35 15016
-1
-1
-1
-1
-1
-1
-1
-1
-1
-1
-1
-1
-1
31 15166
32 14866
-1
29 14993
-1
31 15075
32 15213
-1
-1
-1
-1
33 15071
33 15258
31 15223
-1
-1
-1
-1
-1
-1
32 15230
-1
-1
-1
31 14829
-1
-1
33 14581
33 14581
-1
-1
-1
-1
-1
26 14891
-1
-1
27 15043
-1
27 15294
27 15294
-1
26 14813
-1
-1
-1
29 14668
-1
-1
-1
-1
-1
-1
30 14393
31 14959
31 14959
-1
31 14959
31 14779
-1
-1
29 15173
-1
-1
-1
31 15212
-1
-1
26 15210
26 14973
-1
25 14725
25 14725
25 15115
-1
25 15115
-1
-1
27 15223
-1
-1
-1
29 14932
-1
28 15266
-1
-1
29 15229
31 15186
-1
-1
36 14939
-1
-1
35 14852
35 14653
-1
-1
36 15256
-1
-1
-1
34 15087
-1
35 14965
31 14736
28 14685
28 14685
31 14816
-1
32 14859
-1
33 15266
-1
-1
33 14855
33 15143
-1
29 14974
-1
-1
-1
-1
-1
32 15048
32 15029
-1
30 15050
30 15050
-1
-1
29 15291
-1
27 14817
27 15251
27 15067
25 14642
25 15222
-1
-1
27 15195
-1
27 14944
-1
-1
-1
-1
-1
-1
-1
24 14809
25 14974
25 14974
-1
25 15104
-1
-1
-1
26 14680
26 14680
28 14643
29 14850
29 14850
30 15284
-1
-1
24 15295
-1
24 14936
-1
29 14823
-1
-1
27 14792
-1
-1
27 14792
27 14792
-1
28 14378
-1
31 15157
32 15130
-1
-1
-1
-1
33 14937
-1
33 14937
-1
-1
-1
31 14780
-1
31 14780
-1
-1
-1
30 14498
36 15210
-1
37 14889
37 14889
37 15264
-1
-1
34 14924
-1
36 15098
-1
-1
-1
31 15284
-1
-1
-1
-1
-1
-1
-1
27 15258
-1
-1
-1
-1
-1
-1
-1
33 15072
34 15142
35 15210
35 15082
-1
34 15264
-1
-1
32 14963
32 15036
-1
-1
37 15111
36 14470
-1
-1
-1
34 15257
-1
-1
-1
-1
-1
37 14947
-1
34 15065
31 15103
-1
31 15103
-1
-1
-1
29 14805
-1
28 14781
-1
28 14781
-1
28 14966
-1
-1
-1
-1
-1
29 15031
-1
-1
-1
-1
-1
-1
32 14542
35 14807
-1
-1
-1
-1
-1
-1
33 14573
-1
31 15255
-1
-1
-1
-1
-1
-1
-1
-1
-1
-1
29 14939
29 14939
-1
-1
-1
-1
-1
-1
30 15224
30 15221
30 15221
30 15221
-1
-1
36 15295
-1
-1
34 14999
-1
35 15270
-1
32 14723
-1
-1
34 15052
35 15075
-1
-1
-1
35 15292
31 14893
30 14591
-1
30 15132
-1
-1
-1
32 14884
33 15147
-1
-1
-1
-1
37 14639
-1
-1
-1
39 15260
39 15260
-1
-1
38 14927
-1
-1
32 15090
-1
32 15090
31 14581
31 15136
-1
-1
-1
28 14436
-1
-1
-1
-1
-1
30 15234
-1
29 15081
-1
29 14989
29 14989
-1
29 15135
-1
-1
-1
-1
32 14909
-1
-1
-1
-1
-1
32 15125
-1
29 14574
31 15046
-1
30 15005
-1
-1
31 15180
-1
31 15055
-1
-1
31 15050
33 15205
-1
33 15205
33 15205
-1
-1
-1
-1
27 14441
29 14397
30 14887
30 14887
32 14954
-1
31 14924
-1
-1
-1
32 15198
31 15149
-1
-1
-1
29 14972
27 14583
27 15160
25 14618
25 14618
-1
26 14716
-1
-1
27 14621
-1
-1
-1
-1
-1
32 14634
34 14792
-1
32 14654
-1
-1
35 14840
35 14840
-1
35 15069
-1
-1
35 15133
-1
-1
36 15284
36 15284
-1
-1
-1
35 15288
35 15191
-1
32 14916
-1
30 14580
-1
29 15077
29 15077
29 15129
29 15122
29 15122
29 15075
-1
-1
-1
-1
34 15130
34 15130
34 15225
-1
-1
33 14904
32 15219
33 14753
33 15149
-1
-1
-1
31 14987
32 15074
-1
-1
33 15300
-1
-1
33 14717
-1
-1
-1
36 14691
-1
38 15156
-1
-1
-1
36 14868
37 15175
-1
-1
-1
-1
35 15211
35 15211
-1
-1
-1
32 15022
-1
28 14750
28 14750
-1
-1
27 14745
-1
27 15162
27 15162
-1
27 15162
29 15158
-1
-1
29 14646
30 15116
27 15165
27 15165
-1
28 14869
28 14869
-1
-1
-1
28 14373
-1
-1
24 15258
24 14548
-1
-1
-1
26 14439
26 14855
-1
26 14855
-1
29 14848
-1
-1
31 14539
-1
-1
-1
-1
32 15023
33 15077
-1
-1
34 14904
-1
34 14710
-1
35 15262
-1
-1
-1
31 15206
32 15207
-1
31 15076
32 15085
32 15183
-1
32 15172
-1
-1
-1
-1
-1
27 14965
27 14965
27 15073
-1
28 15141
-1
26 15264
27 15292
-1
-1
26 14569
-1
-1
29 15231
-1
29 14676
-1
29 14676
-1
28 14458
-1
-1
27 14652
-1
-1
-1
-1
-1
-1
-1
-1
33 15277
33 15277
28 15257
-1
32 15187
30 15012
29 15291
-1
29 14876
-1
-1
30 15208
-1
-1
29 14926
-1
30 14875
-1
32 15210
-1
32 15210
-1
-1
-1
33 14773
34 15187
-1
-1
-1
-1
33 15194
34 15268
-1
-1
-1
-1
28 14766
28 14766
29 14997
26 15118
26 15254
-1
-1
26 15191
-1
28 15240
-1
-1
-1
30 14696
-1
-1
-1
-1
29 14646
-1
-1
-1
31 15115
-1
31 14932
31 14886
29 14596
-1
-1
-1
-1
28 14688
-1
29 15235
30 14695
-1
29 15267
-1
28 15223
28 15223
-1
-1
-1
-1
-1
-1
28 14853
29 15110
-1
-1
30 14536
30 14943
-1
-1
-1
31 15300
-1
-1
-1
-1
31 14967
31 15028
-1
-1
-1
29 15092
-1
-1
-1
-1
-1
31 15068
-1
31 14601
-1
-1
-1
-1
-1
-1
-1
-1
-1
34 15206
35 15185
34 15023
30 14740
31 15045
28 15038
-1
-1
25 15248
-1
28 15244
27 14416
31 14932
31 15132
30 14715
-1
-1
28 15130
28 15130
-1
-1
27 14573
-1
27 14874
-1
-1
-1
29 14739
-1
-1
27 14607
-1
-1
-1
-1
-1
29 15283
-1
30 14954
30 14954
-1
-1
26 15041
-1
-1
-1
24 15106
-1
-1
26 15040
28 14635
28 14635
-1
28 14635
-1
-1
-1
-1
-1
-1
-1
-1
30 15076
-1
-1
-1
31 15141
-1
-1
31 15287
-1
31 15133
-1
-1
26 14724
26 14724
-1
29 15179
-1
31 15294
31 15094
-1
-1
-1
31 15176
-1
31 15176
32 15268
33 14923
33 14923
-1
-1
-1
-1
35 14945
-1
35 14684
-1
35 14684
33 15054
26 14596
23 14451
-1
-1
-1
25 14973
25 14972
-1
-1
25 14346
-1
-1
29 15085
30 15190
-1
-1
32 15117
31 15086
30 15240
33 14818
34 14565
-1
35 15263
-1
35 15006
-1
-1
-1
-1
-1
-1
-1
32 15270
-1
29 14947
29 14947
29 14947
31 14513
32 15180
-1
31 14873
31 14873
-1
-1
-1
-1
26 14563
-1
-1
-1
-1
-1
24 14939
25 15263
-1
25 15263
-1
25 14764
-1
26 14566
-1
30 15100
-1
-1
-1
-1
-1
-1
-1
-1
-1
-1
-1
-1
-1
-1
-1
33 15285
33 15285
33 14889
-1
-1
34 14808
-1
-1
34 15203
-1
-1
-1
-1
36 14856
37 14927
-1
36 14976
-1
32 14960
-1
31 15070
-1
-1
-1
30 14796
-1
29 15088
-1
-1
-1
32 14443
-1
-1
-1
34 14527
-1
35 14758
-1
32 14945
-1
-1
-1
34 15257
34 15122
-1
-1
-1
31 14576
-1
-1
-1
-1
-1
-1
-1
-1
32 15199
29 14968
29 14979
-1
-1
-1
-1
28 14924
-1
26 15203
-1
-1
-1
25 14979
26 14884
29 15229
32 15121
32 15121
32 14705
32 15244
-1
-1
31 15253
-1
-1
33 14769
33 14769
-1
-1
34 14836
34 14836
-1
-1
-1
31 15274
-1
-1
29 15245
-1
28 15213
-1
-1
24 14976
25 15078
-1
25 15078
26 15198
-1
29 15204
31 15013
36 15024
-1
-1
-1
-1
-1
30 15143
29 15249
-1
-1
29 14648
-1
-1
-1
-1
-1
-1
30 14888
-1
-1
-1
35 15050
-1
-1
-1
-1
-1
-1
-1
-1
-1
34 15115
-1
-1
-1
-1
-1
33 14831
36 14889
-1
-1
35 14714
32 14754
32 14754
-1
-1
-1
35 14798
37 14724
38 15186
39 14916
-1
39 14942
34 15114
35 15193
-1
-1
-1
-1
-1
-1
30 14840
-1
-1
28 15141
28 15268
-1
-1
27 15229
-1
-1
28 14632
28 14702
-1
29 14784
30 15199
30 15080
30 14783
-1
29 14822
-1
-1
31 14870
31 14870
-1
-1
-1
-1
-1
31 15088
30 14745
-1
31 14906
31 14906
-1
-1
29 15281
-1
31 15297
28 15119
28 14623
-1
32 15191
-1
-1
-1
-1
30 14644
-1
-1
-1
-1
-1
-1
31 15172
-1
-1
29 15084
30 14477
31 15279
-1
-1
30 15032
-1
30 15298
-1
26 14988
26 15137
-1
26 15137
26 15137
-1
25 15029
27 14991
-1
-1
-1
31 14556
-1
-1
-1
-1
-1
-1
-1
-1
-1
34 14640
-1
-1
28 14715
-1
-1
27 15026
28 15054
26 14574
26 15291
26 15291
25 14950
-1
26 14785
-1
-1
27 14870
27 15276
-1
27 14802
-1
-1
-1
-1
31 15143
32 15120
32 15120
-1
-1
32 15287
-1
32 15287
32 15287
-1
30 14486
31 15160
31 15160
31 15160
31 15160
31 15160
31 15159
31 15159
-1
-1
33 15102
-1
32 15226
-1
-1
33 15237
-1
-1
-1
-1
-1
-1
-1
34 15279
-1
33 15286
33 15286
-1
-1
31 15096
-1
31 14878
33 15241
-1
-1
-1
-1
32 14653
-1
-1
32 14843
-1
31 14954
-1
31 14901
-1
31 15252
-1
-1
-1
29 14738
-1
30 15005
-1
29 15268
-1
29 15087
-1
-1
-1
-1
29 15265
28 15030
28 15030
28 15179
-1
26 15274
-1
-1
-1
25 14836
31 14716
31 14751
32 14687
-1
33 14887
-1
-1
-1
-1
-1
-1
-1
-1
-1
-1
-1
29 14618
-1
-1
-1
28 15264
26 15098
27 15017
-1
27 14504
-1
-1
-1
-1
-1
-1
28 15088
28 15279
26 15206
-1
-1
24 15210
-1
28 14648
-1
30 15103
29 15149
29 14991
-1
29 14991
-1
-1
30 14810
-1
-1
30 15297
30 15297
-1
-1
-1
-1
28 14559
-1
-1
-1
-1
-1
-1
-1
-1
31 14970
32 14662
-1
-1
-1
-1
-1
-1
-1
-1
-1
-1
-1
38 15053
36 15130
36 15130
-1
33 14813
33 14813
-1
-1
-1
34 14344
35 15020
-1
-1
30 15085
30 15085
-1
-1
28 15103
27 14422
28 15036
28 14888
-1
-1
-1
-1
30 14474
30 14474
-1
-1
-1
30 15020
-1
31 15148
-1
32 15269
30 15097
-1
29 15222
-1
-1
-1
-1
-1
-1
-1
32 14898
32 15144
-1
-1
35 14937
35 14753
-1
-1
-1
-1
32 15105
-1
29 15088
26 14913
27 14839
29 15071
30 15202
30 14469
-1
-1
-1
-1
-1
-1
-1
32 15132
31 14743
32 15241
-1
31 15104
30 15120
-1
-1
32 14895
-1
31 14567
32 14425
-1
-1
-1
-1
32 15050
32 15050
-1
-1
-1
32 14831
-1
-1
-1
-1
32 15160
32 15160
-1
29 15252
-1
29 15252
29 15094
29 15287
33 14670
-1
-1
35 14820
-1
-1
36 14545
34 14803
34 14803
34 14880
-1
-1
-1
-1
-1
36 15277
-1
-1
33 15284
32 14770
-1
34 15266
-1
33 15096
-1
-1
-1
35 15266
37 14996
-1
-1
-1
-1
35 15184
-1
37 15248
-1
-1
33 14715
-1
31 14814
29 14599
-1
26 15129
-1
28 15003
-1
30 15027
-1
31 14612
-1
-1
-1
31 14902
35 15087
36 15154
-1
32 15171
30 14997
29 14681
30 15093
-1
-1
29 14683
29 14683
-1
-1
-1
29 15008
-1
30 15169
27 15129
27 15192
29 15298
-1
27 15129
-1
28 15127
28 14666
26 14900
-1
-1
-1
28 15176
-1
-1
-1
26 15073
-1
28 15070
-1
33 14568
-1
34 14896
31 15159
-1
33 14706
-1
33 15251
33 15251
31 15136
-1
30 15189
30 15242
-1
-1
-1
32 14592
-1
33 15034
-1
-1
-1
-1
-1
33 14952
31 15204
-1
-1
32 15089
32 15089
-1
32 15268
-1
30 14528
-1
-1
-1
31 14814
-1
33 15197
-1
-1
34 14975
-1
31 14641
-1
-1
29 14603
31 15299
-1
-1
27 15150
27 15150
-1
-1
-1
-1
-1
-1
-1
-1
-1
-1
32 15294
-1
31 15045
33 14688
-1
-1
-1
-1
34 14911
-1
34 14806
33 15193
-1
32 14613
32 14613
32 14778
30 15094
30 15094
30 15094
-1
-1
30 14378
-1
-1
-1
-1
31 15298
-1
-1
29 15021
29 15021
-1
-1
26 15279
-1
28 14797
-1
28 14797
-1
33 15033
-1
36 15083
-1
-1
-1
-1
38 14696
-1
-1
34 15261
32 15296
-1
-1
-1
-1
32 15066
-1
33 15167
-1
29 15098
29 14526
-1
29 14940
30 15136
30 15136
-1
30 15294
30 15294
-1
-1
29 14809
29 15232
-1
-1
-1
-1
-1
31 15260
-1
-1
-1
-1
-1
-1
30 14565
-1
-1
-1
31 15237
-1
31 14946
-1
-1
-1
-1
27 14813
-1
-1
-1
27 15251
-1
-1
-1
27 14992
27 14992
28 15191
29 15244
-1
-1
-1
-1
29 14970
29 14970
29 14970
27 15058
-1
-1
27 15058
-1
-1
29 14703
-1
30 15271
31 15140
31 15296
-1
32 15162
-1
30 15050
-1
-1
-1
30 15223
29 15028
-1
-1
28 14354
-1
-1
-1
-1
28 15239
28 14910
28 14910
-1
-1
-1
-1
30 15163
30 14684
30 14684
29 15300
-1
-1
-1
-1
27 15261
-1
-1
27 15261
-1
-1
28 14894
-1
-1
-1
-1
33 15056
33 15056
34 15117
-1
36 14976
-1
-1
-1
-1
-1
37 15169
-1
37 15169
-1
36 14625
-1
-1
-1
37 14998
-1
34 14462
-1
32 14940
-1
-1
30 14773
-1
32 15275
-1
-1
26 14571
26 15290
26 14835
27 14872
27 14872
-1
-1
27 15243
27 14789
-1
28 15181
-1
-1
27 14581
26 14542
26 15255
25 14690
-1
-1
-1
-1
-1
27 14851
29 15119
29 14884
29 14476
33 15054
-1
-1
34 15159
-1
39 15026
-1
-1
-1
35 15223
-1
32 15137
-1
-1
29 15039
29 15039
-1
31 15224
-1
31 15276
-1
31 14841
32 15254
30 14809
-1
-1
32 15230
-1
30 14952
30 14952
-1
-1
32 15068
-1
32 14915
-1
-1
29 14934
-1
-1
-1
28 14661
-1
-1
-1
-1
27 14994
27 14964
27 14964
-1
27 15008
26 15220
-1
-1
-1
-1
-1
28 15058
-1
28 15262
-1
-1
26 15299
-1
27 15079
-1
29 14934
30 15250
30 15250
-1
31 14435
-1
31 15300
-1
-1
-1
-1
36 15224
37 15251
37 15251
34 14774
34 15033
-1
-1
32 15029
31 15102
-1
-1
-1
-1
-1
26 15288
26 15288
26 15288
27 15034
27 15034
-1
26 14762
-1
-1
-1
26 14886
-1
-1
-1
29 14722
31 14924
33 15100
33 15100
-1
-1
-1
33 15249
33 14932
-1
31 14997
31 14997
32 15241
33 14969
-1
-1
-1
35 15292
-1
-1
34 15031
36 15232
36 15248
-1
35 15098
35 14908
-1
36 15131
-1
-1
-1
37 15220
-1
34 15252
-1
-1
28 15270
-1
-1
-1
-1
-1
-1
26 14940
26 14713
-1
-1
26 15066
-1
-1
28 14796
-1
29 15237
28 14437
-1
-1
-1
29 15288
29 15126
29 14994
29 14829
28 14855
-1
-1
29 15035
-1
30 15238
29 15099
-1
-1
29 15177
29 15177
29 15177
29 14731
-1
-1
-1
-1
32 15197
31 14527
31 14527
31 14527
31 14527
32 14860
-1
30 14902
30 14902
-1
31 14541
-1
31 14875
32 15214
-1
-1
-1
-1
-1
-1
32 15289
-1
-1
32 15217
32 15041
33 15298
-1
32 15002
32 15002
-1
35 15050
-1
36 15254
36 15254
-1
-1
36 14861
37 15299
-1
33 15270
-1
-1
-1
33 15299
-1
30 15165
-1
-1
26 14876
26 14598
-1
-1
-1
28 15260
27 14643
-1
-1
28 15118
-1
-1
-1
27 15103
-1
-1
24 14973
-1
-1
-1
25 14898
23 14500
-1
24 15077
24 15077
-1
24 15126
25 15232
-1
-1
-1
-1
-1
34 15290
-1
35 15078
-1
-1
37 14620
-1
40 15170
33 15288
33 15288
-1
-1
-1
-1
29 14971
-1
-1
29 14694
-1
-1
-1
-1
28 14817
-1
-1
-1
-1
-1
26 14515
-1
-1
27 15244
-1
29 15120
-1
-1
29 15020
-1
31 14968
32 15281
-1
-1
31 14953
30 14664
-1
-1
28 14774
28 14818
-1
-1
25 15006
25 15006
-1
26 14633
-1
-1
-1
-1
-1
-1
-1
-1
-1
-1
-1
-1
29 15203
-1
-1
-1
32 15221
-1
31 14684
-1
32 15137
32 15137
-1
-1
-1
-1
-1
32 15102
33 15235
35 15100
31 14417
-1
-1
-1
34 15277
-1
-1
33 15112
-1
-1
-1
-1
33 15291
-1
30 15046
-1
30 15024
-1
30 15029
30 14782
31 15135
31 15135
29 14909
-1
27 14912
27 14912
28 15255
-1
27 15140
-1
-1
-1
29 14950
-1
-1
-1
-1
28 14737
28 14737
-1
-1
28 15038
27 14983
-1
-1
29 14621
-1
-1
30 15175
-1
-1
-1
-1
-1
34 15291
32 14844
-1
31 14739
-1
-1
-1
-1
-1
27 14984
27 14777
27 15251
-1
-1
25 15088
-1
-1
24 14816
-1
26 14948
27 15234
-1
26 14651
26 14751
-1
-1
-1
32 15229
-1
-1
32 15103
33 15003
-1
-1
32 14982
33 15240
-1
33 14967
33 14967
31 14740
31 14740
-1
-1
29 15234
29 15234
-1
25 14740
-1
25 15062
25 15062
-1
27 15261
-1
29 15140
-1
-1
29 14779
29 14610
-1
-1
29 15047
-1
29 15207
28 15191
-1
29 14965
-1
-1
-1
32 15199
-1
-1
29 15298
-1
-1
-1
-1
28 14772
-1
-1
-1
-1
-1
-1
-1
27 14855
-1
-1
-1
-1
-1
27 15125
-1
-1
-1
-1
-1
-1
28 15198
28 15030
29 15258
-1
-1
29 14422
30 14586
-1
32 14938
-1
34 15255
34 14682
33 15176
-1
32 14719
-1
-1
-1
28 14878
26 14910
-1
29 15275
29 15263
30 14693
-1
-1
32 14969
32 14969
32 15149
31 14721
-1
-1
-1
-1
-1
28 15187
-1
-1
31 15285
-1
-1
33 15195
31 14529
31 14529
-1
30 15228
-1
30 14681
-1
-1
-1
32 15097
-1
31 15300
30 14748
-1
31 14753
-1
-1
28 14934
-1
-1
-1
-1
26 15231
-1
26 14727
27 14876
-1
-1
-1
27 14361
27 14461
28 14771
29 14872
31 15277
-1
32 14714
-1
31 15089
-1
-1
32 15231
32 15231
-1
-1
-1
26 14634
29 15191
-1
29 14683
-1
29 14683
-1
-1
30 15066
32 15069
-1
-1
-1
31 15024
-1
28 14747
-1
-1
-1
31 14925
-1
27 15184
26 14985
26 14985
-1
-1
26 15031
26 15031
-1
-1
30 14965
33 15058
-1
34 15188
-1
-1
-1
34 15288
-1
32 14858
32 14858
-1
31 14670
31 14670
31 14670
-1
32 15241
-1
-1
32 15241
29 15170
-1
29 15170
-1
-1
-1
29 15264
-1
26 15230
26 14930
-1
-1
-1
28 14650
-1
-1
-1
30 15253
-1
-1
28 15194
-1
27 15137
26 14968
26 15128
27 15229
-1
-1
-1
30 14933
-1
32 15044
-1
32 15069
-1
32 14899
32 14899
32 14899
-1
32 15217
34 15206
-1
35 15268
-1
31 15253
31 14767
31 14767
-1
33 15216
32 15016
32 15016
-1
-1
-1
26 15153
-1
-1
-1
28 15191
-1
26 15151
26 15151
26 15151
26 15151
28 15137
-1
29 14887
-1
-1
29 15153
29 15153
-1
-1
29 15272
-1
32 14662
-1
-1
-1
35 15246
-1
33 15222
-1
35 15185
-1
-1
34 15017
-1
-1
-1
-1
27 14584
-1
27 14813
-1
27 14813
-1
-1
-1
27 14705
27 14883
-1
-1
28 15153
-1
-1
23 15295
-1
-1
-1
25 15137
-1
26 14450
-1
27 15049
28 15241
-1
-1
-1
32 15285
-1
33 15297
35 15227
-1
-1
-1
33 14597
33 14597
-1
-1
34 14620
31 14740
-1
-1
31 15262
30 14681
-1
-1
30 14681
-1
29 15087
31 15198
30 15073
-1
30 15140
-1
-1
-1
32 15298
-1
-1
-1
-1
-1
-1
-1
-1
-1
27 14549
-1
-1
-1
-1
-1
30 15260
-1
-1
-1
-1
-1
31 15260
31 15260
-1
31 15260
31 15260
30 14940
30 15051
29 14760
-1
29 15274
28 14520
28 14520
29 15183
-1
-1
-1
28 14592
-1
30 14891
31 15055
32 14635
-1
34 14796
33 15060
-1
35 14708
-1
35 15284
35 15284
35 15284
-1
-1
-1
26 15112
-1
-1
27 15216
25 14632
27 15251
-1
26 14450
-1
26 14744
26 14744
26 14744
-1
27 15015
-1
-1
-1
27 14968
-1
-1
30 14875
-1
31 15033
-1
-1
-1
37 14866
38 15286
37 14715
36 15249
35 14876
35 15279
-1
34 15127
-1
-1
-1
-1
29 15148
28 14918
28 14918
-1
31 15279
29 15015
28 14390
-1
30 15282
-1
29 15024
-1
-1
-1
29 14934
29 15088
-1
-1
-1
-1
29 15145
-1
-1
25 14585
26 15108
-1
25 15016
-1
26 15267
25 14946
-1
26 15221
26 15221
-1
25 14559
25 15245
-1
-1
26 15247
-1
25 15191
25 15191
25 14788
25 15243
-1
25 14734
-1
-1
-1
31 15044
-1
-1
29 15098
27 15284
23 14750
24 15252
-1
-1
25 15285
-1
25 15268
25 14509
27 15192
27 14617
-1
-1
28 15212
28 14639
28 15027
28 15274
-1
27 14914
27 14695
29 14713
-1
-1
-1
31 15225
-1
-1
-1
-1
30 14785
-1
-1
30 14822
30 15027
-1
29 15143
-1
-1
-1
-1
-1
-1
-1
-1
-1
33 14970
-1
35 14666
-1
-1
-1
-1
-1
36 15247
-1
-1
36 15215
-1
37 15122
32 14983
33 15119
31 14552
32 15059
31 15084
-1
-1
-1
-1
32 14748
-1
-1
30 14807
-1
29 15107
27 14831
28 15227
-1
23 14669
-1
-1
-1
26 14508
25 15141
-1
23 14475
-1
-1
24 15012
-1
-1
-1
-1
25 15158
25 15158
-1
24 15038
-1
22 14824
26 15185
-1
30 15233
-1
-1
-1
-1
31 14777
-1
-1
30 15034
30 15034
-1
29 15188
29 15021
-1
-1
30 15295
30 15295
30 15295
-1
-1
-1
23 14520
25 15159
-1
26 15202
26 14833
-1
30 15214
32 14642
-1
-1
33 15128
-1
-1
-1
-1
37 15200
-1
-1
38 14341
-1
41 15125
-1
-1
-1
-1
-1
43 15265
44 15300
-1
-1
-1
41 14797
41 14797
42 15251
39 14712
39 14928
37 15250
37 15169
36 15144
-1
29 15131
-1
31 14968
-1
32 15268
28 14985
30 15272
27 15232
26 15080
-1
27 15026
-1
-1
-1
27 14800
28 14751
-1
28 14751
-1
29 15056
29 15056
30 15217
30 14457
-1
31 15245
31 15245
31 15245
-1
-1
-1
-1
-1
35 14892
35 14999
34 15274
-1
31 14926
-1
-1
-1
-1
-1
-1
-1
-1
28 15255
29 15288
-1
31 15154
31 14560
-1
-1
32 14347
-1
33 15194
33 15194
-1
-1
32 15007
32 14522
33 15235
-1
-1
34 15277
33 14718
-1
-1
31 14979
-1
-1
30 14799
-1
-1
-1
30 15251
-1
31 15064
-1
-1
32 15025
29 15125
-1
-1
-1
28 14968
-1
-1
30 15261
28 15182
-1
24 15002
-1
27 15175
-1
28 14734
-1
27 14983
27 14983
-1
26 14637
-1
-1
-1
-1
33 15225
33 15225
-1
33 15225
32 14709
-1
-1
-1
-1
-1
35 14960
-1
34 14993
-1
-1
-1
36 15195
30 15133
-1
-1
29 15101
29 15101
-1
-1
29 14834
-1
-1
-1
29 14511
31 14476
-1
31 14999
-1
-1
-1
-1
-1
-1
26 14854
25 15297
25 14911
-1
26 15162
-1
-1
27 14668
27 14668
-1
30 15006
-1
-1
34 15244
35 15070
35 15070
35 15050
35 15077
34 15020
34 15020
-1
32 15120
33 15186
-1
-1
-1
31 14788
-1
-1
-1
-1
29 15223
29 15223
-1
28 14815
-1
-1
-1
-1
-1
-1
-1
-1
29 14523
29 15065
-1
29 14821
30 15175
-1
31 15144
30 14675
-1
31 15100
-1
26 15185
-1
-1
-1
27 14948
-1
27 14948
27 14439
28 15191
-1
28 15254
-1
28 15076
27 14513
-1
25 15255
25 15255
-1
26 14872
26 14838
26 15182
-1
-1
-1
27 15223
27 15268
-1
-1
26 14610
-1
-1
26 15275
-1
-1
-1
-1
-1
-1
-1
30 14856
-1
29 15201
29 14887
-1
-1
31 15118
31 15118
31 15118
31 15118
-1
32 14514
32 14514
-1
-1
-1
-1
29 14951
-1
-1
31 15189
-1
31 14959
-1
29 14692
-1
-1
29 15130
29 15127
-1
26 14843
-1
-1
-1
-1
32 15151
32 14637
32 14637
-1
34 15176
32 15296
-1
-1
-1
35 15294
-1
-1
-1
38 14854
37 15182
34 14628
35 15261
32 15137
31 15005
-1
25 15249
-1
26 15269
-1
28 14904
-1
29 15102
-1
-1
-1
-1
-1
26 14895
-1
29 15066
29 15066
29 15066
29 15066
-1
29 15066
-1
29 15066
-1
-1
32 14441
33 15161
-1
-1
34 15170
-1
-1
-1
33 15142
-1
-1
31 15297
-1
30 15089
-1
28 14736
-1
-1
30 14543
-1
32 15074
33 15257
31 14544
33 14591
-1
-1
-1
-1
30 14559
31 14962
31 14512
-1
-1
32 15085
-1
-1
-1
-1
32 15088
32 15088
-1
30 15179
-1
-1
-1
-1
-1
31 14986
-1
30 15236
-1
-1
-1
30 15175
-1
-1
-1
-1
-1
33 15180
33 15180
33 15104
33 15270
30 14930
31 15240
30 14618
-1
31 15125
31 15207
-1
-1
32 15153
-1
-1
-1
-1
30 14696
26 14950
26 14950
-1
-1
-1
25 14480
-1
-1
26 14727
-1
26 14589
-1
-1
26 14461
-1
-1
-1
27 14911
-1
-1
-1
28 14976
28 15196
26 14858
-1
-1
-1
-1
-1
29 14619
-1
33 15206
-1
33 15228
-1
34 14986
-1
37 14994
37 14994
37 15056
37 15056
-1
-1
-1
-1
33 14910
-1
28 14549
-1
28 14611
28 14611
-1
29 15163
-1
-1
28 14682
-1
-1
27 14608
-1
-1
-1
-1
26 14663
-1
27 14647
-1
27 14666
-1
-1
28 15149
28 14927
29 15117
-1
-1
31 15285
30 15280
-1
-1
-1
-1
32 15164
32 15164
-1
-1
-1
-1
31 15280
27 14616
-1
27 14460
-1
28 14748
28 15157
27 14561
28 15089
-1
-1
26 15011
-1
-1
-1
-1
29 14701
29 14701
29 15067
31 15009
28 14962
-1
29 15174
29 14952
29 15008
30 15267
30 15267
-1
-1
37 15153
36 14843
37 15052
37 15052
37 14454
-1
-1
34 14998
36 15080
34 14424
36 14629
-1
-1
-1
-1
37 15189
-1
-1
-1
34 15001
-1
-1
36 15184
34 15153
-1
34 15153
32 14783
-1
30 15227
30 15080
30 15080
-1
-1
-1
27 14913
27 14913
28 15171
-1
28 15011
-1
27 14547
27 15088
27 14845
-1
-1
-1
-1
-1
27 15022
-1
-1
27 15272
-1
-1
-1
26 14535
-1
-1
-1
-1
25 15173
25 15123
26 15040
-1
26 15040
-1
26 14935
27 15225
-1
-1
-1
30 15215
29 15131
-1
-1
-1
31 14448
35 15132
35 14379
-1
-1
36 14426
-1
40 14993
40 14993
-1
-1
-1
35 14730
-1
36 15181
36 15181
-1
36 15181
-1
31 15226
-1
-1
-1
30 15034
30 15242
30 14461
30 14461
32 15211
30 15297
-1
31 15187
31 15187
-1
-1
29 15273
30 15209
-1
30 15209
-1
28 14473
-1
-1
28 15056
30 14973
31 14973
-1
-1
-1
-1
-1
33 15194
-1
38 15257
38 14743
-1
-1
-1
-1
-1
42 15028
43 15220
37 14991
-1
-1
-1
-1
-1
33 15286
-1
32 15039
-1
-1
-1
30 15004
30 15004
-1
-1
28 14978
28 14978
28 14828
28 14828
-1
29 14509
-1
-1
-1
31 14842
-1
-1
-1
31 15283
-1
-1
-1
-1
-1
-1
-1
-1
31 14958
-1
-1
-1
30 15065
30 14972
29 14906
26 14815
26 15090
-1
-1
23 14916
-1
-1
25 15107
26 15041
-1
28 15025
-1
-1
-1
-1
29 15088
29 14972
-1
30 14526
-1
31 14482
31 14752
-1
-1
33 15137
-1
-1
-1
37 14913
37 14913
-1
-1
39 15242
-1
-1
-1
35 15154
-1
35 15154
-1
-1
-1
-1
36 15297
-1
-1
29 15085
-1
-1
-1
-1
-1
-1
-1
-1
36 15235
-1
37 14979
38 15229
-1
-1
-1
-1
-1
-1
-1
-1
36 14941
-1
-1
33 15273
-1
-1
28 14922
28 14922
-1
-1
-1
31 15129
30 15160
30 15160
-1
28 15279
-1
-1
-1
28 14704
-1
29 15246
-1
28 14717
-1
28 14717
28 14742
-1
27 15255
-1
-1
-1
26 15003
27 14649
-1
-1
30 15200
31 15121
-1
27 14649
26 14714
-1
27 14811
-1
30 15281
-1
31 15021
32 14761
-1
-1
31 14815
-1
-1
32 14652
-1
34 14892
34 14892
34 14892
-1
36 15139
-1
35 15225
-1
-1
-1
-1
32 15050
-1
29 14948
26 15004
25 14800
25 14800
25 14434
25 14434
-1
27 15244
-1
-1
-1
-1
29 15298
-1
29 15298
-1
-1
-1
-1
32 15100
-1
-1
-1
-1
-1
30 15091
-1
29 15171
29 15171
29 15171
29 15171
27 15215
27 15215
-1
-1
-1
-1
-1
-1
-1
-1
33 15187
33 15005
-1
-1
-1
34 14904
34 14904
-1
33 14682
33 14682
-1
-1
30 15192
-1
29 14748
-1
29 14825
30 14671
-1
-1
31 14854
-1
30 14851
-1
-1
-1
-1
30 15091
-1
28 14835
-1
-1
-1
28 15260
-1
-1
-1
-1
-1
28 15106
-1
30 14895
-1
-1
31 14768
-1
32 15078
-1
32 14818
32 14818
32 14961
32 14961
-1
32 14521
33 15206
-1
-1
34 14912
-1
34 15242
32 14659
30 14609
30 14609
-1
29 15194
-1
-1
-1
-1
27 14477
-1
28 15249
-1
-1
-1
-1
-1
-1
-1
-1
-1
-1
-1
-1
30 15263
-1
30 15263
-1
-1
-1
-1
-1
25 14959
-1
-1
31 15282
33 15202
33 15202
-1
31 14630
31 15286
30 14841
30 14643
-1
30 14712
-1
27 14416
-1
-1
29 14874
30 14994
-1
30 14994
-1
30 14994
-1
-1
29 14994
29 15051
30 15249
-1
-1
29 15269
-1
-1
-1
-1
-1
-1
31 15217
-1
32 15000
-1
-1
-1
-1
32 15292
33 15175
33 15175
-1
-1
37 14957
37 15169
-1
-1
34 14985
32 14896
-1
-1
33 15086
33 15086
33 15135
-1
33 15009
-1
-1
-1
28 15115
-1
28 15086
-1
31 14663
31 15222
-1
30 14724
-1
32 14871
-1
-1
-1
-1
34 14624
-1
36 15183
-1
36 14911
-1
-1
32 14559
32 14559
-1
-1
-1
32 15250
-1
30 15161
29 15026
-1
29 15086
-1
28 14824
-1
-1
-1
26 15217
26 15217
26 15217
26 15217
-1
26 14879
26 15048
28 14950
29 14498
-1
-1
-1
-1
30 14994
-1
32 15208
32 15208
-1
-1
-1
32 14887
-1
-1
-1
28 14564
28 14564
29 14912
-1
-1
29 15287
26 14463
27 15201
27 15201
24 14809
-1
-1
24 14516
-1
-1
25 14500
25 14500
-1
25 14500
-1
28 15277
26 14765
-1
27 15243
-1
-1
25 14882
-1
-1
26 14374
-1
-1
30 15300
32 15130
35 15279
-1
36 15134
-1
40 15141
39 14908
39 14908
-1
37 15135
-1
36 14818
-1
31 15184
30 14933
31 14928
-1
31 14928
-1
35 15273
-1
35 15065
35 15065
36 15237
-1
-1
-1
34 14417
39 15037
39 15218
39 15130
-1
38 15297
36 14467
35 15129
-1
-1
-1
27 15270
26 14575
26 14575
28 15178
-1
-1
27 14856
27 15087
28 15144
-1
-1
-1
30 15071
30 15071
-1
-1
30 14504
-1
-1
30 14515
31 15221
28 14516
-1
-1
28 15268
28 14690
29 15094
-1
-1
-1
-1
-1
-1
28 15074
-1
-1
-1
-1
-1
29 14589
29 14589
-1
-1
30 15090
-1
-1
32 14887
31 14933
31 14933
31 14933
32 15255
-1
-1
-1
-1
-1
28 14890
29 14741
29 14741
31 14906
-1
-1
-1
32 14881
-1
34 14512
-1
34 15229
33 14916
31 14962
31 14962
-1
-1
-1
-1
25 15243
-1
27 14430
-1
28 15174
28 15049
28 15256
-1
25 15005
26 15226
26 14531
-1
-1
30 14840
30 14358
-1
-1
31 14854
-1
29 15190
27 14996
-1
-1
-1
-1
-1
-1
27 14783
-1
29 15189
29 15189
29 15189
-1
28 14805
-1
31 14997
-1
-1
-1
32 14942
33 15004
33 15004
-1
30 14883
29 14326
-1
27 15015
-1
-1
28 15281
-1
-1
-1
-1
-1
31 15044
-1
-1
31 14806
33 14517
-1
35 15187
35 15187
-1
-1
-1
-1
-1
-1
35 15298
-1
-1
34 14821
34 14821
35 15261
-1
-1
-1
34 15268
-1
-1
-1
30 14507
-1
-1
31 14850
-1
32 15085
33 15229
-1
-1
-1
-1
-1
-1
35 15113
-1
34 15263
-1
-1
-1
-1
35 14891
-1
33 15289
-1
-1
-1
32 14982
30 14989
30 15087
-1
31 15079
-1
28 14639
29 14972
30 15267
-1
-1
31 15041
30 15276
-1
-1
-1
-1
32 14956
33 15218
33 15227
-1
29 14835
28 15238
27 15035
-1
27 15035
28 15194
-1
27 14752
-1
-1
-1
-1
29 14987
-1
-1
-1
-1
-1
-1
-1
-1
31 14584
-1
31 14701
33 15004
-1
-1
-1
28 14693
28 15291
26 14676
28 15039
-1
29 14413
-1
-1
30 15016
28 15292
-1
29 14785
-1
-1
-1
29 14524
29 14524
29 14524
27 15185
27 14794
-1
-1
-1
-1
-1
27 14991
-1
-1
29 14713
-1
29 14713
-1
29 14713
32 15228
34 15156
-1
-1
34 14976
-1
34 15234
-1
-1
-1
26 15282
25 14675
-1
26 15263
-1
26 14489
-1
26 14489
28 15260
-1
28 15260
-1
27 14678
27 15064
-1
27 14608
-1
-1
-1
-1
-1
27 15175
-1
26 14998
-1
-1
-1
28 14434
28 14589
28 14589
-1
27 15203
-1
26 15265
-1
28 15126
-1
-1
28 14894
28 14894
28 14768
-1
28 14768
-1
28 15268
28 14869
-1
29 15151
32 15120
-1
32 15125
32 15125
-1
-1
-1
-1
-1
37 15236
35 15185
33 14679
-1
-1
30 14423
-1
-1
-1
-1
-1
-1
30 15047
-1
-1
-1
-1
-1
31 15139
28 14782
-1
29 15084
28 15198
28 15198
-1
-1
-1
-1
-1
28 14602
29 14759
31 14733
-1
31 14733
31 14733
31 14733
32 15209
-1
30 14820
30 15141
30 15180
29 15006
-1
30 14895
30 15281
30 14700
-1
-1
-1
-1
-1
32 14838
-1
31 14931
-1
-1
33 14941
-1
-1
-1
36 15248
-1
-1
30 14947
-1
29 14474
-1
30 15269
-1
29 14835
-1
30 15045
-1
-1
-1
-1
28 15065
-1
-1
30 15096
30 15096
30 15096
-1
30 15224
29 15008
30 15178
-1
-1
-1
-1
-1
-1
-1
30 15089
30 15127
30 15127
-1
30 15127
-1
-1
-1
28 15299
-1
-1
-1
27 15114
27 15114
-1
-1
-1
27 15260
-1
-1
27 15243
-1
-1
-1
30 15079
30 14635
30 14635
-1
32 14973
-1
-1
-1
-1
34 14796
-1
33 14612
-1
-1
34 14847
-1
-1
31 14454
30 14457
32 15284
32 15284
-1
-1
-1
-1
-1
-1
-1
-1
23 14688
24 15085
-1
25 15252
-1
23 14809
24 14523
24 14523
-1
23 14390
-1
-1
26 15206
26 15206
-1
31 14977
-1
32 14692
30 14810
32 15073
-1
32 15083
32 15045
-1
32 15149
-1
-1
35 15047
-1
34 14636
-1
35 14877
-1
31 15229
31 15229
-1
-1
-1
32 14959
32 14959
28 14728
-1
-1
-1
-1
32 15260
-1
27 15225
27 15225
-1
-1
-1
28 15169
-1
-1
-1
-1
-1
29 15290
-1
-1
-1
-1
-1
-1
29 15270
27 15250
-1
-1
-1
-1
-1
-1
30 14959
30 14959
28 14657
-1
28 15236
-1
25 15243
-1
25 15145
25 14633
-1
-1
28 15147
28 15081
27 14952
-1
-1
31 15187
-1
-1
-1
30 14850
-1
-1
29 15180
28 15198
-1
29 15041
29 15169
29 14824
-1
32 14732
29 15032
-1
32 15280
-1
-1
31 14886
32 14923
33 15223
32 14948
-1
-1
-1
31 14485
-1
31 14411
-1
35 14947
-1
-1
-1
-1
-1
-1
-1
31 14802
-1
-1
31 15061
-1
-1
29 15094
-1
29 15218
27 14985
-1
-1
22 15219
-1
25 14712
-1
26 14568
29 15105
29 15101
29 15101
29 15101
-1
29 15116
-1
-1
-1
26 14599
-1
27 15066
-1
-1
-1
29 15168
31 14393
31 14393
33 14914
-1
-1
-1
35 15177
35 15177
38 15192
-1
-1
39 14897
39 14897
39 14897
-1
-1
-1
-1
41 15081
41 15278
42 15292
29 14839
29 14839
29 15031
30 15126
32 15161
-1
-1
-1
27 15171
-1
31 15232
-1
31 15269
34 15158
-1
33 14654
-1
34 14699
34 14699
32 15092
28 14472
29 15271
-1
29 14903
-1
-1
24 15276
-1
-1
-1
-1
26 15254
-1
-1
29 15177
29 15177
-1
-1
-1
28 14747
-1
-1
29 15055
-1
-1
28 15044
-1
-1
-1
-1
-1
-1
-1
29 15097
-1
-1
-1
31 15026
-1
-1
-1
-1
30 14890
-1
-1
31 15027
31 15144
-1
-1
-1
-1
-1
-1
33 15090
31 15079
-1
-1
24 15264
24 15127
-1
-1
-1
-1
29 14952
29 14952
33 14775
-1
-1
36 14806
36 14806
36 14806
-1
-1
37 15211
37 15211
35 14966
35 15225
-1
32 15141
-1
-1
33 15277
-1
32 14908
29 15230
-1
-1
-1
-1
24 15229
-1
-1
-1
-1
25 14887
25 14887
-1
-1
-1
-1
-1
-1
-1
32 15202
-1
31 15022
31 15022
31 15022
31 15022
-1
-1
-1
-1
-1
-1
-1
26 14579
27 14541
-1
27 14541
-1
-1
31 14736
30 15290
30 15290
26 15274
-1
26 14811
-1
25 15223
-1
-1
29 15044
30 14653
30 14653
-1
-1
-1
-1
32 14504
-1
32 15245
-1
33 15111
-1
31 15272
27 14780
29 15201
-1
-1
-1
-1
30 14578
31 14909
31 14487
31 14991
-1
-1
29 15116
-1
30 14833
26 15230
-1
27 15246
-1
-1
-1
-1
29 15268
-1
30 14488
31 14740
-1
-1
-1
-1
33 15227
-1
-1
-1
-1
-1
34 15162
-1
-1
-1
-1
34 15260
-1
26 15271
-1
-1
26 14968
25 14656
27 15291
-1
28 15000
-1
29 15159
-1
29 15222
28 14799
-1
-1
23 15164
-1
24 15066
-1
-1
-1
-1
-1
-1
-1
-1
-1
28 15173
30 15232
30 15232
30 15232
-1
-1
-1
-1
-1
31 15189
-1
-1
-1
-1
-1
-1
-1
-1
32 15291
31 15019
-1
-1
-1
30 15148
-1
-1
29 15207
25 15264
-1
-1
-1
25 14726
-1
31 15075
31 14594
-1
32 15244
33 14811
33 15248
33 14714
-1
33 15130
32 15041
-1
-1
28 15133
28 14642
28 15073
25 14959
25 15156
-1
24 14847
24 15189
-1
24 15189
-1
-1
25 14878
-1
-1
27 15270
-1
-1
-1
28 15003
30 15272
29 14565
33 15009
-1
-1
-1
-1
-1
-1
-1
34 15106
-1
-1
34 14638
-1
-1
32 14636
32 14636
-1
-1
30 14963
-1
-1
32 15207
32 15190
-1
29 14863
31 15186
32 14988
31 14858
31 14860
31 14860
-1
33 15193
-1
33 14984
31 14965
-1
-1
33 15129
33 15231
33 14815
-1
-1
33 15278
-1
-1
31 15212
-1
-1
-1
-1
30 15240
29 15136
-1
-1
28 14735
28 14907
-1
28 15207
-1
-1
-1
27 15148
-1
-1
-1
-1
-1
-1
29 15232
31 15165
-1
31 14938
31 14494
32 15015
-1
33 15255
-1
-1
32 14388
-1
-1
-1
-1
31 14860
-1
-1
-1
-1
30 14696
30 14741
31 15122
30 15255
30 15255
-1
-1
-1
-1
29 15293
-1
30 15299
30 14867
-1
-1
-1
-1
-1
34 14662
-1
-1
-1
-1
35 14795
29 14682
-1
-1
25 15055
-1
25 15055
-1
-1
25 14526
27 15131
27 15050
-1
-1
-1
-1
26 14638
-1
-1
-1
29 15280
29 15280
29 15280
-1
31 15189
31 15189
-1
-1
32 14927
32 14927
-1
34 15265
-1
34 14561
-1
-1
-1
-1
31 15249
31 15249
31 14980
-1
33 14885
-1
-1
33 15216
-1
31 15157
-1
29 15263
29 15263
-1
-1
25 14890
26 15168
-1
-1
25 14662
26 15233
-1
26 14604
-1
25 14355
-1
-1
-1
-1
29 14553
28 14713
-1
30 14878
-1
29 14372
-1
-1
-1
-1
-1
31 15256
-1
30 14929
-1
28 14400
-1
27 15004
27 15004
27 14850
-1
-1
-1
24 14932
-1
-1
25 15292
23 14515
-1
-1
-1
25 14413
-1
-1
-1
-1
26 14768
-1
26 14717
29 15206
-1
30 14971
-1
31 15009
-1
31 14820
-1
-1
33 14569
-1
31 15107
-1
30 14753
30 14732
-1
30 15015
-1
-1
28 14401
28 14401
-1
31 14961
-1
-1
30 15254
32 14812
32 14803
-1
33 15260
-1
-1
33 14833
-1
35 15146
-1
-1
35 15162
35 14515
36 15171
-1
-1
-1
-1
-1
-1
-1
-1
39 14981
41 14956
41 14956
-1
-1
-1
-1
41 15173
-1
-1
-1
-1
-1
41 14875
-1
40 14928
41 15152
-1
-1
-1
-1
-1
-1
-1
-1
-1
-1
-1
-1
31 15297
-1
29 15125
29 15278
-1
30 15067
30 15067
28 15012
-1
-1
-1
28 15201
28 15054
28 15054
28 15054
28 15054
-1
25 15290
-1
-1
25 14539
25 14918
25 14918
-1
-1
26 14441
-1
-1
29 15213
-1
34 15114
36 15288
35 14961
35 14961
-1
36 14719
-1
38 15249
37 14901
32 15294
32 15294
32 14979
-1
31 15168
-1
25 14850
24 14614
-1
25 15071
-1
26 15041
-1
-1
26 14626
-1
-1
-1
26 15286
27 15030
29 15241
29 15241
29 14517
-1
30 14920
-1
-1
-1
-1
-1
31 15217
29 15096
-1
25 15240
-1
23 14415
-1
-1
-1
23 14415
24 15232
-1
-1
23 14942
23 14662
-1
-1
27 15221
-1
28 15169
-1
-1
-1
-1
-1
29 15233
-1
-1
-1
-1
-1
-1
-1
-1
33 15241
-1
33 15241
-1
-1
-1
-1
32 14865
-1
34 14988
-1
-1
-1
-1
31 14604
-1
32 15157
-1
-1
-1
-1
-1
-1
37 14478
-1
-1
-1
-1
39 14893
38 15107
-1
-1
-1
-1
29 14919
-1
-1
-1
27 14577
27 14923
-1
29 15286
-1
-1
30 15226
-1
-1
30 14848
-1
32 15138
-1
-1
-1
-1
-1
31 15114
31 14897
-1
-1
-1
-1
29 15009
-1
-1
-1
-1
-1
-1
-1
32 15297
32 15202
-1
32 15041
-1
-1
-1
32 15081
-1
29 14746
-1
-1
23 14961
-1
26 14962
26 15253
-1
-1
-1
26 14806
-1
25 14739
-1
-1
30 14615
-1
30 14688
-1
-1
-1
32 14709
-1
33 15169
31 14446
-1
32 15073
-1
31 14989
31 14989
31 14989
-1
-1
-1
32 14974
-1
-1
-1
32 14548
32 14548
31 15213
-1
-1
-1
31 15286
28 14971
30 15086
-1
-1
-1
28 14783
28 14783
29 15287
-1
-1
30 14779
30 14896
-1
29 14411
28 15027
-1
26 14894
-1
-1
-1
-1
-1
-1
-1
29 15036
-1
-1
30 14980
-1
-1
-1
-1
-1
-1
33 14618
-1
35 15195
35 15195
34 14749
-1
33 14750
33 14750
-1
34 14947
-1
35 15238
35 15238
35 15238
-1
-1
32 15133
30 15050
-1
28 14953
28 15223
28 15223
-1
-1
26 14778
-1
25 15211
-1
25 15062
-1
-1
25 15258
26 14971
27 15218
-1
-1
-1
34 15270
36 14936
-1
-1
37 14677
36 15282
36 14895
-1
-1
35 15135
-1
-1
-1
31 14991
30 14786
-1
-1
23 15180
-1
25 15159
-1
-1
-1
-1
31 15176
-1
31 15176
-1
31 15176
31 15076
-1
32 15269
-1
-1
32 14817
32 14817
-1
32 14817
32 15119
-1
-1
34 15060
-1
34 14533
35 14775
36 15144
36 15144
-1
-1
25 14444
-1
26 15211
25 14705
-1
-1
-1
27 15126
27 14531
28 14599
-1
-1
31 14946
32 14994
-1
34 15216
35 15175
-1
35 14902
-1
37 15016
37 15130
36 15008
34 15244
32 14860
32 14860
-1
-1
-1
32 15267
-1
-1
-1
-1
-1
-1
27 15281
-1
26 15233
-1
23 14774
23 15273
-1
22 15098
22 15098
23 15297
-1
23 15178
-1
-1
-1
-1
-1
25 14571
-1
-1
25 14541
-1
25 15059
25 15298
-1
-1
25 14754
-1
-1
26 14635
-1
-1
29 15202
-1
-1
29 14829
29 14829
-1
-1
-1
29 14705
-1
30 15087
30 15087
30 15087
30 15087
-1
-1
-1
-1
-1
-1
-1
28 14967
28 14967
27 14464
27 14464
-1
-1
-1
-1
-1
31 14716
35 15095
-1
-1
-1
-1
-1
35 15048
-1
38 15138
-1
-1
-1
28 14733
28 14733
-1
-1
-1
-1
-1
29 15231
29 14798
-1
-1
-1
34 14947
32 15165
-1
32 14932
32 14932
32 15206
31 15153
-1
-1
30 15299
-1
-1
24 15239
-1
26 15116
-1
-1
-1
28 14869
29 14902
30 14554
30 15276
-1
30 15286
-1
-1
31 15073
31 15073
-1
30 14545
-1
-1
-1
-1
33 14990
32 14889
32 14889
32 15041
30 15012
-1
-1
-1
-1
33 15195
-1
-1
-1
32 14701
-1
-1
29 15190
-1
-1
30 15227
-1
30 15042
30 15042
-1
31 15102
-1
31 15102
31 14877
-1
-1
30 14948
30 14948
-1
-1
-1
27 14566
-1
-1
-1
-1
-1
-1
-1
-1
-1
29 15267
-1
-1
-1
30 14638
-1
-1
-1
-1
-1
-1
-1
-1
32 15292
32 15292
-1
-1
31 14890
-1
-1
-1
-1
-1
-1
-1
30 15285
-1
-1
30 15116
-1
-1
31 14911
32 14943
-1
-1
-1
-1
-1
-1
32 15271
-1
-1
32 15248
31 15036
30 14943
-1
29 14955
-1
25 15124
27 15133
-1
-1
26 15146
-1
-1
-1
30 14832
30 14832
-1
32 15276
32 14945
33 15036
-1
-1
-1
-1
-1
33 15246
-1
-1
-1
35 15291
31 15017
31 14941
-1
-1
36 15102
-1
35 14892
-1
32 14988
32 14988
31 15113
-1
31 14906
31 14740
28 15084
29 15205
-1
-1
26 15297
-1
26 15129
-1
-1
-1
27 15172
29 15286
29 15106
-1
29 14727
-1
-1
29 14797
-1
-1
-1
28 15035
-1
-1
-1
-1
29 14374
30 15152
-1
-1
-1
-1
-1
27 15095
-1
28 15124
-1
28 15283
-1
26 15034
26 15244
-1
26 15244
-1
-1
-1
-1
27 14811
27 14811
28 14977
-1
-1
-1
-1
30 14720
-1
-1
30 14564
-1
31 14548
31 14548
32 14509
29 14872
25 14700
-1
-1
27 15117
27 15156
-1
30 15072
-1
33 15012
-1
33 14786
31 14592
31 14592
-1
-1
30 15067
-1
-1
-1
32 14823
31 14436
-1
-1
-1
-1
28 14894
-1
-1
-1
-1
-1
-1
-1
-1
27 14999
-1
-1
26 14796
-1
26 14799
30 15002
30 14823
-1
-1
-1
-1
-1
-1
-1
-1
-1
-1
-1
29 15218
29 14961
29 15178
29 14900
-1
-1
-1
37 15277
39 15270
-1
-1
40 14380
42 14483
-1
-1
-1
45 15205
-1
-1
-1
-1
44 15155
45 15073
45 15073
-1
47 15280
-1
-1
42 14899
42 15066
-1
35 15253
32 15024
29 14977
-1
27 15266
-1
-1
28 14642
-1
29 14757
28 14789
-1
-1
26 15299
-1
-1
-1
-1
26 15144
28 14993
28 14993
-1
-1
31 15190
32 15033
30 14819
30 14819
32 15105
32 15105
-1
-1
-1
-1
-1
31 15278
-1
-1
31 15185
32 15235
-1
-1
-1
-1
-1
-1
-1
31 15252
29 14760
-1
-1
-1
-1
-1
32 14660
-1
-1
-1
-1
-1
31 15209
-1
-1
30 15244
29 14885
30 15258
-1
-1
28 15147
27 15275
28 15128
-1
28 14534
30 14927
-1
30 14971
-1
-1
30 15020
-1
-1
33 14766
33 15228
-1
33 15052
33 14548
-1
-1
-1
-1
-1
-1
33 14909
-1
31 15095
-1
-1
-1
30 14971
-1
28 14852
-1
-1
26 14496
-1
-1
-1
-1
-1
-1
26 15184
24 15254
-1
24 15254
24 15276
24 15002
24 15142
24 14719
24 14674
-1
-1
-1
28 14373
-1
29 14858
-1
32 14643
-1
35 15221
-1
35 15002
-1
35 15241
37 15279
36 15225
32 15048
-1
32 15001
-1
-1
33 15254
-1
32 15088
32 15088
-1
-1
-1
-1
-1
-1
29 15043
30 15132
30 15132
-1
-1
31 14857
31 14857
-1
-1
31 15112
-1
31 15136
31 14931
-1
27 14905
-1
29 14637
-1
-1
32 14821
-1
32 14975
-1
-1
34 15089
35 15087
-1
-1
32 14949
-1
31 14849
31 14849
-1
-1
-1
-1
29 14703
-1
26 14827
-1
-1
28 15158
-1
26 14478
-1
-1
-1
-1
-1
-1
31 15264
-1
-1
31 15087
31 15087
-1
-1
25 14660
-1
-1
-1
-1
29 15005
29 15097
29 14754
-1
27 14472
-1
26 14884
-1
-1
30 14503
-1
-1
32 15229
34 14957
-1
-1
34 14835
34 14835
-1
33 15181
33 14717
-1
34 14406
-1
35 14666
-1
30 15245
-1
-1
-1
29 14976
30 14459
-1
31 15041
-1
-1
33 15290
34 15210
-1
34 15298
34 15093
-1
-1
34 14985
34 14985
-1
-1
35 15273
-1
-1
-1
30 15224
-1
-1
-1
-1
28 15150
-1
-1
27 15265
-1
27 14775
-1
26 14470
-1
27 15020
27 15076
-1
27 15076
27 15199
26 14743
27 14733
30 15273
-1
-1
-1
-1
-1
-1
32 14474
-1
-1
-1
33 15198
30 14996
-1
-1
-1
32 15129
-1
-1
32 14744
32 14499
-1
-1
36 14848
37 15295
-1
-1
-1
-1
-1
-1
-1
-1
30 15285
-1
-1
29 15169
29 14823
31 14755
31 14942
-1
27 15115
-1
25 15182
-1
-1
26 14792
-1
-1
-1
-1
28 15043
26 14811
-1
-1
-1
-1
26 15134
-1
-1
-1
-1
-1
25 15164
26 14639
-1
26 15026
27 15043
27 15158
-1
-1
27 15280
-1
-1
27 15083
27 15083
27 15083
27 15281
-1
28 15089
-1
-1
-1
-1
-1
-1
26 14543
-1
27 15199
-1
-1
28 14737
-1
-1
-1
29 15056
-1
29 15181
-1
-1
-1
-1
30 15078
-1
31 14663
-1
32 14955
32 15299
-1
31 14836
31 14836
-1
32 15169
32 15169
-1
-1
29 15036
-1
-1
-1
-1
-1
-1
-1
28 15033
-1
-1
-1
30 15205
30 14640
-1
-1
32 15285
-1
31 14749
31 14749
-1
31 14715
-1
27 14976
-1
-1
37 14967
38 15140
39 14951
-1
-1
-1
38 14540
-1
-1
-1
-1
-1
41 15295
-1
40 15233
-1
-1
-1
39 15276
-1
38 15226
-1
-1
-1
37 15264
-1
-1
35 15015
-1
-1
-1
36 14839
-1
-1
-1
31 15017
33 15256
35 15281
33 15019
32 15209
32 15209
32 15209
-1
-1
30 15213
-1
-1
30 14897
-1
-1
29 14771
30 15268
30 15020
-1
-1
-1
26 15237
-1
25 15276
-1
25 14813
28 14831
29 15265
-1
-1
33 14582
33 14582
-1
36 15235
36 15235
34 14994
35 14371
36 15236
30 15066
-1
-1
30 15258
-1
-1
-1
-1
-1
-1
-1
29 15250
28 14772
-1
-1
-1
-1
29 14579
-1
-1
-1
-1
31 15126
-1
-1
-1
-1
33 15201
-1
-1
32 14923
-1
-1
29 15002
29 15002
29 14961
28 14372
-1
-1
28 15250
28 15250
28 15097
29 15166
-1
28 15224
26 14540
-1
-1
-1
-1
-1
-1
-1
-1
-1
24 15232
24 15232
24 14940
24 14940
24 14940
-1
-1
25 15223
-1
-1
25 15112
27 14566
-1
-1
-1
-1
-1
-1
30 14434
-1
-1
-1
-1
31 14917
-1
27 15130
-1
-1
-1
-1
29 14368
-1
32 15290
-1
34 15230
-1
35 15069
-1
35 15058
-1
35 14615
-1
35 15012
-1
-1
30 14638
33 14919
-1
-1
-1
-1
-1
-1
-1
29 15274
-1
27 14802
25 14781
25 14781
-1
27 15293
27 15293
27 15293
27 14751
-1
-1
28 14730
29 15073
-1
29 14836
-1
-1
30 14905
32 15169
-1
-1
-1
-1
-1
25 14704
-1
-1
-1
-1
29 15129
-1
-1
30 14995
-1
27 15036
-1
-1
-1
28 15295
26 15034
-1
26 15050
26 15050
25 14555
-1
27 14852
-1
27 14692
30 15166
-1
30 15014
30 15014
-1
30 14697
30 14595
-1
-1
-1
-1
32 15123
-1
32 14508
32 14594
32 14653
-1
32 15094
-1
31 14759
-1
-1
32 15234
32 15295
-1
-1
30 15170
30 15152
29 14759
29 14759
-1
-1
32 15234
-1
28 15038
-1
-1
26 15224
26 15224
26 15224
24 15232
23 14434
-1
-1
26 15150
-1
-1
-1
-1
-1
24 15219
26 14862
-1
-1
24 15113
24 15113
25 15078
24 14981
-1
-1
-1
-1
31 14838
33 15108
33 15108
-1
35 14597
-1
36 14748
-1
36 14748
29 14496
-1
-1
33 15160
-1
-1
33 15242
27 14581
-1
-1
-1
26 14983
25 14833
-1
27 15002
-1
29 15292
29 14701
-1
-1
-1
-1
-1
31 15232
-1
-1
-1
-1
-1
-1
-1
34 14462
-1
-1
33 15300
-1
-1
32 14964
-1
-1
-1
-1
-1
29 14780
30 15090
-1
20 15116
20 15116
-1
20 15209
20 15209
-1
-1
-1
-1
-1
-1
26 15120
-1
-1
-1
29 14991
30 14983
-1
-1
30 14562
-1
-1
32 15251
-1
32 14788
-1
36 14643
-1
-1
-1
38 14886
38 15002
38 15002
-1
-1
-1
-1
-1
-1
37 15221
37 15221
-1
-1
26 14907
26 15153
27 15294
-1
-1
27 15164
27 14942
25 14728
-1
-1
24 15260
-1
-1
-1
-1
-1
25 15204
25 14656
-1
27 14740
29 15199
29 15199
29 15199
-1
-1
-1
30 14793
30 14793
-1
32 15184
-1
35 15215
34 14946
-1
36 15010
-1
-1
-1
-1
-1
34 15052
35 15126
-1
-1
-1
30 15247
-1
-1
30 15247
-1
31 14986
-1
-1
-1
-1
31 15129
-1
30 14579
29 15000
-1
29 15293
-1
-1
-1
-1
-1
30 14836
-1
-1
33 15163
33 15163
-1
33 14839
33 14839
33 14839
33 14839
-1
-1
36 14870
36 14870
32 14835
-1
33 15039
31 15080
-1
31 15021
27 15222
26 14388
-1
-1
-1
29 15026
30 14980
30 14980
-1
-1
27 14558
28 14739
-1
28 14468
-1
-1
30 14477
31 14894
-1
-1
-1
-1
32 15197
31 14959
30 15023
-1
-1
32 15046
31 15014
31 15014
-1
-1
-1
-1
-1
-1
-1
-1
24 14856
25 14928
-1
28 14701
-1
29 15058
30 15188
-1
-1
-1
31 14991
30 15154
-1
-1
-1
27 15075
-1
29 15010
30 15181
-1
-1
-1
-1
30 14666
-1
-1
26 14521
26 15081
27 15210
25 14457
-1
-1
-1
-1
-1
29 15144
-1
27 14615
-1
27 14909
-1
-1
26 14898
-1
-1
28 15259
28 15172
28 15199
27 14614
28 15115
-1
27 15009
27 15219
-1
25 14467
25 14467
-1
28 14733
29 15200
29 15200
-1
-1
35 14902
36 14961
-1
33 14887
-1
-1
-1
-1
-1
-1
32 15143
-1
-1
28 15128
27 15241
-1
-1
-1
25 14575
-1
27 15185
-1
27 15185
27 15185
-1
26 15113
-1
26 15113
-1
-1
26 15198
-1
-1
-1
-1
-1
-1
27 14734
28 14968
-1
26 14496
-1
-1
-1
25 14639
-1
-1
-1
25 15132
21 14663
-1
21 14663
-1
22 14825
24 15262
25 15266
25 14943
-1
26 14365
26 14365
26 14365
26 14512
27 15261
-1
-1
30 15002
-1
-1
-1
-1
32 14850
-1
-1
29 14918
-1
-1
31 15132
-1
31 15132
-1
-1
29 15190
-1
29 15052
-1
-1
-1
27 15224
27 15003
-1
28 15295
26 14473
-1
-1
-1
27 14570
27 14570
-1
25 14881
25 14881
-1
25 15197
25 15197
-1
23 14848
-1
-1
25 14984
-1
28 15242
-1
-1
-1
30 15209
30 14362
-1
29 14816
30 14996
-1
29 15245
-1
32 15180
33 15278
-1
-1
-1
-1
-1
30 14513
-1
30 15234
-1
-1
28 15300
-1
28 15266
28 15266
31 15038
-1
-1
-1
31 15086
30 15169
-1
29 15225
28 14886
29 15291
-1
-1
26 15131
-1
27 14821
29 14935
-1
31 14742
31 14675
31 14675
-1
32 14595
-1
34 15186
34 14821
-1
-1
-1
35 14742
-1
35 14742
-1
33 14757
-1
-1
32 15100
-1
31 14748
-1
-1
-1
-1
-1
28 14462
-1
28 14603
-1
-1
30 15297
-1
-1
-1
-1
30 15231
-1
29 14943
-1
-1
-1
-1
-1
31 15045
28 14792
-1
-1
29 14781
29 14781
-1
-1
-1
-1
27 15107
27 15107
27 15161
27 14474
-1
-1
28 14943
-1
-1
-1
-1
-1
-1
32 14931
32 14931
32 15252
-1
31 14841
-1
-1
30 14885
30 14706
29 15099
-1
27 15095
-1
-1
28 15242
-1
23 14828
-1
-1
-1
25 14931
25 14947
-1
25 14947
-1
-1
-1
25 15014
-1
-1
-1
-1
-1
-1
28 15005
-1
-1
28 14992
28 14806
-1
-1
27 14520
-1
-1
27 15164
27 15164
-1
-1
22 14972
21 14393
-1
27 14948
-1
-1
-1
-1
34 15281
35 14715
36 14789
37 15253
-1
-1
-1
34 15142
-1
-1
-1
32 15250
-1
31 15266
30 15161
-1
29 15262
28 15153
-1
-1
-1
-1
-1
26 15173
-1
-1
27 15160
-1
-1
-1
-1
26 15145
27 15072
27 15299
25 14619
-1
26 15108
-1
25 15193
-1
-1
-1
-1
28 15197
28 15197
29 15140
30 15272
30 15272
30 15083
-1
31 15292
31 15292
-1
-1
-1
-1
-1
-1
-1
28 14759
-1
-1
-1
30 15122
30 14883
-1
-1
-1
-1
-1
33 14517
-1
30 14668
-1
-1
-1
30 14793
-1
-1
-1
-1
-1
30 15138
27 14674
28 14707
-1
28 14707
-1
-1
-1
-1
27 14650
-1
27 15117
26 14883
26 15072
-1
26 15039
-1
26 14495
-1
-1
-1
-1
-1
-1
30 14587
32 14878
-1
27 14913
-1
-1
28 15139
-1
-1
31 14946
-1
-1
-1
34 14934
33 15040
-1
34 15197
-1
-1
-1
31 15252
32 15277
-1
32 14820
32 14820
32 14820
33 14882
-1
-1
-1
-1
-1
-1
-1
31 14931
34 15201
-1
-1
-1
36 15283
-1
-1
-1
-1
34 15206
-1
33 15096
30 15030
28 15274
28 15189
-1
-1
28 14986
-1
-1
-1
30 15089
-1
31 15082
31 15082
30 14626
-1
-1
30 14787
30 14787
-1
-1
29 15230
29 15230
28 15132
28 15065
-1
28 15096
-1
29 15068
-1
31 14721
-1
-1
30 14975
-1
-1
-1
30 15202
-1
-1
-1
28 15168
-1
27 15287
-1
-1
-1
-1
-1
26 14856
24 14568
-1
-1
32 15049
32 15049
-1
33 15156
33 15156
33 15039
33 15038
-1
34 15169
-1
35 15069
-1
35 15275
-1
37 15113
-1
-1
36 14474
36 15174
-1
31 14816
-1
-1
-1
-1
30 14733
30 14733
30 14733
-1
-1
-1
-1
29 15020
30 15223
-1
32 15185
33 14700
34 15123
34 15123
34 14370
34 14370
-1
-1
-1
37 15003
-1
37 15253
-1
37 15284
39 15201
-1
-1
36 15007
36 15007
-1
-1
-1
-1
-1
-1
27 14887
-1
30 15196
30 14751
30 14685
31 15260
-1
31 14835
-1
-1
-1
30 14610
-1
-1
33 14635
34 14458
34 14458
-1
35 15179
35 15179
-1
-1
34 15116
-1
-1
-1
-1
-1
39 15167
-1
-1
37 15227
-1
-1
-1
-1
-1
-1
-1
-1
-1
31 15005
-1
-1
-1
29 14855
29 14855
32 14738
32 14738
33 14659
34 15140
34 15140
-1
-1
35 15258
-1
-1
35 14908
-1
-1
-1
34 14649
35 14692
-1
-1
-1
-1
36 15203
36 15281
35 15111
34 15259
-1
33 15209
-1
-1
-1
34 14927
-1
32 15222
-1
-1
-1
-1
-1
-1
-1
-1
-1
-1
25 14736
-1
26 15231
-1
25 14928
25 14928
-1
25 15189
-1
-1
-1
-1
31 15215
-1
30 14746
30 14746
30 14746
-1
32 14739
-1
34 14369
29 14776
30 15097
28 15061
-1
32 15130
29 14708
-1
-1
-1
-1
-1
-1
29 15266
-1
29 15266
-1
-1
-1
27 14756
-1
27 15104
27 15104
27 15104
27 15070
-1
-1
28 14573
-1
-1
30 14810
-1
-1
-1
-1
-1
34 15036
-1
-1
-1
-1
-1
30 15138
-1
-1
-1
-1
-1
-1
-1
-1
32 14954
-1
-1
32 15044
34 15217
34 14941
35 15150
35 15146
-1
34 15135
-1
31 15258
31 15258
-1
30 15173
-1
30 14473
-1
-1
-1
-1
34 15177
-1
34 15238
-1
36 14923
-1
-1
-1
-1
34 15121
34 15121
-1
31 15294
-1
31 14824
32 15255
-1
-1
30 14777
-1
28 14807
28 14807
-1
28 14807
28 14846
28 15236
28 14707
27 15219
-1
-1
-1
-1
-1
34 15205
34 15205
33 14661
33 14661
-1
-1
-1
-1
38 15156
37 15272
43 15025
-1
41 15263
42 14976
43 15139
-1
-1
37 15123
-1
32 15027
-1
-1
30 15298
30 15298
-1
28 15150
-1
-1
26 15001
26 15001
-1
-1
28 15151
28 15151
26 14477
-1
-1
-1
-1
27 15236
-1
-1
29 15051
-1
-1
-1
-1
-1
-1
-1
32 14485
32 14485
-1
-1
-1
33 15188
-1
30 14931
-1
34 15033
-1
-1
-1
-1
33 15285
-1
-1
-1
33 15285
33 15285
-1
-1
-1
31 14723
34 15300
-1
32 15093
32 15261
-1
33 14943
-1
-1
35 14780
-1
32 15200
32 14892
-1
-1
-1
-1
28 14481
-1
-1
32 15246
-1
34 15277
-1
33 14524
-1
-1
33 14425
33 15070
33 14979
31 15026
28 14975
27 15290
-1
-1
-1
-1
30 15047
30 14618
-1
32 15231
32 15251
32 15251
-1
32 15289
31 15151
-1
29 14803
28 15080
29 15291
28 14667
33 14782
-1
34 15278
-1
-1
33 15025
-1
36 15244
35 15261
-1
-1
35 15071
39 15086
-1
-1
35 15095
-1
-1
31 15168
-1
34 14504
37 15245
-1
38 15010
-1
-1
-1
35 15139
-1
36 15046
36 15046
36 15046
36 15046
-1
35 15247
33 14972
-1
30 15162
31 15164
-1
31 14911
-1
-1
32 15291
-1
-1
-1
-1
-1
-1
-1
-1
29 14843
28 14708
26 14800
26 14800
-1
-1
-1
-1
-1
31 15204
-1
-1
-1
-1
-1
-1
-1
32 15069
34 15065
-1
-1
-1
-1
34 14711
-1
35 15015
34 14522
-1
34 14522
-1
-1
31 14926
30 14692
-1
-1
-1
-1
33 15183
-1
33 14615
-1
-1
36 15240
-1
-1
-1
36 15265
-1
-1
-1
-1
-1
24 14589
-1
-1
28 15224
28 15224
-1
27 14529
-1
28 14624
-1
29 15244
28 15095
-1
28 15007
28 15236
28 15236
-1
27 14741
-1
-1
27 14486
-1
-1
-1
27 14486
26 15021
-1
-1
-1
-1
24 15116
23 15162
-1
-1
-1
27 14574
29 14884
30 15261
30 15261
-1
30 15139
-1
31 14544
-1
35 14996
-1
-1
-1
-1
-1
-1
33 15070
32 15276
-1
-1
31 14430
-1
-1
-1
-1
31 14863
31 14863
-1
31 15297
-1
30 14812
30 14812
-1
-1
-1
31 15279
-1
-1
-1
-1
32 14938
32 14938
-1
-1
-1
-1
-1
29 15019
29 15278
29 15278
-1
-1
-1
-1
-1
25 14830
26 15253
-1
-1
26 14600
25 14821
-1
-1
-1
-1
-1
-1
24 14899
23 15149
-1
-1
-1
-1
25 15144
25 14487
-1
-1
-1
-1
34 14958
-1
-1
-1
-1
34 15289
33 15077
-1
29 15096
-1
-1
-1
30 15201
-1
-1
31 15090
-1
33 14724
32 15064
30 14841
28 15197
28 14917
-1
-1
-1
-1
-1
-1
-1
30 14626
-1
-1
-1
27 14485
-1
-1
26 14887
26 14819
-1
25 14617
-1
-1
-1
-1
27 14794
-1
-1
-1
31 15145
30 14677
-1
-1
36 15219
37 14890
-1
37 15150
30 14687
-1
30 15162
30 15162
31 15253
30 15262
-1
29 15228
30 15297
-1
30 14530
-1
-1
31 14784
-1
-1
-1
-1
-1
32 15252
-1
34 15146
-1
32 15221
-1
32 15123
31 15274
-1
-1
-1
33 14912
-1
33 14912
33 14939
-1
32 15031
29 14674
30 15011
-1
-1
32 14477
-1
-1
33 14667
-1
-1
-1
31 15106
-1
30 15172
29 15062
29 15037
-1
-1
-1
-1
28 14612
32 15207
29 15200
-1
29 14607
31 14580
-1
-1
34 15140
-1
-1
-1
-1
-1
-1
-1
-1
-1
31 14962
31 14628
-1
31 14628
-1
33 15230
-1
-1
32 14585
-1
-1
33 15216
33 15216
-1
-1
27 15062
25 15216
24 15122
-1
23 15018
23 14996
-1
-1
-1
-1
-1
-1
26 14728
-1
27 15252
-1
-1
-1
-1
28 15082
-1
30 14716
-1
32 14688
-1
-1
-1
31 15240
-1
-1
31 15028
-1
-1
-1
27 15109
-1
-1
-1
23 14519
-1
-1
-1
30 15275
-1
-1
-1
-1
-1
31 14420
29 14728
-1
-1
32 15245
31 15207
32 15216
-1
32 15267
-1
-1
-1
35 15006
36 15101
-1
-1
34 15281
32 14764
-1
33 15097
-1
31 14646
-1
-1
-1
29 14976
27 14792
27 14792
26 14391
27 14417
27 14417
-1
-1
-1
28 15296
-1
-1
28 14895
27 14567
27 14567
29 15298
-1
-1
30 15208
27 14769
28 15268
-1
29 15098
-1
29 15186
-1
-1
30 14371
-1
32 14947
-1
34 15214
-1
-1
-1
-1
-1
33 15036
-1
-1
34 14823
34 14823
32 15162
-1
30 14997
-1
31 14844
-1
-1
-1
-1
29 14625
-1
-1
-1
29 14789
29 15115
-1
-1
-1
-1
-1
-1
27 15158
-1
-1
-1
-1
28 15145
26 15033
-1
27 14643
-1
31 15253
-1
30 15272
-1
33 15222
-1
30 15081
30 15081
-1
33 15175
33 15175
33 15175
34 15289
-1
-1
-1
-1
-1
-1
32 14884
-1
33 15203
-1
33 15203
33 15023
-1
28 14630
29 14914
-1
29 15222
-1
-1
-1
30 15015
-1
-1
32 14374
33 15017
-1
-1
31 15118
-1
-1
31 14886
-1
31 15286
-1
30 15150
-1
29 15191
-1
-1
-1
30 15215
30 15215
-1
-1
30 15058
-1
33 14887
-1
-1
-1
-1
-1
-1
-1
-1
-1
-1
-1
-1
-1
-1
-1
-1
28 15283
28 15283
28 14739
-1
29 15148
28 15176
-1
29 14661
-1
33 14867
-1
36 15147
-1
35 14850
-1
37 15280
-1
-1
37 15268
36 14753
-1
31 15122
-1
-1
-1
-1
-1
-1
26 14778
26 14778
28 15293
-1
27 14952
-1
26 15219
-1
-1
-1
26 15265
-1
-1
-1
-1
25 15049
-1
24 15105
26 15218
27 15226
-1
25 15075
-1
26 14768
26 14768
28 15214
-1
-1
-1
-1
-1
29 14995
-1
-1
29 14774
-1
29 15180
-1
29 14859
30 15158
-1
28 14941
-1
-1
-1
31 14946
-1
32 14710
32 14710
-1
33 15150
31 14866
31 14767
-1
-1
30 15217
30 14886
31 15295
-1
-1
29 15275
29 15275
29 15275
-1
-1
-1
29 14507
-1
29 14507
30 14955
30 14955
30 15243
31 14782
-1
30 14954
31 14622
-1
-1
30 15166
31 15246
31 14637
-1
-1
32 15182
31 15126
-1
-1
27 15285
27 14950
28 15296
32 14693
-1
-1
32 14819
-1
-1
-1
33 15217
33 15217
33 15217
-1
33 15217
33 15217
-1
-1
-1
-1
28 14546
28 14546
-1
28 14772
-1
28 14772
29 15078
-1
29 15078
-1
31 15211
31 15061
32 14487
-1
34 15269
34 15227
-1
-1
-1
-1
-1
-1
-1
-1
-1
32 15103
31 14999
-1
-1
33 15170
32 14552
-1
35 14391
36 15282
-1
36 15096
-1
-1
31 15157
31 15022
-1
28 15092
-1
28 14829
26 14745
-1
-1
-1
26 14869
-1
-1
-1
30 15177
-1
33 15101
-1
-1
-1
-1
32 14584
33 14990
-1
-1
-1
33 15040
33 15040
-1
-1
-1
-1
34 15222
33 14739
-1
-1
34 15282
31 15155
-1
-1
-1
30 14324
31 14907
-1
-1
28 14909
29 15162
-1
-1
-1
-1
-1
-1
-1
-1
29 15219
-1
-1
32 15277
-1
27 15210
-1
-1
-1
-1
30 15052
-1
-1
-1
-1
-1
-1
-1
-1
33 14988
30 14877
-1
30 14991
30 15114
-1
30 14780
30 14512
-1
31 15248
29 15089
31 14908
31 15090
32 15199
-1
32 14817
31 15089
31 14893
27 15041
-1
29 14734
-1
-1
29 15240
-1
-1
27 14807
-1
25 14963
-1
-1
25 14663
26 14889
30 14532
31 15278
28 14524
29 14960
30 15151
-1
-1
30 15288
-1
-1
-1
-1
-1
32 15240
-1
-1
-1
30 15300
-1
-1
-1
-1
26 14562
-1
26 14850
-1
30 14646
-1
31 15003
