-1
4 2185
16 12813
21 12795
21 12795
-1
26 12800
-1
-1
-1
-1
-1
30 12806
-1
29 12093
29 12093
-1
27 12004
27 12465
-1
26 12546
-1
28 12478
28 12478
27 12454
27 12454
27 12454
27 12757
-1
28 12844
-1
27 12292
-1
26 12745
-1
-1
-1
28 12890
-1
-1
-1
-1
28 12877
-1
29 12876
27 12618
-1
-1
-1
-1
-1
27 12794
-1
22 12343
-1
-1
-1
-1
-1
-1
-1
-1
23 12883
-1
-1
-1
-1
-1
-1
-1
-1
27 12252
26 12745
27 12833
26 12526
-1
24 12789
24 12750
23 12717
23 12847
-1
22 12534
22 12534
-1
24 12888
-1
-1
-1
26 12742
-1
28 12764
-1
-1
-1
26 12847
-1
20 12286
20 12286
-1
25 12874
-1
-1
28 12284
-1
30 12800
-1
-1
-1
29 12645
-1
29 12388
-1
-1
-1
25 12356
-1
26 12530
-1
-1
-1
-1
-1
23 12583
-1
-1
24 12257
-1
-1
25 12812
-1
-1
-1
28 12686
-1
25 12705
-1
24 12872
-1
-1
-1
22 12495
-1
-1
-1
23 12715
-1
23 12450
-1
-1
27 12611
-1
26 12273
27 12421
24 12204
24 12204
25 12803
-1
25 12326
-1
-1
26 12869
-1
-1
-1
23 12352
24 12833
-1
-1
-1
21 12302
-1
-1
21 12302
-1
-1
-1
-1
22 12622
-1
23 12386
-1
-1
-1
-1
25 12419
24 12362
24 12362
-1
25 12751
25 12812
25 12827
24 12845
-1
-1
24 12567
-1
24 12850
24 12850
-1
-1
-1
-1
23 12459
-1
-1
24 12743
24 12743
-1
-1
-1
25 12486
25 12486
-1
-1
-1
31 12492
-1
-1
32 12827
-1
-1
31 12296
-1
31 12296
-1
-1
-1
28 12269
-1
-1
-1
29 12842
-1
-1
27 12879
-1
25 12303
-1
26 12549
-1
26 12515
-1
-1
25 12061
25 12627
-1
25 12627
21 12739
-1
20 12734
20 12721
20 12666
20 12666
-1
22 12468
-1
22 12088
23 12535
-1
-1
-1
-1
25 12147
-1
-1
-1
-1
27 12360
28 12674
24 12510
-1
-1
-1
-1
-1
-1
24 12414
25 12818
-1
-1
-1
-1
27 12631
28 12713
-1
-1
-1
-1
-1
29 12723
27 12722
-1
-1
-1
27 12349
-1
-1
28 12562
-1
-1
-1
-1
-1
30 11951
-1
30 12390
-1
28 12822
-1
-1
-1
30 12453
-1
-1
-1
-1
-1
31 12872
29 12816
-1
-1
-1
27 12056
27 12463
-1
-1
-1
26 12207
27 12834
-1
-1
27 12222
28 12541
-1
-1
-1
-1
34 12860
-1
-1
-1
-1
-1
-1
-1
22 12742
21 12723
-1
-1
-1
-1
-1
-1
-1
24 12715
-1
-1
-1
-1
-1
22 12824
-1
-1
23 12649
24 12530
24 12818
-1
-1
-1
24 12594
24 12594
-1
-1
-1
-1
24 12735
27 12680
-1
26 12850
26 12376
-1
26 12638
-1
26 12878
-1
-1
27 12748
-1
26 12565
27 12588
28 12530
29 12542
-1
26 12739
-1
-1
-1
27 12757
25 12241
-1
26 12831
-1
-1
26 12670
27 12247
27 12696
26 12608
-1
-1
25 12220
26 12855
25 12268
24 12486
26 12759
-1
-1
-1
29 12737
25 12067
25 12067
-1
-1
25 12718
-1
25 12718
-1
24 12156
23 12772
24 12628
23 12270
24 12678
-1
-1
-1
24 12453
24 12453
-1
-1
25 12600
-1
25 12809
-1
22 12564
-1
-1
24 12827
23 12326
-1
23 12326
-1
24 12544
-1
-1
-1
-1
-1
22 11961
-1
23 12826
-1
-1
22 12660
-1
19 12751
-1
-1
-1
-1
-1
-1
-1
-1
21 12147
-1
-1
23 12652
23 12435
23 12435
-1
24 12558
25 12473
27 12681
-1
-1
28 12633
-1
27 12698
-1
25 12737
-1
-1
-1
-1
26 12659
26 12659
-1
-1
-1
26 12716
-1
-1
26 12433
-1
26 12881
26 12816
26 12743
26 12743
-1
-1
31 12779
-1
-1
-1
-1
-1
-1
32 12846
31 12343
-1
28 12472
28 12472
28 12420
-1
28 12762
-1
28 12602
-1
-1
-1
-1
-1
29 12560
-1
-1
30 12462
31 12745
29 12489
29 12489
-1
-1
29 12541
-1
-1
-1
30 12329
-1
-1
28 12547
-1
-1
32 12630
-1
-1
-1
-1
29 12732
26 12721
26 12721
25 12882
23 12744
22 12221
-1
23 12851
23 12551
-1
24 12815
-1
-1
25 12763
24 12631
-1
-1
-1
-1
-1
24 12841
-1
-1
19 12235
-1
-1
21 12797
21 12797
32 12802
-1
33 12397
34 12672
34 12672
-1
28 12794
28 12794
28 12794
29 12636
29 12636
-1
-1
25 12670
26 12763
26 12763
-1
30 12141
30 12141
-1
31 12872
31 12872
31 12872
30 12610
27 12700
26 12423
-1
-1
-1
29 12575
-1
29 12575
-1
-1
-1
-1
30 12724
-1
-1
-1
-1
-1
24 12230
-1
-1
-1
-1
25 12732
-1
-1
-1
26 12876
25 12451
-1
24 12660
-1
22 12034
22 12034
-1
-1
-1
-1
-1
-1
22 12683
-1
-1
-1
23 12614
-1
-1
-1
-1
23 12215
23 12215
-1
21 12373
-1
21 12162
24 12408
-1
25 12702
-1
28 12818
27 12252
27 12252
-1
28 12873
-1
-1
25 12350
26 12875
26 12875
25 12747
-1
26 12807
26 12801
27 12886
-1
-1
-1
-1
25 12802
-1
23 12626
-1
23 12630
24 12384
25 12752
-1
27 12366
27 12321
-1
-1
-1
-1
26 12271
-1
25 12436
-1
21 12204
-1
23 12590
24 12133
-1
24 12867
-1
24 12867
-1
24 12867
-1
26 12535
30 12499
-1
-1
-1
32 12639
33 12810
30 12626
30 12626
-1
31 12079
-1
32 12793
-1
32 12618
30 12714
29 12782
22 12688
23 12453
-1
23 12453
22 12193
-1
-1
23 12249
-1
-1
24 12041
-1
-1
28 12511
-1
28 12582
-1
28 12582
-1
29 12541
29 12541
-1
-1
-1
-1
-1
28 12886
-1
-1
24 12210
25 12858
25 12858
-1
-1
24 12736
-1
21 12703
-1
20 12333
-1
23 12693
-1
24 12268
-1
-1
26 12426
-1
24 12691
21 12579
-1
-1
-1
21 12673
-1
22 12264
22 12612
23 12463
-1
-1
-1
-1
23 12795
-1
22 12813
22 12348
-1
-1
24 12777
-1
-1
24 12113
-1
26 12443
28 12631
27 12771
-1
-1
-1
-1
-1
-1
24 12453
26 12763
26 12763
-1
25 12668
-1
25 12670
-1
-1
-1
25 12004
26 12782
27 12861
24 12782
22 12422
-1
-1
-1
-1
19 12752
19 12752
19 12752
-1
-1
-1
-1
21 12698
23 12889
-1
23 12253
-1
-1
-1
-1
22 12573
-1
-1
-1
23 12424
-1
-1
-1
-1
23 12457
-1
-1
-1
26 12605
27 12825
-1
-1
27 12183
27 12853
-1
-1
-1
-1
-1
-1
-1
23 12303
-1
-1
-1
-1
-1
24 12258
-1
26 12600
-1
-1
25 12599
-1
-1
-1
24 12332
24 12332
24 12872
-1
22 12335
23 12807
-1
23 12807
-1
-1
-1
-1
-1
23 12635
23 12200
25 12742
-1
24 12819
24 12819
-1
-1
24 12194
24 12738
-1
23 12202
-1
-1
-1
-1
23 12890
-1
26 12629
27 12772
-1
27 12572
27 12712
-1
-1
-1
-1
-1
-1
-1
27 12757
27 12294
-1
-1
25 12169
-1
26 12708
26 12660
-1
24 12763
-1
24 12763
-1
25 12711
-1
25 12878
25 12878
-1
-1
28 12885
28 12885
29 12562
30 12849
-1
30 12849
-1
29 12824
-1
28 12855
28 12855
28 12855
-1
26 12789
-1
-1
-1
26 12803
27 12789
27 12463
-1
-1
-1
28 12124
28 12124
-1
27 12625
-1
-1
30 12231
30 12741
29 12535
-1
-1
29 12404
-1
31 12467
32 12830
-1
33 12861
-1
-1
31 12503
31 12503
25 12085
25 12085
-1
27 12781
-1
-1
21 12635
20 12653
-1
-1
-1
21 12393
-1
21 12869
20 12679
-1
-1
-1
23 12599
-1
-1
24 12859
24 12859
-1
25 12296
-1
-1
24 12633
25 12782
25 12201
-1
-1
-1
27 12448
-1
-1
-1
-1
30 12662
-1
-1
-1
32 12596
-1
-1
30 12801
26 12777
-1
-1
-1
-1
25 12143
-1
26 12591
26 12108
-1
26 12108
26 12108
27 12228
-1
-1
-1
27 12886
-1
-1
-1
31 12850
-1
-1
32 12697
31 12791
31 12868
31 12873
31 12038
31 12038
-1
33 12888
-1
-1
-1
33 12584
33 12584
33 12584
-1
-1
-1
-1
32 12867
-1
-1
29 12741
-1
-1
-1
-1
-1
-1
-1
26 12581
24 12648
23 12541
22 12275
23 12881
23 12881
25 12749
-1
25 12642
25 12334
26 12751
-1
28 12802
28 12737
28 12758
-1
-1
28 12730
24 12466
-1
-1
25 12745
-1
-1
24 12689
24 12689
-1
-1
23 12573
24 12521
-1
23 12198
23 12198
-1
24 12842
-1
-1
-1
23 12512
23 12493
-1
28 12781
-1
-1
28 12365
-1
-1
29 12198
-1
-1
-1
-1
26 12395
-1
-1
-1
-1
23 12285
-1
21 12625
-1
21 12625
-1
-1
-1
32 12855
33 12599
28 12156
28 12156
29 12342
-1
31 12865
29 12579
29 12579
24 12476
23 12822
-1
-1
-1
-1
-1
-1
27 12565
29 12759
-1
-1
-1
28 12679
27 12334
-1
-1
28 12855
-1
29 12852
29 12318
-1
-1
-1
-1
-1
28 12886
-1
27 12358
28 12875
-1
-1
-1
-1
-1
31 12556
-1
-1
-1
31 12879
29 12391
-1
-1
30 12708
30 12708
-1
-1
-1
29 12890
-1
-1
-1
-1
-1
29 12717
-1
22 12554
20 12135
20 12135
-1
22 12128
22 12289
-1
-1
-1
-1
25 12847
-1
25 12379
-1
25 12443
-1
-1
22 12036
22 12036
25 12627
-1
-1
26 12618
25 12842
22 12891
-1
-1
22 12891
-1
22 12054
-1
-1
20 12805
-1
-1
21 12793
-1
-1
23 12317
24 12855
24 12803
-1
24 12637
-1
-1
-1
-1
-1
-1
-1
-1
28 12179
-1
-1
27 12515
-1
28 12339
24 12791
24 12791
-1
-1
24 12607
25 12796
21 12449
22 12342
23 12848
25 12584
-1
-1
-1
-1
-1
27 12727
-1
-1
27 12707
25 12724
26 12314
26 12314
-1
-1
-1
-1
-1
-1
-1
27 12737
-1
-1
-1
29 12836
29 12836
29 12731
-1
-1
-1
-1
27 12890
-1
-1
-1
-1
-1
-1
23 12670
-1
23 12670
23 12570
23 12401
-1
23 12401
-1
-1
-1
-1
-1
22 12607
-1
-1
20 12488
-1
-1
-1
21 12842
-1
21 12486
-1
21 12363
23 12100
27 12786
-1
25 12598
-1
-1
25 12598
-1
28 12615
-1
-1
24 12685
24 12685
-1
-1
22 12703
24 12326
21 12762
21 12762
-1
24 12674
-1
24 12849
-1
24 12523
-1
26 12189
26 12873
25 12008
26 12633
-1
26 12670
25 12386
-1
25 12386
25 12386
-1
24 12279
-1
-1
25 12494
-1
-1
-1
-1
-1
-1
28 12237
-1
-1
-1
-1
-1
-1
-1
-1
-1
26 12843
28 12730
28 12730
-1
28 12538
-1
-1
-1
24 12549
-1
23 12188
24 12699
-1
-1
-1
23 12879
-1
-1
-1
-1
24 12759
-1
-1
24 12759
-1
26 12459
24 11974
-1
-1
-1
24 11974
-1
20 12452
22 12778
-1
21 12346
-1
21 12423
-1
-1
-1
24 12618
-1
24 12877
-1
-1
23 12314
23 12178
23 12178
-1
-1
-1
17 12093
19 12560
-1
-1
23 12864
-1
-1
-1
24 12722
-1
-1
25 12441
-1
-1
-1
28 12721
27 12389
27 12389
-1
28 12548
-1
-1
-1
-1
-1
30 12794
26 12457
-1
24 12369
24 12369
25 12184
23 12422
23 12422
23 12422
24 12668
-1
25 12794
24 12467
-1
-1
-1
-1
26 12676
-1
-1
-1
-1
-1
-1
-1
23 12721
23 12721
-1
-1
-1
-1
-1
25 12863
25 12481
25 12481
25 12866
-1
-1
-1
-1
-1
-1
-1
21 12815
-1
-1
-1
-1
-1
22 12856
23 12548
-1
-1
25 12716
20 12459
20 12623
20 12623
20 12501
-1
24 12676
21 12121
-1
23 12593
-1
23 12788
-1
-1
27 12875
-1
-1
24 12079
-1
25 12543
27 12860
27 12860
-1
-1
28 12686
25 12770
27 12826
27 12782
26 12694
26 12694
-1
-1
-1
24 12589
25 12664
-1
27 12821
27 12268
27 12268
-1
24 12814
24 12814
-1
-1
18 12564
20 12862
-1
-1
20 12751
-1
-1
-1
-1
21 12642
-1
-1
24 12866
24 12866
-1
22 12327
-1
26 12856
-1
26 12869
-1
-1
25 12507
-1
-1
-1
27 12840
-1
-1
-1
29 12792
-1
-1
-1
-1
-1
-1
-1
32 12326
33 12413
34 12630
34 12630
32 12355
-1
-1
32 12874
-1
-1
-1
-1
-1
22 12191
-1
22 12675
-1
-1
-1
21 12204
21 12204
-1
-1
-1
-1
-1
20 12353
-1
21 12793
-1
-1
-1
-1
22 12831
-1
23 12796
-1
-1
22 12423
21 12312
-1
21 12274
22 12628
-1
-1
23 12260
24 12812
-1
28 12890
28 12319
-1
30 12879
-1
30 12878
30 12616
-1
-1
29 12744
-1
-1
-1
27 12760
-1
27 12760
-1
-1
-1
-1
-1
-1
25 12478
25 12487
25 12487
-1
-1
-1
-1
21 12634
-1
-1
-1
21 12512
-1
-1
-1
-1
23 12809
-1
24 12544
-1
-1
25 12255
-1
-1
27 12777
-1
27 12777
-1
25 12464
-1
24 12535
23 12368
-1
24 12864
-1
25 12731
-1
25 12810
-1
-1
29 12651
29 12685
-1
26 12821
26 12827
-1
-1
-1
-1
-1
-1
28 12835
-1
26 12582
24 12583
-1
-1
24 12213
-1
26 12825
-1
-1
-1
26 12759
24 12739
25 12287
24 12282
24 12744
-1
23 12307
-1
25 12541
-1
25 12517
-1
-1
-1
-1
-1
24 12326
-1
-1
27 12206
25 12868
-1
-1
-1
24 12665
-1
-1
-1
-1
25 12459
-1
-1
-1
-1
26 12727
-1
-1
-1
22 12169
-1
-1
-1
25 12782
-1
-1
-1
-1
-1
23 12656
-1
-1
-1
-1
22 12853
-1
-1
-1
-1
26 12845
28 12852
-1
-1
-1
-1
23 12834
-1
23 12713
-1
24 12164
24 12508
-1
-1
25 12547
-1
25 12642
-1
-1
24 12445
24 12445
23 12169
-1
24 12645
-1
26 12866
26 12866
26 11954
-1
-1
-1
28 12739
27 12489
-1
27 12776
-1
25 12741
29 12883
26 12008
-1
28 12839
31 12843
-1
31 12463
32 12883
-1
32 12883
-1
-1
-1
-1
29 12465
29 12465
-1
29 12465
29 12465
-1
28 12533
-1
-1
-1
-1
-1
23 12763
-1
-1
-1
-1
22 12299
23 12610
24 12756
24 12482
25 12870
-1
28 12767
28 12832
-1
-1
28 12432
29 12872
-1
-1
-1
-1
-1
-1
33 12850
-1
-1
28 12410
28 12410
28 12410
29 12687
29 12879
-1
-1
21 12081
-1
22 12825
-1
-1
-1
21 12849
-1
-1
-1
22 12429
-1
-1
24 12854
-1
21 12331
-1
-1
22 12738
-1
-1
23 12876
-1
-1
-1
29 12860
29 12804
-1
30 12835
30 12835
30 12572
-1
-1
-1
-1
31 12615
-1
-1
30 12822
-1
27 12637
-1
-1
-1
-1
29 12841
-1
-1
-1
-1
-1
-1
24 12865
24 12626
-1
22 12195
-1
24 12719
-1
-1
-1
-1
-1
26 12844
-1
26 12774
-1
-1
-1
24 12418
26 12674
-1
27 12408
-1
-1
-1
-1
30 12283
30 12283
-1
-1
-1
-1
-1
28 12824
-1
-1
-1
-1
26 12632
-1
-1
-1
-1
25 12303
-1
25 12577
-1
26 12167
26 12167
-1
27 12296
27 12296
29 12666
-1
-1
32 12845
33 12820
33 12820
-1
-1
-1
33 12866
-1
-1
-1
30 12601
31 12645
-1
-1
26 12233
-1
-1
30 12557
30 12557
-1
-1
28 12496
-1
-1
-1
-1
25 12667
-1
-1
-1
23 12562
-1
27 12436
27 12436
28 12728
-1
-1
29 12065
32 12583
-1
-1
-1
-1
-1
30 12696
30 12601
30 12601
-1
-1
27 12861
-1
-1
20 12104
21 12834
20 12267
-1
21 12212
23 12887
-1
22 12676
21 12406
21 12128
-1
-1
23 12877
-1
23 12700
-1
25 12551
-1
27 12686
-1
28 12636
28 12692
28 12282
-1
-1
-1
-1
29 12715
-1
-1
31 12736
-1
31 12810
-1
-1
-1
-1
-1
27 12146
-1
28 12691
28 12558
26 12286
26 12007
-1
-1
23 12457
23 12457
-1
-1
-1
-1
24 12619
-1
-1
-1
-1
21 12426
-1
-1
22 12870
-1
23 12637
24 12768
-1
25 12884
25 12833
28 12851
-1
-1
-1
-1
29 12506
30 12760
29 12772
29 12772
-1
-1
-1
26 12416
26 12798
-1
21 12456
-1
-1
-1
21 12315
-1
23 12402
-1
23 12233
24 12761
24 12697
-1
-1
24 12397
-1
-1
-1
-1
-1
21 12642
-1
-1
22 12594
23 12386
-1
21 12366
-1
-1
20 12213
22 12432
-1
23 12665
-1
-1
23 12665
23 12665
-1
-1
-1
-1
-1
23 12488
24 12733
-1
25 12127
24 12665
-1
25 12579
25 12579
-1
26 12552
-1
-1
23 12781
22 12010
-1
21 12335
21 12335
-1
22 12302
-1
-1
26 12843
27 12123
-1
29 12885
-1
30 12551
30 12383
-1
30 12507
-1
29 12875
22 11991
-1
-1
23 12567
20 12837
-1
-1
-1
19 12230
-1
20 12783
-1
-1
-1
-1
20 12563
-1
20 12135
21 12655
-1
-1
21 12634
-1
-1
23 12445
-1
-1
-1
-1
-1
-1
-1
-1
25 12146
27 12889
-1
28 12522
-1
-1
27 12427
27 12532
-1
28 12821
-1
28 12821
27 12489
-1
25 12753
-1
-1
-1
-1
-1
25 12720
-1
24 12067
-1
23 12461
23 12461
-1
-1
-1
-1
-1
-1
-1
-1
-1
23 12745
-1
-1
25 12704
-1
-1
24 12231
-1
-1
24 12591
24 12741
-1
-1
-1
24 12619
-1
-1
23 12027
22 12587
22 12443
-1
25 12627
25 12627
25 12481
-1
-1
-1
-1
28 12686
30 12762
-1
30 12808
-1
-1
-1
-1
-1
26 12678
-1
26 12619
-1
-1
-1
-1
-1
-1
-1
-1
-1
25 12758
24 12165
27 12735
-1
-1
-1
31 12861
-1
-1
-1
-1
-1
27 12492
-1
29 12212
27 12615
-1
27 12662
-1
29 12880
-1
-1
29 12696
-1
-1
26 12377
-1
-1
-1
26 12854
26 12840
-1
25 12609
-1
-1
-1
-1
-1
-1
27 12439
-1
-1
23 12036
24 12704
24 12704
-1
26 12795
23 12143
24 12843
-1
-1
-1
-1
-1
22 12208
23 12722
-1
-1
-1
-1
-1
-1
23 12578
-1
23 12424
-1
24 12801
24 12801
-1
-1
-1
-1
-1
25 12440
25 12687
-1
25 12742
-1
26 12319
26 12275
25 12541
24 12294
-1
24 12294
23 12614
24 12659
-1
23 12416
23 12416
-1
21 12539
21 12347
-1
23 12788
-1
-1
-1
-1
23 12081
-1
23 12081
-1
-1
22 12666
-1
20 12506
-1
-1
-1
27 12708
-1
-1
26 12445
-1
-1
26 12445
29 12086
-1
29 12086
30 12609
32 12236
-1
-1
-1
-1
-1
35 12531
32 12261
-1
30 12692
-1
30 12871
28 12308
26 12171
27 12496
27 12496
-1
-1
28 12525
28 12525
-1
28 12187
-1
-1
25 12860
-1
25 12776
25 12776
25 12776
-1
25 12071
-1
-1
-1
29 12836
-1
-1
-1
25 12647
-1
-1
22 12622
-1
-1
19 12120
-1
-1
21 12066
-1
-1
-1
-1
-1
-1
-1
-1
24 12804
-1
-1
-1
-1
-1
-1
23 12803
-1
-1
-1
-1
-1
-1
-1
25 12776
-1
27 12883
30 12743
-1
-1
32 12415
32 12512
32 12512
-1
34 12364
-1
-1
-1
33 12723
34 12737
32 12816
32 12749
27 12613
-1
-1
27 12466
26 12713
22 12698
-1
26 12727
-1
-1
24 12268
-1
25 12530
27 12883
-1
28 12651
28 12651
28 12651
28 12651
-1
30 12854
-1
-1
-1
-1
-1
-1
-1
-1
-1
-1
29 12823
-1
26 12062
24 12862
-1
-1
-1
-1
-1
-1
21 12542
21 12576
21 12646
-1
-1
-1
-1
-1
24 11967
-1
-1
26 12679
-1
31 12870
33 12736
-1
-1
25 12799
-1
-1
25 12457
-1
-1
-1
-1
-1
26 12562
-1
-1
22 12267
21 12509
-1
26 12639
-1
-1
-1
-1
29 12743
27 12703
22 12085
-1
-1
23 12631
23 12631
25 12727
27 12332
28 12807
-1
-1
-1
-1
29 12837
31 12822
-1
32 12891
-1
-1
31 12693
-1
-1
-1
-1
-1
32 12877
-1
30 12835
-1
-1
-1
32 12839
31 12533
-1
-1
-1
-1
-1
31 12643
30 12682
-1
-1
-1
-1
-1
30 12556
29 12790
29 12558
-1
26 12386
26 12386
27 12685
27 12887
27 12741
-1
23 12093
-1
-1
-1
-1
-1
-1
23 12760
23 12760
24 12830
23 12834
-1
-1
-1
-1
25 12632
25 12802
25 12802
25 12802
26 12050
-1
-1
27 12481
-1
29 12270
30 12744
30 12744
30 12626
30 12626
30 12626
31 12857
31 12857
31 12874
-1
28 12614
29 12492
29 12471
-1
-1
-1
-1
24 12381
25 12627
-1
-1
-1
26 12823
27 12714
28 12520
29 12477
29 12477
-1
29 12726
-1
29 12824
-1
28 12734
-1
-1
-1
22 12058
-1
-1
25 12304
-1
-1
-1
22 12346
23 12687
-1
-1
22 12094
22 12094
21 12431
22 12565
22 12244
-1
24 12853
-1
24 12563
-1
26 12637
-1
-1
26 12419
-1
25 12832
-1
27 12700
-1
25 12560
23 12352
24 12651
23 12512
24 12830
-1
-1
-1
26 12854
-1
25 12363
-1
-1
-1
24 11961
25 11979
25 11979
-1
-1
-1
26 12612
26 12728
-1
26 12728
26 12728
-1
23 12214
-1
-1
-1
-1
-1
23 12301
-1
-1
21 12369
21 12369
-1
19 12548
-1
-1
-1
-1
21 12110
21 12451
22 12680
23 12673
-1
-1
-1
23 12322
-1
-1
20 12651
19 12535
-1
-1
-1
26 12510
-1
-1
-1
26 12479
26 12479
26 12479
24 12236
-1
-1
-1
26 12664
30 12833
-1
30 12833
-1
30 12833
30 12389
29 12523
-1
-1
-1
-1
-1
-1
30 12164
-1
29 12542
-1
26 12533
26 12674
27 12836
25 12710
25 12710
25 12710
-1
26 12874
-1
-1
-1
-1
-1
-1
-1
-1
-1
-1
25 12541
26 12854
27 12869
25 12576
-1
27 12839
25 12299
-1
-1
-1
29 12842
29 12842
29 12842
-1
30 12551
27 12683
27 12683
28 12883
27 12730
27 12888
27 12516
27 12276
-1
27 12599
28 12484
-1
-1
28 12712
27 12510
-1
-1
26 12476
26 12476
-1
-1
-1
-1
-1
24 12349
-1
24 12349
24 12349
22 12741
-1
-1
23 12358
23 12358
-1
-1
-1
-1
-1
-1
23 12703
23 12585
-1
25 12388
28 12791
27 12301
27 12301
-1
-1
-1
27 12066
28 12676
28 12676
28 12577
20 12640
23 12878
-1
-1
-1
28 12834
-1
28 12633
27 12281
27 12281
26 12229
-1
22 12788
-1
-1
23 12644
-1
-1
-1
24 12833
-1
-1
-1
-1
27 12857
27 12057
28 12653
-1
29 12846
-1
31 12556
-1
30 12483
29 12490
29 12490
-1
30 12726
27 12789
25 12129
-1
-1
25 12447
-1
24 12780
24 12780
23 12753
22 12516
22 12516
-1
22 12516
-1
-1
-1
-1
-1
23 12411
-1
-1
24 12758
24 12758
24 12758
-1
-1
-1
-1
-1
-1
-1
-1
-1
27 12867
-1
-1
24 12599
-1
-1
21 12376
21 12376
21 12376
-1
25 12365
24 12836
24 12653
-1
24 12007
-1
-1
25 12846
-1
-1
25 12642
23 12874
-1
-1
25 12824
25 12824
-1
-1
-1
-1
-1
27 12890
-1
28 12378
27 12767
-1
-1
-1
28 12785
-1
-1
-1
19 12361
-1
-1
-1
-1
22 12691
-1
-1
27 12635
-1
-1
27 12575
24 12775
22 12650
24 12679
22 12251
-1
22 12507
-1
-1
21 12516
21 12516
21 12745
-1
-1
-1
-1
-1
20 12278
-1
27 12795
25 12029
-1
-1
-1
-1
21 12592
-1
-1
-1
-1
25 12129
26 12625
26 12625
-1
-1
-1
-1
-1
-1
24 12471
-1
-1
-1
-1
-1
-1
-1
22 12507
-1
22 12507
-1
22 12507
22 12507
21 12296
-1
-1
-1
-1
-1
-1
-1
26 12837
27 12001
-1
-1
-1
-1
-1
-1
31 12828
-1
-1
-1
-1
-1
-1
20 12117
-1
-1
-1
-1
-1
23 12745
-1
-1
-1
27 12341
29 12663
-1
-1
-1
-1
30 12833
-1
-1
31 12748
-1
-1
30 12539
30 12539
-1
26 12479
-1
28 12801
-1
22 12359
21 12490
-1
22 12014
-1
-1
-1
-1
-1
23 12388
-1
25 12865
22 12825
-1
-1
-1
-1
-1
-1
-1
-1
-1
-1
-1
-1
27 12635
-1
27 12600
-1
-1
-1
-1
-1
28 12871
29 12303
-1
-1
27 12484
-1
-1
-1
-1
-1
21 12795
-1
21 12878
21 12878
-1
21 12878
-1
-1
-1
27 12364
-1
-1
-1
-1
-1
-1
25 12206
25 12206
25 12206
-1
26 12667
26 12667
-1
-1
26 12099
27 12807
27 12177
27 12177
-1
-1
29 12605
29 12605
-1
31 12843
-1
32 12684
32 12273
30 12887
-1
-1
-1
-1
28 12350
-1
-1
-1
-1
-1
-1
-1
21 12716
-1
19 12413
19 12413
-1
18 12125
19 12773
19 12773
20 12366
23 12262
23 12391
-1
-1
25 12655
25 12230
-1
-1
27 12887
26 12537
26 12537
25 12748
-1
25 12748
26 12375
26 12375
28 12845
-1
26 12647
26 12350
25 12763
25 12763
-1
23 12816
-1
20 12794
21 12535
-1
-1
-1
-1
-1
-1
-1
-1
-1
26 12786
-1
26 12556
-1
27 12439
28 12833
-1
-1
28 12618
-1
29 12750
-1
-1
-1
-1
-1
30 12538
-1
28 12667
-1
28 12575
-1
-1
-1
28 12486
-1
26 12251
27 12061
27 12061
27 12061
-1
-1
27 12762
-1
-1
-1
-1
19 12786
20 12665
-1
-1
21 12858
-1
-1
-1
-1
-1
-1
-1
29 12776
-1
-1
-1
-1
-1
23 12485
-1
-1
-1
-1
23 12826
-1
25 11939
25 11939
-1
-1
27 12767
-1
-1
25 12266
-1
25 12266
26 12705
26 12671
-1
-1
-1
-1
-1
25 12648
25 12648
25 12648
26 12576
-1
-1
-1
-1
-1
28 12849
-1
-1
25 12885
25 12885
25 12856
-1
23 12714
-1
-1
-1
24 12708
-1
25 12611
25 12576
25 12317
-1
-1
-1
-1
26 12537
25 12618
25 12736
-1
-1
-1
22 12746
-1
22 12662
-1
-1
-1
-1
19 12817
-1
-1
-1
-1
-1
-1
-1
-1
-1
26 12584
-1
-1
28 12803
24 12819
-1
-1
-1
-1
26 12402
24 12593
-1
-1
-1
-1
25 12752
-1
26 12835
27 12663
-1
-1
-1
26 12429
27 12278
28 12617
-1
-1
31 12854
25 11959
25 12253
-1
-1
-1
-1
-1
-1
26 12081
-1
-1
-1
-1
-1
-1
-1
28 12447
-1
-1
-1
-1
26 12588
-1
-1
-1
-1
-1
-1
-1
-1
-1
22 12572
23 12847
-1
-1
-1
25 12575
-1
-1
28 12696
-1
-1
24 12080
24 12080
-1
-1
-1
-1
28 12868
-1
-1
-1
27 12538
-1
28 12611
25 12737
-1
-1
26 12278
26 12278
26 12250
26 12250
26 12433
-1
-1
26 12208
26 12208
-1
-1
-1
-1
-1
-1
-1
-1
25 12402
25 12376
25 12524
-1
22 12130
-1
-1
-1
-1
-1
-1
26 12561
-1
-1
-1
-1
-1
27 12322
-1
26 12862
27 12806
27 12806
-1
27 12806
-1
-1
-1
25 12116
26 12298
27 12752
27 12752
-1
-1
-1
25 12432
25 12432
-1
26 12820
26 12820
26 12820
-1
-1
-1
27 12504
-1
-1
-1
25 12850
-1
23 12617
-1
-1
-1
23 12648
-1
21 12703
21 12508
21 12508
22 12885
-1
-1
-1
-1
27 12703
-1
27 12715
27 12828
-1
-1
-1
-1
-1
-1
30 12643
-1
-1
-1
-1
-1
-1
27 12738
27 12738
-1
-1
23 12783
-1
22 12646
-1
24 12475
-1
25 12874
-1
26 12726
26 12726
-1
-1
-1
25 12616
25 12017
25 12017
-1
22 12714
-1
-1
25 12370
26 12526
27 12792
28 12850
-1
-1
-1
-1
-1
29 12538
29 12538
30 12707
27 12645
27 12645
-1
-1
-1
27 12662
-1
27 12557
-1
-1
26 12102
28 12853
25 12406
-1
24 12680
-1
-1
-1
-1
-1
-1
-1
-1
-1
24 12779
-1
-1
25 12216
-1
26 12341
28 12688
27 12842
27 12842
-1
24 12764
-1
24 12869
-1
21 12453
-1
-1
-1
20 12526
22 12845
-1
-1
21 12199
-1
25 12639
-1
-1
-1
27 11929
-1
28 12181
29 12354
29 12378
-1
-1
-1
28 12297
25 12425
27 12643
-1
-1
27 12810
-1
-1
25 12667
-1
25 12667
25 12434
26 12801
-1
-1
-1
-1
-1
24 12582
-1
-1
-1
-1
-1
23 12529
-1
24 12602
24 12291
24 12291
25 12766
28 12530
-1
-1
-1
27 12765
27 12374
25 12234
-1
-1
21 12649
21 12649
20 12878
-1
20 12830
-1
-1
-1
-1
-1
-1
-1
-1
19 12086
18 12458
-1
-1
19 12714
-1
19 12714
20 12249
-1
-1
-1
23 12077
-1
-1
-1
25 12834
25 12798
25 12798
-1
24 12237
23 12890
-1
20 12848
-1
-1
-1
21 12787
22 12457
24 12874
25 12883
26 12748
26 12748
26 12786
-1
26 12443
27 12654
-1
28 12520
-1
-1
25 12886
-1
25 12886
-1
-1
-1
-1
-1
27 12316
25 12556
25 12556
25 12844
-1
-1
-1
-1
-1
-1
-1
26 12148
26 12148
27 12293
-1
-1
29 12497
-1
29 12497
-1
-1
-1
29 12581
28 12777
-1
28 12783
27 12492
-1
26 12806
-1
22 12462
-1
-1
-1
-1
-1
25 12343
-1
-1
27 12728
-1
21 12594
-1
-1
-1
21 12667
21 12557
24 12846
-1
-1
-1
24 12215
24 12859
-1
-1
27 12543
-1
-1
-1
25 12666
-1
-1
-1
22 12503
22 12157
23 12266
24 12528
-1
-1
-1
21 12739
20 12327
-1
-1
23 12810
-1
22 12364
22 12509
-1
-1
22 12664
-1
-1
-1
-1
21 12478
-1
-1
21 12422
21 12422
-1
-1
-1
-1
-1
-1
-1
-1
30 12828
-1
-1
30 12859
30 12859
-1
27 12663
21 12464
21 12464
-1
-1
-1
23 12841
-1
26 12578
-1
-1
-1
26 12690
-1
24 12492
24 12871
24 12811
24 12408
25 12445
-1
-1
-1
27 12291
-1
-1
-1
-1
21 12239
-1
23 12882
-1
23 12869
-1
23 12458
-1
22 12662
23 12782
-1
22 12777
-1
22 12880
-1
-1
-1
24 12304
24 12304
25 12025
27 12581
-1
28 12793
-1
-1
-1
-1
-1
-1
-1
-1
-1
27 12562
-1
-1
-1
28 12597
27 12626
27 12401
-1
-1
-1
-1
-1
-1
-1
-1
-1
31 12840
28 12655
-1
-1
30 12870
-1
-1
-1
23 12744
23 12744
23 12186
23 12186
-1
-1
24 12817
24 12850
24 12856
-1
-1
-1
-1
-1
-1
29 12310
-1
-1
27 12777
-1
-1
-1
-1
-1
29 12819
-1
-1
25 12619
26 12260
26 12260
-1
27 12880
27 12880
27 12880
27 12880
-1
-1
-1
-1
-1
24 12647
-1
-1
-1
-1
-1
-1
24 12689
23 12270
22 12145
23 12523
23 12523
23 12764
22 12616
-1
-1
21 12005
-1
-1
-1
-1
-1
-1
25 12565
25 12565
-1
25 12795
25 12795
-1
-1
-1
28 12596
-1
-1
-1
-1
-1
31 12732
30 12361
27 12083
-1
-1
-1
-1
-1
23 12803
24 12822
-1
-1
-1
-1
-1
-1
-1
-1
-1
25 12566
-1
-1
-1
-1
-1
28 12529
-1
-1
28 12659
28 12659
28 12659
27 12329
-1
28 12715
28 12404
-1
-1
-1
-1
-1
-1
-1
-1
27 12715
27 12393
-1
28 12880
-1
28 12660
-1
-1
-1
-1
-1
27 12716
27 12716
-1
-1
25 11937
28 12867
-1
-1
-1
27 12819
26 12857
26 12857
-1
-1
25 12689
24 12860
-1
-1
25 12886
-1
24 12429
23 12294
23 12294
-1
25 12795
-1
-1
27 12765
-1
-1
27 12765
27 12765
27 12172
29 12874
-1
-1
-1
-1
-1
-1
-1
-1
27 12790
27 12790
-1
-1
25 12223
25 12623
-1
24 12527
25 12721
-1
-1
26 12886
-1
-1
-1
25 12257
-1
-1
21 12483
-1
22 12337
-1
-1
-1
-1
-1
25 12644
-1
25 12644
25 12644
27 12434
-1
27 12432
27 12396
-1
27 12396
-1
-1
25 12831
-1
-1
22 11971
23 12750
23 12750
23 12716
23 12716
-1
-1
24 12304
23 12317
-1
-1
-1
-1
-1
23 12712
-1
-1
-1
-1
20 12263
-1
-1
-1
22 12614
23 12627
-1
23 12627
23 12627
-1
-1
-1
24 12831
-1
-1
22 12248
-1
-1
24 12878
-1
25 12662
25 12314
25 12373
-1
-1
-1
-1
-1
-1
22 12192
22 12192
-1
21 12210
22 12781
-1
21 12598
-1
-1
20 12858
-1
21 12415
-1
25 12410
25 12410
26 12792
-1
26 12701
26 12701
-1
-1
26 12634
27 11949
27 11949
27 11949
-1
25 12661
24 12394
-1
21 12315
-1
-1
-1
-1
22 12622
22 12622
-1
22 12764
-1
-1
-1
21 12234
-1
21 12234
-1
-1
23 12828
23 12285
-1
-1
-1
-1
31 12771
31 12771
31 12771
-1
31 12889
28 12644
-1
27 12391
27 12391
-1
-1
-1
-1
26 12862
24 12677
-1
-1
-1
23 12032
-1
24 12683
-1
-1
27 12871
26 12638
-1
-1
25 12671
-1
24 12181
-1
23 12771
-1
23 12771
-1
-1
-1
22 12111
-1
24 12140
25 12683
23 12120
-1
-1
-1
-1
-1
25 12361
26 12835
-1
-1
-1
26 12871
-1
25 12813
23 12116
-1
-1
-1
23 12381
-1
23 12830
-1
-1
24 12882
-1
25 12800
25 12681
-1
25 12395
25 12575
-1
24 12297
24 12297
-1
26 12840
-1
23 12512
-1
-1
23 12510
-1
-1
25 12825
-1
25 12710
-1
-1
-1
-1
29 12607
-1
-1
30 12792
-1
30 12743
-1
-1
29 12874
27 12476
26 12824
23 12687
23 12687
23 12507
26 12583
-1
-1
25 12559
25 12559
-1
-1
-1
-1
25 12632
-1
-1
26 12564
24 12715
-1
-1
-1
-1
26 12435
27 12858
27 12858
-1
24 12306
25 12856
-1
-1
24 12690
-1
-1
-1
-1
-1
-1
-1
-1
-1
-1
25 12331
26 12808
-1
24 12864
-1
20 12546
20 12546
20 12546
22 12578
-1
-1
-1
-1
-1
-1
-1
24 12779
-1
-1
26 12879
26 12879
26 12448
-1
-1
-1
27 12649
-1
32 12707
-1
33 12196
-1
33 12196
-1
29 12246
28 12182
-1
-1
24 12736
19 12111
21 12859
20 12294
-1
21 12712
23 12847
23 12657
23 12657
-1
-1
-1
-1
-1
-1
-1
-1
-1
-1
26 12354
-1
-1
-1
-1
26 12025
-1
-1
29 12844
29 12844
29 12844
-1
28 12472
28 12472
-1
-1
28 12119
-1
-1
-1
-1
28 12826
26 12477
-1
25 12766
-1
27 12596
-1
25 12872
26 12733
26 12733
25 12661
-1
27 12506
27 12506
-1
27 12851
27 12851
-1
-1
-1
-1
-1
24 12552
-1
-1
-1
21 12153
-1
-1
21 12828
-1
-1
-1
-1
-1
22 12720
21 12408
21 12408
-1
-1
26 12727
-1
-1
29 12752
30 12681
32 12881
-1
-1
32 12773
30 12104
-1
-1
-1
31 12569
-1
32 12821
29 12312
-1
-1
-1
28 12702
-1
28 12702
30 12804
-1
-1
-1
-1
-1
28 12684
28 12768
-1
28 12768
-1
29 12318
-1
-1
22 12389
23 12708
22 12878
22 12878
-1
23 12799
-1
23 12438
21 12585
-1
-1
20 12365
21 12106
22 12446
-1
-1
-1
25 12205
26 12847
-1
26 12444
-1
23 12772
22 12708
23 12769
22 12611
22 12611
-1
23 12662
23 12781
-1
-1
-1
-1
-1
24 12219
-1
28 12850
-1
-1
-1
26 12664
-1
-1
22 12733
22 12733
-1
21 12040
-1
22 12826
24 12781
-1
-1
-1
-1
-1
-1
-1
27 12371
28 12771
-1
28 12306
-1
-1
24 12517
24 12157
-1
-1
-1
24 12514
-1
22 12271
-1
23 12740
-1
-1
23 12634
-1
20 12507
-1
22 12845
22 12845
-1
22 12845
22 12862
-1
-1
23 12810
-1
-1
28 12573
-1
-1
-1
-1
-1
-1
-1
-1
35 12678
-1
37 12645
-1
34 12417
-1
-1
-1
30 12805
-1
30 12805
30 12805
-1
-1
-1
-1
-1
-1
-1
25 12714
-1
-1
24 12197
-1
23 12229
22 12197
-1
-1
-1
22 12475
-1
-1
24 12172
-1
25 12760
-1
-1
-1
-1
28 12749
-1
25 12753
25 12753
25 12810
23 12636
23 12636
-1
23 12636
22 12730
22 12730
-1
23 12858
-1
24 12204
25 12697
-1
27 12890
26 12695
25 12388
26 12708
-1
-1
25 12761
25 12761
-1
26 12775
25 12730
-1
-1
-1
-1
32 12454
-1
-1
-1
-1
21 12759
21 12759
-1
-1
22 12604
22 12820
-1
23 12219
24 12745
24 12745
-1
-1
27 12769
27 12582
27 12582
27 12582
-1
-1
-1
-1
25 12682
-1
-1
-1
-1
20 12658
-1
21 12367
-1
-1
-1
-1
24 12766
-1
24 12766
24 12766
-1
24 12624
25 12753
-1
-1
28 12596
28 12596
-1
-1
-1
27 12760
-1
-1
26 12367
-1
-1
26 12791
25 12832
-1
24 12608
24 12608
24 12608
-1
-1
23 12298
23 12313
24 12630
-1
-1
-1
23 12826
-1
25 12006
-1
-1
25 12811
23 12319
-1
-1
-1
-1
-1
-1
24 12460
-1
-1
-1
-1
-1
-1
26 12709
26 12709
-1
-1
25 12555
-1
25 12131
-1
26 12414
26 12820
-1
24 12377
-1
25 12279
25 12279
-1
26 12815
27 12882
26 12495
-1
-1
-1
-1
-1
22 12875
-1
-1
-1
-1
-1
-1
-1
-1
-1
20 12661
-1
22 12856
24 12223
25 12418
25 12386
-1
-1
25 12145
-1
-1
-1
28 12826
28 12611
25 12299
-1
-1
-1
22 12598
22 12810
21 12178
-1
-1
-1
26 12791
26 12791
26 12601
-1
-1
20 12460
-1
-1
-1
24 12712
25 12261
-1
25 12115
-1
25 12115
-1
26 12100
-1
26 12424
-1
23 12701
-1
22 12518
-1
-1
25 12224
-1
-1
25 12847
-1
-1
28 12729
-1
-1
28 12876
-1
-1
-1
-1
-1
24 12844
24 12844
24 12844
24 12078
24 12226
-1
24 12226
-1
-1
26 12747
26 12747
26 12516
26 12573
26 12812
26 12493
-1
-1
-1
-1
24 12847
-1
24 12764
24 12210
-1
-1
25 12814
28 12709
-1
28 12680
30 12873
-1
-1
-1
22 12763
22 12763
21 12761
-1
-1
24 12407
-1
-1
-1
25 12757
-1
-1
-1
-1
30 12829
24 11978
24 12869
24 12869
24 12851
-1
-1
-1
-1
-1
25 12799
-1
-1
-1
22 12754
22 12754
-1
-1
-1
-1
-1
-1
-1
27 12131
28 12881
-1
-1
29 12599
-1
-1
25 12738
-1
-1
25 12490
24 12839
-1
26 12726
-1
27 12831
28 12618
-1
27 12037
28 12712
28 12874
25 12378
26 12786
26 12786
-1
24 12092
-1
-1
-1
27 12714
27 12607
28 12640
-1
-1
26 12865
-1
-1
-1
27 12768
27 12768
-1
-1
27 12570
26 12127
27 12633
27 12633
-1
-1
-1
25 12563
25 12563
-1
-1
26 12842
-1
-1
-1
-1
-1
24 12669
23 12697
-1
25 12420
-1
-1
-1
-1
-1
-1
27 12810
-1
-1
22 12143
22 12870
-1
-1
-1
-1
-1
24 12778
-1
-1
26 12461
26 12461
27 12853
-1
-1
24 12051
-1
-1
-1
26 12696
-1
-1
-1
-1
-1
-1
27 12884
-1
25 12686
-1
-1
25 12440
26 12827
-1
-1
-1
-1
20 12558
19 12773
-1
18 12101
-1
-1
-1
-1
-1
-1
24 12538
-1
-1
-1
-1
-1
-1
-1
24 12149
25 12617
24 12448
-1
23 12693
-1
20 12855
21 12475
21 12475
-1
22 12768
22 12768
22 12169
-1
-1
-1
-1
25 12355
-1
-1
-1
27 12677
-1
-1
28 12530
-1
-1
29 12149
27 12624
27 12671
-1
-1
-1
-1
26 12635
-1
29 12779
29 12702
26 12529
-1
-1
26 12580
-1
26 12149
-1
24 12181
-1
-1
-1
22 12112
23 12270
-1
23 12270
27 12814
-1
26 12311
-1
-1
-1
-1
27 12249
27 12249
-1
-1
-1
-1
-1
26 12052
26 12052
-1
-1
25 12486
-1
-1
26 12527
26 11939
-1
29 12776
-1
25 12807
-1
22 12621
-1
-1
-1
-1
-1
-1
-1
-1
-1
25 12650
25 12591
-1
25 12704
-1
-1
23 12504
-1
-1
24 12786
-1
23 12624
-1
22 12133
-1
-1
24 12842
-1
-1
25 12595
25 12550
-1
-1
-1
-1
-1
24 12491
24 12491
-1
26 12670
-1
27 12806
28 12843
-1
26 12166
-1
27 12832
28 12568
-1
29 12838
-1
-1
-1
-1
31 12885
-1
30 12144
30 12144
-1
-1
26 12860
26 12594
-1
-1
27 12867
-1
21 12513
-1
21 12513
22 12629
-1
-1
24 12755
24 12755
25 12878
-1
22 12561
21 12220
25 12300
-1
26 12544
24 12806
-1
25 12130
26 12456
-1
26 12763
-1
24 12427
24 12427
-1
24 12766
24 12766
24 12766
24 12766
24 12372
24 12662
22 12412
-1
-1
23 12544
-1
-1
-1
25 12841
24 12819
-1
23 12633
-1
-1
26 12306
-1
-1
28 12775
27 12697
-1
27 12697
-1
27 12646
-1
-1
-1
27 12795
27 12795
-1
29 12285
29 12806
-1
-1
32 12890
31 12394
31 12394
-1
31 12737
-1
-1
-1
-1
31 12858
-1
-1
29 12891
-1
-1
-1
-1
25 12829
-1
-1
-1
-1
-1
31 12808
32 12672
32 11984
-1
-1
-1
-1
-1
25 12457
-1
-1
24 12279
24 12279
-1
25 12039
-1
-1
-1
27 12786
-1
27 12451
28 12704
28 12342
-1
-1
-1
20 12412
22 12832
-1
22 12347
22 12347
22 12890
22 12890
-1
23 12489
26 12508
-1
-1
-1
26 12771
-1
-1
27 12431
-1
-1
24 12571
24 12571
-1
25 12713
25 12713
26 12886
26 12814
-1
26 12814
-1
28 12854
26 12205
28 12532
30 12855
-1
-1
25 12478
24 12561
-1
-1
26 12851
25 12365
-1
25 12816
24 12455
25 12884
-1
25 12541
25 12541
-1
-1
27 12850
28 12882
27 12616
-1
-1
27 12616
27 12762
28 12889
-1
28 12889
-1
29 12837
28 12551
-1
29 12800
29 12800
29 12800
-1
25 12161
-1
-1
-1
-1
23 12296
23 12852
22 12804
-1
23 12876
23 12218
-1
25 12586
25 12711
-1
28 12481
-1
-1
30 12796
-1
31 12663
27 12028
27 12028
-1
29 12399
26 12096
26 12792
27 12612
29 12785
28 12236
28 12236
29 12754
29 12754
-1
-1
-1
26 12213
-1
-1
-1
-1
-1
-1
26 12710
26 12710
-1
-1
-1
-1
-1
-1
27 12698
25 12638
27 12647
-1
-1
-1
28 12684
-1
-1
-1
-1
-1
-1
-1
-1
23 12097
-1
23 12097
23 12097
23 12654
-1
-1
21 12315
21 12270
21 12771
-1
-1
-1
24 12868
-1
25 12876
-1
-1
-1
-1
24 12629
-1
23 12431
-1
24 12880
-1
-1
23 12825
-1
21 12152
23 12351
23 12351
-1
20 12845
20 12664
21 12863
-1
20 12809
20 12809
20 12862
-1
-1
20 12434
-1
21 12431
22 12143
22 12659
-1
-1
-1
26 12294
-1
25 12860
26 12592
-1
-1
26 12838
-1
-1
24 12680
-1
29 12317
-1
-1
-1
29 12881
29 12881
26 12796
27 12575
-1
24 12534
24 12534
25 12814
21 12639
21 12639
21 12628
-1
20 12865
-1
-1
-1
20 12684
-1
22 12834
-1
24 12805
-1
-1
27 12222
-1
27 12735
-1
-1
-1
27 12694
-1
28 12773
28 12208
-1
-1
33 12453
-1
26 12812
-1
-1
26 12537
-1
-1
-1
25 12538
-1
-1
25 12857
-1
-1
-1
-1
26 12848
-1
-1
26 12804
26 12625
25 12400
25 12400
-1
-1
25 12740
-1
-1
-1
-1
21 12241
-1
24 12341
29 12776
-1
-1
32 12811
30 12206
32 12871
-1
-1
33 12770
-1
32 12411
-1
-1
-1
26 12495
26 12708
-1
25 12762
25 12762
-1
22 12723
-1
22 12723
23 12776
23 12776
22 12593
-1
-1
-1
-1
24 12613
-1
24 12251
24 12544
27 12572
28 12706
27 12494
27 12003
-1
24 12642
-1
-1
25 12071
-1
25 12071
25 12071
26 12691
-1
24 12378
-1
24 12403
-1
-1
-1
27 12250
24 12685
-1
24 12033
-1
-1
-1
-1
-1
-1
25 12547
-1
-1
-1
21 12852
-1
-1
-1
19 12845
-1
18 12016
-1
-1
-1
19 12188
-1
22 12346
22 12346
22 12346
22 12346
22 12346
-1
23 12476
24 12696
-1
-1
27 12828
-1
-1
-1
29 12219
-1
29 12219
30 12850
-1
-1
-1
-1
-1
30 12584
-1
-1
-1
-1
26 12795
-1
25 12192
-1
-1
25 12323
24 12412
24 12412
24 12412
-1
-1
22 12322
-1
24 12767
-1
-1
-1
-1
-1
25 12370
-1
-1
31 12348
31 12348
31 12348
-1
-1
-1
-1
-1
-1
-1
-1
-1
30 12224
-1
28 12788
22 12798
21 12313
-1
-1
23 12194
-1
26 12696
-1
27 12226
-1
-1
30 12561
30 12561
30 12561
-1
-1
25 12466
25 12466
26 12806
-1
-1
-1
25 12502
25 12502
-1
25 12502
25 12502
-1
25 12275
-1
-1
28 12769
-1
-1
29 12825
-1
28 12787
-1
-1
-1
25 12487
24 12660
23 12850
-1
-1
-1
21 12676
22 12600
-1
-1
25 12864
-1
-1
-1
24 12640
-1
25 12122
-1
-1
-1
23 12239
-1
-1
-1
25 12505
25 12505
-1
-1
-1
-1
32 12755
-1
-1
30 12092
-1
-1
28 12824
-1
28 12855
28 12855
-1
29 12634
28 12284
-1
-1
28 12805
-1
-1
-1
-1
-1
-1
23 12828
23 12548
23 12854
22 12003
-1
-1
24 12750
23 11903
-1
-1
-1
25 12683
-1
-1
26 12689
-1
-1
-1
26 12793
26 12793
25 12119
26 12458
26 12083
26 12083
-1
25 12716
-1
26 12712
-1
-1
-1
24 12701
23 12448
-1
20 12444
-1
-1
-1
-1
-1
21 12833
21 12833
23 12764
-1
-1
25 12686
-1
-1
-1
27 12506
-1
-1
27 12336
-1
27 12336
-1
-1
-1
-1
-1
28 12300
27 12743
-1
27 12385
-1
-1
-1
-1
21 12293
-1
-1
-1
29 12796
-1
31 12405
31 12775
-1
29 12626
-1
28 12625
-1
26 12816
-1
26 12851
26 12851
25 12550
-1
25 12550
-1
-1
25 12498
-1
-1
-1
-1
-1
25 12693
-1
-1
22 12653
22 12653
-1
23 12569
-1
-1
-1
-1
23 12476
-1
23 12476
23 12665
25 12316
-1
30 12807
29 12452
-1
-1
25 12704
-1
-1
-1
-1
25 12356
25 12124
-1
26 12548
-1
-1
-1
-1
-1
-1
26 12628
-1
25 12204
-1
27 12526
-1
-1
24 12361
24 12361
-1
-1
-1
-1
-1
-1
25 12255
-1
23 12593
-1
-1
-1
-1
-1
-1
20 12766
22 12721
-1
-1
-1
27 12828
27 12885
-1
-1
22 12318
-1
22 12479
22 12479
-1
24 12819
-1
-1
-1
-1
21 12730
-1
21 12575
23 12849
26 12536
-1
26 12366
-1
-1
27 12209
-1
-1
-1
-1
-1
-1
25 12798
26 12828
-1
-1
26 12582
26 12582
-1
-1
-1
-1
24 12872
-1
24 12797
28 12884
-1
-1
28 12715
-1
28 12410
29 12685
29 12685
29 12685
-1
-1
30 12878
-1
-1
-1
-1
32 12391
33 12747
29 12800
28 11953
-1
-1
19 12882
-1
22 12439
-1
-1
24 12811
-1
27 12824
-1
26 12721
27 12547
-1
24 12870
-1
24 12870
-1
24 12592
-1
-1
-1
-1
-1
-1
-1
-1
-1
-1
20 12731
-1
-1
22 12261
-1
22 12261
23 12673
24 12509
-1
-1
-1
28 12809
28 12554
28 12554
-1
-1
-1
23 12225
-1
26 12826
-1
-1
-1
-1
28 12812
28 12812
-1
-1
-1
30 12408
30 12408
-1
-1
29 12638
29 12638
-1
23 12458
-1
22 12757
25 12080
-1
-1
-1
22 12812
21 12700
21 12700
21 12385
-1
-1
22 12668
-1
-1
27 12866
-1
-1
-1
-1
-1
-1
-1
29 12881
28 12847
27 12669
-1
-1
28 12313
-1
25 12365
-1
26 12832
26 12874
-1
-1
24 12699
21 12888
-1
-1
19 12736
-1
19 12612
-1
-1
21 12280
28 12684
29 12378
-1
-1
-1
22 12436
-1
-1
-1
-1
25 12851
-1
-1
25 12304
-1
25 12640
-1
-1
23 12246
-1
23 12246
26 12021
-1
24 12520
25 12812
-1
-1
-1
27 12868
-1
-1
23 12862
27 12500
-1
27 12732
-1
27 12875
-1
27 12875
-1
24 12691
-1
-1
-1
-1
-1
23 12226
-1
23 12226
-1
23 12206
23 12206
-1
-1
-1
-1
20 12414
20 12414
-1
-1
19 12265
20 12842
-1
-1
24 12569
-1
25 12397
-1
-1
-1
25 12341
25 12361
-1
-1
-1
21 12273
-1
-1
-1
20 12269
20 12269
22 12816
-1
-1
-1
23 12427
23 12656
24 12582
26 12679
-1
-1
26 12652
26 12652
-1
-1
26 12473
-1
24 12831
-1
24 12809
-1
22 12570
-1
-1
23 12110
-1
-1
25 12701
24 12620
24 12423
-1
-1
25 12366
28 12888
29 12638
-1
30 12814
-1
-1
-1
26 12820
-1
26 12833
-1
26 12833
-1
26 12506
26 12808
25 12782
25 12782
-1
-1
-1
-1
25 12830
-1
-1
-1
-1
25 12489
-1
24 12865
24 12865
-1
25 12149
-1
-1
-1
-1
28 12499
-1
-1
-1
-1
-1
31 12549
31 12385
30 12479
-1
-1
33 12655
-1
-1
-1
29 12846
29 12846
28 12059
-1
-1
-1
-1
-1
-1
26 12458
26 12458
-1
-1
-1
28 12883
-1
28 12724
-1
-1
29 12412
-1
-1
-1
-1
-1
-1
-1
24 12576
-1
24 12576
24 12845
25 12741
-1
-1
24 12566
-1
-1
-1
-1
-1
21 12311
21 12311
22 12847
23 12886
-1
-1
-1
-1
-1
-1
-1
21 12443
-1
-1
23 12759
-1
22 12882
23 12841
25 12806
-1
26 12410
27 12395
27 12395
-1
-1
-1
28 12196
-1
-1
-1
-1
-1
27 12369
27 12369
25 12637
-1
22 12397
-1
-1
-1
-1
-1
23 12771
-1
-1
24 12737
-1
-1
-1
26 12509
26 12476
-1
24 12719
-1
-1
-1
-1
-1
-1
-1
22 12511
23 12858
-1
24 12785
24 12257
-1
-1
25 12028
-1
-1
28 12796
-1
27 12642
-1
26 12890
-1
30 12351
30 12351
-1
32 12817
-1
-1
30 12549
29 12362
-1
-1
-1
30 12689
30 12588
-1
-1
-1
30 12592
-1
29 12432
29 12256
-1
-1
-1
-1
32 12454
-1
26 12785
-1
26 12309
-1
25 12154
-1
-1
-1
-1
-1
-1
-1
-1
20 12097
-1
-1
-1
-1
22 12263
23 12804
22 12083
22 12083
22 12083
-1
-1
-1
-1
-1
-1
-1
-1
22 12600
-1
22 12557
23 12155
24 12701
24 12614
-1
26 12559
-1
-1
26 12890
27 12214
-1
29 12719
-1
29 12759
29 12759
-1
-1
32 12837
32 12837
-1
32 12613
-1
32 12411
32 12411
-1
32 12268
34 12796
33 12760
33 12760
31 12041
-1
26 12877
25 12880
25 12849
25 12849
-1
-1
30 12061
-1
-1
-1
-1
30 12603
28 12141
28 12141
-1
28 12582
-1
27 12819
-1
28 12727
28 12727
28 12727
20 12640
-1
21 12779
-1
21 12057
-1
22 12701
-1
-1
22 12814
25 12618
-1
-1
24 12310
26 12707
25 12859
-1
-1
24 12186
23 12642
23 12642
24 12776
-1
26 12298
26 12298
-1
-1
23 12308
-1
25 12788
-1
27 12510
-1
-1
27 12804
27 12804
-1
-1
-1
-1
-1
22 12627
21 12014
-1
24 12470
-1
-1
28 12560
28 12560
-1
-1
-1
-1
-1
-1
25 12167
-1
-1
26 12303
-1
-1
27 12315
27 12315
-1
27 12315
-1
28 12715
27 12880
-1
-1
25 12662
-1
-1
-1
-1
26 12362
26 12570
-1
-1
27 12201
-1
27 12201
-1
-1
-1
-1
20 12869
-1
-1
21 12560
-1
23 12597
26 12654
26 12654
-1
-1
25 12591
26 12883
-1
-1
-1
-1
-1
-1
-1
-1
26 12357
-1
26 12840
26 12840
26 12276
-1
-1
26 12578
28 12536
28 12430
-1
-1
29 12794
29 12620
26 12702
-1
23 12283
24 12891
24 12891
-1
24 12352
24 12352
-1
-1
-1
-1
28 12550
28 12550
-1
28 12550
-1
-1
-1
27 12596
23 12640
-1
22 12704
23 12787
-1
23 12685
25 12822
-1
-1
-1
-1
-1
28 12229
-1
-1
27 12875
-1
-1
25 12850
-1
26 12432
26 12758
25 12861
-1
-1
25 12532
-1
26 12716
26 12716
26 12716
-1
26 12716
-1
25 12662
-1
-1
-1
-1
-1
27 12668
27 12668
-1
28 12841
-1
29 12033
-1
-1
27 12607
-1
19 12310
19 12310
-1
-1
-1
-1
19 12568
-1
19 12154
-1
-1
21 12490
21 12490
-1
-1
23 12641
24 12340
24 12551
-1
24 12452
24 12692
-1
-1
-1
-1
22 12625
-1
-1
-1
21 12675
-1
22 12858
-1
21 12392
22 12835
-1
-1
25 12412
-1
-1
28 12535
28 12582
30 12492
29 12631
-1
27 12477
-1
-1
-1
-1
-1
-1
-1
-1
24 12593
-1
23 12151
-1
-1
-1
-1
27 12291
27 12291
-1
-1
30 12490
32 12779
27 11955
-1
-1
24 12756
24 12676
24 12683
24 12683
26 12699
27 12650
-1
-1
-1
28 12805
-1
-1
-1
20 12592
-1
-1
-1
-1
-1
-1
23 12406
-1
31 12570
32 12782
-1
34 12588
-1
-1
-1
-1
34 12865
34 11987
-1
35 12562
-1
32 12548
32 12548
-1
-1
26 12479
26 12479
26 12632
-1
23 12492
23 12811
-1
-1
24 12396
26 12810
-1
-1
-1
24 12567
-1
-1
26 12877
26 12877
26 12698
-1
-1
-1
-1
30 12869
-1
27 12350
25 12355
25 12355
-1
-1
25 12502
-1
-1
-1
-1
23 12858
-1
-1
-1
-1
25 12764
-1
-1
-1
25 12179
26 12632
28 12712
28 12712
28 12712
28 12712
28 11998
28 11998
28 11998
-1
27 12115
27 12547
-1
28 12550
28 12313
28 12313
29 12485
-1
30 12729
29 12186
31 12734
-1
29 12609
-1
30 12800
31 12838
-1
-1
-1
30 12569
28 12163
-1
-1
-1
28 12163
-1
-1
-1
-1
-1
23 12666
-1
23 12838
-1
24 12868
24 12640
-1
25 12870
-1
-1
24 12544
-1
-1
26 12716
26 12665
-1
-1
26 12604
-1
23 12789
-1
-1
-1
-1
21 12198
-1
-1
-1
-1
-1
20 12461
20 12461
-1
-1
-1
20 12847
-1
19 12473
-1
19 12529
-1
-1
23 12797
23 12597
-1
-1
-1
-1
-1
-1
-1
-1
28 12860
28 12860
-1
28 12403
-1
-1
29 12488
29 12488
-1
28 12753
-1
26 12292
-1
-1
-1
-1
-1
-1
-1
-1
-1
-1
-1
-1
-1
-1
-1
21 12424
-1
23 12554
23 12554
-1
24 12871
-1
25 12383
25 12378
-1
-1
-1
-1
21 12794
21 12794
21 12794
22 12424
-1
-1
23 12757
-1
23 12599
-1
-1
-1
-1
26 12862
-1
-1
24 12656
-1
-1
-1
-1
26 12669
-1
-1
30 12844
30 12756
27 12688
-1
25 12425
25 12400
-1
-1
25 12730
-1
-1
-1
-1
-1
25 12619
24 12670
-1
24 12206
24 12013
-1
-1
26 12387
-1
24 12267
24 12267
-1
23 12829
-1
21 12015
21 12270
-1
-1
-1
22 12861
21 12180
-1
21 12324
-1
22 12386
-1
-1
-1
20 12428
-1
-1
-1
21 12504
-1
21 12428
21 12570
-1
-1
-1
22 12647
22 12647
23 12596
23 12341
25 12636
-1
-1
-1
28 12508
28 12508
-1
25 12783
-1
24 12560
27 12841
-1
-1
26 12772
25 12330
26 12338
26 12338
28 12541
29 12847
-1
-1
-1
-1
-1
25 12842
-1
-1
-1
-1
27 12628
-1
-1
25 12316
27 12633
-1
-1
-1
29 12817
-1
-1
25 12616
-1
-1
-1
-1
-1
-1
-1
-1
-1
20 12615
20 12773
-1
-1
-1
-1
-1
-1
23 12857
-1
-1
-1
30 12453
30 12453
-1
-1
-1
29 12678
-1
-1
28 12513
25 12343
26 12827
-1
-1
23 12834
-1
-1
-1
23 12696
-1
25 12643
-1
27 12831
28 12769
-1
30 12305
-1
31 12392
-1
29 12709
25 12266
-1
-1
-1
-1
-1
22 12466
-1
21 12120
22 12564
-1
22 12100
-1
23 12182
-1
24 12833
24 12889
24 12889
-1
-1
-1
-1
-1
24 12697
26 12852
25 12858
-1
-1
25 12858
-1
26 12241
-1
-1
-1
-1
29 12491
-1
-1
27 12571
-1
-1
-1
28 12796
-1
-1
-1
-1
-1
-1
-1
27 12834
24 12397
24 12397
25 12868
25 12868
25 12546
-1
23 12800
-1
-1
-1
-1
-1
22 12361
-1
23 12108
23 12108
-1
-1
24 12861
-1
25 12796
25 12796
25 12654
-1
-1
25 12796
-1
26 12589
26 12589
26 12362
27 12744
-1
27 12315
-1
-1
-1
-1
-1
-1
-1
-1
-1
-1
22 12613
23 12712
-1
24 12309
-1
27 12860
-1
25 12699
-1
-1
-1
-1
-1
-1
-1
22 12548
27 12435
27 12435
-1
30 12876
30 12603
-1
-1
-1
30 12603
30 12575
-1
-1
30 12459
-1
28 12853
28 12853
-1
24 12877
-1
22 12853
-1
22 12751
-1
-1
23 12338
-1
26 12203
-1
-1
-1
28 12836
-1
-1
28 12818
27 12877
-1
24 12592
25 12439
-1
25 12439
-1
22 12596
-1
-1
-1
25 12437
27 12851
27 12851
23 12336
23 12336
24 12430
-1
-1
24 12620
24 12620
-1
-1
-1
-1
-1
-1
-1
-1
-1
23 12724
23 12720
23 12603
-1
-1
22 12635
-1
-1
20 12887
-1
21 11923
22 12527
20 12442
20 12442
21 12720
-1
22 12565
22 12453
-1
-1
24 12651
29 12584
-1
27 12331
27 12331
-1
28 12750
26 12693
-1
-1
24 12116
-1
-1
-1
-1
23 12851
21 12812
-1
-1
22 12659
-1
-1
23 12665
23 12230
-1
22 12361
23 12732
-1
23 12635
-1
-1
-1
26 12424
-1
-1
-1
27 12875
27 12875
27 12710
26 12567
25 12465
25 12465
25 12465
25 12465
-1
-1
29 12353
-1
-1
27 12543
-1
-1
-1
-1
-1
-1
-1
-1
27 11992
27 11992
-1
-1
-1
-1
-1
-1
-1
26 12858
-1
26 12858
-1
-1
-1
-1
-1
-1
-1
-1
26 12109
26 12109
-1
28 12777
-1
31 12861
29 12611
-1
30 12536
-1
27 12811
28 12773
-1
-1
-1
-1
26 12250
26 12250
-1
-1
27 12445
-1
-1
24 12857
23 12634
23 12634
-1
-1
23 12412
24 12533
24 12790
-1
27 12781
27 12414
-1
28 12548
-1
-1
-1
28 12548
-1
-1
-1
22 12379
-1
23 12110
-1
-1
23 12110
-1
24 12604
-1
-1
27 12385
-1
-1
-1
-1
26 12572
-1
-1
27 12571
27 12571
-1
-1
27 12505
-1
-1
-1
26 12753
25 12689
26 12689
-1
-1
24 12519
-1
-1
-1
21 12469
-1
-1
23 12564
-1
-1
24 12802
25 12832
24 12696
25 12705
-1
24 12567
-1
-1
-1
-1
25 12840
-1
25 12840
24 12823
26 11947
-1
-1
27 12722
-1
28 12656
28 12871
-1
-1
-1
-1
-1
-1
-1
-1
-1
-1
20 12225
-1
22 12301
23 12766
-1
-1
-1
23 12829
-1
-1
-1
-1
24 12841
-1
-1
-1
-1
26 12176
-1
-1
-1
-1
-1
-1
29 12678
30 12739
31 12565
31 12565
-1
-1
-1
27 12286
27 12286
-1
-1
-1
-1
28 12858
27 12804
28 12552
-1
-1
-1
-1
-1
31 12736
-1
29 12295
-1
-1
29 12726
-1
29 12874
-1
-1
-1
26 12109
-1
27 12581
-1
-1
24 12815
-1
-1
-1
-1
-1
-1
22 12349
-1
23 12715
24 12874
24 12336
24 12336
-1
-1
-1
25 12729
-1
24 12240
-1
25 12066
-1
-1
27 12567
-1
-1
-1
28 12849
28 12763
-1
-1
-1
28 12507
-1
27 12256
-1
-1
-1
-1
28 12461
29 12673
-1
-1
30 12860
-1
28 12098
-1
-1
29 12876
29 12876
-1
-1
-1
-1
-1
-1
24 12624
-1
25 12646
27 12836
-1
-1
25 12332
27 12888
26 12601
-1
-1
25 12624
-1
-1
-1
23 12667
-1
-1
24 12302
24 12302
-1
25 12809
25 12374
-1
26 12586
25 12524
-1
-1
25 12658
23 12594
22 12784
-1
20 12873
20 12760
18 12546
-1
-1
-1
-1
-1
20 12105
-1
-1
-1
-1
-1
24 12203
-1
25 12719
-1
-1
-1
23 12677
-1
-1
-1
26 12486
-1
-1
-1
-1
-1
28 12784
28 12784
-1
-1
-1
-1
-1
-1
-1
28 12605
29 12631
-1
-1
-1
28 12664
27 12409
-1
27 12131
27 12451
27 12865
-1
-1
26 12693
-1
25 12660
-1
22 12600
-1
22 12598
22 12306
-1
-1
-1
25 12851
-1
-1
-1
-1
26 12831
26 12831
-1
-1
25 12759
24 12250
25 12610
26 12666
-1
-1
-1
25 12779
26 12521
26 12521
25 12738
-1
-1
-1
-1
-1
-1
-1
27 12493
27 12552
26 12858
-1
26 12858
25 12396
-1
24 12243
25 12614
-1
-1
-1
-1
-1
-1
-1
27 12459
27 12751
-1
-1
26 12166
-1
25 12378
-1
-1
24 12214
-1
25 12889
-1
24 12405
-1
-1
24 12463
-1
-1
-1
26 12765
-1
-1
28 12852
26 12801
-1
-1
24 12815
24 12815
-1
26 12753
-1
-1
-1
-1
-1
25 12799
24 12725
-1
-1
-1
24 12725
24 12603
25 12799
-1
-1
25 12745
23 12724
22 11917
-1
-1
24 12851
21 12228
-1
-1
-1
-1
-1
-1
-1
-1
-1
24 12655
24 12099
24 12099
-1
23 12527
-1
-1
-1
22 12878
23 12271
-1
25 12468
25 12468
25 12717
25 12717
-1
26 12655
-1
-1
25 12718
-1
24 12487
-1
20 12106
22 12719
-1
22 12353
23 12179
-1
-1
26 12467
-1
-1
26 12467
27 12440
27 12115
-1
28 12338
-1
-1
-1
-1
28 12802
-1
-1
-1
24 12642
-1
25 12201
25 12624
-1
-1
-1
-1
25 12537
-1
-1
22 12518
-1
-1
-1
-1
-1
22 12658
22 12818
22 12400
-1
-1
-1
24 12456
24 12456
-1
-1
-1
-1
-1
-1
32 12019
-1
33 12270
-1
-1
32 12791
-1
-1
-1
33 12742
-1
-1
-1
-1
29 12778
29 12185
-1
-1
29 12410
31 12863
-1
-1
-1
-1
-1
-1
-1
-1
-1
24 12413
-1
-1
-1
24 12592
-1
24 12592
-1
-1
-1
-1
-1
-1
-1
-1
-1
23 12455
-1
23 12594
-1
22 12042
-1
24 12024
-1
25 12818
-1
-1
26 12476
25 12286
-1
27 12675
27 12675
-1
-1
-1
29 12756
-1
-1
-1
-1
-1
-1
25 12673
22 12808
-1
-1
-1
-1
22 12570
-1
-1
23 12750
-1
-1
-1
-1
-1
-1
23 12857
-1
23 12815
-1
-1
24 12673
-1
-1
-1
23 12755
-1
-1
25 12673
25 12624
-1
24 12506
24 12506
24 12745
24 12745
-1
24 12745
-1
-1
-1
-1
26 12470
-1
-1
-1
-1
-1
28 12819
28 12819
-1
-1
28 12701
26 12400
-1
27 12480
-1
-1
-1
28 12621
-1
-1
-1
28 12768
-1
-1
26 12575
26 12580
26 12467
-1
25 12538
25 12397
26 12058
-1
-1
-1
24 12641
-1
26 12813
-1
-1
-1
25 12444
-1
-1
21 12244
-1
21 12717
21 12717
20 12614
-1
-1
-1
23 12560
23 12560
25 12481
-1
26 12769
23 12487
25 12576
25 12563
-1
-1
26 12785
28 12670
-1
30 12102
32 12619
30 12684
29 12891
29 12891
-1
-1
-1
-1
-1
29 12777
-1
-1
25 12646
-1
21 12699
-1
21 12453
21 12114
-1
24 12509
24 12509
24 12150
-1
26 12879
26 12716
-1
-1
-1
-1
-1
26 12428
-1
-1
-1
26 12726
-1
-1
-1
27 12823
-1
-1
27 12707
28 12827
28 12827
-1
-1
-1
-1
27 12709
-1
28 12289
-1
29 12687
26 12005
26 12005
-1
-1
-1
-1
-1
-1
22 12631
23 12575
23 12575
23 12575
-1
-1
-1
25 12822
-1
26 12408
27 12890
-1
-1
-1
-1
-1
18 12343
19 12832
19 12832
19 12832
19 12832
-1
-1
21 12518
22 12821
23 12817
-1
-1
-1
-1
-1
-1
-1
32 12610
-1
-1
-1
-1
-1
24 12109
26 12280
27 12614
23 12370
25 12877
25 12877
25 12678
23 12272
-1
25 12584
25 12584
-1
-1
29 12841
29 12785
-1
-1
-1
-1
-1
20 12825
19 12044
-1
21 12650
-1
22 12864
-1
21 12535
-1
-1
22 12175
-1
21 12252
22 12589
-1
22 12833
-1
-1
-1
24 12717
24 12717
24 12717
-1
24 12772
25 12287
29 12833
-1
32 12832
-1
28 12727
-1
-1
29 12690
27 12407
-1
-1
27 12794
-1
-1
27 12531
27 12531
26 12690
26 12860
25 12428
25 12428
25 12428
-1
-1
-1
28 12810
-1
-1
-1
-1
-1
-1
-1
-1
-1
34 12566
-1
-1
-1
-1
-1
-1
-1
-1
-1
26 12851
-1
24 12745
-1
-1
-1
24 12761
24 12761
-1
-1
-1
-1
23 12671
-1
21 12543
-1
-1
-1
-1
24 12317
25 12769
-1
-1
-1
-1
-1
-1
-1
22 12856
-1
22 12856
22 12856
22 12856
22 12060
22 12060
-1
22 12202
24 12677
25 12844
-1
25 12759
25 12592
-1
-1
27 12658
25 12355
-1
25 12171
-1
25 12835
-1
-1
-1
-1
-1
-1
23 12617
23 12501
-1
-1
23 12847
-1
-1
-1
24 12581
-1
-1
-1
28 12814
-1
28 12814
28 12739
-1
28 12551
-1
29 12767
-1
-1
-1
29 12795
29 12795
24 12762
-1
-1
29 12695
-1
29 12695
29 12695
29 12727
-1
28 12365
28 12402
-1
28 12315
26 12006
-1
-1
-1
25 12774
23 12805
-1
-1
-1
-1
22 12763
-1
23 12756
23 12756
25 12442
-1
-1
-1
26 12583
-1
26 12583
-1
-1
26 12309
26 12309
-1
27 12544
-1
28 12622
-1
27 12743
-1
-1
-1
29 12798
-1
-1
-1
-1
27 12697
-1
24 12687
23 12387
-1
-1
-1
-1
-1
28 12776
27 12778
27 12009
-1
-1
-1
-1
-1
-1
-1
28 12840
-1
24 12845
-1
24 12600
-1
-1
-1
-1
31 12644
-1
-1
-1
22 12728
-1
22 12399
23 12593
-1
-1
28 12162
28 12622
-1
-1
-1
-1
24 12871
-1
24 12736
-1
-1
27 12500
27 12500
-1
22 12355
-1
22 12247
22 12161
23 12393
23 12393
-1
24 12645
24 11948
-1
26 12255
27 12706
-1
-1
27 12588
-1
28 12728
-1
-1
-1
-1
28 12217
-1
-1
-1
-1
-1
-1
-1
32 12292
-1
-1
-1
33 12634
33 12588
-1
-1
-1
-1
-1
32 12880
-1
32 12587
-1
-1
32 12692
-1
-1
-1
-1
-1
-1
-1
29 12738
28 12877
28 12877
-1
-1
26 12744
23 12561
23 12561
-1
-1
23 12797
-1
-1
-1
24 12742
-1
24 12742
-1
24 12210
26 12813
-1
-1
24 12424
-1
-1
-1
-1
25 12727
-1
-1
-1
-1
26 12598
-1
26 12598
-1
24 12580
-1
-1
24 12824
-1
27 12823
27 12834
-1
-1
26 11960
-1
28 12859
-1
30 12833
30 12869
-1
30 12523
-1
-1
-1
-1
26 12717
-1
-1
25 12762
-1
-1
-1
22 12157
-1
-1
-1
-1
-1
22 12671
-1
-1
-1
-1
-1
25 12769
-1
-1
28 12865
26 12122
27 12889
27 12889
27 12889
26 12382
-1
27 12505
-1
27 12606
-1
-1
24 12193
-1
25 12446
-1
28 12867
-1
25 12637
-1
-1
25 12596
-1
-1
30 12766
-1
-1
-1
30 12680
-1
-1
29 12163
-1
-1
-1
-1
20 12651
21 12697
23 11946
-1
24 12368
24 12874
-1
-1
-1
-1
-1
-1
-1
-1
-1
-1
-1
-1
-1
25 12826
25 12826
-1
26 12856
-1
25 12264
-1
29 12494
30 12173
30 12173
30 12173
30 12556
-1
-1
-1
-1
-1
-1
-1
27 12567
-1
-1
28 12783
26 12346
-1
-1
-1
27 12098
27 12098
-1
-1
-1
28 12750
28 12750
23 12147
-1
-1
24 12578
24 12813
24 12813
24 12813
24 12813
-1
24 12241
-1
-1
-1
-1
-1
-1
26 12526
28 12754
-1
26 12589
-1
27 12390
-1
26 12793
26 12793
-1
-1
25 12579
-1
25 12781
-1
-1
22 12605
26 12327
-1
-1
-1
26 12789
-1
27 12673
-1
-1
-1
26 12551
-1
-1
-1
-1
22 12129
-1
-1
-1
-1
-1
22 12364
21 12708
22 12195
22 12344
-1
23 12442
-1
-1
-1
-1
28 12442
-1
25 12722
24 12152
-1
-1
-1
24 11915
25 12802
25 12039
-1
-1
29 12653
-1
-1
-1
-1
-1
-1
-1
27 12594
26 12661
-1
-1
-1
-1
25 12849
25 12849
-1
-1
-1
26 12585
26 12585
-1
-1
-1
-1
33 12539
33 12882
-1
-1
-1
33 12843
-1
33 12808
-1
-1
25 12703
-1
-1
28 12225
27 12470
28 12340
29 12764
30 12799
-1
30 12799
30 12799
30 12881
-1
28 12310
-1
28 12536
-1
-1
30 12471
-1
26 12698
-1
24 12827
-1
-1
-1
23 12758
21 12688
21 12688
21 12688
20 12318
-1
-1
23 12164
-1
-1
24 12568
-1
-1
-1
25 12622
-1
-1
-1
-1
-1
27 12749
-1
-1
-1
-1
-1
30 12860
31 12586
-1
-1
-1
-1
27 12489
-1
-1
25 12288
26 12707
-1
26 12707
-1
-1
25 12563
25 12563
25 12563
-1
23 12277
23 12608
22 12413
-1
-1
26 12799
26 12886
-1
-1
-1
26 12398
28 12858
28 12857
28 12718
-1
-1
-1
-1
-1
29 12450
-1
-1
-1
-1
-1
-1
30 12608
-1
-1
31 12830
-1
28 12371
28 12371
-1
24 12880
23 12590
-1
25 12568
-1
-1
-1
23 12332
24 12810
24 12625
-1
24 12890
24 12733
-1
-1
-1
22 12249
-1
-1
25 12866
-1
-1
28 12828
-1
-1
21 12279
-1
-1
-1
-1
-1
23 12727
23 12445
-1
-1
25 12870
23 12074
23 12074
24 12401
24 12572
-1
27 12713
-1
27 12786
-1
-1
-1
35 12817
-1
-1
-1
-1
-1
33 12307
33 12548
-1
31 12617
-1
-1
26 12734
26 12712
26 12712
-1
26 12256
-1
-1
27 12809
-1
-1
24 12145
-1
25 12661
-1
-1
26 12881
-1
-1
-1
26 12614
-1
29 12499
-1
27 12298
-1
-1
-1
-1
-1
-1
24 12331
24 12605
-1
-1
-1
27 12883
-1
-1
27 12339
-1
-1
-1
27 12519
-1
28 12878
27 12443
-1
-1
-1
27 12679
-1
25 12241
25 12241
-1
-1
-1
21 12584
-1
21 12584
-1
26 12050
27 12111
-1
-1
30 12065
32 12725
-1
-1
-1
30 12250
32 12845
-1
30 12735
-1
-1
26 12773
-1
26 12619
26 12831
-1
25 12686
23 12869
-1
22 12184
22 12214
-1
-1
-1
-1
22 12579
-1
-1
-1
-1
-1
21 12832
21 12832
21 12832
-1
-1
27 12777
-1
27 12716
26 12614
-1
-1
-1
27 12358
-1
26 12446
-1
26 12584
26 12584
-1
-1
-1
-1
-1
-1
-1
28 12831
-1
-1
26 12331
-1
-1
26 12283
-1
-1
-1
-1
-1
-1
-1
-1
26 12221
26 12745
-1
26 12776
-1
27 12708
-1
25 12742
25 12774
25 12774
-1
-1
-1
-1
-1
-1
-1
-1
-1
26 11968
27 12590
28 12788
-1
24 12652
-1
-1
25 12807
27 12693
-1
-1
29 12777
30 12571
-1
-1
32 12798
34 12873
34 12873
34 12873
34 12633
-1
34 12764
-1
-1
-1
-1
-1
-1
21 12552
-1
23 12877
24 12862
-1
24 12529
-1
27 12865
-1
-1
28 12265
31 12622
31 12177
-1
-1
-1
-1
-1
-1
-1
20 12615
20 12761
22 12863
-1
-1
-1
21 12322
-1
-1
-1
-1
-1
-1
26 12295
-1
-1
-1
23 12747
21 12643
22 12773
-1
22 12773
-1
24 12525
-1
-1
24 12683
24 12683
24 12863
-1
24 12782
24 12438
-1
-1
25 12555
-1
-1
-1
23 12644
23 12519
24 12706
-1
-1
22 12603
-1
23 12848
23 12201
23 12201
24 12463
-1
28 12598
-1
29 12645
-1
31 12259
-1
31 12445
32 12619
33 12863
-1
-1
28 12596
-1
-1
-1
-1
-1
-1
-1
27 12837
-1
24 12619
24 12857
24 12857
24 12846
-1
23 12711
-1
-1
-1
20 12335
-1
20 12081
-1
-1
-1
-1
-1
-1
23 12531
25 12861
25 12861
24 12377
24 12716
24 12716
24 11982
24 11982
24 12850
24 12850
-1
24 12833
-1
-1
-1
-1
-1
25 12283
-1
-1
-1
-1
25 12845
26 12140
26 12140
26 12140
-1
-1
23 12861
-1
-1
21 12441
-1
-1
-1
-1
-1
21 12329
21 12716
20 12237
24 12187
25 12504
27 12871
-1
-1
-1
-1
32 12449
33 12528
31 12495
-1
33 12656
-1
-1
-1
31 12398
-1
-1
32 12554
32 12554
-1
31 12352
34 12818
34 12818
-1
-1
33 12864
33 12864
26 12745
-1
-1
-1
20 12396
-1
-1
21 11930
-1
-1
23 12550
-1
-1
22 12125
-1
23 12552
24 12708
-1
-1
-1
28 12873
29 12804
-1
-1
26 12748
-1
-1
26 12880
26 12880
26 12880
26 12531
-1
-1
-1
-1
-1
-1
28 11995
-1
-1
29 12402
30 12139
-1
29 12648
30 12813
29 12544
29 12544
-1
-1
29 12669
-1
-1
26 12437
-1
26 12549
26 12748
-1
26 12748
27 12842
-1
23 12676
-1
-1
-1
-1
22 12322
-1
-1
19 12519
19 12485
19 12550
-1
-1
-1
-1
20 12792
20 12792
20 12792
21 12740
-1
22 12787
-1
-1
-1
23 12772
-1
-1
-1
23 12513
22 12707
-1
-1
-1
21 12240
-1
-1
-1
21 12717
-1
-1
-1
23 12852
24 12817
-1
24 12817
-1
24 12269
-1
24 12269
24 12269
-1
26 12553
-1
29 12809
-1
27 12834
-1
-1
-1
28 12801
25 12825
25 12825
24 12790
25 12787
-1
-1
27 12801
-1
-1
-1
-1
28 12762
-1
27 12723
-1
-1
-1
-1
-1
22 12749
-1
22 12661
23 12854
22 12792
22 12170
-1
-1
-1
-1
24 12753
23 12292
-1
-1
-1
-1
22 12535
-1
-1
-1
22 12864
24 12844
-1
23 12485
-1
23 12485
26 12870
25 11989
-1
-1
-1
-1
27 12736
27 12714
-1
-1
-1
24 12186
24 12186
-1
25 12359
-1
-1
-1
27 12360
-1
30 12472
-1
29 12480
-1
29 12540
30 12730
30 12730
30 12412
-1
31 12127
32 12631
32 12631
33 12716
30 12545
26 12685
-1
24 12876
24 12747
22 12268
23 12749
22 12726
22 12726
-1
24 12820
-1
26 12780
-1
23 12127
24 12645
-1
-1
-1
-1
-1
26 12842
26 12659
-1
-1
-1
-1
-1
25 12814
-1
-1
-1
27 12881
-1
29 12879
-1
28 12614
-1
26 12853
24 12363
-1
23 12806
23 12806
-1
24 12778
-1
25 12661
-1
23 12283
21 12394
21 12394
21 12394
-1
-1
-1
-1
-1
23 12849
-1
-1
-1
-1
27 12550
28 12814
-1
26 12669
-1
-1
-1
25 12385
25 12385
-1
24 12819
-1
22 12879
22 12879
-1
-1
22 12613
21 12146
-1
-1
-1
-1
-1
27 12848
-1
-1
-1
-1
28 12848
-1
24 12192
24 12839
-1
-1
-1
24 12663
24 12663
-1
23 12790
23 12790
-1
-1
23 12791
-1
-1
-1
-1
-1
-1
23 12565
-1
-1
24 12477
-1
-1
-1
-1
25 12844
25 12844
23 12305
-1
-1
-1
-1
-1
-1
-1
-1
-1
-1
29 12701
-1
-1
-1
-1
30 12797
-1
27 12615
-1
-1
-1
25 12573
-1
25 12573
23 11995
-1
25 12831
-1
27 12764
27 12764
27 12764
27 12764
-1
24 12535
-1
-1
25 12052
-1
26 12526
-1
-1
-1
-1
26 12584
-1
-1
-1
-1
26 12783
-1
-1
-1
25 12711
27 12876
26 12418
-1
-1
27 12817
27 12817
-1
-1
27 12739
-1
-1
27 12761
27 12761
-1
25 12306
25 12636
-1
-1
24 12335
24 12488
24 12488
-1
-1
-1
-1
24 12842
-1
22 12707
-1
-1
-1
23 12715
-1
-1
24 12877
24 12877
25 12858
-1
-1
-1
23 12820
-1
21 12596
24 12846
24 12846
-1
27 12322
-1
-1
28 12843
-1
-1
29 12872
28 12784
-1
-1
-1
-1
-1
-1
-1
23 12730
22 12667
-1
-1
-1
22 12415
-1
23 12820
-1
-1
-1
27 12540
28 12831
-1
-1
-1
-1
-1
22 12254
21 12409
-1
22 12109
-1
23 12855
-1
-1
-1
-1
-1
-1
26 12453
-1
-1
29 12817
-1
-1
-1
-1
-1
-1
31 12478
32 12817
31 12397
27 12762
-1
26 12752
26 12563
-1
-1
-1
-1
28 12880
28 12833
-1
27 12474
-1
29 12646
30 12376
-1
-1
-1
25 12246
25 12246
-1
27 12368
25 12324
25 12456
25 12827
-1
-1
-1
-1
23 12474
24 12376
-1
26 12853
-1
-1
-1
-1
-1
25 12286
25 12286
-1
26 12637
26 12644
-1
-1
-1
-1
-1
29 12716
-1
-1
-1
28 12468
28 12468
-1
29 12763
-1
28 12727
28 12834
-1
-1
-1
-1
-1
21 12292
-1
-1
-1
26 12816
26 12816
-1
-1
-1
-1
24 12176
-1
26 12886
-1
-1
24 12760
24 12760
24 12760
23 12541
23 12541
-1
23 12632
21 12809
-1
22 12648
-1
-1
-1
22 12362
-1
-1
21 12373
23 12741
-1
25 12311
25 12311
26 12665
-1
29 12261
26 12838
-1
24 12508
24 12508
-1
-1
22 12759
23 12547
-1
24 12726
-1
-1
-1
-1
-1
-1
31 12772
31 12772
-1
-1
31 12198
-1
-1
-1
-1
-1
25 12475
26 12816
26 12864
-1
-1
22 12564
-1
-1
-1
-1
-1
23 12696
-1
-1
-1
23 12681
24 12820
24 12820
-1
24 12646
-1
-1
26 12744
26 12744
-1
-1
24 12353
25 12683
-1
25 12683
25 12281
-1
26 12530
-1
-1
-1
28 12764
-1
27 12820
-1
21 12149
-1
18 12737
-1
-1
-1
18 12890
18 12890
18 12518
-1
-1
24 12322
25 12479
-1
-1
-1
-1
-1
-1
29 12817
-1
31 12511
-1
29 12884
27 12768
-1
-1
29 12859
-1
31 12872
31 12872
-1
27 12761
-1
25 12311
-1
28 12781
-1
-1
23 12431
23 12068
23 12068
-1
25 12711
-1
-1
25 12061
26 12607
-1
-1
-1
28 12869
27 12836
27 12836
-1
-1
28 12146
28 12146
24 12461
21 12196
21 12316
-1
25 12056
-1
-1
29 12810
-1
-1
-1
31 12518
31 12518
-1
-1
35 12819
33 12858
27 12721
25 12341
-1
-1
-1
-1
-1
25 12394
-1
-1
26 12828
-1
26 12828
26 12828
-1
26 12715
-1
-1
-1
-1
27 12477
-1
-1
-1
-1
-1
27 12637
-1
-1
23 12560
-1
23 12756
-1
-1
-1
-1
-1
24 12749
-1
23 12529
22 12407
22 12407
24 12644
-1
24 12795
-1
-1
-1
-1
27 12647
26 12847
-1
23 12549
-1
23 12206
-1
-1
-1
24 12444
-1
-1
-1
24 12159
-1
-1
24 12247
27 12513
-1
-1
25 12609
25 12207
-1
26 12332
-1
-1
25 12469
-1
-1
-1
-1
-1
-1
-1
-1
24 12686
-1
-1
-1
-1
24 12632
-1
-1
-1
-1
24 12441
-1
25 12747
23 12186
-1
-1
23 12677
-1
-1
22 12510
-1
-1
23 12366
23 12708
22 12839
-1
-1
24 12670
-1
-1
-1
24 12827
-1
-1
26 12801
-1
-1
21 12824
22 12678
-1
-1
-1
-1
22 12533
-1
23 12193
-1
-1
23 12512
-1
22 12843
-1
-1
-1
-1
-1
25 12663
25 12663
-1
25 12670
25 12585
-1
26 12088
-1
26 12088
-1
24 12321
24 12794
24 12794
-1
-1
24 12713
22 12469
22 12469
21 12666
21 12439
22 12806
22 12806
22 12719
-1
-1
21 12821
21 12157
-1
22 12650
22 12650
23 12765
-1
24 12018
-1
-1
24 12437
25 12735
25 12735
-1
23 12017
24 12478
-1
27 12331
-1
28 12064
29 12213
31 12551
30 12744
-1
-1
-1
-1
-1
21 12798
20 12861
20 12701
-1
-1
-1
22 12822
-1
-1
-1
-1
-1
24 12812
-1
-1
-1
26 12887
-1
-1
-1
29 12852
-1
-1
30 12802
-1
27 12608
-1
-1
27 12608
-1
-1
27 12758
-1
26 12460
-1
-1
-1
21 12712
22 12813
-1
-1
-1
-1
-1
25 12363
26 12738
22 12680
-1
22 12775
-1
26 12559
27 12678
26 12371
-1
28 12723
-1
30 12267
-1
-1
-1
-1
-1
24 12875
-1
-1
23 12691
-1
24 12759
-1
-1
23 12805
-1
-1
24 12889
-1
-1
23 12540
23 12679
24 12612
-1
-1
-1
28 12439
28 12439
-1
-1
29 12643
30 12849
-1
31 12061
32 12362
33 12810
-1
-1
32 12763
31 12139
-1
-1
26 12398
28 12866
28 12866
29 12797
-1
-1
28 12818
-1
24 12660
25 12858
-1
24 12413
24 12677
-1
-1
-1
21 12182
21 12182
-1
23 12567
-1
-1
-1
22 12457
23 12777
23 12496
25 12696
24 12425
25 12873
-1
-1
26 12828
-1
-1
28 12833
24 12205
24 12205
24 12205
25 12582
26 12125
-1
-1
-1
-1
-1
25 12305
24 12584
-1
-1
-1
21 11998
23 12372
23 12372
-1
21 12430
-1
22 12644
-1
-1
-1
24 12741
-1
24 12235
26 12633
-1
26 12183
-1
-1
26 12183
27 12604
28 12781
26 12522
-1
23 12274
-1
25 12378
-1
24 12650
-1
-1
22 12287
22 12296
-1
22 12748
22 12748
-1
-1
24 12454
-1
26 12639
-1
25 12850
25 12850
25 12850
23 12368
22 12681
22 12091
22 12091
23 12786
-1
-1
-1
22 12734
24 12807
-1
23 12531
-1
-1
24 12720
-1
-1
22 12278
-1
-1
-1
-1
24 12477
-1
-1
-1
-1
-1
-1
24 12494
25 12615
-1
22 12189
-1
19 12852
-1
18 12366
19 12286
20 12881
22 12346
-1
-1
-1
23 12424
23 12527
-1
-1
24 12651
-1
-1
-1
-1
24 12336
-1
-1
23 12733
-1
-1
-1
-1
-1
24 12708
25 12848
-1
24 12356
-1
27 12240
-1
24 12623
-1
-1
19 12706
-1
18 12304
-1
-1
-1
-1
19 12663
20 12650
20 12371
-1
-1
-1
-1
-1
-1
-1
26 12856
-1
25 12273
-1
-1
25 12273
-1
-1
-1
24 12445
25 12658
25 12658
24 12697
-1
-1
-1
-1
-1
-1
28 12760
-1
34 12817
34 12779
-1
33 12143
33 12535
-1
33 12123
-1
-1
-1
24 12231
-1
-1
-1
26 12843
25 12886
-1
-1
-1
-1
21 12706
-1
-1
-1
-1
-1
-1
24 11974
27 12388
-1
-1
28 12615
-1
-1
29 12689
-1
-1
-1
30 12295
-1
-1
-1
-1
-1
-1
-1
27 12481
-1
-1
24 12444
-1
-1
-1
24 12693
-1
-1
-1
-1
-1
27 12783
25 12557
25 12557
-1
-1
-1
27 12754
27 12770
-1
24 12810
-1
24 12810
-1
25 12776
-1
-1
26 12866
-1
-1
-1
24 12628
24 12301
30 12656
-1
-1
-1
29 12878
-1
-1
-1
-1
-1
-1
-1
-1
-1
26 12842
-1
-1
23 12442
23 12386
25 12346
-1
-1
25 12655
-1
26 12828
-1
-1
27 12681
-1
-1
29 12804
-1
-1
25 12592
-1
-1
-1
-1
-1
26 12824
26 12824
-1
-1
25 12299
-1
22 12747
24 12821
27 12876
-1
28 12504
28 12102
-1
-1
-1
-1
-1
29 12430
-1
-1
27 12847
-1
-1
-1
-1
-1
-1
-1
-1
21 12167
23 12821
-1
-1
-1
-1
26 12684
25 12615
-1
25 12323
25 12386
25 12386
-1
-1
-1
-1
22 12711
-1
-1
22 12857
-1
21 12308
-1
-1
20 11987
-1
-1
-1
-1
-1
22 12291
22 12291
-1
-1
-1
31 12802
-1
-1
31 12017
31 12017
31 12809
31 12809
31 12809
31 12809
-1
26 12717
26 12717
-1
-1
-1
27 12824
27 12837
27 12837
-1
24 12357
24 12539
-1
-1
24 12606
-1
23 12467
-1
-1
24 12337
24 12337
-1
-1
-1
-1
28 12463
-1
-1
-1
29 12578
-1
29 12856
29 12741
-1
-1
30 12272
-1
-1
-1
34 12490
-1
28 12584
27 12887
-1
-1
26 12317
27 12826
-1
-1
-1
-1
-1
27 12818
27 12818
27 12818
-1
-1
27 12044
29 12041
26 12651
-1
-1
-1
26 12200
25 12825
-1
-1
22 12661
-1
-1
26 12805
26 12299
27 12702
-1
30 12738
-1
-1
-1
33 12418
33 11980
34 12559
-1
-1
-1
-1
-1
36 12418
-1
33 12598
-1
34 12744
34 12744
-1
-1
-1
-1
-1
-1
-1
-1
-1
22 12697
23 12612
-1
24 12643
25 12754
-1
24 12642
-1
-1
-1
-1
-1
-1
25 12800
-1
25 12431
26 12844
26 12844
-1
-1
-1
-1
26 12861
26 12289
-1
-1
-1
-1
-1
27 11935
-1
-1
29 12614
-1
-1
-1
27 12703
27 12703
-1
-1
-1
-1
28 12700
-1
-1
29 12787
29 12789
-1
-1
29 12206
-1
-1
28 12864
28 12864
-1
25 12735
25 12735
-1
23 12692
-1
26 12839
-1
23 12572
23 12572
-1
-1
-1
-1
-1
24 12673
-1
23 12462
23 12462
-1
25 12474
-1
-1
-1
-1
-1
-1
-1
29 12546
29 12546
30 12842
30 12842
-1
-1
27 12687
27 12687
27 12173
-1
29 12272
-1
-1
26 12874
26 12374
28 12628
28 12628
-1
27 12293
25 12872
-1
24 12427
23 12484
-1
-1
27 12760
-1
-1
-1
26 12761
26 12395
26 12105
27 12880
-1
-1
-1
-1
-1
-1
-1
23 12257
23 12610
-1
-1
24 12645
24 12730
-1
-1
24 12730
24 12730
-1
23 12152
23 12152
-1
-1
-1
-1
-1
21 12309
21 12043
-1
-1
23 12317
-1
24 11955
26 12855
-1
25 12850
25 12469
25 12469
-1
27 12855
27 12855
-1
28 12420
29 12557
-1
28 12764
28 12682
28 12682
-1
-1
28 12275
-1
29 12732
-1
-1
-1
31 12878
28 12258
28 12258
-1
31 12469
31 12781
-1
-1
-1
29 12733
-1
26 12280
-1
-1
23 12865
-1
23 12858
-1
-1
23 12571
23 12571
23 12522
21 11958
-1
-1
21 12865
21 12865
-1
19 12363
19 12363
-1
-1
22 12690
-1
26 12234
26 12234
-1
24 12542
-1
24 12363
24 12888
23 12322
-1
-1
-1
23 12324
-1
21 12527
23 12680
22 12312
22 12312
-1
-1
-1
-1
-1
-1
-1
22 12341
-1
-1
-1
-1
-1
24 12173
24 12173
20 12536
-1
-1
-1
-1
-1
-1
-1
-1
23 12119
25 12778
23 12067
-1
-1
23 12465
24 12743
-1
25 12266
27 12871
27 12871
27 12519
-1
-1
-1
27 12651
26 12492
29 12849
30 12886
-1
30 12886
-1
30 12614
30 12614
30 12614
-1
-1
-1
33 12836
-1
-1
-1
-1
-1
-1
28 12840
-1
26 12577
-1
-1
21 12409
23 12847
-1
-1
-1
-1
-1
-1
-1
-1
27 12649
27 12649
24 12419
24 12279
23 12673
23 12673
24 12868
-1
24 12685
-1
-1
-1
-1
-1
-1
-1
-1
24 12626
-1
-1
-1
25 12712
-1
26 12473
26 12646
-1
-1
-1
24 12830
-1
24 12865
-1
24 12865
-1
-1
25 12812
-1
-1
-1
-1
-1
-1
-1
25 12583
27 12835
27 12835
24 12188
-1
25 12841
-1
-1
25 12788
26 12520
26 12429
-1
-1
-1
-1
-1
26 12362
28 12642
30 12433
-1
-1
-1
32 12341
-1
-1
-1
-1
26 12796
24 12873
-1
-1
-1
27 12731
26 12797
-1
-1
-1
-1
22 12800
-1
-1
21 12513
21 12513
22 12855
21 12844
21 12844
-1
22 12496
24 12847
-1
-1
24 12562
-1
-1
-1
23 12644
-1
-1
22 12763
21 12396
-1
-1
22 12455
-1
-1
-1
-1
-1
-1
25 12488
26 12707
-1
25 12394
25 12394
-1
24 12283
24 12283
-1
24 12076
24 12076
-1
-1
-1
27 12824
-1
-1
22 12651
-1
-1
-1
24 12828
25 12458
-1
-1
-1
25 12868
-1
24 12619
23 12251
-1
23 12803
23 12803
23 12559
-1
-1
-1
-1
26 12849
-1
-1
-1
-1
27 12767
-1
-1
31 12807
29 12485
29 12485
-1
-1
28 12780
-1
-1
-1
23 12622
23 12328
24 12394
26 12581
-1
-1
-1
27 12812
-1
26 12154
-1
24 12015
-1
-1
-1
28 12486
-1
-1
-1
26 12444
27 12723
27 12723
-1
-1
-1
28 12238
29 12822
-1
29 12530
29 12709
29 12858
-1
26 12327
-1
27 12689
-1
24 12157
20 12358
-1
-1
-1
21 12674
21 12731
21 12731
-1
-1
-1
21 12139
-1
-1
25 12698
25 12698
23 12519
23 12519
23 12706
-1
-1
-1
25 12710
25 12710
-1
26 12714
27 12638
-1
-1
-1
26 12648
25 12835
-1
-1
23 12355
23 12355
23 12703
22 12655
-1
23 12833
-1
-1
-1
-1
-1
-1
24 11995
-1
-1
25 12127
26 12864
26 12864
25 12819
25 12187
-1
25 12790
25 12790
-1
-1
23 12460
25 12474
25 12474
26 12194
27 12586
26 12751
26 12310
-1
27 12325
-1
29 12435
-1
-1
31 12786
-1
30 12438
31 12642
-1
-1
22 11973
-1
23 12887
-1
-1
22 12597
24 12627
-1
22 12389
22 12561
21 12891
25 12876
-1
-1
-1
-1
27 12061
28 12468
28 12468
28 12468
-1
-1
28 12246
-1
-1
25 12584
25 12444
25 12323
20 12545
-1
-1
-1
19 12054
-1
-1
-1
19 12284
19 12284
-1
-1
-1
-1
24 12160
24 12160
24 12160
-1
26 12807
-1
-1
26 12437
27 12711
-1
-1
-1
-1
26 12890
-1
-1
25 12768
-1
21 12353
-1
24 12863
25 12882
25 12854
24 12641
-1
-1
-1
-1
-1
-1
26 12638
30 12846
-1
29 12860
26 12884
26 12884
-1
-1
26 12404
27 12605
-1
24 12595
24 12491
-1
-1
-1
26 12780
26 12205
-1
-1
-1
-1
25 12052
27 12762
27 12762
-1
-1
-1
-1
25 12104
-1
-1
26 12851
-1
-1
26 12464
-1
26 12551
-1
25 12655
-1
-1
25 12832
-1
-1
-1
-1
25 12759
-1
-1
-1
-1
-1
-1
-1
27 12498
26 12623
26 12385
27 12738
-1
-1
-1
-1
-1
30 12660
-1
-1
31 12866
-1
31 12577
-1
27 12081
-1
27 12459
-1
26 12819
24 12813
24 12813
-1
24 12813
22 12027
-1
-1
26 12833
-1
28 12415
27 12638
-1
-1
27 12825
-1
26 12271
25 12620
-1
-1
-1
24 12433
-1
-1
24 12612
-1
25 12771
25 12771
-1
24 12854
-1
-1
26 12829
-1
-1
-1
20 12761
20 12374
22 12830
-1
-1
23 12289
-1
-1
-1
-1
-1
25 12756
26 12873
26 12873
-1
-1
-1
-1
28 12794
-1
26 12258
-1
28 12888
29 12192
29 12441
27 12661
27 12367
27 12367
-1
-1
21 12307
-1
26 12756
27 12853
29 12660
-1
-1
30 12675
30 12675
-1
-1
29 12158
-1
29 12837
24 12592
-1
25 12433
-1
26 12461
-1
-1
24 12237
-1
-1
-1
-1
25 12791
-1
-1
24 12451
24 12635
24 12525
-1
-1
-1
-1
22 12321
25 12356
-1
-1
-1
-1
-1
32 12561
32 12561
-1
31 12666
-1
-1
33 12856
-1
-1
32 12842
-1
30 12489
30 12266
-1
-1
29 12095
-1
28 12604
30 12847
29 12811
-1
-1
30 12624
-1
-1
-1
28 12748
29 12886
29 12886
-1
-1
-1
-1
-1
27 12793
-1
24 12223
-1
-1
-1
-1
-1
23 12363
-1
-1
23 12670
-1
26 12796
26 12796
-1
-1
27 12619
28 12687
28 12687
28 12818
-1
-1
30 12496
-1
-1
-1
29 12651
-1
-1
-1
-1
-1
-1
27 12840
-1
-1
25 12253
24 12499
24 12035
24 12035
-1
29 12735
27 12020
27 12020
-1
29 12807
30 12630
-1
-1
30 12444
-1
31 12761
-1
-1
-1
-1
-1
-1
-1
22 12765
22 12765
22 12765
22 12765
-1
20 12751
-1
-1
-1
19 12684
-1
21 12852
20 12201
-1
23 12363
23 12323
-1
-1
-1
-1
-1
-1
-1
-1
25 12064
-1
-1
23 12411
23 12411
-1
23 12641
22 12785
-1
22 12716
22 12716
22 12716
-1
20 12703
-1
19 12241
-1
22 12615
-1
-1
22 12580
-1
22 12598
-1
26 12817
-1
-1
26 12758
-1
26 12747
26 12418
-1
-1
25 12616
-1
26 12863
26 12863
24 11949
-1
23 12851
23 12851
23 12851
-1
23 12354
-1
23 12354
24 12746
-1
-1
-1
24 12303
-1
-1
27 12647
-1
26 12324
-1
25 12874
25 12874
25 12874
25 12726
-1
19 12383
-1
-1
-1
-1
25 12497
-1
-1
-1
-1
26 12665
-1
-1
28 12690
-1
-1
-1
27 12833
22 12601
-1
-1
26 12825
26 12825
-1
27 12776
25 12745
-1
25 12745
26 12394
26 12394
-1
-1
-1
-1
-1
-1
-1
-1
25 12533
-1
-1
-1
-1
24 12813
23 12423
23 12423
-1
-1
-1
29 12860
29 12374
-1
28 12635
-1
23 12782
-1
22 12720
-1
-1
22 12062
-1
26 12347
-1
-1
-1
-1
-1
-1
-1
23 12121
-1
-1
23 12121
-1
-1
-1
26 12891
-1
-1
26 12298
23 12278
23 12278
-1
22 12758
-1
21 12791
-1
-1
-1
-1
-1
-1
19 12476
-1
-1
-1
-1
23 12802
-1
-1
-1
-1
-1
22 12881
-1
-1
-1
-1
-1
-1
-1
24 12773
25 12862
-1
-1
25 12606
-1
-1
24 12036
-1
25 12686
-1
-1
-1
24 12819
24 12819
25 12783
-1
-1
-1
23 12317
23 12391
23 12470
23 12470
-1
24 12846
24 12846
25 12395
-1
-1
27 12362
27 12362
-1
27 12296
-1
28 12577
28 12339
-1
-1
-1
-1
-1
24 12754
-1
24 12882
25 12560
-1
-1
-1
-1
-1
22 12867
22 12867
-1
21 12420
-1
-1
25 12191
25 12749
-1
-1
26 12873
-1
26 12341
-1
-1
-1
26 12663
-1
-1
-1
-1
26 12425
26 12425
-1
25 12781
21 12073
21 12073
-1
-1
22 12339
-1
22 12672
22 12672
-1
22 12809
-1
-1
-1
24 12320
-1
-1
-1
-1
26 12867
-1
-1
-1
-1
-1
24 12702
25 12866
25 12818
-1
-1
-1
22 12415
-1
26 12560
-1
28 12783
-1
-1
29 11977
-1
32 12301
26 12648
27 12749
-1
-1
23 12360
-1
26 12811
-1
-1
-1
-1
-1
-1
23 12637
-1
-1
-1
23 12770
-1
22 12185
23 12464
-1
-1
24 12887
-1
27 12461
29 12715
28 12177
-1
29 12225
-1
-1
-1
-1
-1
-1
32 12786
22 12315
-1
22 12616
-1
-1
26 12648
-1
25 12278
24 12854
-1
-1
-1
25 12567
25 12567
25 12167
25 12167
24 12859
25 12136
25 12136
26 12583
-1
-1
-1
27 12862
-1
-1
-1
-1
-1
-1
-1
-1
-1
-1
-1
28 12509
-1
-1
-1
21 12874
21 12874
-1
20 12792
-1
-1
-1
-1
21 12310
-1
-1
-1
22 12498
22 12828
22 12094
-1
-1
22 12392
-1
-1
-1
23 12644
23 12378
25 12791
22 12569
-1
-1
23 12741
-1
-1
-1
22 12845
-1
22 12818
-1
-1
-1
-1
-1
26 12540
25 12855
-1
22 12284
-1
23 12501
23 12501
-1
-1
-1
-1
-1
32 12888
-1
-1
31 12831
31 12100
-1
32 12589
-1
32 12618
33 12807
30 12154
-1
30 12517
-1
-1
-1
-1
29 12635
29 12635
29 12635
-1
-1
-1
32 12428
-1
-1
32 12577
29 12833
26 12745
-1
23 12764
23 12764
-1
-1
-1
-1
-1
-1
-1
26 12491
25 12466
-1
25 12859
-1
-1
-1
22 12778
-1
-1
-1
-1
-1
21 12670
22 12746
22 12746
23 12714
-1
25 12767
25 12767
25 12501
-1
27 12826
27 12547
-1
-1
-1
-1
-1
-1
-1
22 12485
-1
-1
-1
-1
25 12826
-1
-1
-1
27 12345
28 12664
-1
-1
27 12788
-1
-1
-1
-1
26 12239
-1
27 12232
27 12232
-1
-1
27 12600
27 12600
25 12588
-1
24 12360
-1
-1
20 12440
-1
-1
20 12777
-1
-1
21 12304
-1
23 12823
23 12628
-1
24 12828
-1
-1
25 12169
-1
-1
-1
29 12830
27 12538
-1
23 12176
-1
27 12792
-1
27 12481
27 12481
-1
-1
28 12846
28 12846
-1
-1
-1
-1
-1
26 12073
28 12772
-1
-1
25 12457
26 12791
25 12632
-1
23 12811
-1
-1
26 12679
24 12846
24 12446
-1
-1
-1
27 12719
27 12358
-1
-1
29 12772
-1
-1
28 12730
-1
24 12709
-1
24 12864
24 12864
-1
-1
-1
-1
25 12877
25 12518
-1
-1
26 12760
-1
-1
27 12444
-1
-1
-1
-1
-1
-1
-1
23 12759
23 12209
24 12813
-1
-1
-1
-1
-1
-1
-1
-1
26 12742
-1
24 12394
22 12517
22 12517
22 12305
-1
-1
-1
28 12518
29 12306
26 12653
-1
20 12030
21 12584
-1
19 12773
19 12773
19 12773
21 12765
21 12765
21 12568
-1
-1
26 12675
-1
26 12675
-1
26 12641
-1
27 12590
26 12522
-1
22 12724
22 12273
-1
-1
25 12556
25 12556
25 12556
27 12401
28 12858
-1
30 12577
-1
-1
-1
-1
-1
-1
24 12325
-1
-1
-1
-1
24 12340
-1
-1
25 12570
33 12822
33 12822
-1
29 12821
29 12714
28 12786
-1
-1
-1
-1
-1
-1
28 12766
-1
-1
-1
29 12242
-1
-1
-1
-1
29 12370
-1
-1
-1
26 12626
-1
21 12523
21 12523
-1
21 12037
21 12037
-1
-1
24 12585
25 12726
-1
-1
-1
-1
26 11991
-1
27 12447
-1
-1
-1
-1
-1
27 12352
-1
-1
26 12749
27 12859
26 12558
-1
-1
-1
-1
26 12855
-1
22 12418
-1
-1
-1
-1
23 12810
25 12465
-1
-1
26 12821
27 12572
27 12572
-1
27 12856
-1
25 12750
-1
-1
24 12640
24 12640
-1
-1
-1
-1
-1
-1
27 12522
-1
-1
-1
-1
-1
27 12371
24 12565
-1
24 12694
-1
24 12837
-1
-1
-1
-1
25 12859
-1
24 12749
25 12277
-1
-1
26 11910
-1
24 12605
24 12850
-1
-1
22 12785
22 12785
-1
-1
22 12701
-1
-1
-1
24 12807
-1
-1
25 12455
26 12846
26 12846
26 12846
28 12784
-1
28 12796
-1
24 12453
-1
-1
-1
-1
-1
21 12869
19 12086
-1
-1
22 12597
-1
24 12880
25 12845
-1
25 12221
-1
-1
-1
-1
-1
24 12305
25 12823
25 12823
25 12735
-1
25 12524
-1
27 12389
27 12645
-1
27 12799
-1
29 12821
-1
29 12490
-1
-1
-1
29 12490
-1
-1
22 12760
22 12760
22 12584
22 12533
22 12533
-1
-1
-1
23 12347
-1
-1
25 12216
-1
24 12000
25 12552
-1
-1
-1
27 12649
-1
-1
-1
-1
-1
-1
-1
-1
-1
-1
29 12630
-1
29 12872
-1
-1
-1
-1
28 12715
27 12754
-1
24 12856
23 12629
23 12629
-1
23 12785
-1
-1
-1
26 12650
-1
27 12793
27 12544
27 12766
-1
-1
27 12766
28 12882
28 12882
28 12882
27 12774
-1
25 11990
-1
27 12064
28 12881
29 12704
-1
27 12022
-1
-1
-1
26 12816
26 12816
26 12816
-1
-1
27 12251
27 12251
27 12251
26 12593
26 11987
27 12816
25 12474
-1
26 12568
29 12729
29 12764
-1
-1
27 12203
28 12804
28 12426
27 12611
25 12711
-1
25 12711
-1
23 12635
23 12635
22 12550
24 12568
24 12617
-1
25 12819
25 12761
-1
-1
24 12727
-1
-1
-1
-1
24 12444
25 12790
-1
-1
29 12614
-1
30 12860
-1
29 12729
29 12819
-1
26 12217
-1
26 12217
25 12489
25 12489
22 12813
-1
22 12813
21 12517
20 12060
-1
-1
22 12863
-1
-1
22 12794
23 12595
-1
23 12718
23 12718
-1
-1
24 12111
-1
25 12542
25 12542
24 12235
24 12235
-1
24 12405
-1
-1
-1
-1
-1
-1
-1
-1
-1
-1
-1
-1
-1
26 12807
26 12825
26 12414
-1
24 12579
-1
24 12579
24 12579
25 12750
-1
25 12835
-1
25 12835
-1
27 12809
27 12881
-1
-1
-1
26 12603
-1
-1
26 12845
-1
-1
28 12793
-1
-1
27 12854
-1
-1
-1
-1
27 12495
27 12566
-1
-1
26 12809
-1
-1
29 12767
-1
27 12869
-1
27 12869
-1
-1
-1
-1
-1
28 12556
-1
28 12721
-1
-1
25 12375
25 12375
-1
-1
-1
24 12836
24 12830
-1
-1
-1
24 12249
-1
23 12282
-1
-1
-1
-1
-1
-1
-1
26 12708
26 12749
25 12843
24 12540
26 12376
-1
27 12679
28 12556
-1
-1
-1
-1
-1
-1
-1
-1
28 12857
28 12246
-1
-1
30 12845
-1
-1
29 12164
-1
-1
32 12866
-1
29 12313
-1
-1
29 12860
-1
-1
-1
29 12764
-1
-1
28 12869
-1
-1
-1
-1
30 12852
29 12860
29 12860
29 12860
-1
-1
-1
-1
-1
-1
-1
25 11979
-1
27 12888
-1
-1
-1
-1
-1
-1
-1
-1
-1
-1
-1
-1
-1
22 12828
-1
-1
-1
20 12253
20 12253
-1
-1
24 12593
25 12674
-1
23 12809
22 12657
-1
-1
-1
-1
23 12707
-1
22 12747
-1
-1
-1
-1
24 12143
25 12732
25 12732
-1
-1
-1
27 12815
29 12763
-1
-1
28 12795
28 12795
-1
30 12749
-1
-1
30 12431
-1
28 12870
24 11995
-1
-1
-1
25 12626
22 12865
-1
23 12681
-1
28 12832
-1
28 12832
29 12389
-1
30 12548
-1
30 12809
-1
-1
31 12843
29 12712
27 12642
-1
24 12459
23 12710
23 12710
23 12710
23 11968
23 12834
-1
-1
-1
24 12835
23 12508
-1
19 12551
19 12551
-1
-1
-1
19 12376
19 12376
-1
20 12850
-1
19 12665
-1
19 12306
20 12466
21 12698
-1
-1
20 12100
-1
-1
-1
-1
-1
22 12719
22 12719
-1
-1
-1
-1
-1
-1
-1
23 12729
24 12850
-1
25 12398
-1
-1
-1
25 12187
27 12251
27 12384
-1
-1
28 12439
-1
-1
-1
-1
-1
-1
-1
-1
27 12045
-1
-1
-1
30 12850
30 12850
-1
28 12240
-1
-1
-1
29 12700
-1
30 12766
28 12143
-1
29 12525
27 12590
-1
27 12430
-1
28 12745
-1
28 12864
27 12474
27 12474
27 12474
25 12676
25 12676
24 12646
-1
-1
-1
-1
-1
-1
20 12684
19 12476
-1
-1
-1
20 12541
-1
21 12768
-1
-1
-1
-1
-1
20 12714
24 12445
25 12759
27 12690
27 12690
-1
-1
26 12660
-1
-1
-1
-1
25 12844
-1
-1
-1
24 12430
25 12354
-1
-1
-1
25 12540
26 12820
-1
-1
26 12065
-1
26 12312
-1
-1
-1
-1
-1
-1
22 12295
23 12679
-1
-1
-1
-1
25 12181
-1
26 12705
-1
-1
25 12039
24 12653
25 12836
-1
-1
-1
-1
24 12310
26 12210
-1
-1
26 12368
26 12368
-1
-1
-1
-1
23 12218
23 12218
23 12218
24 12620
-1
-1
22 12440
-1
-1
23 12647
-1
22 12262
-1
-1
21 12342
-1
-1
-1
-1
-1
-1
-1
24 12553
-1
24 12553
24 12029
24 12029
-1
-1
-1
-1
-1
23 12588
23 12588
23 12562
-1
-1
-1
21 12708
-1
-1
22 12712
21 12381
-1
-1
24 12807
-1
24 12639
-1
-1
24 12183
-1
-1
-1
22 12446
-1
21 12069
-1
-1
21 12608
-1
18 12193
20 12541
-1
22 12758
-1
-1
24 12850
-1
-1
-1
-1
-1
23 12112
23 12112
-1
27 12610
-1
27 12470
-1
28 12589
-1
-1
-1
-1
-1
-1
29 12657
-1
28 12577
-1
-1
-1
21 12376
-1
23 12870
23 12839
-1
23 12109
-1
23 12716
-1
-1
25 12641
-1
-1
25 12376
-1
-1
-1
23 12746
23 12746
23 12441
-1
-1
26 12837
-1
-1
-1
-1
21 12263
-1
21 12263
22 12696
22 12696
-1
-1
-1
-1
-1
-1
-1
-1
-1
32 12664
-1
31 12640
31 12640
-1
32 12720
28 12426
-1
-1
27 12325
-1
-1
25 12856
25 12856
-1
-1
-1
25 12860
-1
-1
27 12857
-1
-1
-1
-1
28 12674
25 12228
-1
25 12228
-1
-1
-1
-1
24 12738
-1
24 12738
22 12492
23 12843
-1
22 12791
-1
-1
-1
23 12782
24 12295
-1
-1
-1
-1
24 12634
-1
-1
-1
24 12240
25 12555
-1
-1
-1
-1
26 12682
26 12875
26 12875
-1
-1
-1
26 12872
-1
-1
-1
-1
-1
-1
22 12094
-1
23 11992
26 12698
-1
26 12795
-1
-1
-1
-1
-1
-1
-1
32 12759
29 12703
-1
-1
-1
29 12653
-1
-1
28 12889
-1
-1
22 12638
20 12771
19 12603
20 12327
-1
-1
23 12871
23 12871
-1
-1
24 12305
26 12772
27 12726
-1
-1
-1
-1
-1
-1
-1
29 12787
27 12701
-1
-1
-1
-1
-1
-1
-1
-1
-1
-1
25 12546
-1
25 12546
26 12733
27 12793
-1
-1
-1
-1
-1
25 12286
-1
-1
-1
-1
24 12368
25 12753
-1
25 12753
25 12753
27 12326
-1
-1
24 12617
-1
-1
21 12310
-1
-1
-1
-1
27 12875
-1
-1
-1
-1
27 12749
-1
-1
20 11959
-1
23 12690
-1
23 12617
23 12617
-1
-1
-1
-1
24 12334
-1
-1
-1
-1
-1
28 12756
28 12268
-1
-1
28 12803
-1
-1
27 12852
-1
-1
28 12562
-1
-1
28 12672
29 12307
-1
-1
-1
-1
29 12827
30 12738
-1
-1
31 12844
31 12605
-1
-1
28 12568
27 12342
-1
-1
25 12713
25 12409
26 12728
-1
27 12690
-1
-1
-1
25 12651
-1
-1
-1
28 12884
27 12854
27 12505
26 12515
-1
-1
23 12350
-1
-1
25 12826
25 12826
25 12826
24 12104
26 12809
-1
26 12605
23 12871
-1
22 12446
-1
-1
-1
-1
24 12276
24 12276
26 12877
26 12877
26 12853
-1
-1
23 12235
-1
-1
-1
23 12635
23 12283
23 12283
-1
-1
-1
25 12595
-1
24 12756
-1
-1
-1
-1
-1
22 12764
-1
-1
-1
-1
25 12099
27 12766
26 12309
26 12266
-1
-1
27 12809
27 12389
-1
27 12389
26 12223
26 12223
-1
-1
-1
-1
27 12626
25 12820
25 12820
-1
20 12593
-1
22 12265
-1
-1
22 12257
-1
23 12735
24 12425
24 12425
-1
-1
-1
25 12838
-1
26 12673
-1
-1
28 12885
-1
26 12709
26 12709
26 12709
-1
-1
26 12250
-1
27 12559
-1
-1
28 12688
-1
-1
-1
-1
-1
27 12766
27 12883
26 12868
-1
27 12421
-1
-1
-1
-1
-1
-1
-1
-1
23 12199
23 12161
25 12339
25 12420
24 12704
-1
-1
-1
-1
21 12298
21 12541
-1
19 12044
-1
21 12763
22 12581
-1
22 12620
-1
21 12288
-1
-1
-1
-1
-1
24 12872
-1
-1
-1
-1
-1
-1
-1
-1
-1
-1
25 12300
-1
-1
-1
-1
24 12842
-1
24 12842
24 12768
-1
21 12522
21 12522
-1
-1
-1
22 12076
24 12153
-1
24 12537
26 12711
-1
-1
22 12322
-1
22 12322
-1
-1
-1
22 12782
22 12542
-1
24 12813
29 12649
29 12649
29 12649
-1
27 12653
-1
-1
-1
30 12147
-1
32 12780
-1
31 12408
-1
-1
-1
-1
-1
23 12641
-1
-1
21 12111
-1
-1
21 12330
-1
-1
24 12679
22 12752
-1
20 12366
20 12366
-1
-1
25 12488
-1
28 12772
26 12515
-1
-1
28 12418
-1
25 12655
24 12523
22 12476
-1
-1
26 12885
27 12647
27 12803
-1
27 12803
-1
-1
29 12815
29 12815
-1
29 12815
-1
-1
-1
-1
-1
25 12577
25 12531
25 12612
-1
-1
23 12334
20 12829
20 12829
-1
-1
21 12870
21 12870
21 12870
22 12724
23 12683
-1
24 12501
25 12164
-1
-1
-1
-1
-1
-1
24 12783
23 12453
-1
24 12628
25 12650
-1
-1
-1
27 12876
27 12203
27 12203
-1
-1
30 12794
-1
-1
-1
-1
27 12620
-1
29 12595
27 12545
27 12265
-1
28 12825
-1
-1
-1
-1
-1
-1
-1
-1
29 12861
-1
-1
-1
-1
-1
-1
25 12232
26 12802
-1
28 12734
-1
-1
28 12516
29 12857
-1
-1
-1
-1
-1
32 12259
-1
33 12287
32 11948
-1
33 12861
-1
-1
25 12441
25 12441
-1
-1
-1
25 12441
-1
-1
-1
-1
-1
24 12499
24 12499
-1
-1
-1
-1
28 12587
26 12712
30 12760
30 12760
-1
-1
30 12343
31 12562
31 12562
31 12733
-1
-1
29 12608
29 12364
27 12824
-1
-1
-1
26 12644
-1
-1
26 12186
26 12186
-1
22 12345
-1
22 12671
-1
-1
-1
24 12820
-1
23 12544
-1
-1
-1
-1
-1
24 12831
-1
-1
23 12226
23 12435
23 12435
-1
-1
-1
-1
24 12530
24 12417
-1
26 12780
-1
-1
-1
-1
28 12687
-1
27 12437
26 12703
-1
26 12775
-1
-1
-1
-1
27 12229
31 12716
31 12716
31 12067
31 11996
31 11996
-1
33 12677
34 12795
-1
-1
-1
-1
-1
-1
-1
-1
23 12152
-1
-1
-1
-1
-1
-1
-1
28 12814
27 12526
-1
-1
-1
25 12809
-1
25 12809
-1
-1
-1
-1
-1
28 12825
27 12712
-1
-1
21 12728
21 12661
-1
24 12517
-1
-1
-1
-1
-1
24 12290
24 12290
21 12851
-1
-1
-1
-1
-1
-1
24 12731
-1
-1
26 12319
25 12806
25 12806
24 12097
-1
-1
24 12097
-1
27 12600
27 12699
-1
26 12632
-1
-1
-1
26 12254
27 12884
-1
27 12884
27 12884
-1
-1
-1
26 12873
25 12809
25 12809
-1
-1
-1
-1
-1
23 12354
-1
-1
25 12857
-1
28 12211
28 12574
27 12375
-1
-1
28 12229
-1
25 12767
-1
-1
-1
-1
-1
26 12646
-1
28 12859
-1
-1
-1
-1
-1
30 12543
31 12694
-1
-1
-1
-1
31 12876
31 12427
-1
27 12306
27 12306
-1
-1
-1
-1
-1
-1
-1
20 12647
-1
19 12232
-1
20 12370
20 11959
-1
-1
-1
-1
-1
22 12061
-1
-1
-1
-1
21 12323
21 12323
21 12446
-1
-1
27 12442
-1
-1
-1
-1
-1
-1
-1
-1
27 12703
26 12633
23 12630
24 12501
-1
-1
-1
23 12261
23 12261
-1
23 12253
24 12586
24 12586
-1
-1
-1
21 12657
-1
21 12626
22 12648
22 11979
-1
24 12826
24 12282
-1
-1
25 12163
25 12622
-1
20 12602
-1
-1
21 12531
-1
21 12035
22 12621
-1
22 12621
-1
-1
-1
-1
-1
-1
21 12243
-1
-1
-1
20 12809
20 12809
-1
20 12809
21 12275
-1
-1
-1
-1
-1
-1
27 12862
-1
-1
-1
-1
-1
22 12434
-1
22 12280
-1
24 12630
24 12630
23 12754
-1
-1
-1
26 12550
-1
-1
28 12850
-1
-1
-1
28 12603
28 12603
-1
-1
27 12818
26 12620
27 12725
26 12318
-1
-1
27 12821
-1
27 12890
26 12708
-1
-1
-1
-1
-1
25 12748
-1
27 12490
-1
-1
-1
29 12889
-1
-1
28 12296
-1
30 12425
-1
-1
-1
-1
-1
-1
-1
27 12771
-1
24 12850
23 12886
-1
-1
-1
-1
22 12395
24 12879
-1
-1
-1
25 12730
-1
-1
27 12843
27 12532
27 12532
27 12532
28 12397
28 12022
-1
-1
-1
-1
29 12754
-1
-1
-1
27 12785
-1
27 12425
-1
-1
-1
25 12497
-1
-1
-1
27 12682
27 12682
-1
-1
28 12529
-1
-1
-1
-1
27 12847
27 12691
-1
27 12691
-1
-1
-1
22 12809
-1
20 12725
20 12725
-1
-1
-1
-1
-1
-1
-1
-1
20 12484
22 12884
23 12233
-1
26 12659
-1
-1
27 12618
27 12285
27 12804
27 12800
27 12800
-1
-1
-1
-1
26 12771
-1
27 12852
26 12212
23 12656
-1
-1
-1
-1
-1
-1
24 12829
-1
-1
28 12774
-1
-1
-1
29 12692
32 12806
-1
26 12419
-1
25 12663
22 12796
22 12796
22 12397
-1
-1
25 12258
25 12258
-1
27 12581
-1
-1
29 12870
29 12870
27 12322
-1
28 12825
-1
-1
-1
25 12729
-1
23 12563
22 12846
23 12873
-1
23 12394
-1
24 12514
25 12879
-1
-1
-1
-1
27 12603
-1
27 12571
27 12499
-1
-1
25 12569
27 12851
-1
23 12799
-1
-1
-1
22 12890
22 12326
-1
-1
24 12860
-1
27 12698
28 12751
-1
28 12303
-1
28 12303
-1
-1
-1
27 12549
-1
26 12442
26 12442
-1
-1
-1
25 12442
-1
-1
24 12235
24 12262
-1
-1
-1
-1
-1
26 12845
-1
-1
-1
27 12705
-1
27 12705
-1
-1
-1
-1
23 12595
23 12227
25 12733
-1
-1
23 12549
-1
25 12734
-1
-1
-1
25 12581
-1
25 12736
-1
-1
-1
-1
-1
-1
-1
22 12257
-1
23 12580
-1
-1
26 12371
26 12371
26 12189
-1
25 12153
-1
-1
27 12727
27 12727
27 12603
28 12819
-1
28 12819
28 12768
28 12845
-1
27 12625
29 12680
29 12780
27 12619
27 12194
27 12776
-1
-1
26 12541
23 12636
-1
-1
-1
-1
-1
-1
-1
-1
-1
-1
-1
27 12622
27 12232
-1
-1
-1
-1
29 12789
28 12872
-1
25 12286
24 12541
24 12541
25 12727
25 12727
-1
-1
27 12602
28 12728
-1
-1
-1
28 12312
29 12848
-1
29 12848
27 12675
-1
-1
30 12890
29 12676
-1
28 12469
26 12727
-1
24 12740
25 12872
22 12284
24 12258
-1
27 12862
-1
-1
-1
26 12846
-1
26 12720
28 12374
28 12374
29 12797
30 12854
30 12854
30 12854
30 12854
-1
28 12588
29 12647
29 12741
-1
29 12751
-1
22 12562
-1
-1
22 12210
22 12210
23 12548
-1
24 11945
-1
-1
22 12085
-1
21 12459
21 12459
21 12353
22 12618
-1
24 12763
24 11990
-1
-1
-1
-1
-1
-1
26 12836
-1
29 12797
-1
29 12285
-1
-1
-1
30 12860
-1
-1
25 12561
-1
24 12474
-1
-1
18 12308
21 12707
-1
21 12149
-1
-1
24 12849
-1
-1
23 12298
24 12657
-1
-1
24 12250
25 12411
26 12054
27 12385
-1
27 12385
24 12031
-1
-1
-1
-1
-1
-1
24 12591
25 12522
25 12566
26 12654
-1
26 12654
27 12772
27 12772
-1
-1
-1
-1
-1
-1
22 12642
-1
22 12832
-1
23 12126
26 12798
25 12513
-1
26 12568
-1
26 12642
-1
26 12715
-1
-1
26 12848
25 12546
-1
25 12395
24 12552
24 12552
-1
-1
-1
-1
-1
28 12426
-1
-1
-1
-1
25 12567
26 12869
-1
26 12813
-1
25 12882
-1
-1
-1
-1
30 12728
-1
-1
29 12305
28 12621
-1
-1
-1
27 12717
-1
26 12856
-1
24 12478
-1
25 12343
-1
25 12481
-1
-1
-1
-1
-1
25 12135
26 12017
-1
-1
-1
-1
28 12824
-1
23 12149
-1
26 12877
-1
-1
-1
33 12371
23 12549
21 12497
21 12497
21 12497
-1
22 12665
22 12579
24 12544
-1
-1
26 12679
-1
27 12728
-1
28 12517
-1
27 12341
-1
26 12561
-1
24 12064
24 12727
24 12727
-1
21 12863
-1
-1
-1
25 12710
25 12710
-1
23 12198
-1
23 12608
23 12608
-1
-1
-1
-1
25 12748
26 12812
-1
26 12279
-1
27 12830
-1
-1
-1
-1
-1
-1
-1
-1
27 12828
27 12828
27 12577
-1
-1
-1
-1
-1
-1
-1
28 12789
-1
26 12804
26 12804
26 12584
25 12694
-1
-1
-1
22 12591
-1
-1
-1
25 12860
-1
-1
-1
-1
-1
26 12770
28 12735
-1
-1
27 12549
-1
29 12392
-1
31 12598
-1
-1
27 11921
-1
-1
-1
31 12880
-1
34 12651
32 12546
31 12616
31 12616
28 12883
-1
22 12842
-1
23 12891
23 12427
23 12797
23 12250
23 12393
23 12393
-1
23 12393
-1
25 12540
25 12540
-1
28 12726
25 12646
26 12882
27 12672
-1
-1
-1
-1
-1
27 12509
28 12869
-1
26 12870
27 12771
25 12740
-1
-1
-1
28 12528
29 12677
29 12748
-1
-1
-1
-1
-1
-1
-1
20 12517
21 12826
21 12833
-1
-1
-1
25 12642
25 12642
26 12538
-1
-1
32 12349
-1
-1
32 12879
32 12730
-1
-1
31 12670
30 12571
-1
31 12846
-1
-1
30 12221
30 12846
-1
-1
-1
-1
-1
-1
29 12344
29 12848
-1
-1
25 12538
-1
-1
25 12498
-1
25 12181
-1
25 12694
26 12863
-1
24 12730
-1
-1
-1
23 12300
-1
-1
-1
-1
22 12571
-1
-1
23 12730
-1
-1
-1
25 12878
-1
-1
-1
25 11988
-1
-1
-1
29 12886
31 12847
31 12847
31 12617
31 12617
-1
-1
-1
30 12589
30 12589
-1
-1
-1
-1
28 12649
27 12868
22 12819
-1
-1
22 12887
-1
22 12725
-1
22 12393
-1
-1
-1
-1
-1
-1
-1
28 12336
29 12623
29 12623
-1
30 12848
-1
30 12676
30 12676
-1
-1
-1
26 12863
25 12858
23 12638
-1
-1
23 11977
-1
21 12451
-1
22 12342
21 12337
22 12256
-1
-1
-1
-1
27 12509
-1
-1
-1
-1
24 12487
-1
21 12776
18 12679
20 12636
-1
-1
-1
19 12243
20 12443
-1
17 12211
17 12211
18 12534
18 12534
-1
-1
22 12445
-1
-1
-1
-1
25 12347
26 12605
-1
25 12493
-1
-1
25 12731
-1
-1
-1
-1
22 12746
-1
-1
-1
-1
-1
-1
-1
-1
22 12844
-1
-1
26 12124
-1
28 12374
30 12695
28 12486
31 12672
26 12125
-1
-1
-1
-1
-1
26 12203
26 12203
-1
24 12514
-1
-1
-1
-1
-1
23 12858
-1
-1
-1
22 12723
-1
-1
-1
-1
-1
-1
26 12761
-1
-1
-1
27 12440
25 12575
-1
27 12688
27 12688
29 12573
29 12573
-1
28 12829
-1
-1
31 12837
-1
-1
31 12803
-1
-1
29 12558
-1
-1
28 12570
-1
24 12711
24 12354
-1
23 12437
-1
25 12658
25 12658
-1
-1
25 12452
25 12664
26 12763
23 12271
-1
23 12271
-1
-1
-1
-1
-1
-1
-1
-1
28 12841
-1
28 12829
26 12748
27 12868
-1
27 12814
-1
-1
-1
-1
27 12767
26 12181
26 12181
-1
28 12838
-1
-1
26 12377
-1
-1
-1
-1
25 12573
-1
-1
21 12647
-1
21 12398
-1
21 12380
-1
-1
-1
-1
-1
-1
21 12667
-1
-1
25 12733
-1
24 12183
-1
26 12678
-1
-1
22 12415
22 12415
-1
-1
-1
-1
23 12708
23 12454
-1
23 12207
24 12272
25 12614
22 12814
-1
-1
23 12753
23 12753
-1
-1
-1
25 12543
-1
26 12682
25 12539
-1
25 12539
-1
-1
-1
-1
31 12801
31 12676
-1
29 12267
30 12857
29 12442
-1
-1
-1
-1
-1
-1
32 12796
-1
-1
-1
-1
-1
-1
-1
-1
-1
25 12419
-1
-1
24 12808
-1
24 12341
-1
-1
24 12435
-1
-1
-1
-1
-1
24 12654
24 12330
24 12330
-1
-1
27 12752
-1
-1
-1
-1
-1
27 12812
27 12584
-1
-1
-1
29 12839
28 12666
-1
26 12212
26 12151
29 12665
-1
-1
-1
-1
-1
27 12347
-1
-1
-1
-1
-1
25 12590
25 12812
-1
24 12310
-1
-1
24 12670
21 12405
22 12171
-1
22 12171
-1
22 12872
-1
21 12289
-1
-1
-1
21 12658
22 12784
23 12296
21 12346
-1
23 12881
23 12881
23 12881
23 12881
23 12881
23 12472
-1
-1
-1
-1
-1
29 12800
28 12636
-1
27 12793
-1
-1
-1
-1
-1
31 12824
-1
-1
-1
30 12831
-1
-1
-1
-1
-1
28 12528
-1
-1
-1
-1
26 12858
27 12879
28 12858
25 12357
-1
-1
-1
-1
28 12216
28 12878
-1
27 12864
-1
26 12813
26 12813
25 12758
-1
-1
-1
27 12740
27 12752
-1
-1
25 12147
25 12147
27 12758
-1
25 12864
-1
24 12433
-1
-1
-1
-1
22 12591
22 12883
-1
-1
23 12682
23 12490
-1
22 12181
-1
-1
-1
26 12729
27 12298
27 12379
-1
25 12786
25 12596
23 12714
-1
-1
-1
26 12761
26 12761
26 12863
-1
26 12174
26 12220
-1
-1
-1
26 12877
27 12693
27 12845
28 12634
28 12634
26 12510
26 12510
25 12650
-1
24 12675
24 12675
-1
-1
-1
-1
-1
-1
-1
-1
-1
26 12707
-1
-1
26 12745
27 12303
-1
27 12318
-1
28 12696
-1
28 12696
-1
-1
-1
23 12394
-1
-1
21 12375
-1
-1
-1
22 12794
-1
23 12178
-1
26 12841
-1
-1
-1
-1
-1
22 12782
-1
-1
-1
-1
23 12353
-1
-1
-1
-1
-1
25 12635
26 12217
26 12337
27 12529
29 12889
-1
-1
-1
-1
28 12852
-1
23 12840
-1
26 12763
-1
-1
27 12699
27 12699
-1
27 12854
27 12854
25 12579
-1
-1
25 12681
-1
25 12825
-1
-1
24 12306
-1
-1
31 12024
-1
-1
-1
32 12279
31 12635
-1
30 12522
-1
-1
-1
28 12840
24 12608
-1
22 12672
-1
22 12131
-1
-1
-1
-1
-1
-1
-1
-1
24 12180
-1
27 12652
-1
27 12247
-1
-1
29 12484
-1
-1
27 12536
27 12536
-1
-1
28 12134
28 12134
28 12134
28 12134
-1
28 12445
-1
-1
-1
-1
26 12314
-1
26 12592
-1
-1
-1
-1
-1
21 12581
-1
-1
23 12825
-1
22 12138
24 12876
-1
-1
26 12729
24 12180
-1
-1
25 12541
25 12541
-1
24 12613
-1
-1
27 12602
-1
-1
-1
-1
29 12887
-1
-1
-1
-1
31 12609
-1
29 12483
29 12483
24 12848
24 12092
24 12563
-1
26 12670
-1
24 12356
25 12688
25 12108
-1
-1
-1
27 12871
27 12634
-1
28 12579
27 12624
-1
-1
-1
28 12868
-1
-1
-1
-1
25 12520
26 12614
-1
28 12873
-1
-1
27 12199
24 12769
-1
-1
23 12639
23 12190
25 12088
-1
-1
-1
26 12857
23 12273
23 12273
-1
23 12815
25 12605
-1
-1
-1
-1
23 12199
-1
-1
-1
-1
-1
-1
-1
-1
-1
-1
-1
28 12700
-1
26 12158
26 12585
-1
-1
22 12818
-1
-1
21 12553
23 12530
-1
-1
23 12196
23 12196
-1
-1
23 12625
-1
-1
-1
-1
-1
-1
26 12823
-1
26 12113
26 12113
-1
-1
30 12566
31 12823
-1
-1
-1
31 12823
-1
-1
-1
-1
25 12524
27 12684
-1
25 12654
-1
-1
-1
24 12089
-1
-1
25 12360
-1
27 12846
-1
28 12743
-1
-1
-1
-1
27 12144
26 12087
-1
-1
-1
27 12889
-1
-1
-1
24 12285
-1
-1
22 12403
23 12589
24 12835
-1
-1
-1
-1
-1
-1
21 12226
-1
-1
22 12842
-1
-1
22 12695
22 12695
22 12149
25 12567
-1
-1
27 12874
-1
27 12806
28 12777
-1
-1
30 12876
-1
31 12834
-1
32 12849
-1
-1
-1
-1
-1
29 12848
28 12573
29 12834
-1
-1
23 12002
-1
-1
24 12636
25 12529
25 12683
-1
-1
-1
-1
-1
-1
-1
24 12861
-1
25 12612
-1
-1
-1
26 12788
-1
-1
-1
25 12751
25 12751
26 12745
26 12202
-1
27 12884
29 12884
-1
-1
26 12333
-1
26 12333
26 12333
-1
-1
-1
23 12560
-1
-1
23 12790
24 12503
25 12879
24 12261
24 12064
-1
-1
-1
27 12846
-1
24 12518
-1
-1
23 12860
20 12806
20 12806
-1
-1
-1
22 12522
20 12372
-1
23 12110
24 12181
-1
24 12750
28 12848
25 12731
-1
-1
-1
-1
-1
-1
-1
26 12562
-1
-1
-1
-1
27 12620
-1
-1
27 12540
-1
-1
29 12522
-1
27 12768
27 12768
-1
-1
23 12097
-1
-1
-1
-1
-1
-1
21 12734
21 12408
-1
22 12716
-1
25 12521
-1
-1
25 12779
-1
-1
-1
-1
28 12848
-1
-1
-1
-1
28 12859
25 12562
23 12045
-1
24 12631
21 12888
21 12633
-1
26 12578
-1
-1
-1
-1
-1
-1
27 12859
-1
-1
-1
-1
-1
-1
-1
26 12617
25 12558
25 12454
26 12776
-1
-1
20 12121
-1
19 12055
19 12055
-1
-1
-1
-1
-1
-1
25 12398
-1
27 12777
-1
26 12840
26 12828
-1
-1
-1
-1
29 12880
30 12653
31 12779
34 12875
-1
-1
36 12708
34 12679
-1
33 12575
33 12575
33 12575
33 12575
-1
-1
-1
-1
-1
-1
30 12643
-1
29 12807
29 12860
29 12860
-1
25 12734
25 12168
-1
-1
26 12654
26 12654
-1
-1
-1
-1
22 12460
-1
-1
24 12691
24 12691
-1
-1
-1
20 12120
-1
-1
22 12762
22 12566
23 12760
-1
22 12653
-1
-1
25 12488
25 12488
-1
-1
-1
23 12242
23 12242
-1
-1
24 12344
-1
26 12660
27 12773
27 12848
27 12848
25 12084
-1
-1
-1
-1
-1
-1
26 12527
27 12870
27 12527
-1
-1
-1
-1
26 12822
-1
26 12879
-1
-1
-1
25 12201
25 12777
-1
-1
-1
28 12342
-1
-1
-1
-1
33 12494
-1
31 12608
-1
31 12339
-1
30 12593
-1
-1
-1
-1
-1
23 12390
-1
-1
23 12276
-1
23 12276
23 12276
23 12276
-1
25 12853
24 12800
22 12264
22 12363
22 12363
24 12745
-1
-1
-1
-1
25 12754
-1
26 12727
-1
26 12380
26 12886
-1
-1
-1
29 12697
-1
-1
29 12748
29 12748
31 12216
33 12885
33 12885
33 12669
35 12771
-1
30 12617
30 12617
-1
-1
-1
-1
33 12865
32 12580
-1
-1
-1
-1
-1
-1
-1
29 12751
-1
27 12590
27 12590
22 12804
22 12725
-1
-1
22 12283
-1
-1
24 12422
-1
26 12741
26 12741
-1
-1
27 12347
27 12347
-1
-1
-1
-1
-1
-1
27 12831
28 12778
-1
28 12417
27 12405
-1
29 12844
-1
27 12758
-1
-1
-1
-1
19 12241
-1
21 12866
-1
-1
-1
23 12849
23 12849
-1
25 12732
26 12872
26 12341
28 12858
-1
-1
27 12635
27 12768
28 12822
-1
27 12838
-1
23 12262
27 12838
-1
25 12589
-1
23 12104
-1
22 12339
23 12085
-1
-1
-1
-1
-1
-1
23 12534
-1
-1
23 12087
23 12087
22 12597
23 12323
-1
-1
-1
-1
-1
-1
-1
24 12089
-1
24 12386
24 12386
25 11991
25 11991
-1
-1
-1
26 12657
25 12530
25 12404
-1
23 12195
-1
-1
22 12717
-1
23 12743
-1
-1
-1
-1
24 12210
25 12360
24 12460
23 12104
-1
-1
-1
-1
-1
-1
-1
-1
-1
-1
-1
26 12790
-1
26 12551
-1
-1
27 12819
28 12497
28 12194
-1
-1
-1
-1
-1
-1
24 12368
-1
23 12140
-1
-1
27 12350
-1
27 12664
-1
-1
27 12051
-1
-1
-1
-1
25 12462
26 12323
-1
-1
27 12832
27 12513
-1
-1
27 12804
-1
-1
-1
25 12581
-1
25 12283
-1
26 12440
-1
-1
-1
-1
27 12862
27 12862
-1
25 12465
-1
-1
27 12711
27 12711
26 12223
-1
27 12839
27 12839
-1
-1
-1
28 12793
-1
29 12252
-1
-1
-1
-1
24 12146
-1
-1
-1
-1
-1
25 12817
26 12705
-1
-1
-1
-1
23 12045
23 12273
-1
-1
22 12076
22 12076
-1
22 12076
-1
-1
-1
22 12846
22 12857
22 12857
23 12827
-1
-1
-1
-1
-1
25 12722
25 12455
-1
-1
-1
-1
-1
-1
-1
25 12669
25 12669
-1
24 12624
24 12583
-1
24 12524
-1
-1
24 12561
-1
25 12819
25 12819
24 12508
24 12508
-1
24 12834
-1
-1
27 12184
-1
-1
23 12315
24 12782
22 12486
-1
22 12486
-1
24 12767
-1
-1
25 12771
24 12870
-1
-1
23 12616
22 12443
-1
22 12190
-1
-1
-1
24 12168
24 12168
24 12168
28 12881
-1
-1
-1
21 12259
-1
21 12226
22 12711
-1
21 12418
-1
-1
-1
-1
23 12582
22 12158
22 12122
22 12122
-1
-1
22 12273
22 12151
-1
21 12280
21 12280
24 12610
24 12610
26 12849
27 12869
27 12755
-1
27 12349
29 12718
29 12718
-1
-1
-1
27 12685
27 12685
28 12469
29 12765
-1
-1
25 12852
-1
-1
-1
-1
-1
-1
-1
27 12087
-1
-1
-1
-1
-1
26 12400
-1
-1
-1
23 12675
23 12182
24 12561
-1
24 12692
26 12874
26 12874
-1
25 12308
-1
-1
27 12774
28 12853
29 12824
-1
28 12743
-1
28 12559
20 12786
-1
-1
-1
-1
-1
-1
25 12743
-1
-1
27 12172
-1
-1
-1
-1
31 12749
29 12395
-1
-1
-1
-1
-1
-1
24 12886
-1
25 12797
-1
-1
-1
24 12526
-1
-1
23 12475
22 12471
22 12471
-1
-1
-1
24 12775
24 12848
-1
25 12841
-1
-1
-1
-1
-1
-1
-1
29 12713
-1
29 12845
-1
-1
27 12559
-1
27 12554
29 12520
-1
-1
-1
-1
-1
22 12312
23 12875
-1
-1
22 12641
-1
22 12178
23 12850
-1
-1
-1
-1
25 12065
25 12065
-1
24 12269
-1
24 12301
25 12423
25 12423
-1
25 12423
-1
-1
30 12685
29 12407
-1
-1
-1
-1
-1
28 12623
-1
-1
24 12492
-1
-1
-1
-1
-1
-1
24 12640
-1
-1
-1
-1
-1
-1
-1
-1
25 12150
25 12150
-1
27 12586
28 12850
26 12833
-1
-1
26 12810
-1
28 12799
28 12799
24 12529
24 12529
24 12529
-1
-1
-1
-1
22 12855
-1
-1
-1
24 12584
24 12452
-1
23 12763
22 12758
-1
-1
-1
22 12654
-1
-1
-1
23 12343
23 12343
-1
-1
-1
-1
-1
22 12838
22 12722
-1
21 12509
-1
-1
-1
20 12392
-1
21 12289
-1
21 12025
22 11927
23 12454
-1
-1
-1
-1
23 12695
-1
22 12491
-1
-1
-1
25 12491
-1
-1
25 12491
-1
-1
21 12884
22 12532
22 12422
-1
-1
24 12842
-1
-1
-1
-1
-1
29 12311
-1
28 12681
-1
28 12723
-1
-1
22 12730
-1
-1
22 12740
-1
20 12544
-1
-1
-1
-1
-1
-1
22 12757
22 12295
24 12733
-1
24 12251
-1
23 12296
-1
-1
-1
-1
21 12548
-1
-1
-1
22 12610
22 12610
-1
-1
-1
23 12719
23 12271
-1
-1
25 12809
27 12729
-1
26 12043
26 12043
26 12043
26 12585
-1
-1
-1
22 12772
22 12611
-1
-1
23 12463
23 12463
-1
23 12104
25 12402
-1
25 12658
-1
-1
25 12529
25 12529
-1
-1
-1
25 12846
22 12662
-1
-1
-1
-1
-1
24 12650
-1
-1
-1
26 12566
-1
24 12254
-1
25 12844
-1
25 12844
25 12844
-1
-1
-1
-1
-1
-1
