3 3650
-1
6 5832
-1
-1
-1
-1
13 6270
-1
11 5701
-1
-1
11 6478
-1
-1
-1
-1
-1
13 5743
13 5743
-1
-1
15 6325
-1
15 6459
-1
-1
-1
-1
-1
-1
-1
-1
-1
15 6306
-1
-1
-1
11 5760
-1
11 6415
-1
13 5788
13 6338
-1
12 6405
11 6269
-1
-1
-1
8 5861
-1
-1
9 6511
-1
12 5924
-1
-1
16 6454
-1
17 6346
-1
-1
-1
11 6369
-1
-1
-1
-1
11 5964
13 6206
-1
12 6076
-1
-1
9 6428
-1
-1
-1
11 6244
10 5870
-1
10 6106
-1
-1
12 6207
-1
12 5925
-1
11 6474
12 6425
-1
-1
-1
-1
12 5671
-1
-1
10 6274
-1
10 6393
10 5776
-1
-1
11 6213
-1
-1
-1
-1
-1
-1
10 6498
10 6498
-1
-1
11 5720
-1
-1
-1
10 6359
12 6438
13 6379
13 6048
-1
-1
13 6206
-1
-1
-1
11 6070
-1
12 6383
-1
-1
-1
9 6020
-1
-1
-1
-1
12 6357
13 6317
-1
-1
-1
12 5685
-1
-1
-1
-1
-1
-1
15 6313
-1
-1
-1
13 6469
-1
-1
-1
-1
11 6300
-1
-1
-1
13 6484
-1
16 6363
16 6363
-1
-1
-1
12 6461
-1
10 6128
-1
14 6039
14 5616
15 6158
-1
-1
-1
14 6333
-1
14 6333
-1
14 6333
-1
13 6417
-1
-1
12 6038
-1
-1
12 6457
-1
-1
-1
12 6367
10 5777
10 6409
9 6017
-1
-1
-1
-1
17 6244
-1
17 6467
14 6375
-1
-1
11 5902
-1
-1
12 6475
-1
12 6277
-1
12 6277
12 5726
12 5726
-1
-1
-1
11 5953
11 5696
12 5704
-1
-1
-1
10 5892
10 5892
-1
10 6168
10 5848
-1
-1
-1
-1
-1
-1
13 6464
13 5810
13 5810
13 5872
-1
13 5653
-1
9 6012
-1
9 6131
-1
-1
9 6411
-1
-1
12 6434
-1
10 6205
12 5963
12 5963
-1
-1
-1
-1
-1
-1
-1
-1
-1
-1
12 6001
-1
-1
14 5948
-1
-1
-1
14 6145
13 6481
-1
-1
13 6317
13 6302
-1
-1
13 6276
-1
15 6493
15 6247
14 6399
13 6439
12 6330
12 5617
13 6505
-1
-1
12 6415
-1
-1
-1
-1
-1
-1
-1
13 6387
-1
15 6239
-1
-1
-1
-1
16 6431
15 6143
-1
-1
11 6504
-1
-1
10 5586
11 6210
15 5788
-1
15 6365
10 5651
-1
-1
-1
-1
13 6309
-1
11 5959
11 6224
-1
-1
11 6432
-1
-1
12 5697
13 6468
13 6465
-1
-1
13 6233
-1
-1
-1
11 6229
11 6229
-1
-1
-1
-1
-1
-1
13 6414
-1
13 6319
-1
12 6482
-1
-1
-1
-1
-1
11 6092
11 6092
-1
-1
13 6438
-1
13 5842
13 6210
12 6089
12 6089
-1
12 6340
-1
10 5791
10 5791
11 6221
-1
-1
-1
-1
-1
12 6502
10 6281
8 5687
-1
8 5687
-1
10 6404
-1
-1
-1
10 6455
11 5749
-1
-1
-1
-1
17 6498
15 6374
-1
-1
13 6504
14 6314
-1
-1
15 6450
15 6450
13 6249
-1
12 5946
-1
-1
14 6507
-1
-1
-1
-1
14 6395
-1
14 6345
14 6335
-1
13 6178
12 6111
12 5970
-1
-1
13 6294
13 6442
12 5839
-1
-1
13 5966
-1
13 6398
13 6398
13 6172
-1
-1
13 6009
-1
-1
-1
-1
-1
13 6460
-1
-1
-1
-1
12 6061
-1
12 6061
12 6421
-1
11 5959
11 5796
-1
13 6514
-1
12 6133
-1
-1
-1
-1
-1
-1
12 6458
-1
-1
-1
13 6114
-1
13 6412
13 5705
15 6439
10 6418
12 6517
14 6498
14 6498
-1
-1
-1
-1
15 6485
16 6198
-1
-1
-1
14 6075
-1
14 6145
13 6248
-1
13 6022
14 6518
-1
-1
12 6497
-1
-1
10 6073
12 5834
-1
-1
-1
14 6482
13 5918
-1
14 6142
-1
-1
10 6172
10 5544
-1
-1
-1
-1
-1
-1
-1
-1
14 6106
-1
-1
13 6402
13 6402
12 6148
13 6393
13 6393
13 6393
-1
-1
14 6236
12 5895
12 5895
-1
13 5985
13 5985
14 6450
-1
-1
-1
-1
-1
14 5944
-1
12 6198
-1
12 5710
13 6161
-1
-1
-1
16 6397
17 6468
14 6082
-1
15 6472
15 6472
15 6102
11 6261
-1
-1
-1
-1
12 6385
-1
11 5987
-1
-1
-1
-1
-1
-1
11 6276
-1
12 6412
12 6494
10 6054
-1
-1
10 5951
-1
-1
13 5938
-1
-1
-1
-1
-1
-1
10 6170
-1
-1
-1
11 6360
12 6082
-1
-1
-1
13 6147
-1
15 6031
15 6031
-1
15 6112
-1
12 6416
12 6048
-1
12 6311
12 6435
-1
12 5563
-1
12 6266
-1
-1
-1
-1
10 6011
-1
-1
13 6104
-1
14 5794
-1
-1
15 6463
14 6518
-1
-1
13 5634
-1
-1
14 6507
13 6382
-1
-1
12 6133
12 6133
16 6513
16 6321
-1
-1
15 6499
15 6499
-1
-1
-1
-1
-1
13 6315
-1
-1
-1
12 6462
11 5999
-1
10 6079
-1
10 6079
10 6079
-1
-1
11 6466
-1
-1
-1
-1
-1
-1
9 5780
-1
9 5702
-1
-1
-1
11 6447
-1
11 6447
13 6390
14 6363
-1
10 6331
9 5897
11 6399
-1
-1
-1
13 6401
-1
-1
13 6334
-1
-1
-1
-1
-1
-1
-1
10 5892
11 6503
-1
-1
-1
15 5860
18 6368
-1
17 6470
13 6316
-1
-1
-1
-1
9 6032
10 5568
-1
11 6091
-1
-1
-1
15 6511
-1
-1
-1
-1
-1
-1
14 6024
15 6412
13 6034
13 6034
-1
-1
14 5949
16 6475
16 6496
-1
-1
-1
-1
-1
15 5947
-1
-1
12 6030
-1
12 5834
-1
11 6480
11 6480
-1
-1
11 5774
-1
-1
14 6189
14 6048
-1
-1
-1
14 5620
-1
14 6144
14 6481
13 6399
-1
13 6399
-1
11 5729
-1
-1
-1
-1
-1
10 5912
-1
11 6417
11 6417
-1
11 5856
-1
-1
10 6215
10 5791
14 6495
-1
14 6504
14 6504
-1
-1
-1
14 6263
-1
14 6263
-1
11 6301
11 6228
-1
11 6228
-1
10 6185
11 5799
12 6449
12 6449
-1
13 6509
13 6208
-1
13 5830
-1
16 6441
16 6441
-1
16 6400
-1
-1
17 6407
-1
-1
-1
-1
15 6346
-1
-1
15 6358
14 6323
-1
12 6369
-1
-1
-1
-1
-1
-1
-1
16 5798
16 5798
-1
-1
-1
15 6222
15 6366
11 6446
11 6446
13 6518
12 6437
-1
13 6380
12 6115
12 6115
12 6517
12 6517
10 6126
-1
11 5957
-1
-1
10 6185
-1
10 6312
-1
-1
13 6510
-1
-1
11 5836
12 6265
10 6404
10 6488
-1
-1
10 5912
11 5833
-1
-1
-1
-1
-1
9 6420
9 5781
-1
-1
13 6485
16 6304
-1
17 6480
12 5672
-1
-1
-1
-1
-1
16 6015
15 6042
12 6503
-1
10 6299
-1
-1
-1
11 5775
12 6189
-1
12 5832
16 6431
-1
-1
-1
-1
-1
-1
-1
13 6499
-1
-1
-1
-1
14 6274
14 6381
-1
-1
-1
11 6351
-1
-1
13 6450
-1
10 6297
-1
11 6066
-1
-1
-1
-1
-1
10 5995
-1
-1
-1
-1
15 6467
-1
15 6467
-1
-1
14 5844
-1
15 6447
15 6318
-1
-1
13 6115
-1
14 6336
14 6336
-1
-1
-1
-1
8 5856
-1
10 5860
13 6320
11 6431
-1
10 5846
11 6429
-1
-1
-1
-1
-1
-1
10 6156
-1
-1
14 6470
17 6162
16 6423
-1
-1
14 5761
-1
14 5761
-1
13 6515
-1
-1
11 5768
-1
-1
13 6374
-1
-1
13 5751
-1
-1
-1
12 6456
-1
-1
-1
-1
10 6443
-1
-1
-1
-1
-1
-1
-1
-1
-1
13 6431
-1
11 6112
10 6407
-1
-1
-1
-1
-1
13 6145
14 6425
-1
13 5923
-1
14 6425
14 6425
17 6300
14 6052
14 6052
-1
-1
-1
-1
12 6360
-1
12 6360
-1
-1
-1
14 6055
-1
17 6265
-1
18 6322
16 6513
16 5937
13 6472
-1
-1
-1
-1
-1
15 6431
16 6219
17 6413
-1
-1
-1
13 6441
-1
11 5805
-1
-1
-1
-1
-1
10 5833
10 6032
13 6198
-1
-1
13 6318
-1
-1
-1
-1
-1
17 6064
17 6432
-1
17 6432
-1
-1
-1
-1
-1
-1
16 6506
-1
12 5975
-1
10 6186
10 6186
-1
-1
10 5916
-1
-1
12 6223
-1
-1
15 6366
-1
14 6112
-1
12 6136
12 6391
-1
12 6489
12 6489
12 6489
-1
-1
-1
10 5967
-1
12 6393
13 6130
-1
-1
12 6204
-1
11 6271
18 6093
18 6093
18 6093
-1
-1
16 6407
-1
-1
12 6073
-1
13 6512
-1
-1
-1
-1
12 6197
-1
-1
10 6050
10 6025
10 6025
13 6482
-1
14 6042
15 6348
15 5903
-1
-1
16 6455
-1
-1
-1
-1
-1
-1
16 6196
-1
-1
16 5874
18 6384
-1
-1
-1
-1
-1
-1
12 6282
13 6169
-1
-1
-1
13 6429
12 6508
-1
13 5820
15 6456
17 6495
-1
-1
-1
-1
11 6126
-1
-1
11 6472
-1
-1
-1
-1
14 6391
-1
-1
-1
-1
-1
-1
12 6441
-1
-1
14 6463
12 6153
-1
-1
-1
-1
9 5682
-1
-1
-1
-1
-1
-1
11 6321
-1
12 5830
-1
-1
13 6100
13 6228
11 5710
13 6515
-1
-1
-1
-1
-1
15 6077
15 6077
-1
15 6504
15 6221
-1
15 6254
16 6200
-1
-1
-1
-1
-1
-1
-1
10 6358
-1
10 6034
10 6034
-1
-1
-1
11 6040
12 6355
-1
-1
12 5954
-1
-1
-1
-1
-1
-1
12 6464
-1
-1
-1
-1
10 6267
10 6211
-1
11 6337
-1
12 5556
-1
-1
-1
-1
-1
13 5904
-1
14 6479
-1
12 6359
13 6475
13 5826
-1
12 5987
-1
10 6188
11 6458
-1
11 6458
-1
-1
14 6390
-1
-1
14 5701
-1
-1
-1
-1
12 5905
-1
-1
-1
10 6437
-1
11 6339
-1
-1
-1
-1
-1
-1
-1
-1
11 6504
-1
-1
12 6073
12 6402
12 6402
12 6313
-1
-1
-1
11 6293
-1
11 6350
-1
-1
12 6342
-1
-1
-1
-1
10 6494
10 6124
-1
10 6292
-1
-1
15 6422
15 6422
-1
13 5765
-1
-1
14 5814
15 6403
-1
-1
-1
14 6085
14 6085
-1
-1
-1
-1
-1
-1
12 6399
-1
-1
-1
-1
-1
-1
-1
-1
-1
-1
-1
13 6450
11 6022
12 6196
-1
-1
-1
-1
-1
10 5931
-1
13 6413
-1
12 5877
-1
-1
-1
-1
13 5950
-1
12 6361
13 6261
14 6429
14 6429
-1
11 6460
-1
12 6409
-1
-1
-1
-1
11 6090
-1
11 5864
-1
14 6509
15 6515
-1
-1
-1
-1
18 6385
18 6385
-1
20 6500
16 6419
-1
-1
-1
13 6486
14 6427
-1
-1
14 6259
-1
-1
14 6415
11 6250
12 6255
-1
14 6512
-1
-1
15 6464
14 6117
-1
-1
16 6480
-1
16 6197
16 5959
-1
-1
-1
14 5880
11 5952
-1
12 5754
-1
15 6392
-1
-1
-1
-1
-1
15 6041
-1
12 6497
12 6497
-1
-1
14 6461
11 5868
11 5868
-1
-1
-1
-1
14 6264
-1
-1
-1
12 6119
-1
12 6504
12 6118
-1
-1
9 6445
-1
-1
-1
13 6322
-1
12 6015
-1
-1
12 6158
11 6313
12 6404
13 6092
-1
15 6491
-1
-1
-1
-1
-1
14 5845
14 6490
-1
-1
-1
-1
-1
15 6478
-1
-1
13 5728
-1
-1
14 6300
11 6125
12 6345
-1
-1
-1
-1
11 5767
13 5867
13 6355
-1
-1
10 5996
-1
10 6347
10 6053
-1
-1
11 6410
-1
12 6166
-1
-1
12 6090
13 6340
-1
14 6178
-1
11 6499
11 6499
11 6348
11 6348
-1
-1
-1
-1
11 5717
-1
10 6225
-1
-1
-1
-1
-1
10 6044
-1
-1
15 6348
-1
-1
13 6437
13 6437
-1
-1
-1
-1
-1
-1
-1
-1
13 5743
-1
-1
-1
11 6268
-1
-1
-1
-1
16 6420
15 5973
-1
15 6173
-1
11 6094
10 6070
-1
-1
-1
-1
13 6400
13 5780
13 5780
14 6374
12 6272
-1
-1
-1
-1
-1
13 6357
-1
-1
14 6389
-1
-1
12 6240
12 5930
12 6360
13 6035
13 6035
14 6244
13 6190
11 6280
-1
14 5890
-1
14 6355
14 6355
13 5814
-1
-1
-1
13 6516
14 6412
-1
14 6395
14 6395
14 6395
14 6116
-1
13 6373
13 6432
-1
11 5899
-1
11 6140
-1
11 5618
13 5711
14 6177
14 6177
-1
13 6202
-1
9 6209
-1
11 6415
15 6457
-1
17 5802
17 5802
-1
-1
-1
15 6508
15 6508
-1
-1
17 6377
17 6478
-1
16 6321
-1
-1
-1
12 6447
-1
13 6292
-1
-1
12 5818
-1
9 6406
-1
10 6343
-1
-1
-1
11 5982
-1
-1
15 6436
15 6436
15 6436
-1
15 6464
11 6424
-1
-1
11 6145
11 6330
-1
11 6501
-1
10 5995
9 5784
-1
11 5886
11 5886
11 5886
-1
-1
15 6442
-1
-1
-1
-1
-1
-1
12 6491
12 6491
-1
12 6497
14 6173
15 6314
15 6314
15 6314
-1
14 6210
14 6469
14 6469
-1
12 6501
-1
12 6501
12 6501
12 6501
-1
-1
13 6109
-1
11 6120
-1
9 6068
10 6423
-1
-1
-1
-1
-1
11 6273
-1
-1
-1
12 6214
11 6019
-1
-1
-1
14 6486
14 6509
14 6509
-1
13 6271
13 5962
13 6469
14 6334
-1
-1
11 6350
-1
12 6511
-1
-1
-1
14 6422
12 6431
-1
-1
-1
12 6409
-1
12 6276
12 6276
12 6276
11 6282
-1
13 6200
15 6508
-1
-1
17 6182
-1
-1
12 6071
-1
-1
-1
-1
-1
-1
14 6514
-1
-1
12 6366
10 5632
-1
-1
-1
-1
10 6417
10 6417
-1
10 6454
11 6389
-1
-1
11 6086
11 6086
11 6086
11 5949
-1
-1
-1
-1
14 6045
-1
13 5820
13 6500
-1
11 5700
12 6150
-1
14 6223
-1
-1
12 6198
12 6008
12 5817
-1
13 6192
14 6437
14 6437
13 6091
14 6366
-1
14 6344
13 6450
-1
-1
-1
-1
12 5830
12 5830
-1
-1
-1
-1
-1
-1
-1
11 5959
-1
11 6046
-1
-1
9 5948
-1
9 5686
-1
-1
-1
10 6299
9 5995
-1
11 6033
12 6460
-1
-1
13 6312
13 6367
11 6249
-1
10 6190
9 6201
-1
-1
-1
-1
10 6324
11 6504
11 6504
-1
-1
12 6376
-1
12 6099
12 6099
13 6291
15 6485
-1
-1
-1
15 6230
-1
16 6481
18 6318
-1
16 5902
16 5817
-1
17 6211
-1
-1
-1
13 6456
-1
-1
-1
11 5744
-1
10 5687
-1
-1
-1
12 6308
-1
-1
-1
-1
16 6268
-1
-1
16 5991
-1
19 6385
19 6385
-1
-1
14 6294
-1
-1
-1
10 6028
-1
12 6429
12 6429
14 6482
15 6232
-1
13 6448
-1
-1
-1
-1
10 6323
-1
10 6195
-1
11 6447
-1
-1
-1
-1
-1
-1
12 6265
12 6265
13 6319
14 6421
14 6421
12 5688
-1
12 6351
11 6340
-1
10 6095
-1
-1
-1
13 6101
-1
-1
-1
-1
10 6183
-1
10 6158
10 6158
-1
9 5780
12 5872
-1
-1
12 6004
-1
-1
11 6276
11 6276
-1
-1
9 6476
-1
-1
-1
9 6064
-1
-1
14 6455
13 6173
13 6173
15 6503
14 6067
-1
-1
-1
14 6301
-1
13 5915
-1
12 6243
12 6243
-1
-1
-1
-1
-1
14 6381
15 6294
-1
15 5878
14 6490
-1
-1
13 6436
12 6245
11 6295
12 5898
-1
-1
10 5894
-1
-1
10 6056
10 5640
11 5973
11 5973
11 6214
-1
-1
-1
13 6470
10 6102
10 6102
11 6256
11 6256
-1
-1
-1
-1
-1
15 5917
-1
-1
-1
-1
-1
-1
11 6476
-1
11 6070
11 6483
-1
14 6445
-1
-1
16 6473
-1
-1
16 6285
13 6121
-1
14 6196
-1
14 6375
-1
-1
-1
14 6189
-1
16 6364
12 6474
-1
-1
10 6327
-1
12 6517
12 6444
13 6400
14 6304
-1
-1
-1
13 5856
14 6352
-1
14 6233
-1
-1
12 6456
-1
12 6406
-1
-1
-1
-1
-1
-1
12 6420
12 6420
-1
13 6094
-1
16 6178
13 5842
-1
13 6393
-1
-1
-1
13 6195
-1
14 6492
14 6372
-1
-1
-1
14 5792
17 6438
17 6382
-1
-1
-1
-1
-1
-1
17 6164
18 6271
-1
-1
14 6470
-1
-1
-1
14 6347
15 6407
15 6407
14 6429
14 6429
-1
-1
-1
-1
-1
14 5644
-1
10 6052
-1
-1
10 5807
-1
-1
-1
-1
12 6318
-1
11 5834
11 5834
-1
13 6051
12 6158
-1
12 6439
-1
-1
-1
9 5927
-1
13 6511
13 6511
-1
12 6504
11 6304
-1
-1
-1
-1
-1
9 6183
9 6183
-1
-1
-1
-1
16 6094
14 5632
-1
-1
-1
-1
-1
12 5905
-1
-1
13 6158
-1
13 6126
-1
11 6187
-1
12 6151
-1
-1
-1
-1
-1
11 5948
-1
11 5948
-1
-1
-1
12 6515
-1
10 6077
-1
-1
12 6132
-1
-1
-1
15 6167
-1
16 6079
-1
16 6382
16 6382
16 5838
16 6308
16 6405
-1
-1
13 6391
13 6499
-1
12 6396
11 5709
11 5709
11 5709
-1
-1
11 5656
12 5926
-1
-1
11 6455
11 6455
-1
-1
-1
-1
13 6278
-1
13 5856
12 6087
-1
12 5796
12 6496
12 6496
-1
-1
-1
12 5763
-1
-1
12 5763
13 6298
11 5950
-1
11 6401
12 5979
-1
12 5979
-1
11 6219
9 6283
-1
10 5935
-1
-1
13 6201
-1
-1
-1
11 6514
12 6452
11 5842
-1
-1
-1
-1
-1
-1
-1
9 6164
-1
10 6332
12 6198
13 6244
14 6347
13 6153
14 5554
-1
-1
-1
11 6440
-1
-1
-1
11 5923
11 6065
-1
12 6437
-1
-1
-1
-1
-1
-1
-1
12 5874
12 5874
-1
-1
-1
11 6066
-1
12 6509
-1
12 5842
-1
-1
14 6074
-1
15 6405
15 6405
-1
16 6214
-1
-1
14 5776
-1
-1
16 6256
-1
17 6438
-1
13 6319
-1
-1
15 6235
-1
16 6377
-1
-1
-1
-1
-1
14 6275
-1
11 6410
10 6372
-1
-1
-1
-1
-1
-1
-1
-1
13 6394
12 6145
13 6431
-1
14 6225
-1
12 6156
11 6497
-1
-1
-1
10 5915
10 5915
12 5697
-1
12 5697
12 5697
12 5697
-1
13 6406
12 6415
12 6041
13 6488
14 6440
14 5888
-1
-1
14 5888
14 6096
-1
-1
-1
-1
-1
12 5804
13 6420
-1
14 6171
-1
-1
-1
16 6352
-1
-1
12 5899
-1
-1
-1
-1
-1
-1
14 6328
14 6328
-1
-1
-1
11 5842
11 5842
13 6383
12 6364
-1
-1
12 6062
12 6281
12 6281
-1
-1
-1
12 6347
12 6347
-1
-1
-1
13 6452
-1
13 6452
-1
13 6204
14 6476
-1
14 6331
15 6115
-1
-1
-1
15 5920
11 6098
-1
13 5944
13 5944
13 5944
-1
-1
-1
13 5991
13 6433
13 5614
13 5896
-1
-1
-1
-1
11 6153
-1
12 6378
12 6378
-1
-1
-1
12 5846
-1
16 6197
-1
-1
-1
-1
-1
-1
17 6464
-1
17 6168
-1
17 6394
-1
17 5724
11 6062
10 5998
11 6407
-1
9 6085
9 6343
9 6367
10 5637
-1
-1
14 6443
10 5912
10 5912
-1
11 6409
-1
-1
16 6402
-1
-1
-1
-1
10 6455
-1
-1
17 6369
11 6352
-1
12 6183
12 6176
-1
12 6393
-1
-1
13 5985
14 5951
-1
15 5885
15 5885
-1
-1
-1
14 6446
-1
-1
-1
14 6442
-1
13 6505
13 6283
-1
10 5857
-1
-1
12 6344
-1
-1
-1
12 6476
12 6476
12 6295
-1
15 6450
16 6143
-1
18 6162
18 6162
-1
-1
-1
-1
12 6476
-1
-1
-1
12 6494
-1
13 6003
-1
12 6055
14 6404
14 6429
-1
-1
11 5842
11 5842
-1
-1
-1
-1
-1
12 5938
12 6504
-1
12 6459
-1
-1
-1
13 6395
13 6395
14 6463
14 6181
-1
13 6351
11 6138
-1
-1
13 6287
13 5969
-1
-1
-1
-1
-1
13 6180
-1
13 6279
-1
10 6311
12 6466
12 6455
13 6371
-1
-1
16 6199
16 6413
-1
-1
15 6483
15 6490
-1
-1
13 6431
-1
-1
-1
-1
-1
10 5990
10 6017
-1
-1
13 6424
-1
-1
-1
12 6222
-1
-1
13 6327
-1
15 6386
-1
-1
-1
17 6480
17 6400
-1
-1
14 6335
-1
9 6376
11 6402
-1
11 6252
11 6252
12 6443
-1
12 6029
12 6158
-1
-1
-1
11 6273
11 6273
-1
-1
11 6065
-1
-1
14 6047
16 6478
15 6252
15 6252
15 6252
15 6076
-1
11 6442
-1
12 6435
14 5940
11 5868
12 6376
-1
-1
-1
12 6389
12 6479
-1
12 6479
-1
12 6479
-1
14 6499
14 6499
15 6509
-1
-1
13 6365
12 6428
-1
12 5888
-1
10 6138
-1
-1
12 6423
13 6494
15 6024
-1
-1
-1
-1
16 6478
-1
16 6403
-1
16 6511
16 6511
-1
-1
12 6323
-1
-1
-1
12 6123
-1
-1
-1
-1
-1
-1
-1
-1
14 6434
14 6434
15 6514
-1
15 6025
15 5866
-1
14 6212
-1
12 5979
-1
-1
-1
-1
-1
-1
-1
12 5960
13 6476
13 6509
-1
15 6365
-1
-1
-1
-1
10 6413
10 6413
-1
-1
-1
-1
-1
-1
-1
-1
-1
-1
-1
-1
11 6507
11 5844
12 6486
-1
12 6390
-1
-1
-1
12 6122
-1
13 6487
-1
-1
-1
-1
12 5984
-1
15 6487
14 6236
-1
-1
11 5749
-1
11 5749
10 5761
-1
11 6515
-1
11 5911
12 5921
-1
10 5935
10 5825
-1
11 6168
12 6470
-1
-1
13 6121
-1
12 6018
-1
13 6440
-1
-1
14 6453
-1
13 6444
12 6114
12 5989
12 6238
-1
10 6144
-1
10 5951
-1
-1
-1
-1
-1
-1
11 5577
-1
-1
16 6421
-1
-1
-1
12 6045
-1
12 6252
-1
13 6327
13 6327
-1
-1
-1
14 6002
8 5628
-1
-1
14 6456
-1
-1
16 6469
-1
-1
-1
14 6200
-1
13 6331
12 5885
-1
-1
12 5885
-1
-1
-1
-1
-1
-1
-1
-1
15 6164
-1
-1
-1
12 5849
-1
13 5884
-1
-1
12 6515
11 5957
-1
-1
-1
9 6102
-1
-1
9 5874
9 6149
9 5987
9 5943
-1
10 6431
-1
-1
-1
-1
-1
13 6453
13 6066
-1
-1
13 5978
14 6291
-1
-1
14 6367
-1
-1
12 6023
12 5773
12 5773
-1
-1
15 6498
13 6395
13 6395
14 6121
14 6121
-1
-1
-1
-1
12 6291
12 6145
-1
14 6248
-1
-1
12 6033
-1
11 6274
11 5961
-1
13 6030
-1
-1
-1
13 6315
-1
13 6231
13 6231
-1
14 6428
-1
-1
13 6394
-1
12 5796
-1
-1
13 6201
14 6307
14 6307
-1
13 5872
-1
15 6403
-1
-1
-1
14 5944
-1
-1
-1
-1
-1
16 6433
16 6514
14 5829
12 5979
12 5979
12 6461
-1
-1
-1
-1
10 5813
11 6396
-1
12 6371
-1
-1
13 6427
-1
13 6157
12 6502
11 5935
-1
13 6342
-1
15 6359
15 6359
16 6514
-1
15 6479
15 5939
-1
15 6353
14 6146
-1
16 6394
-1
15 6354
-1
-1
12 6367
13 6440
-1
-1
-1
13 6279
-1
13 6507
13 6181
-1
-1
10 5864
-1
-1
13 6440
-1
-1
-1
-1
-1
-1
13 6376
-1
13 6376
-1
-1
12 6030
-1
12 6373
10 6299
11 6426
10 6208
-1
13 6076
-1
14 5695
13 6495
-1
-1
-1
-1
17 6391
-1
-1
13 5689
14 6232
-1
-1
-1
-1
16 6382
14 5947
-1
14 5947
-1
17 6393
17 6393
17 6393
17 6393
15 6408
15 6351
-1
15 6351
-1
-1
-1
-1
11 5994
-1
12 6364
12 6364
-1
14 6471
-1
15 6513
14 6237
-1
-1
14 6449
14 6449
-1
-1
13 6338
12 5701
-1
-1
11 6105
11 6389
-1
9 5675
-1
10 6118
10 6118
-1
-1
-1
-1
-1
-1
-1
-1
12 6466
-1
12 6196
12 6196
-1
12 6129
12 6496
-1
-1
-1
9 6172
8 5871
8 5871
-1
-1
12 5926
-1
13 5797
-1
12 5947
-1
-1
11 6378
-1
-1
-1
10 6291
-1
11 6199
-1
-1
-1
12 5833
12 6351
12 6351
13 6392
-1
13 6358
13 6289
13 5779
-1
-1
-1
-1
14 6355
-1
14 6317
-1
12 5934
10 5841
-1
10 5800
10 6240
11 6030
12 6097
12 6097
-1
-1
-1
11 6024
13 6412
-1
-1
14 6430
14 6430
14 6080
14 6280
-1
-1
-1
13 6484
-1
-1
-1
-1
11 6464
-1
-1
-1
10 5739
-1
14 6415
-1
15 6337
-1
-1
14 6132
-1
-1
15 6449
-1
-1
-1
14 6306
-1
11 6207
12 6394
12 6394
-1
10 6382
13 6426
-1
12 6072
12 6198
12 6198
10 6036
11 6489
-1
-1
-1
13 6365
-1
-1
18 6383
-1
-1
14 6168
14 6168
-1
-1
-1
16 6457
14 5846
-1
15 6454
-1
-1
-1
-1
10 6180
-1
9 5731
9 5731
-1
-1
-1
-1
12 6234
-1
-1
12 5866
-1
-1
-1
15 6419
-1
-1
15 6464
11 6334
-1
10 6489
-1
-1
-1
-1
-1
13 6325
13 6325
-1
-1
11 6048
-1
-1
-1
12 6035
12 5744
13 6269
-1
-1
-1
-1
12 6223
-1
-1
14 6463
-1
-1
-1
-1
12 6155
-1
-1
-1
-1
12 6366
-1
-1
-1
-1
-1
11 5569
11 5569
12 6334
-1
12 6334
13 6353
13 6353
10 6497
-1
10 6397
-1
11 6197
-1
-1
-1
-1
17 5912
17 6250
-1
-1
16 6197
16 6197
-1
-1
-1
-1
14 6086
14 6437
12 5968
-1
10 5944
-1
9 5863
9 6499
9 6203
11 6466
-1
-1
-1
12 5784
-1
14 5834
14 5834
14 6229
-1
-1
13 6422
-1
-1
-1
8 5697
-1
-1
-1
8 5855
9 6483
-1
11 6505
11 6505
-1
-1
-1
11 6485
-1
-1
-1
-1
10 6070
-1
-1
-1
-1
-1
-1
-1
12 6357
12 6357
12 6242
-1
-1
12 5751
-1
-1
-1
-1
-1
9 6193
12 6497
15 6270
15 6008
18 5696
-1
20 6429
-1
-1
-1
16 6189
16 6189
-1
16 6189
14 6490
14 6059
-1
16 6507
16 6507
-1
16 6210
14 6266
15 6362
-1
-1
11 5825
12 6258
12 6275
-1
-1
15 6472
-1
-1
10 5839
-1
11 6108
-1
11 6048
-1
-1
-1
14 6355
14 6355
-1
-1
-1
-1
-1
14 5648
-1
14 6355
12 6412
13 6319
-1
-1
14 6483
14 6483
-1
-1
-1
-1
13 6198
13 6198
12 6216
-1
-1
-1
-1
-1
-1
14 6378
-1
14 6309
-1
-1
-1
-1
-1
13 6442
-1
-1
12 6306
14 6283
14 5809
-1
14 5809
13 6061
-1
-1
-1
13 6470
-1
13 6508
-1
-1
-1
-1
11 6443
-1
10 5830
-1
11 6148
-1
-1
-1
13 6061
12 6464
12 6364
-1
-1
-1
-1
16 6327
16 6098
-1
-1
12 6247
-1
12 6376
-1
12 6424
12 6171
12 6463
12 5772
-1
12 5772
-1
-1
12 6192
-1
9 5687
-1
-1
10 6268
10 6268
11 6437
12 6511
12 6187
-1
11 6195
10 6011
11 6318
-1
-1
-1
17 6354
-1
17 6163
-1
-1
12 5916
-1
-1
-1
-1
-1
-1
-1
-1
-1
-1
-1
12 6431
12 6431
-1
13 6497
13 5979
13 5979
12 6091
-1
11 5671
-1
-1
12 6413
12 6496
-1
-1
-1
-1
14 6516
-1
-1
-1
-1
-1
-1
-1
12 6423
-1
14 6516
-1
-1
-1
-1
-1
-1
-1
14 6083
-1
13 6366
13 6366
13 6386
-1
-1
11 6449
10 6211
-1
11 6510
-1
12 6367
12 6367
14 6099
15 6515
-1
-1
-1
15 6121
-1
15 5930
-1
-1
-1
14 6426
-1
-1
-1
13 6414
11 6374
11 6374
11 6188
12 6273
-1
10 6141
10 6118
-1
-1
-1
12 6135
12 6135
-1
12 6211
-1
13 5861
14 6189
-1
-1
12 6201
12 6201
-1
11 6137
-1
-1
14 6157
14 6157
12 5716
-1
-1
-1
-1
-1
11 6513
12 6394
-1
-1
13 6515
13 6515
13 6515
-1
14 6359
-1
13 6231
-1
9 6257
9 6257
9 6257
9 6257
-1
-1
-1
-1
-1
12 6043
12 6146
-1
-1
-1
-1
-1
13 6253
-1
15 6515
15 5976
15 5976
-1
-1
-1
-1
-1
15 6435
-1
15 6435
13 5907
-1
-1
-1
12 6391
12 6325
-1
-1
12 6411
-1
14 6379
13 6109
13 6109
-1
-1
-1
14 6456
-1
-1
14 6495
11 5789
11 5789
11 5789
-1
-1
-1
9 5808
-1
14 6393
15 6473
-1
-1
15 6397
-1
-1
-1
-1
-1
9 6485
-1
-1
13 6340
-1
-1
14 6383
-1
-1
-1
-1
-1
16 6355
-1
15 6122
16 6306
-1
14 6023
-1
-1
12 6257
13 6431
12 6070
13 6380
13 6380
13 6323
13 6323
-1
12 5800
-1
11 6139
-1
11 6307
-1
13 6369
14 5941
14 5856
14 6516
-1
12 6184
-1
13 6499
-1
14 6012
-1
-1
17 6340
-1
14 6471
-1
13 5840
13 6502
-1
-1
-1
-1
14 6389
-1
14 6389
16 6293
-1
13 5926
11 6284
-1
11 6504
-1
-1
-1
10 5918
10 5710
-1
-1
-1
12 6462
-1
16 6516
-1
13 6300
-1
-1
11 6409
-1
-1
-1
12 6427
12 6427
-1
10 5664
-1
-1
-1
-1
-1
11 6493
11 6493
13 6242
-1
13 5613
14 6229
-1
-1
14 6221
-1
-1
-1
-1
12 6421
11 6297
11 6297
11 6297
-1
11 6297
-1
10 5956
-1
-1
12 5822
-1
13 6334
-1
15 6258
16 6049
-1
-1
15 6365
-1
-1
-1
-1
-1
-1
14 5863
14 5863
-1
-1
-1
-1
11 6227
11 5942
-1
-1
14 6273
15 6266
-1
-1
16 6429
-1
-1
-1
-1
15 6337
15 6201
-1
13 6065
13 6065
14 6322
-1
-1
10 5985
-1
-1
9 6035
-1
10 5958
11 6163
-1
14 6465
-1
14 5771
14 6518
12 6504
12 6406
-1
14 6433
-1
-1
14 6169
-1
14 6367
15 6469
13 6321
14 6110
-1
-1
14 6349
14 5954
-1
15 6058
14 6252
-1
-1
-1
-1
-1
-1
-1
-1
10 6459
-1
-1
10 6284
-1
-1
-1
13 6190
-1
-1
14 6371
-1
-1
-1
14 6113
12 5608
12 6091
12 5805
-1
-1
10 6310
-1
-1
-1
-1
11 6343
13 6371
12 5591
-1
-1
15 6242
-1
15 6242
16 6514
16 6514
16 6031
-1
-1
17 6387
-1
-1
-1
-1
19 6462
19 6462
17 6424
15 6430
-1
-1
-1
-1
-1
-1
13 5840
13 5840
-1
-1
14 6471
-1
11 6216
11 6105
-1
13 6324
-1
-1
-1
-1
-1
-1
-1
-1
-1
13 6129
14 6407
-1
14 5996
-1
11 6432
-1
-1
-1
-1
-1
-1
-1
15 6280
15 6393
-1
-1
-1
-1
13 6106
-1
-1
-1
-1
12 6402
-1
-1
11 5898
-1
14 6482
13 6464
13 6464
-1
13 6464
-1
12 6223
12 6515
9 6056
-1
-1
14 6283
-1
14 6283
-1
11 6311
11 6311
11 6357
-1
-1
-1
-1
-1
10 5728
10 5728
-1
11 6215
-1
-1
11 6085
-1
-1
-1
-1
-1
10 6248
-1
12 6502
-1
-1
-1
13 6050
-1
-1
13 6064
-1
13 6064
-1
13 6468
11 6132
-1
-1
11 6367
11 6187
-1
-1
-1
15 6073
-1
-1
14 6254
14 6254
15 6332
15 6465
14 5844
13 6514
-1
-1
-1
-1
13 6196
-1
14 6374
-1
-1
-1
-1
-1
-1
-1
-1
14 5835
-1
-1
13 6395
-1
11 5652
12 6387
12 6387
-1
13 6185
-1
11 6010
-1
-1
11 6010
12 6114
-1
-1
10 6176
-1
-1
-1
-1
12 6386
12 6086
-1
13 6164
13 6221
-1
-1
9 6041
10 6053
-1
11 6472
-1
10 5840
10 5840
12 5887
12 5678
13 6176
11 6027
-1
9 5711
-1
-1
-1
11 6383
-1
-1
13 6104
-1
-1
15 6254
-1
14 5990
14 5990
-1
-1
14 6279
16 6408
-1
17 6403
-1
-1
-1
-1
-1
-1
-1
-1
11 5984
-1
11 5936
13 6276
-1
15 6462
-1
-1
-1
12 6404
-1
-1
-1
-1
10 6316
-1
10 6316
10 6316
10 6316
11 5919
11 5919
13 6145
-1
12 5992
12 6108
-1
-1
-1
11 6052
11 6052
11 6052
-1
-1
-1
12 6107
-1
13 6098
-1
14 6470
14 6059
-1
-1
12 5799
12 5799
13 5790
15 6388
14 6010
14 6514
14 6514
14 6514
-1
-1
-1
10 6330
11 6335
-1
-1
11 6370
11 6370
-1
11 6025
-1
-1
9 5731
-1
11 6354
11 6128
-1
-1
14 5652
14 6163
14 6516
13 6108
12 5827
-1
15 6493
-1
-1
-1
-1
-1
-1
-1
-1
-1
13 6455
10 6163
-1
10 6281
11 6379
11 6379
-1
10 6371
-1
-1
9 6038
-1
-1
-1
-1
-1
-1
-1
-1
-1
-1
-1
-1
11 6369
-1
11 5793
11 5793
-1
-1
-1
11 6476
-1
10 6001
10 6001
-1
11 5683
-1
-1
-1
-1
16 6486
16 6486
-1
14 6493
14 6499
13 6017
-1
14 6321
-1
-1
-1
-1
-1
-1
13 6311
12 6506
-1
11 6206
-1
10 6349
-1
-1
12 6041
13 6352
-1
16 6351
-1
-1
-1
15 6411
-1
15 6411
14 6457
-1
-1
-1
13 6281
11 5970
-1
-1
11 5991
-1
11 6380
-1
-1
-1
11 5876
-1
-1
12 6305
-1
14 6447
-1
-1
-1
-1
-1
-1
-1
-1
15 6132
14 6418
14 6418
-1
-1
12 6293
-1
-1
-1
-1
-1
14 6483
-1
-1
15 6269
-1
11 6336
-1
10 6128
10 6221
-1
-1
-1
-1
11 5854
13 6004
-1
-1
13 6412
12 6225
-1
-1
14 6423
-1
14 5643
-1
17 6038
-1
17 6038
-1
15 6443
14 5995
-1
-1
-1
17 6457
13 6140
-1
14 6430
-1
-1
12 5931
-1
12 5931
-1
13 6054
13 5820
14 6209
13 6218
10 6273
11 6351
11 6351
-1
-1
13 5992
-1
16 6089
-1
15 6500
-1
-1
-1
-1
-1
11 6078
-1
-1
-1
-1
-1
-1
-1
13 6166
12 6114
13 6463
12 6289
12 6289
-1
-1
-1
15 6076
-1
15 6514
-1
-1
-1
13 6336
-1
12 6338
12 6338
-1
-1
-1
12 6507
-1
-1
-1
10 5727
10 5908
8 6025
-1
-1
7 5791
7 5791
-1
7 5791
10 6413
10 6413
-1
-1
11 6314
-1
11 5881
-1
11 6391
-1
-1
11 5737
-1
-1
-1
-1
-1
13 5616
14 6200
11 6044
-1
12 5718
12 5718
-1
-1
13 6013
-1
14 6004
15 6237
-1
-1
14 6499
12 6367
-1
-1
-1
13 6300
-1
-1
11 6313
-1
12 6420
-1
-1
11 6319
11 6207
11 6207
14 5809
15 6495
15 6495
15 6495
13 6087
-1
-1
10 6493
-1
-1
-1
-1
13 6226
12 6430
10 6440
11 6286
-1
-1
-1
15 6183
14 6454
-1
-1
15 6473
15 6441
15 6441
15 6441
-1
-1
15 6473
-1
-1
12 6279
-1
12 6279
13 6330
14 6046
-1
-1
12 6255
12 6383
-1
13 6204
-1
-1
14 6323
-1
15 6373
13 6129
9 6214
10 6451
10 6451
-1
10 6298
-1
-1
-1
-1
-1
11 6412
-1
11 5981
-1
-1
-1
-1
-1
-1
-1
10 5896
-1
-1
12 6180
-1
-1
-1
-1
12 5788
12 5788
-1
-1
11 6178
-1
-1
-1
12 6040
-1
-1
14 6509
14 6509
13 6146
12 6500
-1
-1
-1
11 5857
-1
-1
11 5770
-1
11 6232
-1
11 5805
-1
-1
-1
-1
-1
-1
13 6249
14 6344
14 6344
15 6123
15 6123
-1
-1
15 6378
-1
15 6419
-1
10 6182
10 5846
10 6268
10 6268
10 6268
-1
-1
-1
13 6302
-1
14 6463
-1
-1
-1
-1
-1
-1
11 5783
-1
-1
9 6364
-1
8 6246
-1
13 5773
15 6512
15 5713
-1
-1
17 6241
12 6181
-1
10 6200
-1
-1
-1
-1
11 6439
-1
-1
12 6393
-1
-1
12 6407
-1
14 6007
14 6007
14 6471
-1
13 6434
12 6295
-1
-1
-1
-1
-1
12 6301
12 6398
-1
-1
10 6208
-1
-1
11 6310
-1
-1
-1
-1
-1
-1
-1
11 6431
-1
11 6486
-1
10 6482
10 6385
9 5662
9 5662
-1
11 6028
-1
-1
-1
-1
-1
-1
13 6321
13 6504
12 5731
-1
-1
-1
-1
-1
14 6315
14 6252
14 6252
-1
-1
-1
-1
-1
-1
16 6295
16 6210
-1
-1
14 5767
-1
-1
-1
14 6476
-1
12 6218
13 6285
13 6285
13 6285
-1
-1
-1
13 6188
13 6480
-1
-1
13 6225
13 5977
13 5701
-1
15 6427
-1
-1
10 6278
11 6469
-1
-1
11 5876
-1
11 6423
-1
-1
11 5717
11 5891
13 6012
-1
13 6012
14 6517
-1
14 6505
-1
-1
-1
14 6351
-1
-1
-1
-1
13 6441
-1
8 5908
-1
-1
-1
-1
-1
14 6146
-1
-1
14 6229
13 5775
14 6296
-1
-1
17 6322
-1
-1
18 6438
-1
-1
-1
-1
-1
-1
15 6286
-1
14 6112
15 6493
15 6150
-1
-1
14 6358
14 6358
-1
17 6498
-1
-1
15 6248
-1
-1
-1
-1
14 6460
-1
14 6460
13 6119
-1
-1
13 6177
-1
13 5871
13 5871
-1
15 6437
-1
-1
-1
14 6165
14 6344
-1
-1
13 6470
-1
-1
14 6247
-1
-1
-1
14 6163
-1
14 6179
14 6464
10 5699
-1
14 6491
13 6098
-1
10 5914
-1
14 6485
10 6505
15 6427
16 6501
-1
-1
-1
11 6298
-1
11 6337
-1
12 6451
11 5927
-1
-1
14 6502
11 5774
11 5774
13 6356
13 6299
-1
13 5684
-1
15 6240
14 6093
-1
12 6148
-1
14 6273
-1
-1
14 5923
-1
-1
12 6517
-1
-1
12 6325
10 6180
12 6515
-1
-1
12 6515
12 6515
12 6515
11 6355
11 6355
10 6158
11 6468
-1
10 5680
10 6069
11 6320
-1
12 6437
13 6444
-1
14 6213
17 5817
14 6158
10 6284
10 6284
-1
-1
15 6485
18 6499
14 6157
-1
12 6497
-1
-1
12 6221
-1
12 6441
-1
-1
15 6431
13 6384
-1
-1
-1
-1
14 6237
-1
15 6517
-1
-1
-1
12 5960
-1
10 5776
-1
10 6074
-1
10 6028
10 6028
-1
-1
-1
11 6302
-1
-1
10 5760
11 6286
10 5929
15 6492
-1
-1
-1
-1
-1
-1
-1
-1
-1
15 6211
-1
-1
-1
-1
-1
11 5840
11 5840
13 6498
-1
-1
-1
13 6052
-1
-1
10 6270
-1
10 6366
-1
10 6375
11 6457
11 6457
12 6117
-1
-1
-1
13 6361
-1
14 6514
15 6209
-1
-1
-1
-1
-1
13 6223
13 6223
-1
-1
11 6226
-1
11 6226
11 6226
11 6226
14 6498
-1
-1
9 5640
10 6423
-1
10 6032
-1
10 6010
12 6338
-1
-1
12 6404
12 6404
-1
-1
12 6253
-1
-1
-1
-1
15 5712
16 6065
17 6386
-1
-1
-1
16 6186
16 6186
-1
13 6488
-1
13 6439
13 6439
13 6439
-1
-1
-1
14 6203
-1
-1
-1
14 6481
11 5965
10 6037
11 6350
-1
11 5823
-1
12 6359
13 6284
13 6284
-1
-1
11 5873
14 6409
14 6409
-1
-1
-1
17 5703
19 6308
-1
-1
19 6491
-1
19 6491
-1
14 6411
-1
-1
-1
14 6063
14 6063
-1
13 5954
-1
13 6223
-1
14 6107
-1
12 6135
12 6193
-1
12 6046
-1
13 6371
13 6371
-1
14 6113
14 6516
14 5751
14 5751
14 5933
15 6401
-1
-1
-1
11 5926
-1
11 6028
-1
-1
-1
-1
-1
-1
-1
11 6075
11 5756
-1
-1
11 6496
-1
12 6235
-1
-1
15 6081
15 6466
15 5702
16 6202
16 6202
16 6202
-1
-1
-1
16 6381
-1
17 6500
17 5923
-1
12 6127
12 6127
13 6259
-1
14 6267
-1
14 6217
16 6335
-1
16 6335
12 6006
-1
-1
15 6384
13 6396
13 6400
-1
-1
-1
13 5948
-1
-1
14 5661
10 6234
10 5929
-1
10 5722
-1
11 5731
11 6420
11 6420
-1
12 5792
14 6517
-1
-1
-1
-1
-1
-1
-1
-1
14 6339
-1
-1
-1
-1
-1
11 6046
13 6486
-1
13 6486
12 6117
-1
-1
11 6463
-1
-1
-1
-1
-1
-1
-1
-1
-1
-1
13 5790
15 6511
-1
15 6134
-1
-1
17 6082
18 6456
18 6456
16 6124
15 6080
16 6351
-1
16 6351
-1
14 6304
8 6243
-1
12 6359
13 6496
15 6402
-1
-1
-1
-1
-1
-1
-1
-1
-1
14 6411
-1
-1
-1
13 6443
-1
-1
11 6158
-1
10 5681
-1
14 6327
14 6425
-1
-1
15 6395
-1
16 6357
-1
16 6357
-1
13 6458
15 6409
-1
13 6126
-1
11 5896
11 5896
12 5723
-1
13 6149
-1
-1
15 6446
-1
17 6430
-1
14 6454
14 6454
-1
13 6015
-1
13 6015
-1
11 6410
11 5831
-1
-1
12 6441
13 6294
14 6418
15 6513
-1
-1
-1
-1
-1
-1
-1
-1
-1
-1
-1
-1
-1
-1
-1
14 6415
-1
14 6415
-1
-1
11 5807
-1
-1
-1
-1
-1
-1
13 6031
-1
15 6306
17 6514
16 6407
-1
12 6111
12 6111
11 5852
-1
12 6322
12 6108
-1
13 6379
-1
-1
-1
15 6215
-1
-1
-1
-1
14 6040
-1
-1
-1
17 6301
17 6445
-1
15 6203
-1
13 5697
15 6507
-1
-1
12 6249
-1
-1
12 6299
-1
12 6383
12 6383
12 6383
12 6510
12 6510
13 6483
-1
-1
11 5974
-1
12 6517
11 5941
-1
-1
12 6487
-1
-1
12 6376
14 5872
14 6334
14 6312
-1
10 6513
-1
-1
9 6240
-1
-1
-1
-1
-1
-1
-1
10 5747
-1
12 5819
-1
12 5678
13 6489
11 6121
-1
11 6121
-1
-1
-1
-1
12 6003
14 6205
-1
14 6371
15 6416
-1
-1
14 6512
-1
-1
-1
13 6290
-1
-1
10 6225
10 6492
-1
10 6492
-1
-1
-1
-1
12 5735
12 5735
13 6369
13 6360
12 6090
-1
-1
-1
-1
-1
-1
14 6038
14 6038
-1
-1
-1
17 6386
-1
-1
18 6341
17 6409
12 6001
-1
-1
15 6436
-1
-1
-1
-1
-1
-1
-1
14 6381
-1
-1
18 6325
-1
-1
-1
-1
9 6077
11 5719
12 6193
13 6310
-1
-1
-1
-1
-1
-1
16 6447
-1
16 6072
16 6072
-1
-1
-1
-1
-1
-1
-1
10 6234
10 6234
10 6058
13 6362
-1
-1
-1
-1
-1
-1
-1
-1
-1
17 6406
17 6176
13 6116
-1
-1
-1
11 6057
12 6117
11 6452
-1
-1
-1
11 5935
-1
13 6150
-1
13 6150
-1
14 6335
14 6331
14 6331
-1
13 6053
12 6241
-1
-1
14 6305
-1
-1
16 6484
-1
-1
13 5687
-1
15 6220
14 6366
16 6435
17 6441
15 6269
-1
-1
-1
-1
-1
-1
-1
-1
-1
-1
-1
15 6341
15 6058
-1
-1
-1
-1
13 6484
12 6094
-1
-1
10 6060
10 6060
-1
-1
-1
-1
12 5770
13 6419
12 6213
-1
-1
13 6430
-1
15 6256
-1
15 6256
14 6331
13 5866
-1
-1
13 5617
-1
-1
15 6356
13 6048
-1
-1
-1
-1
13 6389
14 6138
14 6276
12 6158
12 6082
11 6332
-1
-1
11 5952
-1
-1
11 6333
10 5865
-1
-1
-1
14 6177
15 6339
-1
16 6183
13 6204
14 5972
-1
-1
-1
-1
-1
-1
17 6501
-1
17 6351
17 6351
-1
-1
-1
-1
-1
-1
18 6442
-1
16 6408
-1
16 6332
-1
-1
16 6029
16 6029
16 6029
16 6029
-1
-1
-1
-1
10 6211
-1
-1
10 5851
12 5904
-1
-1
-1
12 5966
13 6143
-1
14 6373
15 6344
-1
-1
-1
-1
-1
-1
-1
-1
9 6175
11 6120
11 6185
11 6185
11 5835
-1
11 5835
-1
-1
10 6505
-1
10 6123
10 6123
-1
10 6077
-1
-1
13 6254
-1
13 6277
10 6042
13 5911
14 6366
14 6366
13 5557
13 6389
-1
-1
-1
12 6386
-1
-1
13 5816
-1
14 6378
14 6378
11 5792
-1
-1
13 5842
-1
14 6433
14 6433
-1
-1
-1
13 6475
15 5939
-1
18 6431
-1
13 5963
14 6506
13 5801
13 5801
-1
11 6478
11 6423
10 6090
-1
-1
-1
-1
-1
-1
15 6430
15 6341
15 6230
-1
15 6339
14 6223
15 6504
9 5913
-1
-1
14 6146
14 6146
14 5686
-1
-1
-1
-1
9 5718
11 6418
11 6418
-1
-1
-1
-1
13 5753
-1
-1
12 6151
11 6272
-1
8 6140
8 6140
10 6383
-1
-1
-1
-1
12 6085
-1
-1
12 6085
-1
-1
12 6441
-1
-1
13 6421
13 6323
-1
15 6336
13 6178
-1
13 5959
-1
13 6460
10 5979
-1
-1
-1
-1
-1
-1
-1
9 6046
8 5582
10 6169
11 6110
12 6475
11 5817
10 5915
11 6492
11 6492
11 6492
10 6085
-1
11 6437
-1
12 6141
-1
12 5742
-1
13 6353
-1
-1
-1
-1
11 6160
11 6364
-1
13 6510
12 6296
12 6428
-1
14 6408
-1
-1
13 6499
-1
-1
-1
-1
-1
-1
11 6254
-1
-1
11 5955
12 6415
-1
-1
13 6147
13 6471
14 6446
14 6446
-1
14 6475
13 6044
-1
-1
13 6342
-1
-1
-1
13 6032
16 6510
-1
-1
10 6075
10 6002
11 6315
-1
12 5960
-1
10 5727
-1
-1
10 5673
-1
-1
11 6019
-1
-1
13 6048
-1
-1
-1
10 6403
9 5814
11 6395
-1
-1
-1
11 6277
11 6277
13 6516
-1
-1
11 6372
11 6372
11 6162
-1
11 5823
-1
-1
-1
-1
-1
14 6512
-1
13 5690
12 5782
-1
-1
14 6435
-1
-1
12 6312
-1
-1
12 6308
-1
-1
-1
-1
-1
12 6403
-1
-1
12 6447
-1
11 6493
-1
-1
11 6493
9 5939
11 6390
-1
11 6390
10 5765
-1
10 6407
-1
-1
16 6403
17 6504
-1
15 6444
18 6413
18 6492
-1
-1
-1
-1
18 6482
-1
15 6172
15 6172
-1
15 6128
-1
-1
15 6511
14 6041
-1
13 6448
-1
-1
-1
-1
-1
12 6476
-1
-1
-1
-1
10 6229
-1
12 5979
-1
12 6269
-1
-1
-1
-1
-1
-1
-1
-1
-1
-1
16 6467
-1
-1
13 5817
-1
13 5817
-1
15 5916
14 6353
15 6320
-1
11 6232
-1
-1
-1
14 6315
15 6517
15 6375
-1
-1
-1
23 6030
14 6468
-1
14 6326
-1
-1
-1
-1
-1
13 6181
13 6181
-1
11 5684
12 6152
12 6152
12 6152
-1
-1
13 6257
13 6443
-1
-1
-1
10 5992
-1
-1
-1
12 6456
-1
-1
-1
11 6245
11 6245
-1
-1
-1
-1
8 5811
-1
8 5811
-1
-1
-1
11 6499
-1
15 6403
15 6403
-1
-1
-1
12 6512
-1
11 6466
-1
-1
16 6275
-1
17 6280
16 5656
-1
19 6364
19 6364
-1
-1
18 6160
-1
20 6407
-1
10 5672
-1
11 6115
10 5672
-1
-1
-1
-1
13 6310
-1
-1
-1
-1
-1
-1
-1
-1
-1
-1
-1
-1
15 6464
-1
-1
13 6496
-1
-1
11 6425
-1
12 5899
-1
13 5764
-1
-1
-1
-1
10 6394
8 6091
10 6429
-1
-1
-1
-1
-1
-1
13 5872
15 6183
14 6216
13 6506
-1
-1
12 6162
12 6428
-1
11 6116
12 6171
12 6103
12 6462
-1
11 5858
-1
-1
12 6471
13 6305
-1
10 5954
-1
10 5954
12 6135
15 6426
-1
12 6357
13 6518
9 5950
14 6338
-1
-1
15 6189
15 6336
13 6159
-1
12 6516
-1
-1
-1
9 5878
-1
-1
-1
11 6321
11 6321
-1
15 6494
-1
-1
-1
9 6139
9 5880
9 5880
-1
-1
-1
-1
-1
-1
12 6475
-1
-1
-1
-1
14 5904
-1
14 5904
-1
-1
-1
-1
14 6480
-1
-1
15 6447
-1
11 6116
-1
-1
-1
13 6518
-1
-1
-1
-1
-1
-1
-1
12 6007
-1
-1
10 5763
-1
14 6019
-1
-1
-1
13 6166
-1
-1
14 6187
-1
14 6211
-1
15 6453
14 6510
12 6471
-1
-1
-1
11 5717
-1
13 5985
-1
13 6190
15 6452
15 6452
13 6378
13 6378
-1
8 6185
-1
13 5926
-1
13 5926
-1
-1
12 6453
-1
-1
-1
-1
15 5739
16 6397
17 6471
-1
17 6471
17 6471
-1
-1
-1
11 5744
-1
13 6482
-1
15 5982
16 6264
-1
-1
13 6517
12 6415
-1
-1
-1
11 5807
16 5886
-1
-1
11 6212
11 6212
11 6333
-1
11 6178
-1
11 6178
10 6343
8 6115
10 6356
11 6125
15 6042
-1
17 6014
16 6304
11 6310
-1
14 6326
13 6374
13 6374
-1
-1
-1
13 6374
-1
11 6469
-1
-1
-1
13 6039
-1
13 5840
13 5840
14 6386
-1
14 5695
15 6174
-1
-1
18 6517
-1
13 5761
-1
11 6090
11 6090
10 6326
9 6017
-1
-1
-1
9 6163
-1
-1
-1
-1
-1
17 6075
18 6455
-1
16 6138
-1
18 6511
14 6483
13 6517
-1
-1
10 6384
10 6384
-1
11 6396
11 6396
11 5916
11 5916
11 5750
11 5750
11 5750
-1
11 5872
-1
12 6233
12 6233
-1
-1
-1
13 6283
14 6115
-1
12 5588
-1
-1
13 5778
-1
-1
12 6440
12 6440
11 5540
-1
-1
10 5777
10 6366
10 5984
-1
12 6086
12 6086
-1
-1
17 6329
-1
-1
-1
14 6021
-1
-1
-1
-1
12 6212
-1
12 6292
10 6057
12 6498
-1
-1
-1
11 5850
11 5850
-1
13 6267
13 6267
11 6300
11 6048
10 6408
-1
-1
9 6233
9 6233
9 5558
13 5621
13 6377
-1
-1
-1
-1
-1
-1
11 6008
-1
11 6008
-1
15 6512
16 6414
-1
16 6358
17 6488
17 6488
17 6178
14 6440
11 6190
11 6412
-1
11 6413
12 6432
12 6028
13 6228
-1
-1
9 5840
-1
-1
13 6411
-1
12 6284
12 6284
12 5944
-1
-1
-1
10 6030
-1
-1
13 5923
-1
13 6058
13 6058
13 6058
13 6058
13 6207
11 6506
-1
-1
10 5889
12 6261
-1
-1
15 6489
15 6489
-1
15 6202
13 5777
14 6209
-1
-1
-1
-1
10 6310
11 6238
11 6327
-1
-1
-1
-1
-1
-1
12 6433
-1
12 6269
10 6349
11 6112
12 6508
-1
-1
12 6401
13 6134
-1
-1
12 5891
12 5891
12 6498
11 5768
-1
-1
-1
-1
11 6324
-1
-1
12 5919
13 6437
10 6257
-1
-1
-1
10 5872
12 6133
16 5762
-1
-1
-1
17 6336
-1
-1
-1
18 5953
-1
16 6229
-1
-1
-1
-1
13 5714
-1
10 6353
10 6353
9 6162
11 6510
-1
-1
13 6466
12 6466
-1
-1
-1
13 6467
-1
-1
-1
13 6022
13 6380
-1
10 5900
11 6333
11 6333
-1
9 6508
-1
-1
13 6452
-1
14 6094
15 5811
13 5837
-1
13 6351
13 6267
-1
13 6267
-1
-1
-1
14 5698
-1
15 6397
-1
14 6387
-1
-1
12 5595
-1
-1
15 6433
15 6433
12 6512
-1
12 5943
-1
-1
14 6148
-1
14 6148
-1
-1
16 6427
16 6427
-1
-1
-1
13 6302
13 6302
-1
-1
-1
14 6400
-1
-1
12 6497
12 6440
12 6440
12 5793
13 6492
13 6492
-1
13 6492
-1
-1
13 5956
13 5956
12 6499
12 6409
-1
-1
-1
14 6164
14 6356
-1
-1
12 6153
-1
-1
-1
-1
-1
12 6122
12 5595
13 6104
-1
-1
12 6380
-1
-1
-1
13 6507
-1
14 6379
-1
14 6368
14 6131
-1
-1
13 5989
-1
-1
-1
11 6031
-1
11 6049
-1
-1
-1
-1
15 6082
15 6082
16 6328
-1
-1
-1
-1
14 6393
14 6393
-1
14 6516
14 6486
14 6486
-1
-1
-1
13 6401
-1
11 6235
11 6066
12 6338
-1
11 6230
-1
-1
11 6450
-1
-1
-1
-1
-1
-1
-1
-1
-1
13 5862
13 5862
-1
-1
-1
-1
-1
-1
11 6517
-1
9 6113
9 5884
10 6394
-1
10 6394
10 6000
-1
11 6410
11 5907
12 6220
-1
-1
-1
14 6499
12 6204
-1
-1
-1
-1
-1
-1
-1
12 5981
15 5779
15 5867
-1
-1
15 5867
15 5867
-1
-1
14 5964
16 6122
-1
12 6016
14 6298
-1
15 5800
-1
14 6486
14 6486
-1
-1
-1
-1
-1
-1
11 5808
-1
12 6179
12 6179
-1
-1
-1
-1
12 6258
13 6382
-1
-1
-1
14 6443
12 5969
-1
12 6423
12 6209
-1
13 6344
-1
-1
10 6285
10 6285
-1
-1
-1
-1
-1
12 6052
-1
-1
12 6388
11 5621
-1
-1
14 6391
14 6270
-1
13 6208
-1
9 6166
-1
-1
-1
-1
-1
-1
-1
-1
-1
-1
-1
-1
-1
-1
-1
-1
-1
-1
14 6225
-1
-1
14 6455
-1
-1
-1
-1
-1
-1
8 6413
-1
-1
-1
-1
-1
-1
10 5708
-1
13 6217
-1
-1
11 6027
-1
-1
10 6439
9 5988
10 6442
9 5996
-1
10 5880
10 5880
-1
-1
12 6423
11 5930
11 6488
-1
-1
-1
-1
-1
-1
13 6470
11 6484
-1
-1
12 6460
-1
-1
-1
12 6036
-1
13 6401
12 5981
13 6417
-1
13 6357
12 6126
-1
-1
9 6192
-1
-1
-1
10 6310
11 6041
-1
13 6369
13 6369
-1
14 6493
13 5883
15 6401
-1
-1
-1
-1
-1
-1
-1
14 5847
-1
-1
-1
15 5826
16 6459
15 6414
-1
-1
-1
-1
-1
-1
12 6507
-1
13 6511
-1
-1
-1
18 6321
-1
-1
-1
-1
-1
-1
-1
-1
-1
11 6218
-1
12 6108
14 6324
-1
-1
-1
17 5984
-1
-1
-1
17 6439
-1
-1
15 6409
-1
-1
-1
12 6160
-1
14 6432
13 6132
-1
-1
-1
-1
-1
-1
11 6409
-1
12 5809
13 6393
-1
-1
-1
-1
-1
-1
-1
10 6351
-1
-1
-1
12 6335
11 6365
-1
-1
-1
-1
11 6504
-1
10 5922
-1
-1
-1
11 6315
11 6315
-1
12 5960
-1
-1
16 6416
-1
-1
-1
-1
-1
13 6156
-1
-1
15 6003
-1
-1
16 5695
-1
16 6395
-1
-1
-1
-1
13 6496
13 6496
-1
14 5703
-1
16 6394
-1
-1
17 6448
18 6342
16 5917
-1
-1
11 5804
-1
12 6443
-1
-1
-1
-1
-1
12 6046
12 6046
-1
-1
-1
-1
-1
10 5705
11 6316
-1
-1
-1
12 6144
-1
15 6037
13 5965
14 5980
-1
10 5954
-1
-1
10 5890
-1
-1
-1
12 6426
11 5831
-1
-1
-1
11 5679
12 6516
-1
11 6516
-1
-1
11 6401
-1
-1
11 6392
-1
12 6484
12 6484
-1
-1
-1
12 5618
-1
14 6280
13 6282
12 6369
-1
13 6510
11 5734
11 5734
-1
14 6267
-1
-1
-1
13 5998
13 5998
15 6505
16 6304
-1
-1
-1
11 6276
12 6298
15 6334
15 6334
12 6325
13 6275
-1
-1
-1
14 6475
-1
-1
13 5983
-1
10 5918
-1
8 6160
9 6475
-1
-1
-1
-1
11 6295
-1
12 6472
-1
-1
-1
11 5863
11 5863
-1
9 6342
-1
12 5790
11 5758
-1
-1
14 5944
-1
13 6045
-1
13 6045
-1
12 6130
-1
13 6243
14 6325
-1
-1
-1
15 6492
-1
-1
-1
13 6509
12 6452
12 5837
10 6113
12 6177
-1
9 6219
-1
11 6437
-1
-1
-1
-1
-1
-1
-1
13 6076
-1
13 5845
13 5845
15 6513
11 6251
11 6251
12 5701
-1
-1
-1
-1
14 5702
16 6384
-1
-1
-1
15 6488
15 6433
-1
-1
13 6228
13 6228
-1
-1
-1
15 6307
-1
-1
-1
-1
-1
11 6480
11 6480
11 6446
-1
-1
-1
13 5892
13 5892
-1
15 6098
15 6098
-1
14 6341
14 5902
-1
-1
-1
-1
-1
15 5961
16 6400
15 6241
-1
-1
10 6278
-1
10 6232
-1
11 6269
13 6409
-1
-1
-1
-1
-1
-1
-1
13 6209
-1
12 5897
13 6504
-1
13 6504
-1
-1
-1
-1
-1
-1
-1
-1
11 6008
-1
-1
-1
-1
13 6429
14 6515
14 6044
14 5959
13 6423
-1
13 6492
13 6495
-1
12 6061
-1
-1
-1
10 6042
10 6042
-1
-1
13 5800
11 5779
-1
13 6477
-1
11 6304
-1
14 6240
16 6346
16 6049
-1
-1
-1
-1
-1
14 6385
-1
-1
12 6064
-1
12 6156
-1
14 6138
-1
-1
14 6138
-1
-1
-1
-1
14 6318
-1
-1
-1
15 6147
-1
-1
13 6446
-1
-1
13 6305
-1
-1
-1
-1
13 6263
-1
-1
13 6450
10 6362
10 6362
-1
-1
-1
14 6036
14 6036
14 6036
-1
-1
14 5989
15 6141
-1
-1
-1
11 6504
11 6409
11 6409
11 5712
-1
14 5826
-1
15 6250
-1
-1
-1
-1
-1
14 6479
-1
14 6445
13 6263
-1
-1
11 6344
11 6344
-1
-1
-1
-1
-1
-1
-1
14 6218
-1
-1
-1
-1
-1
10 5963
-1
-1
-1
-1
-1
-1
17 6316
19 6417
15 6122
-1
16 6166
-1
15 6378
-1
-1
-1
-1
12 6084
12 6084
10 6036
10 6036
-1
10 6402
11 6254
13 6381
-1
11 6265
12 6304
-1
12 6399
-1
-1
14 6099
-1
-1
-1
-1
-1
-1
-1
-1
-1
-1
-1
-1
-1
13 6474
11 6227
-1
-1
10 6229
11 6068
11 5663
13 6163
13 6163
-1
-1
-1
-1
-1
13 6469
-1
-1
-1
15 6200
10 5943
13 5793
-1
15 6435
14 6166
-1
12 6216
-1
11 6211
-1
-1
11 5994
-1
-1
9 6075
9 6075
9 6075
-1
-1
10 5760
11 6392
11 6346
-1
11 5892
-1
-1
-1
-1
10 6344
10 5810
-1
-1
-1
-1
11 6310
-1
-1
-1
13 6178
-1
13 5650
-1
13 5650
-1
-1
-1
-1
-1
14 6133
13 6078
-1
-1
10 6346
-1
10 6184
-1
11 6138
-1
-1
-1
-1
-1
10 6423
10 6191
-1
12 5731
-1
-1
-1
-1
11 6376
-1
-1
11 6109
12 6230
12 6234
12 6234
-1
11 6272
-1
-1
-1
-1
15 6434
-1
16 6222
-1
-1
-1
-1
-1
10 5704
-1
-1
-1
-1
-1
-1
-1
14 6407
12 6188
7 5707
-1
-1
-1
12 6051
12 6051
13 6506
-1
-1
-1
14 6254
14 5939
15 6459
15 6459
16 6505
17 6086
-1
-1
-1
-1
13 6119
-1
-1
-1
12 6255
12 6255
14 5929
-1
14 6485
14 6485
-1
-1
15 6416
-1
-1
-1
11 5833
-1
-1
-1
-1
-1
-1
20 6316
20 6449
18 6080
-1
-1
-1
12 6260
13 6432
13 6432
11 6052
-1
-1
-1
-1
-1
-1
10 6403
11 5955
11 5955
-1
12 6421
12 6421
11 5824
11 5975
13 5863
12 6154
11 6326
-1
12 6467
-1
12 6271
13 6451
13 6328
-1
-1
-1
-1
13 6498
-1
10 6245
-1
9 5798
10 6128
-1
-1
-1
-1
-1
13 6439
13 6340
-1
-1
-1
15 6095
15 6095
-1
-1
-1
9 6485
-1
-1
-1
9 5826
-1
-1
-1
-1
-1
10 5909
-1
12 6448
-1
-1
11 5738
-1
-1
-1
12 6056
-1
13 5732
-1
14 6017
14 6013
14 6013
-1
-1
-1
12 6249
12 6356
13 6497
13 6497
12 6476
12 6476
-1
13 6327
-1
11 6411
12 6393
12 6197
-1
13 6274
12 5833
12 5833
-1
-1
-1
11 5870
-1
-1
11 6106
10 5921
11 6368
10 5924
10 5589
-1
11 5922
11 6365
10 6059
-1
-1
-1
10 5981
-1
-1
-1
11 6293
11 6293
-1
11 6321
-1
-1
-1
-1
13 6363
-1
14 6430
-1
14 6463
16 6511
15 6398
-1
-1
10 6476
-1
9 5908
-1
10 6353
-1
-1
-1
-1
11 5777
-1
-1
-1
-1
-1
8 6358
-1
-1
-1
-1
-1
-1
-1
-1
-1
14 6214
-1
-1
19 6391
19 6065
20 6339
-1
8 6256
8 6169
8 5915
-1
8 5878
-1
-1
10 6443
11 6171
-1
10 5731
-1
-1
-1
-1
14 6130
15 6213
-1
15 6431
-1
14 6449
-1
-1
-1
10 5717
10 5717
12 6452
11 6021
11 6021
-1
-1
-1
12 6448
13 6349
-1
-1
-1
-1
12 6182
-1
-1
12 6279
-1
11 6383
-1
12 6318
-1
-1
-1
12 6398
-1
11 6134
-1
-1
-1
-1
-1
-1
10 6207
11 6394
-1
-1
-1
-1
11 6115
11 6115
12 5905
-1
12 5807
12 6327
11 5722
11 6299
-1
-1
-1
-1
-1
15 6415
16 6452
-1
15 6453
-1
-1
-1
-1
-1
10 5904
11 5919
-1
-1
-1
11 5787
14 6505
14 6505
15 6403
-1
16 6319
13 6069
-1
-1
-1
15 6353
-1
15 6179
16 6356
-1
-1
12 6456
-1
12 6456
-1
-1
-1
11 6151
-1
-1
-1
13 6470
13 6470
13 6470
15 6319
14 5907
-1
14 5907
-1
-1
15 6357
-1
12 6499
-1
-1
17 6302
-1
-1
-1
-1
-1
-1
15 6354
15 6354
14 6294
15 6448
-1
14 6255
-1
14 5911
-1
-1
-1
13 6198
-1
-1
10 6512
10 6512
10 6396
-1
-1
10 6217
-1
-1
-1
12 6319
12 6319
12 5899
-1
-1
-1
-1
12 6230
12 6030
14 6407
-1
-1
13 6273
-1
-1
-1
-1
13 6511
13 6511
10 6247
-1
10 5839
-1
-1
-1
11 5771
-1
-1
10 5795
-1
12 6000
13 5703
14 6142
13 6335
12 6341
-1
13 6446
13 6446
10 6042
10 6042
-1
11 5831
-1
-1
11 5703
-1
-1
-1
-1
-1
16 6226
16 6469
17 6320
17 5675
11 6390
-1
13 6470
-1
-1
-1
11 6477
11 6477
11 6494
-1
-1
-1
9 6289
-1
8 5667
-1
9 6075
-1
-1
-1
10 5841
-1
-1
-1
9 6474
-1
11 6441
11 6338
12 5631
-1
12 5815
-1
-1
12 6356
12 6356
-1
13 6322
-1
10 5755
-1
10 6304
10 6304
10 6260
-1
-1
12 6357
12 6186
-1
-1
-1
-1
13 6170
11 5935
11 5935
-1
-1
13 6508
-1
15 6369
17 6075
-1
17 6445
17 6445
-1
-1
14 6375
13 6376
13 5863
-1
-1
-1
10 5822
-1
-1
11 6421
-1
10 6302
-1
-1
-1
-1
-1
-1
15 6179
-1
12 5906
12 5897
-1
-1
-1
-1
-1
-1
-1
-1
11 5649
11 6466
-1
12 6120
15 6201
-1
16 6464
-1
12 6370
-1
-1
13 6417
13 6395
-1
15 6503
16 6139
-1
8 6260
8 6071
-1
8 5712
-1
11 6419
-1
-1
11 6419
11 6407
10 5616
-1
12 5882
-1
11 5931
-1
11 6353
11 6353
-1
-1
11 6305
-1
-1
-1
-1
-1
-1
-1
-1
-1
-1
-1
-1
-1
-1
14 6262
-1
-1
13 6374
-1
11 6083
11 6083
-1
-1
12 5694
-1
-1
-1
-1
11 6377
-1
12 6502
-1
13 5977
13 5977
15 6443
-1
10 5818
-1
-1
-1
8 5832
10 5633
-1
-1
13 6498
-1
-1
-1
-1
11 5883
-1
-1
-1
-1
11 6284
12 6375
13 6285
12 6199
-1
-1
12 5979
-1
16 6348
-1
12 6120
12 6177
14 6009
-1
13 6462
-1
13 6258
-1
13 5772
13 5772
-1
12 6387
12 6387
12 6288
12 6288
-1
-1
14 5975
-1
13 6172
-1
-1
13 6464
13 5754
-1
-1
16 6352
13 6028
13 6028
-1
-1
-1
13 6429
-1
-1
-1
-1
-1
-1
-1
-1
12 6408
-1
-1
12 5860
-1
-1
11 6467
-1
10 5904
-1
-1
-1
-1
-1
11 6170
11 6170
-1
12 6106
13 6449
-1
10 5993
12 6368
14 6369
-1
-1
11 6500
-1
-1
-1
9 6009
9 6098
-1
9 6045
-1
-1
-1
10 6478
9 6136
-1
-1
10 6375
13 6212
13 6212
14 5933
14 6419
-1
-1
14 6487
12 6158
-1
16 6471
16 5956
-1
19 6500
19 6500
-1
-1
13 6450
13 6351
13 5758
16 6509
-1
17 6416
-1
-1
12 6501
12 6327
9 6020
-1
-1
10 6486
-1
-1
-1
-1
10 5779
-1
10 5771
-1
10 5771
10 5771
-1
-1
9 6242
-1
10 6221
-1
10 5790
-1
-1
-1
-1
14 6489
-1
15 6496
13 6481
-1
13 5704
14 6163
15 5829
16 6005
-1
16 5962
16 5962
-1
16 6012
-1
14 6106
-1
-1
15 6185
-1
-1
15 5770
-1
-1
-1
-1
18 6108
19 6498
-1
-1
16 6459
-1
17 6286
-1
15 6420
15 6420
-1
13 6334
-1
13 6334
-1
-1
-1
-1
-1
-1
-1
-1
-1
-1
10 6136
10 6377
-1
11 5716
-1
9 6168
9 6168
-1
11 6403
-1
-1
-1
-1
13 5922
13 6359
-1
-1
-1
14 6044
14 5849
14 5849
-1
14 6406
-1
-1
12 6434
13 6466
13 5961
14 6139
-1
14 5565
14 5565
-1
11 5845
11 5817
-1
11 5891
-1
-1
-1
11 6020
-1
10 6416
10 6307
-1
10 6155
12 5984
12 5984
-1
14 6272
14 6272
-1
-1
15 6351
-1
-1
14 5802
-1
-1
15 6158
-1
12 6335
-1
-1
12 6244
-1
13 6429
-1
13 5965
-1
-1
17 6446
-1
-1
16 5737
13 6391
10 6495
10 6155
-1
10 6480
-1
-1
13 6452
-1
10 6351
15 6357
-1
-1
-1
-1
-1
-1
-1
-1
10 5696
12 6181
15 6452
15 6452
-1
10 6150
11 6394
11 6118
12 5797
-1
19 6367
-1
-1
18 6330
-1
-1
16 6338
-1
11 6473
-1
11 6451
12 6502
-1
12 6493
-1
-1
12 6453
11 5691
-1
12 5961
12 5961
-1
12 5961
-1
13 6358
-1
11 6189
-1
-1
-1
9 5809
12 6358
14 6471
14 6481
14 6481
15 6340
14 6450
-1
13 6043
12 6261
-1
12 6232
-1
13 6350
-1
13 6186
-1
-1
15 5559
15 5842
-1
8 5862
9 5901
11 6258
-1
11 6258
12 5947
-1
-1
-1
16 6411
16 6411
-1
-1
13 5959
15 6306
-1
-1
14 6414
14 6470
15 6170
14 6400
-1
14 6455
13 6313
13 6313
12 6458
-1
-1
-1
12 5787
-1
17 6483
-1
15 6440
14 6463
-1
12 5659
13 5857
-1
14 6457
-1
-1
-1
-1
12 6438
11 6292
11 5841
-1
-1
-1
-1
14 6470
-1
-1
-1
-1
-1
11 6476
-1
-1
15 6038
16 6188
16 6188
16 6188
16 6188
16 6188
-1
-1
-1
-1
-1
12 5575
13 6294
16 6415
16 6235
-1
-1
17 6445
-1
17 6297
-1
16 6474
-1
-1
-1
-1
-1
-1
12 6391
12 6391
-1
-1
-1
12 6518
12 6391
-1
12 6391
-1
11 6298
11 6369
-1
12 6385
-1
-1
12 6248
12 6248
-1
-1
12 6482
12 6200
12 6391
-1
11 5781
-1
11 5986
-1
11 6198
10 6394
10 5983
10 5983
-1
11 6175
-1
-1
11 6238
12 6114
-1
-1
-1
-1
15 6256
-1
-1
17 6458
17 6435
17 6435
-1
-1
-1
-1
14 6099
-1
15 6417
17 6385
-1
-1
-1
-1
-1
14 5643
15 6295
-1
-1
12 6078
12 6474
11 6492
-1
-1
-1
12 6473
-1
-1
-1
-1
-1
-1
-1
-1
-1
-1
-1
12 6344
11 6164
-1
8 5576
-1
11 6167
11 6167
11 6167
11 5954
12 6383
-1
12 5585
-1
-1
-1
-1
9 5698
9 5698
11 6017
12 6422
-1
12 5802
-1
-1
13 6440
-1
11 6418
-1
-1
-1
12 6495
12 6495
-1
11 6517
-1
-1
14 6470
14 6470
-1
-1
13 5736
-1
14 6257
-1
-1
11 5642
11 5642
-1
11 6363
-1
12 6002
12 6110
-1
12 6025
14 5970
-1
15 6498
-1
-1
16 6313
-1
14 6450
10 6488
10 6488
-1
-1
11 5902
12 6288
-1
-1
-1
14 6414
11 6478
-1
10 6513
10 6513
-1
10 5979
-1
-1
-1
13 6476
-1
-1
-1
-1
-1
-1
-1
-1
-1
11 6091
-1
-1
12 6451
12 6008
-1
-1
13 6443
-1
12 6306
11 6019
-1
-1
-1
13 5857
-1
-1
-1
-1
-1
-1
11 6493
-1
-1
-1
-1
-1
11 6155
-1
-1
11 6289
-1
-1
-1
11 5795
11 6307
-1
-1
-1
-1
-1
-1
13 6366
-1
12 6049
13 6423
-1
-1
-1
12 6484
12 6484
-1
12 6260
-1
-1
13 5993
11 6088
-1
10 6332
-1
-1
9 6362
9 6518
-1
-1
-1
-1
14 6430
-1
13 6185
12 6469
-1
-1
-1
9 5843
-1
-1
-1
-1
-1
10 6343
9 6152
9 6152
10 6485
-1
-1
11 6482
-1
-1
-1
-1
13 6496
11 5679
11 5679
11 6413
12 6471
-1
-1
12 6372
12 6272
11 5904
-1
-1
13 6333
-1
-1
15 6245
-1
16 6487
-1
15 6329
-1
15 6296
-1
-1
14 6448
-1
-1
13 6427
14 6471
-1
-1
-1
-1
15 6374
-1
-1
-1
11 6229
-1
-1
11 6149
-1
-1
13 6040
-1
14 6433
-1
-1
-1
10 6502
-1
9 6517
-1
-1
-1
-1
-1
12 5687
12 5687
-1
-1
-1
-1
-1
11 6413
-1
-1
-1
12 6421
-1
12 6421
11 6255
-1
-1
-1
-1
-1
14 6421
14 6421
14 6421
14 6421
-1
14 5927
12 6358
-1
-1
-1
-1
-1
10 5720
-1
-1
17 6515
-1
17 6157
14 6378
-1
-1
10 6210
-1
10 6210
11 6390
-1
-1
11 6069
-1
11 6069
11 6069
9 6119
-1
-1
-1
-1
-1
-1
-1
-1
11 6395
11 6478
-1
13 6484
13 6484
-1
19 6443
-1
-1
-1
-1
-1
-1
-1
13 6362
-1
-1
12 5989
-1
-1
-1
-1
14 5995
-1
-1
-1
-1
11 5782
-1
-1
14 6496
-1
14 6035
14 6457
-1
-1
-1
-1
11 6164
-1
-1
-1
12 6285
12 6285
11 6245
-1
-1
-1
-1
-1
-1
13 6302
13 6302
-1
13 6276
13 6449
-1
14 6510
14 6510
-1
9 6001
-1
11 6283
11 6283
11 6136
-1
12 5932
13 6106
13 6113
-1
-1
14 6338
16 6507
-1
13 5879
-1
-1
-1
-1
-1
-1
-1
14 6335
14 6335
-1
-1
13 6391
-1
13 6355
-1
13 6355
-1
-1
-1
-1
-1
11 6339
-1
13 6385
14 6426
-1
-1
-1
-1
-1
-1
14 6512
-1
14 6512
14 6205
-1
-1
-1
14 6399
15 6221
-1
17 6101
14 6203
-1
-1
10 5746
-1
-1
-1
13 6297
-1
-1
10 5602
-1
10 6311
-1
-1
11 6181
11 6225
11 6051
-1
14 6475
-1
-1
16 6440
16 6440
-1
18 6328
-1
-1
-1
-1
-1
-1
17 6493
-1
-1
12 6427
-1
-1
-1
-1
-1
12 6211
-1
-1
-1
12 6189
-1
-1
11 6223
-1
11 6414
-1
-1
-1
-1
12 6113
-1
12 5994
11 5933
12 6417
-1
11 5708
-1
12 6151
-1
-1
-1
12 6283
-1
11 6419
-1
-1
-1
-1
-1
13 6027
13 6027
-1
-1
-1
14 6271
-1
-1
-1
-1
-1
14 6475
-1
15 6449
-1
-1
13 6079
11 6474
-1
12 6504
12 5742
-1
-1
12 5742
15 6191
-1
15 6098
-1
-1
-1
10 6292
10 5809
10 5809
-1
-1
-1
-1
12 6243
-1
-1
-1
-1
-1
-1
13 6409
-1
13 6396
14 6472
-1
11 6046
-1
-1
-1
-1
-1
11 5916
11 6371
11 6504
-1
-1
-1
-1
-1
-1
-1
-1
14 6392
-1
-1
14 6344
-1
-1
-1
12 6211
-1
-1
14 6425
14 6425
-1
14 6500
-1
-1
-1
11 5981
13 6210
14 6138
-1
-1
11 6509
11 6509
-1
-1
-1
-1
-1
-1
11 6141
-1
10 5722
-1
13 5990
16 6159
16 6444
-1
10 6442
-1
12 6498
-1
12 6477
14 6436
-1
13 6335
-1
-1
11 5951
12 6204
-1
-1
-1
-1
-1
14 6482
15 6456
-1
-1
15 6367
-1
-1
-1
-1
17 6128
-1
-1
-1
-1
-1
12 6149
-1
12 6423
12 6251
-1
-1
-1
12 6174
13 6258
13 6258
14 6346
17 6417
16 6193
-1
16 6406
-1
16 6453
-1
-1
12 6088
10 6109
-1
-1
8 6294
-1
9 6306
8 5843
-1
-1
12 6289
-1
12 6253
11 6320
-1
-1
-1
13 6154
-1
-1
-1
-1
-1
-1
13 6508
13 6508
-1
11 6157
14 6349
14 6349
-1
12 5900
-1
11 6286
-1
-1
14 6096
-1
-1
-1
17 6350
-1
-1
-1
16 6298
-1
-1
-1
-1
10 5868
10 5868
-1
15 6355
15 6398
-1
14 6136
-1
14 6508
-1
-1
16 6320
-1
16 6011
-1
-1
-1
-1
11 5691
10 6072
12 6504
-1
-1
14 6378
-1
15 5645
15 5645
-1
17 6443
-1
-1
-1
17 6446
14 6199
15 6490
17 6061
16 6180
-1
-1
-1
-1
-1
15 6459
-1
12 6305
-1
-1
13 6453
12 5869
11 6113
-1
12 6317
-1
12 6398
12 6398
10 6506
10 6506
-1
12 6397
-1
-1
11 6166
-1
-1
12 6004
-1
-1
-1
12 6494
-1
-1
-1
-1
-1
13 5946
13 5946
-1
12 6352
-1
-1
12 6376
-1
-1
12 5787
13 5760
13 5760
-1
-1
-1
14 6040
-1
14 6040
14 6040
-1
10 5810
-1
12 6169
-1
-1
-1
-1
-1
17 6285
17 6285
-1
-1
15 6057
-1
-1
-1
12 6400
-1
14 6481
-1
12 6130
-1
-1
14 6391
-1
14 5632
14 5632
-1
15 5760
-1
-1
-1
14 6423
-1
-1
-1
14 6379
-1
-1
-1
11 5819
-1
14 6504
14 6504
14 5804
-1
15 5855
-1
14 6256
15 6204
-1
15 6204
-1
-1
14 6164
14 6422
-1
-1
-1
12 6167
-1
-1
17 6052
-1
-1
-1
11 5948
-1
-1
14 6482
-1
-1
-1
-1
11 6449
-1
12 6364
-1
14 6491
-1
12 6341
-1
-1
14 6340
14 5987
-1
-1
-1
13 5958
13 5958
-1
13 6327
-1
-1
-1
-1
-1
12 6466
-1
-1
-1
11 6383
10 6013
-1
11 6278
10 6168
-1
14 6207
10 6043
11 6357
10 6147
-1
-1
10 6359
-1
-1
13 6330
12 5705
-1
13 5920
12 5815
11 6397
11 6430
-1
-1
11 6105
-1
12 6513
-1
11 6005
11 6005
11 6440
-1
-1
-1
-1
-1
9 5769
-1
-1
-1
-1
12 5696
-1
-1
-1
-1
-1
13 6154
-1
-1
16 5839
-1
-1
17 5930
-1
18 6428
-1
-1
-1
-1
-1
-1
11 6367
10 6286
-1
10 6067
-1
-1
11 6257
11 6257
-1
-1
11 6350
-1
-1
13 6472
13 6243
-1
-1
12 6111
-1
-1
-1
-1
13 6104
-1
13 6518
-1
13 6071
14 6253
15 6286
-1
-1
-1
-1
-1
-1
-1
13 6001
-1
15 6315
-1
16 6025
-1
-1
-1
-1
13 6127
-1
-1
13 6356
12 6354
13 6376
-1
12 6494
-1
-1
-1
-1
14 5967
-1
-1
13 6413
11 6082
-1
12 6414
-1
-1
13 6508
13 6508
15 6024
-1
16 6375
16 6375
-1
15 6290
11 6285
11 6197
13 6424
12 6310
12 5979
-1
-1
-1
-1
-1
-1
12 6375
-1
-1
-1
-1
-1
-1
16 6472
-1
-1
-1
14 5967
-1
11 5943
-1
13 5972
-1
12 6217
13 6443
13 5959
-1
15 6433
-1
12 6101
-1
-1
-1
14 6050
-1
13 6475
-1
-1
14 6490
-1
-1
14 6476
-1
12 6261
11 6349
-1
-1
14 6515
13 6419
12 5876
-1
-1
-1
-1
15 6443
-1
-1
-1
-1
16 5950
-1
14 6500
-1
-1
-1
-1
-1
9 6034
-1
-1
10 6141
10 6141
-1
-1
12 6337
-1
-1
-1
12 5595
-1
13 6199
13 6199
-1
14 6384
-1
-1
-1
13 6476
-1
-1
13 6303
13 6303
-1
-1
-1
-1
15 5736
-1
-1
17 5833
-1
-1
-1
12 6026
-1
-1
-1
-1
12 5846
12 5846
-1
12 6458
-1
14 6186
11 6385
10 6210
13 6476
-1
-1
-1
16 6365
-1
-1
-1
-1
14 6512
-1
12 6405
-1
11 5873
11 5886
-1
-1
-1
-1
13 6237
13 6237
-1
-1
13 6167
13 6167
16 6445
-1
17 5957
17 5957
-1
11 6439
-1
-1
-1
-1
-1
10 5682
11 6097
-1
12 6416
12 6416
-1
-1
-1
-1
-1
-1
-1
-1
-1
9 5806
-1
-1
9 5756
-1
9 5756
-1
-1
-1
-1
11 6426
-1
-1
-1
16 6457
-1
-1
-1
11 6372
-1
11 6139
-1
12 5850
12 5850
-1
12 6411
12 6411
-1
-1
13 6225
-1
13 6225
-1
10 5873
-1
10 6285
11 5847
13 6306
13 6306
-1
-1
-1
-1
-1
-1
10 5892
10 5892
-1
-1
-1
13 6452
14 6081
16 6432
-1
-1
11 6246
11 6423
-1
-1
14 6366
-1
18 6437
-1
18 6146
18 6146
17 6227
-1
-1
11 6149
-1
-1
-1
-1
14 6503
-1
13 6436
13 6436
-1
-1
-1
15 6134
-1
-1
15 6497
14 5975
14 6454
11 6517
14 6402
13 5712
-1
-1
-1
-1
10 6344
10 6127
-1
-1
11 6326
-1
-1
14 6354
14 5691
-1
-1
13 6485
12 5989
13 6387
-1
16 6251
17 6397
-1
-1
-1
15 6195
12 5821
13 6243
13 6243
13 6435
-1
-1
11 5780
11 5780
9 6096
-1
10 6452
10 6370
-1
10 6164
10 5937
-1
-1
-1
16 6184
-1
-1
14 6362
-1
-1
-1
-1
12 6258
-1
12 5891
-1
14 6304
-1
-1
-1
-1
-1
11 6048
-1
11 6048
-1
11 5986
-1
-1
-1
-1
10 5778
-1
-1
-1
-1
10 6347
-1
9 6285
-1
9 5948
-1
-1
-1
10 5578
-1
-1
-1
10 6235
11 6116
11 6122
-1
11 6122
-1
-1
-1
14 6030
-1
-1
17 6430
17 6409
15 6154
12 6201
-1
10 6441
10 6441
-1
10 6139
-1
-1
-1
11 6343
-1
-1
-1
-1
-1
-1
-1
-1
-1
12 6269
13 6504
11 6368
-1
13 6416
-1
-1
15 6408
15 6292
15 6292
-1
15 6292
15 6292
-1
-1
-1
-1
17 6482
-1
17 6482
-1
16 6470
-1
13 5887
-1
-1
12 6365
-1
-1
-1
-1
14 6505
-1
12 6511
-1
10 6218
-1
-1
-1
-1
11 5707
13 6373
-1
-1
13 6373
13 6373
-1
-1
-1
12 6323
-1
-1
13 5753
14 6149
12 6484
-1
11 6232
-1
10 6331
-1
-1
11 6124
-1
-1
-1
-1
-1
12 6359
-1
12 6359
-1
-1
11 6062
-1
-1
11 6062
12 6336
-1
-1
-1
-1
-1
11 6213
-1
-1
12 5714
14 6421
-1
13 6365
-1
15 6349
15 6447
-1
-1
-1
-1
-1
14 6070
15 6479
12 6067
-1
11 6515
-1
10 6467
10 6467
-1
-1
11 5885
10 5693
-1
-1
-1
-1
11 6222
-1
-1
-1
-1
-1
-1
-1
10 6230
11 5917
-1
12 6459
-1
-1
12 6048
12 6048
-1
12 6449
12 6449
-1
-1
-1
12 6203
11 5891
12 6448
-1
-1
11 6246
14 6425
14 6183
-1
-1
-1
-1
-1
-1
-1
-1
16 6398
-1
13 6313
13 6313
-1
-1
16 6389
-1
19 6329
18 6412
-1
9 5851
-1
-1
-1
-1
11 6235
11 5772
12 5972
12 5972
12 6319
-1
-1
12 6064
-1
-1
-1
-1
-1
-1
16 6419
-1
-1
15 6437
-1
-1
14 5768
-1
15 6329
13 6238
-1
14 6495
13 5955
13 5955
14 6502
14 6502
-1
15 6438
-1
-1
10 6283
-1
-1
-1
-1
10 5686
-1
-1
-1
-1
-1
-1
12 6256
-1
-1
-1
-1
-1
10 5693
10 5693
-1
-1
-1
13 6362
14 6463
14 6463
14 6463
14 5973
-1
-1
16 6180
-1
-1
-1
21 6500
-1
-1
-1
-1
12 6204
-1
-1
-1
12 5948
-1
12 6282
11 6517
11 5909
-1
12 6341
-1
-1
-1
13 6391
14 6306
-1
-1
-1
16 6320
-1
-1
-1
-1
19 6388
-1
-1
13 6418
12 6037
12 5883
-1
13 6455
-1
13 5627
-1
-1
-1
-1
14 5744
15 6136
-1
-1
-1
13 6399
13 6399
13 6402
-1
12 5751
12 5751
-1
13 6074
13 6074
-1
-1
-1
-1
-1
-1
-1
13 6050
-1
-1
14 6425
16 6394
-1
-1
-1
16 6435
-1
-1
-1
15 6346
-1
12 6481
-1
-1
13 6177
13 6177
-1
11 6201
10 6486
10 6486
10 6175
11 6003
11 6003
-1
-1
15 6156
-1
10 5898
10 5898
-1
-1
13 6474
-1
13 6390
-1
-1
14 6380
-1
16 6187
-1
16 6416
-1
-1
-1
-1
-1
10 6288
10 5900
11 6237
12 5919
-1
13 6177
-1
15 6506
-1
13 6082
13 6223
15 6473
15 6473
-1
17 6471
-1
17 6471
-1
-1
-1
-1
-1
-1
10 6478
12 5989
-1
11 6171
11 5951
-1
12 5984
14 6397
-1
-1
10 6196
-1
16 6439
-1
-1
-1
17 6351
8 6403
8 5923
9 6281
9 5734
-1
-1
10 6405
-1
-1
-1
-1
10 5872
-1
14 6469
-1
16 6501
-1
13 5903
11 5999
9 6236
9 6236
9 6236
-1
-1
9 5898
-1
-1
13 6482
-1
-1
9 5747
-1
-1
-1
12 5934
13 6498
-1
-1
10 6262
-1
10 5949
-1
-1
11 6054
-1
-1
-1
-1
12 5955
-1
-1
-1
-1
-1
12 6513
-1
12 6192
-1
-1
-1
-1
-1
16 6488
16 6488
-1
18 6151
16 6406
-1
-1
-1
10 5921
-1
-1
-1
13 6313
10 6513
10 6370
-1
-1
-1
12 6400
-1
13 6005
14 6029
14 6029
-1
10 5814
-1
-1
12 5834
-1
-1
-1
-1
14 6098
15 6460
15 6460
-1
-1
14 6448
9 5979
9 6321
-1
-1
-1
-1
10 5671
-1
10 5671
-1
-1
-1
13 6374
-1
13 6111
13 6013
13 6226
13 6226
13 6347
-1
11 6498
-1
-1
-1
-1
12 6277
12 5997
-1
-1
-1
-1
15 6262
-1
-1
11 6139
-1
-1
-1
14 5642
14 6253
-1
-1
11 6437
-1
12 6373
-1
-1
14 5834
14 5834
15 6501
-1
-1
15 5978
-1
-1
-1
13 5766
-1
-1
-1
12 5677
-1
-1
-1
-1
-1
-1
-1
-1
-1
11 6084
11 6242
-1
13 5848
-1
14 6442
-1
14 6221
-1
14 6221
-1
15 6236
15 6236
-1
14 6313
-1
10 6389
11 6265
11 6265
-1
-1
-1
-1
-1
13 6127
13 6127
-1
-1
-1
12 5939
12 6237
9 6417
8 6049
-1
-1
10 6505
-1
-1
-1
11 6355
-1
13 6481
-1
-1
-1
12 6083
12 6083
12 6173
12 6510
-1
-1
-1
-1
12 6263
-1
-1
-1
-1
-1
10 6290
-1
-1
13 6448
12 6144
-1
11 5979
11 5979
-1
12 6423
11 6033
11 6023
-1
11 6053
-1
10 6315
-1
13 6319
-1
12 6145
-1
13 6514
-1
-1
12 6333
-1
12 6149
-1
-1
-1
-1
-1
-1
-1
12 6307
10 5740
-1
13 6112
13 6112
13 6112
-1
-1
-1
-1
-1
-1
-1
-1
-1
-1
13 6387
11 6509
11 5856
12 6034
13 6382
-1
-1
-1
-1
-1
-1
11 5993
-1
-1
-1
-1
19 6322
15 6159
-1
-1
-1
-1
-1
-1
-1
-1
-1
-1
12 6419
12 6419
-1
-1
-1
12 6484
14 6459
-1
-1
13 6322
-1
-1
11 6473
-1
-1
-1
11 6491
-1
13 6376
13 6107
13 6107
-1
-1
-1
-1
13 6457
-1
14 6356
12 6095
-1
-1
13 6217
-1
12 6211
-1
-1
-1
-1
12 6277
-1
-1
13 6475
12 5691
-1
14 6223
15 6516
-1
14 6424
11 6298
10 5879
10 5987
-1
-1
-1
-1
-1
-1
13 6474
-1
14 6221
-1
14 5975
15 6239
16 6386
-1
-1
-1
17 6330
-1
18 6432
-1
-1
-1
-1
10 6362
-1
-1
11 6450
-1
-1
-1
14 6192
-1
13 6444
13 6444
-1
8 5713
9 6040
-1
-1
8 5885
8 5885
-1
10 5920
12 6350
10 5976
12 6290
-1
13 6508
-1
14 6054
13 6330
-1
-1
13 6459
-1
9 5936
-1
-1
12 6514
-1
-1
-1
10 5824
11 5846
12 6517
-1
13 6340
13 6340
-1
-1
-1
12 6285
-1
-1
-1
-1
-1
13 5752
-1
13 5752
-1
-1
14 6469
16 5959
18 6256
-1
14 6198
-1
15 6203
-1
12 5981
-1
9 6427
-1
11 6386
-1
-1
-1
-1
11 6518
-1
12 6454
-1
-1
10 6181
-1
8 6140
10 6183
-1
10 5590
-1
-1
-1
-1
12 6496
-1
12 5717
-1
11 6294
10 6121
10 6121
10 6121
-1
-1
11 5825
11 5996
12 6439
12 6439
12 6252
-1
16 5761
-1
15 5983
15 5983
-1
-1
11 6385
11 6173
9 6208
11 5676
-1
-1
-1
11 6309
11 6029
-1
-1
11 6425
11 6425
11 6425
11 6425
12 5683
-1
12 6450
-1
15 6374
15 6399
-1
-1
-1
12 6274
-1
-1
-1
11 6264
-1
-1
10 6240
8 5677
-1
-1
-1
-1
15 6446
-1
12 5866
-1
-1
9 5950
-1
11 5916
11 5916
-1
12 6111
13 6499
-1
-1
-1
13 6408
-1
-1
-1
12 6308
11 6232
11 6080
-1
11 6231
11 6231
-1
-1
10 5819
11 6031
11 6031
-1
12 6316
-1
12 6463
-1
-1
-1
13 6424
14 6025
15 6359
15 6359
-1
-1
13 6494
-1
-1
-1
-1
-1
10 6518
10 6518
-1
-1
-1
-1
-1
-1
-1
-1
12 6208
11 6309
12 6396
13 5897
16 6462
16 6283
16 6283
-1
-1
-1
-1
-1
-1
13 6295
-1
-1
-1
16 6400
14 5664
-1
13 6116
-1
14 6465
-1
-1
-1
-1
12 6298
-1
-1
13 6373
-1
-1
-1
12 5884
-1
13 6312
11 6046
12 5905
-1
12 6317
-1
12 6155
12 6491
-1
-1
-1
11 6489
13 6344
-1
13 6344
15 6260
15 6465
-1
-1
-1
13 6459
-1
11 6095
-1
-1
11 5947
12 6375
-1
-1
-1
11 6266
11 5657
-1
13 6493
-1
-1
-1
12 6279
-1
13 6157
13 6157
-1
12 6295
12 6295
-1
15 6416
-1
16 6424
-1
-1
-1
14 5656
14 6094
-1
-1
-1
15 5693
9 6156
-1
-1
-1
10 5943
-1
-1
11 6306
-1
-1
-1
-1
-1
-1
10 6460
-1
-1
10 6351
13 6300
-1
14 6455
-1
15 6463
-1
-1
-1
10 6465
9 5627
10 5633
13 6516
-1
-1
-1
-1
-1
13 6477
-1
13 6256
-1
13 6459
-1
-1
-1
13 6510
13 6316
-1
13 6399
-1
-1
-1
-1
-1
13 6064
-1
-1
13 6200
-1
11 5812
13 6452
14 6488
15 5970
-1
-1
16 5916
14 6495
12 6379
-1
-1
15 6445
-1
13 6395
-1
-1
-1
12 6333
-1
10 5846
-1
-1
-1
-1
-1
-1
-1
-1
-1
-1
-1
15 6246
-1
-1
-1
16 6481
-1
15 6353
-1
-1
17 6455
-1
-1
18 6303
-1
18 6389
-1
15 6168
10 6336
10 6336
9 5979
-1
-1
9 6074
9 6074
9 6074
-1
10 5771
-1
-1
-1
10 5771
-1
11 5998
-1
-1
11 6407
12 6171
-1
-1
15 6386
-1
-1
-1
-1
-1
-1
12 5714
-1
13 6446
13 6157
-1
13 6157
-1
-1
-1
12 5930
-1
-1
12 6160
12 5888
-1
-1
-1
-1
12 6106
-1
-1
-1
11 5859
11 6240
11 6240
11 6297
-1
-1
-1
-1
-1
-1
11 6220
-1
-1
-1
-1
12 6307
-1
12 6378
12 6378
13 6318
13 6263
-1
-1
-1
12 6071
12 6080
13 6411
-1
-1
11 6103
-1
11 5695
-1
-1
10 6502
-1
-1
-1
11 6297
-1
-1
13 6398
-1
13 6398
-1
12 5965
13 6458
-1
16 6395
-1
-1
-1
-1
-1
10 6157
10 5724
10 5938
10 5938
-1
11 6380
-1
-1
-1
13 6343
-1
17 6403
18 6302
-1
-1
-1
17 6439
-1
11 5769
14 6509
13 6420
-1
-1
16 6496
-1
-1
-1
-1
-1
12 5638
-1
13 5786
13 5742
-1
-1
-1
-1
-1
13 6328
-1
13 5822
13 5822
14 6228
13 5989
15 6321
-1
-1
-1
17 6516
-1
14 5997
13 6366
-1
-1
-1
-1
10 5865
10 5865
-1
-1
15 6179
-1
15 6179
-1
15 6179
-1
-1
16 6489
-1
-1
-1
-1
-1
-1
15 6348
-1
15 6348
-1
-1
-1
14 6047
-1
-1
-1
-1
-1
-1
-1
-1
14 6469
-1
15 6458
15 6458
-1
13 6176
11 6430
-1
-1
-1
-1
12 5945
-1
11 6184
-1
-1
11 5950
-1
-1
-1
-1
-1
-1
10 5614
-1
-1
12 6298
-1
13 6507
12 6494
12 6494
13 6510
-1
-1
-1
-1
11 6425
11 6425
-1
-1
11 6225
10 6453
-1
10 6258
-1
-1
11 6104
11 5780
11 5780
14 6364
-1
-1
-1
14 6374
-1
13 6126
11 5932
10 6438
10 6425
10 5730
-1
10 6102
11 6442
-1
-1
15 6324
-1
15 6472
-1
13 6359
13 6359
11 6155
-1
11 6136
13 6448
-1
11 5713
-1
-1
12 6469
-1
-1
-1
-1
-1
-1
12 6084
13 6388
13 6392
13 6392
11 6261
-1
13 5869
11 6152
11 6014
9 5971
-1
9 5948
9 6146
10 6340
-1
10 6340
-1
-1
-1
-1
15 6514
15 6411
15 6299
-1
14 6423
-1
14 6314
-1
-1
13 6500
-1
-1
-1
11 5852
-1
13 6507
-1
-1
11 5821
-1
11 6225
10 6400
-1
-1
-1
-1
-1
11 6497
-1
-1
-1
10 6207
11 6435
-1
12 6273
-1
-1
-1
-1
17 5857
18 6286
-1
18 6286
-1
-1
10 6429
-1
9 6225
-1
-1
9 6225
9 6225
-1
12 6110
-1
-1
12 6491
-1
-1
-1
13 6393
-1
11 6199
9 5872
9 6202
-1
9 5714
-1
-1
9 5906
-1
12 6484
-1
-1
-1
13 5858
-1
-1
-1
-1
12 6465
12 6465
-1
12 6488
14 6431
-1
15 6177
-1
15 6177
18 6486
-1
19 6502
-1
-1
-1
15 6518
13 5599
-1
15 6286
-1
13 6059
-1
15 5742
16 6171
-1
14 6438
10 6252
10 6252
-1
-1
-1
-1
-1
-1
14 6158
-1
-1
-1
-1
-1
-1
-1
-1
13 6433
12 6497
-1
-1
11 5990
-1
-1
-1
11 6176
12 6086
-1
12 6219
-1
-1
12 6219
-1
-1
-1
-1
12 6100
-1
-1
13 5668
-1
-1
15 6306
-1
-1
16 6190
17 6365
15 5741
-1
17 5737
-1
-1
16 6481
-1
-1
-1
-1
-1
-1
-1
17 6172
-1
-1
17 6172
-1
-1
-1
-1
10 6181
14 6225
14 6225
16 6451
-1
-1
18 6320
-1
16 5877
-1
16 6185
16 6185
14 6048
-1
12 6348
12 6388
12 6388
-1
-1
11 6328
-1
11 6403
-1
-1
-1
12 6481
-1
9 6107
-1
-1
9 6247
-1
-1
-1
10 6184
10 6184
-1
11 6401
11 6401
-1
-1
-1
-1
-1
12 5951
-1
-1
11 5894
-1
-1
11 6388
-1
-1
-1
-1
-1
12 5907
13 6078
-1
-1
-1
-1
-1
-1
17 6361
-1
-1
13 6366
13 6366
10 6005
10 6005
12 6375
12 6375
11 6202
-1
12 6373
12 6373
-1
-1
-1
-1
12 6339
11 6183
11 6027
11 6027
-1
-1
-1
-1
-1
-1
-1
-1
13 6184
13 6184
-1
12 6489
11 6390
-1
-1
10 5726
-1
-1
-1
11 6512
11 5815
-1
-1
-1
-1
10 5971
-1
11 6503
-1
-1
8 6025
-1
9 5969
-1
-1
-1
13 6517
12 6292
-1
14 6456
13 6468
-1
12 6499
-1
-1
12 6368
-1
12 5952
13 5749
-1
13 6417
-1
11 6249
12 6415
-1
-1
-1
12 6232
-1
-1
10 6272
13 6412
-1
-1
14 6031
-1
-1
-1
-1
-1
12 6240
12 6240
16 6308
-1
16 6308
-1
17 6484
-1
15 5933
-1
14 6267
12 5719
14 6368
12 6485
-1
-1
12 6485
12 6485
-1
-1
-1
-1
-1
-1
16 6070
-1
-1
14 6195
-1
-1
15 6307
-1
-1
-1
-1
16 6416
-1
15 6221
15 6221
14 6440
-1
-1
10 6308
9 6059
-1
9 6161
9 6177
-1
11 6425
12 6458
-1
12 6458
11 5961
-1
10 5802
-1
-1
-1
15 5608
16 5859
14 6106
-1
-1
-1
-1
9 5557
-1
-1
-1
-1
-1
15 5909
15 6502
-1
-1
14 6384
-1
13 5880
15 6411
-1
-1
-1
12 6309
11 5779
12 6230
-1
-1
-1
-1
12 6486
10 5968
-1
-1
-1
-1
13 6476
-1
11 6502
-1
-1
13 6188
-1
13 6197
13 6363
-1
-1
12 6485
-1
-1
-1
-1
-1
-1
11 5880
11 5880
13 6380
-1
16 6313
15 6481
-1
-1
14 5879
-1
-1
16 5996
16 5996
-1
18 6482
-1
-1
-1
-1
-1
-1
11 5780
14 6301
15 6463
-1
17 6171
-1
-1
-1
-1
9 6204
9 6204
10 6398
-1
-1
-1
-1
-1
-1
-1
-1
-1
-1
11 6230
-1
-1
-1
-1
-1
10 5703
-1
-1
12 5942
-1
12 5850
12 5850
-1
-1
13 6506
13 6506
11 5820
-1
-1
-1
-1
-1
-1
-1
-1
13 6057
15 6323
15 6323
-1
15 6323
-1
-1
9 6221
-1
12 6365
-1
-1
-1
10 6411
-1
-1
11 5767
12 6037
-1
14 6231
-1
15 6197
-1
-1
-1
-1
15 6483
-1
16 6457
16 6457
-1
-1
-1
12 6093
-1
-1
-1
9 6127
11 6464
-1
-1
-1
-1
-1
14 6260
-1
15 6291
14 6281
14 6281
-1
-1
-1
-1
-1
11 6226
-1
-1
13 6494
-1
-1
-1
13 6308
13 6081
14 5719
15 6306
15 6134
-1
-1
-1
20 6462
17 6152
-1
-1
13 6443
-1
-1
-1
-1
-1
-1
-1
-1
-1
12 6170
-1
12 6441
-1
-1
-1
-1
-1
-1
-1
-1
-1
-1
13 6498
-1
12 5784
8 6242
-1
8 6325
8 6325
-1
10 6415
-1
13 6075
-1
-1
-1
12 6159
13 6516
-1
-1
12 6439
-1
-1
-1
13 6165
-1
-1
-1
12 6348
12 6348
-1
-1
-1
-1
-1
-1
-1
-1
-1
10 6434
-1
-1
11 6102
-1
-1
11 5875
12 6459
9 6006
-1
-1
-1
-1
15 6428
-1
-1
13 6175
13 6175
-1
-1
10 6468
10 5728
12 6445
-1
-1
11 5769
-1
-1
-1
-1
-1
-1
12 5941
-1
-1
-1
-1
-1
-1
-1
15 6215
-1
-1
-1
-1
13 6279
12 6392
-1
-1
12 6225
-1
12 6499
-1
-1
11 6220
11 6220
-1
10 5848
11 6137
-1
10 6378
-1
10 5824
-1
-1
14 6184
15 6482
-1
-1
-1
-1
-1
-1
-1
-1
-1
12 6400
-1
-1
-1
-1
-1
16 6084
-1
-1
13 6236
13 6236
-1
-1
11 5957
-1
-1
-1
-1
12 6014
-1
-1
-1
13 6436
-1
12 6494
-1
-1
12 6386
-1
10 6395
10 5996
-1
10 5796
-1
-1
-1
-1
-1
-1
13 6161
14 6496
-1
15 6249
15 6473
-1
-1
15 6501
15 6301
-1
-1
16 6404
-1
-1
-1
15 6371
-1
15 6371
15 6386
-1
13 5869
14 6383
-1
15 6357
-1
11 6153
-1
-1
-1
-1
-1
-1
11 6304
12 6512
15 6400
-1
-1
15 6251
15 6251
15 6454
-1
9 5959
9 5733
-1
-1
13 5978
-1
12 6479
11 6405
9 5738
-1
10 5896
-1
-1
11 6234
11 6234
13 6101
-1
-1
-1
11 6018
11 6018
-1
-1
-1
-1
11 6387
-1
13 6146
-1
-1
-1
-1
-1
-1
13 5758
-1
-1
14 6322
-1
13 6467
-1
-1
13 6301
-1
14 6415
14 6126
-1
-1
-1
11 6380
11 6380
13 5759
13 5759
13 5759
-1
-1
-1
14 6230
-1
-1
-1
11 5933
10 5732
10 6370
-1
12 6169
-1
-1
13 6067
12 6473
-1
-1
10 5785
10 5785
-1
-1
-1
11 5913
11 5913
-1
14 6082
-1
-1
14 5913
13 6129
13 6260
12 6153
-1
-1
10 5889
-1
12 6473
12 6473
-1
10 6271
10 6271
-1
-1
-1
-1
15 6400
-1
-1
-1
14 6300
-1
11 6412
7 5853
-1
-1
-1
10 6046
10 6046
-1
-1
11 5797
-1
-1
13 5702
-1
13 5702
13 5702
13 5702
-1
15 6462
13 6271
-1
14 6308
13 6440
-1
13 5911
-1
12 6294
-1
-1
12 5619
-1
-1
-1
11 5647
13 6057
-1
13 6131
13 6131
13 6131
-1
12 6418
11 5737
13 6352
11 5713
12 6242
12 6242
-1
13 5962
13 5962
13 5962
13 6414
-1
12 6057
-1
-1
-1
10 6170
-1
13 6142
-1
10 6028
10 6135
10 6413
-1
-1
-1
-1
-1
-1
11 6179
-1
-1
10 5745
-1
14 5862
-1
-1
16 6431
-1
14 6466
13 6508
-1
-1
13 6249
13 6102
12 6351
-1
-1
-1
-1
-1
12 5631
-1
12 6425
-1
10 6261
-1
12 6279
12 6279
-1
14 6286
-1
13 5914
14 6421
14 6421
-1
-1
-1
-1
-1
-1
-1
-1
11 6510
12 6208
-1
-1
11 5675
-1
-1
9 6476
-1
9 6476
-1
-1
9 5939
-1
11 6251
12 5576
-1
12 5576
13 6316
-1
13 6316
-1
16 6216
-1
16 6078
16 6078
-1
-1
-1
-1
-1
-1
9 6473
10 6313
-1
10 6128
12 6507
-1
12 6342
-1
-1
13 6129
-1
-1
12 6411
12 6510
12 6448
-1
-1
-1
-1
-1
-1
12 6340
12 6340
-1
-1
-1
-1
12 5691
12 6270
-1
-1
13 6420
13 6331
-1
12 6277
-1
12 6380
-1
10 5869
9 6259
-1
9 6259
-1
9 6259
-1
9 5818
9 6206
11 6486
11 6500
11 6500
-1
-1
-1
12 6063
12 6063
11 6176
11 6176
-1
12 6349
12 6349
14 6499
-1
16 6518
-1
17 6394
-1
16 6289
15 6476
-1
-1
-1
-1
-1
8 5798
9 6139
-1
10 5957
11 6089
11 6089
-1
13 6349
12 6297
13 6056
-1
-1
-1
-1
12 5788
14 6442
14 6366
-1
-1
9 6111
-1
-1
-1
11 6177
-1
13 6384
13 6384
-1
14 6275
-1
-1
10 6206
11 6215
11 6215
-1
-1
16 6365
-1
-1
12 6413
12 6413
-1
11 6260
11 6260
12 5867
-1
-1
13 6204
-1
14 6493
-1
14 6173
-1
-1
14 6013
14 6013
-1
-1
-1
14 6511
-1
-1
16 6383
16 6210
-1
-1
-1
-1
-1
19 5830
-1
17 6427
-1
-1
12 6129
14 6172
-1
13 5626
-1
-1
-1
12 6008
-1
14 6346
14 6198
15 6266
-1
16 6303
-1
-1
14 6287
-1
-1
-1
12 6397
12 6437
11 6101
-1
11 6340
11 6340
12 6508
12 6508
-1
-1
12 6469
-1
9 6294
-1
-1
-1
-1
-1
-1
11 6383
-1
12 6434
-1
-1
-1
10 6052
-1
10 6514
10 6514
10 6514
-1
11 6351
11 6259
-1
14 6070
-1
15 6468
15 6468
-1
-1
-1
13 5882
-1
-1
-1
11 6385
-1
10 5641
-1
11 6496
-1
-1
-1
-1
-1
-1
15 6003
-1
11 6328
-1
12 6340
12 6340
-1
-1
-1
11 6052
-1
-1
11 6052
12 6342
-1
12 6342
12 6342
12 5658
14 6284
15 6493
-1
-1
16 6397
-1
-1
12 5750
-1
-1
12 6241
12 6241
-1
-1
-1
16 6508
-1
-1
-1
-1
-1
-1
-1
-1
-1
-1
-1
11 6262
11 6262
11 6262
-1
-1
-1
12 5947
-1
10 5577
-1
10 5712
-1
-1
-1
12 6068
12 6068
-1
-1
13 5933
13 6259
-1
13 6494
-1
-1
15 6451
-1
-1
11 6133
13 5942
12 6197
15 6470
-1
11 6258
-1
-1
11 6470
-1
-1
13 6501
-1
12 6101
-1
-1
-1
-1
-1
-1
10 6315
-1
11 6090
10 5748
-1
11 6293
-1
-1
13 6325
-1
-1
14 6245
14 6245
-1
-1
10 5907
-1
10 5907
11 6133
10 6170
-1
-1
-1
-1
-1
-1
-1
-1
16 6468
-1
-1
-1
-1
14 6335
-1
-1
12 6273
-1
-1
-1
-1
-1
12 6394
-1
-1
-1
14 6423
-1
-1
-1
15 6038
-1
-1
-1
-1
13 6484
-1
13 6484
-1
-1
12 6342
13 6450
-1
16 6253
-1
16 5991
-1
-1
17 6461
16 5954
-1
-1
-1
-1
-1
17 6342
17 6342
-1
16 6188
-1
14 6429
-1
-1
-1
12 6496
-1
13 6242
-1
-1
-1
-1
13 6288
13 6234
-1
15 6295
-1
-1
-1
10 6488
-1
13 6386
-1
10 6442
10 6442
-1
-1
14 6114
-1
-1
-1
15 6249
16 6195
-1
-1
13 6425
13 6425
-1
-1
-1
16 6031
15 6280
14 5722
14 5722
12 6310
-1
-1
-1
-1
11 6388
-1
-1
-1
-1
-1
12 5957
11 6249
-1
-1
17 6488
16 5929
16 5929
17 6394
10 6356
-1
-1
7 5800
8 6377
-1
9 5560
-1
10 5947
-1
-1
12 6465
10 6395
-1
-1
-1
10 6131
-1
-1
-1
-1
12 6139
-1
-1
-1
11 6171
-1
15 6515
-1
-1
-1
-1
-1
-1
11 6435
-1
12 6450
-1
16 6420
-1
-1
12 6208
-1
10 5755
-1
-1
10 6419
-1
10 5982
-1
14 6512
14 6247
-1
-1
-1
17 6384
17 6384
-1
-1
12 5924
-1
14 6078
-1
13 6209
-1
-1
-1
11 6200
12 6163
9 5913
-1
-1
11 6491
-1
-1
11 5808
-1
-1
12 6506
12 5805
-1
12 6106
12 6106
12 6421
-1
-1
12 5962
13 6435
-1
-1
-1
14 6453
-1
-1
16 6497
17 5842
17 5842
14 5974
-1
-1
11 6114
11 6114
-1
-1
-1
13 5811
14 5991
-1
14 6504
-1
15 6392
-1
15 6078
-1
15 5892
-1
-1
-1
9 5666
-1
-1
-1
-1
8 6189
9 5976
-1
16 6304
15 6386
-1
-1
10 5813
11 5920
-1
11 6295
-1
-1
-1
11 5894
-1
-1
12 6424
-1
10 6408
11 6366
-1
12 5877
-1
12 5721
14 6494
-1
-1
-1
-1
11 6292
11 6292
-1
-1
11 6504
10 6336
10 6336
-1
-1
13 6481
-1
13 5946
13 6503
-1
11 6119
13 5704
-1
13 5999
-1
-1
-1
-1
12 6488
11 6446
-1
-1
9 5823
-1
-1
9 5853
-1
-1
-1
10 6239
-1
-1
11 6171
-1
-1
9 5980
-1
-1
-1
11 6030
11 6230
-1
-1
12 6444
-1
13 6366
-1
-1
-1
10 6445
-1
-1
-1
-1
11 6385
-1
14 6049
-1
-1
-1
-1
-1
10 6478
-1
11 6388
11 6388
-1
12 6351
12 6351
-1
-1
13 6411
11 6480
-1
-1
-1
-1
-1
-1
12 6484
-1
-1
-1
-1
-1
-1
10 5856
-1
-1
10 5777
-1
13 6001
13 5894
13 5894
-1
-1
13 6392
-1
-1
14 6442
13 5827
-1
15 6164
-1
-1
-1
-1
-1
11 6054
-1
8 5744
-1
-1
12 6168
12 6168
11 5971
10 6036
-1
10 6032
11 5744
12 6181
-1
11 6122
-1
-1
-1
12 6448
-1
11 6016
13 6471
-1
11 6129
-1
11 6464
-1
-1
-1
-1
-1
-1
15 6312
-1
-1
-1
-1
15 5985
15 6113
-1
17 5854
18 5959
-1
18 5959
18 6236
-1
17 6512
17 6263
-1
16 6302
13 6008
13 6008
-1
-1
15 6045
16 6504
-1
15 6309
14 6083
14 6083
15 6290
-1
-1
-1
12 6389
-1
-1
13 6518
-1
14 6297
-1
-1
-1
-1
13 6518
-1
-1
-1
-1
-1
-1
11 6297
13 6496
12 6015
12 5889
-1
12 5889
-1
14 5805
-1
-1
15 6505
-1
-1
-1
16 6356
-1
15 6491
-1
13 6264
-1
-1
-1
-1
10 5633
10 5633
-1
-1
13 6187
12 6276
-1
-1
11 6178
11 6406
-1
-1
-1
10 6008
-1
-1
-1
-1
10 6498
11 6055
11 6127
12 6428
12 5903
13 6313
-1
-1
13 6438
-1
-1
-1
-1
-1
-1
12 6510
-1
-1
-1
-1
-1
-1
15 6445
-1
12 6149
12 6149
12 6437
11 6133
15 6369
15 6369
-1
-1
12 5892
12 5969
13 6512
-1
12 6438
-1
-1
11 6405
-1
12 6311
-1
10 6502
-1
10 6426
-1
-1
11 6217
-1
-1
-1
12 5666
-1
12 5553
12 5746
8 5891
8 5891
8 5705
-1
-1
10 6136
-1
-1
13 5670
15 6364
-1
-1
-1
14 6150
14 6150
14 6150
14 6150
-1
15 6018
-1
-1
-1
-1
11 6422
-1
12 6425
-1
12 5932
12 6484
-1
-1
11 5779
-1
-1
-1
12 6037
-1
-1
-1
-1
-1
13 6061
-1
-1
-1
-1
10 6307
-1
-1
10 6307
-1
-1
-1
-1
15 6377
-1
-1
-1
-1
10 6005
11 6436
11 6084
11 6084
-1
-1
-1
13 5920
12 6513
-1
-1
9 5873
9 5873
11 6338
-1
-1
-1
-1
15 6002
-1
13 6277
10 5670
10 5670
14 6462
-1
-1
-1
-1
-1
-1
-1
12 5940
-1
-1
12 6422
12 6247
13 6392
13 6392
13 6392
-1
13 6046
-1
13 6046
13 6046
-1
-1
-1
14 6446
15 5739
15 6505
15 6505
14 6221
14 6378
-1
-1
-1
-1
-1
-1
14 6328
14 6328
-1
16 6357
-1
-1
13 6272
12 6468
12 6468
10 6111
13 6467
-1
-1
13 6156
-1
13 5900
14 6327
14 6340
-1
-1
12 6455
-1
-1
12 6377
-1
11 5770
-1
11 6207
-1
9 6423
10 6163
-1
-1
-1
-1
-1
-1
11 5798
-1
-1
-1
13 6163
-1
14 5920
15 6088
15 6302
12 5681
12 5681
12 6343
11 6304
-1
-1
-1
10 6345
-1
11 5566
-1
-1
-1
17 6500
15 6034
-1
-1
16 6417
-1
-1
-1
12 6497
14 6456
-1
15 6438
15 6218
13 6416
-1
10 6371
-1
-1
11 6474
11 6376
-1
12 6259
14 5646
11 6205
11 6470
8 5689
-1
-1
-1
-1
11 6506
12 6463
12 6463
-1
-1
-1
-1
12 6293
12 6227
-1
-1
-1
-1
12 6278
10 6420
-1
-1
11 6206
15 6002
14 5954
14 5954
-1
13 5802
14 6497
14 6497
-1
-1
-1
14 6184
15 6364
15 6364
12 6210
12 6210
-1
-1
13 6089
-1
14 6318
-1
15 6384
9 6217
-1
-1
-1
14 6460
-1
11 6087
-1
11 5887
-1
-1
-1
-1
-1
8 6373
8 5744
10 6137
10 6137
12 6366
-1
-1
-1
-1
15 6503
11 5935
-1
-1
-1
-1
10 6256
-1
10 6200
10 6200
-1
10 6182
-1
12 6481
12 6170
11 5780
11 6284
-1
11 5949
-1
12 6287
12 6287
-1
-1
13 6488
-1
-1
11 5930
-1
-1
12 6481
-1
12 6105
-1
-1
-1
-1
13 6258
14 6484
14 6484
-1
14 5986
-1
-1
-1
14 6074
-1
12 6351
12 6351
13 6268
13 6304
-1
-1
16 6099
16 6099
-1
-1
-1
11 6461
-1
11 6466
-1
11 6143
11 6143
-1
-1
-1
-1
9 5691
-1
-1
9 6172
10 5953
12 6444
13 6374
13 5806
13 6481
14 6479
13 5739
-1
14 6495
14 6495
-1
14 6069
-1
-1
15 5812
-1
-1
-1
18 6295
-1
-1
-1
-1
-1
10 6433
-1
-1
-1
-1
-1
-1
-1
13 6379
13 6009
-1
-1
12 6508
-1
-1
-1
-1
-1
12 5882
13 6308
-1
-1
8 6400
10 6282
-1
11 5652
12 6188
14 6355
13 6502
-1
11 6154
-1
9 5957
-1
-1
-1
14 5921
14 5921
-1
-1
13 6141
-1
12 6321
12 6459
-1
-1
-1
13 6373
13 6373
13 6500
-1
-1
13 6451
-1
-1
11 6220
10 5752
10 6428
-1
-1
15 5891
-1
-1
11 5912
-1
12 6504
-1
-1
-1
-1
-1
-1
10 6393
10 6393
9 5868
-1
12 5860
-1
12 5860
-1
13 6221
12 6160
-1
-1
12 6497
12 6497
12 6518
-1
12 5954
14 6295
14 6295
14 6005
13 6460
13 6460
11 5739
12 6457
-1
11 6507
11 6507
-1
8 5764
10 6463
11 6001
-1
-1
-1
13 5975
13 6473
-1
-1
10 6264
-1
-1
13 6056
13 6494
-1
14 5965
15 6424
15 6238
-1
-1
14 6239
-1
-1
15 6297
-1
-1
17 6209
-1
-1
-1
-1
-1
-1
14 6333
13 5902
-1
-1
-1
-1
-1
-1
-1
-1
-1
-1
11 6249
-1
-1
11 6121
-1
11 6081
-1
-1
-1
10 6018
12 6514
12 6514
12 6514
-1
11 6415
-1
11 6150
-1
-1
-1
-1
-1
11 6352
-1
13 6155
-1
-1
14 6256
-1
15 5749
16 6410
16 6410
-1
-1
-1
-1
15 5786
-1
-1
12 6368
12 6368
-1
-1
11 6394
-1
-1
11 5751
12 5742
14 6212
15 6053
15 6053
-1
-1
-1
15 6333
-1
11 6147
-1
-1
-1
-1
16 6414
15 6026
15 6484
-1
16 6347
-1
-1
-1
-1
-1
12 6226
-1
11 6296
-1
-1
-1
-1
12 6452
-1
-1
-1
-1
14 6384
-1
13 6368
-1
-1
-1
-1
-1
-1
-1
11 6269
14 6409
-1
-1
11 5928
-1
11 6006
14 6494
-1
13 6275
-1
-1
-1
14 5854
14 5854
-1
12 6211
11 6128
-1
-1
-1
9 5878
-1
9 5655
10 6158
-1
13 6196
12 6185
13 6035
-1
-1
-1
-1
-1
11 6343
-1
9 6393
9 6393
9 6258
9 6358
9 6358
-1
-1
-1
-1
-1
-1
-1
-1
-1
-1
-1
-1
12 6265
-1
-1
-1
14 6339
-1
-1
17 6447
-1
-1
17 6124
17 6518
-1
10 5948
12 6514
12 6514
12 6514
14 6310
14 6310
-1
-1
14 5846
14 6401
-1
12 6460
12 6460
-1
12 6336
-1
15 5613
16 6401
-1
-1
15 5991
15 5991
-1
-1
11 5802
8 6212
-1
9 5871
10 6456
-1
10 6015
-1
-1
-1
-1
-1
11 5957
11 6417
12 6452
12 6452
-1
-1
12 5910
-1
12 5910
12 5910
11 6282
11 6282
-1
-1
-1
15 5621
-1
16 6189
-1
13 6331
13 6331
-1
-1
-1
-1
-1
-1
-1
14 6395
-1
-1
16 6495
-1
15 6480
-1
12 5870
14 6506
11 5866
-1
-1
11 5866
-1
9 5887
11 6455
-1
-1
12 6229
12 6229
-1
-1
15 6412
13 5957
14 6430
-1
-1
14 6092
-1
-1
-1
14 6479
-1
-1
-1
-1
-1
13 5662
-1
-1
-1
14 6406
-1
-1
-1
-1
-1
15 6058
15 6058
-1
-1
-1
-1
-1
-1
13 6473
-1
-1
17 6039
-1
-1
-1
-1
18 6473
-1
-1
14 6003
-1
-1
-1
-1
15 6099
15 6448
-1
14 6237
14 6325
-1
11 5800
12 6404
-1
-1
15 6373
13 6416
13 6416
-1
-1
-1
12 5928
-1
11 5861
-1
-1
-1
-1
-1
-1
-1
-1
-1
13 6049
-1
-1
-1
-1
13 6127
13 6127
-1
13 6127
14 6379
-1
15 6457
16 6471
-1
-1
16 6143
-1
-1
15 6413
-1
-1
16 6499
16 5854
-1
-1
-1
-1
-1
-1
-1
-1
-1
-1
11 6115
-1
-1
12 6505
12 5831
-1
10 5621
-1
-1
11 6096
11 6315
-1
12 5944
-1
14 6446
14 6446
14 5810
15 6516
-1
14 5769
-1
13 6469
11 6354
-1
9 6018
9 6018
-1
14 6518
-1
12 6231
13 6214
13 6145
-1
15 5634
-1
-1
-1
14 6434
-1
-1
14 6435
-1
-1
-1
11 6366
-1
-1
12 6232
13 6517
-1
13 6290
8 5896
-1
9 6179
-1
-1
12 6272
-1
-1
-1
13 5754
-1
15 6511
15 6511
-1
14 6499
-1
-1
13 6241
15 6486
15 6486
-1
15 6440
-1
13 6506
-1
11 6137
-1
-1
9 5879
-1
9 6368
-1
-1
-1
-1
-1
-1
-1
14 6156
14 6156
-1
-1
-1
-1
-1
10 6213
-1
10 6442
-1
-1
11 5757
-1
12 6054
12 6054
12 6054
-1
-1
13 6215
13 6215
13 6215
-1
12 6366
-1
12 6494
-1
15 6514
-1
13 6200
-1
10 6237
11 6492
11 6493
12 6440
-1
13 6296
-1
-1
11 6057
-1
-1
-1
12 6435
-1
-1
-1
13 6237
-1
-1
-1
11 5881
-1
-1
-1
-1
12 6483
-1
-1
-1
-1
14 5915
14 5915
15 6149
16 6407
-1
16 6407
-1
13 5934
13 5934
-1
10 6053
-1
-1
11 6292
-1
12 6499
-1
-1
-1
14 6220
-1
15 6410
-1
14 6217
13 6507
-1
-1
17 6331
-1
-1
-1
-1
-1
15 6407
14 6210
14 6210
14 6448
11 5954
13 6419
15 6261
14 6367
-1
-1
-1
-1
-1
11 5740
11 5740
15 6385
-1
-1
-1
-1
16 6511
16 6297
-1
13 6383
13 6304
-1
16 6146
-1
16 5858
16 5858
18 6298
-1
14 6404
14 6404
11 6266
-1
-1
10 6456
10 6456
-1
12 6326
12 6125
12 6125
-1
10 6190
10 6190
-1
-1
12 6042
-1
-1
-1
-1
13 6432
10 6413
9 6511
9 5943
-1
-1
-1
-1
11 6421
-1
10 6282
-1
-1
-1
9 5601
11 6402
10 5691
11 6173
-1
10 6359
10 6037
9 5672
-1
-1
-1
11 6004
-1
-1
-1
-1
-1
13 6031
-1
-1
-1
14 6504
14 6504
-1
-1
-1
16 6303
-1
14 6498
-1
-1
-1
16 6339
11 6191
-1
13 6446
14 6435
13 6417
-1
-1
-1
-1
-1
-1
11 5912
-1
-1
-1
12 6266
12 5620
-1
-1
11 5849
-1
-1
14 5813
13 6193
-1
-1
-1
-1
-1
12 6404
-1
-1
-1
-1
11 6195
-1
-1
-1
-1
16 6517
15 6488
-1
-1
-1
-1
14 6238
-1
14 6182
-1
14 6499
-1
-1
-1
-1
13 6499
-1
-1
-1
-1
14 6051
-1
-1
13 6227
14 6104
-1
-1
-1
-1
-1
-1
10 6330
-1
-1
-1
-1
13 6455
13 5743
-1
14 6510
-1
14 6181
-1
-1
14 6171
-1
-1
-1
-1
-1
-1
11 6376
-1
-1
15 6232
15 6232
15 6232
-1
15 6232
-1
18 6253
18 6253
13 6459
12 5738
10 6033
-1
13 6447
14 6383
14 6383
14 6383
16 6062
16 6062
11 6427
-1
-1
-1
-1
-1
-1
13 6228
-1
12 6135
-1
13 5573
13 5930
-1
-1
14 6350
-1
14 6463
9 6474
-1
9 5815
-1
-1
13 6446
-1
-1
14 6319
-1
13 5930
-1
9 6233
-1
-1
12 6427
12 6427
11 6198
-1
12 5750
-1
11 5690
11 5690
-1
-1
-1
13 6490
13 6191
13 5984
16 5885
-1
17 6413
-1
15 5900
-1
-1
14 5961
14 5961
-1
-1
12 6189
16 6471
15 6224
-1
15 6224
-1
16 5699
17 5955
17 5955
-1
-1
13 6031
-1
14 6076
14 6076
-1
-1
16 6419
13 6375
-1
12 5932
-1
-1
-1
15 6512
14 5875
12 6404
-1
-1
11 5946
11 6442
-1
-1
-1
-1
11 5823
13 6395
-1
12 6370
12 6370
14 6005
12 6474
-1
-1
-1
12 5946
12 6247
10 6069
11 6355
-1
-1
-1
-1
-1
11 6321
11 6321
-1
-1
-1
-1
-1
-1
-1
-1
13 6343
14 6247
-1
14 6247
-1
11 6056
-1
-1
11 6462
-1
-1
-1
11 6318
11 6318
-1
-1
14 6094
14 6094
14 6296
-1
14 6282
10 6416
-1
8 5884
-1
11 6014
14 6489
14 5933
-1
-1
-1
15 6039
15 6039
-1
15 6385
-1
-1
-1
-1
-1
12 6175
-1
13 6346
-1
13 6473
12 6300
-1
11 6088
-1
-1
-1
14 6185
14 6185
-1
-1
-1
12 6332
-1
11 6199
-1
-1
12 6364
-1
14 6466
16 6436
-1
-1
-1
-1
13 6174
-1
-1
12 6313
-1
-1
14 6219
-1
14 5717
-1
-1
-1
-1
13 6484
-1
-1
-1
18 6373
-1
19 6480
-1
18 6135
19 6467
15 6257
9 6209
11 6351
-1
-1
11 6287
-1
-1
11 5610
13 6343
-1
11 6207
15 6475
-1
-1
14 6454
14 6175
12 6378
12 6378
12 6378
14 5953
-1
-1
11 6100
-1
10 5659
10 5659
11 6363
11 6363
-1
-1
-1
11 6220
-1
-1
-1
-1
-1
-1
-1
-1
-1
-1
10 6299
-1
-1
13 6184
-1
-1
-1
10 6464
-1
-1
11 6315
13 5868
-1
14 6156
13 6400
-1
-1
-1
11 6127
11 6127
13 6348
-1
-1
-1
13 6105
13 6357
-1
-1
-1
-1
16 6428
-1
-1
-1
16 6365
13 6067
-1
-1
14 6390
13 5818
14 6456
-1
10 6155
-1
10 6212
11 6385
11 6385
-1
-1
11 6058
-1
-1
-1
-1
14 6512
-1
15 6364
-1
15 6070
16 6511
14 5738
14 5738
-1
11 6266
-1
8 6297
-1
-1
-1
9 6147
9 6147
-1
9 5875
9 5875
9 5875
9 5875
11 6430
-1
-1
-1
16 5963
16 5963
-1
14 6259
14 6259
14 6259
-1
14 6013
-1
-1
-1
-1
-1
-1
12 6337
-1
12 6105
-1
14 6500
-1
-1
-1
-1
-1
-1
13 6294
-1
-1
-1
14 6365
-1
11 5989
12 6353
13 6157
-1
12 5999
-1
12 5663
12 5736
-1
13 6369
-1
-1
12 5757
-1
-1
-1
10 6021
11 6201
-1
12 6348
12 5907
-1
-1
-1
9 5856
-1
11 6346
13 6367
12 6509
12 6509
-1
12 6030
-1
-1
11 6461
11 6051
11 6051
11 6051
13 6325
-1
13 6261
13 6261
-1
-1
-1
-1
-1
-1
-1
11 6472
11 6123
10 5698
-1
12 5864
12 5864
-1
12 6169
-1
13 6494
-1
-1
11 6008
-1
12 6312
12 6312
-1
12 6152
12 5794
-1
14 6502
-1
-1
-1
15 6169
-1
14 6495
-1
14 5768
-1
16 6180
-1
14 6095
-1
-1
-1
-1
12 6077
-1
-1
-1
-1
-1
-1
-1
16 6193
16 6425
-1
-1
14 5575
13 6368
12 6492
-1
-1
11 5976
11 6238
-1
11 5956
-1
-1
12 6262
-1
-1
12 6487
-1
-1
-1
-1
-1
-1
18 6386
-1
18 6419
-1
18 6419
17 5685
17 5685
18 6266
11 6358
-1
9 6212
11 6402
-1
-1
-1
9 5732
10 6163
-1
10 5852
-1
-1
-1
11 6128
-1
11 5867
-1
13 5775
-1
12 6291
-1
12 6284
-1
14 6449
15 6448
-1
16 6423
17 6366
-1
-1
15 5921
15 5921
17 6301
19 6419
-1
12 6072
-1
-1
-1
-1
-1
-1
-1
-1
12 6417
13 6030
15 6404
-1
-1
11 6364
10 6365
9 5920
-1
-1
-1
-1
-1
-1
-1
10 6322
-1
-1
-1
12 6224
12 6203
-1
-1
10 5624
-1
11 6379
-1
-1
8 6518
-1
10 6124
12 6441
-1
-1
-1
13 6290
-1
9 6406
9 6215
-1
-1
12 6391
13 5881
-1
-1
-1
-1
17 6501
12 6184
-1
-1
12 6063
-1
-1
15 6160
-1
14 6343
14 6201
-1
14 6245
14 6245
14 6425
11 5755
11 6244
-1
-1
-1
-1
-1
11 5865
-1
-1
-1
-1
-1
14 6157
-1
-1
-1
15 6343
-1
9 6227
-1
10 5913
10 5793
-1
-1
-1
10 6415
10 6415
10 5972
12 6429
-1
12 6429
15 6495
15 6495
15 6495
14 6432
-1
13 6483
-1
-1
14 6275
11 6492
-1
11 6084
11 6084
-1
12 6379
-1
-1
-1
12 6380
-1
12 6366
-1
12 5960
-1
12 5960
-1
-1
-1
14 6501
-1
12 6065
12 6511
11 5968
13 6475
-1
12 6238
-1
-1
-1
13 5821
-1
14 6282
-1
-1
11 6081
-1
12 6498
12 6498
-1
-1
13 6415
-1
11 6225
-1
-1
-1
-1
-1
15 6389
15 6389
-1
-1
11 5622
-1
10 6446
-1
-1
12 6168
12 6422
-1
-1
13 6134
-1
12 5597
13 6397
-1
13 6390
11 5970
11 5970
-1
-1
-1
11 6278
-1
-1
12 6168
-1
-1
-1
-1
13 6021
-1
13 6451
13 6451
13 6464
14 6379
-1
-1
-1
18 6351
-1
18 6484
15 6338
15 6264
-1
-1
15 6470
-1
16 6351
-1
-1
-1
9 6232
10 6069
-1
-1
10 6257
11 6416
-1
-1
13 6502
-1
-1
14 6093
-1
15 6489
-1
14 6143
-1
-1
14 6143
16 6509
-1
12 6157
13 6308
13 6303
-1
17 6382
-1
-1
17 6014
18 6257
18 6307
-1
-1
-1
-1
-1
-1
13 5844
-1
-1
14 6259
-1
-1
-1
14 6404
-1
-1
-1
-1
14 6470
14 6470
-1
-1
18 6254
19 5986
-1
-1
-1
14 6241
15 6437
-1
-1
-1
15 6269
-1
-1
-1
-1
-1
14 6306
-1
-1
14 6306
16 6474
16 5652
-1
18 6412
17 6413
15 6048
15 6048
14 6289
-1
11 5999
-1
-1
11 6177
12 6389
-1
-1
13 6513
-1
13 6513
13 5996
13 5996
-1
-1
-1
-1
15 6352
-1
-1
13 6318
-1
12 6374
-1
12 6504
13 6365
13 6365
12 5853
12 5806
-1
-1
10 5907
10 5907
-1
15 6396
17 6220
-1
-1
12 6422
12 6422
-1
12 6038
12 6038
-1
13 6479
12 6040
13 6459
-1
12 6302
-1
12 6294
12 6490
11 6339
-1
-1
-1
-1
14 6455
-1
13 6100
-1
-1
-1
15 6438
15 6367
13 6505
-1
13 5772
15 6427
-1
-1
-1
12 6109
13 6314
-1
13 5737
-1
-1
-1
11 6128
-1
-1
-1
-1
-1
-1
-1
9 5819
-1
-1
9 6372
-1
-1
-1
-1
8 5957
10 6249
10 6385
10 6385
-1
12 5888
-1
13 6056
-1
13 6315
15 6497
14 6264
-1
-1
12 6317
-1
-1
13 6415
-1
-1
-1
-1
11 6207
-1
-1
10 6383
12 5837
13 6443
-1
-1
13 6448
13 5808
-1
16 6450
16 5845
-1
-1
18 6240
-1
17 6044
-1
12 5670
13 6208
-1
13 6298
14 6416
14 5964
13 6487
-1
13 6487
-1
12 6260
-1
10 6310
-1
-1
13 5981
14 6282
10 6158
-1
10 6158
-1
12 6409
12 6411
-1
-1
-1
-1
-1
-1
14 6029
16 6227
-1
16 6427
-1
16 6325
16 6325
19 6290
-1
-1
-1
-1
15 6433
-1
-1
-1
13 6135
-1
-1
12 6434
12 6282
-1
-1
-1
10 5881
-1
-1
11 6156
-1
-1
-1
12 6038
-1
-1
14 6206
-1
-1
15 6139
-1
15 6255
14 5993
-1
-1
14 5838
15 6282
-1
-1
-1
13 6335
-1
12 6418
12 6418
-1
-1
-1
-1
-1
-1
12 6161
-1
12 6161
10 6272
-1
-1
14 5918
17 6259
17 6259
-1
-1
18 6464
-1
-1
10 6469
-1
10 5903
-1
-1
-1
-1
-1
-1
-1
11 6174
11 6174
-1
11 6174
-1
-1
9 5852
9 5852
-1
-1
12 6189
-1
10 5872
-1
10 6151
10 5635
-1
-1
12 6477
-1
-1
11 5797
10 6198
13 6502
-1
11 6140
-1
11 6140
-1
11 6205
-1
-1
13 6307
-1
-1
11 6347
-1
-1
-1
13 6338
-1
-1
-1
13 6247
-1
11 5955
-1
10 5702
13 6071
-1
-1
15 6361
-1
-1
-1
16 6339
17 6303
-1
14 6044
-1
11 6499
11 6145
11 6145
11 6458
-1
-1
10 6412
10 5932
-1
-1
14 6193
-1
-1
-1
10 5858
-1
-1
11 6448
-1
-1
-1
-1
16 6451
16 6451
-1
-1
15 5685
-1
14 6353
14 6353
12 6241
-1
14 6503
-1
-1
-1
-1
-1
12 6505
-1
-1
11 6040
11 6040
11 6040
12 6369
11 5947
-1
-1
11 6106
-1
11 6110
11 6310
-1
-1
-1
-1
12 6166
-1
15 5961
14 6177
15 6296
-1
-1
-1
-1
-1
-1
-1
12 5874
12 5874
-1
-1
-1
14 6306
-1
-1
-1
-1
-1
-1
-1
16 6297
18 6503
-1
-1
-1
-1
-1
-1
7 5572
-1
-1
-1
-1
-1
-1
12 6307
-1
14 6457
-1
14 6435
14 6435
15 6460
15 6111
-1
16 6368
14 6256
-1
15 6452
-1
-1
-1
-1
-1
-1
15 6006
-1
15 6068
-1
15 6068
-1
15 6068
16 6122
16 6122
16 6122
-1
13 6444
-1
-1
11 5882
9 6181
10 6416
-1
-1
-1
17 6304
17 5926
18 6480
-1
-1
17 6405
-1
-1
-1
11 6230
-1
11 6479
11 5945
12 6138
-1
13 6143
-1
14 6507
14 6505
14 6505
-1
13 6515
13 6515
13 6515
-1
-1
15 6451
15 6451
-1
-1
-1
-1
-1
11 6184
11 5890
11 5890
-1
-1
13 5781
-1
-1
-1
-1
15 6320
-1
-1
-1
-1
-1
9 5836
9 5836
-1
9 6408
-1
-1
-1
-1
11 5780
11 5780
-1
-1
12 6113
-1
-1
-1
-1
9 5962
-1
-1
-1
-1
-1
-1
11 5939
-1
-1
-1
11 5806
-1
-1
-1
10 5719
-1
12 6124
13 5821
13 5905
-1
13 6434
11 6033
-1
14 5962
-1
-1
-1
-1
-1
-1
-1
-1
11 6435
10 6147
-1
10 6147
-1
-1
-1
13 6477
-1
-1
-1
-1
-1
-1
16 6496
-1
-1
-1
15 6084
15 6084
15 6084
-1
-1
13 5959
13 6303
-1
-1
-1
-1
15 6003
-1
16 6471
-1
12 6334
-1
13 6334
-1
-1
-1
-1
-1
-1
14 6152
-1
11 6439
11 6439
-1
11 6439
-1
-1
-1
-1
-1
12 6199
12 6454
-1
-1
13 6170
-1
-1
-1
15 6445
15 6445
15 6333
12 5792
12 5792
-1
-1
13 6505
-1
11 6064
-1
-1
13 6107
-1
-1
11 6353
11 6353
-1
11 6353
-1
-1
-1
-1
11 6247
-1
11 6439
-1
-1
-1
-1
-1
-1
11 5985
14 5688
14 5688
14 5688
-1
16 6180
15 5976
14 6513
-1
-1
-1
-1
15 6429
-1
-1
12 6305
10 6337
-1
-1
-1
10 5686
-1
-1
-1
-1
14 6443
-1
-1
-1
10 5735
10 6284
10 6284
-1
-1
8 6147
10 6515
-1
-1
-1
12 6056
15 5843
15 5843
18 6239
-1
16 6464
16 6464
-1
-1
-1
13 5941
14 5978
-1
-1
-1
12 5871
13 6446
-1
13 6457
-1
13 6362
-1
-1
-1
13 6395
-1
-1
14 6420
15 6470
-1
16 6503
-1
-1
-1
-1
14 6163
14 6163
14 6163
-1
14 6313
-1
-1
-1
10 6097
-1
-1
-1
-1
-1
14 5877
13 5793
-1
-1
-1
-1
9 6427
-1
-1
-1
-1
-1
10 5820
-1
-1
-1
-1
-1
-1
-1
-1
-1
13 6438
-1
9 6367
-1
-1
11 6460
-1
10 6326
-1
9 5840
-1
11 6495
-1
12 6285
12 5898
14 6507
-1
-1
15 6514
-1
-1
-1
-1
-1
-1
11 6306
11 6294
11 6294
-1
-1
-1
13 6347
13 6347
-1
15 6245
-1
-1
11 6245
-1
-1
-1
11 6425
11 6425
11 6425
-1
-1
12 6504
-1
-1
-1
-1
15 5686
-1
13 5719
-1
-1
11 6293
11 6293
-1
-1
13 6500
17 6399
16 5805
-1
-1
12 6155
8 5931
8 5931
-1
-1
-1
-1
-1
12 6438
-1
11 6045
-1
-1
-1
11 5959
11 5850
-1
12 6482
-1
11 6371
-1
-1
10 6263
-1
11 6175
-1
12 6403
-1
-1
12 6403
14 6337
-1
15 6019
-1
-1
10 6475
10 6264
11 6439
11 6218
-1
11 6218
-1
-1
-1
9 5988
-1
10 5708
10 5708
-1
10 5708
-1
-1
-1
-1
-1
-1
-1
-1
14 6483
12 6299
-1
-1
-1
13 6204
13 6204
-1
-1
-1
12 6367
13 6441
14 6473
-1
-1
-1
-1
-1
-1
-1
-1
-1
-1
-1
-1
16 6518
14 5781
-1
-1
13 6474
-1
-1
-1
-1
-1
12 5917
-1
-1
-1
-1
-1
12 5831
-1
-1
10 5921
-1
-1
12 6255
13 6210
-1
-1
-1
-1
-1
-1
13 6262
-1
-1
-1
13 6184
-1
-1
-1
-1
-1
12 6514
-1
13 5842
-1
15 6507
15 6507
15 6471
-1
-1
16 6473
-1
12 6441
-1
-1
-1
-1
-1
14 6500
14 6500
14 6500
-1
12 5921
-1
15 6440
15 5684
-1
-1
17 6218
-1
-1
-1
-1
-1
-1
-1
14 6470
-1
-1
-1
14 6387
13 6211
-1
11 5817
12 5819
-1
16 6257
12 6366
10 6116
-1
9 6227
9 6045
9 6289
-1
9 6280
9 6280
-1
12 6355
-1
11 5572
-1
12 6436
-1
11 6117
12 5966
-1
13 6062
12 6019
-1
-1
-1
-1
-1
-1
-1
19 6501
19 6501
-1
-1
16 6082
14 6311
-1
12 6414
-1
-1
11 6501
-1
10 5971
9 5655
12 6336
12 6336
-1
-1
-1
-1
12 6447
-1
17 6249
17 6249
-1
-1
-1
13 5927
-1
-1
9 5927
12 6253
-1
13 6123
-1
9 5903
-1
-1
-1
-1
9 6250
-1
11 6287
12 5871
-1
-1
12 6291
-1
15 6510
-1
-1
-1
15 6394
-1
12 6407
12 6407
12 6415
12 6271
-1
11 6248
11 5996
-1
-1
-1
-1
10 5908
12 6122
-1
-1
-1
12 6200
11 6472
11 5777
-1
11 6052
-1
12 6349
-1
-1
11 6398
-1
11 6398
-1
11 6386
12 6350
-1
-1
-1
10 6199
10 5970
10 5970
-1
-1
11 6136
-1
-1
-1
13 6293
13 6293
-1
-1
-1
15 6310
-1
-1
-1
9 6066
10 5976
-1
12 6379
12 6379
-1
13 6319
13 6208
-1
15 6062
-1
18 6319
-1
-1
19 6488
-1
-1
13 6149
-1
-1
15 6349
-1
13 6327
-1
-1
-1
17 6245
17 6245
14 6506
14 6295
15 5973
-1
15 5947
17 6074
-1
-1
-1
-1
-1
-1
12 6034
-1
-1
15 6167
-1
-1
-1
11 6220
11 6150
-1
12 6317
13 6482
14 5823
-1
-1
-1
13 6430
12 6370
-1
11 6411
11 5767
-1
-1
11 6267
11 5851
12 6130
-1
-1
13 6328
13 6132
-1
14 6255
-1
15 6466
-1
14 6173
12 6197
-1
-1
-1
-1
-1
-1
-1
-1
13 6436
-1
13 6252
-1
-1
-1
13 6102
12 5905
12 6405
11 6171
11 6171
12 6386
12 6386
11 6070
11 5847
-1
14 6106
15 6354
-1
-1
-1
15 6498
15 6498
15 6498
12 6168
-1
13 6303
-1
12 6484
