-1
-1
14 10929
14 10929
16 12952
18 15034
-1
21 16774
-1
-1
-1
32 16799
33 16799
-1
34 16129
38 16690
-1
-1
-1
-1
-1
36 16107
-1
39 16940
-1
-1
-1
-1
-1
-1
-1
-1
-1
-1
-1
-1
-1
34 16325
-1
-1
31 16825
31 16602
31 16602
30 16440
29 16062
-1
32 16855
32 16632
-1
-1
35 16743
-1
-1
-1
-1
-1
37 16688
37 16688
37 16688
37 16688
-1
-1
39 16952
-1
-1
31 16639
29 16406
-1
-1
27 16723
31 16867
31 16582
-1
32 16292
-1
36 16884
-1
36 16884
-1
-1
39 16943
-1
-1
40 16874
-1
-1
-1
-1
34 16712
-1
-1
33 16814
34 16886
35 16909
-1
-1
-1
-1
31 16151
33 16903
31 16464
-1
-1
-1
-1
-1
27 16578
27 16069
27 16069
-1
26 16136
-1
-1
26 16136
26 16799
-1
-1
26 15989
28 16867
27 16833
26 16921
-1
-1
-1
-1
31 16890
-1
33 16706
33 16706
32 16072
-1
33 16380
34 16398
-1
-1
-1
-1
35 16708
-1
36 16702
-1
-1
36 16583
-1
36 16565
-1
-1
36 16781
-1
-1
-1
-1
-1
35 16942
-1
-1
-1
-1
-1
-1
35 16947
35 16947
-1
34 16534
-1
30 16083
-1
-1
-1
31 16928
35 16512
35 16512
35 16865
-1
33 16323
33 16323
-1
-1
-1
31 16355
31 16275
-1
33 16531
-1
-1
35 16657
34 16941
-1
-1
31 16792
-1
-1
-1
31 16903
-1
-1
-1
-1
31 16157
33 16769
-1
33 16744
-1
33 16744
32 16713
-1
32 16687
-1
-1
-1
36 15998
-1
-1
-1
39 16841
38 16825
-1
-1
37 16654
38 16772
-1
37 16250
37 16805
-1
34 16906
34 16486
-1
33 16166
33 16828
34 16857
33 16577
-1
32 16842
-1
-1
30 16862
-1
-1
30 16862
31 16684
-1
-1
30 16500
-1
-1
30 16424
-1
-1
33 16957
-1
-1
-1
33 16867
-1
35 16537
35 16537
-1
32 16129
-1
-1
-1
31 16656
31 16656
30 16520
30 16520
30 16744
-1
30 16744
-1
28 16669
-1
-1
-1
-1
24 16401
24 16401
-1
31 16922
31 16730
34 16853
34 16853
-1
33 16543
-1
-1
37 16215
-1
38 16794
-1
-1
-1
36 16758
36 16758
36 16833
-1
-1
40 16814
40 16814
35 16235
-1
36 16308
38 16710
-1
37 16930
38 16941
36 16751
-1
33 16754
33 16754
-1
-1
-1
29 16524
-1
-1
-1
-1
-1
-1
30 16747
-1
-1
-1
30 16160
-1
-1
-1
-1
-1
-1
31 16700
-1
-1
28 16521
-1
28 16392
29 16693
-1
33 16857
31 16792
-1
-1
34 16460
-1
-1
-1
-1
-1
38 16138
40 16951
-1
-1
37 16176
-1
-1
31 16704
31 16704
-1
31 16195
-1
-1
-1
-1
31 16955
-1
-1
-1
30 16761
-1
-1
-1
-1
31 16612
-1
-1
-1
-1
-1
32 16776
32 16842
32 16287
33 16138
-1
-1
33 16313
-1
33 16313
-1
-1
-1
-1
-1
-1
-1
31 16804
31 16804
31 16804
31 16737
33 16939
33 16808
-1
33 16808
-1
-1
33 16909
35 16844
35 16771
-1
-1
36 16800
-1
34 16870
-1
-1
-1
-1
-1
-1
-1
-1
-1
-1
-1
-1
-1
33 16680
-1
33 16886
-1
-1
34 16583
-1
34 16583
31 16408
-1
-1
-1
33 16811
-1
-1
-1
30 16433
-1
-1
-1
31 16147
29 16759
-1
-1
-1
-1
28 16560
-1
29 16888
-1
29 16536
29 16445
30 16736
-1
-1
28 16460
28 16551
30 16224
-1
-1
-1
30 16804
-1
-1
-1
-1
-1
33 16836
32 16165
33 16903
-1
-1
32 16179
-1
-1
-1
34 16648
-1
-1
36 16786
34 16205
-1
-1
-1
-1
-1
32 16724
-1
32 16704
-1
-1
-1
31 16688
31 16935
-1
31 16935
-1
-1
-1
-1
31 16184
-1
35 16487
-1
-1
-1
-1
36 16839
36 16718
-1
35 16455
-1
37 16683
37 16683
-1
-1
38 16217
-1
34 16204
-1
-1
32 16834
33 16941
33 16810
33 16926
33 16926
-1
34 16862
-1
-1
-1
32 16771
31 16596
-1
32 16944
33 16733
33 16022
-1
-1
-1
-1
-1
-1
30 16625
32 16309
32 16309
36 16893
-1
-1
-1
-1
-1
34 16214
-1
39 16944
39 16723
-1
-1
37 16785
-1
-1
-1
33 16268
-1
-1
-1
33 16216
-1
-1
34 16740
-1
-1
-1
-1
32 16892
-1
30 16384
-1
-1
32 16640
-1
-1
-1
-1
-1
-1
35 16269
35 16238
-1
34 16826
-1
-1
-1
32 16826
-1
-1
-1
-1
-1
-1
-1
-1
31 16770
33 16916
32 16749
-1
-1
-1
37 16937
37 16937
36 16616
37 16930
37 16930
-1
-1
-1
35 16609
-1
31 16865
-1
-1
-1
28 16772
28 16772
-1
30 16138
-1
-1
-1
-1
-1
35 16925
35 16685
35 16807
35 16807
-1
33 16871
32 16804
34 16819
-1
30 16652
31 16639
-1
-1
32 16687
33 16537
32 16862
32 16892
-1
-1
33 16895
-1
32 16489
33 16841
-1
-1
-1
33 16709
-1
36 16829
-1
34 16541
35 16574
35 16574
35 16574
-1
35 16880
35 16462
-1
-1
34 16809
33 16862
-1
33 16536
34 16923
34 16731
30 16852
-1
-1
-1
29 16321
-1
-1
-1
-1
-1
27 16599
27 16599
-1
-1
26 16145
-1
-1
28 16695
28 16277
29 16649
29 16477
29 16477
30 16909
30 16062
30 16062
-1
31 16614
-1
-1
-1
34 16646
34 16646
-1
34 16924
34 16924
-1
37 16911
-1
37 16911
-1
-1
-1
-1
-1
35 16436
-1
30 16935
-1
-1
-1
-1
29 16144
-1
30 16850
-1
-1
31 16612
-1
-1
33 16864
-1
-1
30 16432
30 16432
-1
-1
31 16911
31 16911
30 16933
-1
30 16633
-1
33 16849
-1
36 16870
36 16728
-1
-1
-1
37 16783
-1
-1
-1
38 16478
38 16478
38 16504
36 16889
-1
33 16635
28 16183
-1
29 16641
30 16753
30 16575
-1
-1
-1
-1
-1
-1
32 16400
-1
-1
-1
35 16739
34 16495
34 16744
33 16957
-1
33 16932
-1
-1
-1
-1
-1
-1
29 16793
-1
-1
28 16735
29 16938
29 16568
-1
-1
29 16332
-1
30 16577
-1
-1
-1
-1
-1
-1
-1
-1
28 16571
29 16466
-1
31 16782
-1
29 16080
30 16794
29 16347
-1
-1
-1
-1
-1
31 16818
-1
-1
-1
32 16872
-1
31 16354
-1
-1
-1
-1
-1
-1
-1
35 16661
36 16912
-1
-1
-1
39 16865
40 16894
-1
40 16897
-1
38 16553
39 16748
34 16263
-1
-1
34 16684
-1
-1
-1
33 16941
-1
-1
-1
33 16622
33 16901
-1
-1
30 16793
30 16793
-1
-1
28 16825
-1
30 16191
30 16657
-1
-1
29 16617
-1
-1
27 16872
-1
-1
-1
28 16189
-1
29 16897
-1
30 16550
31 16349
-1
33 16848
33 16848
-1
34 16332
34 16332
36 16178
36 16178
37 16707
-1
-1
-1
37 16731
38 16730
37 16857
36 16704
36 16849
-1
-1
-1
28 16440
27 16783
26 16618
27 16347
-1
-1
-1
30 16259
-1
-1
-1
33 16151
-1
34 16821
32 16056
-1
33 16721
34 16397
-1
-1
36 16735
36 16735
38 16921
-1
-1
40 16950
-1
-1
-1
-1
-1
40 16726
40 16957
40 16957
40 16498
40 16498
38 16737
-1
-1
-1
-1
-1
-1
-1
35 16082
-1
38 16895
-1
-1
37 16579
39 16831
-1
38 16253
39 16448
40 16810
39 16889
-1
-1
33 16911
-1
30 16764
30 16764
-1
33 16678
-1
-1
-1
-1
-1
36 16820
-1
36 16938
37 16950
-1
-1
-1
36 16707
33 16381
34 16166
-1
32 16358
-1
-1
-1
-1
35 16646
36 16877
-1
-1
35 16492
-1
35 16054
37 16748
-1
-1
40 16636
40 16636
37 16903
-1
-1
-1
-1
-1
36 16685
35 16717
-1
34 16943
32 16617
-1
-1
28 16813
-1
-1
29 16555
-1
-1
33 15972
-1
-1
-1
-1
38 16586
-1
38 16586
38 16586
39 16637
-1
-1
-1
40 16771
-1
-1
38 16755
-1
36 16539
34 16894
31 16748
-1
-1
-1
-1
-1
35 16564
-1
-1
-1
38 16666
-1
-1
37 16453
36 16075
37 16515
-1
34 16904
33 16611
33 16611
33 16611
-1
-1
-1
32 16923
30 16840
-1
33 16905
-1
-1
29 16480
-1
-1
30 16916
-1
29 16440
29 16450
-1
-1
-1
-1
-1
-1
-1
-1
-1
32 16423
-1
-1
-1
-1
-1
-1
-1
-1
33 16652
35 16815
-1
-1
-1
36 16543
-1
-1
-1
-1
37 16459
-1
-1
-1
-1
-1
-1
32 16387
32 16419
35 16559
36 16618
36 16618
36 16769
-1
-1
-1
33 16404
-1
35 16210
-1
-1
37 16899
-1
36 16587
-1
36 16844
-1
34 16212
33 16619
-1
-1
33 16500
33 16500
33 16939
-1
34 16849
33 16709
33 16920
32 16381
-1
34 16926
-1
-1
30 16486
31 16742
32 16373
-1
31 16405
-1
32 16797
-1
30 16287
-1
-1
-1
-1
31 16495
-1
-1
-1
29 16631
29 16631
-1
-1
-1
27 16685
-1
29 16906
-1
-1
30 16316
-1
-1
-1
-1
-1
32 16679
33 16913
33 16857
-1
-1
-1
-1
35 16642
-1
-1
32 16066
33 16718
-1
-1
33 16827
-1
33 16797
33 16797
-1
-1
-1
33 16736
-1
-1
-1
29 16473
30 16633
-1
31 16541
32 16783
30 16697
-1
30 16651
-1
-1
29 16362
31 16840
-1
-1
-1
-1
35 16903
-1
-1
35 16552
-1
-1
31 16203
31 16203
-1
34 16857
-1
-1
36 16598
36 16335
-1
-1
39 16706
-1
38 16924
-1
39 16956
-1
40 16325
-1
40 16325
-1
-1
34 16094
-1
-1
36 16658
-1
-1
-1
38 16919
-1
-1
-1
-1
-1
-1
-1
-1
-1
-1
-1
-1
-1
-1
35 16141
-1
-1
-1
-1
35 16140
35 16140
-1
-1
32 16400
32 16400
-1
-1
-1
31 16806
32 16719
-1
30 16438
-1
-1
30 16743
32 16954
-1
-1
-1
-1
-1
-1
31 16522
30 16723
30 16723
-1
31 16480
-1
33 16400
33 16400
-1
33 16259
36 16807
37 16545
40 16742
-1
-1
-1
39 16659
40 16957
40 16788
40 16747
-1
41 16955
-1
39 16800
39 16800
-1
-1
34 16955
34 16955
34 16955
-1
-1
-1
-1
-1
32 16944
32 16944
32 16944
-1
-1
34 16714
-1
-1
-1
-1
27 16182
30 16266
31 16894
31 16894
32 16452
33 16346
-1
-1
-1
-1
36 16910
35 16511
39 16898
-1
-1
-1
36 16923
34 16736
34 16736
34 16808
35 16878
32 16953
-1
31 16208
32 16784
33 16813
34 16321
-1
-1
-1
-1
33 16670
33 16894
-1
-1
33 16416
-1
36 16888
-1
-1
-1
-1
-1
-1
-1
-1
34 16406
-1
-1
-1
-1
-1
-1
-1
28 16293
30 16908
-1
30 16532
-1
30 16534
-1
30 16534
-1
-1
-1
30 16735
-1
34 16761
-1
34 16761
-1
33 16734
33 16734
-1
-1
32 16401
32 16401
32 16401
-1
-1
37 16749
-1
-1
-1
33 16752
33 16752
-1
34 16809
-1
34 16929
-1
34 16432
35 16697
-1
-1
36 16751
34 16887
34 16298
-1
-1
33 16501
33 16501
-1
31 16831
33 16956
32 16233
-1
33 16796
34 16923
-1
34 16923
-1
-1
-1
36 16923
-1
36 16907
36 16241
-1
-1
-1
-1
-1
27 16281
28 16839
30 16301
-1
32 16589
32 16589
-1
33 16717
33 16717
-1
-1
36 16513
36 16735
-1
37 16236
-1
-1
32 16116
-1
-1
33 16901
-1
-1
-1
31 16880
31 16516
32 16604
-1
-1
32 16424
-1
-1
35 16919
35 16636
-1
34 16252
-1
35 16418
34 16956
35 15989
-1
36 16891
36 16828
-1
34 16919
-1
-1
39 16935
-1
39 16935
-1
-1
-1
-1
37 16622
-1
-1
-1
-1
-1
-1
37 16480
-1
30 16409
-1
30 16684
30 16684
29 16013
-1
-1
-1
-1
31 16873
-1
34 16785
33 16778
-1
33 16280
-1
-1
-1
-1
-1
37 16323
37 16323
-1
-1
-1
-1
40 16949
-1
-1
-1
-1
38 16938
-1
39 16822
37 16725
-1
-1
38 16855
38 16855
34 16941
-1
-1
-1
34 16912
-1
32 16875
-1
-1
-1
32 16706
-1
30 16727
-1
31 16846
30 16883
-1
32 16431
-1
31 16789
-1
-1
32 16806
30 16566
30 16314
-1
34 16808
-1
34 16808
-1
-1
-1
33 16894
-1
35 16567
-1
-1
32 16878
-1
-1
-1
32 16656
-1
34 16726
34 16496
34 16496
35 16747
35 16490
-1
-1
-1
-1
33 16933
-1
31 16833
-1
30 16785
-1
30 16470
-1
-1
27 16922
26 16150
27 16172
31 16324
31 16763
-1
-1
32 16854
-1
33 16315
34 16565
35 16954
35 16954
34 16127
33 16627
-1
-1
32 16263
-1
-1
-1
32 16307
-1
-1
35 16897
-1
36 16901
36 16671
-1
36 16838
-1
35 16894
-1
-1
-1
-1
27 16763
-1
-1
-1
-1
-1
-1
-1
-1
-1
30 16821
-1
-1
-1
30 16881
30 16881
-1
-1
-1
-1
35 16217
35 16217
-1
32 16940
-1
-1
-1
-1
-1
35 16868
-1
30 16826
29 16361
-1
-1
29 16361
-1
-1
30 16906
-1
-1
-1
-1
-1
-1
-1
-1
-1
31 16832
31 16832
31 16832
-1
32 16701
-1
-1
34 16802
34 16802
-1
-1
-1
34 16626
34 16626
-1
-1
-1
-1
36 16844
37 16845
-1
36 16920
37 16879
38 16901
-1
-1
37 16068
34 16850
-1
35 16575
35 16575
-1
34 16662
34 16755
-1
-1
-1
-1
-1
33 16830
33 16101
-1
-1
-1
-1
-1
-1
-1
-1
33 16163
33 16163
-1
34 16668
37 16794
-1
36 16925
36 16888
-1
-1
37 16668
37 16668
-1
-1
33 16892
-1
-1
-1
-1
31 16502
30 16830
-1
-1
-1
-1
-1
-1
29 16429
-1
-1
32 16899
-1
29 16241
-1
-1
33 16864
-1
-1
-1
32 16935
-1
-1
-1
32 16569
30 16203
31 16743
27 16193
-1
-1
28 16768
-1
32 16770
-1
-1
-1
32 16955
31 16353
32 16377
32 16231
33 16824
-1
32 16922
32 16957
-1
-1
-1
32 16575
-1
-1
30 16889
29 16935
29 16935
29 16399
-1
-1
-1
29 16334
-1
33 16619
34 16493
34 16493
36 16799
-1
-1
-1
37 16481
37 16870
-1
37 16216
39 16726
32 16129
-1
34 16806
-1
30 16814
-1
29 16518
29 16518
-1
-1
31 16820
-1
-1
31 16458
-1
-1
-1
-1
-1
-1
32 16445
-1
35 16777
35 16777
-1
35 16809
36 16944
36 16830
-1
-1
-1
-1
-1
-1
-1
-1
-1
-1
-1
-1
33 16655
-1
34 16887
34 16770
-1
-1
29 16443
-1
-1
33 16847
34 16750
-1
-1
36 16787
37 16905
-1
37 16905
36 16896
36 16896
-1
37 16952
-1
34 16945
-1
-1
-1
-1
29 16163
-1
-1
-1
31 16247
31 16247
31 16144
-1
35 16865
-1
-1
-1
35 16556
-1
37 16830
35 16887
35 16776
-1
-1
-1
-1
35 16333
-1
-1
-1
-1
-1
-1
35 16757
35 16757
-1
35 16729
-1
-1
-1
31 16255
-1
35 16956
-1
-1
-1
-1
35 16427
-1
-1
33 16758
-1
-1
-1
-1
-1
-1
-1
29 16530
-1
-1
-1
-1
-1
-1
34 16645
-1
-1
36 16542
-1
38 16922
38 16922
-1
37 16671
-1
-1
37 16348
-1
-1
-1
31 16659
-1
-1
32 16826
32 16789
32 16539
32 16433
32 16433
33 16805
-1
-1
-1
-1
-1
32 16941
-1
29 16364
-1
-1
-1
-1
-1
28 16745
-1
-1
-1
-1
32 16856
-1
32 16856
29 16399
-1
29 16608
30 16116
33 16844
-1
-1
-1
37 16242
-1
-1
-1
-1
-1
36 16722
36 16652
36 16652
-1
36 16755
36 16755
36 16569
37 16701
-1
39 16930
-1
-1
-1
40 16506
-1
-1
-1
-1
44 16839
44 16903
40 16396
-1
-1
-1
40 16863
41 16895
42 16913
-1
38 16838
38 16838
-1
38 16884
36 16818
35 16760
32 16725
-1
-1
32 16639
28 16662
27 16550
28 16888
28 16808
-1
-1
-1
-1
-1
-1
-1
35 16304
-1
-1
36 16438
-1
-1
-1
35 16525
-1
-1
37 16727
-1
-1
-1
-1
-1
-1
-1
35 16577
36 16934
37 16638
37 16638
-1
38 16633
37 16317
-1
-1
39 16564
-1
-1
-1
39 16862
37 16824
-1
37 16824
-1
-1
37 16038
37 16038
-1
38 16403
39 16931
39 16931
38 16642
34 16576
-1
33 16880
32 16660
33 16810
-1
-1
-1
-1
-1
-1
-1
-1
-1
29 16817
30 16832
-1
-1
-1
33 16932
32 16775
-1
-1
-1
33 16921
33 16665
-1
34 16869
-1
-1
-1
-1
-1
32 16028
-1
32 16028
33 16740
-1
-1
34 16306
34 16306
-1
-1
34 16889
-1
-1
33 16662
33 16756
-1
-1
-1
-1
-1
-1
32 16955
-1
31 16206
34 16871
-1
-1
-1
36 16112
-1
-1
38 16555
-1
-1
40 16642
-1
-1
42 16882
-1
-1
-1
-1
40 16223
-1
-1
-1
-1
38 16302
-1
-1
39 16773
-1
-1
32 16321
-1
-1
-1
33 16749
-1
33 16366
-1
35 16600
-1
-1
34 16868
-1
35 16941
33 16731
-1
-1
33 16899
-1
-1
-1
-1
38 16531
38 16800
-1
38 16912
-1
37 16803
-1
-1
-1
-1
37 16774
37 16540
38 16884
-1
39 16751
-1
37 16940
-1
-1
-1
-1
42 16575
-1
-1
-1
42 16466
-1
-1
39 16810
41 16537
-1
-1
42 16882
39 16899
-1
35 16787
-1
-1
34 16608
-1
30 16362
31 16418
-1
29 16036
-1
-1
31 16805
-1
-1
-1
36 16339
-1
40 16772
40 16772
41 16957
-1
-1
42 16921
-1
-1
35 16568
-1
-1
37 16884
39 16867
-1
-1
39 16735
39 16906
-1
-1
37 16710
-1
37 16710
38 16624
-1
-1
-1
-1
35 16873
31 16736
31 16736
-1
30 16279
-1
31 16816
-1
-1
-1
29 16126
31 16383
32 16438
-1
-1
33 16845
33 16454
-1
34 16173
-1
32 16140
32 16140
-1
-1
-1
-1
-1
37 16832
-1
-1
-1
-1
39 16787
-1
-1
37 16927
-1
35 16375
35 16375
-1
35 16198
35 16600
-1
-1
40 16270
-1
-1
36 16231
37 16915
38 16630
-1
-1
35 16434
-1
-1
-1
38 16546
-1
36 16866
-1
36 16791
36 16872
34 16466
-1
-1
-1
28 16527
29 16837
-1
32 16938
-1
-1
33 16921
34 16753
34 16366
-1
-1
-1
-1
-1
37 16238
-1
-1
38 16400
-1
-1
-1
30 16770
28 16915
29 16698
-1
30 16763
-1
-1
-1
-1
30 16584
33 16886
-1
-1
-1
33 16872
-1
33 16659
-1
35 16592
37 16841
36 16554
-1
35 16941
-1
36 16629
-1
-1
36 16289
-1
33 16942
31 16933
-1
31 16933
31 16374
29 16355
30 16512
-1
-1
-1
-1
-1
29 16294
29 16318
-1
-1
-1
32 16404
-1
32 16404
-1
-1
30 16956
-1
-1
31 16723
-1
33 16329
34 16693
35 16516
36 16749
-1
-1
38 16912
37 16818
37 16818
37 16916
36 16164
-1
-1
37 16906
39 16885
39 16885
-1
34 16356
-1
-1
36 16546
-1
-1
32 16760
-1
32 16926
32 16926
-1
-1
-1
-1
-1
32 16482
-1
32 16176
33 16679
34 16855
-1
-1
-1
-1
33 16332
-1
-1
33 16332
-1
-1
-1
30 16761
-1
33 16873
-1
-1
34 16952
34 16952
-1
-1
35 16861
35 16356
35 16356
-1
36 16633
29 16749
29 16911
-1
29 16061
-1
-1
-1
35 16872
-1
-1
-1
-1
-1
-1
-1
33 16839
-1
33 16351
-1
34 16671
35 16395
35 16751
-1
-1
34 16203
-1
-1
-1
-1
37 16532
-1
-1
-1
-1
36 16278
-1
36 16902
-1
-1
34 16857
34 16857
-1
-1
-1
38 16924
38 16951
38 16951
38 16696
38 16696
-1
-1
-1
38 16696
-1
-1
-1
-1
38 16555
39 16776
-1
-1
34 16166
-1
-1
32 16591
-1
-1
35 16847
-1
-1
31 16597
27 16667
27 16667
-1
-1
27 16729
-1
30 16621
-1
32 16431
32 16431
-1
-1
-1
31 16832
33 16925
-1
-1
-1
37 16572
-1
-1
-1
-1
-1
-1
-1
36 16590
34 16925
-1
-1
29 16399
-1
-1
27 16264
-1
28 16856
-1
29 16615
31 16804
-1
-1
-1
38 16949
-1
36 16127
-1
-1
-1
-1
40 16898
-1
35 16741
-1
35 16611
35 16802
-1
-1
-1
-1
-1
-1
-1
-1
-1
32 16841
-1
-1
-1
-1
-1
-1
-1
-1
36 16957
33 16166
-1
-1
-1
-1
-1
28 16833
-1
-1
27 16895
27 16895
-1
28 16913
28 16913
27 16381
-1
-1
28 16796
28 16796
-1
28 16796
-1
-1
-1
32 16614
33 16954
-1
-1
34 16726
-1
32 16559
-1
-1
32 16827
-1
-1
31 16875
-1
-1
-1
28 16945
-1
-1
-1
-1
-1
32 16643
32 16405
-1
-1
-1
30 16079
-1
30 16079
31 16562
-1
-1
34 16780
36 16833
-1
-1
-1
-1
33 16598
-1
-1
-1
33 16598
34 16213
-1
-1
-1
36 16829
36 16572
36 16919
-1
33 16821
-1
-1
-1
-1
34 16716
34 16716
-1
35 16850
-1
-1
38 16949
-1
32 16776
-1
30 16690
26 16350
26 16350
-1
-1
-1
-1
32 16953
-1
-1
-1
32 16803
-1
30 16192
30 16192
-1
-1
31 16124
-1
31 16124
32 16032
-1
32 16032
-1
-1
-1
-1
32 16482
-1
33 16915
-1
-1
-1
-1
-1
-1
-1
32 16889
-1
-1
32 16808
-1
-1
34 16901
34 16716
33 16029
-1
-1
35 16581
37 16846
36 16484
-1
-1
36 16484
35 16447
32 16588
32 16588
-1
-1
-1
32 16410
32 16167
-1
-1
-1
-1
-1
-1
-1
31 16145
-1
32 16948
-1
30 16784
-1
-1
-1
-1
26 16467
-1
-1
27 16267
28 16899
-1
-1
28 16523
-1
-1
-1
-1
-1
-1
33 16122
35 16856
35 16589
-1
-1
-1
36 16706
-1
-1
-1
31 16710
-1
-1
29 16266
29 16266
29 16001
31 16692
31 16692
30 16146
-1
-1
-1
-1
-1
28 16697
-1
-1
-1
26 16288
-1
30 16388
30 16388
28 16204
28 16204
-1
29 16623
-1
-1
30 16456
-1
-1
-1
-1
-1
33 16847
-1
32 16648
32 16762
32 16736
33 16908
-1
-1
-1
-1
33 16428
33 16428
-1
-1
-1
36 16557
36 16557
36 16626
-1
-1
-1
37 16445
-1
-1
-1
35 16668
-1
37 16783
-1
-1
-1
-1
-1
37 16747
-1
37 16417
-1
39 16866
-1
37 16514
-1
-1
35 16919
33 16601
-1
-1
34 16645
-1
35 16896
35 16668
33 16704
-1
32 16733
32 16733
-1
32 16733
32 16592
-1
31 16680
31 16680
-1
-1
-1
30 16178
-1
-1
29 16631
-1
-1
30 16189
-1
-1
-1
-1
-1
31 16565
33 16816
-1
-1
32 16300
33 16371
36 16525
-1
-1
-1
-1
-1
-1
-1
39 16549
-1
40 16840
39 16951
-1
-1
40 16157
39 16754
-1
-1
-1
-1
-1
-1
-1
-1
36 16675
37 16789
-1
-1
-1
-1
-1
33 16493
-1
-1
30 16538
-1
31 16820
-1
32 16919
-1
-1
-1
33 16930
33 16930
-1
-1
-1
34 16842
34 16886
32 16444
-1
-1
32 16744
-1
-1
-1
-1
-1
-1
32 16483
-1
-1
-1
-1
36 16419
-1
-1
-1
37 16499
-1
-1
-1
36 16575
38 16825
-1
-1
-1
37 16353
38 16418
-1
-1
-1
-1
-1
-1
-1
32 16922
30 16550
-1
29 16947
27 16469
28 16659
-1
-1
27 16392
-1
-1
-1
28 16416
29 16833
-1
-1
-1
-1
31 16803
-1
32 16927
-1
-1
33 16849
32 16590
33 16761
-1
-1
-1
-1
36 16954
36 16954
-1
-1
-1
-1
-1
35 16890
35 16245
-1
-1
-1
37 16920
-1
38 16946
38 16946
-1
36 16892
-1
34 16841
-1
-1
-1
-1
-1
-1
29 16420
-1
-1
-1
30 16361
32 16685
30 16834
30 16823
33 16882
33 16627
33 16541
-1
33 16806
33 16806
32 16611
32 16611
32 16611
33 16923
33 16742
-1
33 16789
33 16402
36 16948
-1
-1
37 16743
-1
-1
37 16798
-1
-1
37 16871
36 16656
37 16470
-1
37 16834
-1
36 16582
37 16814
-1
39 16726
40 16791
38 16463
-1
-1
-1
-1
39 16174
-1
-1
39 16795
-1
-1
35 16474
36 16895
36 16474
-1
-1
-1
33 16822
-1
-1
-1
-1
-1
33 16806
32 16783
-1
31 16114
31 16114
-1
32 16349
33 16791
-1
34 16928
34 16928
34 16928
-1
33 16373
34 16388
34 16388
34 16896
-1
-1
-1
-1
32 16287
32 16716
-1
30 16429
29 16440
-1
-1
32 16837
32 16837
-1
-1
34 16375
-1
36 16951
36 16951
-1
-1
38 16794
-1
-1
39 16854
-1
-1
-1
38 16719
-1
35 16456
32 16732
32 16732
-1
-1
33 16479
33 16601
33 16601
32 16904
-1
-1
33 16662
34 16740
33 16301
33 16301
-1
-1
-1
32 16738
-1
33 16440
-1
32 16833
-1
-1
-1
-1
-1
-1
-1
-1
39 16783
39 16190
40 16329
39 16651
-1
37 16584
39 16703
37 16738
37 16738
-1
-1
-1
30 16626
-1
29 16642
28 16351
-1
27 16665
-1
-1
-1
-1
28 16945
28 16945
28 16176
28 16414
-1
-1
-1
32 16697
-1
32 16697
33 16842
33 16030
-1
35 16906
35 16906
-1
-1
-1
-1
-1
35 16755
35 16659
-1
36 16757
-1
36 16212
-1
-1
36 16371
-1
-1
31 16941
30 16571
-1
-1
-1
-1
-1
-1
-1
34 16868
-1
-1
-1
-1
-1
34 16652
35 16916
-1
-1
-1
-1
34 16725
-1
-1
-1
-1
35 16913
35 16913
-1
33 16898
-1
-1
-1
-1
-1
-1
-1
37 16761
-1
37 16821
35 16708
-1
-1
36 16916
-1
36 16916
36 16953
36 16947
35 16386
36 16633
34 16460
-1
36 16831
-1
-1
-1
29 16930
-1
29 16930
-1
32 16384
33 16632
-1
-1
-1
-1
-1
-1
-1
-1
34 16244
-1
-1
-1
-1
34 16924
-1
-1
-1
-1
34 16673
34 16673
-1
34 16862
33 16557
-1
31 16408
-1
-1
31 16878
30 16094
-1
32 16654
-1
-1
34 16489
-1
-1
-1
-1
38 16686
37 16314
-1
-1
37 16942
39 16952
39 16713
40 16849
-1
-1
-1
-1
-1
36 16380
33 16854
31 16601
-1
-1
-1
-1
-1
-1
-1
34 16822
-1
-1
34 16617
34 16581
-1
-1
35 16498
-1
38 16448
39 16792
35 16212
-1
-1
-1
-1
30 16563
30 16563
30 16490
-1
-1
-1
29 16517
-1
-1
-1
-1
-1
-1
30 16824
30 16824
-1
-1
-1
34 16891
35 16887
-1
-1
33 16593
33 16593
-1
-1
32 16585
-1
-1
33 16929
-1
-1
31 16655
32 16177
-1
30 16531
-1
-1
30 16743
31 16941
-1
29 16858
-1
-1
28 16355
28 16928
-1
-1
23 16239
23 16239
-1
25 16934
-1
-1
-1
-1
-1
-1
-1
28 16881
-1
-1
-1
-1
29 16826
29 16764
29 16764
28 16588
28 16588
29 16407
-1
-1
30 16423
31 16946
-1
-1
-1
-1
30 16163
-1
-1
-1
29 16523
29 16633
-1
30 16604
-1
32 16925
-1
30 16780
31 16867
31 16762
-1
-1
31 16477
-1
31 16732
32 16867
-1
33 16789
34 16891
33 16487
33 16487
34 16730
-1
-1
-1
32 16715
31 16134
32 16377
-1
-1
-1
-1
-1
37 16891
32 16754
-1
33 16590
34 16827
-1
27 16589
-1
-1
-1
-1
-1
29 16905
29 16905
-1
26 16567
-1
-1
-1
31 16716
30 16907
-1
29 16456
29 16456
29 16466
-1
33 16510
-1
-1
-1
36 16544
36 16546
36 16546
-1
-1
-1
-1
-1
39 16546
-1
-1
39 16394
37 16623
35 16596
35 16748
37 16700
-1
-1
-1
-1
35 16245
-1
37 16824
35 16882
-1
36 16630
36 16915
-1
32 16570
34 16955
31 16562
-1
-1
-1
32 16242
-1
-1
35 16306
-1
35 16793
33 16840
-1
-1
-1
-1
-1
-1
35 16390
33 16844
-1
33 16844
33 16798
-1
-1
30 16522
30 16897
29 16462
-1
29 16462
31 16923
31 16750
-1
31 16750
-1
34 16930
34 16517
-1
37 16555
-1
-1
36 16849
-1
-1
-1
-1
-1
32 16345
32 16677
-1
35 16808
35 16776
36 16875
-1
-1
-1
-1
-1
-1
33 16623
-1
-1
29 16544
29 16544
-1
-1
29 16544
30 16902
29 16486
-1
-1
-1
-1
29 16525
-1
31 16885
-1
-1
-1
31 16893
-1
-1
-1
-1
37 16466
-1
-1
-1
-1
37 15973
39 16660
-1
41 16933
39 16934
39 16935
38 16613
38 16908
-1
-1
31 16827
31 16827
31 16827
-1
-1
29 16181
33 16949
34 16947
-1
35 16801
36 16898
-1
-1
-1
-1
-1
39 16411
-1
-1
-1
-1
35 16837
-1
-1
30 16722
-1
-1
-1
-1
28 16666
-1
32 16582
-1
-1
-1
38 16534
-1
-1
38 16707
40 16912
-1
-1
41 16954
-1
-1
42 16679
35 16875
-1
-1
-1
33 16750
31 16649
-1
-1
-1
-1
-1
-1
-1
-1
30 16886
32 16269
-1
34 16724
-1
-1
-1
-1
-1
-1
-1
-1
-1
-1
35 16781
34 16286
36 16310
-1
37 16717
-1
37 16870
-1
37 16870
38 16913
-1
-1
38 16887
39 16915
-1
36 16952
-1
34 16505
34 16552
-1
-1
36 16809
37 16838
-1
-1
-1
-1
-1
-1
-1
-1
35 16403
37 16272
38 16789
37 16915
-1
38 16853
38 16565
-1
-1
-1
-1
36 16782
-1
-1
35 16924
35 16506
-1
35 16584
-1
-1
-1
-1
-1
-1
32 16202
-1
38 16871
-1
38 16769
-1
-1
-1
36 16517
37 16776
-1
-1
36 16833
-1
-1
33 16856
31 16368
35 16638
35 16477
-1
-1
-1
-1
-1
34 16650
-1
-1
-1
30 16794
32 16809
-1
33 16377
34 16877
-1
35 16469
-1
-1
42 16838
42 16838
42 16838
42 16838
-1
-1
-1
-1
36 16718
-1
-1
-1
-1
-1
-1
29 16592
31 16252
31 16033
32 16860
-1
32 16493
32 16493
28 16447
28 16447
-1
-1
-1
27 16888
30 16919
30 16919
-1
-1
35 16648
35 16413
35 16413
36 16616
36 16616
-1
-1
-1
-1
-1
35 16474
35 16561
-1
30 16920
-1
-1
-1
-1
26 16867
-1
-1
-1
-1
-1
-1
35 16800
-1
-1
36 16497
-1
34 16258
-1
-1
36 16834
-1
32 16743
32 16743
32 16854
-1
-1
32 16121
33 16944
-1
-1
35 16886
-1
-1
-1
-1
30 16783
32 16951
31 16318
32 16442
-1
-1
33 16448
35 16942
-1
34 16175
-1
-1
-1
33 16681
-1
-1
-1
-1
-1
-1
35 16926
35 16606
-1
-1
37 16885
-1
33 16863
32 16652
-1
-1
-1
-1
-1
32 16760
-1
35 16769
34 16910
-1
-1
32 16757
-1
-1
-1
33 16526
-1
34 16921
-1
32 16529
-1
32 16529
32 16712
-1
-1
-1
-1
-1
-1
34 16156
34 16375
36 16223
-1
36 16259
35 16503
35 16377
34 16048
35 16921
-1
-1
36 16904
-1
-1
35 16413
-1
38 16948
38 16330
-1
-1
41 16781
-1
39 16742
-1
39 16717
39 16717
39 16650
-1
-1
39 16690
-1
-1
-1
-1
-1
-1
29 16765
29 16290
29 16423
-1
-1
31 16639
31 16754
-1
32 16786
32 16628
34 16905
35 16937
-1
35 16163
35 16163
37 16851
-1
37 16491
-1
-1
40 16859
42 16926
-1
-1
-1
-1
39 16656
-1
40 16798
-1
-1
-1
-1
39 16785
36 16675
-1
-1
35 16558
-1
35 16823
34 16461
35 16829
33 16342
-1
-1
35 16679
34 16837
31 16368
-1
-1
-1
-1
30 16953
30 16953
30 16627
-1
-1
29 16523
29 16523
-1
-1
33 16828
32 16672
-1
-1
32 16662
-1
35 16762
-1
34 16886
-1
-1
-1
-1
33 16547
-1
-1
-1
-1
-1
28 16684
-1
-1
-1
-1
27 16663
28 16446
30 16932
-1
-1
-1
33 16351
33 16351
33 16108
-1
-1
-1
-1
-1
-1
40 16299
-1
-1
-1
-1
-1
-1
37 16848
38 16652
-1
-1
37 16823
35 16626
-1
-1
-1
35 16840
35 16770
-1
36 16886
-1
-1
33 16941
35 16847
33 16821
-1
35 16923
33 16671
-1
34 16919
34 16897
34 16897
34 16897
33 16560
33 16560
-1
-1
-1
33 16824
-1
30 16811
-1
30 16565
-1
-1
33 16056
33 16056
34 16276
34 16692
-1
-1
-1
34 16877
-1
31 16576
-1
-1
30 16925
-1
27 16313
27 16313
27 16787
-1
-1
29 16632
29 16606
-1
-1
-1
32 16607
-1
-1
-1
-1
-1
-1
40 16947
40 16947
39 16689
35 16336
-1
-1
39 16711
-1
-1
-1
-1
34 16138
34 16138
34 16309
33 16925
-1
-1
-1
-1
-1
31 16763
31 16853
-1
27 16692
27 16692
-1
-1
-1
28 16477
-1
29 16876
29 16240
31 16871
-1
-1
35 16328
35 16328
-1
41 16844
-1
-1
38 16487
35 16096
35 16850
-1
37 16729
-1
-1
35 16898
-1
-1
-1
39 16481
-1
39 16554
39 16554
39 16554
-1
40 16516
-1
40 16128
41 16283
-1
-1
-1
36 16928
-1
-1
-1
-1
-1
-1
-1
-1
36 16751
-1
35 16653
35 16653
37 16507
38 16591
41 16508
-1
39 16772
37 16477
37 16527
37 16527
-1
38 16783
38 16783
-1
40 16579
-1
-1
-1
-1
32 16100
32 16100
36 16884
33 16637
-1
34 16892
-1
-1
-1
-1
-1
32 16613
31 16685
31 16685
-1
30 16626
28 16490
-1
31 16774
-1
-1
-1
-1
-1
34 16298
-1
-1
-1
-1
35 16405
-1
36 16812
-1
32 16485
-1
-1
-1
32 16824
-1
-1
-1
29 16408
-1
30 16929
31 16679
-1
-1
-1
-1
30 16791
31 16639
31 16223
-1
-1
31 16842
-1
30 16241
-1
-1
-1
-1
-1
31 16619
-1
-1
31 16839
31 16312
-1
33 16898
33 16898
33 16898
-1
-1
-1
32 16586
31 16765
32 16618
34 16767
34 16794
33 16657
33 16593
33 16593
34 16916
-1
34 16916
34 16696
34 16437
-1
-1
-1
-1
-1
32 16844
32 16863
31 16658
31 16064
31 16064
34 16559
36 16923
36 16923
-1
37 16482
-1
37 16762
-1
40 16868
-1
-1
40 16868
40 16868
-1
40 16868
40 16541
-1
41 16636
-1
-1
-1
-1
-1
-1
42 16352
-1
-1
-1
42 16937
-1
-1
41 16894
-1
41 16894
-1
-1
-1
-1
-1
37 16820
-1
-1
-1
-1
32 16343
33 16841
33 16891
-1
32 16291
-1
-1
34 16880
-1
-1
36 16839
-1
34 16678
34 16678
-1
36 16733
36 16733
35 16859
-1
32 16740
32 16740
-1
37 16789
-1
-1
-1
36 16826
34 16547
-1
33 16639
33 16639
-1
-1
32 16875
-1
-1
-1
-1
-1
32 16744
-1
36 16199
-1
-1
39 16581
-1
-1
-1
-1
37 16690
38 16841
-1
-1
-1
-1
36 16798
-1
36 16638
-1
34 16538
33 16322
-1
-1
-1
33 16837
-1
-1
32 16082
32 16082
-1
-1
35 16341
35 16341
-1
-1
-1
35 16250
-1
32 16639
-1
-1
33 16658
34 16820
34 16820
-1
-1
-1
30 16928
30 16361
-1
-1
-1
-1
30 16600
-1
-1
-1
34 16531
35 16694
-1
-1
-1
37 16926
-1
39 16880
38 16016
-1
-1
-1
-1
-1
39 16717
39 16717
39 16817
39 16497
-1
-1
-1
-1
38 16690
35 16933
35 16784
35 16784
-1
33 16156
-1
38 16453
-1
-1
39 16844
-1
-1
-1
-1
36 16863
37 16611
-1
-1
37 16695
-1
-1
38 16648
-1
35 16255
-1
-1
-1
-1
-1
33 16594
33 16594
35 16901
-1
35 16404
-1
33 16470
-1
-1
34 16812
-1
36 16109
36 16109
-1
-1
-1
-1
34 16953
-1
35 16850
-1
-1
-1
35 16954
-1
34 16400
-1
-1
-1
33 16838
32 16837
-1
33 16890
33 16890
-1
31 16145
34 16917
-1
34 16598
-1
35 16636
35 16797
-1
35 16950
-1
36 16932
-1
36 16600
-1
37 16535
-1
36 16075
-1
39 16889
35 16850
-1
-1
35 16928
-1
-1
-1
36 16484
-1
-1
34 16494
-1
-1
36 16867
36 16867
36 16867
35 16373
-1
37 16909
-1
36 16505
-1
33 16546
32 16263
29 16931
-1
29 16931
29 16931
-1
29 16458
-1
-1
-1
-1
-1
-1
31 16273
-1
34 16716
34 16943
34 16592
-1
33 16121
36 16220
38 16438
39 16906
-1
-1
39 16355
-1
39 16628
-1
-1
41 16710
-1
41 16835
-1
-1
37 16634
-1
-1
-1
37 16825
37 16944
-1
-1
-1
37 16725
35 16723
-1
-1
-1
-1
-1
34 16939
35 16908
34 16901
30 16257
-1
-1
30 16451
-1
32 16571
-1
30 16937
-1
-1
-1
30 16847
30 16804
-1
29 16305
28 16368
29 16823
-1
-1
-1
-1
-1
-1
29 16192
32 16713
-1
32 16397
33 16635
33 16772
32 16879
33 16768
33 16871
33 16863
-1
32 16627
-1
-1
-1
32 16540
-1
33 16452
-1
-1
-1
-1
34 16761
37 16679
39 16921
-1
39 16640
-1
-1
38 16459
-1
38 16926
-1
38 16395
-1
33 16738
31 16742
31 16742
27 16411
27 16411
-1
27 16411
-1
-1
-1
-1
-1
-1
-1
30 16482
30 16596
31 16956
30 16267
34 16738
-1
-1
-1
39 16876
-1
-1
34 16692
33 16574
-1
31 16948
-1
-1
-1
29 16754
-1
-1
32 16680
-1
32 16611
31 16825
-1
-1
32 16575
35 16662
33 16307
-1
33 16471
-1
-1
34 16396
35 16675
35 16675
35 16818
-1
-1
36 16883
-1
36 16883
-1
36 16781
36 16369
36 16369
-1
-1
38 16521
39 16731
39 16595
39 16492
-1
38 16893
37 16540
-1
38 16861
-1
-1
-1
-1
-1
34 16261
34 16261
35 16910
37 16829
-1
-1
36 16881
34 16543
-1
34 16452
35 16905
-1
-1
-1
-1
30 16481
30 16481
-1
-1
-1
31 16869
-1
-1
31 16750
30 16486
-1
30 16795
30 16795
-1
29 16679
-1
32 16723
-1
32 16598
-1
35 16939
-1
-1
-1
-1
31 16288
-1
-1
33 16939
-1
34 16712
34 16712
-1
33 16759
34 16887
34 16887
-1
-1
-1
35 16614
-1
-1
-1
36 16029
-1
38 16929
38 16897
-1
35 16483
-1
-1
-1
-1
-1
-1
-1
-1
-1
-1
34 16944
-1
-1
-1
33 16198
33 16911
35 16874
33 16868
33 16868
-1
-1
-1
33 16566
-1
-1
-1
-1
33 16753
31 16589
-1
-1
-1
30 16827
30 16827
-1
-1
-1
29 16821
29 16899
28 16863
28 16385
-1
28 16845
28 16747
-1
27 16497
-1
-1
28 16731
30 16696
-1
-1
-1
-1
-1
-1
-1
33 16944
-1
-1
33 16527
32 16287
-1
32 16923
-1
30 16054
-1
-1
33 16834
-1
-1
34 16799
-1
-1
33 16803
33 16751
-1
32 16640
32 16640
-1
27 16459
-1
30 16861
29 16872
-1
-1
-1
-1
30 16818
-1
-1
-1
-1
-1
28 16226
28 16318
32 16947
-1
-1
37 16494
-1
-1
36 16695
31 16785
-1
30 16752
30 16752
-1
-1
32 16535
-1
-1
-1
31 16641
-1
32 16790
32 16790
-1
-1
32 16764
-1
31 16791
-1
29 16856
29 16495
-1
-1
-1
-1
-1
34 16610
-1
33 16657
34 16867
36 16675
-1
-1
-1
35 16605
-1
38 16792
-1
-1
-1
36 16616
36 16616
-1
34 16915
31 16844
29 16904
28 16549
28 16649
-1
-1
-1
28 16671
-1
-1
29 16802
-1
30 16675
-1
-1
-1
-1
-1
-1
-1
-1
34 16867
-1
36 16612
-1
-1
34 16740
34 16487
34 16553
-1
-1
-1
31 16818
30 16239
33 16812
33 16713
34 16934
33 16212
-1
-1
-1
33 16873
-1
35 16921
35 16921
-1
-1
30 16546
-1
-1
30 16465
-1
-1
33 16807
-1
34 16860
35 16957
-1
36 16667
35 16945
35 16525
-1
-1
-1
-1
33 16504
-1
-1
32 16943
-1
-1
34 16714
34 16714
-1
31 16910
-1
30 16275
-1
30 16187
-1
30 16187
-1
-1
-1
-1
36 16758
-1
-1
-1
-1
-1
-1
-1
38 16851
-1
33 16916
-1
33 16628
-1
32 16716
-1
32 16854
-1
30 16882
-1
29 16868
31 16812
32 16895
33 16927
-1
32 16766
32 16766
32 16766
30 16797
29 16104
30 16805
-1
34 16927
-1
36 16896
-1
-1
34 16812
-1
34 16462
-1
-1
39 16396
-1
34 16514
32 16943
-1
32 16938
-1
-1
-1
-1
31 16895
31 16862
-1
-1
30 16789
-1
-1
-1
31 16938
-1
-1
-1
34 16706
35 16858
34 16038
-1
35 16368
-1
-1
35 16828
-1
-1
-1
34 16659
-1
-1
34 16659
-1
34 16659
-1
-1
-1
-1
-1
38 16774
41 16484
42 16861
-1
-1
-1
-1
-1
39 16531
38 16914
38 16914
35 16111
-1
35 16111
34 16577
30 16758
30 16645
31 16407
-1
32 16759
30 16853
28 16646
-1
-1
-1
-1
-1
-1
-1
34 16390
-1
-1
39 16264
38 16474
-1
-1
-1
-1
-1
-1
-1
-1
35 16917
35 16917
34 16527
34 16527
32 16515
-1
29 16437
-1
-1
-1
-1
-1
-1
-1
-1
-1
-1
-1
-1
-1
31 16342
-1
-1
34 16931
34 16553
34 16915
35 16553
-1
35 16695
35 16271
-1
37 16526
37 16526
37 16526
37 16849
37 16849
-1
34 16291
-1
33 16943
33 16865
30 16586
-1
-1
30 16914
-1
-1
-1
-1
29 16696
-1
31 16887
31 16924
-1
31 16708
31 16708
-1
30 16878
-1
34 16878
-1
-1
-1
-1
34 16416
-1
-1
33 16478
31 16949
-1
31 16949
31 16949
30 16760
-1
30 16375
-1
-1
-1
29 16605
-1
32 16798
-1
-1
32 16276
-1
33 16387
34 16125
-1
-1
-1
35 16423
37 16902
36 16815
-1
35 16785
35 16168
-1
36 16313
-1
36 16912
36 16912
-1
-1
-1
32 16811
-1
-1
-1
-1
-1
-1
34 16833
-1
-1
-1
34 16783
-1
-1
33 16913
-1
34 16638
-1
-1
-1
-1
33 16036
34 16469
-1
-1
-1
33 16907
-1
31 16258
32 16515
33 16924
32 16761
30 16259
29 16144
29 16144
30 16359
32 16906
-1
-1
-1
33 16416
34 16839
-1
37 16104
37 16295
33 16400
34 16675
-1
-1
30 16562
-1
-1
-1
32 16898
-1
30 16632
30 16156
-1
-1
-1
34 16800
34 16861
-1
34 16760
-1
-1
-1
-1
-1
34 16625
-1
-1
-1
-1
34 16446
34 16446
36 16906
-1
36 16816
32 16719
-1
33 16680
34 16856
-1
-1
-1
33 16498
33 16797
-1
32 16721
-1
-1
-1
31 16389
-1
-1
-1
-1
-1
36 16813
-1
36 16941
33 16554
-1
-1
-1
33 16514
33 16578
34 16591
35 16831
34 16145
35 16314
35 16314
-1
-1
-1
-1
36 16945
33 16886
34 16812
-1
34 16727
37 16927
38 16900
35 16414
37 16592
35 16502
35 16606
-1
-1
38 16471
-1
-1
40 16791
36 16903
-1
-1
-1
-1
-1
42 16938
-1
33 16495
37 16865
37 16831
-1
38 16278
-1
41 16840
-1
44 16943
44 16943
44 16943
-1
41 16473
41 16551
42 16549
-1
-1
41 16686
-1
42 16838
-1
-1
-1
-1
33 16414
34 16863
33 16659
32 16922
32 16502
-1
30 16909
-1
31 16461
-1
-1
-1
33 16476
-1
-1
-1
33 16821
-1
-1
-1
30 16394
-1
-1
32 16927
-1
30 16429
-1
-1
28 16529
28 16117
30 16743
28 16730
29 16140
29 16870
29 16870
29 16337
-1
30 16720
32 16796
32 16625
-1
32 16625
-1
-1
31 16937
-1
31 16937
31 16937
-1
29 16072
-1
30 16852
-1
-1
-1
-1
30 16595
-1
31 16827
33 16915
33 16915
-1
-1
-1
-1
-1
40 16432
-1
-1
-1
43 16869
-1
42 16741
42 16741
42 16741
-1
36 16484
-1
37 16556
-1
35 16841
-1
36 16490
37 16138
38 16600
-1
-1
-1
36 16612
36 16612
-1
32 16283
32 16283
30 16504
-1
-1
-1
-1
-1
32 16891
-1
-1
33 16832
-1
-1
35 16899
-1
-1
-1
35 16803
-1
35 16803
-1
-1
36 16707
-1
36 16631
34 16590
-1
32 16878
32 16878
32 16050
34 16576
-1
32 16379
-1
-1
-1
33 16484
-1
34 16728
34 16728
-1
-1
-1
-1
-1
-1
30 16706
-1
-1
35 16931
-1
33 16900
33 16900
33 16077
-1
35 16894
35 16894
-1
32 16898
31 16826
-1
30 16802
30 16299
-1
-1
33 16912
-1
-1
34 16581
35 16403
-1
-1
-1
-1
-1
35 16809
35 16809
35 16809
-1
35 16220
35 16220
-1
36 16677
-1
-1
-1
-1
36 16921
-1
33 16199
32 16728
-1
32 16694
-1
-1
-1
-1
31 16786
-1
-1
33 16469
37 16546
-1
36 16510
36 16510
-1
-1
38 16733
-1
38 16067
-1
-1
38 16067
40 16816
-1
-1
-1
-1
40 16905
-1
-1
43 16927
-1
-1
-1
-1
-1
-1
35 16630
35 16630
35 16524
35 16524
-1
-1
37 16651
-1
-1
-1
-1
-1
-1
-1
42 16956
-1
-1
41 16557
-1
-1
-1
-1
41 16659
37 16310
34 16366
-1
34 16366
34 16366
32 16513
-1
34 16793
-1
-1
-1
34 16923
35 16819
-1
-1
33 16811
33 16683
33 16933
-1
-1
35 16596
-1
-1
35 16908
32 16769
32 16298
-1
34 16866
-1
-1
-1
34 16491
-1
-1
-1
36 16738
-1
-1
-1
-1
38 16790
-1
35 16547
33 16854
-1
-1
32 16693
-1
32 16881
-1
-1
27 15999
-1
28 16918
-1
-1
-1
27 16731
-1
-1
26 16474
-1
26 16474
26 16474
26 16474
-1
-1
-1
-1
27 16125
-1
27 16500
-1
27 16500
-1
-1
24 16244
25 16658
31 16444
-1
-1
33 16663
31 16251
33 16721
-1
34 16314
-1
35 16642
-1
33 16487
-1
33 16487
-1
-1
-1
-1
-1
-1
-1
-1
31 16371
-1
-1
31 16374
31 16745
-1
33 16955
33 16946
-1
-1
32 16929
-1
-1
-1
31 16956
31 16776
31 16776
33 16886
-1
-1
-1
29 16834
-1
-1
-1
-1
-1
30 16935
28 16512
29 16874
-1
-1
32 16480
-1
-1
29 16268
-1
-1
-1
34 16695
-1
-1
-1
-1
-1
-1
36 16896
-1
-1
-1
-1
-1
33 16664
31 16009
-1
33 16601
-1
33 16601
33 16601
33 16601
-1
-1
33 16730
-1
-1
-1
35 16587
35 16944
-1
-1
31 16548
31 16175
-1
32 16844
30 16680
31 16949
-1
-1
-1
31 16883
31 16883
-1
34 16895
33 16856
-1
35 16756
35 16756
36 16870
36 16870
37 16376
40 16293
-1
-1
-1
40 16840
-1
40 16778
-1
-1
-1
-1
39 16211
39 16211
38 16654
39 16512
39 16677
-1
39 16950
-1
36 16639
36 16631
37 16947
37 16947
36 16593
35 16770
35 16770
-1
-1
-1
38 16882
-1
-1
-1
35 16582
-1
36 16860
-1
38 16929
-1
37 16847
-1
-1
35 16476
35 16476
-1
-1
35 16654
36 16575
37 16903
38 16909
-1
38 16204
-1
-1
37 16951
37 16951
-1
-1
-1
-1
34 16359
-1
38 16720
38 16720
38 16913
38 16913
-1
38 16781
-1
34 16901
-1
-1
35 16702
35 16695
-1
-1
-1
34 16740
33 16345
31 16497
-1
-1
32 16580
33 16921
-1
-1
-1
32 16680
-1
32 16796
32 16796
-1
-1
-1
-1
-1
30 16673
-1
31 16825
-1
-1
-1
-1
34 16867
-1
-1
33 16518
-1
-1
32 16302
-1
35 16897
35 16947
35 16371
-1
-1
-1
33 16720
-1
-1
33 16894
-1
-1
36 16928
-1
-1
35 16830
-1
37 16592
37 16701
-1
40 16566
-1
-1
-1
-1
-1
34 16401
-1
-1
32 16655
-1
-1
-1
31 16390
31 16390
-1
31 16346
-1
-1
30 16646
30 16646
-1
-1
-1
27 16580
-1
27 16350
-1
-1
-1
-1
-1
-1
27 16854
27 16854
27 16854
-1
-1
-1
-1
31 16520
-1
-1
-1
35 16726
-1
-1
36 16485
-1
-1
-1
36 16723
36 16642
35 16875
-1
-1
-1
31 16194
-1
-1
-1
32 16905
31 16687
-1
31 16531
34 16868
-1
37 16849
-1
-1
-1
-1
36 16908
-1
38 16799
-1
-1
40 16615
-1
-1
40 16634
-1
-1
-1
35 16885
33 16468
33 16468
-1
33 16804
-1
34 16956
33 16241
-1
-1
-1
-1
-1
32 16390
32 16390
-1
-1
-1
-1
32 16679
32 16725
-1
-1
-1
32 16868
32 16868
-1
-1
-1
-1
-1
37 16631
-1
39 16657
-1
39 16620
-1
-1
40 16686
39 16912
41 16554
37 16905
-1
-1
37 16846
-1
36 16523
38 16401
-1
38 16804
-1
-1
35 16283
-1
-1
40 16856
-1
-1
44 16677
-1
39 16181
-1
-1
-1
-1
-1
-1
30 16586
30 16738
29 16596
-1
-1
28 16072
-1
30 16440
31 16563
-1
32 16773
-1
-1
32 16823
-1
-1
-1
31 16404
-1
31 16404
-1
-1
-1
-1
-1
-1
-1
-1
35 16369
35 16369
-1
-1
-1
-1
-1
38 16202
38 16202
-1
40 16444
-1
-1
-1
-1
-1
-1
-1
-1
44 16848
44 16848
-1
40 16765
-1
40 16765
36 16260
-1
36 16260
-1
37 16749
37 16749
-1
35 16662
35 16662
-1
30 16892
-1
30 16189
30 16780
-1
-1
-1
30 16769
30 16769
27 16728
29 16760
29 16760
29 16467
-1
-1
-1
-1
-1
30 16378
-1
-1
-1
-1
-1
33 16491
34 16930
34 16650
-1
-1
-1
38 16879
-1
-1
-1
-1
41 16698
41 16698
41 16698
-1
-1
38 16665
38 16912
38 16912
-1
37 16796
-1
-1
33 16905
-1
-1
33 16952
33 16952
33 16952
-1
-1
-1
33 16628
-1
33 16943
32 16920
-1
-1
31 16799
-1
30 16567
30 16567
-1
29 16269
-1
-1
-1
-1
30 16020
-1
30 16608
37 16565
34 16439
-1
34 16815
35 16931
-1
-1
34 16105
35 16333
-1
36 16780
-1
-1
36 16780
-1
-1
32 16693
-1
-1
30 16342
-1
33 16577
33 16732
33 16732
-1
-1
-1
-1
35 16088
-1
-1
-1
-1
34 16867
-1
32 16572
-1
-1
33 16736
-1
31 16741
-1
-1
-1
31 16343
32 16631
-1
-1
-1
31 16728
31 16763
32 16881
32 16881
35 16782
39 16876
-1
-1
-1
-1
-1
42 16803
-1
-1
-1
-1
-1
40 16886
-1
40 16886
-1
-1
-1
-1
-1
34 16499
-1
-1
34 16399
38 16676
-1
42 16928
42 16278
-1
-1
-1
-1
42 16421
-1
-1
-1
-1
-1
-1
-1
42 16763
-1
40 16756
38 16651
-1
-1
-1
31 16951
28 16605
28 16605
28 16629
28 16629
-1
27 16189
27 16189
27 16189
-1
28 16870
-1
28 16854
30 16867
-1
-1
31 16891
30 16908
-1
33 16451
-1
-1
33 16944
-1
-1
-1
29 16280
-1
-1
33 16767
33 16767
33 16895
33 16782
-1
-1
31 16167
-1
30 16640
-1
30 16640
-1
30 16121
-1
32 16695
-1
32 16695
28 16808
-1
28 16661
-1
-1
-1
-1
-1
30 16615
-1
29 16724
29 16800
28 16449
-1
31 16905
32 16827
-1
-1
32 16378
-1
-1
-1
-1
35 16643
-1
-1
33 16296
33 16296
-1
34 16753
-1
-1
35 16759
35 16759
-1
34 16943
-1
-1
33 16666
-1
-1
-1
36 16673
37 16447
37 16447
-1
-1
-1
35 16497
-1
37 16925
-1
-1
-1
-1
34 16281
-1
-1
-1
-1
-1
-1
35 16483
-1
35 16386
36 16881
-1
-1
30 16211
-1
30 16211
30 16211
31 16446
31 16446
-1
-1
-1
-1
33 16689
-1
-1
-1
-1
39 16705
39 16514
39 16714
39 16714
-1
37 16634
-1
-1
-1
-1
37 16642
35 16717
34 16918
31 16274
-1
-1
30 16580
-1
30 16580
-1
-1
30 16662
-1
31 16392
-1
32 16507
-1
-1
-1
-1
32 16936
-1
29 16421
30 16208
30 16812
-1
32 16611
33 16905
33 16867
33 16867
-1
35 16747
35 16747
36 16848
37 16920
-1
-1
37 16725
-1
-1
38 16851
38 16770
39 16634
36 16182
38 16814
-1
-1
-1
-1
-1
38 16947
-1
-1
38 16836
-1
33 16916
-1
-1
31 16670
-1
-1
30 16583
28 16323
-1
-1
-1
31 16321
-1
31 16945
-1
-1
32 16899
-1
-1
-1
34 16807
33 16742
-1
33 16742
-1
33 16877
-1
33 16750
33 16724
-1
-1
-1
35 16385
35 16385
36 16700
-1
-1
36 16121
36 16338
36 16338
38 16716
38 16801
-1
38 16801
-1
-1
-1
36 16805
-1
-1
33 16322
-1
31 16803
28 16917
-1
31 16827
-1
-1
28 16283
-1
30 16345
-1
30 16633
31 16378
-1
33 16926
-1
-1
-1
-1
-1
-1
36 16815
-1
-1
34 16597
-1
34 16783
32 16823
32 16702
-1
-1
29 16048
30 16507
30 16507
-1
-1
35 16918
-1
-1
33 16666
-1
-1
34 16744
-1
32 16102
32 16034
33 16689
-1
-1
-1
-1
-1
-1
35 16940
34 16873
34 16460
-1
34 16625
-1
-1
36 16948
34 16875
-1
35 16504
37 16773
-1
-1
-1
-1
38 16477
-1
-1
-1
-1
-1
32 16103
-1
-1
-1
32 16863
-1
32 16466
33 16831
-1
-1
-1
-1
-1
35 16690
35 16690
-1
36 16616
-1
-1
39 16758
38 16206
38 16206
-1
39 16859
-1
39 16470
-1
-1
-1
-1
35 16805
35 16805
37 16926
-1
-1
-1
-1
37 16915
-1
39 16767
-1
39 16650
-1
-1
-1
32 16586
-1
-1
-1
33 16769
-1
-1
31 16294
32 16703
-1
32 16915
32 16915
-1
-1
-1
-1
-1
-1
37 16790
-1
-1
-1
-1
36 16661
36 16758
37 16664
-1
37 16898
38 16605
39 16712
-1
-1
-1
27 16308
-1
27 16272
27 16272
28 16266
-1
30 16705
-1
-1
-1
30 16480
-1
32 16552
-1
-1
33 16042
-1
-1
-1
-1
-1
-1
35 16938
-1
35 16786
-1
-1
-1
-1
-1
-1
32 16182
-1
-1
-1
-1
34 16817
34 16817
33 16925
32 16928
32 16928
-1
-1
-1
-1
34 16813
-1
33 16904
-1
33 16106
-1
-1
32 16167
31 16668
-1
-1
-1
34 16931
33 16353
-1
-1
36 16906
-1
-1
36 16484
36 16484
36 16484
-1
-1
-1
36 16870
-1
-1
-1
-1
-1
-1
-1
-1
-1
36 16857
-1
-1
-1
32 16776
31 16305
31 16556
-1
-1
-1
33 16132
33 16132
-1
-1
33 16870
-1
33 16073
35 16803
34 16876
34 16921
-1
-1
-1
-1
-1
-1
-1
-1
-1
-1
32 16717
-1
-1
-1
-1
-1
-1
-1
-1
-1
27 16585
-1
28 16349
-1
31 16604
-1
30 16205
-1
31 16780
31 16780
-1
-1
-1
35 16565
-1
-1
-1
-1
35 16852
35 16852
-1
31 16217
31 16217
-1
-1
-1
-1
30 16828
30 16926
30 16824
30 16824
-1
-1
-1
31 16856
-1
31 16802
31 16802
31 16802
-1
-1
34 16637
35 16896
35 16896
35 16896
35 16741
-1
-1
-1
-1
-1
36 16326
39 16590
-1
-1
-1
-1
-1
-1
-1
40 16655
-1
-1
-1
39 16123
39 16123
-1
39 16123
-1
39 16123
39 16123
-1
-1
-1
-1
-1
-1
38 16938
-1
-1
37 16631
-1
-1
-1
-1
-1
36 16564
36 16564
-1
35 16457
36 16669
36 16669
35 16870
36 16443
36 16443
37 16836
37 16836
-1
-1
-1
35 16722
36 16678
35 16928
35 16928
-1
34 16657
-1
-1
31 16593
31 16593
-1
-1
31 16488
-1
-1
-1
36 16936
-1
-1
-1
34 16762
-1
33 16704
33 16704
-1
-1
33 16613
-1
29 16767
-1
31 16677
34 16929
34 16384
33 16453
-1
-1
34 16595
35 16633
33 16625
33 16625
32 16788
32 16559
-1
33 16541
-1
31 16688
-1
-1
-1
-1
31 16904
-1
-1
34 16887
-1
34 16887
34 16887
-1
34 16887
-1
35 16907
35 16907
33 16151
34 16575
-1
34 16785
-1
-1
33 16348
-1
-1
29 16757
-1
-1
31 16926
29 16710
31 16675
32 16957
-1
-1
32 16955
32 16955
-1
-1
30 16506
-1
-1
-1
-1
29 16577
30 16794
32 16806
32 16903
-1
32 16426
-1
33 16554
34 16853
-1
-1
33 16684
-1
-1
-1
-1
-1
37 16773
37 16287
-1
38 16944
-1
-1
-1
-1
36 16812
36 16902
-1
35 16346
35 16346
35 16346
35 16811
-1
35 16789
-1
35 16789
-1
36 16818
-1
-1
-1
-1
38 16940
37 16917
-1
-1
-1
-1
37 16939
-1
39 16795
-1
38 16761
35 16207
35 16207
36 16677
-1
-1
-1
-1
-1
29 16785
29 16785
-1
29 16244
-1
-1
32 16762
-1
-1
34 16274
-1
34 16954
34 16954
-1
33 16609
34 16860
34 16098
35 16103
-1
-1
36 16776
37 16904
-1
-1
32 16639
-1
35 16767
33 16882
-1
-1
-1
-1
-1
-1
35 16131
35 16805
-1
-1
-1
-1
-1
38 16846
-1
36 16567
31 16679
-1
32 16628
-1
-1
-1
34 16957
-1
34 16634
33 16821
33 16821
-1
-1
32 16346
32 16386
-1
-1
-1
29 16752
-1
-1
26 16065
-1
-1
-1
29 16671
29 16671
-1
31 16806
30 16670
-1
32 16881
33 16935
33 16935
-1
33 16511
33 16718
-1
31 16857
-1
28 16716
-1
-1
-1
-1
29 16374
-1
-1
29 16374
30 16711
29 16186
-1
29 16307
29 16411
-1
32 16862
-1
31 16579
-1
30 16733
31 16749
-1
31 16348
32 16651
-1
33 16861
-1
-1
-1
34 16845
34 16437
34 16437
34 16437
34 16316
36 16912
36 16726
-1
-1
38 16902
-1
38 16637
-1
39 16701
-1
-1
-1
34 16773
34 16773
-1
30 16648
-1
29 16783
-1
-1
-1
-1
30 16635
-1
-1
-1
-1
-1
29 16860
-1
-1
29 16448
-1
30 16348
-1
-1
-1
32 16744
34 16637
34 16637
-1
33 16564
-1
-1
-1
-1
33 16805
-1
-1
-1
-1
35 16821
35 16862
-1
34 16831
34 16926
-1
-1
33 16443
-1
-1
-1
-1
-1
36 16743
37 16744
-1
37 16699
37 16699
-1
-1
-1
35 16206
-1
35 16942
-1
-1
35 16848
-1
-1
-1
-1
-1
-1
-1
-1
34 16953
-1
-1
36 16906
-1
-1
-1
32 16716
-1
-1
35 16687
-1
34 16632
33 16748
-1
-1
-1
32 16892
32 16892
33 16814
-1
29 16610
-1
31 16649
31 16649
32 16681
-1
32 16678
32 16678
-1
-1
-1
34 16157
34 16157
-1
40 16791
-1
39 16778
-1
37 16429
-1
39 16763
40 16946
-1
39 16579
-1
-1
-1
-1
38 16901
-1
35 16936
34 16940
34 16940
-1
32 16899
32 16899
-1
-1
-1
-1
-1
-1
37 16644
-1
38 16870
34 16652
34 16652
33 16907
-1
-1
-1
31 16901
-1
-1
31 16286
-1
-1
32 16456
-1
32 16427
-1
-1
-1
-1
-1
-1
-1
-1
-1
39 16786
33 16829
-1
-1
32 16910
33 16795
-1
-1
34 16232
-1
-1
36 16895
-1
36 16810
-1
34 16145
35 16843
-1
35 16891
35 16821
-1
-1
-1
31 16150
-1
-1
-1
32 16710
-1
33 16888
-1
-1
39 16520
37 16219
37 16188
-1
-1
-1
35 16860
36 16957
-1
33 16910
32 16850
-1
-1
-1
-1
32 16802
-1
34 16026
35 16712
-1
-1
-1
-1
-1
35 16807
-1
36 16683
-1
36 16468
35 16326
-1
33 16179
33 16179
-1
-1
29 16784
-1
-1
27 16538
28 16618
-1
29 16909
28 16701
28 16276
-1
31 16817
33 16410
35 16691
36 16225
-1
-1
-1
-1
-1
43 16603
-1
-1
44 16844
-1
-1
38 16634
-1
-1
-1
37 16426
-1
-1
-1
33 16870
32 16734
-1
-1
-1
-1
31 16171
32 16468
-1
32 16907
-1
-1
-1
-1
32 16752
-1
-1
29 16956
-1
-1
-1
30 16470
-1
-1
-1
27 16663
27 16302
-1
-1
29 16405
30 16734
29 16425
-1
-1
28 16625
-1
-1
-1
-1
-1
27 16501
27 16949
31 16936
-1
32 16857
32 16925
-1
-1
31 16739
-1
31 16767
-1
-1
-1
-1
31 16800
31 16800
-1
-1
-1
-1
-1
-1
-1
-1
38 16583
-1
38 16583
-1
37 16843
38 16456
-1
-1
-1
39 16910
-1
39 16910
-1
39 16729
40 16900
-1
36 16909
-1
36 16603
38 16596
39 16663
38 16741
-1
38 16741
35 16748
35 16737
-1
33 16043
-1
-1
-1
30 16794
-1
30 16794
30 16794
30 16565
-1
29 16527
-1
-1
30 16605
30 16605
30 16605
-1
-1
-1
-1
29 16339
-1
-1
-1
38 16565
36 16678
-1
36 16678
-1
35 16739
-1
35 16739
36 16854
36 16854
36 16498
-1
-1
-1
-1
-1
37 16933
-1
-1
-1
-1
32 16573
-1
34 16948
-1
-1
34 16917
32 16726
-1
-1
29 16680
-1
28 16131
29 16819
30 16953
-1
-1
31 16887
-1
-1
31 16554
-1
-1
32 16891
32 16891
-1
-1
33 16359
-1
36 16916
34 16605
-1
-1
41 16778
42 16921
37 16648
38 16905
-1
-1
-1
-1
38 16694
34 16712
33 16589
-1
36 16502
36 16502
-1
37 16828
-1
-1
-1
38 16564
39 16851
-1
40 16364
-1
41 16610
-1
-1
-1
-1
-1
-1
-1
-1
-1
39 16635
-1
-1
-1
-1
-1
-1
-1
-1
38 16763
38 16434
39 16608
39 16569
39 16490
-1
38 16883
-1
-1
-1
-1
36 16269
36 16269
-1
-1
35 16318
-1
30 16820
-1
30 16820
-1
-1
31 16761
-1
-1
31 16403
-1
30 16766
31 16798
-1
-1
-1
-1
-1
-1
-1
38 16601
38 16601
37 16464
-1
-1
37 16927
-1
36 16830
36 16830
-1
29 16224
-1
-1
31 16779
31 16694
-1
-1
-1
-1
30 16887
-1
-1
-1
-1
-1
-1
-1
31 16602
-1
-1
32 16678
-1
32 16279
-1
-1
33 16688
33 16647
-1
35 16602
38 16770
-1
-1
39 16531
-1
40 16698
39 16227
-1
41 16907
-1
-1
38 16536
-1
-1
36 16725
-1
-1
34 16737
-1
-1
31 16941
-1
-1
-1
-1
35 16822
-1
-1
-1
34 16851
35 16923
35 16749
-1
35 16425
-1
-1
-1
-1
-1
-1
-1
-1
40 16872
40 16872
-1
40 16906
43 16753
43 16753
-1
34 16320
-1
-1
-1
29 16676
-1
-1
-1
28 16787
28 16787
-1
-1
29 16874
-1
29 16041
30 16277
32 16271
32 16271
-1
33 16319
-1
36 16368
37 16833
-1
-1
36 16657
-1
34 16408
34 16408
34 16459
33 16550
32 16880
-1
32 16880
32 16880
-1
31 16819
31 16819
-1
31 16949
-1
-1
31 16550
31 16869
-1
32 16302
32 16388
32 16759
33 16730
-1
33 16686
33 16686
34 16504
-1
-1
-1
34 16790
32 16707
-1
33 16863
-1
33 16863
-1
-1
34 16245
35 16759
36 16647
36 16647
36 16647
-1
-1
34 16747
34 16331
-1
35 16285
-1
-1
35 16859
35 16728
-1
-1
-1
-1
-1
-1
-1
34 16601
-1
-1
-1
-1
-1
37 16784
-1
-1
34 16222
-1
33 16584
-1
-1
-1
-1
28 16872
28 16872
28 16872
30 16767
31 16489
31 16489
-1
30 16378
30 16378
-1
31 16804
30 16322
-1
31 16435
31 16435
-1
32 16765
-1
-1
-1
-1
-1
33 16085
-1
33 16085
-1
31 16308
28 16385
-1
29 16435
-1
-1
30 16749
30 16956
29 16918
29 16641
29 16641
-1
-1
30 16774
-1
-1
-1
36 16917
36 16319
36 16319
-1
-1
-1
39 16581
38 16200
37 16741
-1
33 16888
-1
32 16517
-1
-1
-1
32 16837
32 16386
32 16189
33 16669
-1
33 16196
33 16196
-1
36 16471
35 16811
-1
35 16892
-1
-1
-1
-1
-1
-1
30 16804
28 16288
29 16571
-1
-1
-1
29 16681
-1
35 16943
-1
36 16359
-1
-1
35 16741
-1
35 16184
36 16740
-1
-1
-1
-1
-1
34 16026
-1
31 16448
-1
-1
-1
35 16704
37 16708
-1
37 16919
-1
-1
38 16359
38 16571
-1
38 16624
-1
-1
-1
-1
-1
29 16458
29 16458
31 16480
-1
-1
-1
33 16893
-1
35 16919
35 16919
-1
40 16823
-1
-1
-1
-1
38 16641
-1
-1
-1
-1
-1
-1
29 16442
31 16899
-1
-1
-1
-1
30 15971
30 15971
31 16451
34 16672
34 16672
-1
-1
33 16790
34 16541
35 16922
35 16922
34 16837
34 16459
-1
32 16676
33 16822
-1
-1
-1
-1
-1
32 16918
-1
31 16840
-1
30 16683
30 16683
-1
-1
30 16803
-1
32 16714
-1
-1
30 16502
32 16305
-1
-1
-1
-1
34 16911
33 16857
33 16857
-1
32 16809
-1
-1
32 16894
32 16894
32 16561
-1
32 16561
-1
32 16561
33 16524
34 16790
-1
34 16790
-1
-1
-1
35 16704
-1
34 16899
-1
-1
35 16336
35 16336
-1
-1
37 16572
36 16570
36 16783
-1
-1
-1
-1
-1
32 16772
31 16627
-1
-1
-1
-1
-1
29 16939
-1
-1
-1
27 16502
27 16502
27 16486
27 16208
-1
-1
-1
-1
-1
-1
31 16929
31 16929
-1
32 16858
35 16717
36 16928
-1
-1
-1
39 16535
-1
39 16535
-1
-1
41 16770
-1
-1
43 16909
37 16810
37 16382
-1
37 16833
36 16616
37 16950
38 16827
39 16929
33 16536
31 16654
-1
36 16689
36 16741
35 16340
38 16862
34 16921
-1
-1
-1
-1
-1
-1
-1
33 16924
-1
-1
35 16854
36 16689
-1
37 16810
-1
37 16746
-1
-1
-1
37 16598
36 16589
36 16550
-1
-1
-1
-1
34 16711
34 16711
33 16698
-1
33 16639
-1
31 16496
-1
30 16707
30 16885
-1
31 16880
27 16127
-1
-1
28 16642
28 16642
29 16884
29 16884
27 16710
-1
-1
28 16529
-1
-1
30 16591
30 16591
-1
31 16594
-1
-1
-1
33 16940
33 16940
33 16940
-1
31 16453
-1
32 16850
-1
-1
-1
-1
32 16717
32 16717
-1
33 16887
-1
34 16665
-1
-1
-1
30 16893
30 16876
30 16759
-1
-1
29 16611
-1
28 16283
-1
-1
-1
-1
30 16402
-1
31 16638
32 16546
-1
33 16900
-1
-1
-1
32 16257
34 16287
-1
-1
-1
35 16753
-1
35 16753
-1
-1
-1
35 16753
-1
-1
34 16924
-1
32 16252
30 16898
28 16724
27 16084
-1
28 16694
32 16516
-1
33 16924
33 16774
-1
-1
-1
-1
-1
-1
-1
-1
-1
-1
-1
38 16791
38 16617
37 16546
-1
37 16954
36 16879
-1
34 16271
-1
33 16512
34 16869
34 16869
31 16635
-1
-1
33 16787
34 16874
34 16732
-1
-1
34 16758
33 16774
-1
-1
35 16936
36 16781
37 16923
-1
-1
38 16901
-1
-1
-1
36 16742
-1
-1
34 16807
-1
30 16079
-1
34 16780
35 16911
36 16919
33 16867
-1
-1
34 16373
34 16373
-1
-1
36 16867
-1
-1
-1
37 16808
-1
-1
33 16682
33 16682
33 16931
-1
-1
33 16590
-1
36 16881
36 16881
-1
-1
-1
-1
35 16251
35 16892
-1
-1
31 16445
-1
30 16924
31 16681
31 16639
-1
32 16954
-1
-1
31 16948
31 16948
-1
29 16727
-1
29 16727
-1
-1
-1
-1
-1
30 16825
28 16530
-1
-1
28 16952
31 16711
-1
-1
-1
32 16427
-1
-1
-1
36 16810
36 16429
-1
-1
39 16320
40 16345
-1
-1
-1
-1
-1
37 16368
-1
-1
36 16656
-1
36 16806
-1
-1
33 16596
-1
-1
-1
-1
-1
-1
29 16543
29 16543
30 16646
-1
31 16825
-1
31 16453
32 16485
33 16775
-1
-1
-1
36 16726
36 16726
37 16956
-1
37 16905
34 16399
-1
-1
-1
-1
37 16767
37 16767
-1
38 16671
38 16671
-1
-1
-1
-1
-1
39 16798
-1
35 16344
35 16344
36 16739
33 16809
33 16809
35 16502
-1
-1
34 16242
-1
31 16592
31 16396
-1
27 16924
-1
-1
27 15973
28 16892
28 16055
-1
30 16265
-1
31 16462
-1
33 16588
-1
-1
34 16754
33 16667
-1
-1
-1
-1
33 16596
-1
33 16539
32 16504
-1
-1
-1
-1
-1
32 16443
-1
-1
-1
-1
-1
-1
33 16172
33 16006
33 16006
-1
-1
35 16943
-1
-1
-1
37 16557
-1
36 16185
-1
-1
-1
-1
-1
37 16787
36 16653
-1
-1
36 16949
34 16318
-1
32 16321
-1
34 16254
35 16808
35 16432
35 16432
-1
36 16604
33 16929
-1
-1
34 16901
35 16813
35 16860
-1
-1
32 16293
32 16791
-1
-1
-1
-1
-1
32 16548
33 16953
32 16748
32 16500
-1
30 16876
31 16905
-1
34 16069
34 16069
36 16769
36 16769
-1
-1
34 16766
34 16564
-1
35 16584
-1
-1
-1
35 16859
37 16826
33 16756
-1
32 16280
-1
-1
32 16769
29 16923
-1
-1
29 16679
29 16679
-1
-1
-1
32 16217
32 16217
33 16644
-1
-1
35 16334
-1
35 16426
-1
35 16796
-1
-1
29 16426
29 16426
27 16793
-1
-1
-1
29 16548
30 16654
29 16078
29 16078
-1
-1
-1
29 16351
30 16452
-1
30 16744
-1
-1
-1
-1
29 16407
-1
-1
31 16739
-1
29 16848
29 16683
-1
-1
29 16726
30 16116
30 16116
30 16116
-1
-1
33 16710
-1
33 16710
-1
36 16361
-1
36 16769
-1
-1
36 16769
40 16805
-1
-1
41 16839
40 16695
-1
-1
39 16469
41 16845
-1
34 16335
-1
-1
-1
35 16727
36 16934
-1
-1
-1
-1
-1
32 16554
29 16738
-1
29 16262
-1
-1
31 16931
30 16559
-1
30 16559
-1
30 16104
-1
31 16848
-1
-1
32 16570
32 16570
-1
34 16694
-1
33 16879
-1
-1
-1
-1
-1
-1
-1
33 16734
-1
31 16882
31 16879
-1
-1
34 16835
-1
-1
34 16674
34 16674
34 16957
33 16417
-1
-1
29 16008
-1
-1
31 16644
31 16453
-1
-1
-1
-1
-1
-1
-1
31 16554
32 16673
-1
31 16955
-1
31 16784
-1
-1
-1
34 16655
-1
-1
34 16874
-1
34 16529
-1
-1
33 16318
33 16318
-1
33 16770
-1
-1
31 16909
-1
-1
-1
-1
-1
32 16176
33 16634
32 16204
-1
33 16945
-1
-1
30 16870
-1
-1
29 16801
29 16801
-1
31 16534
30 16419
-1
34 16723
-1
35 16897
-1
-1
-1
-1
-1
40 16867
-1
43 16347
43 16843
44 16931
44 16931
44 16931
44 16931
44 16931
-1
-1
-1
37 16788
-1
31 16357
-1
-1
-1
29 16910
26 16652
-1
31 16840
31 16840
-1
-1
35 16398
36 16433
-1
-1
37 16945
-1
37 16743
-1
38 16797
38 16797
37 16702
-1
35 16798
36 16940
31 16731
-1
29 16559
-1
-1
32 16221
-1
-1
-1
32 16309
32 16309
-1
33 16646
-1
-1
-1
30 16674
29 16353
29 16390
-1
-1
30 16714
28 16703
28 16703
28 16321
-1
-1
-1
-1
-1
31 16300
32 16899
-1
31 16898
-1
-1
-1
31 16449
-1
-1
31 16448
-1
-1
-1
-1
30 16763
-1
30 16789
-1
30 16569
-1
-1
-1
28 16576
-1
-1
-1
-1
33 16598
-1
-1
-1
30 16733
-1
-1
29 16076
31 16878
-1
31 16700
-1
-1
31 16438
32 16365
32 16365
-1
-1
31 16851
32 16953
29 16553
30 16561
28 16248
-1
-1
31 16928
-1
-1
30 16454
-1
29 16544
-1
-1
-1
30 16376
31 16704
-1
30 16479
-1
31 16831
-1
-1
33 16662
-1
-1
-1
33 16324
-1
-1
-1
-1
-1
31 16415
32 16358
-1
-1
34 16904
34 16382
37 16661
-1
37 16661
37 16462
37 16954
37 16396
-1
-1
37 16396
36 16920
-1
34 16559
-1
-1
33 16547
33 16900
-1
-1
-1
-1
-1
-1
35 16770
35 16671
-1
35 16947
-1
33 16777
-1
32 16873
-1
31 16813
-1
32 16813
-1
-1
28 16442
31 16540
-1
32 16761
32 16848
-1
32 16217
-1
-1
-1
-1
34 16637
34 16644
-1
-1
31 16781
31 16781
-1
-1
31 16689
-1
-1
-1
-1
29 16185
-1
-1
33 16887
33 16352
-1
33 16561
-1
-1
32 16578
-1
33 16794
32 16126
-1
32 16578
-1
32 16578
-1
-1
29 16544
33 16102
-1
-1
-1
-1
-1
-1
38 16344
-1
37 16939
-1
36 16781
-1
36 16187
35 16823
-1
-1
34 16895
-1
35 16410
-1
36 16614
-1
35 16657
35 16579
34 16111
-1
-1
-1
-1
-1
36 16490
35 16097
-1
-1
-1
-1
-1
29 16329
29 16420
31 16683
-1
-1
32 16691
33 16898
34 16948
35 16870
-1
-1
34 16917
34 16917
37 16213
39 16447
-1
-1
39 16531
-1
-1
-1
-1
-1
37 16945
-1
-1
-1
-1
-1
38 16910
-1
-1
-1
-1
-1
-1
37 16786
-1
36 16532
-1
38 16897
-1
35 16664
34 16598
-1
-1
35 16889
-1
-1
-1
-1
35 16363
-1
-1
-1
37 16819
37 16819
37 16819
-1
37 16257
-1
-1
-1
-1
41 16473
-1
-1
-1
40 16386
-1
-1
41 16593
-1
-1
-1
40 16594
-1
-1
34 16345
-1
-1
-1
-1
29 16474
-1
29 16506
-1
-1
-1
33 16941
-1
30 16888
30 16888
30 16888
-1
-1
30 16933
30 16933
-1
-1
28 16429
-1
-1
29 16874
-1
-1
29 16181
31 16949
31 16949
-1
31 16949
-1
31 16849
-1
31 16184
32 16523
31 16653
-1
-1
-1
31 16215
-1
-1
30 16306
-1
31 16596
33 16803
-1
-1
40 16351
-1
40 16321
-1
-1
-1
39 16924
39 16924
39 16271
-1
-1
-1
-1
42 16657
-1
-1
-1
-1
-1
-1
-1
35 16079
35 16079
-1
32 16932
-1
32 16577
-1
35 16863
35 16902
-1
33 16540
-1
-1
-1
28 16826
29 16754
-1
30 16827
-1
-1
31 16745
31 16893
30 16515
-1
-1
-1
-1
-1
30 16438
30 16438
-1
-1
-1
30 16604
-1
30 16649
-1
-1
-1
-1
-1
-1
-1
-1
34 16180
35 16722
-1
-1
-1
35 16532
36 16686
-1
36 16729
-1
-1
-1
-1
-1
36 16574
37 16833
37 16833
37 16910
-1
35 16930
-1
30 16939
-1
-1
-1
-1
26 16512
27 16703
27 16703
28 16679
-1
-1
-1
-1
-1
-1
-1
34 16935
-1
-1
35 16946
35 16194
35 16852
-1
-1
-1
-1
-1
-1
35 16634
-1
-1
-1
-1
-1
-1
-1
-1
-1
-1
31 16637
31 16637
31 16637
-1
-1
33 16906
-1
-1
33 16817
-1
-1
-1
-1
-1
28 16851
29 16859
-1
-1
29 16802
-1
-1
29 16211
29 16211
-1
-1
30 16780
-1
-1
-1
30 16478
-1
-1
33 16165
34 16854
-1
34 16447
-1
35 16795
35 16795
34 16874
-1
-1
-1
-1
34 16543
35 16858
35 16858
-1
-1
-1
-1
32 16888
31 16585
31 16384
-1
-1
-1
-1
31 16746
30 16838
30 16838
-1
31 16597
32 16728
-1
33 16926
33 16396
-1
-1
-1
-1
-1
-1
-1
-1
-1
37 16767
-1
-1
35 16229
-1
33 16658
30 16141
-1
-1
-1
-1
-1
-1
-1
-1
33 16938
-1
-1
34 16364
34 16364
34 16888
34 16888
-1
-1
-1
32 16785
-1
-1
28 16814
-1
27 16021
29 16919
-1
-1
29 16295
29 16295
30 16262
-1
33 16940
33 16313
-1
32 16809
30 16837
-1
-1
31 16886
-1
31 16886
-1
-1
28 16362
-1
-1
-1
-1
35 16648
-1
35 16746
-1
34 16865
-1
34 16679
-1
-1
-1
-1
-1
-1
-1
-1
32 16804
32 16825
29 16723
-1
-1
-1
-1
-1
-1
33 16455
33 16455
34 16752
35 16640
35 16629
35 16629
-1
35 16760
36 16749
-1
-1
32 16414
32 16414
32 16414
-1
33 16556
34 16945
-1
-1
29 16359
31 16932
-1
-1
-1
-1
29 16237
-1
-1
30 16645
32 16489
32 16489
32 16384
-1
-1
-1
-1
-1
30 16611
-1
-1
-1
31 16915
-1
-1
-1
-1
-1
30 16586
-1
-1
-1
34 16696
-1
-1
-1
-1
-1
-1
-1
-1
-1
38 16932
-1
38 16643
-1
-1
36 16550
39 16911
-1
39 16911
-1
-1
-1
40 16940
-1
-1
36 16248
-1
-1
-1
-1
35 16862
35 16439
36 16565
36 16565
-1
36 16115
-1
-1
-1
38 16872
-1
32 16392
32 16435
32 16435
32 16432
29 16694
-1
-1
-1
30 16492
-1
-1
31 16772
-1
-1
-1
31 16274
-1
31 16274
-1
-1
-1
-1
-1
-1
-1
-1
-1
-1
34 16698
-1
34 16836
-1
-1
-1
-1
34 16953
34 16953
-1
34 16472
35 16932
37 16930
38 16861
-1
37 16577
-1
-1
32 16544
32 16794
-1
-1
-1
-1
-1
-1
33 16904
-1
-1
-1
-1
31 16673
-1
-1
-1
-1
28 16585
-1
33 16789
-1
36 16898
36 16579
-1
37 16402
-1
-1
-1
37 16204
-1
40 16842
36 16704
-1
31 16802
-1
-1
-1
31 16514
-1
-1
-1
-1
34 16696
-1
36 16789
37 16930
-1
-1
36 16859
-1
-1
30 16112
-1
30 16112
-1
31 16926
-1
-1
30 16668
-1
-1
29 16903
30 16809
-1
31 16887
30 16719
29 16328
29 16328
29 16328
-1
28 16929
28 16886
-1
25 16937
-1
-1
-1
26 16858
26 16858
-1
28 16669
-1
31 16062
32 16549
-1
-1
-1
36 16490
37 16448
-1
-1
-1
36 16657
-1
-1
-1
-1
38 16841
-1
-1
-1
34 16737
34 16473
36 16771
-1
-1
32 16335
-1
34 16495
32 16550
32 16550
33 16826
-1
33 16764
33 16764
31 16915
29 16846
-1
29 16406
29 16530
29 16398
-1
-1
-1
-1
-1
-1
-1
-1
36 16897
-1
35 16747
35 16747
-1
36 16673
36 16673
36 16782
-1
-1
-1
34 16490
-1
-1
-1
36 16892
35 16636
-1
-1
-1
-1
-1
-1
-1
-1
32 16543
-1
30 16717
30 16755
-1
-1
31 16699
-1
31 16884
-1
31 16788
31 16788
31 16788
-1
-1
28 16341
-1
-1
-1
-1
-1
-1
-1
-1
33 16949
-1
-1
33 16669
-1
-1
32 16665
-1
-1
-1
31 16350
31 16350
-1
30 16493
30 16493
31 16933
-1
-1
31 16846
-1
-1
-1
-1
-1
28 16388
-1
30 16727
29 16833
-1
-1
29 16766
-1
-1
-1
28 16190
29 16680
29 16855
-1
31 16634
-1
31 16473
31 16473
31 16473
32 16905
-1
30 16407
-1
30 16407
-1
-1
-1
-1
-1
35 16849
35 16849
35 16932
36 16949
-1
-1
-1
-1
-1
-1
36 16398
35 16796
-1
34 16765
32 16402
-1
-1
-1
-1
33 16532
-1
-1
-1
-1
-1
-1
35 16652
35 16652
36 16894
33 16559
-1
-1
-1
35 16782
-1
-1
31 16404
-1
31 16527
-1
-1
-1
-1
-1
33 16466
33 16468
-1
-1
-1
-1
36 16792
37 16817
37 16817
-1
-1
39 16951
-1
-1
36 16149
-1
-1
36 16657
-1
33 16164
-1
-1
-1
-1
-1
35 16426
34 16168
-1
-1
34 16735
-1
-1
36 16208
-1
35 16603
-1
-1
34 16876
-1
-1
33 16407
-1
30 16571
-1
31 16913
-1
31 16913
-1
-1
-1
-1
33 16558
33 16177
-1
-1
-1
32 16445
34 16943
34 16943
-1
33 16137
34 16685
34 16286
35 16938
-1
37 16892
39 16946
39 16423
-1
40 16133
-1
-1
42 16840
35 16643
32 16450
-1
32 16711
-1
31 16442
-1
33 16911
33 16911
35 16937
36 16625
36 16625
37 16543
-1
-1
-1
-1
35 16927
-1
-1
-1
-1
-1
30 16302
-1
-1
30 16302
-1
-1
27 16720
27 16720
-1
28 16889
28 16810
-1
28 16223
-1
-1
-1
-1
30 16860
32 16935
-1
32 16935
-1
-1
-1
-1
-1
-1
-1
-1
35 16702
32 16862
-1
-1
32 16876
-1
-1
-1
31 16904
-1
-1
-1
30 16935
-1
31 16233
-1
33 16956
32 16640
-1
33 16322
-1
34 16284
30 16137
-1
29 16162
30 16180
-1
31 16399
33 16881
33 16881
-1
33 16272
36 16856
38 16920
37 16620
38 16508
-1
39 16339
-1
36 16625
36 16625
-1
36 16848
-1
-1
33 16957
33 16257
35 16874
-1
33 16828
-1
34 16746
-1
-1
-1
35 16601
-1
35 16601
-1
37 16925
-1
-1
36 16612
36 16578
36 16394
36 16903
-1
34 16889
-1
33 16681
32 16279
-1
-1
-1
-1
-1
-1
30 16920
30 16708
-1
30 16857
27 16527
28 16880
-1
25 16112
27 16846
27 16846
-1
-1
-1
-1
-1
-1
-1
31 16389
-1
-1
-1
33 16534
-1
-1
-1
-1
-1
-1
-1
35 16427
-1
34 16720
33 16878
32 16848
31 16536
31 16276
31 16276
32 16461
32 16461
32 16235
35 16799
-1
37 16827
36 16591
-1
-1
-1
37 16811
37 16909
-1
-1
-1
-1
-1
34 16739
33 16841
34 16705
-1
-1
34 16853
34 16853
-1
34 16560
34 16560
34 16748
-1
-1
33 16681
-1
-1
34 16622
34 16622
34 16777
-1
33 16814
-1
31 16544
-1
-1
-1
33 16678
-1
-1
34 16808
33 16601
-1
-1
34 16496
-1
36 16912
-1
34 16851
34 16851
-1
34 16699
-1
31 16362
31 16930
-1
33 16601
36 16718
35 16603
35 16260
35 16260
35 16260
-1
-1
-1
35 16825
32 16346
-1
-1
-1
33 16857
33 16857
-1
-1
-1
35 16810
-1
-1
-1
34 16510
36 16685
-1
34 16501
-1
-1
-1
-1
39 16377
42 16936
-1
40 16666
38 16312
-1
-1
38 16676
36 16646
-1
-1
36 16954
33 16639
33 16639
-1
-1
-1
-1
-1
26 16710
-1
-1
25 16178
-1
-1
32 16708
-1
33 16895
-1
33 16671
33 16671
-1
-1
-1
-1
33 16679
35 16396
-1
33 16315
-1
-1
-1
-1
35 16556
-1
35 16916
36 16718
36 16718
-1
-1
-1
-1
-1
34 16348
34 16348
34 16846
-1
-1
-1
-1
-1
29 16355
-1
-1
30 16455
33 16898
-1
-1
-1
-1
-1
35 16883
-1
35 16849
30 16418
-1
-1
30 16126
-1
-1
-1
-1
-1
-1
-1
-1
-1
30 16320
-1
-1
-1
35 16843
35 16702
-1
34 16915
-1
35 16323
35 16323
-1
-1
36 16555
35 16355
-1
-1
-1
36 16682
36 16682
-1
-1
40 16954
-1
40 16786
-1
-1
-1
-1
-1
-1
-1
-1
-1
38 16819
-1
38 16711
-1
-1
36 16734
38 16565
37 16582
-1
-1
-1
-1
30 16433
-1
-1
28 16865
-1
-1
26 16288
28 16415
28 16415
28 16171
28 16171
-1
-1
-1
-1
-1
33 16557
34 16582
-1
-1
34 16241
-1
34 16519
34 16826
34 16826
-1
34 16121
-1
35 16580
38 16881
-1
37 16725
-1
-1
-1
-1
36 16908
-1
36 16908
36 16781
36 16781
35 16348
-1
-1
-1
-1
34 16890
-1
-1
-1
-1
-1
-1
-1
-1
-1
-1
-1
32 16847
-1
33 16566
-1
31 16922
-1
31 16922
31 16421
31 16421
-1
-1
-1
-1
-1
34 16866
34 16866
-1
34 16644
36 16807
-1
-1
-1
32 16377
-1
30 16699
-1
-1
-1
-1
-1
32 16557
-1
33 16753
33 16753
-1
-1
-1
36 16768
-1
-1
35 16737
33 16629
33 16014
-1
-1
-1
34 16922
-1
-1
33 16225
-1
-1
33 16950
-1
-1
-1
30 16307
30 16307
-1
32 16761
-1
33 16874
33 16874
-1
-1
-1
-1
-1
-1
30 16908
-1
-1
27 16641
27 16641
30 16736
-1
31 16885
32 16761
32 16783
-1
-1
-1
33 16767
32 16721
31 16892
30 16458
-1
31 16663
-1
33 16752
-1
37 16927
-1
-1
-1
38 16715
-1
-1
34 16529
-1
-1
-1
-1
-1
-1
34 16734
-1
36 16936
35 16722
35 16066
-1
-1
38 16834
-1
37 16735
37 16735
37 16746
38 16283
39 16705
-1
-1
36 16757
-1
29 16645
29 16199
32 16756
-1
-1
-1
30 16573
-1
30 16199
29 15989
-1
31 16892
31 16797
31 16797
31 16917
-1
31 16944
-1
-1
-1
35 16405
-1
-1
-1
34 16227
-1
-1
-1
34 16458
-1
-1
34 16903
-1
34 16855
34 16855
-1
-1
-1
-1
34 16584
35 16773
35 16773
-1
-1
-1
-1
-1
-1
-1
-1
-1
-1
35 16639
-1
-1
-1
-1
-1
-1
-1
-1
-1
-1
-1
31 16809
-1
32 16896
-1
35 16156
-1
-1
38 16225
-1
-1
40 16834
39 16712
38 16690
-1
-1
39 16295
39 16921
37 16255
-1
36 16780
36 16635
36 16635
-1
-1
36 16890
33 16670
33 16670
33 16863
32 16006
33 16743
-1
-1
32 16889
-1
30 16761
-1
31 16453
-1
-1
-1
32 16950
-1
-1
-1
32 16296
-1
32 16403
-1
-1
-1
33 16878
-1
-1
32 16804
-1
31 16850
31 16764
-1
30 16712
-1
32 16950
30 16838
-1
30 16838
-1
-1
-1
-1
-1
-1
29 16076
30 16749
-1
-1
-1
-1
-1
31 16857
31 16857
-1
-1
-1
34 16244
-1
-1
-1
-1
36 16457
38 16790
38 16790
-1
37 16949
35 16929
-1
-1
33 16787
33 16787
-1
30 16529
-1
31 16482
31 16482
-1
-1
-1
32 16888
-1
32 16767
30 16174
30 16174
-1
-1
31 16835
-1
-1
-1
29 16336
32 16471
31 16902
-1
-1
-1
-1
-1
29 16594
31 16669
31 16669
-1
-1
-1
-1
-1
-1
-1
-1
-1
-1
-1
-1
33 16674
-1
33 16674
33 16798
34 16617
-1
34 16694
35 16876
-1
-1
-1
-1
-1
-1
-1
33 16515
-1
-1
35 16288
35 16886
33 16204
34 16707
34 16707
31 16535
-1
32 16791
-1
31 16451
-1
32 16797
32 16797
31 16904
-1
30 16610
30 16610
33 16951
33 16951
-1
-1
-1
-1
-1
-1
28 16741
28 16741
-1
-1
-1
25 16078
-1
-1
24 16681
24 16681
28 16200
36 16840
36 16840
36 16840
-1
36 16901
36 16901
-1
-1
35 16805
34 16810
-1
-1
34 16404
37 16615
-1
37 16615
37 16615
-1
39 16940
37 16631
-1
-1
35 16096
-1
-1
35 16834
35 16834
36 16839
-1
38 16702
-1
-1
-1
-1
-1
-1
-1
35 16410
-1
-1
-1
-1
-1
35 16582
36 16923
35 16671
35 16671
-1
35 16406
36 16865
36 16865
-1
-1
-1
33 16058
34 16937
-1
-1
34 16529
32 16355
32 16355
32 16355
29 16865
-1
-1
-1
28 16662
-1
-1
31 16158
-1
32 16770
-1
31 16353
-1
32 16592
33 16810
-1
-1
-1
-1
-1
33 16519
32 16741
32 16741
31 16733
-1
28 16941
-1
-1
26 16932
25 16060
27 16451
-1
-1
-1
29 16624
-1
31 16951
31 16951
-1
-1
31 16767
31 16233
-1
-1
34 16670
-1
-1
35 16841
35 16841
-1
33 16934
-1
-1
-1
-1
-1
33 16911
33 16911
31 16712
-1
28 16431
-1
-1
35 16138
-1
36 16720
36 16720
-1
-1
37 16424
36 16848
35 16866
-1
34 16883
35 16930
-1
33 16619
-1
-1
28 16744
-1
-1
-1
-1
-1
-1
-1
-1
-1
-1
30 16903
30 16714
30 16714
30 16714
30 16714
28 16456
-1
28 16456
28 16278
-1
-1
-1
31 16331
30 16355
30 16565
-1
-1
-1
29 16597
-1
33 16644
32 16481
33 16893
-1
-1
-1
-1
-1
33 16378
-1
34 16665
37 16862
37 16928
-1
-1
38 16712
38 16863
37 16535
-1
36 16129
-1
38 16865
-1
-1
-1
39 16880
38 16903
-1
-1
-1
36 16777
-1
-1
-1
-1
-1
36 16822
-1
32 16115
-1
-1
-1
33 16463
-1
33 16447
-1
34 16648
34 16648
-1
34 16241
34 16241
-1
-1
33 16893
33 16893
32 16862
-1
-1
-1
-1
34 16849
35 16937
-1
-1
32 16321
-1
32 16887
-1
32 16650
32 16650
31 16811
29 16799
-1
-1
-1
27 16398
28 16752
-1
28 16752
-1
-1
29 16141
-1
29 16141
-1
-1
32 16852
-1
34 16782
34 16782
-1
-1
-1
-1
36 16292
-1
38 16943
36 16932
-1
35 16069
-1
-1
38 16931
36 16742
-1
37 16652
38 16949
-1
-1
-1
34 16634
-1
-1
-1
33 16576
31 16634
31 16634
32 16927
34 16630
-1
-1
32 16351
31 16758
-1
31 16260
-1
-1
31 16724
-1
-1
-1
-1
-1
31 16719
-1
-1
30 16217
-1
30 16217
-1
-1
-1
30 16814
-1
30 16814
-1
27 16127
-1
-1
-1
29 16682
28 16722
-1
29 16929
30 16514
-1
30 16670
-1
-1
30 16482
-1
30 16313
30 16313
30 16787
-1
-1
31 16491
-1
36 16310
-1
-1
-1
-1
-1
-1
-1
38 16917
38 16429
-1
-1
43 16903
-1
43 16903
42 16767
42 16392
-1
43 16592
43 16234
-1
38 16788
38 16770
38 16770
-1
-1
-1
-1
-1
-1
34 16731
-1
-1
-1
-1
-1
-1
-1
-1
-1
-1
-1
-1
-1
-1
-1
-1
37 16620
39 16926
-1
-1
39 16845
-1
-1
-1
38 16266
40 16871
-1
-1
-1
33 16506
-1
-1
-1
30 16628
34 16793
34 16793
-1
-1
-1
-1
-1
-1
-1
-1
36 16931
35 16893
-1
-1
-1
-1
34 16904
-1
-1
34 16881
32 16834
-1
-1
-1
34 16797
-1
32 16360
-1
32 16859
-1
-1
-1
31 16387
-1
-1
32 16733
33 16943
-1
-1
-1
32 16893
-1
-1
-1
32 16818
32 16889
31 16697
-1
31 16842
31 16849
33 16803
33 16803
33 16808
33 16808
-1
-1
34 16606
-1
33 16331
33 16331
-1
35 16722
-1
-1
-1
-1
29 16794
29 16794
-1
27 16271
-1
-1
-1
-1
30 16512
-1
-1
32 16115
33 16787
-1
35 16659
-1
-1
-1
-1
-1
35 16456
35 16376
36 16832
34 16826
34 16826
-1
33 16796
-1
34 16881
-1
33 16587
-1
34 16842
33 16532
-1
34 16801
35 16772
-1
34 16879
30 16666
-1
30 16371
-1
-1
-1
33 16551
-1
34 16933
33 16110
33 16110
33 16110
-1
-1
33 16301
33 16301
33 16301
-1
34 16829
-1
-1
-1
33 16937
-1
-1
35 16216
-1
-1
34 16712
-1
34 16712
-1
-1
-1
-1
-1
-1
-1
-1
-1
-1
-1
33 16260
-1
-1
-1
-1
-1
35 16891
-1
-1
-1
-1
36 16694
-1
36 16883
37 16721
-1
-1
-1
-1
-1
33 16311
32 16436
35 16933
35 16933
-1
-1
33 16615
-1
-1
-1
-1
-1
29 16374
-1
29 16786
-1
-1
-1
-1
-1
-1
30 16244
-1
33 16763
33 16763
-1
33 16949
-1
-1
35 16863
35 16863
36 16592
-1
-1
31 16948
31 16067
32 16579
32 16846
-1
-1
-1
-1
-1
35 16389
35 16093
35 16093
-1
-1
-1
-1
-1
-1
27 16211
-1
28 16805
-1
-1
29 16731
-1
31 16739
-1
-1
31 16942
31 16792
-1
29 16829
-1
-1
30 16850
-1
-1
26 16930
-1
-1
26 16737
28 16247
29 16406
-1
-1
-1
32 16763
-1
31 16356
37 16632
-1
37 16898
34 16341
37 16362
-1
-1
38 16768
35 16879
-1
-1
35 16548
33 16702
-1
33 16702
-1
30 16409
31 16781
-1
-1
-1
33 16876
-1
33 16791
-1
-1
-1
40 16933
-1
40 16951
35 16776
35 16776
-1
-1
-1
-1
33 16376
34 16762
-1
-1
-1
-1
-1
-1
-1
-1
-1
-1
33 16573
35 16641
-1
-1
-1
35 16866
35 16137
36 16911
39 16906
37 16901
-1
-1
35 16273
-1
-1
31 16326
-1
-1
30 16764
-1
-1
32 16801
32 16727
32 16727
30 16573
-1
-1
31 16659
-1
36 16780
37 16678
-1
37 16678
-1
35 16732
-1
-1
-1
38 16680
-1
-1
-1
36 16859
-1
-1
-1
-1
-1
-1
33 16054
-1
-1
-1
34 16649
34 16784
-1
-1
-1
-1
36 16360
-1
32 16518
32 16634
-1
-1
34 16945
-1
-1
-1
-1
-1
35 16505
33 16327
-1
-1
34 16417
-1
-1
-1
-1
-1
-1
-1
-1
34 16642
-1
32 16701
32 16858
31 16866
-1
-1
-1
-1
29 16477
-1
-1
33 16336
-1
35 16707
-1
35 16549
-1
34 16870
33 16260
-1
-1
-1
-1
37 16533
-1
37 16639
38 16761
-1
-1
-1
-1
-1
35 16900
-1
-1
34 16926
32 16388
-1
31 16673
-1
-1
33 16907
-1
34 16903
-1
-1
35 16775
34 16523
-1
-1
35 16193
35 16193
36 16427
-1
37 16705
-1
-1
-1
-1
33 16296
-1
-1
-1
35 16954
-1
-1
-1
-1
-1
-1
36 16438
35 16821
35 16821
31 16915
29 16597
-1
-1
-1
29 16342
-1
29 16811
29 16224
-1
-1
27 16397
-1
-1
29 16889
-1
-1
29 16750
-1
30 16612
31 16406
-1
-1
-1
32 16884
-1
-1
-1
-1
-1
32 16882
-1
-1
33 16683
-1
-1
34 16548
-1
35 16385
35 16385
35 16789
-1
-1
-1
-1
-1
-1
-1
-1
-1
-1
34 16755
-1
-1
30 16610
32 16863
32 16897
-1
-1
32 16897
-1
-1
-1
-1
-1
-1
-1
-1
30 16431
-1
29 16208
-1
-1
31 16414
31 16414
31 16414
-1
32 16322
33 16532
33 16532
31 16802
32 16918
-1
-1
32 16918
-1
-1
33 16385
-1
-1
-1
34 16936
34 16936
34 16936
-1
34 16936
-1
-1
31 16588
31 16588
31 16538
-1
30 16885
-1
-1
-1
-1
27 16947
29 16741
-1
-1
28 16098
-1
29 16604
-1
-1
-1
35 16823
-1
-1
37 16800
37 16800
-1
33 16425
34 16695
-1
34 16707
-1
-1
36 16846
-1
33 16786
31 16639
-1
-1
-1
-1
26 16880
25 16569
27 16732
-1
-1
-1
27 16916
26 16695
-1
-1
26 16695
-1
26 16663
26 16304
26 16304
26 16304
29 16737
-1
29 16737
29 16737
-1
-1
30 16374
-1
-1
-1
-1
-1
31 16864
31 16864
-1
31 16933
-1
33 16957
-1
-1
32 16105
-1
34 16514
-1
-1
33 16243
-1
33 16243
-1
-1
-1
-1
-1
-1
31 16922
-1
-1
-1
31 16661
-1
-1
-1
-1
35 16600
-1
-1
34 16283
-1
-1
31 16214
32 16886
32 16886
26 16525
-1
27 16698
27 16524
-1
28 16656
-1
-1
-1
-1
29 16586
-1
-1
-1
-1
31 16523
-1
-1
-1
-1
31 16689
-1
34 16355
-1
36 16943
37 16878
-1
-1
-1
-1
-1
-1
-1
-1
37 16539
-1
35 16783
33 16770
33 16770
33 16770
-1
33 16631
-1
-1
33 16668
-1
-1
32 16322
33 16485
33 16485
33 16485
-1
-1
34 16850
34 16630
-1
-1
-1
31 16589
-1
32 16234
-1
33 16822
33 16822
30 16153
-1
30 16685
-1
29 16082
33 16678
-1
38 16890
34 16419
-1
36 16873
-1
-1
-1
-1
40 16898
-1
-1
-1
40 16910
-1
-1
-1
36 16064
-1
-1
-1
34 16737
30 16665
32 16733
-1
-1
36 16442
37 16953
-1
-1
39 16747
39 16747
-1
-1
-1
-1
38 16606
-1
-1
-1
40 16682
41 16858
41 16915
-1
41 16915
36 16812
34 16831
31 16817
-1
-1
-1
32 16826
32 16629
-1
-1
-1
-1
-1
-1
37 16955
38 16894
-1
38 16075
-1
-1
-1
41 16236
41 16693
-1
-1
-1
-1
-1
-1
-1
29 16329
-1
32 16940
32 16940
-1
-1
-1
-1
-1
-1
35 16544
38 16926
-1
-1
-1
38 16418
-1
-1
-1
-1
-1
45 16917
-1
47 16868
-1
-1
-1
-1
-1
46 16768
43 16772
-1
42 16931
-1
42 16740
42 16740
-1
-1
-1
38 16804
-1
36 16874
36 16574
-1
37 16854
-1
35 16883
-1
-1
-1
-1
-1
-1
38 16537
-1
33 16049
-1
-1
-1
-1
28 16165
-1
30 16635
31 16792
-1
-1
28 16706
28 16488
32 16886
-1
-1
34 16375
-1
37 16663
38 16925
-1
41 16775
41 16775
-1
38 16495
-1
-1
36 16457
36 16457
-1
-1
35 16839
-1
34 16693
-1
-1
-1
-1
32 16618
32 16618
-1
-1
33 16704
-1
-1
-1
32 16471
32 16471
32 16471
-1
-1
-1
-1
34 16777
-1
34 16262
34 16262
-1
-1
-1
-1
-1
-1
-1
39 16904
-1
-1
-1
-1
35 16609
-1
-1
-1
35 16927
-1
35 16760
36 16954
36 16954
-1
-1
32 16360
33 16672
-1
-1
36 16711
36 16711
-1
36 16711
-1
-1
-1
-1
-1
-1
-1
39 16830
39 16830
-1
-1
38 16773
34 16766
-1
-1
-1
-1
36 16753
-1
34 16397
-1
-1
-1
-1
-1
-1
-1
-1
39 16162
37 16845
-1
-1
40 16392
-1
37 16831
37 16169
-1
38 16633
39 16725
-1
34 16555
-1
-1
37 16831
37 16653
36 16690
-1
35 16917
-1
37 16766
37 16766
37 16951
-1
36 16649
38 16282
38 16571
38 16571
-1
38 16797
37 16817
36 16705
36 16705
36 16705
-1
-1
36 16932
34 16607
-1
33 16785
-1
34 16881
32 16343
33 16679
-1
-1
-1
33 16473
-1
-1
-1
-1
36 16464
-1
35 16757
-1
35 16554
34 16497
-1
-1
-1
-1
32 16744
-1
-1
-1
-1
-1
-1
29 16029
-1
-1
-1
-1
-1
-1
34 16759
-1
34 16237
35 16619
-1
-1
-1
31 16544
-1
29 16638
-1
-1
-1
-1
30 16138
-1
32 16375
-1
-1
-1
33 16769
35 16840
33 16531
-1
-1
33 16531
-1
36 16721
-1
-1
38 16112
-1
-1
-1
-1
39 16842
-1
37 16401
-1
39 16881
-1
-1
-1
-1
39 16745
-1
-1
39 16895
33 16704
33 16704
33 16778
34 16886
33 16813
-1
30 16104
-1
31 16766
-1
-1
-1
-1
-1
-1
35 16625
35 16710
-1
-1
31 16492
-1
32 16656
-1
30 16522
31 16788
31 16788
-1
-1
-1
-1
-1
-1
-1
33 16164
33 16164
-1
33 16905
32 16738
32 16738
32 16738
-1
34 16903
-1
32 16160
-1
-1
35 16914
33 16622
-1
-1
-1
34 16822
-1
-1
31 16462
-1
30 16480
30 16480
-1
-1
32 16662
32 16770
32 16770
-1
31 16418
-1
32 16594
34 16852
34 16549
34 16549
-1
-1
-1
34 16460
-1
-1
-1
-1
34 16923
-1
32 16237
-1
-1
-1
31 16887
-1
-1
-1
-1
-1
-1
-1
40 16542
-1
-1
38 16541
-1
38 16648
38 16206
39 16882
-1
36 16786
-1
34 16500
-1
-1
34 16543
-1
-1
34 16539
-1
34 16792
33 16914
-1
29 16561
-1
-1
29 16291
31 16393
-1
30 16658
-1
-1
30 16513
30 16525
31 16836
30 16944
-1
31 16847
31 16515
-1
31 16515
31 16405
31 16405
31 16405
-1
33 16600
31 16854
31 16727
-1
-1
29 16316
31 16767
32 16719
31 16568
-1
-1
-1
-1
-1
-1
-1
33 16123
34 16360
-1
-1
-1
-1
-1
-1
-1
-1
-1
30 16590
30 16798
26 16497
-1
-1
28 16815
-1
27 16153
28 16745
29 16910
30 16922
-1
32 16849
31 16946
-1
-1
-1
34 16484
-1
38 16788
38 16501
-1
-1
39 16850
-1
41 16718
-1
-1
-1
-1
-1
-1
-1
-1
-1
-1
34 16567
34 16567
33 16447
33 16447
31 16772
-1
-1
31 16699
32 16618
-1
-1
29 16352
-1
-1
31 16398
-1
36 16788
-1
-1
37 16418
-1
-1
36 16627
36 16653
36 16653
36 16653
38 16898
36 16384
36 16384
-1
38 16602
-1
-1
40 16819
36 16632
36 16632
-1
-1
-1
39 16788
-1
39 16262
44 16782
-1
43 16454
-1
-1
-1
36 16286
-1
-1
-1
-1
-1
37 16911
36 16411
37 16915
38 16882
-1
31 16792
-1
-1
31 16687
-1
31 16208
31 16873
-1
30 16957
29 16903
29 16903
27 16504
-1
26 16296
-1
29 16957
-1
-1
-1
30 16817
30 16817
-1
31 16842
32 16699
32 16699
-1
33 16797
-1
-1
-1
-1
36 16706
37 16625
-1
-1
35 16448
36 16954
-1
-1
35 16919
38 16529
38 16849
38 16849
39 16914
-1
-1
35 16558
-1
36 16834
36 16801
-1
-1
30 16482
-1
-1
-1
31 16796
-1
30 16932
-1
35 16886
-1
34 16924
-1
-1
-1
-1
-1
35 16945
-1
37 16913
-1
-1
-1
32 16392
-1
32 16565
-1
31 16163
30 16654
32 16904
32 16507
32 16507
-1
-1
-1
39 16604
40 16941
-1
-1
43 16716
43 16716
-1
40 16528
37 16942
-1
37 16403
-1
-1
34 16587
-1
32 16908
-1
-1
-1
-1
35 16335
-1
-1
31 16374
31 16374
31 16374
31 16209
-1
-1
30 16872
-1
-1
-1
-1
33 16263
34 16796
-1
35 16566
-1
-1
-1
36 16888
36 16888
36 16888
-1
-1
41 16851
37 16498
-1
-1
37 16711
-1
38 16943
38 16943
-1
36 16153
-1
-1
-1
-1
-1
35 16692
-1
35 16772
35 16772
34 16848
-1
33 16408
-1
34 16617
-1
37 16710
37 16710
-1
37 16892
37 16892
-1
38 16877
38 16727
-1
-1
-1
36 16720
-1
37 16871
-1
-1
37 16871
-1
38 16349
-1
39 16765
-1
-1
-1
-1
34 16176
-1
-1
37 16882
34 16544
33 16225
-1
-1
-1
-1
34 16873
-1
-1
-1
-1
32 16382
-1
-1
-1
-1
-1
-1
31 16939
31 16939
31 16939
32 16765
-1
32 16945
32 16945
-1
33 16860
31 16373
31 16373
-1
31 16337
-1
31 16204
31 16874
-1
-1
-1
-1
29 16766
-1
30 16699
30 16903
-1
30 16543
30 16543
-1
30 16543
-1
-1
-1
35 16605
-1
-1
34 16683
-1
-1
33 16561
33 16814
-1
34 16935
-1
-1
-1
35 16713
-1
37 16889
-1
-1
-1
-1
35 16576
36 16494
37 16836
36 16525
-1
-1
-1
-1
-1
-1
-1
33 16896
-1
33 16911
33 16911
-1
-1
-1
-1
-1
-1
-1
31 16443
-1
31 16443
30 16781
-1
-1
-1
30 16699
-1
-1
-1
30 16788
35 16445
35 16868
35 16868
-1
-1
34 16572
-1
35 16716
35 16716
-1
-1
-1
35 16819
-1
34 16660
-1
35 16883
33 16840
-1
-1
-1
-1
-1
32 16473
32 16473
-1
-1
-1
35 16651
-1
33 16712
34 16779
-1
-1
34 16814
36 16141
-1
36 16940
-1
-1
36 16632
35 16756
-1
36 16516
-1
-1
39 16931
37 16769
37 16769
35 16533
35 16937
33 16486
-1
33 16678
-1
33 16698
-1
-1
-1
34 16792
34 16792
-1
32 16731
-1
-1
-1
33 16824
-1
-1
34 16910
-1
-1
-1
-1
-1
31 16775
-1
-1
31 16267
-1
-1
32 16289
-1
-1
32 16356
-1
-1
34 16518
34 16518
38 16807
37 16165
38 16644
39 16183
-1
-1
-1
-1
36 16235
36 16508
-1
-1
30 16284
-1
-1
33 16734
33 16394
-1
-1
-1
-1
33 16506
-1
33 16400
33 16605
-1
-1
35 16257
-1
31 16887
-1
-1
31 16705
31 16945
30 16163
-1
28 16846
-1
30 16931
30 16931
-1
-1
-1
32 16121
34 16734
35 16910
-1
-1
33 16520
34 16705
-1
-1
-1
-1
34 16602
34 16602
34 16602
-1
-1
35 16279
35 16279
36 16669
34 16071
34 16839
32 16825
-1
-1
31 16929
-1
30 16412
-1
-1
-1
36 16713
-1
-1
35 16754
34 16837
-1
-1
34 16151
-1
37 16937
-1
-1
34 16890
-1
34 16761
34 16761
34 16761
-1
-1
-1
35 16060
-1
35 16009
-1
-1
-1
33 16927
33 16678
-1
35 16686
-1
-1
-1
-1
-1
-1
35 16800
34 16825
34 16825
-1
37 16940
-1
37 16603
-1
36 16183
-1
-1
-1
-1
-1
36 16554
-1
-1
-1
-1
39 16846
39 16846
-1
-1
38 16715
-1
-1
33 16701
32 16741
33 16869
34 16706
34 16706
35 16190
-1
-1
-1
31 16917
29 16073
-1
-1
39 16798
39 16716
40 16803
40 16663
-1
-1
41 16685
-1
-1
35 16276
-1
34 16824
-1
34 16819
33 16662
33 16662
34 16833
33 16703
34 16927
32 16343
-1
33 16023
33 16023
-1
34 16773
34 16773
34 16320
34 16320
-1
-1
35 16776
-1
36 16787
38 16861
-1
31 16146
-1
-1
-1
31 16335
-1
34 16945
-1
-1
-1
-1
-1
-1
32 16938
-1
33 16904
-1
-1
33 16449
-1
35 16473
-1
35 16821
33 16932
36 16766
34 16705
34 16705
33 16098
-1
-1
34 16648
-1
-1
-1
33 16924
34 16862
-1
-1
-1
30 16823
30 16823
-1
33 16646
-1
-1
-1
-1
34 16632
-1
-1
-1
36 16446
36 16446
-1
-1
-1
37 16817
38 16957
-1
38 16957
38 16957
-1
38 16861
34 16906
-1
-1
-1
32 16908
-1
-1
30 16541
30 16556
-1
31 16701
32 16399
-1
-1
-1
-1
-1
29 16518
-1
-1
35 16529
-1
-1
-1
-1
-1
37 16942
37 16942
35 16138
-1
-1
35 16797
35 16797
-1
-1
36 16893
-1
31 16761
31 16596
32 16625
30 16670
-1
30 16639
-1
-1
32 16441
-1
-1
-1
-1
36 16854
36 16854
36 16854
-1
-1
36 16799
35 16811
-1
-1
-1
-1
-1
-1
36 16283
-1
-1
-1
-1
38 16892
-1
41 16950
-1
35 16753
-1
35 16518
-1
-1
-1
-1
32 16396
33 16354
-1
-1
-1
-1
32 16804
30 16546
30 16546
30 16546
-1
34 16445
36 16929
-1
36 16855
-1
-1
36 16374
-1
-1
37 16230
34 16751
26 16291
-1
-1
-1
-1
30 16746
30 16746
-1
-1
-1
30 16691
30 16691
-1
-1
-1
32 16942
32 16369
-1
-1
-1
-1
-1
32 16937
34 16902
34 16484
-1
34 16439
-1
-1
30 16465
-1
32 16739
-1
-1
-1
30 16539
-1
-1
31 16240
-1
-1
-1
32 16902
-1
32 16648
32 16243
-1
-1
-1
34 16130
-1
34 16616
31 16946
-1
-1
-1
-1
-1
-1
-1
29 16611
-1
31 16446
33 16450
34 16392
35 16407
-1
35 16419
-1
38 16734
-1
38 16761
-1
36 16202
36 16202
-1
-1
38 16806
-1
-1
-1
39 16872
39 16872
39 16686
37 16346
-1
38 16769
-1
38 16396
-1
-1
-1
40 16565
39 16842
-1
-1
34 16508
-1
-1
-1
-1
-1
-1
-1
31 16518
32 16869
34 16370
34 16786
-1
-1
36 16932
-1
35 16684
-1
-1
-1
33 16092
34 16759
34 16642
34 16828
-1
-1
34 16942
34 16942
33 16495
-1
32 16931
-1
-1
-1
28 16331
29 16426
-1
-1
30 16391
31 16953
31 16878
-1
-1
-1
-1
-1
-1
37 16930
-1
37 16930
-1
37 16440
-1
-1
-1
34 16758
-1
-1
-1
32 16132
-1
34 16712
-1
34 16557
-1
-1
-1
-1
-1
-1
-1
-1
-1
34 16893
32 16478
28 16578
-1
-1
29 16663
-1
30 16945
-1
-1
-1
-1
-1
37 16826
-1
-1
-1
-1
40 16901
41 16744
-1
-1
42 16885
-1
39 16558
38 16505
40 16898
-1
40 16481
40 16569
-1
37 16954
-1
-1
35 16537
35 16537
36 16759
-1
-1
-1
-1
-1
36 16490
-1
32 16661
-1
32 16661
-1
-1
-1
32 16939
36 16644
-1
-1
34 16590
-1
35 16937
-1
29 16777
-1
-1
-1
-1
-1
-1
25 16482
-1
-1
27 16881
-1
-1
26 16315
23 16736
-1
-1
26 16820
-1
27 16527
28 16665
-1
-1
-1
33 16694
-1
31 16781
-1
33 16696
-1
-1
-1
31 16149
31 16149
-1
-1
32 16920
-1
32 16592
-1
37 16878
37 16878
37 16257
-1
-1
36 16351
36 16823
36 16823
-1
-1
40 16732
-1
38 16500
-1
-1
-1
-1
40 16164
-1
-1
-1
-1
35 16957
-1
-1
-1
33 16876
-1
-1
-1
-1
32 16758
33 16817
34 16825
34 16825
-1
-1
-1
-1
-1
35 16562
35 16666
35 16666
-1
32 16437
-1
-1
-1
-1
-1
-1
-1
-1
30 16441
34 16789
-1
-1
33 16841
-1
-1
35 16534
-1
-1
-1
36 16939
-1
37 16759
-1
-1
-1
-1
-1
-1
39 16631
39 16590
39 16590
39 16590
-1
-1
-1
42 16653
-1
42 16653
-1
42 16445
39 16851
40 16910
39 16650
40 16803
41 16902
41 16800
41 16800
-1
-1
-1
-1
39 16524
-1
-1
37 16781
-1
-1
-1
36 16817
-1
32 16834
-1
-1
-1
33 16927
-1
-1
-1
-1
-1
32 16887
32 16887
-1
31 16943
-1
-1
-1
-1
33 16813
33 16813
-1
33 16495
33 16495
35 16844
32 16324
-1
-1
-1
-1
-1
-1
29 16288
32 16889
-1
-1
-1
-1
31 16781
32 16658
33 16445
-1
33 16816
34 16818
35 16360
36 16918
-1
35 16540
-1
35 16714
36 16252
36 16252
-1
36 16551
38 16729
-1
-1
-1
-1
-1
-1
-1
-1
-1
-1
33 16670
-1
35 16932
35 16775
-1
-1
35 16729
37 16641
-1
35 16465
-1
-1
-1
-1
35 16259
35 16259
-1
39 16638
-1
35 16781
-1
31 16514
31 16264
-1
34 16903
30 16844
-1
-1
-1
-1
30 16701
-1
31 16872
-1
31 16856
30 16690
-1
30 16690
32 16794
32 16724
33 16379
-1
-1
-1
35 16945
35 16858
35 16488
35 16488
35 16470
36 16893
-1
37 16872
35 16952
-1
-1
-1
30 16422
-1
33 16857
32 16585
33 16637
-1
33 16932
-1
-1
31 16421
-1
-1
-1
27 16338
-1
-1
-1
27 16615
28 16789
-1
-1
-1
-1
-1
-1
32 16920
-1
32 16302
-1
-1
36 16918
36 16918
37 16872
-1
-1
38 16882
38 16882
-1
36 16090
-1
35 16907
-1
36 16681
-1
34 16253
-1
35 16277
-1
-1
-1
36 16675
36 16843
-1
35 16582
-1
-1
-1
-1
34 16333
-1
33 16902
-1
-1
-1
31 16677
-1
-1
-1
32 16906
32 16906
-1
-1
-1
34 16494
-1
35 16655
-1
-1
-1
-1
36 16449
36 16852
32 15970
-1
37 16914
35 16409
-1
35 16530
-1
-1
-1
38 16483
-1
-1
40 16648
-1
-1
-1
-1
-1
-1
42 16673
-1
42 16547
-1
-1
-1
-1
36 16747
-1
-1
36 16635
36 16635
32 16654
-1
-1
35 16613
34 16665
-1
-1
-1
34 16655
-1
-1
35 16803
-1
35 16835
34 16857
-1
-1
-1
-1
-1
33 16728
-1
-1
31 16117
32 16744
32 16744
29 16661
-1
-1
-1
-1
-1
27 16367
-1
-1
30 16285
31 16768
-1
34 16085
-1
-1
-1
-1
-1
-1
39 16854
39 16854
40 16931
40 16905
-1
-1
-1
40 16906
40 16906
-1
37 16931
-1
-1
-1
37 16916
-1
37 16916
-1
-1
-1
31 16173
-1
-1
-1
-1
32 16803
-1
32 16803
-1
-1
33 16857
-1
-1
-1
39 16758
-1
-1
-1
-1
-1
41 16883
-1
-1
38 16909
-1
37 16949
-1
-1
-1
27 16720
29 16781
-1
31 16913
-1
30 16758
30 16758
-1
30 16457
29 16408
30 16776
-1
33 16822
32 16030
-1
-1
-1
33 16931
-1
35 16353
35 16953
-1
35 16665
-1
-1
32 16614
32 16614
34 16269
34 16436
36 16500
38 16867
38 16485
-1
39 16791
-1
-1
35 16640
35 16640
-1
-1
-1
-1
-1
-1
-1
-1
33 16883
-1
-1
-1
32 16078
-1
34 16642
-1
-1
33 16770
34 16609
-1
-1
-1
-1
-1
-1
-1
-1
-1
29 16011
-1
32 16745
-1
33 16696
33 16696
32 16554
-1
-1
-1
34 16955
33 16899
33 16886
33 16485
34 16948
-1
34 16948
35 16602
-1
36 16801
-1
-1
32 16919
32 16657
-1
34 16851
34 16531
35 16699
32 16932
30 16862
30 16945
30 16945
-1
-1
-1
-1
-1
28 16509
30 16850
-1
-1
-1
-1
-1
29 16086
-1
30 16889
-1
-1
-1
31 16345
-1
-1
-1
29 16512
-1
-1
-1
-1
-1
-1
31 16213
-1
30 16452
-1
-1
30 16164
32 16886
-1
32 16886
-1
33 16745
34 16574
34 16487
-1
35 16874
-1
-1
33 16853
-1
-1
-1
-1
33 16423
-1
-1
-1
31 16634
-1
-1
-1
31 16661
-1
36 16746
-1
35 16631
36 16518
35 16643
-1
-1
-1
-1
-1
-1
36 16617
36 16617
-1
-1
37 16800
37 16873
-1
37 16945
-1
-1
38 16692
-1
-1
-1
37 16536
-1
38 16286
32 16206
-1
-1
-1
34 16576
33 16587
-1
36 16874
-1
-1
-1
40 16772
-1
-1
35 16702
-1
35 16463
34 16931
34 16931
-1
-1
-1
-1
-1
37 16622
37 16908
37 16908
-1
37 16336
-1
-1
-1
-1
-1
37 16513
37 16953
-1
-1
-1
40 16869
40 16869
-1
-1
-1
-1
-1
-1
-1
39 16123
38 16875
-1
-1
27 16416
27 16416
-1
27 16747
-1
29 16594
29 16025
-1
-1
-1
-1
-1
33 16461
-1
36 16301
36 16301
38 16862
-1
-1
-1
-1
42 16857
-1
-1
-1
41 16798
43 16903
-1
35 16255
37 16592
36 16386
37 16763
-1
-1
-1
34 16583
34 16583
34 16883
-1
33 16600
32 16788
34 16916
-1
33 16146
-1
36 16759
-1
36 16697
-1
35 16876
35 16902
36 16745
37 16275
38 16325
36 16800
-1
-1
-1
-1
-1
-1
32 16125
-1
-1
-1
-1
34 16950
-1
-1
-1
31 16653
-1
32 16697
-1
-1
-1
-1
-1
26 16787
-1
31 16162
-1
-1
30 16603
-1
-1
-1
-1
-1
-1
25 16527
-1
25 16549
-1
26 16880
-1
-1
33 16123
34 16567
-1
34 16567
-1
37 16766
-1
-1
-1
-1
35 16943
-1
35 16723
-1
-1
36 16786
-1
-1
34 16869
-1
34 16445
-1
-1
-1
40 16601
39 16217
40 16241
-1
-1
-1
-1
-1
-1
43 16857
43 16567
43 16402
43 16402
-1
43 16833
45 16912
-1
-1
41 16671
-1
40 16481
-1
36 16888
36 16888
36 16888
37 16820
37 16820
-1
-1
-1
33 16590
-1
31 16723
31 16638
-1
30 16813
33 16937
33 16937
-1
-1
36 16851
-1
35 16344
33 16931
-1
30 16848
-1
-1
-1
-1
-1
-1
37 16643
-1
37 16903
37 16903
35 16395
-1
35 16638
-1
36 16566
-1
-1
35 16480
37 16863
-1
-1
-1
35 16844
35 16844
-1
37 16596
-1
-1
-1
37 16596
-1
37 16596
-1
39 16905
39 16885
-1
39 16897
39 16897
-1
-1
-1
-1
38 16887
38 16468
-1
-1
-1
-1
-1
-1
-1
-1
36 16872
-1
38 16569
-1
-1
-1
-1
-1
34 16653
34 16443
-1
-1
33 16173
-1
33 16449
34 16957
33 16844
34 16473
-1
34 16775
-1
37 16619
-1
36 16951
-1
-1
36 16581
-1
-1
-1
-1
-1
-1
30 16567
-1
30 16553
-1
-1
-1
-1
29 16729
-1
-1
29 16107
-1
-1
-1
34 16629
-1
35 16840
35 16875
-1
-1
34 16562
34 16440
-1
-1
-1
-1
-1
30 16867
-1
-1
-1
24 16561
24 16244
-1
27 16308
-1
-1
28 16393
28 16393
29 16758
28 16588
-1
-1
31 16920
-1
-1
-1
-1
38 16772
38 16772
-1
33 16376
-1
32 16842
33 16934
31 16457
28 16389
-1
30 16795
-1
30 16374
31 16815
31 16815
-1
31 16911
-1
32 16563
-1
-1
31 16578
-1
31 16427
32 16756
32 16482
-1
32 16917
32 16919
-1
32 16566
-1
35 16268
-1
-1
35 16268
-1
-1
-1
-1
-1
-1
-1
-1
-1
41 16706
41 16706
-1
46 16949
-1
43 16475
43 16872
43 16872
-1
41 16038
-1
-1
-1
42 16902
-1
-1
-1
-1
-1
-1
31 16615
-1
-1
-1
32 16650
-1
-1
-1
33 16338
-1
-1
33 16338
-1
35 16870
36 16863
-1
-1
-1
-1
36 16456
-1
38 16936
40 16725
-1
39 16782
-1
40 16696
40 16696
40 16696
-1
40 16753
-1
44 16755
-1
-1
-1
-1
42 16410
-1
-1
41 16652
-1
-1
39 16824
-1
-1
-1
38 16604
-1
39 16238
39 16355
-1
38 16287
-1
-1
38 16674
-1
-1
37 16893
-1
-1
-1
33 16671
-1
-1
34 16337
-1
-1
35 16828
-1
-1
33 16768
-1
37 16463
-1
-1
-1
-1
-1
-1
38 16957
35 16935
35 16935
-1
34 16227
-1
-1
33 16802
32 16814
31 16270
31 16608
-1
29 16638
-1
30 16808
32 16289
32 16485
-1
-1
-1
33 16618
33 16618
-1
-1
-1
34 16947
34 16947
-1
33 16496
-1
-1
-1
32 16730
32 16844
-1
-1
31 16809
-1
-1
-1
30 16805
29 16432
29 16432
-1
29 16362
29 16362
-1
-1
28 16464
32 16385
32 16385
35 16951
-1
36 16664
-1
36 16511
-1
-1
-1
-1
37 16947
-1
-1
-1
-1
39 16871
-1
-1
-1
35 16678
35 16678
-1
33 16583
32 16532
-1
-1
32 16735
-1
-1
31 16821
31 16821
-1
-1
-1
-1
32 16613
-1
-1
-1
-1
-1
34 16331
-1
33 16534
-1
-1
31 16662
-1
29 16834
29 16834
-1
-1
-1
-1
28 16252
28 16252
29 16853
29 16776
-1
30 16404
32 16412
-1
33 16470
33 16470
-1
-1
33 16127
-1
35 16938
35 16938
-1
-1
36 16816
36 16816
36 16792
-1
-1
36 16507
-1
36 16814
35 16413
33 16831
-1
-1
-1
-1
32 16649
33 16091
-1
34 16430
-1
-1
37 16302
-1
-1
-1
-1
-1
-1
33 16207
-1
-1
31 16111
-1
-1
-1
32 16402
32 16402
-1
32 16929
-1
-1
-1
-1
-1
-1
-1
36 16916
37 16583
37 16078
38 16642
-1
-1
41 16756
41 16756
-1
-1
42 16920
43 16305
-1
-1
-1
41 16714
41 16714
-1
40 16806
40 16601
40 16601
-1
36 16419
36 16419
-1
-1
-1
36 16896
-1
37 16913
-1
-1
-1
-1
-1
38 16785
-1
38 16848
-1
38 16427
39 16757
-1
-1
-1
37 16885
-1
-1
-1
38 16618
38 16618
-1
-1
-1
-1
-1
36 16797
38 16874
-1
-1
-1
-1
-1
-1
-1
-1
38 16952
-1
-1
40 16754
-1
-1
-1
37 16489
35 16510
-1
-1
-1
-1
-1
-1
31 16945
-1
29 16900
-1
-1
-1
-1
-1
-1
33 16663
-1
35 16927
35 16927
-1
-1
-1
33 16222
33 16222
-1
-1
-1
-1
34 16333
-1
36 16931
-1
36 16931
-1
-1
-1
-1
-1
32 16879
-1
30 16738
30 16732
30 16661
-1
-1
-1
30 16339
-1
31 16937
-1
-1
32 16516
-1
32 16436
-1
29 16592
-1
-1
30 16565
30 16946
30 16788
-1
-1
-1
-1
-1
33 16886
32 16150
-1
-1
-1
34 16920
34 16920
-1
35 16647
-1
-1
-1
-1
33 16870
-1
30 16538
-1
-1
-1
-1
31 16251
-1
-1
30 16481
30 16481
-1
-1
-1
29 16826
-1
27 16285
-1
-1
28 16338
29 16811
28 16732
-1
-1
-1
31 16915
31 16915
32 16747
32 16688
-1
33 16654
-1
-1
-1
-1
34 16363
-1
33 16899
34 16940
-1
36 16729
-1
-1
-1
36 16879
-1
36 16879
33 16717
-1
-1
-1
33 16796
33 16562
33 16257
-1
-1
36 16637
-1
-1
-1
-1
-1
-1
-1
-1
-1
-1
33 16383
32 16571
-1
-1
31 16371
32 16295
-1
-1
30 16593
30 16793
30 16793
32 16570
-1
33 16755
-1
33 16755
31 16426
34 16938
-1
32 16514
-1
36 16865
36 16865
-1
-1
32 16433
-1
32 16572
-1
-1
33 16477
-1
-1
31 16791
-1
-1
-1
-1
-1
-1
-1
34 16461
-1
-1
-1
-1
-1
-1
33 16348
32 16534
30 16669
-1
-1
-1
-1
33 16836
35 16859
34 16411
-1
-1
35 16764
-1
38 16839
-1
-1
31 16897
32 16929
30 16499
-1
-1
-1
-1
-1
30 16881
27 16533
29 16899
29 16899
-1
29 16207
-1
-1
-1
-1
-1
-1
32 16738
-1
-1
-1
-1
-1
-1
-1
32 16458
33 16722
-1
-1
32 16501
-1
-1
31 16390
-1
28 16723
26 16057
-1
30 16189
-1
-1
34 16405
-1
34 16932
35 16454
35 16454
36 16781
-1
-1
36 16244
36 16244
37 16902
-1
37 16902
-1
-1
39 16692
42 16918
42 16942
-1
41 16748
-1
40 16888
40 16888
41 16443
-1
38 16916
-1
-1
35 16843
32 16676
32 16676
-1
-1
-1
-1
-1
31 16727
-1
32 16955
-1
-1
30 16772
30 16772
-1
30 16772
31 16880
-1
30 16694
30 16694
-1
31 16727
31 16727
-1
32 16342
-1
-1
-1
31 16374
-1
-1
32 16880
31 16441
-1
-1
33 16122
35 16916
-1
-1
-1
-1
33 16202
-1
-1
35 16838
-1
-1
-1
33 16430
-1
-1
-1
29 16331
-1
28 16239
-1
30 16187
30 16187
-1
33 16946
33 16836
30 16575
29 16313
30 16927
-1
-1
-1
29 16890
31 16637
-1
35 16616
-1
-1
33 16206
-1
-1
-1
37 16757
-1
-1
-1
35 16283
35 16283
35 16283
36 16483
-1
37 16438
37 16438
-1
38 16655
-1
-1
39 16781
-1
40 16884
-1
-1
-1
-1
44 16814
-1
-1
-1
41 16649
-1
45 16761
-1
45 16801
45 16768
-1
39 16854
40 16376
39 16892
-1
-1
37 16939
-1
39 16863
40 16927
-1
40 16231
40 16231
-1
-1
-1
36 16771
-1
34 16899
-1
-1
-1
-1
31 16896
31 16896
31 16810
-1
-1
-1
30 16491
31 16893
-1
31 16858
-1
-1
32 16551
32 16612
33 16414
-1
37 16927
37 16909
38 16156
39 16789
39 16881
-1
-1
-1
36 16923
-1
34 16216
-1
-1
35 16854
33 16487
-1
-1
35 16906
-1
30 16905
-1
31 16907
30 16798
-1
-1
29 16953
-1
-1
-1
-1
-1
-1
-1
-1
32 16625
38 16861
-1
-1
-1
-1
-1
38 16473
38 16473
-1
38 16789
-1
39 16598
40 16823
-1
-1
-1
39 16710
36 16791
-1
35 16922
-1
-1
-1
-1
-1
-1
33 16950
-1
-1
34 16839
34 16839
-1
34 16397
33 16451
34 16489
-1
34 16703
-1
31 16445
32 16794
-1
-1
-1
33 16380
-1
-1
-1
-1
-1
-1
30 16623
-1
30 16211
32 16394
33 16826
32 16417
-1
34 16368
-1
-1
36 16772
36 16772
-1
-1
-1
-1
-1
41 16885
-1
36 16833
35 16283
-1
35 16283
35 16042
32 16769
-1
-1
-1
33 16616
-1
33 16840
33 16840
33 16933
-1
-1
34 16847
-1
34 16847
34 16847
35 16934
36 16823
-1
-1
-1
-1
36 16373
36 16871
-1
35 16661
35 16080
-1
-1
34 16546
-1
-1
-1
-1
-1
-1
33 16903
-1
-1
-1
-1
-1
-1
33 16494
-1
-1
-1
31 16223
-1
31 16877
-1
-1
-1
33 16956
-1
35 16739
-1
34 16852
-1
-1
31 16865
-1
27 16826
25 16219
-1
-1
33 16792
33 16792
-1
-1
-1
37 16585
-1
-1
38 16140
39 16440
-1
-1
-1
-1
-1
38 16525
35 16235
36 16272
-1
36 16272
36 16904
-1
35 16301
-1
37 16905
-1
-1
-1
36 16520
-1
34 16947
-1
-1
34 16687
31 16427
-1
31 16427
31 16427
-1
31 16427
-1
-1
-1
31 16856
32 16888
32 16805
-1
-1
31 16682
-1
-1
31 16331
-1
-1
31 16692
30 16666
30 16666
29 16538
-1
-1
29 16538
-1
-1
-1
31 16581
-1
-1
-1
-1
-1
29 16941
29 16941
31 16847
31 16847
-1
-1
-1
31 16851
33 16902
32 16532
-1
-1
33 16500
-1
-1
-1
-1
-1
-1
34 16811
34 16811
-1
34 16699
34 16633
36 16748
-1
-1
-1
-1
39 16784
38 16891
-1
-1
39 16860
38 16731
38 16731
38 16745
38 16640
38 16640
-1
-1
-1
32 16860
-1
34 16826
33 16820
-1
31 16209
31 16209
-1
33 16923
34 16857
-1
-1
38 16455
-1
-1
34 16440
-1
36 16859
36 16800
36 16354
36 16354
36 16354
-1
36 16516
36 16516
36 16516
-1
32 16687
-1
32 16785
32 16626
31 16517
31 16517
33 16785
-1
33 16082
-1
-1
-1
-1
-1
-1
32 16769
33 16875
-1
-1
31 16724
-1
-1
-1
-1
-1
-1
-1
-1
36 16795
34 16129
36 16687
36 16243
-1
-1
35 16600
-1
37 16940
34 16551
-1
-1
-1
35 16417
35 16417
-1
-1
34 16882
-1
34 16450
-1
33 16270
-1
-1
-1
31 16939
-1
31 16843
-1
-1
30 16734
-1
-1
-1
28 16574
-1
28 16574
28 16574
28 16471
-1
-1
-1
-1
29 16778
29 16778
-1
28 16351
-1
-1
-1
30 16569
-1
-1
30 16772
-1
-1
-1
32 16956
-1
31 16451
-1
-1
31 16448
31 16448
-1
32 16838
32 16838
34 16743
33 16848
-1
-1
34 16790
-1
-1
-1
-1
38 16906
-1
-1
36 16569
36 16569
35 16142
-1
-1
-1
35 16565
-1
-1
-1
33 16863
35 16947
35 16649
35 16610
-1
-1
-1
36 16779
35 16439
36 16932
-1
-1
-1
35 16810
36 16861
-1
37 16524
37 16690
-1
-1
37 16424
37 16424
37 16424
37 16424
38 16803
38 16789
-1
37 16520
-1
-1
-1
-1
33 16877
32 16691
-1
-1
33 16680
33 16680
-1
-1
34 16282
-1
-1
-1
34 16400
35 16852
33 16367
32 16411
32 16411
-1
32 16595
-1
-1
31 16864
-1
-1
32 16684
32 16684
32 16654
-1
-1
-1
-1
-1
-1
-1
-1
-1
31 16428
31 16428
33 16268
-1
-1
-1
29 16260
29 16260
29 16716
-1
-1
-1
-1
31 16645
-1
32 16769
31 16312
-1
31 16620
32 16704
-1
35 16625
34 16955
-1
-1
34 16419
34 16351
-1
32 16498
-1
-1
33 16777
-1
-1
-1
-1
38 16944
38 16944
-1
-1
38 16668
38 16781
-1
-1
36 16809
-1
37 16750
-1
-1
-1
38 16750
37 16225
37 16225
38 16897
-1
-1
37 16859
-1
36 16909
-1
-1
37 16205
-1
40 16929
-1
-1
-1
-1
-1
-1
40 16896
-1
-1
-1
-1
-1
36 16789
-1
-1
-1
-1
-1
35 16623
33 16753
-1
-1
-1
28 16208
-1
-1
31 16767
-1
-1
-1
-1
33 16078
-1
33 16821
33 16597
-1
-1
-1
-1
-1
41 16853
-1
42 16949
-1
40 16277
-1
-1
39 16853
-1
-1
39 16715
40 16717
40 16717
40 16783
-1
34 16636
-1
-1
34 16806
-1
-1
34 16866
34 16721
33 16911
-1
-1
35 16878
34 16569
-1
34 16243
-1
-1
35 16887
34 16376
-1
-1
34 16623
-1
33 16942
33 16942
-1
34 16636
35 16176
34 16705
34 16776
28 16695
-1
30 16327
29 16437
-1
30 16683
-1
-1
-1
-1
-1
35 16957
-1
36 16807
-1
-1
35 16555
35 16608
35 16582
-1
-1
-1
-1
-1
33 16847
-1
-1
33 16955
-1
32 16745
34 16209
-1
-1
-1
32 16895
31 16871
31 16871
28 16469
27 16729
-1
-1
-1
30 16634
-1
31 16242
-1
35 16714
35 16714
-1
-1
-1
-1
-1
-1
-1
35 16782
36 16688
35 16414
37 16822
-1
-1
-1
31 16298
32 16604
32 16475
34 16832
-1
-1
-1
33 16848
-1
-1
-1
32 16387
32 16946
-1
-1
-1
33 16639
33 16580
33 16580
-1
-1
-1
-1
-1
-1
-1
31 16910
-1
31 16810
31 16810
32 16950
-1
-1
-1
35 16141
36 16259
38 16910
38 16734
38 16734
-1
-1
-1
-1
35 16178
-1
35 16031
-1
-1
30 16797
30 16797
31 16484
32 16761
-1
31 16547
32 16450
-1
-1
-1
-1
32 16711
-1
-1
-1
-1
31 16655
32 16838
-1
-1
-1
31 16907
32 16730
-1
-1
-1
-1
32 16723
32 16192
-1
-1
-1
34 16926
-1
-1
38 16927
-1
38 16927
40 16659
-1
38 16170
42 16950
42 16950
-1
41 16814
39 16837
39 16604
-1
-1
-1
39 16412
39 16952
39 16952
39 16952
-1
35 16379
-1
-1
-1
36 16631
-1
-1
-1
33 16846
-1
-1
-1
34 16354
-1
-1
37 16418
37 16418
-1
-1
-1
40 16828
38 16488
36 16535
37 16584
-1
-1
-1
34 16846
34 16760
31 16765
-1
-1
-1
-1
-1
-1
32 16182
34 16594
-1
33 16886
32 16126
-1
-1
36 16901
-1
36 16470
-1
37 16861
-1
-1
37 16849
37 16849
37 16647
-1
-1
-1
-1
32 16153
-1
34 16836
35 16695
36 16949
33 16832
-1
34 16872
-1
-1
33 16931
31 16804
30 16747
30 16747
31 16808
-1
31 16295
31 16295
33 16711
-1
-1
-1
-1
-1
32 16777
-1
-1
-1
31 16839
-1
-1
30 16198
31 16843
-1
33 16881
-1
33 16881
32 16859
-1
-1
32 16859
-1
-1
34 16339
-1
-1
-1
34 16157
36 16941
-1
-1
37 16276
38 16841
37 16940
37 16350
-1
-1
-1
36 16933
36 16045
-1
38 16496
38 16948
-1
-1
37 16921
36 16672
-1
-1
-1
35 16903
-1
-1
-1
31 16810
30 16540
-1
-1
32 16934
30 16882
30 16882
-1
-1
31 16625
-1
-1
-1
30 16937
-1
-1
-1
-1
29 16324
29 16324
-1
-1
-1
28 16449
30 16679
30 16684
35 16839
-1
36 16777
-1
-1
36 16235
-1
-1
39 16232
40 16877
-1
-1
39 16792
-1
33 16929
34 16810
35 16942
-1
35 16942
35 16942
35 16736
35 16736
-1
-1
-1
-1
-1
-1
32 16671
-1
33 16671
-1
-1
33 16911
-1
-1
34 16955
34 16810
33 16644
31 16390
31 16270
32 16917
32 16917
-1
-1
32 16115
32 16115
-1
32 16342
-1
-1
-1
-1
-1
-1
-1
36 16760
36 16314
34 16534
35 15981
-1
-1
-1
-1
-1
35 16561
-1
33 16688
33 16688
34 16555
-1
34 16583
34 16583
-1
35 16581
-1
-1
-1
34 16743
-1
-1
-1
-1
-1
-1
-1
-1
-1
32 16619
34 16748
-1
34 16765
-1
-1
38 16463
-1
-1
39 16459
-1
42 16846
42 16644
42 16644
43 16768
44 16873
-1
-1
-1
-1
41 16385
39 16793
39 16633
-1
-1
39 16485
-1
-1
-1
36 16830
36 16830
29 16197
-1
-1
28 16624
29 16771
-1
-1
-1
26 16388
-1
28 16488
-1
-1
-1
-1
-1
-1
31 16923
33 16683
33 16683
-1
32 16268
31 16659
-1
32 16571
-1
33 16597
-1
29 16360
30 16675
-1
31 16848
-1
-1
30 16718
30 16718
-1
-1
-1
31 16815
-1
31 16945
-1
-1
-1
31 16913
-1
-1
30 16896
-1
-1
-1
33 16559
-1
33 16930
-1
32 16803
-1
-1
-1
-1
35 16657
-1
-1
-1
36 16950
-1
-1
-1
-1
-1
-1
-1
32 16658
32 16658
-1
-1
-1
29 16657
-1
28 16836
29 16941
-1
-1
-1
-1
-1
33 16912
33 16912
-1
32 16307
34 16877
31 16663
-1
-1
-1
-1
32 16934
31 16945
-1
-1
-1
-1
-1
-1
28 16609
-1
30 16417
30 16417
-1
-1
-1
-1
-1
-1
31 16710
28 16944
-1
-1
-1
32 16512
-1
-1
30 16491
34 16644
34 16644
-1
-1
-1
-1
30 16635
-1
-1
-1
35 16933
35 16933
-1
-1
31 16237
-1
35 16683
-1
-1
-1
36 16850
-1
-1
33 16887
33 16800
33 16912
33 16124
-1
-1
-1
36 16671
-1
39 16864
-1
38 16767
-1
-1
39 16670
-1
39 16300
-1
38 16125
39 16829
-1
