1 1035
-1
1 1035
2 2219
4 5346
-1
8 10035
10 11416
-1
-1
12 13360
-1
16 16689
17 17032
-1
27 17067
27 17067
-1
28 17078
-1
32 17094
32 17094
-1
-1
-1
29 17178
-1
-1
-1
-1
36 16918
-1
-1
-1
-1
38 17250
-1
-1
-1
-1
-1
-1
33 16731
34 16625
-1
34 17115
-1
-1
-1
-1
-1
-1
34 17176
-1
34 17176
-1
34 16860
37 17020
37 17020
37 16900
37 16900
39 16476
-1
40 17043
-1
-1
39 17167
-1
35 17237
34 17161
-1
-1
-1
-1
-1
37 17145
-1
-1
35 17136
-1
-1
-1
-1
-1
-1
-1
-1
30 16487
31 17105
31 17105
34 17049
34 16951
-1
36 17154
37 16698
-1
38 16739
-1
34 16650
36 17152
38 17212
38 17212
-1
-1
37 17039
37 16589
-1
-1
34 17246
-1
-1
-1
34 16850
-1
34 16850
-1
34 17152
-1
-1
37 17035
37 17183
37 17183
-1
34 16830
32 16845
-1
-1
-1
32 16616
-1
-1
-1
34 16700
34 16700
-1
39 17198
-1
-1
-1
37 16875
-1
-1
36 16943
-1
37 16839
-1
-1
-1
34 16559
35 16455
-1
35 17184
33 16281
34 17189
34 17236
-1
-1
33 17033
-1
-1
-1
-1
34 16656
-1
33 16856
-1
31 16745
-1
33 16879
-1
-1
-1
31 17239
31 17239
29 17138
-1
29 17165
30 17082
-1
-1
33 17041
-1
-1
33 16623
34 17184
-1
-1
-1
35 16861
-1
33 16924
-1
32 16691
-1
31 17051
-1
31 16819
-1
-1
-1
-1
-1
-1
-1
-1
-1
-1
-1
-1
-1
34 17199
34 16437
-1
34 16789
34 16789
38 16785
-1
40 17127
41 17233
-1
-1
-1
-1
42 17250
39 17242
-1
-1
36 17048
-1
35 17196
-1
34 17224
33 17207
33 17207
-1
34 16324
34 17056
35 16925
-1
33 16994
-1
-1
-1
-1
-1
-1
32 17244
32 17226
-1
32 16618
-1
-1
-1
-1
-1
-1
-1
-1
-1
-1
30 16555
-1
-1
33 16801
-1
35 16731
33 16856
35 16786
-1
-1
-1
-1
-1
30 16576
30 16576
30 16576
-1
31 16731
-1
30 16505
-1
-1
-1
30 17228
31 16747
31 16764
-1
-1
-1
-1
33 16719
-1
-1
37 16833
38 16697
-1
-1
42 17246
39 16397
41 16859
-1
44 17179
-1
-1
-1
44 16553
-1
45 16656
-1
-1
-1
-1
-1
-1
-1
40 17188
-1
-1
36 16807
37 17164
37 17164
-1
-1
37 17109
35 16851
36 17128
-1
32 17191
-1
31 16586
-1
-1
-1
34 16925
34 17169
-1
33 17107
33 17107
32 16581
-1
-1
-1
-1
-1
34 17133
34 16900
34 16900
-1
-1
35 17250
-1
-1
33 17073
-1
-1
-1
-1
-1
-1
-1
-1
-1
-1
32 16729
-1
-1
-1
-1
-1
34 16753
34 16753
-1
34 17107
-1
-1
-1
-1
32 16959
-1
-1
34 17028
-1
33 16951
33 16951
-1
-1
-1
-1
34 17055
-1
-1
36 16482
-1
-1
36 17069
-1
36 16795
35 16288
-1
-1
35 16627
-1
34 16952
-1
-1
-1
-1
-1
-1
-1
32 17238
33 17087
31 16522
31 16522
32 17165
30 16667
33 17102
-1
-1
39 16843
42 17183
-1
42 17044
-1
-1
41 17228
-1
42 17082
42 16926
-1
32 17172
30 17156
-1
32 17239
31 16849
-1
33 17233
-1
33 17233
32 16986
-1
-1
33 17011
33 17013
-1
-1
-1
34 16657
-1
-1
39 16729
-1
38 16842
38 16759
38 16854
-1
-1
-1
-1
-1
39 17212
-1
-1
41 17214
-1
32 16439
-1
-1
-1
-1
31 16979
31 16559
-1
-1
32 16316
34 17040
-1
-1
35 17207
34 16926
34 16926
-1
37 16920
37 16774
39 17110
-1
-1
37 16953
36 17070
36 17248
34 17046
34 16478
35 16469
36 17044
-1
32 16488
-1
32 17137
-1
-1
31 16633
31 17072
-1
-1
32 17201
33 16965
-1
34 17242
-1
-1
37 16612
-1
38 16888
38 16888
38 16888
38 16888
-1
-1
-1
38 17094
-1
-1
-1
-1
-1
36 17000
-1
35 17134
35 17134
-1
-1
-1
-1
-1
-1
-1
-1
31 16633
32 17235
-1
32 16590
-1
32 17030
31 16753
32 17027
-1
-1
35 17248
-1
34 17132
35 17210
-1
35 17210
-1
36 17200
36 17200
-1
-1
-1
39 16896
39 16896
40 17168
-1
-1
37 17210
36 17175
33 17020
33 17020
-1
-1
-1
-1
-1
29 17228
-1
28 16827
-1
-1
-1
-1
-1
-1
34 16867
-1
-1
37 16868
36 16465
35 16989
-1
33 17067
-1
37 16392
-1
-1
36 16377
36 16377
-1
36 16625
36 16625
-1
38 17186
-1
-1
44 17222
44 17222
-1
-1
48 17214
-1
46 17136
-1
47 17245
-1
39 16619
-1
-1
34 17097
-1
-1
30 17098
-1
-1
-1
-1
-1
30 17246
30 17246
31 16625
32 17113
-1
-1
33 17031
-1
-1
-1
-1
-1
35 17167
35 17167
36 17174
-1
-1
-1
-1
-1
-1
-1
37 16516
-1
38 17131
-1
38 17063
-1
-1
38 17063
40 17216
40 17216
-1
40 17216
-1
36 16581
-1
38 16816
-1
-1
-1
-1
-1
-1
-1
31 16356
-1
-1
33 17244
-1
-1
33 16585
33 16585
-1
-1
-1
-1
-1
30 16943
30 16943
-1
-1
-1
30 17160
-1
-1
31 16690
31 17134
-1
-1
33 17146
-1
35 16927
-1
-1
-1
34 17248
-1
34 16652
34 16652
34 16652
-1
-1
-1
-1
-1
-1
-1
-1
-1
-1
38 16885
33 16872
32 17053
32 16703
34 16753
35 16605
-1
-1
-1
34 17079
34 17072
34 16668
34 17026
-1
-1
-1
-1
-1
-1
-1
34 17022
-1
33 16905
32 16737
32 16737
32 16718
32 16718
31 16671
-1
-1
-1
-1
-1
-1
32 16678
32 16678
32 16588
32 16588
32 16588
33 16605
-1
-1
-1
-1
-1
35 17144
35 17233
35 16645
34 16829
-1
-1
-1
-1
-1
30 16896
30 16896
-1
30 16896
-1
30 16963
30 16963
29 16943
29 16943
-1
-1
28 17145
28 17145
29 17244
29 17249
-1
-1
28 16929
-1
-1
-1
29 16657
30 17053
29 16894
-1
-1
-1
-1
-1
-1
-1
-1
-1
-1
30 16979
28 16974
27 16468
27 17205
-1
-1
27 17205
-1
28 17171
28 17035
-1
-1
28 17019
-1
29 16576
30 17012
29 16797
-1
-1
-1
34 17233
32 16827
-1
-1
-1
-1
-1
31 16887
-1
-1
34 16995
-1
-1
-1
-1
-1
35 17214
-1
-1
-1
33 16969
33 16969
34 16985
-1
36 16963
36 16963
-1
36 16765
-1
37 16919
37 16628
38 17193
38 17135
-1
35 16694
-1
35 16694
-1
-1
-1
-1
-1
30 16867
30 16867
-1
29 16972
29 16972
29 16472
30 17161
-1
30 17161
-1
-1
28 16622
29 17152
29 17003
29 17003
29 16657
30 17197
30 16664
30 16664
29 16424
31 17110
-1
-1
-1
32 17070
-1
-1
33 17068
-1
34 16992
-1
-1
-1
34 16976
-1
35 16767
-1
34 17132
-1
34 17215
32 16837
33 16959
32 16390
33 17175
-1
-1
32 16861
-1
-1
33 17193
32 16764
-1
-1
33 17170
-1
-1
-1
34 17069
35 17078
-1
-1
35 17138
-1
-1
-1
-1
38 17213
38 17096
38 17146
-1
38 17140
-1
37 17055
-1
-1
-1
-1
-1
-1
-1
-1
33 16924
-1
-1
34 17254
-1
32 16446
-1
-1
-1
35 17023
-1
35 16600
39 17029
-1
-1
-1
-1
-1
-1
-1
-1
-1
39 16670
-1
-1
-1
-1
-1
-1
-1
-1
-1
-1
-1
-1
-1
34 16961
-1
36 17121
-1
36 16478
-1
-1
-1
-1
-1
35 16927
-1
38 17115
-1
-1
-1
-1
37 16912
-1
36 17167
-1
36 17041
36 17041
-1
36 16786
-1
-1
-1
32 16815
35 17244
-1
-1
-1
35 17247
35 17148
35 17148
35 17148
-1
-1
33 16428
34 17181
34 17181
34 16644
34 17040
-1
-1
-1
-1
35 17077
-1
34 17070
-1
-1
-1
33 16804
-1
-1
-1
-1
-1
-1
34 16684
-1
-1
32 16981
-1
31 17201
31 16594
-1
-1
31 17191
-1
32 16916
-1
-1
-1
33 17014
34 17155
-1
-1
39 17109
40 17251
-1
38 17105
36 16407
-1
-1
-1
36 16903
-1
35 16988
-1
-1
37 16338
-1
35 16929
-1
-1
-1
37 16747
35 17076
-1
35 17076
-1
-1
-1
-1
-1
-1
36 17251
-1
-1
-1
-1
-1
-1
32 16902
28 16613
28 16887
-1
-1
-1
29 17156
-1
-1
-1
-1
32 17118
32 17118
-1
-1
-1
-1
-1
33 16697
33 16697
37 16949
-1
37 16949
37 16949
38 17100
37 17243
-1
-1
-1
-1
-1
-1
-1
40 17163
-1
-1
39 17183
-1
38 17098
38 17098
35 16682
36 17240
-1
-1
34 16663
35 16727
36 17105
-1
36 16972
-1
33 16514
-1
-1
-1
-1
-1
33 16684
-1
-1
-1
35 17013
-1
-1
29 16639
-1
-1
31 16968
32 17237
-1
32 17134
-1
31 16421
31 16421
-1
-1
-1
29 16591
-1
29 16984
30 17122
-1
-1
29 16767
28 17205
-1
-1
-1
-1
-1
36 17224
-1
37 17215
36 17187
-1
-1
-1
34 17251
35 17080
-1
-1
38 17249
-1
-1
-1
37 16702
-1
-1
-1
38 17182
-1
37 17186
37 17186
-1
-1
38 17248
-1
-1
37 17247
37 16457
38 16788
-1
37 17025
-1
-1
-1
36 17007
36 17007
-1
-1
-1
35 16714
-1
-1
37 16736
-1
-1
40 17001
-1
-1
-1
-1
34 16642
-1
37 16660
37 17098
-1
37 17098
-1
-1
-1
36 17158
-1
-1
-1
-1
-1
39 16707
39 16707
36 16793
-1
36 16793
-1
-1
39 17044
38 17108
40 17142
-1
-1
-1
35 16651
36 17136
-1
-1
39 17168
39 17168
-1
-1
39 16455
-1
39 16427
-1
40 16800
37 17105
-1
-1
-1
-1
-1
41 17101
-1
-1
-1
-1
39 17193
-1
39 16910
39 16910
-1
-1
36 17150
-1
36 17106
-1
-1
-1
38 17158
-1
-1
-1
-1
-1
-1
-1
-1
-1
41 16796
41 16796
42 16989
41 17172
-1
-1
-1
37 16779
-1
37 17218
-1
35 17095
-1
-1
34 17137
-1
34 16975
-1
35 17079
-1
-1
35 17079
32 17037
-1
34 17221
-1
-1
-1
34 17131
-1
-1
34 17034
34 17034
34 16707
35 17018
32 17109
-1
31 17162
30 16855
-1
-1
35 16982
36 16333
37 16921
37 16921
-1
37 16729
37 16729
37 17180
-1
33 16807
36 17213
33 17078
-1
-1
-1
32 16733
-1
33 17171
32 17226
-1
-1
36 17223
-1
33 16913
33 16913
32 17022
33 17085
-1
34 16901
33 16987
35 17071
-1
-1
-1
36 16665
-1
-1
-1
-1
-1
40 17204
-1
35 17171
-1
34 16593
-1
-1
35 16985
35 16985
35 17148
-1
-1
-1
-1
-1
35 17049
-1
-1
-1
36 17165
-1
-1
-1
38 16605
38 16605
39 17235
37 16652
37 16978
-1
-1
37 17129
39 17048
39 17048
-1
39 17048
-1
-1
39 16867
39 16867
41 17230
39 17084
38 17130
38 17130
38 17130
38 16997
-1
35 16937
-1
36 17206
36 17099
35 17210
35 17210
36 17057
36 17057
38 16422
39 16744
39 16744
-1
-1
37 17213
-1
-1
-1
38 16449
38 16449
38 16449
-1
36 17021
-1
34 17061
-1
-1
-1
34 17048
-1
34 17048
-1
-1
-1
-1
-1
37 16525
-1
-1
34 16977
-1
35 17115
35 17115
35 16495
34 16808
-1
36 16819
34 16383
38 16695
38 16695
-1
37 16728
-1
-1
-1
-1
34 16632
34 16632
34 16632
-1
30 17098
-1
-1
30 17229
-1
30 17237
28 17229
-1
29 17081
-1
34 17195
32 16539
32 16539
-1
31 16538
31 16538
31 16538
31 16538
-1
-1
-1
-1
-1
-1
34 16938
34 16938
34 16938
35 17146
34 17185
-1
34 17125
-1
-1
-1
-1
33 16985
-1
-1
-1
30 16613
30 16613
32 16558
-1
31 16579
-1
-1
-1
-1
-1
-1
36 16966
36 16966
-1
-1
-1
36 17048
35 17065
32 17184
-1
-1
-1
34 17155
-1
33 16893
-1
-1
29 16876
-1
-1
-1
-1
-1
-1
35 16844
-1
-1
-1
34 17081
34 17081
-1
34 16712
-1
-1
-1
-1
-1
-1
37 16980
-1
-1
37 17168
-1
-1
36 17111
35 16971
32 17051
31 17112
-1
30 16438
30 16438
-1
-1
33 16962
32 17214
-1
32 16880
32 16535
-1
34 16903
-1
33 16802
33 16802
35 17234
-1
35 16665
35 16665
-1
-1
-1
35 16583
-1
34 17176
-1
-1
-1
-1
29 16838
28 16637
-1
-1
-1
-1
-1
-1
-1
34 17164
-1
35 17036
35 17036
-1
35 16940
-1
-1
37 16842
37 17129
-1
-1
38 17193
-1
-1
-1
37 16931
-1
-1
-1
37 16710
35 16600
35 16661
-1
-1
33 16401
34 17200
-1
-1
-1
-1
-1
31 16576
-1
33 17157
33 16766
-1
31 16539
-1
29 16443
-1
30 17102
-1
-1
-1
31 17086
29 16526
30 17004
-1
30 16898
-1
-1
-1
-1
-1
-1
30 17062
-1
-1
33 16625
33 16871
33 16871
-1
33 16871
35 17165
35 16852
-1
-1
-1
-1
-1
-1
-1
-1
-1
37 17035
-1
36 16558
37 16702
39 17186
-1
-1
-1
39 17169
-1
39 17169
39 17131
39 17131
-1
38 16765
38 17088
-1
38 16635
-1
40 17186
-1
39 16591
-1
-1
37 16871
37 16871
37 16871
-1
-1
38 16952
36 16807
36 16807
-1
-1
40 17055
-1
42 17230
-1
-1
44 16590
45 17253
42 17091
-1
-1
36 17056
-1
36 17170
-1
-1
35 16889
35 16889
-1
32 16893
-1
32 16891
-1
-1
-1
32 16933
32 17069
-1
-1
-1
30 16472
32 17121
-1
-1
-1
31 16814
31 16814
-1
32 17049
29 16637
-1
-1
-1
27 16656
28 17206
28 17123
-1
-1
-1
-1
32 17151
-1
33 16956
-1
-1
33 17037
-1
-1
-1
36 17028
36 17156
-1
38 16540
-1
-1
-1
-1
-1
-1
-1
-1
34 17072
-1
34 17072
-1
-1
-1
34 17218
-1
36 16791
-1
-1
39 17192
-1
-1
-1
-1
-1
-1
39 17201
39 16963
-1
39 17090
38 16338
-1
-1
39 17200
34 16394
-1
-1
-1
-1
-1
-1
-1
33 17075
33 17075
-1
31 17234
-1
-1
30 17068
30 16607
-1
30 17149
-1
-1
-1
-1
-1
-1
-1
30 16575
-1
30 16379
-1
36 17079
-1
36 17155
34 17039
33 17138
-1
-1
-1
31 17150
32 17217
-1
-1
-1
-1
29 16598
29 16381
-1
-1
-1
29 16671
32 16660
-1
-1
-1
33 16753
33 16753
-1
-1
34 16811
35 16981
35 17104
36 17096
36 16708
37 16834
35 17235
36 17196
-1
35 16360
35 17247
-1
-1
36 16763
38 17186
-1
-1
39 17078
-1
39 17203
37 16953
37 17114
34 16719
-1
35 16572
36 16885
36 17062
-1
36 16553
-1
36 16823
-1
-1
36 16462
36 16462
36 16462
36 16462
34 17107
-1
-1
-1
33 16552
-1
-1
-1
-1
38 17252
-1
37 17236
-1
-1
-1
-1
32 17086
31 17071
-1
-1
30 16780
31 17182
-1
33 16874
-1
-1
33 16874
-1
34 17140
-1
38 16999
-1
36 16659
-1
38 16981
38 16981
-1
38 16588
-1
-1
-1
39 17182
-1
38 16791
-1
-1
-1
41 16905
39 16536
39 16536
-1
36 16863
-1
-1
38 17244
-1
-1
-1
-1
36 17072
-1
36 17072
36 17072
35 16546
-1
-1
-1
33 16786
-1
33 16862
33 16862
28 16664
-1
31 16685
-1
33 16349
-1
-1
-1
35 16787
34 16649
-1
-1
33 16797
32 16890
-1
-1
-1
31 16638
-1
-1
-1
-1
-1
-1
-1
37 17233
38 16793
-1
-1
-1
40 16967
-1
-1
-1
38 17129
-1
37 17219
-1
-1
-1
-1
32 16404
35 17179
35 17179
-1
-1
35 16512
-1
-1
-1
38 16991
-1
38 17038
38 17038
39 17189
-1
-1
41 17188
-1
41 17188
41 17188
39 16878
-1
-1
-1
37 16681
-1
-1
37 16662
-1
-1
37 17065
-1
35 16861
-1
-1
-1
-1
-1
-1
37 16603
-1
-1
36 17180
38 16881
-1
40 17090
40 17090
40 17090
-1
-1
-1
41 17206
41 17206
40 17183
-1
37 17064
-1
35 16958
36 17187
36 16782
-1
-1
35 17092
35 17092
-1
-1
-1
34 17210
-1
36 16948
36 16917
36 16976
-1
36 16998
-1
35 16767
-1
35 16421
-1
36 17190
-1
-1
32 16763
32 16763
-1
31 16977
-1
30 17052
30 16728
-1
32 16843
32 16843
-1
-1
-1
-1
-1
30 17180
-1
-1
29 17224
29 16732
30 17236
-1
27 17013
-1
25 16534
-1
-1
25 16602
-1
-1
26 17040
26 16717
-1
-1
-1
33 16752
-1
35 17228
35 17022
-1
-1
-1
-1
-1
-1
44 17210
-1
40 16739
-1
-1
-1
-1
37 17105
-1
-1
-1
34 16975
-1
28 17024
29 17105
30 17208
-1
26 17115
-1
-1
-1
-1
-1
27 16870
27 16870
-1
32 16838
32 17018
31 16590
-1
-1
32 16697
-1
-1
-1
-1
-1
-1
35 16940
36 16891
-1
35 16708
36 17041
-1
36 16965
-1
31 16863
31 16863
-1
-1
-1
33 17123
34 17233
32 17113
-1
30 17004
-1
-1
31 17027
30 17080
30 17080
-1
30 16681
31 17228
31 16462
-1
-1
33 17225
-1
-1
32 16525
35 17146
35 17078
35 17057
35 16875
-1
-1
35 16820
-1
-1
-1
35 17242
36 17056
-1
-1
34 16495
-1
-1
27 16957
-1
-1
-1
27 16706
-1
30 16352
30 16514
-1
-1
29 16696
30 16999
30 16999
29 16479
31 17028
30 16809
-1
31 16946
31 16946
31 16954
-1
-1
-1
34 16615
-1
35 16879
-1
35 16946
-1
35 16946
38 17039
-1
-1
-1
-1
39 17186
39 16671
-1
-1
-1
37 16410
38 17225
-1
-1
38 17016
35 17242
-1
-1
-1
37 17086
37 17086
36 16448
37 16564
37 16564
-1
-1
-1
-1
-1
34 17026
35 17207
29 16484
30 17075
-1
29 17221
30 17134
-1
-1
32 16752
-1
32 16494
34 17253
-1
-1
-1
-1
35 17017
34 16608
34 16608
-1
-1
-1
38 16890
38 16890
-1
-1
-1
-1
38 16914
37 16922
37 16987
36 17221
-1
-1
-1
-1
34 16804
34 17044
-1
-1
-1
35 17036
-1
-1
-1
-1
-1
-1
-1
36 16965
36 16965
-1
-1
-1
-1
-1
35 17230
-1
-1
-1
-1
-1
-1
-1
-1
-1
37 16972
-1
39 17231
39 17231
-1
-1
38 17193
40 17098
40 17098
-1
-1
-1
-1
-1
-1
38 16325
33 17104
-1
30 17070
30 17070
30 16881
-1
-1
30 16881
32 17201
-1
-1
-1
-1
34 17246
34 17132
-1
32 16905
33 17026
-1
-1
-1
-1
33 17098
-1
-1
32 16853
32 17022
-1
-1
-1
-1
34 16846
34 17232
35 17237
37 17218
-1
44 16903
44 17178
43 16772
43 16868
44 17223
42 17059
-1
42 17160
-1
-1
-1
38 17135
-1
35 16682
36 17034
-1
-1
-1
-1
28 16653
28 17194
-1
-1
-1
25 16801
25 16801
23 17126
22 16960
23 17002
-1
25 16686
-1
-1
28 17113
29 16977
31 17184
-1
-1
32 16938
32 16359
-1
-1
40 16593
-1
-1
-1
-1
-1
29 16951
27 17171
-1
-1
-1
28 17132
-1
29 16999
29 16856
30 17188
-1
-1
31 17028
32 16478
-1
33 16692
35 17133
-1
-1
31 16663
32 17164
30 16896
31 17199
31 17199
30 17135
30 16911
-1
32 17094
32 17004
-1
33 17008
-1
-1
36 16798
-1
-1
-1
37 17200
-1
-1
-1
-1
-1
38 17095
-1
40 17041
-1
-1
-1
35 16573
35 16573
-1
36 17014
-1
-1
-1
34 17201
-1
-1
35 16938
35 16938
35 16885
36 17002
-1
-1
37 16946
37 16946
-1
-1
36 16923
36 16701
34 16864
34 16864
34 16687
-1
34 16687
35 16537
-1
34 16357
-1
-1
-1
-1
32 17013
32 17013
-1
-1
-1
-1
-1
30 17149
-1
30 16665
-1
31 17002
-1
33 17234
-1
-1
34 16835
-1
36 17220
-1
34 16851
-1
34 17233
-1
35 17132
35 17077
-1
37 17236
37 17230
37 17230
40 17243
-1
40 17132
-1
-1
-1
36 17068
33 16937
-1
-1
-1
32 16706
32 17114
-1
-1
-1
-1
31 17043
-1
-1
-1
34 16979
-1
-1
34 16482
-1
35 17146
-1
-1
34 17131
31 16725
-1
-1
-1
-1
-1
29 17024
-1
31 17033
31 17033
-1
-1
31 16578
-1
-1
-1
-1
-1
34 16804
34 16804
-1
-1
34 17192
34 16396
36 17082
34 16859
-1
-1
-1
30 16798
30 16798
30 16798
29 16684
-1
-1
31 16392
31 16392
31 16392
31 16392
-1
-1
-1
31 16741
32 16864
-1
30 16832
31 17146
-1
29 16434
33 17147
-1
33 16821
33 17217
-1
34 17178
34 16974
-1
33 16879
-1
-1
34 16978
34 16978
32 16857
32 16857
-1
33 17207
-1
37 17146
37 17148
-1
38 16624
-1
38 16525
-1
39 16936
40 16991
-1
-1
37 16714
38 16813
40 17207
-1
37 16912
38 17245
37 17245
-1
-1
-1
38 16840
-1
-1
-1
-1
-1
37 17170
-1
-1
38 17250
-1
-1
-1
32 17055
-1
-1
-1
32 16534
-1
-1
-1
38 17188
39 16921
38 16950
38 17175
38 17175
40 17150
-1
-1
-1
-1
-1
34 17251
-1
33 16990
-1
-1
33 16405
38 17028
-1
-1
-1
34 17070
-1
31 16408
32 17054
-1
-1
-1
-1
30 17253
-1
-1
-1
29 16852
29 16714
-1
30 16557
31 17028
32 17142
-1
-1
30 16819
-1
30 16772
-1
30 17236
29 16854
-1
-1
33 16968
-1
-1
35 16999
-1
-1
34 17251
32 16822
29 17058
30 17224
29 16913
-1
-1
-1
29 17219
-1
-1
-1
-1
29 17131
31 17203
32 17253
32 17253
-1
-1
-1
35 16909
37 17025
-1
37 17070
38 16966
-1
-1
-1
43 17168
37 17075
-1
35 17248
-1
-1
-1
-1
-1
33 16585
-1
33 16748
-1
-1
33 17202
-1
-1
-1
-1
-1
-1
-1
-1
-1
32 17016
32 16646
-1
-1
34 17056
-1
-1
-1
34 17083
-1
-1
33 16916
-1
-1
-1
-1
36 17250
-1
37 17206
37 17206
37 17234
-1
37 17234
-1
-1
35 17208
35 17208
-1
-1
-1
33 16959
-1
31 17157
-1
-1
34 17067
-1
33 16957
33 16589
-1
35 16978
36 16767
36 16767
-1
-1
-1
36 17176
-1
-1
-1
-1
-1
-1
-1
35 17016
-1
34 16946
34 17148
32 16996
-1
-1
-1
-1
-1
-1
-1
33 16777
-1
-1
32 16509
34 17181
-1
-1
36 17015
36 17015
36 17161
-1
-1
37 17145
36 16917
-1
-1
35 17092
34 16806
-1
-1
-1
-1
-1
-1
30 16686
-1
30 16609
-1
30 17089
30 17089
-1
-1
30 17230
31 16962
-1
-1
33 17241
35 17180
-1
34 17159
-1
35 16540
-1
-1
-1
36 17025
-1
-1
36 16683
36 16586
-1
36 16586
36 16586
36 16586
34 16403
-1
-1
32 17199
-1
32 17217
29 17104
29 16716
-1
-1
-1
29 17173
-1
-1
35 17223
-1
-1
36 17081
35 16403
-1
-1
-1
29 17042
-1
-1
-1
-1
-1
-1
-1
30 16346
33 17081
33 17081
31 16937
31 16930
33 17025
-1
-1
-1
32 16998
-1
-1
-1
34 16890
36 17175
-1
38 17251
38 17251
-1
-1
-1
38 17215
35 17253
-1
-1
-1
39 17223
-1
-1
-1
38 17075
39 16947
-1
35 16556
-1
-1
-1
-1
32 16832
-1
-1
35 17058
33 17127
31 16437
-1
-1
34 16998
-1
-1
35 16882
-1
-1
-1
-1
36 17247
-1
35 16931
34 16803
-1
37 17024
-1
-1
-1
-1
37 17224
37 17224
-1
-1
-1
-1
33 16854
-1
-1
-1
34 17248
34 17248
36 17128
-1
35 16798
35 17247
-1
35 16672
-1
-1
-1
-1
-1
-1
40 16481
38 16757
-1
-1
-1
-1
34 16458
36 17154
-1
35 16862
-1
36 16421
-1
-1
-1
36 16860
-1
36 16450
-1
-1
-1
-1
39 16943
39 16943
37 16674
-1
-1
-1
-1
34 17014
33 17194
33 17194
-1
-1
-1
-1
-1
29 17069
-1
-1
-1
-1
-1
-1
30 17147
-1
-1
32 17143
-1
-1
-1
32 17019
32 17019
32 16784
33 17043
34 17131
33 17237
-1
-1
-1
-1
-1
40 16942
-1
-1
-1
-1
-1
41 16497
42 17191
-1
-1
42 17062
43 17188
43 17188
43 17020
43 17020
-1
43 17132
-1
-1
38 16634
37 16995
-1
-1
35 16869
-1
-1
-1
-1
-1
-1
-1
28 16672
-1
-1
34 16801
35 16976
-1
36 17242
-1
-1
-1
-1
37 16702
40 17222
40 17222
41 17239
-1
-1
-1
-1
-1
-1
-1
-1
-1
-1
-1
-1
-1
30 17126
-1
26 16552
26 16520
29 17223
-1
-1
-1
-1
30 16722
-1
-1
33 16510
-1
35 17153
-1
-1
-1
36 16630
-1
-1
-1
-1
-1
-1
36 16803
35 16815
35 16815
-1
-1
-1
-1
38 17012
39 17047
35 17207
35 17207
-1
33 16898
-1
-1
-1
36 17222
36 17222
-1
-1
35 17054
-1
34 17058
31 16994
31 16994
32 17212
-1
32 16497
31 16971
-1
32 17144
-1
33 17174
-1
-1
38 17210
38 17194
-1
40 16802
40 16959
-1
-1
39 16995
33 17009
33 17039
-1
-1
-1
35 17010
-1
33 16576
33 17148
-1
32 17022
-1
33 17042
31 16449
-1
31 17017
-1
-1
-1
-1
-1
36 16989
-1
37 17095
38 17052
37 17127
-1
-1
-1
39 17253
-1
-1
39 16974
39 16974
37 16656
37 16656
-1
-1
-1
31 17041
-1
29 17203
30 16932
31 17192
31 17192
31 17192
-1
-1
31 17221
-1
-1
-1
30 16809
30 16809
-1
-1
31 16768
31 16768
-1
31 17129
30 16909
-1
31 16541
-1
30 16763
-1
30 16763
30 17055
-1
30 16644
31 17100
31 17100
32 17168
-1
36 17026
-1
37 16805
-1
-1
-1
-1
-1
34 16860
35 17224
-1
33 17167
-1
-1
-1
-1
30 16619
-1
-1
-1
-1
-1
-1
-1
35 17233
34 16949
-1
-1
-1
-1
37 16924
-1
-1
-1
39 16797
-1
-1
-1
39 16596
42 17088
42 16912
45 16902
-1
-1
-1
-1
39 17189
38 17226
-1
-1
-1
-1
34 16958
-1
-1
-1
35 17121
35 16706
35 16706
-1
37 16774
-1
-1
-1
32 17242
32 17242
32 17242
-1
32 17037
-1
32 16894
-1
-1
-1
-1
32 17231
32 17231
31 16986
-1
34 17156
-1
-1
-1
35 16434
35 16434
-1
-1
33 16832
33 16832
34 17242
35 17224
35 17224
-1
-1
31 17074
31 17074
31 16896
-1
31 16914
-1
-1
-1
-1
-1
-1
34 17176
-1
36 17238
-1
-1
39 16562
35 16410
-1
-1
-1
34 16491
-1
-1
34 16977
-1
-1
-1
32 16588
-1
-1
-1
38 17020
35 17100
34 16740
35 16759
-1
-1
37 17085
37 17085
-1
-1
-1
-1
-1
35 17229
34 16712
-1
35 17205
-1
-1
34 16901
34 16662
-1
34 16899
34 16899
-1
32 16892
-1
-1
33 17102
-1
34 17100
34 17100
35 17014
-1
-1
-1
-1
-1
-1
36 16868
35 16560
36 16959
-1
-1
-1
-1
-1
37 16875
37 17236
-1
-1
-1
-1
36 16927
42 17142
42 17142
38 17221
37 17148
-1
-1
-1
-1
-1
-1
-1
-1
-1
35 16488
-1
36 17061
37 16386
-1
-1
-1
35 17230
35 17230
-1
36 16828
37 17078
-1
-1
38 17203
38 17203
38 16877
-1
-1
-1
-1
-1
-1
39 16964
39 16964
-1
39 16685
-1
38 16922
38 16922
39 17110
37 16827
-1
-1
37 17206
37 17206
35 17217
-1
-1
-1
-1
-1
35 17180
-1
-1
-1
-1
33 17085
32 17248
-1
-1
-1
31 16693
32 17035
-1
-1
-1
31 16359
-1
32 16629
-1
-1
-1
33 17044
-1
31 17203
-1
28 16700
-1
-1
26 16494
-1
28 16919
-1
29 16959
28 16512
-1
-1
31 16766
31 16991
-1
-1
30 16561
-1
29 17079
-1
29 17079
29 17079
-1
27 16868
-1
-1
29 16952
-1
-1
-1
-1
-1
-1
31 16834
-1
-1
-1
31 17159
-1
32 16724
32 16724
-1
-1
32 16695
32 16695
32 17091
-1
-1
32 16734
-1
33 16871
34 17130
-1
-1
-1
-1
32 17018
-1
-1
32 17186
32 17187
-1
31 17050
32 16750
-1
-1
-1
-1
31 16397
34 17178
34 17137
-1
-1
-1
33 16863
-1
32 16493
33 17199
-1
33 16957
32 17027
-1
-1
-1
-1
33 16918
33 16918
-1
-1
31 17098
31 17098
-1
33 16949
-1
32 17011
32 17011
-1
36 17149
-1
-1
34 17241
36 17127
36 17127
36 16979
36 16979
-1
-1
-1
-1
-1
-1
36 17156
-1
-1
36 17135
-1
31 17075
31 17075
33 16935
33 17164
-1
-1
-1
35 17104
-1
-1
32 16937
-1
35 17249
-1
34 16684
33 17110
-1
-1
-1
35 17194
-1
-1
-1
-1
34 17236
30 16672
30 16881
-1
-1
-1
-1
34 17129
-1
-1
33 17218
-1
31 16385
34 16564
35 17244
36 17033
36 17033
-1
40 16783
-1
-1
-1
-1
41 16935
42 17181
-1
-1
-1
-1
39 16978
39 17088
38 17103
-1
-1
-1
32 16648
34 16890
-1
34 16890
-1
-1
35 16783
35 16783
34 16820
-1
-1
-1
-1
34 16869
-1
34 16708
-1
-1
33 16987
-1
-1
34 17201
35 16968
33 16677
-1
34 16407
-1
-1
-1
35 17243
-1
33 17071
32 16737
32 16737
-1
31 16542
-1
-1
30 16514
-1
31 17106
-1
-1
30 16624
-1
-1
-1
31 17223
31 17059
-1
-1
-1
34 17076
-1
33 16992
34 17206
36 17233
-1
36 17238
36 17238
-1
38 16822
-1
39 17009
-1
-1
-1
-1
-1
33 16804
-1
29 17014
-1
-1
34 17020
-1
-1
-1
-1
-1
-1
-1
-1
-1
36 17118
34 17168
33 16745
30 16862
-1
-1
-1
-1
-1
30 16880
-1
30 17029
30 17029
31 17244
32 16748
33 17050
35 17186
-1
-1
-1
-1
-1
31 16601
-1
-1
-1
-1
32 17098
34 17106
-1
36 16701
35 16775
37 17161
-1
-1
-1
37 16617
-1
-1
-1
31 17081
31 17081
-1
31 17123
-1
-1
-1
-1
30 16686
-1
-1
-1
-1
-1
31 16688
-1
-1
31 17101
31 17101
31 17101
32 17044
33 16606
30 17249
-1
-1
-1
-1
-1
-1
33 16846
-1
-1
33 16546
-1
34 17213
-1
34 17090
-1
-1
35 16771
32 17141
-1
33 16773
33 16773
33 16773
-1
-1
34 17151
-1
34 17252
-1
-1
-1
-1
-1
35 17216
-1
-1
34 16878
33 16605
-1
34 16595
-1
34 16825
-1
-1
33 16832
-1
31 16566
-1
-1
31 16913
-1
-1
-1
-1
-1
-1
31 16948
31 17129
-1
32 16945
-1
-1
31 16451
31 16451
-1
-1
-1
37 16854
37 17199
38 16801
-1
-1
-1
39 16774
39 16987
-1
38 16935
38 16960
39 17047
-1
-1
37 17056
-1
-1
36 17145
-1
34 16421
-1
34 16421
-1
-1
-1
-1
-1
-1
-1
-1
-1
-1
35 16868
-1
-1
-1
-1
-1
35 16547
36 17132
35 16529
-1
-1
-1
33 17236
-1
34 16504
-1
-1
-1
-1
34 17172
33 17081
30 17099
30 16523
30 16910
30 16910
28 16776
-1
27 17064
-1
27 16770
27 16899
-1
-1
-1
-1
31 17113
-1
-1
31 17113
31 17113
32 16997
-1
-1
-1
35 16691
36 17119
-1
-1
36 17150
-1
-1
35 16689
36 17190
33 17096
33 17096
-1
35 17212
-1
-1
-1
34 17248
-1
-1
-1
-1
30 17224
-1
-1
30 17031
-1
-1
30 16679
-1
-1
-1
-1
-1
31 17123
28 16744
-1
-1
28 16744
-1
28 17229
-1
-1
27 16813
-1
27 16733
27 16733
-1
30 16429
-1
-1
-1
32 17229
31 17197
31 17197
-1
31 17127
32 17138
-1
-1
-1
-1
-1
32 17050
32 16975
-1
33 17159
34 17102
34 17102
-1
-1
37 17011
-1
38 17234
-1
38 16617
-1
-1
39 16586
39 16586
-1
36 17239
32 16704
-1
-1
-1
-1
-1
25 16770
29 17044
-1
-1
-1
28 16535
31 16829
31 17187
-1
30 16919
30 16919
-1
-1
-1
-1
30 17147
-1
-1
-1
30 16841
33 17170
33 17170
-1
-1
-1
-1
32 17160
32 17160
32 17160
-1
31 16958
-1
-1
29 16551
-1
-1
29 17165
-1
38 16893
41 17012
-1
-1
40 16965
-1
30 16851
30 17071
28 17048
28 17048
28 17048
32 17071
33 17235
-1
-1
33 16975
35 16510
37 17149
-1
-1
-1
-1
39 17176
-1
-1
-1
-1
-1
-1
-1
37 16764
-1
-1
-1
-1
-1
-1
-1
33 16822
34 16927
-1
-1
-1
-1
-1
-1
-1
37 16782
35 16595
36 16849
35 16887
-1
33 16729
-1
33 16378
34 17066
-1
32 17229
32 17229
-1
32 17229
-1
-1
-1
-1
-1
-1
28 17118
-1
28 17053
-1
28 17154
27 17096
-1
-1
-1
-1
27 16655
-1
-1
28 16866
-1
-1
-1
-1
34 17174
37 16861
37 16861
37 16861
37 16861
34 16531
35 16480
-1
-1
-1
37 16883
-1
34 17086
34 17086
-1
-1
36 17189
36 17149
-1
37 17154
38 16970
-1
-1
-1
38 17213
37 17186
-1
37 17181
37 17009
-1
37 17009
37 17009
37 17211
34 17020
-1
-1
-1
31 17249
30 16896
-1
-1
29 17120
30 17070
-1
30 16745
-1
31 17151
-1
-1
-1
32 16827
32 16827
33 16619
-1
34 16927
-1
35 17002
36 16943
-1
-1
39 17228
-1
-1
38 17151
36 17240
-1
-1
-1
36 16666
36 16666
-1
-1
-1
-1
-1
36 17231
-1
35 16854
-1
-1
-1
-1
-1
32 17084
34 16515
34 16919
-1
-1
32 16999
-1
-1
-1
-1
-1
-1
32 16716
-1
-1
-1
-1
33 17118
-1
-1
34 16887
-1
-1
-1
-1
-1
33 16493
-1
32 16856
-1
-1
-1
34 17006
33 16996
34 16511
34 16511
34 16511
34 16511
34 16511
-1
35 17159
36 16904
-1
-1
37 17040
-1
36 17148
35 16826
-1
36 17064
36 17064
34 17250
-1
-1
-1
32 16719
34 16835
-1
-1
34 17172
34 17172
-1
-1
-1
-1
-1
34 17077
-1
34 17077
34 16630
-1
32 16817
-1
30 16883
-1
-1
26 16797
-1
27 16825
-1
-1
30 16738
-1
-1
-1
31 16619
31 16619
-1
-1
36 17172
35 16515
37 17169
-1
-1
-1
-1
37 16921
-1
-1
-1
-1
-1
-1
-1
-1
-1
39 17195
-1
-1
-1
-1
36 16857
36 16857
-1
-1
-1
34 17096
-1
-1
35 17227
33 16753
-1
34 16550
-1
-1
-1
-1
-1
-1
34 17052
33 17193
34 16815
33 16377
34 17195
35 17168
35 17168
-1
-1
38 17116
-1
-1
-1
-1
-1
-1
-1
-1
-1
34 16514
-1
-1
-1
-1
-1
-1
-1
-1
-1
-1
-1
35 16625
32 17131
-1
32 16658
-1
-1
-1
-1
-1
-1
-1
-1
33 17058
-1
35 17128
-1
38 17224
-1
39 17247
39 17247
38 16880
-1
-1
-1
-1
37 17118
-1
-1
34 16650
-1
-1
35 17067
37 17033
-1
-1
-1
38 16440
-1
39 17205
38 17230
38 16760
-1
37 16571
35 17220
-1
-1
35 17110
-1
35 17110
-1
-1
-1
36 17082
36 17082
-1
-1
-1
39 16896
-1
37 16952
-1
-1
38 16970
-1
37 17197
38 16685
-1
40 16565
-1
41 17228
-1
-1
-1
35 17193
-1
-1
-1
-1
-1
-1
36 16882
35 17029
-1
35 16445
35 16445
-1
-1
-1
-1
-1
28 16710
-1
29 17095
29 16651
29 16651
-1
31 17147
-1
-1
31 16858
-1
-1
-1
32 17072
33 17163
-1
34 17092
-1
-1
35 16759
35 16759
36 17148
-1
-1
39 17166
37 17149
-1
37 16938
-1
-1
36 17208
38 17085
37 16971
-1
33 17160
-1
32 17040
33 16700
34 17081
33 17097
-1
-1
-1
-1
33 16664
34 16747
34 16747
-1
-1
-1
-1
35 16766
-1
-1
-1
-1
33 17000
33 16626
34 16724
35 16608
35 16668
-1
-1
-1
-1
28 16830
-1
27 16597
-1
27 17072
28 17119
-1
27 17250
27 17250
-1
-1
29 17096
-1
-1
28 16769
-1
31 16801
32 16836
-1
-1
-1
32 17084
-1
-1
34 17095
-1
34 17012
-1
-1
34 17190
34 16923
35 17166
35 17166
-1
-1
33 17082
31 17104
32 16998
-1
-1
-1
-1
-1
-1
-1
-1
-1
-1
34 16842
-1
-1
33 17185
33 17185
33 17185
-1
33 17222
-1
32 16986
-1
-1
31 16951
32 17045
-1
-1
32 16763
-1
33 17090
33 17013
-1
-1
-1
32 17178
-1
-1
-1
-1
-1
-1
-1
34 16970
-1
35 17175
36 16935
36 16935
-1
-1
38 17236
-1
40 16767
-1
41 16838
-1
-1
-1
-1
-1
-1
-1
-1
38 16532
39 17179
-1
38 17243
-1
-1
39 17153
-1
40 16452
-1
-1
35 17057
-1
-1
-1
37 17180
37 16988
39 17250
39 17250
-1
39 17207
-1
38 17160
-1
-1
-1
-1
-1
-1
-1
-1
39 17148
-1
39 17148
-1
-1
40 16668
39 17179
41 17096
35 17179
-1
-1
34 16616
-1
-1
-1
-1
-1
-1
33 16809
-1
-1
-1
-1
-1
37 17180
-1
37 16942
-1
33 16950
-1
33 16950
-1
-1
35 17151
-1
-1
-1
36 17006
-1
36 17006
-1
-1
-1
-1
-1
-1
-1
-1
-1
35 17005
34 16834
-1
-1
-1
-1
-1
33 17233
33 17233
-1
-1
-1
-1
-1
33 17200
-1
33 16668
-1
-1
-1
34 16617
35 17067
36 16760
-1
37 16725
37 16436
-1
-1
36 17118
-1
-1
-1
32 17188
32 17095
-1
32 17145
-1
33 17226
-1
33 16860
33 16993
-1
-1
33 17094
-1
-1
32 16859
33 16978
-1
35 17213
-1
-1
-1
-1
41 17025
42 17232
-1
40 17143
39 17178
-1
38 17059
-1
-1
-1
36 17030
-1
-1
-1
35 17105
-1
34 16825
31 17072
-1
-1
-1
-1
-1
33 17155
32 17248
-1
-1
-1
35 16458
-1
-1
-1
-1
-1
-1
32 16806
-1
33 17156
-1
-1
-1
-1
32 16623
-1
32 16623
32 16623
-1
-1
36 17129
36 17129
39 16841
-1
-1
40 17161
-1
-1
41 16948
-1
-1
40 16917
-1
-1
35 16947
35 16947
36 17062
-1
32 16864
34 17214
-1
-1
33 16847
-1
-1
31 16549
-1
33 17002
33 17002
-1
33 16975
-1
-1
-1
-1
-1
-1
-1
36 17086
37 17206
-1
-1
-1
36 17006
-1
-1
-1
33 17121
33 17121
33 16634
-1
34 17195
-1
-1
30 17036
-1
32 16722
-1
-1
-1
32 16577
34 16872
-1
33 16638
33 16638
34 17236
-1
-1
32 17136
-1
35 17196
35 17196
33 16926
-1
-1
-1
37 17232
-1
37 17232
-1
-1
-1
38 16727
39 17195
39 16916
39 17041
-1
-1
-1
39 16812
39 16812
39 16812
-1
43 17214
43 17214
43 17099
-1
42 17246
42 17246
42 17246
-1
39 17040
-1
-1
-1
39 17090
38 16960
-1
32 16830
-1
30 17000
32 17241
30 16899
31 17123
-1
-1
30 17085
-1
-1
-1
-1
31 17037
30 16436
29 16676
29 16676
-1
-1
31 16871
-1
31 17174
-1
32 17249
-1
-1
33 17226
34 16653
-1
-1
35 16795
-1
37 17142
-1
-1
38 16956
-1
-1
-1
-1
39 17179
-1
41 17047
-1
-1
37 16855
37 16803
37 16803
-1
35 16813
-1
-1
-1
-1
-1
30 17227
-1
-1
-1
-1
-1
33 17042
-1
33 16913
-1
34 16604
-1
-1
-1
39 17229
39 17229
39 17144
-1
34 16507
34 16417
-1
31 16925
-1
30 16569
-1
-1
32 17053
-1
32 17053
32 17053
32 16585
-1
31 16734
30 16522
30 16522
-1
-1
-1
-1
-1
37 16831
-1
-1
36 16966
36 16966
37 17134
-1
-1
-1
-1
-1
-1
-1
-1
-1
-1
30 16754
32 17186
-1
-1
33 16868
-1
-1
35 16788
34 16348
36 17241
36 16725
35 16659
35 16560
-1
-1
38 17162
37 16845
-1
-1
-1
-1
-1
36 16950
34 16820
-1
-1
-1
34 16820
-1
-1
-1
-1
-1
36 16930
36 16930
-1
35 17177
34 17072
34 17072
-1
37 16586
38 17069
37 17053
37 17053
37 17053
42 17195
-1
41 17000
39 16915
-1
34 16821
-1
-1
-1
29 17152
-1
-1
30 16895
-1
31 17188
-1
32 16525
-1
32 16640
-1
-1
32 16434
32 16434
-1
-1
-1
-1
-1
30 16395
-1
34 17212
34 17212
-1
34 17118
-1
-1
-1
-1
-1
-1
31 16680
-1
29 17050
-1
-1
-1
-1
30 16891
-1
-1
30 16905
32 17251
-1
32 17251
32 17251
-1
34 17176
-1
-1
-1
-1
38 16484
-1
-1
-1
-1
38 17187
-1
-1
38 17215
38 17215
-1
38 16768
-1
36 17160
-1
36 17065
-1
36 17065
-1
35 16604
-1
-1
-1
38 17138
38 16779
-1
41 17074
41 17057
-1
40 17065
-1
40 16828
41 17217
-1
38 16532
-1
-1
-1
39 16995
-1
38 16993
34 16759
-1
-1
36 16490
38 17075
-1
-1
-1
34 17122
34 16597
-1
-1
-1
35 17239
-1
36 17044
-1
-1
33 17251
-1
-1
31 16615
-1
-1
-1
-1
30 16783
30 16783
30 16783
-1
31 16962
-1
31 16834
31 16834
31 16843
-1
32 16708
-1
34 17055
-1
34 16551
34 16551
34 16551
-1
-1
33 16704
-1
32 16789
33 16466
35 17133
32 17102
-1
31 16618
-1
-1
33 17129
-1
-1
-1
-1
-1
36 17203
-1
35 16969
-1
34 16496
-1
36 17049
34 17097
-1
31 16951
-1
30 17108
-1
-1
-1
-1
-1
29 17178
28 16913
-1
-1
28 17155
29 16962
29 17161
-1
29 17093
-1
-1
31 17132
31 16699
32 16430
-1
33 17229
34 17210
-1
31 16903
31 16766
-1
-1
-1
-1
35 17105
-1
-1
-1
-1
-1
38 16690
-1
-1
38 17216
37 16603
37 17242
-1
-1
-1
-1
-1
-1
-1
-1
35 17020
-1
34 17121
-1
34 17047
34 17047
-1
-1
32 17190
-1
-1
29 16893
29 16893
31 17035
-1
32 16800
-1
-1
34 17019
-1
34 16995
33 17095
-1
-1
-1
-1
29 16565
30 17071
-1
30 16806
-1
31 17026
30 16731
31 16421
31 16421
36 16933
-1
-1
-1
37 17234
37 16524
38 16949
39 17166
38 16862
-1
-1
35 16726
-1
-1
-1
33 16712
-1
-1
-1
33 17210
-1
-1
34 17163
34 17163
35 17017
35 17002
-1
32 16807
-1
-1
-1
-1
-1
38 17101
37 16702
37 16427
37 16427
38 17235
38 17235
37 16999
-1
-1
-1
35 17103
-1
-1
33 16634
33 16634
-1
-1
-1
35 17193
-1
33 17066
-1
-1
33 16957
34 17107
34 16951
-1
-1
35 17212
-1
-1
34 16935
-1
35 17191
-1
-1
-1
38 17169
-1
-1
38 16856
-1
40 16910
40 16910
36 17067
-1
37 17166
39 17065
39 16920
-1
-1
-1
-1
-1
-1
-1
33 16526
-1
33 16526
31 16906
-1
-1
31 16429
-1
-1
31 16429
-1
-1
-1
-1
-1
35 17071
-1
35 17051
-1
35 17137
-1
-1
34 16543
-1
-1
-1
-1
-1
35 17246
35 17246
35 17071
35 17112
36 17245
36 17245
-1
-1
31 17207
-1
30 16869
30 16640
-1
32 16345
33 17096
-1
-1
-1
-1
33 17227
-1
-1
-1
33 17172
33 16873
-1
32 17244
32 17244
32 17244
-1
-1
31 16861
-1
-1
-1
-1
29 17100
29 16646
29 16785
-1
-1
-1
-1
31 16623
33 17183
33 16936
-1
-1
-1
-1
-1
33 17196
35 16875
-1
-1
-1
37 17229
34 17062
35 17083
-1
-1
-1
38 16756
39 17129
-1
-1
-1
-1
38 17153
36 17041
-1
35 17216
37 17082
-1
-1
-1
-1
-1
-1
-1
-1
39 16893
-1
-1
-1
-1
38 17187
39 17174
38 17245
38 17245
-1
-1
-1
-1
-1
38 17245
38 17106
38 17071
-1
-1
39 16611
39 16611
40 16821
-1
39 17135
-1
39 17049
41 17235
40 16997
-1
-1
-1
-1
36 17081
-1
34 16432
-1
34 16432
-1
-1
-1
35 16914
37 17228
36 16836
33 17130
-1
30 17197
30 17197
-1
30 16793
30 16793
31 17043
30 16759
-1
29 16850
-1
31 16703
-1
34 16841
35 16883
-1
-1
-1
37 16685
37 16449
37 16449
-1
-1
-1
-1
-1
-1
-1
31 17037
-1
28 16998
-1
28 16694
-1
29 16881
-1
-1
30 16952
30 16952
-1
-1
-1
-1
42 17183
42 17183
38 16725
34 16996
-1
33 17250
32 17183
-1
32 17014
30 16898
-1
-1
-1
-1
-1
-1
30 17090
-1
-1
-1
-1
31 17171
-1
33 16778
35 17254
-1
-1
33 17077
-1
-1
-1
-1
-1
37 16650
38 16981
-1
-1
38 17169
-1
37 16472
34 16952
34 17194
32 16957
-1
30 16538
-1
-1
31 17236
30 16912
29 16733
-1
-1
31 17104
31 17104
-1
-1
-1
32 16704
-1
-1
-1
34 16681
-1
-1
-1
-1
33 17081
33 17081
33 17081
-1
-1
35 17188
36 17226
36 16832
36 16832
-1
33 17101
33 16665
-1
34 17219
34 17087
-1
-1
-1
-1
-1
-1
-1
35 17181
-1
35 17181
-1
34 16794
35 16557
39 16813
39 16813
-1
-1
-1
-1
39 16959
40 16855
41 17071
41 17068
41 17218
-1
-1
40 17015
35 17075
36 17188
-1
32 17167
33 17217
-1
-1
34 16943
34 16943
-1
-1
34 16985
-1
-1
-1
-1
-1
-1
35 17066
37 16758
37 16758
-1
-1
39 17096
39 17096
40 17206
35 16579
-1
-1
-1
-1
31 17036
-1
-1
-1
32 17203
-1
34 17226
-1
38 16952
38 16952
-1
-1
-1
40 16873
41 17054
-1
-1
43 16911
43 16617
47 17050
47 17050
-1
-1
-1
-1
38 16980
39 17184
37 17218
37 17218
-1
30 16561
32 17181
33 17172
-1
33 17172
-1
-1
-1
30 16963
30 16963
29 17240
30 17158
-1
32 17043
-1
32 17043
-1
33 17146
-1
33 17168
33 16511
-1
-1
-1
36 16521
-1
-1
33 17007
33 17007
33 17106
-1
-1
-1
33 16982
-1
-1
34 17078
-1
-1
33 17031
-1
-1
-1
-1
-1
-1
-1
-1
-1
32 16431
-1
28 16857
-1
-1
-1
-1
-1
-1
-1
-1
33 17145
33 17106
-1
33 17175
-1
-1
-1
-1
34 16779
35 17143
-1
35 17143
35 17060
-1
-1
37 17246
37 17122
-1
35 16854
-1
37 17160
-1
-1
-1
36 17186
-1
37 17145
-1
35 16820
35 16820
-1
36 17063
33 17002
-1
-1
-1
28 17059
28 16469
-1
-1
-1
-1
26 17125
-1
-1
-1
29 17251
32 17206
-1
-1
-1
-1
34 16527
36 17059
36 17059
-1
-1
37 17146
38 16509
-1
37 16994
-1
-1
-1
-1
31 16595
-1
34 16545
33 17103
-1
31 17082
-1
-1
29 17155
27 16613
30 16893
29 16595
31 17020
-1
31 17020
28 16725
28 16856
29 16938
29 16938
29 16938
-1
31 16356
31 17191
-1
-1
-1
-1
-1
-1
37 16974
40 17235
-1
41 17238
41 17238
-1
41 17238
39 17224
-1
39 17224
38 17196
-1
-1
39 16896
39 17164
39 17164
38 16913
38 16913
39 17090
-1
-1
-1
-1
-1
-1
-1
33 16411
33 17023
-1
33 17039
-1
-1
-1
-1
-1
-1
40 16618
38 16945
-1
-1
-1
-1
38 16382
-1
-1
36 17158
-1
-1
35 16958
-1
33 16805
34 17247
33 17211
31 16887
-1
-1
28 16833
28 16833
-1
32 16933
-1
-1
34 17221
-1
34 17031
34 17031
-1
-1
-1
-1
37 16917
37 16917
-1
-1
-1
-1
-1
37 17227
37 17227
-1
38 16795
38 17141
-1
37 16487
-1
-1
38 17028
38 17028
38 16481
-1
-1
38 16802
-1
36 17019
-1
-1
36 16688
37 17178
36 17139
36 16981
-1
-1
-1
36 16824
-1
-1
-1
37 17018
37 17018
-1
36 16948
-1
34 16863
-1
-1
-1
-1
33 16623
33 16623
-1
32 17002
-1
-1
32 17185
-1
-1
-1
30 16928
31 16967
31 16967
31 16716
-1
32 16692
34 17030
-1
33 16788
33 16788
35 17181
34 16605
-1
-1
-1
36 16737
-1
-1
36 17143
-1
-1
37 17166
38 17086
-1
34 17247
-1
-1
-1
32 17033
-1
-1
31 16922
32 17230
-1
31 17246
-1
-1
32 16650
-1
-1
-1
33 17167
33 17167
33 16853
34 16450
-1
-1
36 17247
-1
-1
-1
34 16989
32 17003
-1
-1
-1
34 17172
34 17110
-1
32 17031
32 17031
-1
31 16865
31 17176
31 16656
-1
-1
30 17206
30 16618
31 17245
-1
-1
32 17048
-1
-1
-1
35 17061
-1
-1
-1
35 16877
35 16877
36 17189
33 17123
35 16586
-1
-1
35 17025
-1
-1
33 17226
-1
-1
33 17177
32 17044
-1
32 17022
-1
33 17105
-1
-1
-1
37 17209
-1
36 16841
-1
-1
34 17215
34 16401
-1
34 17038
-1
35 17059
-1
-1
33 17014
33 16589
-1
33 16959
33 16544
33 16544
-1
34 16757
34 16904
33 16759
-1
29 17215
-1
-1
-1
30 17116
-1
29 16957
-1
28 16955
-1
28 16805
28 16805
27 16565
-1
27 16565
-1
29 16975
-1
29 16380
29 16380
-1
31 17030
31 17030
32 16718
-1
-1
34 16913
34 16913
34 16913
-1
-1
-1
42 16535
-1
-1
-1
-1
-1
40 16947
-1
40 17149
-1
42 17166
-1
-1
-1
-1
33 17082
-1
-1
32 16978
33 16908
34 17244
-1
34 17244
34 17244
34 17022
34 16387
-1
35 17114
35 17033
-1
-1
-1
-1
-1
37 16724
-1
-1
-1
-1
37 16920
-1
-1
-1
-1
36 17252
-1
-1
-1
-1
-1
-1
-1
-1
-1
-1
38 17188
-1
-1
35 17059
36 17135
36 17135
34 17239
34 16674
-1
31 16925
-1
-1
-1
31 16826
29 16749
29 17123
-1
28 16742
-1
-1
-1
-1
-1
35 16539
37 17213
-1
-1
-1
38 17231
37 17193
39 17237
40 17074
-1
-1
41 17142
-1
-1
35 16969
36 17116
-1
36 17252
35 16808
-1
40 17135
40 17135
-1
-1
-1
-1
-1
42 16819
-1
42 17095
-1
-1
-1
37 17046
-1
-1
38 17231
-1
-1
35 17013
-1
34 16833
33 16473
-1
-1
-1
-1
-1
35 17040
-1
33 16908
32 16681
33 17157
-1
33 16885
34 16965
34 16960
-1
-1
-1
-1
-1
-1
-1
-1
34 16415
34 16415
39 17163
-1
-1
-1
46 17238
44 17023
-1
40 17230
38 17140
34 16780
34 16736
34 16736
31 16450
-1
-1
30 17141
30 17141
-1
-1
-1
31 17061
-1
-1
33 16556
34 17148
32 17024
-1
31 17117
-1
32 16789
33 17016
-1
-1
-1
-1
34 17161
-1
-1
33 16633
-1
-1
33 16870
33 17213
32 16978
32 16978
-1
31 16982
31 16792
-1
-1
27 17078
-1
-1
-1
27 17169
27 17169
27 17202
-1
30 17216
-1
-1
-1
32 17122
-1
-1
-1
31 17241
31 16401
32 16936
-1
-1
32 17142
-1
31 16432
32 16878
-1
-1
-1
35 16590
-1
-1
-1
33 17156
-1
34 17079
-1
-1
36 17142
35 17052
36 17206
-1
38 16971
-1
35 16949
-1
35 16949
36 16589
-1
38 17219
39 17119
-1
39 17243
-1
-1
-1
36 16656
38 17092
36 17132
-1
-1
36 17180
35 17198
33 17067
38 16765
-1
-1
36 17079
-1
-1
37 16806
36 16758
35 17234
32 16831
-1
-1
-1
-1
-1
-1
32 16932
32 17092
-1
-1
-1
32 16711
-1
-1
-1
34 16895
36 16568
36 17154
-1
-1
37 16802
-1
-1
-1
38 17100
-1
-1
-1
-1
35 17161
-1
36 16665
-1
-1
-1
37 17008
37 17008
-1
-1
-1
-1
35 16934
36 17080
-1
39 16910
37 17162
37 17130
-1
32 17102
31 16529
-1
29 16630
-1
29 16925
-1
30 17241
-1
29 17229
29 17204
-1
31 16463
31 16463
31 16463
32 17088
-1
-1
34 16899
-1
33 16874
-1
34 16977
34 16822
-1
33 17070
33 17070
32 16836
-1
34 17127
-1
34 17112
31 16901
-1
31 16901
-1
32 17148
33 17113
33 16972
33 16345
31 16802
-1
-1
-1
37 17114
-1
42 17224
-1
43 17092
-1
-1
39 17041
38 17073
-1
-1
-1
-1
-1
-1
-1
37 17191
-1
-1
-1
-1
-1
38 17130
36 16621
37 17050
-1
-1
36 16673
35 16873
35 17051
34 17120
31 17243
32 16801
-1
-1
-1
-1
-1
40 16725
38 16853
-1
-1
-1
30 17191
29 16903
29 16903
-1
-1
-1
-1
30 16389
-1
-1
-1
-1
-1
-1
-1
-1
-1
-1
33 17184
34 17179
-1
-1
-1
-1
-1
-1
-1
-1
-1
-1
31 16667
-1
-1
28 16638
-1
-1
-1
-1
-1
36 17002
-1
37 17246
-1
-1
-1
-1
-1
34 17106
-1
-1
-1
34 17213
-1
33 16875
-1
-1
-1
-1
30 16953
29 16442
-1
-1
30 16455
-1
-1
-1
-1
32 16702
32 16743
-1
-1
34 17164
36 16577
-1
-1
-1
-1
38 17068
-1
-1
-1
38 17068
-1
-1
38 17024
38 17180
38 17228
-1
-1
-1
-1
-1
38 17136
-1
-1
39 17149
-1
-1
-1
36 17153
35 16737
-1
-1
36 17102
-1
-1
39 17155
39 16576
-1
37 16826
-1
38 17047
38 17047
38 17220
-1
39 17003
39 17003
-1
39 17237
39 17038
-1
-1
-1
38 17199
35 17030
38 17152
40 17107
40 16729
40 16729
-1
-1
38 16674
38 16674
-1
38 17119
39 17244
-1
35 17061
-1
-1
36 16454
37 16895
37 16988
38 17029
38 17160
-1
38 17036
-1
-1
-1
-1
41 16892
-1
-1
41 16946
-1
36 17013
37 16837
37 16906
36 17008
37 17193
-1
38 16953
-1
-1
33 17019
33 16791
-1
33 16637
-1
-1
-1
34 17017
34 17140
35 17212
-1
-1
32 17073
32 17073
-1
-1
33 17036
-1
33 17116
31 16911
31 16911
31 16588
-1
31 17166
-1
30 17183
31 17091
31 17046
31 17046
32 17215
-1
-1
-1
31 17227
28 16726
-1
-1
-1
-1
-1
33 17238
34 17216
-1
-1
35 17031
-1
-1
-1
-1
27 16692
27 16675
-1
-1
-1
-1
29 16934
-1
30 17218
30 17218
-1
-1
31 16843
-1
31 17201
31 17105
32 16991
-1
-1
-1
33 16423
-1
34 16773
-1
35 16804
-1
37 16933
37 16933
-1
-1
35 17198
-1
-1
32 17241
-1
31 16827
31 17075
-1
31 16835
31 16778
-1
-1
30 16711
30 16627
-1
31 16504
-1
-1
-1
-1
33 17167
33 17167
-1
-1
-1
-1
35 16582
-1
-1
-1
-1
-1
37 16625
-1
38 17043
-1
36 16702
-1
38 17204
-1
37 17208
-1
34 17230
-1
34 17051
34 17051
32 17065
-1
-1
-1
33 16503
-1
-1
-1
-1
-1
-1
33 16515
33 16515
32 17234
32 17227
-1
33 17217
33 17217
-1
-1
-1
-1
34 16959
34 16959
-1
31 16785
-1
-1
-1
34 17148
-1
34 17026
36 17180
-1
-1
34 16398
35 16471
36 17093
-1
-1
40 16778
-1
-1
-1
-1
-1
38 16969
-1
-1
-1
-1
32 17164
-1
-1
-1
-1
33 17028
32 17034
-1
-1
-1
31 16978
-1
-1
30 17170
29 17075
29 17075
29 16981
-1
-1
-1
-1
-1
-1
-1
-1
31 16699
32 16599
33 17084
-1
-1
34 17195
-1
-1
-1
-1
31 17102
-1
-1
33 16719
-1
37 16457
-1
42 17225
-1
-1
-1
42 16920
-1
-1
41 17099
-1
-1
-1
-1
42 17237
-1
-1
28 16753
-1
-1
31 16510
-1
32 17239
31 17022
31 16795
-1
31 16795
32 17242
32 17242
38 17166
38 16912
-1
-1
36 16949
-1
37 17181
-1
38 17048
38 17048
-1
-1
-1
33 17122
-1
33 17122
-1
-1
33 17160
-1
-1
34 16890
34 16551
34 16551
-1
34 17081
34 17081
-1
-1
-1
-1
31 17117
31 17117
31 17130
31 17219
31 17219
31 17219
31 16638
-1
-1
31 17069
32 16997
-1
36 17243
36 17243
-1
39 16906
39 16906
-1
41 17157
-1
-1
41 17238
40 16885
-1
32 17207
32 17207
31 16729
-1
-1
31 16972
31 16972
-1
-1
31 16722
-1
33 17195
-1
33 17123
-1
33 16712
33 16712
33 17032
30 16615
-1
33 16694
-1
-1
-1
35 17227
32 16717
31 17064
32 17085
34 17246
33 16939
33 16980
-1
-1
-1
-1
-1
-1
-1
37 16836
37 16836
37 16836
36 16954
33 16959
-1
-1
32 17096
32 17096
31 16852
-1
-1
-1
31 16721
31 16721
31 16721
-1
32 17038
33 17110
-1
33 17134
-1
32 17013
32 16814
-1
-1
-1
32 17145
-1
-1
-1
-1
-1
-1
-1
-1
-1
-1
-1
26 16676
-1
-1
26 16829
-1
-1
-1
30 16741
-1
-1
31 16640
31 16640
-1
-1
-1
32 16818
-1
-1
-1
-1
36 17018
37 17008
-1
37 17008
37 16832
37 16832
-1
-1
35 16927
35 17170
-1
-1
-1
33 16751
-1
-1
33 16967
34 17173
-1
-1
32 17108
-1
31 17080
-1
32 17118
32 17118
-1
31 17021
-1
31 17151
-1
-1
33 17254
33 17254
-1
-1
33 16806
-1
-1
40 16899
-1
-1
-1
-1
-1
40 17177
-1
-1
-1
40 17166
-1
-1
-1
41 17049
38 17162
36 17234
-1
-1
36 17161
36 17161
-1
34 17119
35 16760
37 17094
-1
-1
38 17238
38 17238
35 16928
35 16928
36 17220
36 17193
-1
-1
32 16892
-1
33 17093
-1
31 17175
30 17133
29 16707
-1
-1
-1
-1
-1
29 16688
29 16688
-1
30 17213
30 16887
-1
-1
30 16831
31 17173
-1
-1
-1
30 16745
-1
-1
-1
31 16854
-1
32 17204
-1
-1
-1
-1
-1
33 16835
-1
-1
35 16957
35 16306
-1
36 17161
-1
-1
-1
30 16701
-1
-1
31 17148
32 17202
31 17088
-1
31 17088
-1
-1
-1
-1
32 16888
-1
-1
32 16784
-1
-1
34 17179
34 17085
-1
-1
37 17142
37 17142
-1
-1
-1
-1
-1
36 17233
-1
-1
-1
35 16897
-1
36 17096
38 16619
40 16857
-1
38 17222
38 17222
35 17023
-1
37 17237
-1
-1
-1
39 17100
-1
-1
-1
-1
-1
-1
35 16999
-1
-1
-1
36 17182
-1
34 16815
-1
-1
-1
35 17214
31 17064
-1
-1
-1
-1
34 16957
33 16966
33 16527
-1
-1
-1
-1
-1
-1
-1
-1
-1
-1
-1
32 17088
31 16472
-1
-1
31 17151
-1
-1
-1
31 17125
-1
-1
-1
-1
-1
32 16645
32 16645
-1
31 16688
33 17224
-1
31 17192
-1
30 16774
31 16968
-1
-1
28 17039
-1
29 17179
-1
-1
30 17246
-1
34 16958
-1
33 17092
33 16765
34 17119
-1
-1
-1
35 17010
-1
33 17062
29 16402
-1
31 17183
31 17183
-1
-1
33 16963
-1
33 16963
33 16963
-1
-1
-1
34 16358
36 16753
37 17172
-1
-1
-1
38 16933
38 16761
35 16795
35 16795
35 16962
34 16684
-1
32 16951
-1
-1
31 17098
-1
30 16566
-1
-1
-1
32 17243
-1
-1
-1
35 16929
35 17003
-1
36 16847
37 17188
-1
-1
40 17154
-1
40 17075
41 17112
-1
41 17239
41 17239
-1
-1
-1
37 17117
37 17117
-1
-1
37 16964
-1
32 16812
32 16519
34 17177
34 17177
34 17004
32 17110
32 16786
32 16786
33 17130
-1
-1
31 17058
-1
-1
-1
-1
-1
-1
34 17041
-1
35 16878
-1
38 16397
39 16987
39 16656
-1
-1
-1
-1
-1
34 17166
34 17166
-1
-1
-1
-1
-1
-1
-1
-1
37 17092
39 17231
39 17231
-1
-1
34 17218
34 17218
33 17207
-1
-1
33 17207
33 17207
33 17207
31 16675
-1
-1
32 17190
31 17019
-1
31 16350
32 16887
-1
-1
33 17112
-1
31 16493
-1
31 16493
-1
33 17105
-1
-1
30 17178
-1
31 16895
-1
32 16954
-1
-1
-1
-1
33 16926
-1
-1
33 16670
-1
-1
31 16803
32 16935
-1
-1
-1
-1
30 17059
-1
-1
31 16350
-1
35 17122
35 17019
34 16804
34 16886
-1
36 17060
37 17179
-1
-1
39 17205
-1
-1
39 16823
-1
-1
39 16895
36 16870
37 17118
37 17118
39 16931
-1
-1
32 17204
-1
-1
-1
-1
29 17154
31 17123
-1
-1
33 16569
-1
33 17099
34 17243
31 16456
31 16614
31 16614
31 16976
32 16755
31 16384
-1
-1
-1
-1
-1
-1
-1
-1
-1
-1
-1
-1
-1
-1
-1
35 17128
35 16717
-1
-1
-1
-1
-1
-1
35 17011
-1
-1
38 16806
-1
40 17167
-1
-1
-1
-1
-1
39 16770
-1
-1
-1
-1
-1
-1
31 16555
-1
37 17229
-1
34 16947
-1
34 16943
34 16943
35 16696
-1
-1
-1
-1
-1
-1
-1
36 16934
-1
36 16832
-1
-1
35 16802
-1
-1
36 17150
36 17150
36 17150
-1
-1
-1
33 17062
33 17062
33 17142
32 17099
-1
-1
-1
32 17027
32 17027
-1
32 16580
32 16580
-1
33 17163
-1
32 16973
32 16973
32 16973
32 17010
-1
-1
-1
32 17140
35 16832
35 16832
38 17218
39 16856
39 16993
-1
40 17145
-1
39 16543
-1
41 16569
-1
40 17086
-1
-1
44 17159
-1
-1
-1
38 17007
-1
36 16787
-1
34 16796
-1
-1
36 16978
-1
-1
36 16872
34 16532
35 16795
-1
36 17221
-1
-1
34 17021
-1
31 16704
-1
32 17099
-1
31 16956
32 17144
34 16660
34 16660
-1
37 16971
37 16971
37 16971
-1
-1
39 16951
-1
-1
-1
-1
-1
38 16787
38 17160
-1
-1
-1
35 16834
-1
38 17126
39 16936
39 16936
40 16903
-1
-1
36 16810
-1
39 17218
38 17168
-1
-1
-1
41 17055
-1
-1
35 17173
-1
-1
35 17173
35 17173
-1
34 16965
-1
-1
-1
-1
-1
33 16826
-1
32 16699
-1
-1
31 16423
34 17091
-1
-1
33 17014
-1
-1
-1
34 16796
34 16796
-1
34 16796
-1
37 16831
-1
38 16982
-1
-1
38 17171
-1
-1
39 17215
-1
-1
38 16678
40 17129
-1
-1
37 16891
35 16978
-1
-1
-1
37 17141
37 17205
-1
38 16851
36 16826
-1
-1
-1
-1
31 17239
31 17084
-1
-1
-1
26 17107
26 17216
28 16952
28 16952
28 16681
28 16364
-1
28 16364
31 16314
-1
31 16895
-1
-1
-1
35 17163
-1
34 16758
-1
34 16359
34 16359
-1
36 17159
33 17139
33 17139
-1
30 16877
-1
-1
-1
34 16784
-1
-1
-1
33 16852
-1
-1
34 16384
-1
-1
28 17192
29 16841
-1
29 16914
-1
31 17125
-1
30 17208
30 17208
-1
30 17208
-1
30 17208
30 17208
30 17208
30 17208
-1
-1
31 16554
31 16999
31 17041
-1
30 16810
-1
-1
29 16912
27 17059
-1
-1
29 17213
-1
-1
28 17137
-1
32 16971
-1
-1
-1
-1
31 16847
-1
-1
-1
-1
-1
-1
30 16801
30 16801
-1
32 17078
32 16935
33 17207
33 17222
33 17084
-1
-1
-1
35 16471
-1
32 17158
30 17209
-1
30 16815
-1
-1
-1
28 16630
30 16765
-1
-1
33 16756
35 16997
34 16623
-1
-1
35 16757
37 16908
-1
38 17205
41 17215
41 17231
-1
40 16761
-1
41 16861
-1
-1
-1
-1
-1
36 17122
-1
-1
-1
33 17041
32 16595
33 17207
-1
-1
33 17033
-1
33 16746
-1
33 16924
33 16961
-1
-1
33 16671
-1
33 17190
-1
32 16992
-1
32 16712
-1
-1
-1
31 16752
31 16631
-1
-1
33 16579
34 16606
-1
-1
37 17059
36 16816
36 17169
30 16787
29 16970
29 17158
-1
32 17118
-1
35 16760
-1
-1
36 17253
-1
37 16590
32 16865
31 16689
-1
-1
-1
32 17132
-1
29 16586
32 16971
32 16971
-1
32 16971
-1
-1
-1
33 17170
-1
-1
34 16601
-1
35 17105
-1
-1
-1
-1
33 17060
-1
34 16874
-1
-1
35 17219
34 16391
-1
-1
37 17060
-1
33 16963
33 16963
31 17231
30 16823
-1
32 16853
31 17194
-1
-1
-1
-1
-1
-1
31 17186
-1
32 16904
-1
-1
36 16615
-1
36 16628
35 16795
-1
38 17177
-1
38 17177
-1
38 17177
-1
37 16523
-1
-1
32 17048
-1
30 16989
30 16682
30 16682
-1
-1
32 16813
-1
-1
-1
36 17220
-1
-1
-1
-1
-1
37 17182
-1
38 17229
39 16893
-1
-1
-1
-1
37 17185
32 16881
-1
32 17135
-1
-1
36 17253
36 17253
36 17251
35 16644
-1
-1
36 17179
-1
-1
-1
-1
34 16813
34 16813
-1
33 17230
34 17167
-1
-1
32 17143
31 17024
28 17217
-1
28 17085
-1
-1
30 16459
-1
30 16651
30 16651
-1
-1
30 16884
-1
-1
32 16668
32 16668
-1
33 16859
-1
34 17194
34 17194
33 17052
32 17061
-1
32 17061
29 17008
-1
29 17153
29 16605
-1
-1
-1
-1
31 17055
31 16902
31 17203
31 17203
-1
-1
-1
29 16360
-1
-1
31 16984
30 17122
30 17122
-1
-1
-1
-1
-1
32 17063
-1
-1
-1
-1
-1
-1
36 16931
-1
34 17036
-1
35 17187
-1
35 17187
36 16892
38 17224
-1
38 16932
38 16932
-1
-1
39 16805
-1
41 17228
-1
-1
-1
39 17220
-1
-1
-1
-1
-1
-1
36 17082
35 17097
-1
-1
30 16924
-1
-1
-1
32 16590
33 16999
33 16742
32 16346
33 16706
-1
-1
-1
32 16675
32 16675
-1
33 16944
-1
33 17050
-1
33 16643
-1
34 17080
-1
-1
34 17150
-1
-1
36 17056
-1
-1
-1
-1
-1
34 16926
35 17193
-1
-1
37 16473
38 17070
38 17070
-1
-1
-1
-1
37 17019
-1
-1
33 17232
-1
-1
30 16714
29 17118
30 17077
30 16825
-1
-1
-1
30 17175
-1
-1
-1
-1
33 17245
-1
-1
32 16642
32 16341
33 17079
-1
-1
34 16674
35 17121
-1
-1
-1
35 16937
-1
-1
-1
-1
-1
-1
-1
-1
-1
-1
38 16987
-1
-1
36 16338
37 16832
36 16928
-1
37 16815
38 16985
-1
33 16588
34 17115
34 17115
34 16911
-1
-1
-1
-1
-1
31 16980
30 17126
-1
31 16606
31 16606
32 16441
-1
-1
30 17166
-1
30 16793
32 17110
32 16883
31 16641
31 16641
-1
28 17203
-1
-1
-1
32 17054
-1
32 17142
-1
-1
31 16666
31 16666
-1
31 17196
-1
-1
-1
35 16903
-1
-1
40 17240
-1
39 17013
-1
-1
-1
42 17119
42 17119
-1
40 16749
39 16441
-1
-1
-1
-1
-1
32 17057
32 17057
-1
-1
-1
-1
31 17190
32 17166
-1
-1
-1
-1
-1
-1
31 17216
31 16850
31 16850
32 16932
-1
-1
27 17056
27 17056
27 17056
28 16896
-1
-1
-1
31 17167
32 16387
-1
-1
36 17194
-1
-1
-1
39 16900
-1
-1
36 16617
-1
37 17044
-1
-1
-1
-1
34 17179
32 16880
32 16880
-1
-1
-1
-1
-1
-1
-1
-1
-1
36 17052
-1
38 16590
-1
38 17196
-1
38 17233
-1
-1
38 16984
-1
-1
33 16760
33 16966
32 16923
30 16560
33 17051
32 17099
33 17217
-1
-1
-1
33 16989
31 16853
-1
-1
-1
-1
-1
-1
33 17198
-1
31 16735
32 17143
-1
32 17201
-1
-1
-1
32 16698
32 17140
-1
-1
-1
33 17156
33 16467
-1
-1
-1
34 16919
-1
-1
35 17122
36 17149
-1
-1
36 16853
-1
-1
-1
35 17113
35 17216
-1
-1
-1
34 16563
-1
35 17215
34 16838
31 17003
-1
-1
-1
30 16500
-1
-1
-1
31 17183
-1
30 16803
31 16790
-1
-1
-1
-1
-1
-1
42 17057
-1
42 16958
43 17051
-1
43 17051
-1
-1
-1
41 16898
41 17167
-1
40 17136
-1
-1
33 17159
-1
31 16758
-1
32 17071
32 17071
-1
-1
-1
32 17113
-1
-1
-1
31 16796
-1
33 16991
-1
-1
-1
30 17059
29 16753
-1
29 17117
-1
-1
-1
-1
30 17001
-1
-1
-1
-1
-1
34 17238
34 17238
-1
33 16608
-1
-1
-1
33 16560
-1
-1
36 16838
-1
-1
37 17065
-1
37 16668
37 16668
-1
-1
-1
38 16974
38 16974
38 16974
-1
37 16736
36 16395
-1
37 17226
35 16967
-1
35 16565
-1
35 16565
-1
35 16565
-1
36 17173
35 16764
35 16764
-1
33 16458
33 17224
30 17124
30 16339
-1
30 16339
-1
-1
30 16579
-1
-1
31 17192
-1
-1
-1
-1
-1
-1
34 17216
-1
-1
-1
30 17069
-1
-1
-1
-1
-1
-1
31 16948
34 17054
-1
-1
33 17247
-1
-1
-1
-1
35 16928
35 17229
33 16584
33 17155
-1
33 16851
-1
31 16732
29 16550
-1
32 17002
-1
-1
-1
35 17006
-1
38 16905
39 17193
-1
-1
-1
-1
-1
34 16275
35 16867
-1
-1
31 16863
32 17074
-1
-1
-1
31 16728
31 17107
-1
-1
-1
34 17024
31 17159
-1
31 16742
-1
-1
34 17227
-1
34 17124
-1
-1
37 17028
-1
37 16388
37 16726
-1
-1
-1
-1
32 16958
-1
32 17133
-1
30 16594
-1
30 17003
-1
-1
32 17091
33 16955
-1
35 16691
36 17153
-1
-1
-1
-1
39 17208
-1
39 17208
41 17164
42 16925
42 16925
43 16812
-1
43 16812
-1
-1
-1
-1
41 17183
41 17183
41 16969
-1
39 17072
36 17161
-1
37 17232
37 17047
-1
39 17144
32 16762
32 16762
-1
-1
32 17204
-1
-1
32 17132
-1
32 16993
-1
-1
33 17137
30 17041
28 16568
-1
-1
-1
31 16695
-1
32 17099
-1
-1
-1
-1
-1
-1
-1
33 16867
33 16867
-1
34 17084
-1
33 17122
-1
32 16745
33 17204
33 16905
-1
-1
34 16973
-1
-1
-1
33 16979
-1
34 17236
-1
35 16849
35 17112
-1
-1
31 16691
31 16691
33 17092
33 17135
32 16752
-1
-1
-1
32 16951
-1
-1
31 17201
-1
31 17253
-1
31 16350
-1
32 17016
-1
-1
-1
31 16699
32 17127
-1
-1
-1
30 16451
31 17227
-1
-1
33 16973
31 16474
-1
-1
35 17076
-1
-1
-1
35 17013
-1
35 16946
-1
32 16566
-1
-1
33 16599
34 17228
-1
-1
29 16890
-1
30 17018
-1
30 17198
30 16678
-1
31 16598
-1
34 17121
34 17121
34 16720
-1
34 16812
-1
-1
-1
-1
-1
37 16817
-1
38 17036
36 16570
-1
37 16984
-1
38 17033
38 17033
-1
-1
34 17088
34 17088
-1
33 17228
-1
-1
31 16650
-1
39 16819
39 16819
39 16819
-1
-1
-1
-1
30 16998
30 17054
-1
30 17048
30 17048
-1
-1
30 16939
32 16741
32 16741
30 16422
-1
30 16994
30 16994
29 16702
-1
31 16769
-1
-1
32 17254
-1
33 17082
-1
32 17180
32 17180
-1
27 16847
-1
-1
-1
27 16806
27 16806
26 16855
-1
-1
-1
29 16845
29 16966
-1
-1
-1
30 17138
29 16587
-1
31 17145
-1
-1
-1
32 17233
-1
-1
31 17086
28 16571
29 17078
-1
-1
33 17119
33 17119
33 17119
33 17070
-1
33 16917
33 16917
33 17247
-1
-1
33 17221
33 17221
34 17163
34 17163
32 17233
-1
-1
32 17014
-1
-1
34 17030
-1
-1
-1
-1
38 17137
38 17137
-1
37 16865
-1
36 17102
-1
36 17102
-1
38 17125
-1
-1
-1
-1
-1
38 16573
-1
35 17089
-1
35 17089
-1
-1
-1
33 16866
-1
-1
35 17182
-1
-1
-1
-1
-1
-1
39 17223
-1
40 16480
-1
42 17169
-1
-1
-1
-1
-1
-1
-1
36 17241
37 17235
36 17051
36 17051
38 17250
-1
-1
-1
-1
33 17154
-1
-1
-1
32 16913
32 16913
33 16653
-1
-1
-1
-1
30 16451
29 16415
30 16955
-1
-1
-1
31 16518
-1
33 16987
34 17226
-1
-1
35 17154
34 17078
-1
33 16955
-1
33 16955
32 16707
32 16707
33 16984
-1
33 16761
-1
33 17061
-1
-1
-1
-1
-1
-1
-1
-1
-1
30 16847
32 17207
-1
-1
33 16572
-1
-1
-1
-1
-1
36 16466
37 17198
-1
37 16816
-1
37 17229
-1
-1
-1
-1
-1
-1
-1
-1
-1
33 17208
30 16614
-1
-1
-1
-1
31 17181
-1
-1
-1
-1
-1
34 16682
36 17077
-1
38 17052
39 17086
-1
34 16840
-1
35 17098
-1
-1
-1
-1
32 16998
32 16664
-1
-1
-1
-1
-1
-1
34 17131
-1
33 17233
-1
-1
33 16584
33 16678
34 17163
32 16836
33 16994
30 16807
-1
30 16429
-1
31 17160
31 16618
-1
-1
-1
32 17237
-1
29 16488
31 17185
-1
-1
32 17123
31 16708
-1
-1
-1
-1
-1
-1
33 16839
33 16839
35 16489
35 16489
36 17069
38 17206
-1
-1
-1
-1
38 16796
-1
-1
-1
36 17214
-1
-1
-1
39 16862
-1
41 16707
-1
41 17146
-1
39 17196
39 17196
37 16432
-1
37 17184
-1
-1
-1
-1
-1
33 17054
-1
30 16928
30 16928
-1
-1
30 17138
29 16911
-1
30 16986
29 16631
-1
-1
-1
29 16943
29 16943
33 17220
33 17220
34 17109
32 17076
-1
30 16490
-1
32 16934
-1
32 16951
-1
-1
-1
-1
29 16640
-1
30 16728
30 16728
-1
-1
33 16621
-1
34 16933
-1
34 16678
-1
-1
33 17012
33 17012
-1
-1
29 16961
29 16961
-1
29 16961
31 17146
31 17253
-1
32 17251
-1
33 17089
-1
-1
-1
-1
-1
-1
-1
-1
-1
-1
-1
33 16611
-1
34 16896
34 16710
34 16710
-1
34 17211
-1
31 17224
29 17165
-1
29 17165
-1
28 16514
-1
-1
27 17140
-1
-1
28 16390
-1
31 17227
33 17122
-1
-1
-1
34 16574
-1
36 16754
37 16879
37 17140
-1
-1
33 16621
35 16759
-1
34 17178
34 16625
34 16625
-1
-1
-1
35 17156
-1
-1
-1
-1
34 17251
34 17251
34 17251
31 16657
31 17017
31 16825
31 16825
-1
30 17040
30 17040
30 17040
29 16426
29 16426
-1
26 17115
26 17022
-1
-1
-1
-1
-1
-1
-1
-1
29 17035
-1
28 16944
-1
32 16995
33 16980
33 16980
33 16980
33 16980
33 16659
-1
-1
-1
33 17042
33 17042
33 17042
33 17042
-1
-1
34 16891
35 17224
36 17233
-1
-1
35 17188
36 17220
36 16936
36 17229
-1
-1
36 16577
-1
-1
35 17227
-1
31 16530
-1
35 17114
-1
-1
36 17147
-1
-1
35 17243
-1
-1
-1
37 16774
38 16797
-1
-1
36 16790
-1
35 17030
-1
-1
-1
35 17229
-1
-1
-1
-1
-1
34 17096
-1
-1
-1
34 17170
-1
-1
-1
35 17053
-1
-1
36 17253
-1
-1
36 16944
-1
-1
-1
31 17079
-1
-1
29 16945
-1
30 17061
28 16329
-1
-1
32 17088
31 16879
31 16654
-1
-1
30 16952
-1
-1
-1
29 17189
-1
30 16669
31 17010
32 17200
-1
32 17072
35 17251
35 16992
35 16992
35 17048
35 17048
35 17048
-1
32 16807
-1
-1
29 16503
30 16944
-1
29 16901
27 16395
-1
32 17173
32 17173
-1
33 17046
-1
33 16943
-1
33 16945
32 16863
-1
32 16863
33 16505
-1
-1
-1
34 17216
-1
34 17216
-1
34 17196
-1
-1
-1
-1
33 17134
-1
-1
-1
33 16496
-1
35 16478
-1
37 17099
-1
38 17081
38 16918
38 17063
-1
-1
-1
-1
34 17005
33 17124
-1
31 16313
34 17143
-1
-1
-1
-1
32 17229
32 17229
-1
-1
30 17149
-1
-1
-1
29 17202
-1
29 16809
-1
32 16463
32 17092
-1
-1
-1
-1
32 17185
-1
-1
31 16775
-1
-1
30 16973
32 16846
-1
-1
-1
34 16848
34 16848
-1
-1
35 17043
-1
-1
-1
-1
-1
-1
-1
34 16929
34 16599
-1
-1
-1
-1
-1
-1
-1
-1
35 17253
-1
-1
31 16429
31 16429
31 16429
33 17126
-1
-1
-1
-1
-1
-1
-1
-1
35 16712
36 17203
-1
35 17243
-1
34 16435
34 16435
-1
-1
-1
-1
38 16946
39 16576
-1
-1
-1
-1
-1
40 17225
-1
-1
-1
38 16943
-1
38 17240
-1
-1
39 17223
37 17186
35 16768
-1
36 17079
-1
-1
35 16848
-1
-1
33 16412
35 17083
35 17083
35 17022
32 16452
30 17209
-1
29 17152
29 16765
-1
-1
31 16940
30 17020
-1
32 16995
32 17143
32 17143
-1
32 16692
-1
-1
-1
30 16999
30 16939
30 17095
31 17242
-1
32 17241
-1
-1
-1
-1
-1
-1
-1
-1
-1
34 17199
-1
-1
-1
-1
-1
37 16895
-1
-1
-1
-1
-1
-1
-1
-1
-1
35 17099
-1
-1
-1
-1
-1
-1
-1
-1
34 16664
-1
-1
-1
-1
-1
-1
32 17063
32 17063
30 17091
-1
-1
31 16955
-1
30 17098
-1
31 17032
-1
-1
36 17202
-1
-1
36 16597
-1
36 16675
-1
38 17099
-1
-1
39 16635
-1
-1
40 17089
-1
40 17186
-1
41 17104
39 16942
-1
-1
42 17214
-1
-1
-1
34 17209
-1
34 17209
32 17152
30 16608
27 17069
-1
29 17170
-1
29 16486
-1
-1
31 16556
-1
-1
-1
-1
36 17127
35 16654
36 16929
-1
-1
38 16887
-1
38 16734
-1
-1
41 16856
-1
-1
42 16552
43 17202
41 16664
-1
-1
-1
-1
-1
-1
-1
-1
40 16695
38 17184
-1
-1
-1
-1
-1
35 17046
35 17046
-1
37 16633
40 17184
40 17054
37 17176
-1
-1
-1
37 16935
35 16974
37 17164
-1
36 16965
36 16965
36 16770
-1
35 16740
-1
-1
34 17145
-1
-1
33 17057
33 17057
-1
-1
36 17079
36 17079
36 16834
34 17064
-1
29 17113
29 16682
-1
28 16773
29 16682
30 17179
-1
-1
34 17031
-1
33 16716
-1
34 16858
31 16381
-1
33 16927
-1
32 16595
-1
34 16350
-1
35 16904
-1
32 16719
-1
-1
-1
-1
-1
-1
32 16756
-1
-1
-1
-1
-1
39 17077
39 17077
-1
-1
42 16720
-1
43 17166
-1
-1
-1
-1
-1
-1
-1
-1
38 17149
-1
-1
-1
32 16676
34 16953
-1
-1
37 17057
-1
-1
-1
-1
-1
34 16912
33 16941
31 16638
-1
-1
-1
-1
-1
30 17101
-1
31 17123
-1
-1
-1
-1
-1
-1
-1
-1
-1
-1
-1
-1
-1
-1
32 16736
32 16791
-1
-1
32 17096
-1
32 17150
-1
-1
35 17202
-1
35 16612
35 17188
35 17188
-1
-1
35 17032
35 17135
-1
34 17039
-1
-1
-1
33 16723
33 16829
-1
34 17153
34 16613
35 16959
-1
-1
-1
-1
-1
37 17201
-1
-1
-1
-1
-1
-1
38 17028
38 17006
-1
37 16478
-1
37 17197
-1
-1
-1
-1
40 17250
-1
37 16278
-1
38 17165
-1
-1
-1
-1
-1
-1
-1
-1
-1
-1
-1
32 17043
32 17098
-1
32 16817
32 16817
-1
31 17210
33 17250
33 17190
-1
-1
30 16773
-1
-1
-1
32 17158
-1
-1
-1
36 17204
36 17204
37 17111
37 17111
37 17096
-1
37 17154
37 17154
-1
37 16961
-1
-1
42 17008
-1
-1
-1
-1
-1
-1
-1
-1
-1
-1
42 17149
42 16999
-1
-1
-1
41 16602
40 16960
35 17215
-1
-1
36 16788
-1
-1
35 16967
-1
35 16589
-1
-1
-1
36 16588
36 16588
-1
-1
-1
-1
37 17218
34 17099
34 17099
-1
-1
-1
34 17206
-1
34 17206
-1
-1
-1
35 16465
-1
37 17050
-1
39 17215
38 16984
-1
37 16561
37 16561
37 16561
-1
-1
-1
37 17033
-1
-1
-1
37 16940
-1
37 16940
-1
-1
36 16283
-1
36 16283
-1
-1
-1
33 16867
34 17217
33 16784
-1
-1
33 17227
33 17078
-1
-1
32 17151
32 17151
-1
-1
-1
-1
-1
-1
-1
-1
-1
-1
-1
-1
36 16817
-1
-1
36 17205
-1
-1
-1
36 16853
-1
36 16853
-1
-1
38 17035
40 16832
41 17099
41 17099
-1
41 17238
40 17219
-1
40 17219
-1
-1
-1
-1
38 17134
-1
-1
33 16908
33 16908
34 16645
-1
-1
-1
-1
-1
30 16758
-1
-1
-1
-1
33 16616
-1
37 16884
-1
36 16320
-1
-1
-1
38 16580
-1
38 17133
-1
-1
33 17137
-1
33 17137
30 17006
-1
-1
-1
31 16880
31 16880
31 17230
-1
-1
33 17196
33 17196
34 17236
-1
34 16912
-1
-1
31 16617
-1
34 16585
-1
-1
36 17044
-1
-1
-1
37 16829
-1
37 17240
34 17252
35 16742
-1
36 17119
-1
-1
-1
-1
-1
28 16826
-1
-1
29 17072
-1
-1
28 17224
-1
29 17028
30 17158
-1
30 16442
-1
-1
-1
-1
33 16870
-1
-1
-1
41 17155
41 16747
-1
39 17162
30 16736
-1
-1
-1
-1
35 17201
35 17201
-1
-1
34 16920
-1
34 16325
-1
-1
-1
-1
36 17047
-1
-1
36 17246
-1
-1
-1
-1
33 16685
33 17117
-1
33 17209
-1
-1
-1
37 17209
-1
36 17170
36 17170
36 17119
36 17119
-1
-1
-1
-1
-1
37 17157
37 17157
-1
36 17071
-1
-1
36 17158
-1
-1
36 16987
37 17171
37 17171
-1
-1
-1
30 16961
31 17094
-1
33 16991
-1
-1
-1
-1
-1
-1
-1
-1
-1
-1
-1
-1
33 17157
33 17244
-1
-1
-1
31 17163
-1
31 17163
-1
-1
30 16734
-1
-1
-1
-1
31 17154
-1
30 17025
-1
-1
-1
-1
29 16610
-1
-1
-1
-1
-1
30 17007
-1
-1
31 17010
-1
-1
-1
-1
32 16456
33 17133
33 17133
34 17210
-1
-1
36 17130
37 17013
35 17201
35 16761
34 17250
31 16975
31 17093
31 17093
-1
-1
-1
-1
-1
30 16863
31 17150
-1
-1
-1
-1
-1
-1
-1
-1
-1
-1
-1
-1
-1
41 16971
-1
40 17155
-1
-1
-1
-1
31 17191
28 16394
28 17038
28 17230
28 16595
-1
-1
-1
32 17100
-1
-1
-1
-1
-1
-1
-1
38 17131
-1
-1
40 16795
-1
41 17166
41 17065
-1
37 17218
36 17185
-1
-1
37 17196
39 17186
-1
-1
-1
41 16958
-1
-1
42 17116
-1
42 17116
43 17025
-1
42 17045
42 17045
-1
-1
-1
-1
41 17183
-1
40 17152
38 17124
-1
-1
-1
-1
40 17206
-1
38 17109
-1
-1
-1
39 17243
-1
-1
-1
34 17248
-1
31 16893
-1
33 17000
-1
-1
33 17161
32 16865
32 16967
-1
32 16967
-1
-1
-1
35 17211
-1
-1
-1
38 17093
-1
34 16705
-1
37 17170
38 16915
-1
-1
-1
-1
-1
39 16894
38 16667
37 16729
37 16729
-1
40 17211
37 16748
-1
-1
36 17136
36 17136
36 17136
34 17018
32 17217
-1
-1
30 16743
30 16743
32 17200
30 16993
-1
30 16887
-1
33 16876
-1
-1
-1
-1
-1
-1
32 16971
-1
-1
34 17001
33 17158
-1
32 17222
-1
-1
-1
33 16958
-1
34 16971
-1
35 17248
-1
-1
-1
31 17021
30 16837
30 17229
29 16745
28 16561
-1
-1
31 17209
31 17209
33 17106
31 16809
-1
-1
32 17066
32 17066
-1
-1
-1
33 16848
-1
33 16966
-1
-1
-1
-1
-1
36 16788
36 16788
-1
-1
35 17196
33 16896
35 17196
37 17049
-1
-1
-1
-1
37 17177
-1
-1
37 16785
38 17169
-1
-1
39 17235
-1
39 17235
-1
-1
36 16486
-1
37 16743
-1
-1
37 17077
-1
37 17097
-1
33 16387
-1
-1
-1
-1
31 16585
-1
-1
-1
31 16543
31 16543
31 16543
-1
-1
33 17144
-1
33 17212
34 16559
-1
-1
-1
37 16821
-1
-1
-1
36 16935
37 17200
-1
-1
-1
37 17014
38 17249
-1
38 17110
-1
-1
-1
37 16609
-1
-1
-1
-1
35 16912
-1
-1
36 16975
-1
36 16962
-1
36 16572
38 17140
-1
-1
37 16951
-1
37 16951
37 16951
-1
-1
36 16488
-1
-1
-1
33 16939
33 16894
-1
37 17160
37 17160
36 16389
36 16389
38 16629
-1
-1
-1
35 17020
-1
34 17103
34 16598
-1
33 17177
32 17195
32 17195
32 17195
27 16803
30 17060
-1
34 17193
35 17096
-1
35 17116
-1
-1
34 17029
-1
-1
-1
34 17082
-1
-1
-1
-1
-1
32 16547
29 16730
-1
-1
29 16759
-1
-1
30 17018
28 16918
-1
-1
-1
26 16591
-1
29 16948
-1
-1
30 17145
-1
-1
-1
34 17128
34 16487
34 16487
-1
35 17130
-1
34 17207
34 17207
35 17157
-1
33 16646
31 16373
-1
-1
33 16945
-1
32 17222
33 16845
-1
-1
-1
33 16706
33 16706
34 16919
-1
36 16504
-1
-1
32 17058
-1
-1
-1
-1
32 16958
-1
-1
32 16917
30 16544
30 16544
-1
-1
-1
-1
31 16948
31 17046
32 16678
-1
38 17094
-1
-1
-1
-1
-1
38 17249
-1
-1
39 17166
40 17155
-1
40 17155
-1
41 17228
-1
34 17069
36 17097
-1
-1
33 16657
33 16657
-1
33 16657
33 16657
33 16657
-1
34 17225
-1
-1
-1
-1
-1
32 16342
-1
35 16979
-1
-1
34 16779
-1
-1
-1
-1
36 16753
-1
-1
-1
-1
-1
35 16542
-1
36 16973
37 17138
-1
-1
36 17220
-1
34 16804
-1
34 16850
34 16892
-1
-1
-1
-1
-1
-1
34 17239
-1
-1
-1
-1
29 16467
-1
-1
33 16549
-1
-1
32 16620
32 16783
-1
-1
32 17086
-1
29 17038
-1
30 17012
-1
31 17128
29 17008
29 17008
-1
29 16415
30 16913
30 16642
-1
-1
-1
29 16715
-1
-1
-1
-1
30 17203
-1
-1
-1
-1
-1
31 16680
-1
36 16770
-1
-1
37 17103
-1
38 17251
-1
-1
-1
34 16403
-1
34 16403
-1
-1
-1
-1
-1
-1
-1
31 16607
-1
-1
34 16867
35 16890
-1
-1
38 16936
-1
38 16550
-1
-1
-1
-1
-1
-1
-1
39 16733
39 16923
-1
-1
-1
39 16923
39 16923
-1
-1
-1
-1
34 16925
-1
34 16925
35 17108
-1
-1
-1
35 16543
-1
-1
-1
-1
38 17021
38 16931
-1
40 16985
40 16985
-1
40 16912
-1
40 16684
-1
-1
-1
-1
-1
-1
-1
-1
-1
39 17249
32 16624
-1
33 17079
-1
-1
-1
32 17213
-1
32 16792
28 16800
-1
-1
-1
30 16799
-1
-1
31 16457
-1
-1
31 16441
-1
31 16441
32 16980
32 17182
-1
-1
33 17212
32 16608
-1
32 16781
-1
33 17145
36 17147
38 17174
38 17150
-1
37 16993
38 17109
-1
-1
-1
-1
39 16852
-1
-1
-1
38 17099
-1
35 16864
-1
-1
-1
-1
-1
34 16970
-1
-1
-1
-1
-1
-1
-1
28 16278
-1
-1
31 17063
-1
-1
-1
-1
-1
30 16481
-1
32 16903
-1
33 17034
-1
-1
-1
-1
37 17109
-1
37 17109
-1
-1
-1
-1
-1
-1
40 17196
-1
-1
-1
-1
-1
-1
37 17245
32 16766
-1
-1
33 16509
-1
33 16509
33 16852
-1
-1
33 17100
33 17195
30 16293
-1
32 17091
32 17091
-1
-1
-1
31 16745
-1
-1
-1
-1
-1
30 17010
-1
-1
-1
-1
29 16868
28 16652
26 16429
-1
-1
-1
-1
27 17100
28 17159
-1
-1
31 16857
32 17023
32 17023
33 17218
33 17218
33 17218
33 17075
-1
-1
34 16420
-1
-1
35 17110
-1
-1
-1
-1
30 16734
-1
-1
-1
-1
31 16737
31 16662
-1
-1
34 16872
-1
-1
-1
-1
-1
-1
38 16611
-1
-1
36 16924
-1
-1
38 17239
37 17021
37 16774
-1
-1
-1
36 17203
36 17203
36 17203
-1
-1
-1
37 17135
38 17155
35 16493
-1
-1
-1
-1
37 17175
34 16827
-1
35 17093
-1
-1
-1
-1
36 16507
-1
-1
33 16363
-1
-1
35 17052
-1
37 17198
-1
38 16825
-1
-1
-1
-1
-1
-1
-1
-1
37 17250
-1
-1
-1
32 17126
-1
-1
-1
-1
-1
-1
29 17081
-1
-1
-1
-1
30 17049
30 16902
-1
29 17172
29 17153
32 17232
-1
-1
-1
-1
-1
36 16988
36 16988
36 16988
37 17061
-1
37 16611
37 16611
-1
-1
-1
-1
37 17182
37 16641
40 17002
39 17172
39 17172
-1
39 17172
-1
-1
37 16674
36 17139
-1
-1
-1
36 17139
-1
-1
-1
-1
38 17036
36 16449
-1
36 16449
36 16420
-1
34 16996
36 17112
-1
33 17051
-1
-1
-1
35 17125
-1
-1
35 17113
35 17113
-1
32 16598
-1
-1
-1
-1
36 17037
35 16916
-1
-1
32 16435
-1
-1
32 17128
-1
31 16626
32 17039
-1
-1
34 16740
-1
33 16467
33 16467
-1
-1
-1
-1
-1
-1
29 17050
-1
31 17211
31 17224
-1
30 16404
-1
-1
-1
-1
35 17020
-1
31 17113
-1
-1
33 16731
-1
34 16740
-1
-1
-1
-1
34 16817
34 16817
-1
-1
-1
32 16890
35 17226
33 16550
32 16393
-1
34 16795
-1
-1
-1
36 16954
-1
37 17230
-1
-1
-1
-1
35 17248
-1
36 16817
36 16794
-1
35 16839
-1
-1
-1
-1
28 17140
28 17140
28 17140
-1
-1
-1
29 17096
-1
29 16445
31 17062
31 16938
31 16938
-1
-1
-1
-1
-1
-1
35 17165
-1
-1
39 16972
39 16972
40 17245
42 17148
-1
-1
40 17134
-1
-1
-1
36 16735
-1
-1
-1
35 17218
-1
-1
-1
32 17151
31 16370
33 16645
-1
-1
33 16688
-1
-1
-1
-1
32 16557
-1
34 16661
33 17004
33 16935
-1
32 17192
32 16977
-1
-1
-1
34 17206
-1
33 17233
32 16544
-1
-1
32 16939
30 16535
-1
-1
-1
-1
-1
-1
-1
-1
-1
-1
32 17241
-1
32 16587
32 16929
-1
-1
37 16772
-1
-1
-1
-1
40 16688
-1
-1
38 17160
39 17167
-1
-1
-1
40 17209
-1
-1
37 16550
37 16550
-1
37 17007
37 17007
-1
-1
37 16972
-1
-1
-1
38 17240
38 17240
-1
-1
34 16546
-1
-1
32 17043
31 16717
31 17030
31 17030
31 17030
-1
30 16856
29 17082
-1
32 16880
-1
-1
-1
-1
-1
-1
35 17213
-1
33 16904
-1
-1
35 17030
34 16545
34 16758
-1
33 17053
32 17205
32 16533
-1
-1
32 17172
32 16789
32 16789
-1
31 16921
30 17098
32 17221
32 17221
31 16878
31 17212
31 16754
-1
32 16872
32 17027
-1
32 17158
-1
-1
29 16937
-1
-1
-1
30 16961
-1
30 16873
30 16368
31 17022
31 17060
35 16857
37 17222
-1
-1
-1
37 16721
37 17223
35 16611
33 17130
33 17130
34 17189
-1
-1
34 17228
-1
-1
37 16555
38 17028
-1
-1
36 16728
-1
36 16728
37 17070
-1
-1
-1
33 17235
32 16379
35 17125
35 17144
-1
36 17116
36 17116
-1
-1
-1
-1
35 17160
-1
-1
-1
-1
33 16696
-1
30 16805
-1
30 16644
-1
33 17248
-1
-1
-1
32 16367
-1
-1
-1
31 16525
33 17074
-1
-1
32 17184
32 17184
-1
29 17166
30 17010
32 17182
32 17116
32 16748
-1
32 17055
32 16624
-1
-1
34 16564
-1
-1
-1
-1
-1
-1
-1
38 16646
39 17243
38 16986
-1
-1
-1
-1
-1
34 17035
-1
34 16924
33 17209
-1
-1
28 16982
-1
-1
-1
-1
33 17166
33 17166
-1
-1
-1
37 17199
-1
-1
-1
36 17243
-1
36 17243
-1
-1
-1
-1
34 16979
-1
-1
-1
33 16772
33 16772
34 17216
35 16897
35 16897
-1
36 17166
-1
38 17153
-1
-1
-1
38 17153
39 17110
38 16769
-1
-1
39 16669
40 16780
-1
-1
36 17222
-1
-1
-1
35 16801
-1
-1
33 16968
32 17100
32 17153
-1
29 16576
-1
-1
-1
29 16545
-1
-1
-1
32 16973
-1
-1
-1
-1
33 16817
-1
-1
-1
-1
36 17180
-1
-1
34 16904
34 16904
34 16546
-1
-1
-1
34 16625
-1
-1
32 16358
34 17158
-1
-1
35 17007
-1
33 16979
33 16792
32 16930
-1
-1
32 16605
32 16652
-1
32 16891
31 17240
-1
-1
-1
-1
32 16937
-1
33 17117
-1
-1
34 16564
-1
35 16916
-1
34 16613
-1
-1
-1
-1
-1
34 16861
-1
31 16991
-1
-1
28 17192
27 16517
-1
28 16527
-1
-1
30 16989
-1
-1
-1
29 16661
-1
29 17042
-1
-1
-1
-1
-1
-1
-1
-1
-1
-1
35 16340
35 16340
36 16901
34 17191
-1
-1
-1
-1
35 16869
-1
-1
-1
34 17177
-1
33 17224
-1
-1
-1
33 16486
-1
-1
33 17202
-1
-1
-1
35 17187
-1
-1
-1
-1
37 17128
-1
-1
37 16905
-1
-1
-1
38 17244
-1
-1
37 17177
-1
-1
36 17227
34 17092
30 17014
31 17178
31 17178
-1
29 17187
29 17149
-1
30 16559
-1
30 16559
30 16559
31 17119
-1
31 17119
-1
-1
36 16748
-1
-1
-1
36 16853
36 16751
-1
31 16933
-1
-1
-1
-1
29 16648
-1
-1
32 16527
-1
37 17190
-1
-1
36 17068
37 17216
-1
33 16538
34 17216
-1
-1
34 16943
-1
-1
38 17225
-1
38 17032
38 17137
-1
38 17137
-1
-1
39 17014
-1
36 17178
36 17178
36 17178
36 17065
-1
-1
33 17243
-1
32 16459
-1
33 16784
-1
32 16346
35 17083
34 17061
-1
34 17061
-1
-1
-1
-1
35 17137
-1
-1
-1
35 16748
-1
36 17149
-1
-1
-1
-1
-1
36 16905
36 16893
-1
36 17146
-1
-1
-1
-1
34 16566
-1
-1
36 16534
-1
-1
35 17249
33 16809
-1
33 17001
33 17001
33 17001
33 17001
-1
39 17138
39 17138
36 17121
-1
-1
33 17243
-1
-1
30 16903
31 17249
30 16753
-1
-1
-1
31 17066
31 17066
-1
-1
-1
-1
33 16773
33 16581
-1
-1
-1
-1
33 16578
35 17063
-1
36 17196
35 16775
-1
36 16813
-1
36 16813
37 17251
36 17141
35 17035
36 16650
-1
34 16966
-1
33 16886
-1
-1
38 17177
38 16787
-1
-1
43 17182
-1
43 17143
45 17249
-1
-1
42 17057
-1
-1
40 16781
-1
-1
37 16892
-1
-1
-1
33 17000
33 16794
-1
-1
-1
-1
-1
37 17160
37 17196
-1
35 17076
-1
37 17151
-1
-1
-1
-1
-1
-1
-1
-1
-1
-1
-1
-1
-1
-1
-1
28 16820
-1
28 16969
28 16969
28 16807
-1
30 17081
-1
-1
31 16900
-1
35 16883
-1
-1
34 17032
33 16850
32 16345
32 16345
32 16345
34 17225
35 16830
35 17107
-1
-1
32 17108
-1
30 16958
-1
-1
-1
31 16808
-1
32 17015
-1
32 17055
-1
33 17249
-1
-1
30 16888
31 16596
-1
-1
34 17173
34 17173
35 16852
36 17251
36 17251
-1
-1
-1
-1
37 17232
37 17239
-1
-1
37 17183
39 17149
-1
39 17149
-1
35 17111
35 17111
35 16496
35 16496
-1
-1
38 17245
38 16587
-1
-1
-1
-1
37 17205
-1
-1
-1
-1
-1
-1
-1
-1
31 16867
31 16867
32 17012
30 16767
-1
-1
-1
-1
-1
38 16590
38 16590
-1
38 17032
38 17032
39 17225
-1
-1
-1
-1
36 16445
37 17091
-1
-1
-1
-1
-1
33 16871
32 16937
-1
-1
32 16620
32 16620
34 17181
34 17181
34 17181
-1
-1
34 16430
-1
-1
37 16552
-1
-1
-1
-1
41 16386
41 16386
-1
-1
-1
-1
44 17150
-1
-1
-1
-1
41 17128
41 17128
44 17210
-1
-1
-1
40 17220
-1
38 17046
-1
37 17192
-1
-1
-1
-1
37 17192
-1
-1
-1
39 16658
40 17173
-1
-1
-1
34 17180
-1
34 17232
-1
-1
37 17114
38 16848
38 17044
39 16795
-1
-1
36 16741
36 16741
-1
-1
-1
36 16512
33 17011
-1
34 17136
35 16884
-1
35 16985
-1
36 17221
35 17154
-1
-1
35 16994
37 17187
37 16905
-1
-1
35 16959
-1
-1
34 16721
36 17152
-1
34 17086
34 17221
-1
-1
-1
-1
35 17216
-1
36 16894
36 16894
37 17120
37 17120
-1
36 17235
-1
-1
-1
-1
36 16671
36 16671
-1
-1
-1
-1
-1
-1
34 16948
34 16948
-1
34 17042
35 17152
27 16413
-1
-1
-1
30 16766
-1
-1
-1
31 16815
-1
32 16662
-1
32 16402
-1
33 17081
32 17186
31 16339
33 17044
-1
34 17165
34 16586
38 17252
38 17252
38 17252
40 16921
40 17236
-1
37 16816
-1
-1
-1
38 16826
-1
35 17128
-1
-1
-1
34 16910
32 16529
-1
32 16529
-1
-1
35 16753
-1
-1
42 17138
-1
-1
-1
-1
38 17238
-1
-1
-1
39 16859
-1
-1
-1
-1
-1
-1
-1
-1
-1
37 17223
-1
-1
-1
-1
-1
37 17238
37 17082
-1
-1
-1
37 16883
-1
38 16948
33 17146
-1
34 16920
33 16570
30 17142
-1
-1
-1
-1
30 17115
29 16542
-1
-1
-1
28 16812
-1
27 16861
27 16561
-1
-1
-1
26 16932
27 16920
-1
-1
-1
-1
-1
-1
28 16548
29 16829
-1
-1
-1
-1
-1
33 17008
-1
-1
-1
-1
32 17145
32 17143
-1
-1
31 17093
-1
-1
32 17007
34 16566
-1
34 16839
34 16824
35 17059
-1
-1
-1
35 16871
-1
-1
-1
34 16972
-1
34 16972
34 16972
-1
33 17172
-1
-1
33 17172
32 17122
-1
-1
33 16922
33 16567
-1
-1
32 16632
-1
-1
-1
-1
-1
32 16483
-1
32 17142
33 17149
-1
-1
-1
30 16691
32 17154
-1
-1
-1
33 17228
-1
31 16972
-1
30 17028
-1
-1
-1
30 17105
28 16516
-1
-1
-1
33 16614
-1
33 16529
-1
-1
31 16621
33 17229
-1
-1
35 17128
-1
35 17128
-1
-1
-1
-1
-1
36 17235
-1
-1
-1
34 16879
34 16879
-1
-1
-1
33 16920
-1
-1
-1
37 17098
-1
-1
37 16703
37 17022
34 17187
-1
34 17137
34 17137
-1
-1
34 17205
34 17205
-1
33 16470
-1
33 16723
-1
34 17221
34 17221
-1
-1
32 17226
-1
-1
33 17240
-1
-1
-1
-1
34 17249
-1
-1
33 17070
-1
33 16492
-1
-1
-1
-1
-1
37 16703
36 16813
37 17201
-1
-1
35 16944
33 17024
-1
-1
-1
28 17209
-1
-1
27 16953
-1
27 16419
-1
-1
-1
29 16807
30 17250
-1
32 17232
33 16372
-1
-1
34 16836
-1
38 16627
40 16749
-1
40 16749
-1
43 16710
-1
-1
-1
46 17198
43 16912
-1
-1
43 16895
-1
40 17162
39 17115
-1
35 17143
36 17025
-1
-1
-1
-1
-1
-1
37 16837
-1
-1
-1
-1
38 16905
-1
36 16857
-1
36 16857
-1
-1
33 16544
34 17212
-1
32 17230
32 16693
32 17190
-1
33 16938
-1
33 16901
32 16688
-1
-1
-1
-1
-1
33 16423
-1
-1
39 17210
-1
45 16824
47 16992
47 17116
47 17116
47 17116
-1
-1
-1
46 16875
-1
-1
-1
43 16928
-1
44 17151
-1
40 16802
38 16846
38 16846
37 17155
-1
-1
39 17040
39 17040
-1
-1
38 17133
-1
-1
-1
36 17105
36 16598
-1
-1
-1
-1
-1
-1
-1
35 16405
35 17090
34 16927
-1
34 16927
-1
-1
-1
34 16939
-1
34 17243
-1
-1
-1
-1
-1
-1
-1
-1
33 17233
32 17246
-1
28 16994
-1
-1
28 16994
-1
32 16915
-1
33 17157
33 17157
-1
-1
-1
-1
34 17069
32 17182
-1
31 17025
34 17069
35 16946
-1
33 16950
33 17171
34 17238
-1
36 16961
36 16961
-1
-1
-1
-1
34 16465
38 17086
-1
-1
-1
33 17224
33 17224
33 17221
32 17176
31 16724
-1
-1
-1
-1
37 17214
-1
34 16830
33 16662
-1
-1
-1
-1
-1
-1
-1
37 16966
40 17245
38 16557
-1
-1
-1
-1
-1
41 17253
41 17253
-1
36 17163
-1
-1
-1
-1
-1
-1
-1
-1
35 16386
-1
-1
34 16688
35 17215
30 16628
-1
30 17014
-1
-1
-1
-1
33 17234
-1
34 17001
-1
35 17229
-1
-1
-1
-1
-1
-1
38 17057
35 16529
-1
-1
-1
32 16971
32 16971
-1
32 17233
29 16990
-1
-1
30 17136
-1
29 17184
29 16851
-1
30 17004
30 17004
30 17167
30 16572
-1
-1
32 16875
-1
-1
-1
-1
-1
33 16723
33 16605
-1
33 17243
-1
-1
30 16615
30 16615
-1
32 16660
32 16660
-1
-1
35 17245
34 16632
-1
-1
-1
35 17065
-1
32 16678
32 16678
30 16966
-1
29 16723
-1
-1
-1
30 17091
-1
29 16911
-1
32 17193
-1
32 17193
-1
-1
-1
-1
32 16829
32 16762
34 16930
34 17140
-1
34 17214
-1
-1
-1
-1
34 17208
34 17208
-1
-1
-1
-1
32 16584
-1
34 17031
-1
-1
-1
34 16943
-1
37 17230
-1
34 17013
33 16795
-1
-1
-1
-1
-1
31 16490
31 16490
31 17061
-1
-1
30 16465
33 17054
-1
33 16818
-1
-1
33 17095
-1
-1
-1
-1
34 16585
35 16992
35 16992
35 16992
-1
34 16964
34 16964
34 16964
-1
32 16782
33 16710
32 16614
-1
-1
-1
-1
34 16806
-1
-1
-1
-1
35 16656
-1
35 16656
-1
35 16656
35 16656
-1
37 17022
-1
43 17116
-1
-1
-1
-1
37 16777
37 16686
-1
-1
-1
-1
36 16770
30 17016
-1
-1
29 17172
-1
31 17174
-1
-1
-1
30 17043
30 17043
-1
-1
-1
-1
-1
-1
36 16892
-1
42 16927
42 16825
43 17192
-1
38 17250
-1
37 16906
-1
-1
-1
-1
-1
33 17217
-1
34 17067
34 16998
-1
-1
33 17101
-1
31 16846
-1
-1
-1
-1
34 16950
33 16860
-1
-1
-1
31 16402
31 16402
-1
-1
31 16730
31 16573
-1
32 16781
33 16419
34 17132
-1
35 17204
35 17204
-1
-1
34 16989
32 16825
-1
-1
32 16515
-1
-1
32 16690
32 16721
33 17237
-1
31 17138
31 16685
-1
31 16972
31 16972
-1
-1
-1
32 16960
-1
32 17082
-1
31 16935
32 16405
-1
32 16405
-1
-1
33 17017
-1
-1
-1
-1
34 17195
-1
33 16539
-1
-1
35 16595
35 16595
41 17089
39 17168
-1
39 16642
39 16977
-1
39 16306
-1
-1
39 16993
-1
40 16840
-1
-1
40 16991
40 16808
40 17064
-1
-1
-1
-1
-1
36 16753
-1
32 16773
-1
-1
-1
-1
-1
-1
31 16850
32 17154
-1
-1
34 16973
-1
-1
33 16324
-1
39 17163
-1
37 17178
37 17180
-1
37 17222
-1
-1
32 17216
33 16936
-1
-1
-1
-1
-1
-1
34 17151
33 17220
34 17032
37 17165
-1
-1
-1
-1
-1
34 16354
-1
36 16763
37 17111
-1
37 16461
-1
35 17082
34 17072
36 17021
35 16937
-1
33 17115
-1
-1
-1
-1
-1
-1
-1
30 17166
-1
30 16694
30 16694
-1
-1
31 16627
-1
-1
32 16330
-1
-1
-1
36 17242
33 17111
-1
-1
30 17085
31 16865
-1
-1
33 16949
33 17120
-1
29 16628
-1
-1
-1
29 17183
-1
-1
-1
-1
34 16674
36 16774
35 16934
-1
37 17189
-1
36 17051
35 17090
-1
-1
-1
38 16989
38 16989
38 16924
39 17233
39 17233
37 17056
-1
-1
-1
35 17228
35 16480
36 16767
-1
-1
31 16453
-1
-1
30 16952
-1
29 16543
-1
-1
-1
-1
-1
31 16758
-1
33 16956
-1
-1
-1
34 16974
34 16769
-1
36 17230
36 17230
-1
-1
-1
-1
-1
34 16946
-1
-1
32 16712
-1
31 17212
-1
31 16477
-1
-1
33 16975
33 16698
-1
35 16549
-1
-1
34 17167
-1
-1
-1
35 16983
31 16657
31 16657
-1
34 17194
33 17106
-1
32 17037
-1
-1
-1
-1
33 16421
33 16421
-1
-1
33 16756
32 17171
-1
-1
-1
-1
-1
35 17137
33 16741
-1
35 16626
-1
-1
37 17122
-1
37 17122
-1
36 16575
36 16575
36 16575
-1
35 17209
35 16564
-1
-1
-1
39 16811
-1
38 16356
-1
-1
38 17109
-1
-1
-1
35 17072
31 16444
-1
32 16945
32 16945
29 17066
29 17066
-1
-1
-1
-1
28 17016
28 17016
28 17016
-1
28 17016
-1
30 17218
30 17218
28 17199
-1
29 17076
29 17208
28 16571
-1
-1
-1
29 17139
-1
-1
-1
32 16989
-1
-1
35 17233
-1
35 17233
35 16587
36 17039
-1
-1
35 17194
35 17194
34 16682
-1
36 16647
36 16594
-1
-1
-1
-1
-1
-1
-1
-1
34 17113
36 17211
34 16412
-1
-1
-1
37 17178
-1
-1
-1
38 16964
38 16964
38 16964
-1
-1
39 17100
-1
-1
-1
-1
42 16749
42 16749
-1
42 16872
-1
41 17170
41 17170
-1
40 16611
40 16611
33 16616
-1
31 17219
28 17065
-1
-1
-1
-1
-1
-1
35 16825
36 17161
-1
-1
-1
38 16881
38 16881
-1
39 17069
39 17069
39 16947
39 17254
-1
-1
-1
39 16947
-1
39 17162
-1
-1
36 17173
-1
34 16968
-1
34 16968
-1
-1
35 17142
35 16845
-1
36 16888
37 16839
-1
-1
36 16810
-1
-1
-1
-1
-1
-1
-1
37 16756
-1
-1
-1
36 16899
35 16808
-1
-1
-1
-1
-1
36 17042
-1
-1
28 16949
28 16554
-1
28 16911
-1
29 17203
-1
-1
-1
-1
-1
31 17196
-1
-1
34 17210
-1
34 16652
34 16652
34 17133
-1
32 16976
-1
33 16644
34 16654
-1
35 16739
36 17115
-1
35 16894
-1
-1
-1
-1
-1
-1
38 16771
38 16771
-1
-1
-1
34 17126
34 17126
-1
-1
-1
38 17197
39 17190
39 17190
39 17227
-1
-1
-1
37 16947
37 16946
38 16697
39 17107
39 17152
-1
-1
32 17084
32 17084
32 17084
-1
30 16606
-1
31 17195
-1
31 16994
-1
-1
33 16380
-1
36 17069
-1
-1
-1
-1
35 17249
34 16856
-1
-1
-1
-1
35 17140
35 17140
-1
35 16745
32 16777
32 16878
-1
-1
-1
28 16880
-1
-1
-1
-1
28 16790
29 16691
-1
29 16980
-1
-1
31 17216
-1
-1
33 17065
35 16902
32 16856
-1
32 17244
32 17244
-1
-1
32 16942
-1
33 17015
33 17015
34 16858
-1
36 16598
36 16598
36 16998
-1
36 17132
-1
-1
34 16794
-1
36 17125
-1
32 17103
-1
-1
-1
-1
-1
-1
-1
-1
-1
-1
-1
37 17103
37 17103
36 16784
-1
-1
-1
39 17161
-1
38 17066
-1
-1
36 17195
36 17195
-1
-1
38 16994
39 16893
40 17252
37 16911
37 17155
-1
-1
-1
-1
37 16716
-1
-1
-1
-1
-1
30 16992
-1
-1
-1
-1
-1
30 17237
30 16656
29 16476
30 16837
-1
-1
31 16637
-1
-1
-1
36 17055
-1
36 17208
-1
-1
37 17250
37 17226
40 17153
40 17153
-1
40 16552
38 17073
-1
36 16492
-1
-1
-1
39 17099
39 17099
38 17238
-1
36 16666
37 17042
-1
-1
31 17000
-1
30 16678
-1
-1
-1
-1
-1
-1
-1
-1
-1
32 17087
-1
33 17031
-1
-1
32 16741
-1
-1
-1
30 16258
-1
31 16311
-1
-1
-1
-1
-1
-1
35 16523
-1
-1
-1
-1
-1
39 17155
39 17155
-1
-1
-1
-1
-1
-1
-1
34 17150
-1
-1
31 16917
-1
32 16778
32 16778
32 16778
33 17160
-1
-1
-1
34 16927
-1
37 16889
-1
-1
41 17136
-1
-1
-1
-1
-1
-1
-1
-1
31 17133
-1
33 17245
31 16913
-1
-1
-1
-1
-1
-1
-1
-1
36 17029
-1
-1
-1
-1
-1
35 17004
35 17234
35 16996
-1
-1
31 16947
-1
-1
-1
-1
29 16582
29 16582
-1
-1
-1
-1
33 17106
-1
-1
-1
34 17221
-1
36 16762
-1
-1
-1
36 16791
37 17252
-1
-1
-1
-1
-1
33 16703
-1
-1
36 17005
36 17005
38 17160
-1
35 16717
36 16971
37 17192
-1
34 17103
-1
-1
-1
-1
-1
36 17032
35 16977
-1
35 17254
35 17254
-1
-1
-1
-1
-1
36 17078
-1
37 17041
37 17041
-1
36 16751
37 17130
37 16842
-1
37 16956
38 16982
-1
-1
-1
40 16900
39 16653
39 16653
-1
-1
-1
-1
40 17027
33 16993
-1
-1
34 17239
-1
39 17164
-1
-1
33 16637
-1
-1
-1
-1
36 16515
-1
-1
39 16933
-1
39 17072
-1
-1
38 16564
-1
-1
35 16731
-1
-1
-1
-1
35 16760
36 17089
36 16768
-1
-1
-1
36 17192
-1
-1
-1
31 16807
-1
31 17107
28 17106
-1
28 17121
-1
-1
28 17038
-1
29 17157
-1
30 17094
30 17094
-1
-1
-1
-1
-1
34 17000
-1
-1
-1
-1
-1
-1
36 16706
-1
38 17106
38 16902
-1
37 16746
37 16573
38 16967
38 17040
-1
36 16619
-1
37 17108
37 17108
-1
-1
36 16388
-1
38 17041
39 17211
-1
-1
-1
32 17229
-1
-1
-1
-1
-1
36 16843
36 16843
-1
-1
32 16811
33 16977
33 16977
-1
35 17143
-1
-1
-1
36 17224
36 17088
33 17104
-1
-1
-1
34 16819
-1
-1
32 16705
32 17189
-1
-1
-1
-1
36 17202
36 17202
-1
34 16709
-1
32 16556
-1
-1
-1
35 16685
-1
36 17140
-1
-1
-1
39 17228
-1
36 16669
37 17006
38 16943
35 16838
36 17058
-1
36 17165
-1
36 17165
36 17244
35 16647
-1
-1
-1
34 16887
33 16803
-1
-1
-1
33 16984
-1
-1
-1
30 16921
-1
-1
-1
-1
-1
-1
-1
35 17063
35 17063
-1
31 17156
-1
-1
-1
35 16695
-1
29 16899
-1
31 17049
31 17049
-1
-1
-1
29 17007
29 17007
28 16363
-1
30 16712
31 17187
-1
-1
31 16685
31 16430
32 17096
32 17096
32 16829
31 16708
32 16874
32 16874
32 17182
-1
32 17128
-1
30 17069
-1
-1
31 16689
-1
-1
-1
29 17101
-1
28 16764
28 16764
28 16860
-1
25 16771
-1
-1
26 16899
-1
27 17212
-1
29 16381
29 16381
29 16381
-1
33 16882
-1
-1
-1
33 17200
33 17200
32 17095
-1
32 16854
-1
-1
-1
-1
-1
32 17171
-1
-1
27 17240
-1
29 16550
-1
29 16741
-1
-1
-1
32 16708
-1
-1
33 16633
34 17236
-1
-1
36 16977
-1
-1
37 17232
-1
37 17019
37 17019
-1
-1
-1
-1
-1
35 16990
32 17088
32 17088
-1
-1
32 16741
-1
-1
31 16632
30 16713
-1
-1
-1
-1
28 16743
-1
29 16545
28 16847
28 17136
-1
28 17202
-1
-1
-1
-1
-1
-1
-1
34 17189
-1
-1
35 16317
-1
-1
-1
-1
38 17048
36 17082
-1
-1
-1
-1
-1
-1
32 17017
32 17017
-1
30 16677
-1
-1
32 17130
-1
33 17074
-1
-1
-1
-1
31 17140
-1
31 17032
-1
-1
33 16731
-1
-1
-1
37 16555
-1
-1
38 16331
-1
39 17215
-1
36 16868
36 17047
36 17047
34 16585
34 16585
34 16585
34 16585
32 17157
-1
-1
-1
-1
-1
-1
-1
32 16999
32 16999
32 17001
-1
-1
-1
34 17252
34 17039
-1
32 16857
-1
-1
-1
-1
30 16984
-1
29 16484
-1
-1
33 16689
-1
-1
37 17185
-1
37 16772
-1
-1
-1
-1
-1
-1
38 17145
41 16996
41 16996
-1
-1
-1
42 16943
-1
38 16822
-1
37 17155
-1
32 16300
-1
-1
-1
-1
-1
35 17036
-1
-1
-1
-1
34 17066
-1
-1
34 17234
-1
-1
-1
-1
34 16971
34 16971
34 16948
-1
-1
38 17239
38 17062
-1
-1
-1
-1
39 16583
-1
39 16849
40 17059
-1
-1
-1
41 17174
39 17124
39 16904
-1
-1
35 16440
-1
-1
-1
33 16942
-1
-1
-1
-1
26 16645
26 17146
-1
30 17098
-1
-1
-1
33 16438
33 16438
-1
36 16838
36 17036
-1
-1
-1
33 16850
32 17009
33 17157
-1
30 17014
-1
-1
28 16781
-1
30 16374
-1
-1
-1
-1
-1
-1
-1
-1
38 16757
38 16757
38 16757
39 16707
41 17065
43 17030
-1
-1
44 17089
-1
43 17208
-1
41 16789
-1
40 16978
41 17199
-1
35 16999
34 16822
-1
36 16561
34 16630
-1
33 16961
32 17186
32 17186
-1
-1
30 17090
32 16991
35 17138
-1
-1
-1
-1
34 16596
34 16596
34 16596
-1
-1
39 16740
39 16740
39 16740
39 16824
-1
-1
-1
-1
-1
-1
-1
33 17129
-1
-1
-1
34 16681
-1
33 16979
-1
-1
-1
-1
32 16912
32 16912
-1
32 16912
32 16912
-1
-1
-1
-1
-1
32 16940
-1
-1
-1
-1
-1
33 16963
-1
-1
34 16582
-1
-1
37 17240
-1
-1
37 17077
37 16764
37 16764
37 16764
-1
39 17024
-1
-1
-1
36 17069
37 17100
-1
38 17172
38 17172
38 17172
-1
-1
-1
-1
35 17113
-1
36 17165
-1
-1
-1
-1
-1
-1
-1
-1
34 16879
-1
33 17177
-1
-1
-1
27 17140
-1
24 16955
26 17200
26 17200
-1
-1
-1
-1
-1
30 16617
31 16739
32 17244
-1
-1
31 16628
-1
-1
34 17161
-1
-1
-1
38 17152
-1
38 17075
-1
-1
-1
41 16957
39 16673
39 16673
40 16666
-1
41 16884
-1
-1
43 17229
-1
-1
41 17131
40 16860
-1
37 16694
-1
-1
-1
33 16975
-1
33 16975
-1
-1
-1
36 16660
37 17160
-1
37 17160
-1
-1
38 17184
36 17016
-1
37 16994
36 16911
36 17084
-1
-1
39 17193
39 17193
-1
34 17008
34 17239
-1
34 17213
-1
33 16661
-1
-1
-1
-1
34 16954
34 16954
-1
-1
35 16834
33 17129
32 16812
-1
32 16812
-1
-1
-1
36 16641
37 16601
38 17105
-1
-1
-1
42 17021
-1
-1
42 17052
-1
35 16847
-1
37 16998
37 16719
39 17209
-1
-1
-1
-1
-1
-1
-1
-1
35 16881
-1
-1
-1
-1
-1
-1
37 17190
37 17232
-1
-1
-1
-1
-1
32 16651
-1
34 17101
33 16908
-1
34 17171
-1
-1
-1
29 17208
-1
-1
28 17044
29 16700
30 17244
-1
32 16659
33 17218
-1
-1
-1
-1
-1
-1
34 17107
-1
-1
-1
36 17166
35 17236
33 17179
-1
-1
31 16927
-1
31 16927
31 17131
31 16752
28 16830
29 16859
-1
30 16991
-1
30 16863
-1
-1
32 16567
-1
-1
-1
33 16817
-1
-1
32 16891
32 16891
-1
-1
-1
-1
33 16932
33 16932
34 17222
34 17149
34 17149
-1
-1
30 16338
-1
33 17225
-1
34 17127
-1
-1
-1
32 16844
31 16397
-1
-1
32 16849
-1
32 16856
-1
-1
-1
-1
32 16750
33 17185
-1
-1
36 16764
-1
34 16807
-1
-1
-1
-1
33 16868
-1
36 17224
37 16930
37 16930
-1
-1
37 17141
-1
-1
40 16974
-1
-1
-1
-1
39 16644
-1
-1
41 17160
-1
-1
-1
34 17197
34 17226
35 17246
-1
34 17142
34 16839
-1
-1
34 16680
-1
-1
-1
-1
-1
-1
-1
-1
35 16485
-1
-1
38 17053
-1
43 17052
-1
43 17052
43 17052
-1
-1
-1
-1
-1
-1
36 16532
-1
36 16532
-1
37 17052
-1
-1
-1
34 17102
-1
-1
32 16846
32 16498
34 17151
34 17151
-1
-1
32 16820
-1
33 17119
-1
33 17233
33 17062
-1
31 16992
32 17253
33 17252
-1
-1
28 16996
-1
-1
-1
31 17144
-1
-1
31 16477
-1
-1
33 16771
-1
-1
34 16925
-1
-1
-1
34 16477
35 16819
-1
-1
-1
34 17096
-1
34 16870
34 16707
30 16553
-1
-1
-1
-1
31 16644
-1
33 16887
-1
32 17048
29 17046
28 17050
27 16288
28 16886
-1
30 16769
34 17191
-1
34 16815
34 17083
33 16964
33 16964
-1
-1
-1
-1
-1
-1
-1
-1
-1
-1
-1
37 17156
36 16667
37 17086
35 17117
-1
35 16910
35 16910
-1
35 16995
33 16723
-1
-1
31 16878
-1
-1
32 16658
33 17204
-1
-1
35 17139
35 17139
36 17205
34 17232
32 16476
32 16476
33 16947
35 17241
-1
38 16783
36 16910
-1
39 16696
39 16932
-1
-1
-1
-1
39 16937
41 16737
-1
-1
44 17144
-1
38 16505
39 16809
40 16598
40 16597
-1
-1
-1
-1
-1
40 16948
-1
-1
-1
36 16622
-1
-1
36 17068
-1
36 17112
35 16757
-1
-1
37 17144
-1
-1
34 17139
31 17072
31 16597
-1
-1
-1
36 17197
-1
35 17035
-1
-1
36 16864
-1
-1
-1
-1
-1
-1
37 17227
-1
-1
38 16907
-1
33 17154
33 17154
32 16497
-1
35 16923
-1
36 17054
35 16704
-1
36 16898
34 16667
-1
-1
-1
32 16809
-1
-1
-1
29 16967
-1
-1
31 16946
-1
-1
32 16655
-1
32 16655
-1
-1
-1
-1
-1
38 17074
33 17222
-1
33 17222
32 17139
-1
-1
-1
34 17178
-1
38 16586
-1
-1
39 17244
36 16731
-1
35 16664
-1
-1
36 17039
-1
-1
-1
-1
37 17213
-1
37 16911
-1
34 16990
-1
-1
34 16743
34 16814
-1
31 17029
-1
-1
-1
-1
32 17241
-1
-1
-1
-1
-1
31 16956
32 17195
32 16913
-1
-1
-1
36 16687
-1
37 16851
-1
36 16420
-1
-1
-1
-1
39 16736
40 16872
-1
37 17159
36 17040
-1
35 16928
-1
34 17219
34 16466
-1
-1
-1
-1
33 17004
30 16530
-1
31 17241
-1
-1
-1
-1
-1
32 16743
-1
-1
36 17163
-1
-1
-1
-1
-1
-1
37 16513
-1
36 16988
37 17229
-1
-1
-1
32 17056
-1
-1
-1
31 17124
-1
30 16731
30 16731
33 16502
33 16659
35 17201
-1
35 16476
-1
37 17167
40 16935
-1
41 17187
41 17187
-1
-1
-1
46 17221
-1
46 17221
-1
-1
47 16840
-1
47 17115
-1
48 17047
-1
48 17047
-1
46 16857
-1
44 17218
-1
-1
-1
45 17031
-1
44 16930
44 16930
46 17016
43 17124
-1
39 16973
39 16973
-1
-1
35 17187
-1
34 16987
-1
35 17128
-1
30 16351
-1
-1
30 16801
31 16924
-1
33 17202
-1
-1
-1
-1
-1
-1
35 17053
36 17069
35 16846
-1
-1
-1
36 17136
-1
36 17084
-1
-1
37 17166
-1
-1
33 16937
31 17176
-1
33 17158
30 16745
-1
-1
-1
-1
-1
-1
-1
-1
-1
-1
-1
-1
34 17195
32 16918
-1
-1
-1
-1
31 16914
-1
-1
34 17242
-1
-1
36 16822
36 16822
-1
39 17244
40 16516
40 17225
39 16980
-1
-1
35 16992
32 16829
31 16902
-1
-1
28 16560
-1
-1
-1
30 17254
30 17254
-1
28 16657
29 16988
-1
30 17094
31 17085
-1
-1
-1
-1
-1
-1
-1
-1
-1
-1
-1
30 16927
-1
-1
-1
-1
-1
30 16549
30 16549
-1
32 17133
-1
-1
-1
31 16510
28 16468
28 16468
-1
-1
28 17064
28 17184
29 16954
28 16975
-1
29 16759
-1
31 17006
31 17006
33 17207
-1
-1
-1
-1
-1
-1
38 16980
-1
-1
37 16476
-1
39 17004
-1
36 17242
-1
-1
-1
-1
32 17100
32 17100
-1
-1
-1
29 17025
-1
32 17231
-1
31 16394
-1
-1
-1
35 17122
-1
-1
-1
32 16574
-1
-1
33 17108
33 17108
34 17212
-1
-1
34 16863
35 16718
-1
-1
37 17093
-1
-1
37 16739
37 16739
39 17198
-1
39 16399
-1
40 17241
39 16915
-1
38 17203
-1
37 16768
38 17015
-1
-1
-1
-1
34 16982
-1
-1
35 16884
-1
-1
33 16522
35 17151
36 17163
36 17163
-1
39 16993
-1
40 17104
-1
-1
40 17147
40 17147
41 17199
-1
-1
-1
-1
-1
-1
42 16342
-1
-1
43 16477
-1
43 16477
45 17013
45 17013
-1
-1
-1
-1
-1
-1
-1
31 17172
31 17186
29 16785
-1
32 16839
32 16941
-1
35 16829
35 16829
-1
-1
41 17010
-1
36 16931
36 16931
-1
31 17061
31 17061
-1
30 17015
30 17015
30 17015
-1
30 16786
-1
-1
30 16497
31 16946
-1
31 16420
32 16583
33 16943
-1
34 17009
-1
-1
-1
36 16892
36 16892
-1
-1
-1
-1
-1
30 16513
-1
-1
-1
30 16988
-1
29 16692
-1
-1
32 17220
32 16979
33 17200
34 17088
-1
34 17035
-1
-1
-1
-1
-1
37 17199
-1
-1
-1
-1
-1
-1
-1
33 16631
33 16631
-1
33 16510
-1
-1
33 17249
33 17249
32 17122
-1
32 17044
32 17193
32 16677
-1
32 17247
-1
-1
-1
-1
32 16935
-1
-1
33 16807
36 17204
36 16694
38 16933
37 16956
37 16956
38 16883
-1
-1
40 17186
-1
-1
-1
39 17219
-1
35 17165
-1
-1
-1
-1
-1
31 16599
-1
32 17078
-1
32 17189
-1
-1
-1
-1
38 17189
-1
-1
-1
37 17056
37 17056
38 17196
38 16818
-1
35 16875
36 17239
-1
-1
-1
-1
-1
36 17007
36 17007
-1
37 17207
-1
-1
-1
-1
37 17169
-1
-1
36 17037
37 16373
-1
35 16896
-1
35 16896
-1
-1
-1
34 16746
-1
31 16785
-1
31 16334
32 17189
-1
-1
-1
31 16458
-1
31 16317
-1
-1
-1
-1
33 16715
-1
-1
-1
33 16933
33 16519
-1
-1
-1
34 17128
34 17111
-1
-1
34 16530
-1
35 17116
35 17135
36 17088
-1
36 17088
36 17088
-1
-1
-1
33 16861
33 16861
33 16861
34 16965
-1
-1
-1
-1
33 17070
-1
-1
32 16622
-1
-1
-1
37 16612
37 17246
-1
-1
-1
38 17106
-1
-1
38 16861
39 16852
40 17119
39 17129
-1
-1
-1
-1
-1
-1
34 17097
-1
33 16850
-1
-1
-1
-1
29 16958
31 17217
-1
-1
-1
34 16443
34 17102
34 16884
-1
-1
-1
-1
30 16485
30 16485
30 16485
31 17154
-1
-1
34 17157
-1
-1
-1
-1
-1
34 16806
35 17026
35 17026
-1
-1
-1
32 16865
32 16541
33 17015
-1
-1
-1
-1
-1
-1
-1
34 16533
35 16678
-1
36 16727
-1
37 17159
38 17175
38 17175
38 17175
-1
-1
39 17214
-1
-1
41 16430
41 16430
41 16430
-1
-1
40 17249
-1
-1
42 17086
42 17086
39 16746
40 16866
42 17240
-1
37 16899
-1
-1
37 17037
-1
-1
37 16724
34 16755
-1
36 17149
-1
36 17149
34 17099
35 16525
-1
-1
-1
-1
36 16624
-1
-1
-1
34 16407
-1
-1
34 16949
-1
-1
-1
-1
-1
-1
35 17130
-1
35 17130
35 16997
-1
-1
-1
32 16664
33 16940
-1
31 16766
31 16766
31 16766
31 16766
31 16766
-1
31 16790
32 16936
32 16936
-1
-1
-1
-1
-1
33 17027
33 16986
31 16892
-1
-1
31 16643
-1
-1
-1
-1
-1
-1
-1
-1
-1
40 17117
-1
-1
39 17250
40 16780
-1
-1
-1
36 16778
36 16778
36 17080
-1
37 17251
-1
36 17251
-1
-1
39 17166
-1
37 16315
-1
-1
38 16653
-1
35 16410
-1
-1
36 17248
-1
31 17225
32 17075
32 17038
29 16851
30 17201
31 17060
31 16907
-1
32 16967
-1
-1
-1
-1
36 17203
37 17208
37 16582
37 16582
-1
-1
-1
37 16732
-1
-1
38 17060
-1
38 17001
37 16846
37 16846
-1
-1
37 17204
36 17204
-1
-1
-1
-1
34 17115
-1
-1
-1
34 16744
-1
-1
35 16965
-1
-1
35 16726
-1
-1
-1
32 16526
32 16945
-1
-1
35 17216
-1
-1
-1
-1
-1
-1
-1
-1
31 17078
31 17078
31 17146
-1
-1
-1
35 17123
-1
-1
-1
-1
-1
-1
38 16364
-1
38 16364
38 16874
38 17075
38 17075
37 17155
34 17185
-1
34 17185
-1
33 17174
32 17049
32 17103
-1
32 17103
-1
-1
29 17061
-1
-1
-1
31 17064
-1
31 17048
-1
-1
-1
-1
29 16953
29 16953
-1
32 16959
-1
-1
34 16997
-1
-1
33 16819
33 16960
33 16960
33 16562
33 16562
-1
-1
31 16803
29 16899
-1
-1
-1
31 16909
-1
32 17206
-1
-1
-1
-1
33 16896
35 16993
35 16993
-1
36 17009
-1
37 17213
35 17184
33 16473
-1
-1
-1
-1
36 16966
38 17174
-1
36 17119
-1
36 16559
38 16781
39 16876
-1
40 17001
-1
40 16958
-1
35 17215
-1
-1
-1
-1
-1
-1
-1
31 16762
32 17168
-1
-1
-1
-1
34 17165
33 17178
32 17151
-1
-1
31 16565
-1
-1
-1
-1
-1
-1
-1
-1
-1
34 17086
-1
35 16696
-1
34 17246
34 17246
32 17001
-1
-1
32 16887
-1
33 17208
-1
-1
35 16889
-1
36 17155
-1
-1
36 17072
-1
-1
-1
37 16999
-1
36 17236
-1
-1
-1
-1
35 16379
-1
-1
-1
35 17106
33 16631
-1
-1
-1
34 16929
-1
-1
-1
-1
-1
31 16929
31 16954
-1
-1
-1
33 17225
-1
-1
31 17163
-1
-1
-1
31 17245
-1
-1
-1
-1
-1
33 16774
-1
-1
35 17206
35 17206
-1
35 17206
35 16469
-1
-1
36 16757
-1
-1
-1
36 17252
34 17126
-1
-1
36 16694
-1
37 16900
36 17007
-1
36 16983
37 16807
-1
-1
-1
38 16864
-1
-1
31 16969
-1
-1
29 16867
-1
31 16755
31 16755
30 17203
-1
29 17202
29 17202
-1
-1
-1
-1
29 16798
30 17199
30 16590
29 16986
-1
29 16803
28 16671
-1
-1
-1
35 17001
-1
-1
35 17001
36 17006
-1
35 17160
-1
35 17160
-1
-1
-1
-1
-1
-1
34 17052
-1
-1
34 16890
-1
35 17024
-1
32 17067
-1
-1
-1
34 16742
-1
37 17096
-1
37 16998
-1
-1
-1
38 17050
-1
-1
40 17254
40 17254
41 16997
-1
40 16594
-1
41 16646
43 16900
-1
-1
-1
-1
34 16525
-1
37 17252
-1
-1
-1
37 17156
35 17194
33 17153
32 17242
32 17242
36 17075
-1
-1
34 17166
-1
-1
35 17042
35 16695
-1
-1
-1
37 16942
37 16665
-1
-1
-1
-1
-1
-1
35 17151
33 16762
33 17038
33 17038
-1
-1
-1
-1
-1
-1
-1
31 17178
30 16769
-1
-1
29 16746
-1
-1
-1
30 17198
-1
30 16654
-1
-1
-1
31 17024
31 17024
31 17024
31 17093
-1
-1
-1
-1
27 16796
26 17177
-1
-1
-1
25 16860
25 16898
-1
30 16868
-1
-1
-1
-1
34 17185
34 17185
34 16474
-1
-1
-1
-1
34 17034
28 16820
-1
27 16714
25 17037
-1
24 16844
-1
-1
27 17240
-1
27 17142
28 17116
-1
-1
-1
-1
-1
32 16647
32 16623
-1
-1
-1
-1
29 17250
-1
25 16425
28 17216
-1
-1
-1
28 16442
-1
30 17053
-1
-1
-1
30 16355
30 16355
30 17168
30 16586
30 16586
34 17177
-1
35 17220
-1
33 16730
-1
-1
31 16899
-1
-1
32 17105
-1
-1
-1
33 17034
38 16922
-1
-1
-1
39 17223
-1
38 16576
-1
37 17182
-1
34 17055
-1
-1
-1
-1
37 16912
37 16912
-1
36 16806
36 16806
-1
38 17244
38 17244
39 17167
39 17065
-1
39 17065
-1
-1
-1
-1
-1
40 17007
41 17156
-1
-1
-1
-1
-1
32 16699
32 16718
31 17122
-1
-1
-1
31 17185
-1
-1
30 17233
-1
30 16730
30 16730
29 16787
-1
-1
29 16990
-1
30 17083
30 17083
-1
32 17251
-1
33 17174
-1
-1
33 17233
-1
-1
35 17236
35 17070
-1
-1
37 16998
-1
36 17201
-1
-1
32 16282
-1
32 16549
33 17075
33 17075
-1
-1
-1
35 17107
35 17107
36 17153
-1
-1
38 16815
-1
-1
-1
39 17054
-1
38 16962
-1
-1
-1
-1
-1
37 17035
-1
-1
-1
40 17151
-1
-1
-1
-1
-1
36 16810
39 17088
-1
-1
39 17177
-1
-1
-1
-1
35 17019
35 17065
-1
-1
-1
36 16640
33 16960
34 16984
33 16657
33 16800
34 17194
-1
-1
-1
-1
-1
-1
33 17151
33 16907
-1
-1
-1
-1
-1
-1
35 16566
-1
-1
37 17235
-1
-1
36 16501
-1
37 17251
-1
-1
-1
-1
39 16784
-1
-1
35 16726
37 17039
37 17039
-1
29 17038
31 17203
-1
33 16758
34 17164
-1
-1
34 16775
-1
-1
34 16775
-1
37 16471
-1
37 16471
38 17040
40 17252
-1
-1
-1
-1
-1
34 16347
-1
35 17242
-1
-1
-1
-1
-1
34 16679
-1
-1
-1
-1
-1
30 17123
-1
-1
31 17109
31 16739
32 17029
-1
-1
-1
30 16954
-1
33 17028
-1
-1
-1
-1
-1
-1
-1
-1
-1
-1
-1
-1
31 16994
-1
32 16418
-1
-1
-1
-1
34 16702
-1
35 16536
-1
35 16922
-1
-1
-1
-1
35 17038
-1
-1
-1
-1
34 16778
34 16778
-1
-1
-1
-1
-1
-1
-1
-1
37 17232
-1
-1
-1
-1
-1
-1
-1
-1
32 17034
32 17093
-1
-1
31 17040
-1
32 17127
32 17019
32 17019
32 17151
34 17139
-1
31 16966
-1
-1
30 16649
-1
-1
-1
-1
31 17102
30 17193
28 16905
-1
-1
-1
28 17041
-1
28 16908
-1
-1
30 16391
-1
-1
-1
31 16763
-1
-1
-1
29 17090
-1
29 17090
29 17090
29 17015
30 16931
30 16931
-1
28 16948
-1
-1
29 16581
30 16925
31 17229
-1
-1
35 16599
-1
-1
39 16818
41 17105
-1
-1
40 17225
-1
-1
40 17074
-1
-1
-1
-1
-1
37 16753
-1
37 17097
-1
-1
-1
-1
35 16947
36 17168
34 16466
34 16466
-1
-1
-1
-1
-1
-1
30 17188
-1
-1
-1
-1
-1
-1
-1
28 17081
-1
-1
-1
26 17193
-1
-1
27 16614
-1
-1
-1
-1
30 17160
-1
33 16907
-1
-1
-1
-1
-1
33 17226
-1
33 17202
-1
-1
-1
-1
-1
-1
-1
33 17139
-1
32 16519
-1
-1
-1
-1
-1
-1
-1
35 17212
37 16767
39 17026
39 17245
-1
-1
38 17200
-1
39 16789
-1
-1
-1
-1
36 17148
-1
36 17013
-1
-1
32 16931
32 16931
-1
32 16723
34 16512
37 17136
37 16807
-1
37 16709
-1
-1
-1
38 16704
-1
36 17247
34 16688
36 17071
27 16503
-1
29 17182
-1
-1
-1
-1
-1
33 16929
-1
33 16929
-1
36 17054
-1
37 17191
-1
-1
37 17096
-1
-1
-1
-1
-1
34 16830
-1
-1
-1
36 17238
36 17092
35 16805
-1
-1
-1
-1
-1
-1
34 16919
34 17118
34 17193
