1 50
-1
-1
9 9148
-1
9 9148
-1
-1
13 8843
16 9266
16 9266
-1
17 9162
18 8805
-1
-1
-1
-1
-1
21 9245
-1
-1
19 8896
-1
18 8936
-1
17 9077
-1
17 8741
-1
-1
-1
-1
-1
-1
-1
-1
-1
-1
15 8938
-1
-1
-1
-1
19 8380
21 9136
-1
-1
21 9179
-1
-1
-1
20 9305
18 8694
18 8694
-1
-1
-1
-1
-1
19 9311
-1
-1
17 9089
-1
-1
-1
-1
-1
18 9195
-1
18 9195
-1
-1
17 8982
-1
-1
18 8637
19 9133
-1
-1
-1
15 8754
-1
14 8986
14 8986
14 8791
-1
15 9053
15 8969
-1
18 9183
-1
-1
-1
-1
16 9072
-1
-1
-1
17 8894
18 9032
-1
-1
-1
22 9221
22 9202
20 8885
-1
-1
-1
-1
-1
-1
-1
-1
-1
15 9306
-1
17 8859
-1
-1
13 9047
14 8851
16 9289
-1
15 8773
-1
-1
-1
-1
-1
-1
-1
-1
-1
20 8963
-1
19 9281
-1
18 8856
18 8856
-1
17 9008
-1
17 8593
17 8593
18 9269
-1
-1
-1
-1
-1
18 8960
18 8960
-1
19 9055
17 8891
-1
14 9052
-1
-1
15 8938
-1
-1
-1
13 9136
-1
12 9022
14 9111
14 8584
-1
-1
-1
17 8922
17 8922
-1
-1
-1
-1
17 9002
-1
-1
18 9226
-1
-1
-1
-1
-1
-1
-1
17 9196
-1
-1
-1
-1
19 9281
16 9174
-1
-1
-1
19 9222
18 8435
22 9222
-1
-1
-1
16 9286
16 9068
-1
-1
-1
16 9267
18 8832
18 8832
19 9099
20 9206
20 9251
-1
-1
17 8906
-1
-1
-1
-1
-1
-1
-1
19 9252
-1
-1
-1
16 9079
-1
14 9105
14 9105
14 9105
14 8431
-1
-1
15 8504
17 9206
17 9264
-1
-1
17 9258
19 8826
23 8626
24 8534
-1
15 9111
15 9111
15 9111
-1
-1
-1
-1
-1
-1
20 8823
22 9285
-1
22 9127
-1
-1
19 9066
16 9231
16 9231
-1
-1
17 9152
-1
18 9081
-1
16 9287
16 9256
16 9256
-1
16 9049
-1
18 9034
-1
-1
-1
21 8603
-1
-1
-1
-1
-1
-1
-1
23 9271
20 8804
-1
-1
-1
20 9246
-1
22 9151
-1
-1
-1
22 9097
-1
22 8986
22 8986
22 9194
-1
15 9240
-1
-1
-1
19 8605
-1
-1
20 8641
-1
23 9238
23 9238
-1
22 9220
22 9220
20 8846
-1
20 9059
-1
16 9255
-1
-1
-1
-1
19 8886
19 8886
-1
19 9226
19 9254
-1
-1
21 9246
16 8541
-1
-1
15 8976
15 8664
-1
-1
-1
-1
-1
19 9111
-1
14 8543
-1
-1
-1
-1
17 9144
-1
16 9142
-1
-1
18 8635
19 8995
19 8995
-1
-1
-1
-1
-1
20 9117
19 9284
19 9284
19 9284
-1
16 8935
-1
-1
-1
-1
-1
-1
-1
-1
19 8709
19 8709
19 8512
-1
-1
19 8723
19 8723
-1
-1
-1
-1
15 9140
-1
15 9007
-1
16 9290
16 9290
-1
16 9268
-1
15 8631
-1
-1
15 8739
-1
-1
-1
-1
15 9067
-1
-1
-1
-1
18 9261
-1
19 8706
18 8798
19 8699
-1
-1
20 8497
-1
-1
-1
-1
-1
-1
-1
-1
-1
19 9251
17 9207
-1
20 9243
-1
-1
20 9181
-1
17 9204
17 9282
17 9287
17 8408
-1
-1
18 9192
16 8961
18 9161
16 8549
17 9133
15 9061
-1
18 9271
22 9224
-1
-1
-1
24 8752
25 9284
25 8752
-1
-1
20 9199
20 9227
19 9264
18 9162
-1
-1
-1
17 8977
-1
-1
-1
-1
-1
-1
-1
-1
18 8939
18 8756
-1
-1
18 8738
-1
20 9089
21 8986
-1
20 8991
21 9201
17 8858
18 9124
15 8897
-1
14 8426
15 9034
-1
-1
19 8992
-1
20 9033
21 9272
21 9272
20 9116
18 9085
-1
-1
-1
20 8969
18 9080
-1
-1
16 9008
17 9307
17 9307
-1
-1
-1
19 8650
19 8650
-1
20 8693
-1
20 8693
-1
18 9145
18 9080
-1
18 8581
18 8581
-1
18 8695
17 9261
17 9283
18 8476
-1
-1
21 8915
22 9069
22 9069
23 9292
23 9292
23 9292
23 9292
-1
-1
-1
22 9139
-1
23 9308
-1
23 9158
-1
-1
-1
17 8799
14 9111
-1
-1
17 8759
18 8651
19 8871
19 8871
19 8600
20 9233
-1
17 8666
17 8666
-1
18 9184
17 9214
16 9041
-1
16 8549
-1
-1
17 8993
-1
-1
-1
14 9209
14 9209
-1
13 8882
14 8710
-1
14 8723
14 8433
-1
15 8978
-1
15 9102
-1
-1
-1
22 9243
-1
20 8449
20 8449
22 9312
22 9312
21 9155
23 9310
-1
22 9257
-1
-1
-1
-1
-1
24 9113
24 9113
24 8844
-1
-1
-1
-1
15 8466
15 8466
-1
16 8489
-1
18 8866
-1
-1
-1
-1
16 9000
17 9245
17 8785
18 8893
20 9155
-1
20 9053
-1
19 9251
-1
-1
-1
21 9042
21 9042
20 9239
-1
17 8856
-1
19 9174
19 8855
-1
-1
-1
21 8544
-1
-1
21 8544
-1
17 9175
17 9175
-1
-1
-1
-1
14 9114
14 8955
-1
-1
17 9283
-1
-1
-1
-1
20 9297
-1
-1
17 9186
-1
17 9284
-1
18 9002
-1
-1
-1
19 8921
19 8703
-1
-1
17 9239
-1
-1
18 9251
-1
17 8804
-1
-1
16 8627
19 9104
20 9169
-1
-1
18 8926
-1
-1
-1
-1
20 9193
-1
-1
21 9099
22 9235
-1
-1
20 9271
17 9128
17 8650
17 8650
17 8650
-1
18 8942
-1
-1
18 8942
18 8942
18 9235
19 9293
-1
-1
19 9262
17 8715
19 8652
18 9289
16 8577
16 8939
-1
-1
-1
-1
16 8808
-1
-1
14 8930
-1
-1
15 8471
16 8531
-1
17 8749
-1
-1
18 9007
-1
-1
-1
20 9032
-1
16 9299
14 8731
15 9188
15 9188
-1
16 8978
16 9250
-1
22 8869
-1
22 9141
-1
20 9115
-1
18 9074
-1
-1
-1
-1
-1
-1
18 8963
18 9211
19 9018
19 9220
-1
18 8999
17 8824
19 9287
-1
19 9306
-1
23 9188
23 9253
22 8864
-1
-1
18 8609
19 8933
-1
-1
23 8879
23 8879
21 8752
-1
-1
-1
20 8932
-1
-1
-1
16 8942
-1
-1
17 8480
19 9299
-1
21 9188
19 9313
19 9069
15 8542
-1
-1
16 8755
-1
-1
21 8922
-1
18 9254
-1
-1
-1
18 8817
-1
18 9115
18 9310
-1
-1
-1
18 9213
15 8578
-1
-1
-1
18 9216
-1
18 9152
-1
-1
15 9210
13 9068
-1
13 8550
-1
14 8466
18 9309
18 8669
-1
16 8749
-1
-1
-1
17 8953
-1
-1
18 9167
-1
19 9308
-1
17 9011
-1
-1
-1
-1
-1
-1
17 9174
17 9174
15 8612
-1
-1
14 8657
-1
-1
16 9140
16 9140
16 9036
20 9104
20 9104
-1
20 8622
20 8622
16 9261
16 9261
-1
-1
-1
-1
-1
17 9211
-1
-1
-1
15 8739
-1
-1
18 9098
-1
18 9183
-1
18 9015
-1
-1
18 9015
-1
-1
19 9268
18 9244
18 9231
18 9056
22 9063
-1
-1
-1
21 9118
-1
-1
21 9209
21 8987
21 8987
-1
18 9293
-1
19 9309
17 9091
-1
17 9091
-1
-1
-1
-1
-1
-1
-1
16 9252
-1
-1
-1
-1
-1
-1
-1
-1
-1
-1
14 9199
-1
19 9035
-1
19 9035
19 8948
18 8540
18 9026
-1
19 9249
19 9307
-1
19 9307
14 8897
14 8897
-1
14 8400
14 8400
-1
-1
-1
16 8662
-1
-1
-1
-1
15 9009
15 8999
-1
-1
-1
14 9092
-1
-1
16 9164
-1
-1
-1
18 9297
-1
19 8355
-1
-1
19 9234
19 9234
-1
16 9056
-1
16 8710
-1
-1
20 8818
-1
19 8410
19 9135
-1
-1
-1
14 8498
-1
-1
-1
15 9027
-1
16 9245
-1
16 8891
-1
-1
20 9223
19 8812
14 8861
14 8861
15 9282
-1
-1
16 8621
-1
17 8853
-1
-1
-1
-1
20 9093
21 9262
-1
-1
18 9062
18 9062
-1
-1
-1
18 8557
-1
18 8739
-1
-1
-1
16 8846
-1
-1
-1
-1
-1
17 9087
-1
-1
-1
-1
18 8808
20 9303
20 9303
20 9222
-1
20 9052
-1
23 9176
23 9279
-1
-1
-1
-1
22 9001
-1
-1
20 9094
-1
20 9094
15 8525
16 9221
-1
14 9003
14 9073
14 9073
14 9073
14 9073
-1
-1
-1
-1
-1
16 8843
17 9139
-1
-1
-1
15 9060
15 9139
15 9139
-1
15 9139
-1
15 9139
16 9294
-1
-1
16 8437
-1
18 9080
16 8444
-1
15 9243
-1
15 8781
-1
-1
-1
15 8781
-1
18 8856
18 8856
-1
18 8856
-1
-1
-1
-1
-1
19 9035
-1
20 9107
-1
-1
-1
-1
20 9184
20 9199
-1
-1
19 8876
-1
17 8914
-1
-1
-1
16 9070
-1
-1
17 9048
-1
-1
18 9175
21 9075
20 8955
20 9155
20 8722
-1
-1
-1
-1
18 9201
-1
-1
-1
-1
14 8872
16 8932
-1
16 8932
16 8932
16 8932
-1
19 9035
21 8505
-1
-1
19 9155
19 9155
19 9271
-1
-1
-1
17 9237
17 9237
17 9045
19 9144
-1
-1
-1
19 8508
-1
21 9274
21 8949
18 8655
-1
22 9311
22 9311
19 8769
21 9243
-1
22 9291
22 9291
20 8949
-1
20 8893
-1
20 9196
-1
-1
18 8863
-1
18 8863
-1
17 9083
17 9083
-1
-1
22 8807
18 8837
-1
19 9299
-1
-1
18 9228
-1
-1
-1
-1
-1
18 8822
18 8713
-1
-1
-1
20 9310
-1
-1
18 8854
18 9079
-1
17 9111
-1
-1
18 9227
19 9295
15 8754
15 8754
-1
-1
-1
-1
17 9182
-1
17 9151
-1
17 9236
17 8844
18 8944
18 8944
18 8944
18 8944
-1
18 9108
-1
-1
19 9247
17 8514
-1
17 8763
17 8763
-1
-1
19 9178
-1
-1
-1
15 8827
-1
15 8827
17 8820
-1
-1
-1
-1
19 9196
-1
-1
-1
-1
-1
-1
-1
17 8469
-1
-1
-1
18 9260
19 8861
19 9125
-1
19 8643
21 9271
19 9278
19 9242
-1
-1
-1
18 9161
-1
-1
18 9161
-1
-1
17 9242
17 9308
17 8967
-1
17 9261
18 9169
19 9265
19 9265
18 8921
19 9106
19 8543
-1
-1
23 9232
23 8920
-1
-1
-1
23 9150
20 9257
20 9257
18 8590
18 9208
-1
20 8549
20 8549
22 9040
22 9040
22 9040
22 8852
22 9057
-1
-1
-1
24 9108
-1
15 8998
-1
17 9162
16 8794
-1
-1
-1
-1
16 8948
-1
-1
15 9081
-1
18 9300
18 9158
20 8603
17 8440
19 9068
-1
-1
21 9171
-1
-1
-1
-1
-1
16 9090
14 9242
-1
13 9128
13 8869
-1
-1
-1
16 8793
18 8892
17 9069
17 8888
-1
-1
16 9257
-1
16 8568
-1
19 9192
19 9192
-1
-1
16 8789
16 8789
-1
17 9262
-1
-1
21 8974
-1
20 9022
20 9022
-1
-1
14 8802
16 9147
-1
-1
-1
-1
-1
17 9219
-1
17 9105
17 9105
17 9275
-1
-1
-1
-1
20 8739
-1
21 9171
21 9171
-1
21 9274
-1
-1
21 9239
19 9227
-1
-1
18 9074
18 9074
-1
-1
-1
17 8887
-1
-1
18 9218
18 9218
-1
-1
-1
19 9286
-1
16 9224
-1
18 9256
17 8397
-1
-1
19 9070
19 9070
18 8375
-1
19 9184
19 8892
-1
-1
-1
-1
-1
18 9096
15 8599
-1
18 9182
-1
-1
-1
-1
-1
16 8639
16 8639
-1
17 8983
-1
-1
17 8586
-1
-1
15 8913
-1
17 8809
-1
-1
17 8813
-1
18 9226
-1
17 9145
16 8651
-1
16 8522
-1
-1
21 9299
-1
-1
21 9093
-1
20 9271
-1
17 9294
14 8882
-1
15 8819
16 9179
17 8975
17 8995
19 8830
-1
19 9241
17 8997
17 8770
-1
-1
-1
20 9283
-1
-1
-1
21 9284
22 9252
-1
22 9285
20 9217
-1
-1
-1
22 9214
-1
22 8989
-1
18 9193
18 9193
17 8808
17 8808
17 8808
-1
-1
-1
-1
-1
-1
-1
-1
-1
19 8486
-1
21 8975
-1
-1
18 9201
18 9139
17 9060
-1
-1
-1
-1
-1
16 9247
-1
16 9247
14 8941
-1
-1
-1
15 8812
-1
15 8922
-1
-1
-1
15 9034
-1
-1
-1
-1
-1
-1
-1
-1
-1
18 9005
-1
16 9091
16 8881
16 8965
-1
-1
-1
-1
-1
17 9201
-1
-1
16 9074
15 8970
-1
-1
13 8629
13 8629
14 9215
16 8688
16 8688
16 8688
-1
20 9278
-1
-1
-1
-1
-1
24 8863
-1
20 8978
-1
21 8754
18 9001
-1
-1
-1
-1
23 9297
23 9242
-1
-1
-1
-1
22 9092
19 8927
18 9130
17 8773
17 8773
17 9208
-1
18 9083
18 9083
-1
-1
16 8894
18 9011
-1
-1
17 8760
17 8924
-1
-1
-1
-1
-1
-1
-1
-1
-1
-1
15 8953
-1
-1
-1
-1
15 9040
15 9040
16 8975
-1
-1
-1
-1
19 9269
-1
19 9241
16 9107
-1
17 9267
-1
-1
-1
-1
-1
-1
17 8983
-1
-1
-1
-1
-1
18 9045
-1
18 8784
-1
14 8878
-1
-1
-1
-1
-1
-1
-1
-1
-1
18 9009
-1
-1
-1
-1
-1
18 9017
-1
-1
-1
17 9223
-1
-1
-1
-1
16 9094
-1
16 8409
14 8466
16 8868
-1
-1
-1
-1
-1
-1
-1
17 8790
-1
18 8509
-1
-1
-1
18 8926
-1
-1
17 9187
-1
19 8965
19 9139
-1
15 8924
15 8924
14 9103
15 9231
15 9231
-1
15 8897
-1
-1
20 9200
-1
-1
20 9241
19 9075
18 9213
-1
19 9311
-1
-1
15 9303
13 8871
-1
-1
18 9289
-1
-1
-1
22 9014
24 8794
-1
-1
-1
-1
25 8647
26 9299
26 8875
26 8773
27 8809
-1
21 9147
-1
-1
-1
-1
19 8870
18 8704
-1
18 9060
-1
-1
-1
-1
-1
-1
-1
17 8802
-1
18 8788
20 9266
-1
-1
-1
-1
23 8980
-1
-1
-1
-1
-1
-1
-1
-1
19 9287
-1
-1
17 9064
-1
19 9290
-1
23 9104
24 9241
-1
26 9229
22 8996
23 9239
-1
-1
-1
-1
-1
-1
-1
-1
-1
-1
15 8798
15 8717
-1
15 9137
-1
16 8613
15 9141
14 9249
-1
-1
-1
-1
18 9053
17 9307
16 9162
-1
-1
-1
-1
-1
-1
-1
17 8562
17 8964
-1
-1
-1
-1
17 9189
-1
18 8460
-1
19 8696
19 8696
18 9307
18 9307
-1
18 8623
-1
-1
-1
-1
-1
18 8971
-1
18 8897
-1
-1
17 8572
18 9128
-1
-1
16 9244
17 9169
17 9169
-1
17 8634
-1
-1
-1
-1
-1
19 9198
18 9167
18 9167
-1
19 9257
-1
-1
-1
19 9305
-1
-1
-1
17 8655
17 8946
-1
17 8975
-1
-1
16 9229
16 8560
-1
17 8837
17 8837
17 9125
17 9125
-1
18 9238
18 9238
17 9065
19 9158
17 8638
18 9000
-1
17 8638
-1
-1
-1
20 9270
21 9189
20 9168
20 9168
-1
-1
21 8764
-1
20 9086
20 9044
-1
-1
19 9299
20 9303
20 9125
-1
-1
-1
-1
21 8939
-1
-1
-1
20 9185
21 9172
19 9299
18 8976
-1
18 8976
-1
-1
-1
-1
-1
-1
-1
-1
-1
-1
15 8584
-1
-1
-1
20 8999
-1
-1
20 8953
-1
-1
-1
-1
17 8815
-1
15 9094
-1
15 9049
15 9049
15 9049
-1
-1
17 9203
16 8784
16 8708
16 8708
-1
17 8906
18 9043
20 9199
-1
-1
-1
21 8807
19 9175
20 9301
20 9301
-1
18 9309
18 9309
-1
18 8994
-1
-1
18 9231
18 9011
-1
17 9210
-1
20 9005
-1
-1
-1
-1
20 9045
20 8849
-1
-1
-1
-1
-1
22 8833
19 9285
-1
-1
-1
-1
18 8578
18 8578
18 9303
-1
-1
-1
-1
18 9053
-1
-1
-1
-1
-1
-1
-1
-1
-1
-1
-1
18 9312
15 8941
-1
-1
-1
-1
-1
20 9182
20 9279
-1
20 8495
-1
20 9126
-1
20 9063
-1
-1
18 9263
-1
-1
19 8878
-1
-1
-1
-1
-1
20 8826
20 9296
-1
-1
-1
14 9004
15 9259
15 9259
-1
14 9196
-1
14 9075
-1
-1
-1
19 9168
19 9168
17 8453
17 9125
-1
18 9234
18 9234
18 9234
-1
-1
-1
-1
13 9102
-1
-1
-1
22 9306
22 9306
-1
-1
25 8920
-1
26 9242
-1
-1
-1
-1
-1
-1
-1
-1
20 9230
-1
-1
-1
-1
-1
16 8735
18 8575
-1
-1
-1
23 9303
-1
22 9310
22 9310
-1
20 8934
-1
-1
23 8811
-1
19 9103
-1
-1
-1
-1
-1
-1
-1
17 8946
-1
19 9195
-1
-1
19 8489
-1
23 9253
-1
21 9314
-1
-1
20 9277
22 9273
-1
-1
-1
22 9068
-1
-1
-1
20 9211
-1
17 9072
-1
-1
-1
-1
-1
-1
-1
-1
-1
-1
-1
-1
20 9116
-1
20 9116
21 9111
-1
-1
21 9272
18 8835
-1
-1
17 9223
16 8635
-1
16 8635
-1
19 9130
19 9130
18 9281
18 8784
19 9050
-1
19 9024
-1
-1
-1
-1
21 9133
20 9283
-1
-1
-1
20 8991
20 8991
-1
-1
15 8578
-1
15 8578
-1
-1
17 8789
-1
-1
-1
-1
19 8747
-1
-1
-1
21 8873
-1
20 9142
-1
-1
18 9314
18 9149
-1
15 8810
14 8594
-1
16 9049
-1
20 9288
-1
-1
17 9056
-1
17 9032
-1
-1
18 9207
17 9234
-1
17 9192
17 9192
-1
-1
-1
18 9250
-1
-1
19 8779
19 8522
19 8808
-1
-1
-1
22 9223
-1
-1
-1
-1
-1
20 8968
20 8652
-1
-1
21 9123
18 9172
-1
-1
17 9195
-1
18 9276
-1
-1
18 9263
-1
-1
-1
-1
20 8988
-1
19 9213
18 9213
-1
16 8489
18 9205
-1
-1
16 8418
17 9245
16 8915
-1
-1
-1
-1
17 9046
18 9246
-1
-1
-1
20 8573
21 8839
21 8839
-1
18 9229
16 8787
-1
-1
17 9293
17 9293
-1
-1
-1
-1
-1
-1
-1
18 8856
18 8856
-1
18 8856
-1
20 9235
20 9235
20 9225
-1
20 9253
-1
20 9286
16 8974
-1
-1
18 8885
17 9056
-1
16 8932
16 8932
-1
-1
-1
-1
-1
-1
-1
16 9121
-1
-1
-1
17 9187
-1
-1
-1
-1
-1
-1
22 8743
20 9116
-1
-1
-1
18 9221
-1
-1
16 8901
17 9039
17 9302
-1
-1
-1
17 9051
16 9260
-1
18 9235
-1
-1
-1
19 9221
18 9309
-1
-1
15 9226
-1
-1
16 9072
-1
19 8808
19 8808
-1
-1
-1
-1
22 8900
-1
18 8717
-1
-1
14 8692
-1
-1
13 9066
-1
14 9017
14 9017
14 8740
-1
-1
-1
-1
-1
-1
-1
15 9305
-1
-1
-1
15 9299
-1
-1
-1
-1
-1
-1
17 9299
17 8704
17 9235
21 8427
21 8887
21 8887
-1
22 9210
22 9210
22 8403
21 8388
-1
17 8892
17 8892
-1
17 8892
17 8892
-1
17 8892
-1
16 9246
-1
16 9062
-1
-1
-1
14 8735
-1
17 9151
-1
-1
-1
-1
19 9241
20 9152
-1
21 8785
22 8889
-1
27 9291
-1
25 9273
22 8877
-1
23 9174
17 8995
-1
16 9208
18 9020
15 9268
-1
15 9178
-1
16 9093
-1
-1
17 8946
-1
18 9288
15 9059
-1
-1
18 9264
-1
19 9213
18 8836
-1
-1
19 8887
-1
19 8887
19 8887
-1
-1
-1
-1
-1
-1
20 9014
-1
-1
19 8720
20 8862
-1
22 9225
21 9180
20 9303
21 9257
-1
-1
18 8873
19 9263
-1
-1
-1
17 8998
17 8998
-1
-1
15 8846
-1
-1
-1
17 8628
18 8997
-1
14 8938
11 9142
-1
-1
-1
13 8690
15 8944
15 8944
16 8589
17 8699
-1
-1
-1
-1
20 9112
-1
21 8767
-1
-1
18 8768
-1
-1
20 9185
20 8959
-1
-1
-1
23 9295
-1
19 8886
20 9131
-1
17 9195
-1
16 8768
16 8768
-1
16 8858
-1
17 9266
17 8840
19 9172
21 8831
-1
-1
-1
-1
18 8447
-1
21 9262
-1
19 9069
-1
-1
18 9240
18 9221
18 8982
-1
-1
19 9267
19 9267
15 8755
-1
-1
-1
-1
17 8893
-1
-1
18 8523
18 8507
-1
-1
-1
-1
-1
17 8703
18 8953
19 9119
-1
22 9168
-1
-1
-1
-1
-1
-1
20 9160
21 9146
-1
20 9289
-1
19 8757
-1
-1
-1
-1
-1
18 9282
-1
-1
17 9130
16 9142
15 9062
15 8769
16 9094
-1
-1
-1
18 8953
-1
-1
-1
20 9207
-1
-1
18 8607
-1
23 9227
-1
-1
19 9134
19 9134
-1
-1
-1
-1
-1
-1
19 9293
18 8458
-1
20 8883
-1
-1
18 8753
18 8753
-1
-1
15 9258
-1
-1
-1
16 8946
-1
-1
18 9293
-1
-1
-1
20 8878
20 9106
-1
21 8756
-1
-1
-1
24 9264
-1
-1
-1
-1
22 9210
22 9210
-1
21 9222
22 8442
22 8885
-1
23 9110
23 9110
23 9196
25 9177
25 9177
-1
-1
-1
-1
-1
-1
26 9086
27 9144
-1
27 9144
27 9144
-1
25 8989
26 9004
22 9231
23 9294
23 9294
23 9294
-1
-1
-1
-1
23 9255
-1
23 9292
23 9190
-1
-1
-1
-1
-1
-1
-1
17 9054
18 9300
17 9272
-1
-1
-1
-1
21 9271
18 8845
18 8868
17 8926
-1
18 8929
-1
-1
-1
-1
-1
19 9161
-1
19 9158
-1
-1
-1
-1
-1
-1
19 9003
-1
17 8414
-1
-1
-1
-1
-1
-1
-1
-1
-1
-1
22 9267
-1
-1
22 9025
-1
17 9201
19 8936
17 9037
19 9058
22 9308
22 9308
-1
-1
20 8686
-1
-1
-1
15 9237
15 8816
15 8897
-1
-1
-1
-1
-1
21 9190
21 9020
-1
22 8619
22 8356
-1
-1
18 9223
-1
-1
-1
-1
-1
-1
-1
-1
-1
18 9222
-1
-1
18 8870
17 8813
-1
15 9233
-1
15 9049
15 9049
15 9049
-1
-1
-1
-1
18 8955
-1
19 8907
19 8810
-1
-1
-1
20 8989
-1
-1
-1
13 9113
13 8467
13 8467
14 8945
16 9143
-1
16 8974
-1
-1
-1
21 9175
22 9158
26 9295
-1
-1
-1
24 9093
-1
20 9312
-1
21 9057
-1
-1
-1
-1
-1
24 9300
-1
-1
-1
21 9235
19 9280
-1
-1
-1
-1
-1
-1
19 8969
-1
19 8553
-1
-1
18 9284
-1
-1
-1
-1
18 8989
18 8989
18 8989
-1
-1
18 8806
-1
16 9145
-1
-1
-1
-1
18 9280
-1
-1
-1
-1
19 9001
23 9218
-1
22 9168
-1
-1
-1
-1
23 9042
23 9042
-1
23 8791
-1
-1
24 9242
19 8982
19 9017
-1
18 9102
-1
-1
20 8871
-1
-1
14 8549
-1
-1
-1
-1
-1
16 9177
18 8439
-1
-1
19 8994
20 9175
-1
-1
16 8547
-1
-1
18 9043
-1
-1
-1
17 9095
16 9012
16 9012
-1
17 9312
-1
21 9097
-1
21 9303
-1
-1
-1
-1
-1
22 9273
-1
-1
-1
-1
17 9128
17 9128
17 9128
-1
-1
-1
-1
-1
-1
-1
16 8838
18 9313
-1
18 9192
-1
21 9125
-1
21 8956
21 8973
18 9193
-1
16 8385
-1
16 8385
20 9153
-1
18 9155
-1
-1
14 8623
-1
17 9116
-1
-1
16 8556
-1
18 9308
17 8986
-1
-1
15 8957
-1
19 9303
-1
-1
20 9101
-1
-1
21 9163
-1
23 9055
23 9055
-1
-1
-1
-1
-1
16 9148
-1
-1
15 8609
-1
14 8947
-1
17 9300
17 9300
17 8728
18 9071
-1
21 9200
-1
21 8886
21 9017
-1
20 9087
-1
-1
-1
-1
18 9300
-1
-1
-1
-1
-1
-1
16 9178
-1
-1
-1
-1
-1
18 8668
-1
19 9282
20 8521
-1
19 9006
20 9285
-1
-1
-1
-1
-1
-1
16 9035
-1
-1
-1
-1
18 8934
-1
-1
18 9047
-1
18 9128
-1
-1
-1
18 8545
-1
-1
18 8545
18 8545
-1
20 9050
-1
17 8871
19 9101
-1
20 9308
-1
20 9054
20 9305
-1
-1
-1
-1
-1
-1
21 8902
-1
-1
16 8511
15 8848
17 8546
19 9250
19 9250
19 9314
18 9314
-1
-1
-1
15 8815
14 9257
-1
-1
17 8661
-1
17 9271
-1
-1
14 8955
-1
14 9103
-1
13 8688
14 8831
14 8831
18 9248
18 9248
-1
-1
-1
-1
16 8994
17 8842
18 9159
18 9302
-1
-1
-1
19 9206
19 9206
-1
-1
-1
24 9282
-1
-1
18 8706
18 8706
-1
19 9131
17 8691
17 8691
17 8901
17 8355
-1
19 9008
18 9175
-1
-1
-1
-1
-1
-1
18 8874
17 8920
-1
-1
17 8920
-1
17 8734
18 8993
-1
-1
-1
-1
17 8459
-1
-1
21 8962
-1
20 8811
20 8811
20 8944
-1
-1
-1
18 9233
-1
-1
17 8855
-1
-1
19 9254
-1
21 9081
22 9223
-1
-1
21 9059
21 9193
-1
18 9104
-1
-1
13 8444
14 8837
14 9059
14 9059
16 8812
-1
16 8601
-1
-1
18 8716
-1
20 9229
-1
20 9268
-1
-1
-1
22 9299
-1
22 8873
-1
-1
-1
24 8535
-1
22 9109
19 9086
19 9086
-1
-1
19 9055
21 8833
20 8792
20 8792
21 9185
22 8598
23 8907
-1
-1
-1
-1
18 8501
18 8501
18 8501
-1
-1
-1
-1
-1
-1
-1
18 9199
-1
-1
15 8857
15 8918
-1
-1
14 8893
15 9291
15 9291
-1
15 8990
15 9267
-1
-1
-1
17 8823
18 9197
18 9232
19 9067
-1
-1
20 8920
20 9048
-1
-1
-1
-1
-1
-1
18 9301
16 8383
-1
-1
-1
-1
19 8498
-1
21 9045
21 9045
-1
17 8416
22 9265
-1
-1
19 9293
-1
17 9215
-1
17 9294
-1
18 8888
-1
-1
22 9184
-1
-1
-1
20 9107
20 9078
-1
-1
-1
-1
16 8845
16 8845
-1
17 8823
-1
-1
-1
-1
-1
19 8994
-1
19 8994
17 8661
17 8661
17 8661
-1
19 9096
-1
-1
21 8429
-1
-1
-1
-1
-1
-1
17 8791
20 8991
-1
-1
-1
-1
-1
-1
-1
-1
-1
-1
29 8874
-1
26 8827
26 8827
18 9173
-1
-1
16 9199
-1
-1
16 8726
16 8726
17 8872
-1
-1
-1
-1
16 8929
-1
16 9103
-1
-1
-1
17 9042
-1
-1
-1
-1
17 9229
-1
19 8941
-1
22 9211
22 9128
-1
23 9261
23 9261
-1
21 9093
20 8937
19 9015
18 9079
-1
18 9154
-1
-1
-1
-1
-1
-1
18 9240
-1
-1
-1
-1
-1
21 8953
18 8926
16 9215
-1
16 9084
18 9249
-1
18 8912
20 8997
20 8766
-1
19 8815
20 9054
-1
17 9232
-1
-1
-1
15 8848
16 8928
16 9257
-1
16 9128
-1
-1
-1
20 8917
19 8621
-1
20 9112
18 8990
19 8447
18 9261
-1
18 8840
-1
-1
19 9277
19 9277
18 8902
-1
-1
14 8589
-1
-1
17 9071
-1
-1
19 9225
-1
-1
22 9082
22 9178
22 9178
21 9025
-1
21 9218
21 9218
-1
-1
-1
-1
-1
-1
20 8928
-1
-1
20 9222
-1
15 8636
-1
19 9176
19 9259
-1
19 9259
22 8584
23 9201
-1
22 9301
21 9204
-1
-1
-1
-1
-1
-1
16 9121
17 8599
16 9221
-1
16 8968
17 9190
-1
-1
-1
17 8970
-1
16 9218
-1
-1
-1
-1
-1
18 9291
-1
18 9141
-1
17 8800
17 8800
18 8837
18 8837
-1
-1
-1
19 9164
-1
-1
17 8972
-1
-1
19 9314
-1
-1
-1
-1
15 9267
16 9223
-1
-1
16 8986
17 9034
18 9310
-1
-1
-1
-1
20 9178
-1
-1
-1
-1
15 8728
-1
-1
13 8739
-1
-1
-1
16 9153
-1
-1
-1
16 9151
-1
-1
16 9272
-1
17 8680
-1
-1
-1
-1
15 8555
-1
-1
15 8678
-1
16 8712
-1
16 8510
-1
-1
-1
19 9099
-1
17 8831
17 8831
-1
19 9223
18 9201
-1
18 9159
-1
-1
-1
-1
-1
-1
19 8867
-1
16 9258
17 9288
17 9273
-1
-1
-1
-1
-1
18 9123
-1
-1
-1
-1
16 8368
16 8416
18 9156
17 8609
17 8609
17 8675
15 9233
15 9233
-1
15 8987
16 9132
-1
17 8763
-1
20 8494
-1
-1
-1
22 9245
-1
-1
-1
14 9100
-1
14 9137
14 9184
-1
-1
-1
16 9073
18 8638
-1
-1
-1
-1
15 9039
-1
17 9299
16 9148
17 9203
-1
20 9294
17 8887
18 9148
17 8903
-1
17 9091
17 9308
-1
-1
-1
-1
-1
-1
-1
-1
-1
-1
-1
16 9304
16 9304
13 8405
-1
14 9161
-1
14 9161
16 9101
17 9286
17 9216
17 9161
18 8834
-1
18 8834
-1
-1
18 8702
-1
-1
21 9161
-1
-1
16 9209
-1
15 9039
15 9263
16 8947
-1
-1
-1
-1
-1
-1
-1
-1
-1
16 9097
16 9021
-1
-1
-1
16 9172
17 9216
16 8708
17 9275
-1
-1
-1
-1
-1
19 8947
-1
17 9200
-1
-1
-1
-1
-1
18 9251
18 9235
-1
-1
-1
18 8433
20 8852
-1
-1
21 8622
-1
19 8732
-1
21 9123
19 9047
-1
-1
-1
-1
21 8988
21 8553
21 8553
-1
-1
-1
-1
-1
-1
15 9260
-1
-1
-1
-1
16 8864
16 9164
-1
17 9058
-1
-1
-1
-1
-1
-1
18 9121
-1
-1
-1
-1
-1
20 9100
20 9100
16 9155
-1
-1
-1
14 8622
14 8622
15 8633
15 8633
15 8633
17 9240
17 8742
-1
-1
-1
-1
19 9263
18 9293
-1
-1
-1
16 9007
16 9046
16 8788
-1
-1
16 9021
-1
-1
-1
16 9220
-1
-1
17 9127
-1
20 9300
-1
-1
22 9298
-1
22 9298
20 8941
18 8807
-1
-1
15 8914
-1
-1
15 8699
15 8971
17 8775
-1
-1
-1
-1
-1
-1
20 9144
17 9222
18 9065
-1
17 9107
17 8797
-1
17 9292
-1
-1
17 9231
-1
13 9162
-1
-1
-1
12 8510
-1
13 9167
-1
13 8920
-1
-1
14 8922
-1
15 8951
15 9152
-1
-1
19 8666
20 9172
21 9117
-1
-1
16 9167
16 9167
-1
-1
18 8648
-1
-1
20 9198
20 8552
-1
-1
22 9080
22 8804
-1
-1
19 9154
-1
-1
20 8815
-1
19 9255
19 9255
19 9314
18 9220
18 8398
20 9280
-1
-1
18 9012
19 9257
-1
19 9257
-1
19 9030
-1
-1
-1
-1
16 9108
-1
-1
-1
-1
22 8874
22 9218
-1
-1
19 9083
16 9196
16 8991
16 8674
-1
-1
15 8956
-1
-1
17 8852
-1
-1
-1
-1
20 9287
19 9310
-1
-1
17 8837
-1
18 9136
-1
-1
-1
16 9234
16 9234
16 8765
16 8765
-1
16 9260
17 9217
-1
-1
-1
20 9235
20 9124
22 9279
-1
20 9172
-1
-1
-1
19 8622
19 8622
-1
-1
21 8974
21 9166
-1
-1
-1
-1
-1
16 9179
-1
-1
-1
-1
-1
-1
-1
-1
20 9008
20 9008
-1
21 9021
-1
21 9021
21 9021
-1
18 9144
-1
-1
-1
21 9270
-1
-1
-1
21 9258
-1
-1
22 9029
-1
19 9298
-1
20 9195
-1
18 8542
-1
-1
-1
-1
-1
-1
18 8664
-1
-1
-1
17 9236
-1
17 8671
-1
17 8780
15 8848
15 8848
-1
-1
19 8468
19 9071
19 8763
19 8763
-1
19 9120
19 9314
-1
-1
19 8931
17 8581
-1
-1
18 8898
-1
-1
-1
17 8609
-1
-1
-1
16 9129
16 8683
16 8683
-1
-1
16 9128
16 9128
19 9162
17 9002
-1
19 8742
-1
-1
-1
-1
-1
-1
23 8909
-1
25 9308
-1
22 8946
22 8900
22 9247
22 9247
22 9247
-1
18 9056
-1
16 9286
-1
-1
18 8986
-1
-1
17 9200
-1
-1
-1
-1
-1
15 8743
-1
-1
-1
-1
16 8988
-1
15 8745
16 8751
-1
16 9141
-1
14 8739
14 8739
-1
-1
-1
-1
14 8797
-1
-1
-1
18 9021
-1
19 9184
20 9246
19 8637
18 9182
18 9182
19 9005
-1
20 9117
19 9236
18 8693
-1
-1
17 8545
-1
-1
18 9129
-1
17 9309
16 8747
14 8608
16 9232
-1
-1
-1
-1
18 9082
-1
-1
-1
19 9306
19 9043
-1
-1
-1
-1
23 9097
24 9312
-1
-1
-1
-1
-1
19 9190
-1
-1
16 8976
-1
-1
15 9028
-1
-1
-1
15 9038
-1
20 9229
19 9311
19 9311
-1
21 9220
20 9253
-1
-1
17 9269
17 9227
18 9277
-1
-1
16 8671
-1
-1
-1
-1
18 9222
-1
-1
-1
-1
-1
19 9159
-1
-1
-1
16 8941
16 8941
-1
-1
17 8993
-1
-1
18 9162
20 9243
20 9243
14 8433
-1
-1
17 9078
-1
17 8959
-1
-1
-1
-1
19 9158
-1
-1
-1
22 9178
22 9178
19 9167
-1
-1
-1
-1
-1
-1
-1
16 8642
-1
-1
-1
-1
15 8684
15 8684
-1
16 9276
-1
-1
-1
-1
-1
-1
-1
23 9054
-1
-1
23 9054
-1
22 8647
20 9173
-1
20 9304
-1
-1
-1
-1
18 8699
-1
-1
18 8699
19 8949
-1
15 9199
-1
-1
15 9310
-1
18 9297
-1
18 9297
18 8944
18 9011
18 9249
18 9181
18 8815
18 8815
-1
15 8389
16 9212
15 9170
14 8975
14 8975
-1
14 8967
17 8922
-1
18 8756
-1
19 9002
-1
17 9039
17 9039
-1
17 9045
-1
20 9068
-1
20 9134
-1
-1
19 9023
19 8803
16 9057
15 9061
-1
15 8910
-1
19 9268
17 8759
-1
-1
18 8971
17 9022
-1
-1
16 8979
-1
-1
17 8988
18 8691
-1
15 8568
14 8996
-1
14 9272
-1
-1
14 9272
-1
-1
-1
-1
-1
16 9253
16 9253
16 8490
16 8490
17 8740
17 8797
18 9313
-1
23 9276
-1
24 9215
-1
-1
23 9101
24 9235
-1
-1
-1
-1
23 9063
15 9058
14 8492
15 8867
18 9309
-1
-1
19 8937
-1
-1
-1
-1
18 9183
18 9183
18 9183
18 9183
19 9291
19 9042
17 9022
-1
-1
-1
21 9270
-1
-1
20 8614
19 8866
-1
17 8900
-1
-1
18 8636
-1
17 8877
18 9269
18 9269
-1
18 9202
-1
19 9275
-1
-1
19 9248
18 9224
15 9218
15 9218
-1
-1
-1
17 9312
17 9312
17 9312
-1
17 8953
17 8953
19 9314
-1
18 9199
-1
-1
-1
-1
-1
17 9128
19 9117
16 9238
16 9238
16 9218
15 8841
17 9227
-1
-1
-1
-1
17 9228
-1
-1
20 8438
-1
-1
-1
-1
-1
-1
-1
-1
18 9230
-1
-1
-1
20 9003
21 9217
-1
21 8994
-1
-1
22 8980
22 8980
-1
-1
-1
21 9244
22 9280
-1
21 9305
21 9194
-1
21 9078
21 9250
21 9250
21 9061
20 9023
-1
20 8651
-1
-1
-1
-1
-1
-1
20 9312
20 9312
-1
-1
-1
-1
-1
22 8706
22 8706
-1
-1
22 9214
-1
-1
-1
15 8996
15 8996
-1
-1
15 8942
-1
17 8644
17 8644
19 9246
18 8493
-1
-1
21 9070
-1
21 9040
21 9040
-1
-1
20 8660
-1
17 9295
18 9200
-1
-1
-1
18 9187
-1
18 8918
18 9162
-1
17 9240
17 9148
18 8759
19 8583
-1
-1
22 9021
-1
-1
19 9265
19 8504
-1
-1
22 8613
22 9147
-1
-1
-1
-1
-1
-1
24 9263
23 8933
-1
23 9237
22 9282
-1
-1
-1
18 9299
-1
18 9086
-1
19 9105
-1
-1
-1
21 9181
-1
21 9253
-1
22 8868
-1
-1
21 8705
-1
-1
20 9261
-1
17 8525
18 9278
-1
-1
-1
-1
-1
17 8919
-1
19 9243
-1
17 8931
15 8706
15 8706
-1
-1
16 8999
-1
18 9158
-1
-1
-1
-1
-1
-1
-1
-1
-1
18 9029
-1
-1
21 8757
21 8757
21 8818
-1
-1
-1
23 9267
-1
17 8883
18 9243
-1
-1
17 9273
17 9273
-1
-1
-1
19 9262
21 9266
18 8963
19 9104
-1
-1
-1
-1
-1
22 9246
22 9246
18 8625
-1
17 8785
-1
-1
-1
14 9054
-1
15 9156
-1
15 8705
-1
-1
16 9190
-1
-1
16 8835
-1
-1
18 9285
18 9192
-1
17 9104
-1
-1
-1
-1
17 8462
18 9185
-1
15 8478
14 8933
-1
-1
-1
-1
-1
-1
-1
-1
16 8670
16 8670
16 8418
-1
-1
-1
-1
18 8557
19 9304
-1
20 9286
-1
-1
-1
-1
-1
22 9276
21 9110
-1
-1
-1
-1
22 8820
22 8820
22 9145
-1
-1
23 9138
23 9138
-1
-1
-1
-1
-1
19 9294
-1
19 9281
-1
-1
-1
-1
-1
-1
-1
-1
-1
20 8724
21 9017
21 9017
17 8872
17 8872
-1
-1
-1
-1
-1
-1
17 9239
-1
16 8568
-1
19 8568
19 9011
-1
19 9035
-1
-1
-1
-1
17 9184
-1
20 9120
20 8448
22 9244
21 9083
-1
-1
20 9284
22 9253
23 9311
-1
-1
-1
-1
-1
-1
23 9254
-1
24 9162
25 9287
25 9245
-1
-1
-1
22 8942
-1
24 8937
-1
20 9085
-1
20 8851
20 8851
19 9137
-1
-1
-1
24 9240
-1
-1
24 9277
24 9007
23 8666
23 8666
25 9233
-1
-1
-1
19 9007
-1
-1
-1
-1
17 8692
-1
18 8915
-1
-1
-1
-1
21 9029
-1
20 9013
19 9003
-1
-1
-1
18 9142
-1
18 9142
-1
-1
18 8812
18 8812
-1
-1
-1
-1
-1
-1
15 9302
15 9302
-1
-1
-1
14 8615
-1
15 8897
-1
-1
-1
-1
18 8773
-1
-1
20 9214
-1
-1
17 8636
17 8636
-1
-1
21 9228
21 9228
-1
-1
-1
19 9009
17 8992
15 8767
-1
15 8766
15 8766
15 8707
-1
16 9289
16 9289
-1
17 8849
18 9200
-1
-1
-1
-1
22 8655
-1
-1
21 9193
-1
20 9199
-1
-1
17 8953
17 8953
-1
16 9132
-1
-1
20 9277
20 8707
-1
21 8935
21 9110
21 9110
21 9110
-1
-1
22 9066
23 9031
23 9031
21 8578
-1
-1
-1
-1
22 9295
23 9195
-1
21 9088
-1
-1
-1
-1
20 9271
19 8678
-1
-1
-1
-1
17 9278
-1
-1
-1
-1
16 9314
-1
-1
-1
-1
-1
-1
-1
-1
-1
17 9039
19 9248
20 9196
-1
-1
19 8783
-1
19 8731
-1
20 8998
-1
-1
-1
-1
18 9286
-1
16 8983
-1
15 8884
-1
15 8884
-1
16 9280
17 8801
-1
-1
-1
-1
-1
13 9023
-1
-1
-1
12 8964
-1
14 8813
15 9145
15 9145
-1
-1
15 8434
-1
16 9296
-1
-1
14 9016
-1
15 8853
15 8442
16 8882
-1
-1
-1
18 9045
-1
19 9238
-1
-1
18 9148
-1
18 9137
-1
18 9308
-1
-1
-1
-1
-1
-1
-1
19 9197
-1
-1
-1
14 8873
-1
13 9036
17 8945
-1
17 8945
17 8945
18 9234
18 8756
-1
20 9011
-1
18 9186
-1
20 8918
20 8918
-1
-1
-1
-1
17 8883
-1
17 9023
18 9223
-1
19 8863
-1
-1
-1
18 8775
18 8775
18 8703
-1
-1
-1
16 8904
-1
18 8725
-1
16 8905
17 9222
17 9139
17 9139
18 8762
-1
-1
-1
18 9094
17 8924
-1
-1
-1
-1
18 9180
-1
18 8824
-1
-1
-1
17 8519
17 8519
-1
17 9190
-1
17 8572
16 8748
-1
16 9270
14 8964
13 9196
17 8799
-1
20 9267
-1
23 8653
-1
19 8818
16 8700
-1
17 9207
-1
17 8623
17 8623
-1
-1
-1
-1
-1
-1
17 8878
-1
17 9195
17 9265
18 8656
-1
16 8846
-1
-1
16 9175
17 9239
17 9239
-1
17 8932
-1
17 8619
-1
-1
-1
-1
17 9231
-1
-1
-1
-1
18 8867
18 9294
-1
-1
17 8515
17 8515
-1
-1
-1
-1
12 8680
14 9021
-1
-1
17 8628
-1
17 9035
17 9261
18 9274
-1
-1
-1
18 9053
-1
21 8544
21 8544
22 8645
-1
21 9019
-1
-1
-1
-1
18 8973
-1
-1
16 9216
-1
18 9261
-1
18 8931
-1
-1
20 9265
21 9282
-1
21 9182
21 9182
-1
-1
17 9067
-1
-1
16 9023
-1
15 8752
-1
-1
-1
16 9055
16 9123
17 9274
17 9274
17 9101
-1
-1
19 8862
-1
-1
-1
21 9207
-1
-1
20 9154
-1
-1
21 9256
-1
20 9196
23 9308
-1
23 9308
21 9297
21 9023
21 9208
21 8882
22 9289
22 9097
-1
-1
21 9243
21 9243
19 8603
-1
-1
18 8969
17 9156
-1
18 8768
19 8851
-1
15 8985
-1
-1
-1
-1
17 9237
16 8616
16 8616
-1
-1
-1
-1
-1
19 9212
19 9219
19 8834
-1
19 8844
-1
-1
20 8998
-1
-1
-1
-1
-1
19 8988
23 9061
-1
-1
24 8743
24 8638
-1
25 8944
-1
-1
21 9095
17 8970
17 8640
17 8640
17 9096
-1
-1
-1
-1
-1
-1
-1
17 9152
17 8983
17 8983
-1
-1
-1
-1
21 9193
20 9117
-1
18 9098
18 9098
16 8924
-1
16 8951
16 8951
-1
18 9105
-1
-1
18 8801
-1
18 8801
20 9300
20 9300
-1
-1
-1
20 8770
19 8350
-1
-1
-1
-1
-1
-1
-1
17 9308
-1
-1
-1
-1
-1
-1
18 9148
18 8648
18 8865
17 9203
-1
-1
-1
-1
-1
17 8961
-1
-1
16 9224
-1
16 9086
-1
-1
15 9265
-1
-1
-1
-1
-1
18 9291
-1
18 8481
20 9116
21 9238
-1
-1
-1
-1
-1
-1
18 9092
16 9257
-1
16 8960
-1
20 8924
-1
-1
-1
-1
-1
20 9241
-1
-1
-1
-1
-1
19 8908
19 8908
-1
14 8493
15 8721
16 9189
16 8994
-1
16 9010
16 9010
15 8814
-1
-1
-1
17 8632
17 9246
16 8790
16 8868
16 8526
17 8699
17 8699
-1
18 9194
-1
-1
15 9115
15 9115
-1
-1
-1
-1
-1
16 8793
16 9023
-1
-1
-1
-1
18 8806
-1
21 9276
-1
22 9086
22 9086
21 9248
21 8686
21 8686
-1
21 8686
-1
-1
19 9149
19 9149
-1
-1
-1
-1
21 8990
21 8753
21 8753
21 8753
-1
-1
-1
-1
-1
-1
-1
-1
21 9175
19 9204
-1
-1
-1
16 9248
-1
17 9134
15 8744
14 8410
-1
15 8903
14 8800
-1
16 9258
16 8993
-1
20 9131
-1
-1
22 8724
19 8939
20 8957
-1
-1
21 9273
19 9074
-1
17 9247
-1
-1
-1
-1
12 8763
12 8763
14 8865
-1
14 8913
15 9125
-1
14 8759
13 8593
-1
14 8546
-1
-1
21 9283
20 9285
-1
20 9285
-1
-1
-1
17 9232
16 8743
-1
-1
17 9285
-1
-1
-1
18 8993
-1
-1
-1
-1
-1
18 8695
-1
-1
-1
20 9309
-1
-1
-1
-1
20 9148
-1
-1
18 9215
18 9215
15 9250
-1
15 8751
-1
16 8965
-1
17 8761
-1
-1
-1
-1
17 9156
-1
19 9101
19 9101
20 9154
-1
-1
19 9196
19 8772
19 8772
-1
21 9296
19 9250
-1
18 9121
-1
18 9014
-1
-1
15 8667
-1
-1
18 9109
20 9127
20 9127
-1
-1
20 9127
20 9127
-1
21 9229
21 9236
21 9236
16 8788
-1
-1
-1
-1
-1
19 9215
19 9228
-1
-1
-1
16 8929
-1
14 8838
-1
-1
15 9126
-1
-1
-1
-1
16 8974
-1
17 8739
17 8959
-1
-1
-1
-1
-1
19 9100
-1
18 8940
19 9083
-1
19 8628
-1
20 9224
19 9090
-1
-1
-1
16 8978
-1
-1
19 9244
-1
-1
-1
-1
-1
16 9181
16 8904
16 8761
17 9127
-1
18 8756
-1
-1
18 8722
-1
-1
18 9303
16 8717
-1
16 8836
16 8836
16 8836
-1
-1
-1
-1
-1
-1
-1
-1
-1
14 9107
-1
14 8782
14 8782
15 9015
-1
16 9018
17 8535
-1
17 8535
-1
-1
-1
-1
-1
14 9017
-1
-1
-1
16 8667
16 8908
-1
17 8494
-1
-1
-1
17 9226
-1
-1
-1
-1
-1
-1
16 8924
-1
-1
20 9313
-1
-1
19 8657
19 8657
19 8657
-1
-1
-1
-1
17 9274
17 9274
-1
-1
-1
-1
18 8680
-1
21 9150
-1
21 9015
-1
21 9312
19 9307
16 9271
13 9130
-1
14 9257
-1
16 9284
19 9232
22 9244
22 9244
-1
22 9244
-1
-1
-1
19 9136
-1
20 9271
20 9148
-1
-1
-1
22 8483
-1
-1
25 8939
26 9023
-1
-1
19 9262
18 9102
18 8443
21 8454
22 9069
22 8425
19 9196
-1
-1
-1
-1
-1
25 9280
-1
-1
17 9134
-1
-1
-1
-1
-1
-1
13 9054
14 8535
14 8535
-1
-1
14 8875
-1
-1
-1
-1
-1
17 8989
-1
-1
17 9174
16 8501
-1
-1
-1
19 9204
-1
21 9195
-1
-1
23 9172
22 9072
22 9072
-1
-1
-1
-1
18 9078
-1
-1
18 8604
-1
-1
15 8561
17 9164
17 9164
17 8430
-1
-1
-1
-1
14 8886
14 8976
16 9098
16 9098
16 8939
-1
17 9241
-1
-1
-1
18 8658
18 8658
-1
-1
-1
19 9168
19 9168
18 9117
-1
18 8517
19 9238
19 9249
22 9142
-1
22 9142
20 8723
-1
19 9010
-1
18 9198
18 8706
-1
-1
-1
-1
15 8785
15 8785
15 8785
-1
16 8577
-1
17 9289
-1
-1
-1
15 9088
-1
-1
14 8434
-1
-1
-1
19 8899
-1
20 8741
-1
18 9233
-1
-1
15 9118
15 9118
-1
-1
17 9011
17 9011
17 8873
-1
-1
18 8928
-1
17 8794
17 8794
-1
-1
-1
19 9142
-1
-1
17 9246
-1
16 8892
16 9242
-1
-1
-1
-1
-1
-1
18 8972
-1
-1
-1
18 9302
17 8956
-1
16 8562
-1
17 8738
-1
-1
-1
21 9063
-1
22 8931
-1
23 9250
-1
22 9136
19 9288
-1
-1
-1
-1
-1
-1
17 8688
-1
-1
-1
-1
-1
-1
16 9143
-1
-1
-1
-1
18 8719
-1
19 8860
20 8850
-1
-1
18 9059
-1
15 9053
-1
-1
-1
-1
-1
-1
-1
-1
-1
-1
17 8736
-1
17 8736
20 9171
-1
-1
-1
20 9171
-1
18 8436
18 8436
-1
-1
-1
-1
21 9281
-1
16 8773
-1
-1
-1
-1
20 9274
-1
20 9299
18 8939
-1
18 8939
-1
18 9297
18 9297
15 9085
-1
-1
-1
19 9212
-1
19 9212
19 9212
18 9190
17 9066
-1
18 9191
19 9018
21 8980
22 8486
-1
-1
-1
15 9183
-1
14 8587
15 9244
15 9165
-1
15 9010
16 8845
-1
-1
-1
15 9193
15 9193
18 9178
-1
-1
-1
17 8541
-1
-1
-1
18 9064
-1
17 8885
15 8423
-1
16 8976
-1
-1
-1
-1
-1
-1
-1
-1
-1
16 8579
-1
19 9258
-1
-1
16 9212
-1
16 9212
-1
18 9037
-1
-1
-1
21 9270
-1
21 9106
21 9127
-1
20 8815
-1
21 9072
-1
11 8923
11 8923
11 8923
-1
12 9221
-1
13 9025
13 9095
13 9095
-1
14 8949
14 8767
14 8767
15 9097
-1
15 8515
-1
-1
15 8898
-1
14 9250
14 9250
-1
-1
-1
15 8607
-1
-1
16 9116
18 8954
-1
-1
-1
18 8588
-1
19 8952
-1
-1
-1
-1
22 9036
-1
21 8633
22 9305
-1
-1
15 9084
12 8465
12 8465
-1
19 8791
-1
21 9041
-1
-1
-1
-1
-1
-1
-1
22 9219
22 9219
-1
-1
-1
17 9190
-1
17 8829
17 8829
18 9210
18 9210
-1
17 8876
16 8923
-1
18 8979
20 9109
-1
20 8912
-1
20 8934
-1
19 9186
-1
18 9018
-1
-1
19 9111
15 8979
-1
14 8580
-1
15 9232
16 9281
-1
18 9012
23 9127
23 9060
24 9137
-1
25 8603
-1
-1
-1
26 9246
-1
-1
-1
-1
-1
19 9296
19 9296
16 9080
-1
-1
-1
-1
-1
15 8542
15 9067
-1
-1
-1
-1
-1
19 9158
19 8856
19 8856
-1
-1
-1
-1
-1
-1
-1
15 8710
17 9149
17 8774
21 8675
22 9148
-1
-1
-1
-1
19 9240
-1
-1
-1
15 8949
-1
17 9119
18 9086
-1
19 9310
-1
-1
-1
-1
-1
-1
-1
-1
24 8874
-1
-1
23 8913
-1
-1
23 9148
19 9178
-1
-1
-1
-1
-1
-1
-1
-1
19 9119
19 9119
-1
-1
19 9049
-1
-1
19 9307
19 8793
-1
19 9304
-1
-1
19 9160
-1
-1
19 9160
-1
17 9109
-1
-1
-1
-1
-1
-1
-1
20 9259
-1
20 8714
20 9199
-1
19 9046
-1
22 9277
-1
-1
-1
-1
16 9162
-1
-1
14 9263
-1
14 8551
-1
-1
15 9075
15 9075
15 9133
-1
15 8517
18 9144
18 8897
18 8999
-1
-1
-1
18 8918
18 8918
-1
-1
17 8690
17 9039
17 9039
14 9225
-1
-1
14 8716
15 9181
16 8765
-1
-1
-1
18 8428
-1
19 9170
20 9231
20 9231
-1
-1
23 8697
-1
22 9110
18 9259
19 9269
20 9074
20 9018
-1
-1
-1
-1
-1
-1
18 9252
17 8716
18 8845
-1
-1
21 9283
-1
-1
-1
21 9311
-1
-1
-1
-1
-1
-1
-1
-1
16 8899
16 9308
16 9308
-1
-1
-1
19 8559
19 9039
-1
-1
14 9306
-1
-1
-1
18 9244
-1
-1
-1
18 8761
-1
-1
-1
15 8926
14 8639
-1
14 9134
15 9130
-1
16 9007
16 9090
15 8630
-1
-1
21 9216
-1
23 8574
26 9281
27 9282
-1
-1
21 8984
-1
-1
22 9188
22 9188
-1
-1
-1
-1
-1
-1
-1
-1
-1
18 8612
-1
19 8627
-1
-1
18 8694
17 9077
-1
17 8916
19 9247
-1
22 9263
22 8940
22 8583
-1
19 9314
19 9314
-1
16 9010
16 9263
-1
17 9000
15 8626
-1
-1
15 8741
-1
17 9239
-1
-1
-1
-1
18 9231
18 9231
-1
17 9152
17 8802
-1
-1
-1
15 8890
15 8890
15 8890
-1
-1
14 8527
-1
-1
13 8874
13 8874
-1
15 8940
16 9223
15 8772
-1
14 8686
-1
-1
-1
-1
-1
-1
16 8856
-1
17 8631
-1
21 8859
21 8859
22 8762
-1
-1
-1
22 8564
22 8763
-1
24 8412
24 9030
-1
15 9006
-1
-1
14 9245
14 8525
16 9222
-1
-1
16 9247
18 9290
19 9011
19 9011
19 9020
19 9020
-1
20 9212
17 9248
-1
-1
-1
-1
21 9206
-1
19 9074
18 9283
18 9050
19 9299
-1
-1
20 8773
21 9250
21 9250
-1
-1
15 9167
14 9061
14 9061
-1
17 9123
16 8452
17 8928
16 8892
-1
-1
17 9089
16 8995
-1
-1
15 9203
21 9041
-1
-1
-1
19 8436
-1
-1
20 9162
-1
-1
-1
-1
-1
-1
19 8872
-1
-1
19 9278
17 9100
17 9100
-1
17 9100
-1
-1
18 9211
-1
-1
-1
-1
-1
19 9297
-1
16 8823
-1
17 8949
-1
-1
18 9031
-1
-1
16 9143
-1
16 8504
-1
17 9086
-1
-1
-1
17 8644
-1
-1
-1
15 9045
-1
-1
-1
-1
20 9116
21 8737
21 9112
-1
24 8639
-1
24 8878
25 9249
26 9204
26 9204
-1
21 9156
-1
21 9156
-1
21 9143
-1
21 9143
-1
-1
-1
22 9064
22 9064
17 9151
-1
-1
18 9250
15 8925
-1
-1
14 9311
-1
-1
15 9170
-1
15 8744
15 8744
15 8744
-1
-1
17 9284
17 9284
18 9228
20 9095
-1
-1
20 8640
-1
22 9106
-1
22 8898
-1
-1
-1
-1
19 9239
-1
19 9239
-1
-1
16 8756
16 8756
-1
-1
-1
-1
18 9260
-1
20 9299
19 9167
-1
-1
-1
-1
18 9314
-1
-1
-1
21 9007
23 8900
-1
25 9145
26 9233
-1
-1
-1
-1
-1
18 9152
-1
-1
-1
-1
18 9274
-1
-1
-1
16 8864
16 8864
16 8864
17 9176
-1
-1
21 9266
21 9007
-1
19 9137
19 9137
-1
18 9162
18 9162
17 9197
-1
-1
-1
19 9238
-1
18 9189
19 8524
-1
-1
-1
19 8786
-1
20 8927
-1
-1
18 8866
-1
-1
-1
17 9240
-1
20 9160
20 9112
-1
21 9211
-1
-1
22 9023
22 9085
-1
-1
24 9282
-1
24 9259
-1
24 9201
-1
19 8838
-1
19 8838
19 8755
-1
-1
21 9288
-1
18 8627
20 9099
21 9290
-1
20 8800
-1
-1
-1
-1
16 8522
16 8522
22 9011
22 9051
-1
-1
-1
-1
-1
-1
17 9120
-1
17 9116
17 9116
-1
19 8795
-1
-1
21 9056
-1
17 8879
18 9170
16 8705
-1
-1
17 9042
17 9003
18 9193
-1
-1
-1
19 9197
-1
-1
-1
18 9272
-1
-1
-1
17 9227
17 9227
17 8959
18 9113
18 9113
18 9113
18 9113
19 9312
18 9113
-1
-1
-1
-1
-1
-1
-1
14 9230
-1
-1
-1
-1
-1
-1
16 8827
-1
-1
17 8990
-1
18 9168
-1
17 8853
18 9257
18 9257
-1
-1
-1
-1
18 9178
-1
15 9053
15 9053
-1
-1
-1
16 9220
16 9238
-1
-1
15 9072
15 8911
15 8911
-1
16 9059
17 9201
-1
-1
16 8723
17 8477
-1
-1
-1
17 9064
-1
20 8828
20 8828
21 8911
-1
-1
20 9049
21 9313
21 9313
-1
21 9308
-1
-1
-1
-1
-1
18 8797
-1
-1
20 8967
-1
-1
-1
16 8984
-1
-1
16 9212
17 9167
-1
18 9078
-1
-1
18 9005
-1
-1
20 9057
-1
-1
-1
-1
19 9247
17 9138
18 8808
18 8631
-1
-1
19 9278
-1
-1
-1
-1
18 9282
-1
18 9282
-1
-1
20 8546
-1
20 8546
-1
24 9152
23 8800
-1
-1
15 9036
-1
14 9297
14 9202
-1
14 9202
14 9202
-1
-1
16 9262
-1
17 8946
17 8946
-1
-1
-1
-1
-1
-1
21 9119
-1
-1
23 9008
23 9068
-1
-1
16 9161
16 9161
16 9144
17 9262
-1
-1
-1
18 9135
19 8829
-1
19 9024
-1
-1
18 9314
17 8634
17 8587
-1
-1
20 9219
-1
18 9087
-1
-1
-1
20 8975
20 8975
-1
-1
-1
19 9194
17 9001
18 9127
19 8742
-1
-1
20 9170
-1
20 9276
-1
-1
20 9304
-1
19 8627
21 9185
19 8812
19 9011
20 9265
-1
19 9293
-1
15 8537
16 9058
16 8856
-1
-1
18 9302
-1
19 9242
-1
-1
-1
-1
20 8971
-1
19 8724
19 8724
-1
-1
18 8894
-1
15 9140
-1
-1
-1
-1
-1
-1
-1
-1
14 9267
-1
-1
16 9256
-1
-1
18 8840
19 9280
19 9280
-1
19 8604
20 9072
20 9072
20 9072
-1
21 9308
21 9261
21 9015
-1
20 9035
20 9035
17 9206
18 9156
17 9221
-1
-1
-1
18 9216
-1
-1
-1
17 9028
17 9028
-1
-1
-1
15 9078
-1
17 9196
17 9310
-1
-1
-1
19 9119
-1
21 9015
-1
-1
-1
-1
-1
17 9298
15 8705
15 8532
-1
-1
-1
19 9273
-1
19 9273
-1
-1
-1
-1
19 9029
22 9190
-1
-1
22 8823
-1
-1
-1
23 8985
-1
-1
-1
-1
17 8832
-1
15 8970
-1
-1
-1
16 9127
16 9127
-1
15 8817
-1
-1
17 9287
17 9287
-1
-1
-1
-1
-1
-1
12 8540
-1
12 9259
-1
12 9259
-1
-1
16 8730
-1
-1
-1
-1
18 9286
-1
15 8947
-1
14 8894
-1
15 9032
15 8719
-1
16 9237
-1
-1
16 8786
17 8992
18 9227
-1
18 9227
19 9268
-1
-1
-1
-1
21 9156
-1
20 8707
-1
-1
22 8942
-1
17 8721
18 8860
17 8552
-1
-1
-1
-1
-1
-1
-1
19 9304
19 8757
-1
-1
19 9308
-1
-1
-1
-1
-1
17 8715
16 8612
18 8647
-1
-1
16 8735
-1
-1
16 9270
-1
16 9030
15 9227
15 9227
-1
15 9227
-1
-1
-1
-1
16 9011
16 9011
-1
-1
-1
-1
14 8764
14 9133
14 9133
14 9223
-1
-1
-1
-1
17 8873
-1
-1
20 9197
20 9197
20 8912
-1
-1
-1
-1
-1
-1
-1
-1
17 8721
-1
-1
20 9176
20 9176
-1
-1
-1
-1
18 9187
-1
18 8871
-1
-1
-1
18 8710
19 9175
19 9175
18 9293
17 8613
-1
-1
-1
-1
-1
19 9067
-1
-1
16 9278
-1
15 8904
-1
18 8982
-1
-1
18 8982
-1
-1
21 8914
-1
-1
-1
27 8797
-1
-1
-1
-1
18 9026
-1
17 9154
-1
-1
-1
18 9288
19 9206
-1
-1
16 9235
-1
17 9276
17 8836
-1
18 8984
20 9079
-1
-1
22 9235
-1
-1
-1
22 9106
23 8398
23 8398
20 9187
-1
18 9280
-1
-1
-1
-1
-1
-1
18 8937
18 8937
18 8882
18 8882
19 8416
-1
21 9039
-1
-1
-1
21 8755
22 9238
-1
-1
18 9153
18 9153
-1
-1
-1
-1
14 9223
15 9197
-1
-1
-1
-1
-1
-1
17 8833
-1
-1
-1
-1
-1
-1
18 8909
-1
-1
-1
17 8748
18 9204
-1
-1
-1
18 9264
18 9264
-1
17 9169
-1
-1
-1
16 9040
15 8925
15 8660
-1
-1
17 8675
-1
-1
-1
18 8972
18 8972
19 9159
-1
-1
16 8602
-1
-1
-1
-1
-1
-1
18 9269
18 8969
-1
-1
-1
20 9123
24 9042
22 9148
21 8793
21 9160
-1
21 9160
-1
-1
-1
-1
-1
-1
16 9176
-1
-1
15 8823
-1
-1
-1
-1
-1
18 8927
-1
-1
-1
-1
19 9134
19 8927
18 9118
18 9310
-1
-1
-1
20 9300
-1
-1
-1
-1
-1
-1
-1
-1
-1
-1
-1
-1
17 9306
18 9183
-1
18 9294
-1
-1
-1
-1
-1
12 8435
12 8435
12 8435
15 8991
-1
18 8811
16 8820
-1
14 9310
15 9260
15 9260
-1
17 9085
17 9085
-1
-1
-1
-1
-1
21 8753
-1
-1
-1
16 8970
16 9190
-1
-1
13 9270
-1
-1
-1
16 8708
-1
-1
-1
20 8926
20 8926
-1
-1
21 9296
-1
15 9057
15 9191
17 9259
-1
-1
-1
19 9124
-1
19 9124
19 8930
-1
-1
-1
21 8535
21 8535
-1
-1
-1
24 9308
23 9226
23 8733
24 9228
-1
21 8898
-1
-1
12 8491
16 9060
17 9283
19 9217
-1
-1
16 9277
-1
17 9265
17 9124
-1
17 9178
17 9302
17 8990
17 8919
20 9071
-1
-1
22 9299
-1
-1
-1
23 9013
16 9148
14 8651
-1
-1
-1
13 9282
13 8588
-1
17 8729
-1
20 8490
-1
18 9154
18 9154
16 9107
-1
-1
22 9243
-1
23 9066
23 8600
-1
-1
-1
14 8972
-1
13 8553
-1
-1
18 9155
17 8446
-1
17 9034
17 9034
17 8608
18 9147
18 9147
-1
19 9077
17 8590
17 9305
17 9305
17 9305
18 9224
18 9240
-1
18 9068
18 9068
18 9068
20 9272
-1
-1
-1
21 9171
-1
22 9273
22 9225
-1
22 9225
18 9008
-1
-1
21 8892
-1
-1
-1
-1
21 9140
19 9145
-1
-1
-1
-1
-1
-1
-1
16 9295
-1
-1
-1
-1
-1
-1
20 9050
-1
22 9212
21 9025
-1
17 8484
-1
-1
-1
-1
-1
-1
19 8922
20 9145
-1
-1
18 8959
-1
-1
17 9065
18 9278
-1
-1
18 9065
18 9231
18 9148
-1
21 9303
20 9306
19 9313
-1
-1
-1
16 9202
-1
15 8757
17 9242
-1
-1
-1
17 8905
-1
19 9094
-1
21 9270
21 9270
-1
21 9270
22 9139
-1
-1
23 9170
-1
19 9270
-1
-1
-1
-1
16 8475
-1
19 9265
17 9045
-1
17 8861
-1
18 8754
-1
15 9182
21 8912
-1
-1
-1
15 8864
-1
15 9160
-1
-1
-1
15 8906
-1
15 8707
15 8707
-1
-1
15 8733
-1
-1
-1
-1
15 8923
-1
15 9102
-1
-1
14 8807
16 9170
-1
19 8944
19 8523
-1
-1
-1
-1
-1
23 8908
-1
19 9258
-1
19 8919
-1
18 8679
-1
-1
23 9297
21 9123
-1
-1
21 9123
-1
-1
19 8886
16 8874
-1
18 8954
-1
16 8773
16 8773
-1
-1
19 8600
21 9292
-1
21 8567
-1
23 9150
20 8737
-1
-1
-1
21 9068
-1
21 9105
-1
21 9105
-1
-1
18 9028
17 8794
-1
-1
18 8513
-1
-1
-1
-1
-1
-1
21 8615
-1
-1
-1
-1
19 8491
-1
-1
-1
-1
-1
-1
-1
18 9232
-1
-1
-1
-1
-1
17 8429
-1
-1
21 8981
21 8981
20 8920
20 8920
21 8963
-1
-1
-1
22 9060
-1
-1
-1
-1
15 9017
15 9024
-1
-1
17 8815
-1
-1
-1
-1
16 9309
16 9309
16 8681
18 9313
-1
18 9149
19 9266
-1
-1
-1
14 9154
14 8891
14 8891
-1
17 8808
18 9232
18 9232
-1
-1
-1
18 9277
-1
18 9201
-1
-1
-1
19 9097
-1
-1
-1
-1
18 9149
17 9013
-1
16 9136
16 9136
-1
17 8633
18 9215
18 9215
-1
18 8641
-1
18 8808
-1
-1
15 9282
-1
-1
-1
16 8411
-1
-1
-1
-1
19 8961
19 8890
-1
-1
-1
-1
-1
18 8513
18 8513
-1
20 9285
-1
20 9051
20 9051
-1
20 9144
20 9144
22 9302
-1
-1
24 9047
25 8972
-1
-1
22 8632
-1
24 8850
24 9257
-1
-1
-1
15 9107
15 9107
-1
-1
18 8439
19 9273
19 9273
19 9106
-1
-1
-1
19 9081
20 8959
-1
-1
-1
-1
-1
-1
-1
23 9063
-1
24 9230
23 9182
-1
-1
20 9038
21 9221
18 9197
18 9140
-1
-1
-1
17 9205
16 9250
17 9256
17 9215
-1
-1
18 9210
17 9106
17 9106
17 9112
-1
-1
-1
-1
-1
-1
-1
-1
19 9039
23 9258
-1
-1
-1
-1
-1
-1
22 9051
22 9051
21 8393
24 9249
19 9198
-1
-1
-1
-1
-1
-1
-1
22 9202
-1
20 9084
19 9148
19 9303
-1
-1
-1
-1
-1
-1
-1
15 9098
-1
-1
18 8744
18 9077
-1
-1
17 8798
-1
-1
-1
-1
19 8892
-1
20 9041
20 9041
20 8970
20 8928
-1
-1
19 9107
-1
20 9209
-1
-1
19 9018
19 9018
-1
-1
-1
-1
-1
21 8597
21 8597
-1
-1
-1
14 9170
-1
18 8911
19 8938
-1
-1
-1
-1
-1
17 8916
17 8916
16 8807
-1
17 9179
15 8667
15 8667
-1
-1
-1
17 9190
-1
16 9182
-1
-1
17 9294
15 9035
16 9137
-1
17 9278
-1
-1
17 9115
18 9292
17 8950
17 8950
-1
17 8456
-1
18 8755
18 8755
-1
18 9027
-1
-1
-1
18 9215
17 9248
-1
15 8849
-1
-1
-1
15 8631
-1
-1
-1
-1
18 8631
-1
18 9235
-1
-1
-1
20 8875
-1
23 9291
-1
25 9185
-1
27 9213
26 9191
25 9312
-1
25 8950
-1
22 9231
-1
-1
-1
19 9274
16 8775
18 8727
-1
-1
-1
-1
22 9047
-1
-1
-1
-1
22 9233
-1
-1
21 9009
18 8953
-1
-1
18 9290
-1
18 9294
-1
17 9115
17 9037
-1
18 8449
19 9242
17 9251
-1
-1
-1
17 8940
-1
-1
-1
19 8789
20 8999
-1
19 8846
19 8846
20 8753
20 8753
20 9013
-1
-1
-1
-1
19 8741
-1
19 8932
-1
-1
16 9128
-1
-1
19 9096
19 8780
-1
19 8711
19 8711
-1
21 8917
-1
-1
-1
23 9222
18 9110
17 9028
-1
16 9105
-1
16 9173
-1
-1
-1
16 9117
-1
-1
15 8686
15 8686
15 8754
-1
-1
-1
-1
-1
-1
-1
-1
18 8922
-1
-1
-1
-1
19 9135
-1
20 9183
21 9078
16 8716
-1
-1
-1
17 9204
-1
-1
18 9169
-1
18 9169
18 9152
-1
18 9285
-1
-1
16 9256
-1
-1
18 8628
-1
19 8808
-1
-1
21 9255
-1
-1
-1
-1
19 8583
-1
-1
-1
-1
-1
-1
15 8816
16 9161
17 9219
17 9233
-1
18 9181
18 9181
-1
19 9289
19 9289
19 8832
-1
20 9089
-1
-1
20 8595
-1
21 9312
19 9230
-1
-1
19 9296
-1
-1
-1
-1
18 9234
-1
-1
-1
16 8535
17 9217
18 8836
19 9124
-1
19 9207
-1
-1
-1
-1
-1
-1
19 9032
-1
-1
-1
-1
20 8766
19 9059
-1
-1
-1
-1
19 9100
-1
-1
17 9109
-1
-1
14 8445
14 8445
-1
-1
14 9076
-1
14 8890
15 9261
-1
17 8764
-1
-1
17 9163
-1
-1
-1
18 9242
18 9242
18 9071
-1
-1
-1
17 9195
-1
18 9260
16 8490
-1
18 9076
-1
17 8403
18 8613
-1
18 9112
-1
18 8912
-1
19 9164
19 9164
-1
-1
-1
18 8703
20 9064
-1
20 9064
-1
20 9002
20 9119
-1
17 9303
14 8668
-1
17 9312
-1
-1
-1
20 9301
20 9098
-1
-1
16 8810
-1
-1
-1
-1
19 8830
17 9220
-1
19 9308
19 9308
-1
19 8537
-1
-1
-1
19 8941
-1
20 8778
20 8778
20 8778
20 9043
19 8688
-1
-1
-1
-1
-1
-1
-1
19 8516
21 8779
26 9296
-1
26 9236
-1
26 9313
-1
-1
-1
-1
26 9265
26 9265
26 9265
26 9265
21 9213
18 8354
18 8354
15 8552
-1
-1
15 9036
-1
-1
-1
-1
-1
-1
18 8586
19 8994
19 9099
-1
18 8841
19 9213
19 9213
-1
-1
20 9129
-1
-1
-1
-1
-1
-1
-1
-1
23 8783
-1
25 9281
23 8710
-1
23 8710
15 9271
15 9271
13 8360
-1
13 8680
-1
-1
18 9302
-1
18 9263
-1
-1
-1
-1
-1
20 8785
18 8722
18 8722
-1
17 9187
-1
19 9262
17 9043
17 8721
-1
-1
-1
-1
21 9224
-1
20 9185
19 8934
-1
-1
17 8768
-1
-1
17 9191
18 9255
18 8606
-1
-1
-1
20 9150
21 9138
20 8884
22 9177
22 9177
-1
20 8885
-1
18 9174
-1
-1
-1
17 9291
-1
-1
-1
16 9114
17 9095
-1
17 9095
-1
16 9007
19 8629
16 8591
16 8591
-1
-1
-1
17 9117
17 9117
17 9117
17 9117
-1
16 8972
17 8991
-1
-1
20 8674
-1
-1
-1
20 9259
-1
19 9174
-1
-1
-1
-1
-1
-1
17 8893
-1
-1
-1
17 9270
17 9138
-1
-1
-1
-1
17 9185
-1
19 8830
19 8830
-1
20 8851
-1
-1
21 8623
-1
21 9107
14 8594
-1
-1
16 9286
16 8914
-1
16 8914
-1
-1
16 8852
16 8860
-1
-1
-1
-1
16 8700
16 8700
-1
15 8783
-1
15 8653
-1
-1
-1
-1
-1
-1
-1
-1
-1
-1
-1
-1
20 8942
-1
18 8819
17 9205
-1
-1
-1
17 9154
-1
15 8932
16 8538
-1
17 8850
-1
-1
-1
18 8931
-1
-1
-1
-1
-1
19 8883
-1
19 8997
-1
-1
21 8996
22 9138
-1
20 9062
-1
-1
-1
19 9296
-1
-1
-1
-1
18 9170
18 9170
-1
-1
19 9106
-1
-1
-1
18 8839
19 9141
-1
22 9117
-1
-1
22 8570
19 9242
-1
17 8990
18 9011
-1
-1
-1
-1
-1
15 8658
18 9261
-1
18 8717
-1
20 9282
19 9185
20 8653
-1
-1
-1
-1
-1
21 9202
21 9202
-1
19 9286
-1
-1
-1
-1
-1
18 9114
19 8716
20 9158
-1
20 9060
20 9060
17 8806
-1
-1
-1
-1
-1
-1
-1
15 9040
15 8755
-1
-1
16 8904
15 9060
15 8634
-1
18 8850
-1
-1
18 8921
-1
-1
19 9017
-1
19 9002
18 8989
18 8774
17 8791
-1
-1
-1
-1
17 9191
-1
17 8972
-1
18 9217
18 9217
-1
18 8609
-1
-1
-1
17 9022
17 9281
-1
16 8983
16 8983
-1
-1
18 9158
18 8995
17 9280
17 9280
17 9076
-1
15 8867
14 9233
14 9233
14 8397
-1
-1
-1
18 9108
17 9230
17 9230
15 8752
15 8752
15 8752
-1
16 9041
-1
-1
15 8529
16 8581
-1
-1
-1
-1
17 9195
-1
-1
-1
21 8953
21 9045
-1
21 9045
-1
-1
-1
22 9235
18 8749
19 9019
-1
-1
-1
14 8729
-1
-1
14 9055
14 9001
16 9306
16 9306
16 8911
18 9101
-1
18 8611
18 8611
-1
-1
-1
-1
15 8894
-1
15 8860
-1
14 8510
16 9249
-1
-1
19 9146
19 9146
-1
-1
18 8844
-1
-1
-1
-1
-1
20 8830
19 9186
-1
-1
-1
16 8971
-1
15 8491
-1
-1
-1
-1
-1
-1
17 9276
-1
-1
18 9274
-1
16 9309
-1
-1
20 9270
-1
20 8985
-1
16 8639
16 8655
16 9182
-1
-1
-1
15 8587
-1
-1
-1
14 9274
-1
-1
16 9254
17 9308
18 9009
-1
-1
-1
17 9050
-1
-1
16 8791
18 9123
-1
17 9010
-1
16 8716
-1
-1
-1
18 8868
-1
16 9298
15 8760
15 8760
-1
16 8527
16 9275
16 9076
-1
-1
-1
-1
19 9141
-1
-1
19 8831
-1
-1
18 8742
-1
-1
13 9070
14 9201
-1
17 9266
18 9130
21 9161
-1
22 9238
22 9238
-1
-1
-1
20 8911
21 9281
23 9254
-1
19 9015
-1
19 9182
-1
-1
-1
21 9264
-1
21 9292
21 9292
-1
-1
-1
-1
18 8474
19 8960
-1
-1
19 8995
19 8979
17 8662
19 9205
-1
18 8965
18 8965
-1
-1
19 9038
20 9197
20 9308
20 9308
18 8550
-1
-1
-1
-1
-1
18 8877
-1
19 8985
-1
22 9300
22 8831
-1
-1
-1
20 9056
-1
-1
-1
-1
20 9169
-1
18 8963
-1
14 8759
-1
13 8761
-1
14 9214
-1
-1
-1
16 8717
16 8717
17 8662
17 8662
-1
-1
-1
-1
-1
-1
-1
19 8821
21 9281
-1
20 9254
-1
-1
-1
-1
-1
18 8597
18 8597
18 9052
-1
-1
21 8990
-1
20 9079
-1
-1
-1
16 8694
-1
-1
-1
20 9193
-1
17 9265
18 8952
17 8975
16 8739
16 8739
16 8594
16 8594
-1
-1
17 8995
-1
-1
18 9297
-1
-1
-1
-1
19 9297
20 9247
-1
-1
-1
18 9027
19 8963
-1
-1
17 9195
17 8929
-1
-1
-1
-1
-1
15 9049
-1
-1
-1
21 9288
-1
18 9196
-1
-1
-1
16 9141
-1
-1
-1
-1
-1
23 8791
23 8791
21 8822
-1
-1
-1
-1
-1
23 8865
20 9118
20 9118
21 9194
-1
20 9060
18 9312
-1
-1
-1
17 9155
17 9254
-1
18 9120
19 8867
22 9243
-1
-1
22 9135
-1
-1
-1
21 9067
-1
-1
16 8510
16 8510
17 8962
20 9171
21 9228
-1
-1
21 8997
21 8997
-1
-1
-1
22 9209
-1
23 9235
-1
23 9235
-1
23 9235
-1
23 9190
-1
20 8933
-1
14 9275
15 9305
-1
16 9016
-1
20 8508
-1
-1
19 9202
-1
-1
16 8998
16 8831
-1
17 9250
18 9271
18 9271
17 9183
-1
-1
-1
-1
-1
-1
19 9274
-1
-1
-1
-1
19 9042
-1
-1
-1
-1
-1
-1
20 8888
18 9097
-1
-1
-1
15 9209
16 9298
16 8586
-1
-1
-1
-1
18 9277
-1
-1
17 9234
-1
19 8974
20 8977
-1
-1
-1
-1
22 9198
-1
22 9198
-1
-1
16 9252
-1
-1
13 9113
19 9296
19 8814
-1
-1
19 9283
19 9283
-1
19 8581
-1
21 9073
21 9073
-1
-1
15 8844
15 8561
-1
-1
-1
-1
-1
-1
17 9089
-1
-1
-1
-1
-1
15 8459
18 9272
-1
-1
18 9032
18 9032
-1
-1
-1
-1
-1
17 8571
-1
17 9234
19 9216
19 9169
-1
19 9169
17 8722
-1
14 8808
-1
13 8416
-1
-1
-1
14 9224
-1
17 9214
17 8699
-1
19 8412
-1
-1
-1
18 8400
-1
-1
19 9222
-1
-1
-1
21 9171
21 9034
-1
-1
21 9246
-1
-1
-1
19 9257
-1
19 9257
-1
20 8921
20 9304
-1
-1
18 8593
-1
-1
-1
19 9254
-1
19 9254
-1
-1
15 9021
15 9220
-1
-1
-1
-1
17 8571
17 8571
16 9197
16 8798
16 8798
-1
-1
19 8775
18 8949
18 8949
-1
17 8870
-1
17 9194
16 9289
16 9289
-1
-1
16 8966
19 9126
21 9036
-1
21 8821
19 8925
18 9188
-1
-1
-1
15 8666
-1
-1
-1
-1
17 8725
-1
-1
19 9289
-1
19 8771
21 9270
21 9302
21 9302
-1
-1
-1
-1
-1
24 9257
-1
-1
24 9012
-1
24 9012
22 8928
23 8931
23 9272
20 8654
19 9149
16 9176
17 9259
-1
-1
14 9006
-1
16 8406
-1
16 8945
-1
-1
15 8946
14 9239
14 9239
-1
13 8785
-1
-1
-1
13 8559
14 8787
-1
-1
20 9046
-1
16 8502
17 8919
-1
-1
19 9253
-1
22 9091
-1
-1
-1
-1
24 8949
26 9230
26 9230
-1
21 8959
-1
-1
-1
-1
-1
14 8634
-1
14 8634
-1
-1
-1
-1
16 9295
15 9176
-1
16 8459
15 9306
-1
18 9128
16 8817
-1
16 8607
17 8805
19 8753
-1
-1
-1
22 9267
-1
22 9267
22 9267
-1
-1
22 9117
-1
-1
20 9033
-1
-1
-1
-1
23 9206
-1
23 9206
-1
25 9301
-1
-1
-1
21 9234
-1
-1
-1
24 9141
-1
-1
-1
-1
-1
-1
-1
22 9280
-1
-1
20 9249
18 9007
-1
-1
-1
18 9035
-1
18 9155
-1
-1
19 8518
21 9007
-1
-1
20 9208
19 9235
-1
-1
19 9136
18 8743
-1
-1
-1
14 8881
-1
-1
-1
17 9214
17 8813
-1
20 9153
-1
20 9067
20 9067
-1
-1
-1
-1
20 9277
-1
-1
-1
-1
-1
23 9267
24 8831
-1
24 8968
18 9176
-1
-1
13 8789
-1
15 9223
-1
-1
-1
-1
-1
16 8573
-1
17 8955
16 8899
-1
15 8815
-1
-1
15 9196
-1
-1
15 8613
-1
-1
16 9018
16 9097
16 9097
18 8360
-1
-1
20 9294
20 9294
20 8576
-1
-1
-1
21 9232
-1
22 9284
19 8760
-1
20 9121
-1
20 8589
-1
-1
21 8665
22 9313
22 8780
23 9312
24 9153
20 8711
20 9279
-1
-1
-1
16 8806
-1
-1
17 9171
-1
18 9250
18 8780
19 8824
-1
-1
19 8558
20 9066
-1
-1
17 8691
-1
18 8927
18 8985
18 8985
-1
22 9014
23 8869
22 8827
22 8827
-1
23 8877
-1
23 9259
-1
23 9182
23 9182
19 9185
-1
16 8579
-1
-1
15 9266
-1
-1
-1
-1
14 8701
-1
-1
-1
-1
14 8956
15 9247
-1
17 9149
-1
-1
-1
-1
-1
23 8683
-1
-1
24 9222
-1
25 9050
-1
-1
24 8974
23 9172
-1
-1
-1
16 8803
18 9155
18 9155
-1
20 9007
20 8957
-1
-1
-1
-1
15 8934
-1
-1
17 8997
17 9309
16 9304
-1
16 9244
-1
16 9244
16 8741
15 9213
14 8724
15 9094
17 9264
17 9264
17 9264
17 9264
17 9264
-1
-1
-1
-1
-1
-1
-1
-1
-1
19 9241
-1
-1
17 9051
-1
17 9069
-1
-1
-1
19 9254
19 9254
-1
-1
19 8726
21 9176
-1
21 9237
-1
-1
-1
-1
-1
-1
16 9104
-1
-1
-1
-1
-1
17 8874
-1
17 8825
-1
18 9255
18 9255
13 8992
-1
-1
-1
-1
-1
20 8907
-1
-1
-1
22 9250
20 8829
20 8571
-1
-1
19 9006
19 9006
-1
21 9151
-1
-1
-1
21 9111
-1
13 8984
12 9202
12 9278
13 9149
15 8778
-1
16 9240
19 9104
19 9175
20 8402
-1
-1
-1
-1
-1
-1
-1
-1
15 9033
15 9033
16 8608
16 8608
-1
-1
-1
-1
20 8516
20 9128
-1
-1
19 9188
18 8475
-1
-1
16 8707
16 9002
17 8889
-1
-1
19 9170
20 9112
19 9138
-1
19 9138
-1
17 8838
-1
16 8538
16 9291
-1
17 8986
-1
-1
18 8998
19 9312
-1
-1
-1
-1
-1
-1
-1
15 9069
15 9069
-1
16 9192
16 9126
-1
-1
-1
-1
-1
-1
-1
-1
19 8955
19 9116
-1
-1
17 9222
17 8836
17 8836
-1
-1
-1
-1
19 9291
21 9045
21 9145
21 9145
-1
20 8616
-1
21 9091
17 9182
-1
16 9094
17 8812
17 8812
-1
-1
-1
-1
15 9165
-1
-1
13 8496
13 8496
14 9122
-1
18 8702
-1
16 9210
-1
17 9297
-1
-1
17 9251
-1
17 9251
-1
16 8637
15 8858
-1
-1
18 9309
-1
21 9070
-1
22 9094
21 8820
-1
-1
22 9282
-1
18 9176
-1
-1
18 8574
-1
18 9120
-1
-1
-1
-1
-1
19 8969
19 8969
19 8969
-1
16 8871
-1
16 8871
16 8522
13 8465
-1
-1
-1
13 9265
15 9172
15 8999
-1
14 8739
15 9081
-1
16 8748
16 9060
-1
-1
15 9302
-1
-1
15 9302
15 9302
15 9302
-1
-1
15 8722
-1
-1
15 8722
15 8722
15 8722
16 8698
-1
18 9209
18 9209
-1
-1
-1
-1
17 9132
17 9142
-1
-1
-1
-1
-1
-1
-1
-1
14 8856
15 8386
-1
16 8977
15 8885
15 8885
-1
-1
16 9029
-1
-1
-1
-1
-1
-1
-1
-1
14 8709
14 9010
-1
18 8788
-1
18 9108
-1
-1
-1
-1
-1
18 9288
16 9053
-1
-1
16 8599
-1
19 9291
19 8814
-1
19 9013
-1
19 9007
20 9242
20 9242
-1
-1
-1
16 8910
16 8910
-1
16 8941
-1
19 8610
-1
-1
-1
16 8747
16 8882
15 8798
-1
-1
16 8888
-1
-1
15 8805
-1
-1
-1
15 9061
-1
-1
18 9295
17 8702
17 8702
-1
-1
18 9209
-1
18 9209
-1
15 9178
-1
15 9023
16 8880
-1
16 9140
-1
-1
20 9188
18 8441
-1
-1
18 9284
18 9284
18 9284
18 9284
-1
-1
-1
18 9141
-1
18 9141
-1
-1
14 8879
-1
-1
20 8865
-1
-1
-1
-1
-1
-1
17 9077
-1
18 9135
-1
21 9169
21 8888
21 8888
21 8888
-1
21 9243
-1
-1
-1
-1
-1
20 9054
20 9054
21 8725
17 9105
-1
-1
-1
17 9105
17 9105
17 9105
-1
13 8385
-1
16 8470
-1
-1
-1
21 8908
20 8666
21 9150
21 9150
21 9150
-1
-1
-1
-1
-1
16 8887
17 9240
-1
18 8735
-1
-1
18 9167
-1
19 9024
18 8479
18 8479
20 9257
-1
26 9205
27 9242
-1
-1
-1
25 8845
-1
-1
-1
-1
15 8865
-1
16 9013
16 9013
-1
18 9279
-1
-1
-1
16 9032
16 9172
-1
-1
-1
-1
16 9073
15 9146
-1
-1
-1
19 9192
-1
22 9257
21 9219
-1
20 8783
20 9282
-1
-1
-1
17 8796
-1
-1
-1
-1
-1
-1
20 8924
-1
20 9030
19 8692
-1
-1
-1
14 9132
14 9132
-1
-1
-1
-1
-1
-1
18 9064
-1
-1
-1
19 8840
-1
20 8879
17 8979
16 8646
-1
16 8646
-1
16 9054
-1
16 9103
16 9103
-1
-1
-1
16 9279
15 9243
15 9243
-1
17 8996
-1
-1
-1
19 8715
-1
17 9071
16 9079
-1
-1
21 9055
-1
22 8959
-1
-1
-1
25 8494
25 8494
26 9313
22 9302
22 9302
-1
-1
-1
19 9304
-1
16 9203
17 9238
-1
19 9248
-1
21 8836
-1
-1
19 8888
-1
-1
-1
16 8834
-1
-1
14 9220
15 9281
-1
-1
15 8916
15 8786
16 9185
15 9173
15 8778
-1
-1
16 8994
15 8824
-1
-1
17 8681
17 9099
19 9014
18 8766
-1
19 9294
-1
-1
-1
19 8447
20 8981
21 9173
-1
-1
14 9192
-1
14 9203
-1
-1
-1
-1
-1
19 9197
-1
-1
20 9222
-1
19 8778
-1
19 8984
19 8984
-1
14 9096
13 8745
13 8745
14 8741
-1
15 9021
-1
-1
-1
15 9146
-1
15 9227
-1
-1
-1
15 8853
15 8853
14 8878
-1
14 8878
-1
18 8808
-1
-1
-1
21 8892
21 8892
20 8918
20 8918
-1
-1
19 9270
-1
-1
17 9289
-1
-1
-1
22 8769
22 9144
-1
-1
18 9005
-1
20 9272
20 9042
-1
-1
20 9014
-1
16 8629
-1
-1
-1
-1
-1
-1
-1
21 9191
18 8958
-1
-1
-1
-1
-1
-1
16 9280
15 9079
14 8519
-1
14 9238
13 8687
14 8593
15 8866
-1
-1
16 8423
16 8423
16 8423
-1
16 9045
-1
-1
17 8482
-1
-1
-1
16 9095
15 9155
-1
-1
14 9206
14 9206
-1
15 8625
-1
-1
16 8825
16 8825
16 8825
-1
-1
17 9204
17 9100
-1
17 9284
19 9024
19 9024
19 9098
19 9295
-1
-1
19 8536
22 8932
-1
-1
23 9221
23 9221
-1
17 9183
-1
-1
15 9057
-1
18 8941
-1
-1
20 9126
-1
-1
17 9183
12 9273
-1
-1
-1
-1
21 9128
-1
21 9128
-1
-1
20 9107
-1
-1
-1
-1
19 9025
19 9004
-1
-1
19 9276
-1
18 8380
-1
20 8836
22 9044
22 9250
21 8999
-1
23 9029
-1
24 8599
-1
-1
23 9267
-1
-1
23 8909
18 9147
20 9046
20 9046
-1
22 8763
22 8974
22 8974
-1
23 9207
23 9207
-1
-1
-1
23 9144
-1
-1
-1
-1
-1
18 8859
18 9303
-1
-1
-1
17 8794
17 8794
-1
-1
-1
17 8719
16 9170
16 9170
-1
19 9230
-1
21 8660
-1
21 9073
21 9073
-1
-1
17 9044
-1
-1
-1
-1
15 9189
15 9189
-1
16 9119
-1
-1
15 8888
13 8461
-1
14 8940
16 9296
-1
-1
-1
16 8563
17 8932
17 8932
-1
-1
16 9275
16 9275
16 9169
-1
17 8812
-1
-1
-1
-1
18 9009
-1
-1
19 8740
-1
-1
-1
-1
19 9295
18 9045
-1
16 8760
-1
-1
-1
-1
-1
17 8919
-1
-1
-1
-1
19 9207
17 8958
17 8958
-1
18 9147
18 9147
18 9147
16 9072
15 9158
-1
-1
-1
-1
15 9124
17 8977
-1
-1
-1
16 9170
16 9170
16 9170
-1
-1
16 8518
16 8518
-1
-1
15 9013
-1
-1
14 9142
14 9142
-1
14 9142
-1
-1
16 8977
-1
20 9237
20 9268
-1
-1
-1
19 9301
-1
17 8490
-1
-1
-1
-1
-1
-1
17 8907
-1
-1
-1
-1
22 9287
21 9173
-1
-1
15 8729
15 8729
-1
-1
15 9083
17 8750
17 8988
-1
-1
-1
19 8678
-1
-1
-1
-1
-1
-1
-1
-1
-1
18 8982
19 9230
-1
-1
17 9258
-1
-1
19 8990
-1
18 9009
18 9009
19 9246
19 9246
20 9080
20 9004
18 8799
18 8799
-1
18 9184
-1
-1
-1
17 8674
-1
17 8674
-1
-1
20 9119
-1
-1
-1
-1
-1
16 8722
16 8730
16 8730
17 8949
-1
18 9248
18 9248
18 8592
19 9013
-1
-1
16 9009
-1
-1
-1
-1
18 8704
16 9192
15 8826
-1
18 8992
-1
-1
19 9309
19 9309
-1
-1
16 8699
17 9144
-1
-1
-1
-1
-1
21 9308
20 8545
-1
20 8848
-1
20 9194
-1
-1
21 9166
20 9059
-1
-1
18 9217
-1
19 9103
-1
-1
20 8890
-1
21 9251
-1
21 9251
22 9283
23 9308
21 8916
19 9094
19 9001
-1
-1
18 8940
17 8536
-1
17 8536
17 8536
-1
-1
-1
17 8536
17 8536
-1
18 8602
-1
19 8753
18 9079
18 9079
-1
-1
-1
13 8792
-1
-1
-1
-1
-1
18 9112
20 9236
-1
20 9076
-1
-1
19 8781
-1
19 9150
18 8921
-1
15 8608
-1
16 9094
16 8764
-1
-1
15 8915
15 9184
-1
-1
-1
-1
-1
-1
20 9286
19 8511
20 9254
-1
-1
13 8418
16 9020
-1
-1
19 9230
-1
20 9172
-1
20 9172
-1
20 8831
-1
20 8865
-1
-1
-1
-1
17 9048
17 9048
17 9048
-1
16 9310
14 8920
-1
-1
-1
15 8870
15 8870
-1
19 8984
-1
-1
-1
-1
-1
-1
-1
19 9244
-1
-1
-1
19 9173
15 8764
-1
17 9128
-1
-1
14 8839
-1
14 8839
15 8936
15 8958
16 8925
16 8925
-1
16 8925
16 8925
17 8787
-1
16 8544
16 8949
17 9305
16 9050
-1
-1
-1
-1
-1
17 8746
-1
19 9037
-1
19 8966
-1
-1
-1
-1
-1
-1
20 8869
-1
20 8869
-1
-1
20 9106
-1
-1
-1
11 9008
-1
-1
-1
-1
-1
-1
-1
-1
21 8977
-1
-1
-1
23 8549
26 9169
26 9152
23 9090
-1
-1
22 8880
20 9261
19 9123
-1
-1
-1
21 9030
-1
15 8760
-1
-1
-1
16 9302
-1
-1
18 9266
16 8734
16 8734
16 8734
19 8905
21 9277
21 9052
22 9273
23 9210
-1
-1
-1
-1
-1
18 8912
-1
15 9084
-1
16 9065
-1
-1
-1
-1
16 8682
-1
-1
-1
-1
-1
18 8780
-1
-1
-1
20 8737
18 8972
-1
19 9167
-1
18 8884
-1
15 8581
-1
-1
-1
16 9307
-1
-1
-1
-1
-1
-1
19 9243
19 9243
-1
-1
-1
-1
-1
20 8778
23 8895
23 8895
-1
-1
-1
24 9266
-1
27 9181
-1
23 9279
23 9279
23 9279
-1
-1
-1
-1
18 8792
-1
-1
-1
21 9159
-1
17 8975
-1
-1
19 8852
19 8884
19 8884
-1
-1
-1
-1
20 9071
-1
19 9276
-1
19 9276
-1
19 9276
-1
19 9278
19 9278
-1
-1
-1
20 9186
-1
-1
17 9251
-1
-1
17 8541
-1
-1
-1
-1
15 8878
-1
-1
17 9255
-1
-1
-1
17 9144
-1
17 9144
17 9144
17 9144
-1
21 9136
-1
-1
-1
-1
-1
-1
16 9037
-1
19 9132
-1
-1
-1
20 9249
-1
-1
16 8846
-1
16 8752
-1
16 8752
15 8821
16 8936
-1
17 9099
-1
-1
18 9170
18 9170
17 8894
16 9159
16 9159
-1
-1
-1
-1
18 8885
-1
-1
-1
12 9036
-1
-1
-1
17 9140
-1
18 9177
18 9177
18 9118
-1
17 8878
-1
-1
-1
-1
-1
-1
-1
17 8891
-1
-1
-1
-1
22 9281
20 9231
-1
18 9178
-1
16 9104
-1
-1
16 9282
-1
-1
16 9282
-1
15 8603
17 8586
-1
-1
-1
18 8549
-1
-1
-1
20 9044
-1
-1
23 8937
-1
23 8657
23 8657
23 9187
-1
-1
-1
-1
24 9064
-1
24 9094
24 9094
-1
-1
21 8953
-1
-1
21 9148
19 8964
-1
-1
15 8562
-1
16 9095
17 9144
-1
-1
-1
-1
21 9290
21 9024
20 9237
20 8712
-1
23 9017
25 9030
-1
-1
26 9252
-1
-1
-1
22 9291
-1
21 8533
21 9234
-1
18 9173
-1
-1
23 9168
-1
21 8882
-1
-1
-1
-1
-1
15 9284
-1
-1
-1
-1
-1
-1
18 9266
-1
-1
19 9116
-1
19 9203
-1
-1
16 8603
-1
18 8846
-1
-1
-1
-1
-1
18 8548
-1
18 8548
-1
18 9253
-1
16 9075
-1
-1
17 8770
17 8770
-1
20 8925
20 9178
17 8594
-1
19 8897
18 9263
-1
18 9231
-1
18 9235
-1
17 9141
16 8732
17 9107
-1
-1
16 8768
-1
16 8746
17 9207
-1
-1
-1
-1
-1
21 8935
-1
-1
-1
-1
18 9115
16 9102
-1
-1
-1
-1
-1
-1
22 8917
-1
16 9305
16 9305
-1
-1
18 8537
-1
-1
-1
21 9199
21 9252
21 9223
-1
-1
-1
-1
-1
-1
-1
-1
20 9160
-1
-1
20 9137
20 9137
20 9137
-1
21 9048
-1
21 9048
21 9048
-1
-1
-1
-1
-1
-1
-1
19 9204
-1
-1
-1
-1
14 9027
14 9027
-1
-1
15 8476
-1
-1
-1
17 9269
-1
17 9160
-1
-1
-1
16 9066
-1
16 8406
17 8696
19 9311
-1
-1
-1
16 9132
13 8953
-1
14 8579
-1
15 8895
-1
18 9292
-1
-1
19 8426
-1
19 8426
21 8546
-1
21 9312
20 9272
-1
-1
-1
17 9276
-1
16 8978
17 9248
-1
14 8607
-1
-1
16 9092
16 9092
17 8894
-1
-1
-1
18 9306
-1
20 9174
-1
-1
-1
-1
-1
-1
22 9035
23 9263
-1
21 9098
-1
-1
-1
22 8952
-1
22 8592
-1
24 9221
21 8748
22 9159
20 9104
18 9312
-1
16 8868
-1
16 8868
-1
-1
16 8875
16 9233
-1
15 9188
-1
17 8660
-1
-1
-1
-1
20 9287
-1
-1
-1
-1
-1
22 9286
22 9286
-1
23 9304
-1
-1
22 9190
-1
-1
22 8979
-1
-1
21 9136
21 9136
-1
18 9005
-1
-1
16 9300
-1
16 9070
17 9240
-1
19 9297
21 8666
-1
15 8598
-1
-1
-1
-1
16 9290
15 9279
-1
20 8912
20 8590
-1
19 9172
19 9172
-1
19 9009
19 9009
19 8989
19 8881
-1
-1
16 9190
-1
16 9038
-1
-1
-1
16 9271
-1
-1
15 8673
-1
-1
-1
-1
17 9085
17 8940
-1
-1
15 8567
-1
-1
-1
16 9310
17 8956
-1
17 9216
-1
-1
15 9066
15 9051
-1
-1
-1
14 9030
13 8792
-1
-1
13 8792
-1
-1
15 8517
16 8594
17 9281
-1
-1
-1
-1
-1
18 9282
18 8610
-1
20 9001
-1
-1
21 9162
-1
-1
25 9024
-1
24 8890
25 9236
-1
23 9120
21 9049
-1
-1
-1
-1
16 8530
16 8530
17 8726
18 8631
-1
-1
20 8986
-1
20 8986
19 9295
-1
19 9295
19 9295
19 9295
-1
-1
17 9052
18 9313
-1
-1
19 8855
-1
-1
21 8835
21 9108
-1
-1
-1
-1
16 9170
16 9170
-1
-1
17 9222
-1
17 9146
-1
14 9001
14 9001
15 9096
17 9269
18 9176
-1
18 9090
-1
-1
18 8562
-1
18 9174
-1
-1
-1
-1
17 9247
-1
-1
18 8823
-1
-1
16 8575
-1
13 8803
-1
-1
-1
-1
-1
16 9285
-1
-1
20 9149
20 9149
21 9273
21 9273
-1
20 8507
-1
-1
21 9312
-1
20 9196
-1
-1
-1
-1
22 9067
-1
20 9270
19 8737
19 9307
-1
-1
18 9203
15 8791
-1
-1
18 9250
-1
-1
18 9300
-1
18 8902
18 8952
-1
19 9226
-1
-1
19 9127
19 8722
-1
-1
17 8826
18 8727
-1
-1
-1
-1
17 9221
-1
-1
16 8974
-1
13 8937
-1
14 9273
14 9273
-1
-1
-1
-1
-1
16 9092
-1
-1
18 9240
18 9240
-1
-1
18 9210
-1
17 8833
-1
-1
-1
-1
19 9296
-1
-1
-1
-1
20 9121
-1
-1
20 8979
17 8869
17 8869
-1
17 9275
-1
16 9183
15 9121
-1
-1
15 8423
-1
-1
-1
-1
17 9032
17 9207
19 9222
-1
19 9197
19 9286
20 9148
18 9252
17 8852
17 9184
-1
-1
-1
-1
-1
-1
20 9218
20 8979
-1
-1
-1
20 9066
20 9148
20 9148
15 9201
15 8684
-1
17 9008
17 9123
-1
-1
-1
21 9086
-1
-1
-1
21 9247
20 9076
20 8735
21 9036
20 9226
16 8830
-1
-1
16 8918
-1
-1
-1
19 9297
17 8980
15 9294
-1
17 9100
-1
18 9034
-1
19 9225
18 9139
-1
-1
-1
-1
17 8688
-1
-1
-1
20 9209
21 9234
-1
-1
19 9232
18 8791
-1
-1
-1
-1
19 8967
-1
-1
-1
-1
17 9215
-1
17 9022
-1
18 9147
18 8795
-1
19 8728
19 8628
-1
-1
15 8435
-1
-1
-1
-1
15 8780
17 8933
-1
-1
20 9002
-1
15 8557
-1
19 9214
18 9062
-1
-1
15 8776
-1
20 9219
21 9171
-1
21 9054
-1
-1
-1
-1
-1
-1
-1
-1
24 9301
24 9301
24 9191
-1
26 8952
-1
20 8974
20 8974
-1
-1
-1
-1
-1
18 8896
-1
-1
-1
-1
23 8916
-1
26 9243
-1
25 9309
21 9301
21 8893
-1
18 9114
18 9114
-1
-1
-1
-1
-1
-1
-1
17 9222
17 9222
17 8366
18 9127
-1
18 8881
16 8433
-1
-1
-1
18 9005
18 9025
-1
-1
20 8889
19 8937
-1
-1
19 9126
-1
-1
18 9169
-1
16 8916
-1
16 9176
16 9280
16 9280
-1
17 8595
21 8979
-1
21 9058
21 9058
21 8570
-1
17 8971
17 8971
-1
-1
-1
-1
16 8960
-1
-1
16 8960
-1
-1
17 9008
-1
-1
-1
18 9119
-1
19 8727
-1
18 9104
-1
18 8917
-1
-1
19 9239
19 9239
-1
-1
-1
17 9153
-1
18 9271
-1
-1
-1
15 9130
-1
-1
17 9010
-1
-1
-1
-1
17 9176
-1
-1
-1
-1
-1
-1
-1
-1
-1
15 9286
17 9011
17 8626
-1
-1
16 8817
18 9002
19 9258
19 9258
-1
20 8838
-1
-1
19 8874
-1
-1
-1
22 8989
18 8750
17 9199
-1
-1
-1
-1
-1
18 8892
-1
-1
-1
-1
-1
-1
18 9111
-1
-1
21 8942
21 9255
18 9120
-1
-1
-1
18 9103
17 9009
-1
-1
-1
16 8772
-1
-1
19 9193
19 8944
19 8985
-1
19 9239
-1
17 8478
-1
18 8821
19 9001
18 9224
16 8413
-1
-1
17 9299
-1
-1
16 9310
-1
16 8972
-1
16 9294
-1
-1
-1
17 8609
17 9081
-1
-1
19 9263
-1
18 9154
-1
-1
15 9235
-1
15 9235
-1
-1
18 9256
20 9214
-1
22 9099
-1
21 9297
-1
21 9066
-1
20 8514
-1
21 8508
21 8508
-1
17 9171
16 9313
15 9122
-1
-1
-1
-1
-1
15 9288
13 8791
18 9121
-1
20 9153
17 8874
-1
-1
13 8699
-1
13 9155
13 8668
13 8779
-1
-1
-1
-1
15 8548
16 8912
16 9062
-1
18 9188
-1
-1
16 9313
16 9313
-1
16 8859
-1
14 8687
14 9045
16 9197
-1
-1
21 9282
-1
22 8853
22 8853
-1
-1
22 9276
22 9276
19 8952
-1
-1
-1
19 9128
-1
19 9128
-1
-1
-1
-1
-1
-1
24 9001
24 9310
24 9310
17 9044
-1
14 8975
-1
-1
17 9230
19 9068
-1
-1
-1
22 8921
-1
-1
22 9026
-1
-1
16 9106
16 9106
17 8804
18 9058
19 8973
19 8973
-1
19 8577
19 8577
16 8807
-1
-1
-1
-1
15 9245
-1
15 8758
15 8601
-1
-1
18 8880
18 8880
19 9068
19 8767
19 8767
18 8893
-1
-1
-1
16 8931
-1
-1
-1
15 8840
15 8840
15 8840
-1
-1
-1
-1
21 9242
21 8938
21 9033
22 9296
-1
-1
-1
23 8891
21 9218
21 9218
-1
21 9263
-1
-1
-1
-1
20 9058
-1
-1
-1
18 9016
-1
-1
16 9196
-1
-1
14 8758
-1
-1
17 9229
-1
-1
-1
-1
-1
-1
-1
17 9001
14 8817
14 8895
14 8895
15 9070
17 9103
-1
17 9170
-1
-1
16 8619
16 9265
16 9024
16 9024
-1
-1
-1
20 9269
-1
-1
-1
-1
-1
20 9047
-1
20 9047
18 9123
18 9123
-1
19 9270
-1
19 8846
-1
-1
-1
-1
18 9069
20 9239
-1
-1
25 9051
-1
23 8867
21 9099
-1
-1
-1
20 8936
-1
20 8936
-1
-1
20 8784
-1
-1
-1
21 9061
22 9088
22 9088
-1
-1
17 8866
17 8866
-1
-1
-1
18 8753
18 8993
-1
-1
-1
-1
-1
19 8857
-1
24 9044
-1
-1
21 8652
20 9296
-1
-1
20 8501
-1
-1
21 8978
21 8978
-1
-1
-1
-1
19 9129
-1
-1
-1
-1
-1
20 9228
-1
-1
24 9300
-1
-1
-1
-1
15 9221
-1
15 8730
16 9107
-1
16 9067
16 9067
17 9312
-1
-1
-1
20 9277
-1
-1
-1
15 8790
18 8841
19 9149
-1
-1
19 8958
19 8958
17 8752
-1
-1
18 9069
-1
-1
15 9188
16 9297
-1
-1
19 9070
-1
-1
20 9261
-1
18 8384
-1
-1
17 9052
-1
17 9052
17 9120
-1
-1
18 9196
-1
-1
-1
-1
-1
22 9284
23 9290
-1
-1
18 9115
-1
-1
17 9136
-1
16 9056
-1
-1
-1
17 9090
-1
21 9234
-1
21 9251
-1
18 9113
-1
-1
15 9100
-1
-1
-1
-1
15 8953
16 9249
-1
18 9213
-1
-1
17 8786
-1
-1
-1
-1
-1
16 8494
-1
17 9284
-1
19 9101
-1
20 9284
-1
-1
20 8830
-1
-1
16 9273
16 9273
-1
-1
14 8460
-1
-1
-1
15 8885
-1
15 8955
15 8955
15 8955
14 9101
-1
15 8971
15 8971
16 9266
15 9129
-1
19 9212
-1
-1
-1
-1
-1
-1
-1
-1
19 9026
18 9252
-1
-1
-1
15 8898
14 9217
13 8588
-1
-1
-1
14 8778
-1
16 8436
17 8998
-1
-1
17 9122
17 8999
-1
14 9299
-1
-1
-1
15 9020
15 8599
16 8992
-1
17 9273
-1
20 9026
-1
-1
-1
-1
21 8861
-1
-1
-1
-1
18 8932
-1
-1
-1
-1
17 8733
-1
18 9292
-1
-1
15 9204
-1
-1
-1
17 9275
20 9239
20 9021
-1
19 9272
-1
19 8755
-1
-1
-1
-1
16 8738
-1
18 8670
16 8697
-1
19 8656
21 9156
22 9031
-1
-1
-1
-1
23 9204
-1
25 9249
-1
-1
-1
18 8993
-1
-1
19 9174
18 9156
18 9156
-1
-1
-1
-1
16 9040
-1
16 8923
-1
-1
17 9289
-1
17 9134
-1
-1
-1
19 9311
19 9311
19 9311
-1
19 9284
-1
17 8547
-1
-1
14 8596
-1
15 9142
-1
15 9062
-1
-1
-1
17 8611
14 8844
14 8844
15 8768
-1
15 8768
-1
-1
17 9295
-1
-1
16 9117
-1
-1
-1
-1
-1
21 9107
21 8611
-1
-1
24 9282
-1
22 9282
-1
22 9282
-1
-1
-1
-1
20 9018
21 8935
22 9072
-1
19 8590
24 9313
-1
-1
21 9259
-1
-1
19 9281
20 8603
22 9139
22 9139
-1
-1
18 9267
-1
17 9271
16 9181
-1
16 9178
-1
19 9119
-1
20 9122
20 9128
-1
-1
-1
17 8688
-1
-1
-1
18 8375
19 8844
21 9288
17 8823
17 8621
-1
-1
20 9198
20 9198
20 9198
20 8906
-1
-1
-1
20 8839
-1
-1
-1
-1
16 8680
17 9030
-1
17 9030
-1
19 9046
-1
-1
-1
20 9257
-1
-1
-1
-1
17 9207
-1
17 9009
-1
-1
15 9292
-1
-1
-1
-1
14 8643
-1
-1
-1
16 9208
-1
-1
-1
19 9073
19 9073
-1
-1
-1
18 9200
18 8852
17 8589
-1
17 9094
17 8613
-1
16 9068
17 9060
-1
-1
17 9024
-1
-1
20 9304
-1
-1
16 9274
-1
-1
15 8958
15 8958
16 9089
15 9128
15 9128
-1
-1
19 8927
-1
-1
16 8952
17 9087
-1
-1
-1
-1
-1
-1
-1
18 8704
-1
-1
-1
-1
-1
-1
-1
16 9274
16 8697
-1
-1
-1
18 9294
-1
-1
17 9065
18 8908
15 8915
-1
15 8981
-1
14 9093
-1
15 8656
-1
18 8765
-1
22 9262
21 8730
-1
-1
-1
22 8713
-1
23 9022
-1
-1
18 8964
20 9308
20 9144
19 9264
-1
19 9129
19 9129
-1
19 8737
-1
20 9105
18 8848
17 8770
18 9253
-1
-1
15 9272
-1
-1
-1
-1
16 8755
17 9163
-1
-1
-1
-1
-1
15 9311
-1
-1
-1
17 8733
-1
19 8973
19 8973
-1
-1
-1
21 9120
20 9043
20 9043
-1
17 8629
-1
-1
-1
-1
16 9277
-1
-1
22 9050
22 9279
-1
18 9204
17 8834
17 8834
-1
-1
16 9299
-1
-1
17 9211
17 9211
-1
18 9070
-1
18 8574
19 9248
19 9248
-1
22 9221
23 9123
-1
-1
-1
-1
18 9226
-1
-1
-1
-1
-1
-1
-1
-1
-1
20 8648
21 8692
23 9210
22 9005
23 9235
-1
22 9200
-1
-1
19 9313
18 9091
18 9091
-1
-1
-1
-1
-1
-1
-1
-1
-1
18 9291
18 9291
-1
-1
18 9104
-1
-1
24 8451
24 8451
24 8781
24 8781
26 9182
23 9085
-1
23 9142
-1
-1
-1
-1
23 9058
-1
-1
-1
-1
19 8710
-1
-1
-1
-1
-1
16 9053
17 9147
-1
-1
16 9280
-1
15 8853
16 8812
18 8921
20 9146
-1
20 8562
22 9292
21 8391
21 8391
-1
-1
-1
19 9212
-1
21 8939
21 9194
-1
19 9301
-1
-1
-1
-1
15 9310
-1
-1
16 9200
-1
-1
-1
-1
-1
16 8864
-1
16 8864
16 8864
-1
-1
18 8941
-1
-1
18 8809
-1
-1
-1
18 9272
-1
-1
-1
-1
17 9093
-1
19 9162
21 8835
19 8955
20 8885
-1
20 8885
-1
-1
19 8810
17 9184
-1
-1
-1
16 9290
16 8971
-1
19 8695
18 9086
-1
-1
-1
19 8987
-1
-1
-1
-1
-1
-1
-1
-1
-1
-1
-1
23 9312
24 8988
-1
-1
-1
-1
17 9292
16 8977
16 8788
-1
16 8788
-1
18 8866
18 8866
-1
-1
-1
21 9258
22 9257
-1
25 8965
22 8924
-1
21 9277
21 9277
-1
-1
15 9071
15 9071
-1
-1
-1
15 9216
-1
16 9235
-1
17 9294
16 9032
16 9058
16 9058
15 8741
-1
-1
-1
14 8972
-1
-1
-1
20 8632
21 8989
-1
-1
-1
22 9311
-1
-1
-1
-1
-1
22 9254
23 9259
21 8751
21 9036
-1
22 9295
21 9154
21 9154
-1
-1
-1
16 9182
-1
17 9305
-1
-1
-1
-1
19 9311
-1
20 8766
20 8842
20 8649
21 9203
-1
21 9236
-1
20 8683
18 9250
18 9250
18 9250
-1
17 8814
-1
16 8703
-1
17 8646
18 8885
-1
-1
-1
15 9297
15 8755
-1
15 8725
-1
15 8787
-1
15 8789
-1
-1
-1
-1
-1
-1
-1
15 8551
15 8551
-1
18 9066
-1
20 9136
20 9136
19 8904
-1
19 8646
22 9309
-1
-1
-1
-1
-1
18 9161
-1
-1
-1
-1
20 9314
-1
-1
-1
20 9108
21 9249
21 9062
-1
21 8742
21 8742
21 8742
-1
-1
20 8887
20 9245
20 9245
-1
20 9245
20 9245
18 9291
-1
18 9291
18 9291
-1
19 9247
-1
-1
17 9202
-1
15 8731
-1
18 9311
-1
-1
-1
20 9242
20 9242
-1
-1
-1
20 9144
21 9293
-1
-1
20 9053
22 9035
-1
-1
22 9280
-1
-1
-1
25 9301
23 9169
-1
23 9169
-1
23 9169
19 8841
20 9176
21 9288
-1
-1
21 8965
-1
-1
-1
-1
-1
-1
-1
-1
-1
-1
19 8452
19 9004
-1
-1
-1
-1
-1
18 8951
-1
-1
-1
17 8801
-1
-1
-1
-1
13 8678
-1
15 8863
-1
-1
15 8421
-1
-1
-1
-1
18 8806
-1
-1
-1
-1
-1
-1
-1
-1
20 8863
-1
-1
21 8904
-1
-1
-1
17 9236
-1
15 9293
-1
-1
-1
16 9122
-1
16 9089
-1
15 8909
-1
16 8885
16 8885
16 8885
-1
17 9217
16 8701
17 9275
17 9275
-1
18 8994
18 8994
17 8618
17 8958
-1
16 9099
14 8532
15 9228
-1
-1
17 8598
17 8598
-1
17 9186
18 9184
-1
-1
-1
-1
-1
-1
-1
-1
-1
20 9202
19 8582
-1
19 9094
-1
-1
-1
-1
-1
17 9136
19 9293
-1
-1
-1
-1
-1
-1
-1
16 9114
-1
18 9183
-1
18 8922
-1
-1
-1
-1
20 9211
-1
22 9293
22 9293
-1
19 9067
19 9067
-1
-1
19 9113
-1
21 9244
-1
-1
-1
-1
-1
19 8800
20 9284
20 9284
-1
-1
-1
-1
18 9184
-1
-1
-1
-1
-1
-1
19 8999
-1
18 8966
-1
19 9115
21 9251
21 9251
21 9251
-1
20 8888
-1
-1
17 9214
-1
-1
15 9183
-1
-1
16 8973
-1
19 9224
-1
16 8988
16 8923
16 8883
-1
-1
-1
-1
-1
-1
-1
21 9005
-1
-1
-1
20 8941
-1
-1
-1
-1
18 9077
-1
-1
-1
21 8685
-1
-1
-1
17 8796
18 8931
-1
16 8362
16 9303
16 9303
-1
15 9248
-1
-1
-1
-1
17 8832
17 8832
-1
19 9198
19 8783
-1
21 8742
21 8742
-1
-1
-1
-1
-1
-1
22 9197
-1
-1
-1
-1
-1
-1
15 8723
15 8723
18 9075
18 9252
18 8967
18 8934
-1
-1
-1
15 8640
-1
19 8638
21 9032
-1
21 9106
-1
-1
22 8959
22 8959
18 9053
-1
-1
-1
17 9178
-1
-1
-1
-1
-1
16 8962
16 8962
-1
-1
16 9197
16 9197
16 8732
-1
-1
-1
-1
-1
-1
18 8703
18 8703
18 9074
-1
-1
-1
19 9208
20 9162
-1
-1
18 8621
19 9152
-1
-1
-1
21 9137
21 9137
-1
18 9128
-1
17 9273
-1
13 8639
-1
-1
-1
-1
-1
16 8604
16 8604
-1
17 9184
17 9184
17 9068
17 9068
-1
-1
-1
-1
-1
17 8870
20 8720
-1
19 8905
19 8905
19 8784
-1
-1
-1
-1
16 8493
-1
-1
18 9278
19 9286
-1
-1
16 9111
-1
-1
-1
-1
-1
-1
-1
21 9304
-1
22 9178
23 9306
23 9306
21 9253
21 9253
-1
23 9188
-1
-1
-1
-1
-1
-1
-1
23 9216
23 9216
-1
-1
-1
-1
-1
17 9201
-1
19 9165
-1
-1
-1
-1
-1
19 8689
21 9149
22 9031
-1
-1
-1
-1
16 8925
16 8925
-1
18 8979
19 9108
-1
18 8700
-1
15 9057
15 9057
12 8970
13 8978
-1
-1
18 8985
-1
18 8565
-1
-1
20 9061
-1
21 9098
-1
-1
-1
-1
21 9198
-1
-1
-1
18 9095
-1
-1
17 8819
17 8819
17 9147
-1
17 9230
-1
-1
-1
17 8854
-1
-1
17 9093
16 9268
16 9268
-1
16 9201
-1
17 9117
16 9196
16 9196
17 8709
18 8836
20 8684
21 9188
22 9099
-1
-1
-1
21 8708
-1
20 8672
-1
-1
-1
-1
21 8749
-1
21 9283
-1
-1
-1
-1
-1
-1
21 9153
21 8541
-1
22 9253
21 9164
-1
-1
22 9234
-1
21 9192
-1
-1
-1
16 8711
-1
16 8711
16 8479
16 8479
-1
18 8969
-1
19 9126
-1
-1
-1
-1
21 9190
-1
18 9126
-1
-1
-1
17 8598
-1
-1
18 9237
-1
-1
20 9255
-1
20 9255
17 9274
-1
18 9138
18 9138
-1
18 8970
-1
-1
-1
-1
17 8581
17 8581
-1
-1
21 9245
21 9245
21 9245
-1
-1
21 9143
19 8906
20 9301
20 9275
-1
20 9275
-1
-1
15 9193
-1
-1
18 9166
18 9166
-1
-1
13 9021
16 9299
17 9189
-1
18 9221
15 8903
-1
-1
-1
13 8975
-1
15 8751
16 8537
-1
-1
16 8561
-1
-1
-1
18 9259
18 9259
18 8737
16 9084
-1
18 8821
-1
-1
21 9112
-1
-1
-1
20 8351
20 8351
24 9226
-1
-1
-1
-1
22 9262
22 9262
22 8902
-1
-1
19 9300
19 9300
-1
18 9125
-1
18 9169
-1
19 9306
18 8862
19 8821
18 9284
-1
16 8484
-1
19 9286
-1
16 9227
-1
-1
-1
-1
17 9052
-1
19 9204
19 9204
-1
-1
21 9232
18 9121
-1
-1
20 9020
20 9290
20 9290
-1
-1
20 8814
-1
14 8594
-1
-1
18 9308
18 8647
18 8647
19 9229
-1
18 8819
19 8986
-1
-1
19 9273
-1
-1
-1
-1
-1
18 8845
21 9161
-1
-1
-1
-1
15 8992
-1
17 8999
-1
-1
-1
19 9289
19 8764
19 8449
19 8449
-1
20 9215
-1
20 9286
20 8988
20 9144
-1
16 9173
17 9311
-1
-1
-1
20 9279
20 9279
-1
-1
-1
-1
-1
16 9163
-1
-1
-1
-1
-1
-1
-1
22 8912
-1
22 8967
-1
20 8794
20 8794
20 8794
-1
-1
-1
-1
21 8795
-1
20 8850
20 8850
-1
21 9190
20 9289
-1
20 8832
20 9126
19 8994
-1
21 9211
21 9211
21 9211
-1
22 9243
-1
20 9194
15 8714
-1
15 8591
15 8591
-1
16 8697
-1
-1
-1
18 9076
-1
16 9127
-1
15 9212
-1
15 9212
15 9212
-1
-1
13 9010
12 8797
-1
-1
16 8783
-1
-1
20 9192
-1
19 9054
-1
19 8865
-1
-1
16 9255
-1
14 8485
15 8747
15 9302
23 9285
23 9103
-1
-1
21 9312
21 9177
-1
22 9204
-1
16 8906
-1
-1
-1
-1
-1
-1
-1
18 9123
17 9162
-1
17 8885
16 9202
16 9068
16 9068
17 9080
16 9206
-1
18 8654
-1
-1
23 9278
-1
-1
21 8528
20 9179
20 9179
20 9179
-1
-1
-1
-1
-1
17 8813
17 8813
17 8813
17 9206
-1
-1
16 8718
16 8838
17 9062
-1
-1
19 9153
-1
19 8690
-1
-1
19 9115
-1
19 9137
-1
18 9053
-1
-1
18 9053
-1
-1
16 9220
16 9168
-1
20 8553
21 8625
21 8625
23 9000
21 8894
19 9129
15 9266
-1
-1
-1
-1
18 9280
17 9124
-1
16 9182
-1
-1
19 8871
-1
-1
-1
-1
-1
-1
19 9206
19 9206
-1
19 9054
-1
-1
-1
-1
20 8645
-1
-1
-1
17 9035
-1
-1
15 8387
-1
15 8387
16 8895
-1
17 9141
-1
19 8830
19 9220
-1
18 8534
18 8534
-1
19 9288
-1
18 9261
18 9261
-1
17 8741
18 8638
16 9290
-1
-1
-1
-1
-1
18 8747
-1
-1
-1
17 9198
-1
17 9129
-1
17 8919
-1
16 9041
16 8787
18 9070
-1
-1
-1
-1
21 9076
-1
-1
-1
-1
-1
-1
-1
-1
18 9285
17 8885
17 8800
-1
-1
-1
16 9203
15 9205
-1
-1
14 8402
-1
-1
-1
-1
15 9060
-1
-1
15 9202
16 9064
16 8563
-1
17 9118
-1
18 9167
18 9167
-1
17 9042
-1
16 8957
16 8957
-1
-1
-1
-1
17 8685
-1
18 9164
-1
-1
-1
-1
-1
-1
18 9200
-1
-1
-1
-1
-1
19 9247
-1
-1
-1
-1
19 9206
19 9206
-1
-1
-1
-1
12 8921
11 8443
-1
-1
13 9233
-1
20 9281
20 9099
-1
-1
23 9203
23 8914
23 8914
18 9301
-1
-1
-1
17 8866
-1
18 8922
-1
-1
-1
21 9288
20 9065
19 9270
-1
17 8608
-1
15 9132
-1
14 8600
16 9056
16 8509
-1
20 9057
21 9298
19 8990
18 8364
-1
-1
-1
24 9114
-1
19 9003
19 9003
17 8990
-1
17 9306
-1
-1
-1
19 8632
19 8632
-1
25 9084
25 9084
-1
-1
-1
-1
-1
-1
-1
-1
-1
-1
22 8903
23 9176
23 8847
23 9279
-1
22 9042
-1
-1
-1
-1
-1
16 9074
17 9270
17 9297
16 8529
-1
-1
-1
18 8736
-1
21 9312
19 9056
19 9060
-1
-1
-1
14 8479
-1
16 9146
-1
-1
-1
-1
-1
19 9207
19 9207
17 8799
18 9217
-1
-1
-1
-1
19 9077
19 9077
-1
-1
-1
22 9075
-1
-1
-1
-1
-1
20 9112
-1
-1
-1
-1
-1
-1
-1
-1
-1
16 9016
-1
16 9016
16 9016
-1
-1
19 9136
21 8894
20 8878
21 9296
-1
-1
-1
15 8918
-1
-1
-1
16 9024
16 9024
16 9155
-1
17 9223
-1
16 9191
16 8971
-1
16 8428
-1
-1
-1
17 8844
-1
17 8844
15 8979
15 8979
12 9183
-1
12 9146
-1
-1
17 9088
-1
-1
18 9151
-1
17 8854
-1
-1
18 8628
-1
-1
18 8964
19 9192
-1
18 9269
-1
19 9094
19 9069
-1
18 9103
18 9103
-1
-1
15 9256
-1
17 8788
-1
-1
-1
18 8833
-1
-1
29 9261
-1
24 8693
-1
25 9294
22 9187
-1
-1
-1
23 8934
-1
23 9030
25 9042
-1
-1
25 9042
26 9153
24 9132
22 9016
-1
-1
-1
19 9130
-1
16 9024
-1
14 8938
14 8938
-1
16 9167
-1
-1
14 8745
-1
15 8765
15 8765
-1
-1
-1
-1
17 9229
-1
-1
15 8866
-1
15 8866
-1
-1
17 8957
-1
-1
18 9207
-1
-1
-1
21 9294
-1
-1
-1
20 8724
-1
-1
-1
-1
-1
17 9112
-1
-1
-1
-1
-1
-1
-1
-1
-1
-1
-1
20 9223
20 9223
20 9223
18 9263
-1
15 9102
-1
16 8649
15 8826
15 8579
15 8579
-1
-1
-1
18 9104
20 8568
21 9105
-1
-1
-1
23 9208
23 9208
-1
-1
20 9254
16 9076
-1
-1
-1
14 8763
14 8763
-1
13 8889
-1
-1
19 9148
-1
20 9273
-1
20 9205
19 9159
-1
-1
17 9002
-1
-1
17 9230
17 8644
-1
-1
-1
-1
14 8522
-1
-1
18 8848
-1
19 9147
19 9147
-1
-1
-1
-1
22 9272
22 9272
-1
-1
20 8720
19 9182
-1
19 9182
19 9182
-1
19 9281
19 9281
14 8762
-1
15 8514
-1
-1
18 9056
18 8515
-1
19 8980
-1
-1
18 8875
19 9172
20 9013
-1
20 9111
21 9138
-1
-1
-1
-1
-1
20 9276
20 9276
20 9276
21 9310
-1
21 8457
21 8941
20 9266
20 9119
17 9206
-1
-1
-1
16 8853
17 8703
-1
17 8555
-1
17 8725
18 8916
17 8986
17 8986
-1
-1
-1
-1
15 9222
-1
-1
-1
17 9219
17 8326
19 9299
19 9299
19 9299
-1
-1
-1
-1
-1
19 9099
19 9099
19 8831
20 8979
-1
22 9082
-1
-1
20 8941
-1
-1
20 9274
17 9281
15 9094
15 9177
15 9177
18 9275
18 9215
-1
18 8860
-1
19 9177
-1
-1
-1
22 8823
22 8823
-1
-1
-1
-1
22 9307
20 9307
20 9307
-1
-1
-1
-1
-1
-1
19 8921
19 8409
18 8820
18 8820
-1
-1
-1
-1
-1
-1
19 9117
19 8973
19 8973
-1
21 9257
-1
-1
-1
20 9233
21 8901
21 8901
24 8809
-1
21 9040
-1
21 9040
-1
-1
-1
-1
-1
18 9111
18 9111
-1
19 8997
-1
-1
18 9139
18 9096
17 8985
-1
-1
16 9301
-1
17 8492
17 8492
-1
-1
19 8775
-1
21 9268
21 9268
-1
-1
22 8969
-1
21 9060
19 9244
19 9244
-1
-1
-1
-1
-1
20 9036
-1
-1
-1
-1
-1
17 8772
17 9307
17 9140
-1
-1
-1
15 8953
-1
16 9284
17 9211
17 9211
17 9261
-1
17 8982
-1
-1
-1
-1
-1
-1
-1
-1
17 9137
-1
16 9173
-1
-1
-1
-1
19 8977
-1
19 8946
-1
-1
-1
-1
-1
18 8937
18 8466
-1
-1
21 9211
21 9123
20 9294
20 9294
-1
16 9304
16 9304
16 9304
-1
16 8392
17 8450
17 8450
-1
-1
-1
19 9301
19 9201
-1
-1
-1
-1
17 9007
17 9007
-1
17 9175
17 8550
18 8994
20 8825
-1
19 8931
-1
22 9105
-1
-1
20 9145
19 9291
-1
19 9309
-1
-1
19 8544
-1
17 9100
-1
-1
19 9293
19 8633
-1
23 9145
23 8729
25 9169
-1
-1
18 9248
18 9235
16 8853
-1
13 9306
13 9247
-1
-1
-1
-1
-1
-1
16 9180
16 9180
16 8917
-1
17 9092
-1
-1
-1
19 8618
-1
-1
-1
20 9303
20 9019
-1
-1
18 8731
19 9286
19 9286
-1
-1
-1
-1
16 8811
16 8811
16 8811
-1
-1
16 9099
-1
14 9064
14 9142
14 8577
14 8577
-1
19 9168
19 9168
-1
17 9306
17 9306
-1
-1
14 9208
-1
-1
-1
-1
-1
-1
15 8995
-1
-1
-1
-1
-1
-1
-1
-1
19 8789
-1
-1
21 9114
23 9177
-1
-1
-1
-1
-1
16 8545
16 8693
17 8939
-1
-1
-1
-1
15 8430
16 8450
-1
-1
15 8903
-1
-1
16 9218
-1
-1
17 8993
-1
19 9020
18 9036
-1
-1
-1
-1
-1
16 9299
-1
16 9299
-1
16 8715
-1
-1
-1
-1
-1
21 8764
21 8764
22 9227
-1
-1
18 8645
-1
-1
-1
17 9004
-1
-1
-1
-1
19 9160
19 8772
-1
-1
20 9221
-1
-1
21 8792
-1
-1
20 9186
-1
-1
-1
-1
-1
21 9042
-1
-1
-1
-1
24 9170
21 8810
-1
-1
-1
19 9236
-1
-1
-1
20 9184
-1
-1
-1
-1
-1
16 9285
-1
16 9237
-1
-1
16 9063
-1
-1
-1
-1
-1
15 8720
15 8720
-1
16 8786
16 8786
-1
18 8432
18 8432
21 9177
19 9188
-1
18 8968
-1
-1
-1
-1
16 9259
16 9241
-1
-1
17 8737
15 8951
-1
-1
17 9204
-1
19 9124
-1
20 9305
21 8922
21 8905
21 8642
22 9238
21 8966
20 9180
-1
-1
-1
-1
-1
16 9130
-1
17 9267
-1
-1
-1
18 9085
-1
-1
-1
20 8888
-1
-1
-1
-1
-1
16 9120
17 9206
-1
19 9163
-1
-1
17 9139
17 9061
-1
16 8907
17 9275
-1
-1
-1
17 8731
17 8731
-1
18 8477
-1
-1
18 8821
-1
-1
16 8851
-1
-1
-1
-1
-1
-1
-1
15 8860
15 8860
15 8860
-1
-1
18 8893
-1
-1
-1
-1
-1
17 9208
-1
-1
-1
-1
-1
18 9252
-1
-1
19 9299
-1
20 8505
23 8827
23 9158
21 8902
20 9065
-1
17 9177
-1
-1
-1
-1
15 9020
15 9020
-1
15 8902
-1
-1
-1
-1
-1
16 9245
-1
-1
17 9003
15 9043
-1
-1
14 8901
14 8901
-1
14 8758
-1
15 9039
15 9039
-1
-1
-1
-1
21 9009
-1
21 9137
-1
20 9009
21 9300
-1
-1
21 9300
-1
-1
-1
-1
-1
19 8363
-1
-1
-1
17 8984
-1
-1
16 9296
16 8772
15 9178
-1
14 8535
16 9071
16 8622
-1
18 8833
19 9287
-1
-1
19 9161
20 9187
20 8820
-1
19 9155
19 9233
-1
-1
-1
17 9139
-1
17 9139
17 9213
-1
15 8865
17 9228
-1
-1
14 8736
18 8970
-1
18 8853
-1
-1
-1
-1
-1
18 9283
15 9082
-1
14 8365
15 9221
15 9049
16 9001
-1
17 8698
-1
16 8730
15 8759
15 9017
16 9190
-1
18 9278
-1
-1
-1
-1
-1
16 8840
-1
-1
16 9109
16 9109
15 8572
-1
-1
16 8642
19 9169
-1
19 8544
-1
-1
-1
20 9168
-1
19 9238
-1
-1
14 8963
-1
-1
16 8606
-1
16 9311
14 8817
15 9154
-1
16 9172
16 9172
-1
-1
15 9169
-1
15 8982
-1
-1
16 8644
-1
-1
18 9138
-1
18 8590
-1
-1
18 8948
16 9257
-1
17 9301
-1
16 9151
13 8903
-1
13 8903
-1
-1
-1
-1
14 9274
13 8840
13 8840
13 8677
15 8738
-1
-1
19 9220
-1
19 8441
20 8930
20 8940
-1
20 8844
-1
-1
-1
18 8599
-1
18 8997
-1
-1
-1
-1
19 8587
-1
21 8985
-1
17 9237
-1
16 8899
19 9129
-1
-1
-1
17 9145
17 9145
17 9145
-1
-1
17 9145
17 8930
16 9075
-1
15 9310
-1
-1
-1
-1
18 8762
-1
19 9180
-1
-1
-1
15 9145
-1
-1
-1
15 8657
16 8748
-1
-1
-1
16 9291
-1
16 8474
-1
-1
-1
19 9239
-1
-1
-1
-1
-1
19 9289
21 9248
-1
-1
-1
-1
-1
-1
20 9164
-1
-1
-1
13 9082
12 8528
12 8698
-1
-1
16 9293
16 9021
-1
18 9038
17 8971
16 8927
16 9032
16 9194
-1
17 9127
-1
17 9106
17 9228
-1
-1
16 9158
-1
17 9163
17 9163
-1
18 9049
-1
22 8923
19 8812
19 8812
-1
19 8812
-1
-1
-1
-1
-1
-1
18 8880
-1
18 9043
-1
-1
-1
-1
15 8891
-1
15 8891
15 8891
15 9104
-1
-1
-1
14 8711
-1
14 8792
-1
-1
17 8760
17 9288
16 8635
-1
15 8977
16 8589
16 8601
-1
17 9232
-1
-1
-1
-1
17 8589
17 8589
17 9142
18 9015
17 8926
19 9086
-1
-1
20 9061
-1
-1
19 9087
-1
14 8759
-1
-1
-1
-1
15 9063
-1
-1
-1
17 9023
-1
17 9051
-1
18 9024
18 8830
-1
18 9083
-1
-1
-1
15 9170
16 9252
-1
17 8821
-1
-1
16 8952
16 8775
-1
14 8770
15 9087
19 9246
-1
-1
-1
20 9246
-1
18 8763
-1
21 9207
15 8949
15 9156
16 9261
-1
-1
-1
17 9302
18 9209
-1
18 9209
-1
-1
-1
21 9161
-1
21 8975
18 8533
19 9272
-1
20 9147
17 9263
-1
-1
-1
-1
-1
15 9043
-1
15 9043
-1
16 8971
-1
17 9263
-1
-1
17 9263
18 9042
17 8884
-1
-1
-1
-1
-1
20 9287
20 8990
-1
-1
-1
20 9295
20 9145
20 9145
-1
17 8899
18 8574
18 8979
-1
17 8705
-1
17 8598
-1
19 9135
-1
-1
20 8960
19 9306
-1
-1
-1
20 9221
-1
-1
20 8675
20 9264
20 9021
-1
-1
-1
17 8805
-1
17 8805
18 8820
-1
19 9138
-1
-1
19 9094
18 8746
18 8746
-1
-1
16 8421
19 9306
-1
-1
-1
-1
17 9285
-1
-1
19 9285
17 8481
18 8894
18 9238
-1
-1
-1
20 9127
-1
-1
-1
-1
19 8969
-1
-1
21 9257
-1
22 9230
-1
-1
-1
15 8864
15 8864
-1
16 8905
16 8493
17 9149
-1
-1
-1
17 9191
-1
-1
-1
15 9066
15 9066
-1
-1
-1
-1
-1
17 8543
20 9277
-1
21 9230
-1
14 9294
-1
-1
-1
14 8903
-1
15 9178
-1
-1
20 9292
-1
-1
22 9065
-1
-1
-1
-1
-1
-1
-1
18 8925
18 8658
-1
-1
18 8851
18 8851
19 9294
-1
17 8729
-1
-1
-1
15 8968
-1
-1
-1
-1
21 9231
-1
-1
21 9270
-1
21 9270
-1
20 8661
-1
21 9205
21 9205
20 9105
20 9105
-1
17 8506
20 9177
20 9177
20 9177
-1
21 9254
-1
-1
17 9059
-1
-1
-1
17 9297
-1
17 9136
-1
-1
-1
-1
-1
19 9302
-1
-1
18 9202
17 8727
-1
-1
-1
-1
-1
-1
18 9273
19 9125
-1
-1
-1
-1
-1
-1
-1
-1
-1
22 9067
23 9268
23 8901
-1
-1
20 8979
-1
-1
-1
21 9098
-1
-1
-1
-1
-1
21 8819
21 8819
22 9192
-1
21 8961
-1
-1
22 9258
22 9258
-1
22 9127
22 9127
-1
17 9085
15 8731
-1
-1
-1
-1
18 8971
17 8563
-1
-1
-1
-1
16 8860
-1
-1
-1
-1
22 8839
-1
-1
-1
16 9214
-1
15 9303
15 9303
15 9303
-1
-1
-1
-1
-1
-1
-1
19 8504
-1
-1
-1
18 8980
-1
-1
20 9294
-1
-1
19 9106
-1
-1
19 8909
-1
17 9076
-1
15 9130
17 9176
-1
-1
-1
-1
-1
-1
-1
-1
15 8446
15 8446
15 8952
-1
-1
15 8735
-1
-1
15 8881
20 9174
-1
18 8652
19 9160
-1
18 9082
18 9312
-1
-1
17 8985
16 9060
-1
17 8674
17 8761
18 9293
17 9281
-1
-1
-1
-1
-1
-1
16 8801
-1
-1
20 9271
20 9229
-1
19 9012
18 8957
18 8957
-1
-1
-1
15 8495
-1
-1
-1
20 9251
-1
20 9124
18 8978
16 9237
15 9165
16 9158
-1
16 9307
-1
20 8698
-1
-1
21 9044
22 9305
22 9305
-1
22 9223
19 9300
17 9188
16 8731
-1
15 8529
15 9050
-1
-1
-1
-1
-1
16 8497
16 8497
-1
-1
-1
16 8975
-1
-1
17 8708
17 8708
-1
-1
18 8842
-1
-1
-1
-1
20 9219
-1
-1
-1
-1
22 9208
22 9208
22 9208
-1
-1
20 8738
18 8899
19 9219
-1
-1
17 9063
-1
17 8480
-1
18 9144
16 9230
16 8742
17 9148
17 9148
-1
-1
16 8880
16 8880
19 9204
19 9204
-1
-1
-1
-1
18 8725
-1
18 8725
-1
15 8756
-1
-1
-1
-1
18 9061
-1
-1
20 9011
21 9077
21 9077
-1
-1
22 9157
-1
-1
-1
21 9131
19 8796
-1
19 8796
-1
16 9015
-1
16 9069
17 9210
-1
17 9173
-1
-1
-1
18 9275
-1
19 8839
19 8839
-1
-1
-1
19 9083
-1
-1
-1
-1
16 9024
-1
15 8648
-1
17 9311
17 9311
-1
21 9306
-1
-1
18 9185
-1
18 8890
19 9112
18 8615
-1
-1
-1
16 9192
-1
-1
-1
-1
16 8739
16 8739
19 9257
19 9257
-1
-1
-1
-1
-1
-1
-1
-1
-1
-1
-1
18 9116
-1
16 8962
-1
-1
-1
-1
19 9204
20 9300
-1
-1
-1
-1
-1
22 9250
-1
19 8991
-1
19 9113
-1
18 9004
-1
20 9001
21 8636
-1
-1
20 9249
-1
-1
-1
17 9029
-1
19 9313
-1
-1
-1
16 8818
16 8818
-1
18 9203
18 8915
-1
-1
17 8571
-1
18 9020
-1
18 9126
17 8617
-1
-1
-1
19 9201
-1
18 9193
18 9264
-1
-1
-1
-1
22 8997
-1
21 8845
-1
-1
20 9092
-1
20 9137
20 9204
20 8582
-1
-1
-1
-1
-1
20 8925
-1
-1
18 9275
-1
-1
-1
-1
19 9276
-1
16 8623
-1
16 9289
15 8919
-1
-1
-1
16 9145
-1
20 9178
21 9242
-1
-1
21 9248
-1
-1
-1
-1
20 9066
21 9196
-1
23 9275
22 8864
-1
13 9095
-1
-1
16 8967
-1
-1
-1
-1
20 8943
-1
-1
17 9273
-1
-1
-1
17 9290
-1
17 9020
-1
17 9141
17 9141
-1
-1
-1
15 8514
-1
17 8975
-1
18 8993
-1
-1
-1
-1
-1
-1
17 8641
-1
19 9248
19 8586
19 9198
24 9186
24 9186
-1
-1
-1
-1
18 8843
18 8518
18 8902
16 9309
17 9314
16 8619
16 8619
17 9092
-1
-1
-1
-1
20 8912
-1
-1
21 8787
21 8890
21 8615
-1
-1
23 9267
-1
-1
18 9308
17 8824
-1
17 8824
-1
14 9187
-1
-1
-1
-1
-1
-1
-1
17 8488
19 9064
-1
20 9294
-1
-1
18 9042
-1
20 9116
21 9219
-1
22 8932
22 9278
22 9278
-1
-1
-1
-1
-1
-1
-1
14 9098
-1
-1
12 8672
-1
-1
12 8758
-1
14 8683
-1
15 9179
15 9179
-1
16 9123
18 8630
18 8630
-1
-1
20 9275
20 9275
-1
23 9229
21 9288
21 9288
-1
21 8751
-1
18 9118
17 8860
16 8766
-1
-1
15 8625
-1
16 8879
-1
-1
-1
-1
-1
-1
21 8703
-1
-1
19 8961
-1
16 9253
16 9036
-1
-1
15 8775
-1
-1
15 8474
16 8696
-1
17 8924
18 9269
17 8684
-1
-1
-1
21 9266
21 9266
21 8831
-1
21 9176
-1
-1
-1
-1
19 8694
-1
-1
-1
16 8729
-1
17 8795
-1
18 9307
-1
18 8885
-1
-1
15 9252
15 9156
-1
-1
19 9261
-1
-1
17 9273
-1
16 8901
18 9113
-1
19 9225
19 9225
18 9140
-1
20 8916
-1
-1
-1
21 9232
-1
-1
-1
20 8928
-1
20 9286
-1
-1
20 8548
23 9075
24 8848
21 9269
-1
-1
-1
-1
17 9012
-1
16 9165
16 9263
-1
14 9114
15 9282
14 8922
-1
16 8539
-1
18 9093
-1
-1
18 9121
16 9046
16 9046
-1
-1
18 9302
18 9302
-1
-1
17 9088
-1
16 8597
-1
-1
-1
-1
-1
15 8894
-1
-1
-1
-1
-1
-1
18 9105
-1
-1
-1
18 8923
-1
-1
-1
-1
20 9163
-1
-1
-1
16 8958
16 8934
-1
-1
-1
-1
-1
15 9177
14 8657
-1
-1
-1
-1
14 9069
15 9240
15 9240
-1
21 9301
22 8551
22 8551
22 8551
23 8610
-1
25 8948
-1
-1
25 8954
-1
22 9016
22 9016
20 8677
-1
17 8957
17 8957
-1
16 8996
-1
-1
14 9238
15 9190
-1
16 9155
-1
16 9145
-1
16 9145
-1
18 9025
-1
18 9211
-1
-1
-1
-1
-1
17 8822
-1
-1
18 9029
18 9296
17 8842
18 8773
18 8773
-1
-1
20 8743
-1
-1
20 9127
-1
-1
-1
-1
-1
-1
-1
-1
19 9249
-1
-1
19 8944
19 9193
17 8963
-1
18 9223
-1
-1
-1
-1
-1
20 8846
20 9293
-1
21 9230
20 8920
20 8920
22 9296
-1
19 9175
-1
-1
18 8713
-1
19 9030
19 9030
23 9311
23 9311
-1
-1
-1
-1
22 8479
-1
-1
23 9284
23 8640
-1
-1
-1
16 9266
-1
-1
15 9278
14 8720
-1
17 8720
16 8948
-1
-1
22 8999
-1
20 8998
-1
20 8817
20 9020
-1
19 9085
16 8637
16 8637
-1
-1
-1
-1
-1
-1
-1
16 9042
-1
16 8685
16 9247
-1
-1
17 9096
18 8712
-1
18 9264
18 9236
-1
-1
-1
17 8901
-1
-1
16 9269
16 9043
16 9043
-1
15 8795
-1
-1
-1
14 8796
15 8979
15 8979
16 9130
14 8423
-1
-1
-1
-1
-1
-1
-1
15 8567
15 9062
15 8550
-1
-1
-1
-1
-1
17 8853
-1
17 9018
17 8419
-1
19 8978
20 9036
-1
-1
21 9265
21 9265
-1
-1
-1
20 9123
-1
-1
19 8802
20 9099
-1
20 9099
-1
20 9099
20 9054
20 9054
21 9286
-1
-1
-1
-1
-1
-1
-1
-1
18 9305
20 8927
-1
16 9015
17 9164
-1
-1
17 9137
-1
-1
-1
24 9197
24 9197
23 9271
23 9271
-1
21 9271
21 9224
21 9141
-1
-1
-1
17 8685
18 9278
-1
17 9086
-1
-1
20 9305
-1
-1
20 9242
-1
20 8480
-1
-1
-1
-1
-1
-1
-1
19 9225
19 9225
22 8889
21 8819
-1
-1
22 9073
-1
-1
-1
20 9137
20 9137
22 9304
-1
22 9096
-1
-1
19 9219
18 9079
-1
-1
-1
-1
-1
-1
-1
19 8759
-1
-1
20 9016
-1
-1
-1
20 9217
19 9097
-1
-1
-1
-1
21 9185
-1
-1
-1
22 9206
20 9288
-1
18 8848
-1
-1
-1
-1
-1
-1
14 9126
-1
-1
15 8988
-1
17 8555
-1
-1
-1
-1
-1
20 8568
19 8451
17 8712
-1
-1
-1
16 9211
18 9290
-1
-1
-1
-1
18 9031
18 8728
20 8564
-1
-1
-1
-1
-1
-1
-1
19 9045
18 8595
16 8803
15 9069
14 9170
-1
-1
-1
-1
13 9015
-1
-1
-1
-1
-1
16 8923
-1
15 8652
-1
-1
16 8702
-1
-1
15 9176
-1
-1
15 8790
-1
-1
16 8896
-1
16 9207
-1
-1
-1
-1
-1
18 9086
-1
-1
17 9213
-1
-1
17 9213
-1
-1
19 9306
19 9306
-1
19 9226
-1
20 8765
21 9145
-1
21 9062
20 9302
-1
-1
-1
-1
-1
21 9290
-1
-1
17 8791
16 8556
16 8556
17 9125
-1
16 9056
-1
16 9116
15 8709
-1
-1
14 9271
-1
13 8430
14 8935
-1
15 8989
15 8989
16 9270
16 8955
-1
-1
17 9048
-1
-1
19 9014
19 9014
-1
20 9298
-1
-1
16 8962
-1
-1
19 9064
-1
-1
-1
17 8899
17 9250
-1
17 9250
17 9250
-1
-1
-1
-1
17 9279
-1
-1
17 9062
-1
18 9308
18 9269
-1
18 9242
17 8846
-1
-1
-1
16 8842
-1
18 9241
-1
-1
-1
-1
-1
-1
-1
-1
-1
-1
14 9024
-1
-1
-1
-1
15 9015
-1
16 8855
-1
-1
21 9237
19 9258
-1
-1
19 8899
17 9246
-1
-1
17 8932
-1
17 8932
16 8872
16 8872
-1
-1
17 8727
16 8381
16 8526
18 9145
-1
-1
-1
-1
-1
-1
-1
18 9030
18 8903
-1
-1
16 8925
-1
-1
-1
15 8858
-1
-1
16 9163
18 9019
17 8380
19 9007
-1
-1
18 9117
-1
16 8872
-1
17 8830
17 9122
17 9122
-1
-1
-1
-1
-1
-1
19 9280
-1
-1
-1
-1
22 9168
-1
-1
16 8639
-1
-1
-1
-1
15 8842
-1
-1
-1
18 9290
16 9137
16 9137
19 8940
20 9135
20 9135
24 9234
23 9138
-1
-1
-1
-1
-1
23 9081
-1
-1
-1
19 8826
-1
-1
-1
-1
-1
-1
13 9011
-1
14 9155
-1
-1
14 9101
18 9245
-1
-1
-1
-1
14 8709
-1
-1
17 8843
-1
-1
19 9216
-1
20 8955
-1
16 8542
-1
-1
19 9246
-1
20 9236
-1
21 8950
-1
21 8950
20 8906
19 9017
15 8775
-1
17 9152
-1
17 8558
-1
-1
-1
-1
19 9108
