4 4830
7 6191
-1
-1
9 8003
-1
12 9854
-1
-1
-1
-1
19 11607
-1
-1
-1
30 11442
-1
24 11699
-1
22 11165
23 11628
-1
-1
-1
-1
-1
-1
-1
-1
-1
21 11708
21 11755
-1
22 11566
-1
22 11774
22 11603
22 11603
-1
-1
-1
23 11564
-1
-1
-1
-1
23 11514
-1
-1
-1
-1
22 11611
-1
-1
22 11725
-1
-1
21 11581
21 11581
21 11581
20 11021
-1
-1
23 11257
-1
-1
22 11227
-1
23 11628
21 11304
-1
25 11639
-1
26 11691
25 11544
-1
-1
23 11215
21 11013
21 10998
-1
21 11673
-1
-1
21 11275
-1
22 11667
22 11667
-1
-1
-1
-1
22 11139
24 11757
-1
22 11435
-1
-1
24 11701
-1
-1
28 11478
-1
-1
-1
-1
20 11392
19 11651
-1
-1
20 11606
-1
20 11606
-1
23 11465
25 11768
25 11768
-1
-1
-1
-1
28 11076
-1
-1
29 11005
-1
-1
28 11677
-1
-1
30 11682
30 11682
-1
-1
29 11367
-1
27 11268
27 11268
26 11594
26 11682
23 11380
21 11449
21 11591
21 11504
-1
-1
24 11557
24 11710
-1
25 11699
-1
-1
-1
-1
-1
22 11580
22 11580
-1
20 11754
-1
19 11365
18 11205
21 11348
23 11274
-1
-1
24 11423
24 11423
26 11596
26 11581
24 11579
24 11665
-1
-1
25 11736
-1
-1
25 11317
26 11606
25 11557
23 11588
22 11639
-1
-1
-1
-1
-1
20 11520
-1
-1
24 11266
-1
25 11469
-1
26 11669
-1
-1
-1
24 11483
-1
-1
-1
21 11545
-1
-1
-1
22 11616
-1
21 11635
-1
22 11507
-1
-1
23 11696
-1
21 11082
20 11354
-1
20 11354
-1
-1
-1
18 11269
17 11209
-1
17 11209
-1
-1
17 11384
17 11057
19 11523
-1
-1
-1
-1
-1
-1
22 11750
-1
-1
-1
-1
-1
-1
23 11698
-1
21 11187
22 11505
24 11669
24 11464
27 11434
26 10961
-1
-1
23 11500
23 11500
-1
-1
-1
20 11249
-1
-1
22 11771
-1
-1
21 11618
21 11618
-1
-1
25 11508
21 11579
26 11672
22 11705
22 11342
-1
23 11725
-1
-1
23 11323
23 11323
23 11323
-1
19 11578
-1
20 11545
-1
-1
25 11484
26 11733
-1
-1
-1
-1
-1
20 11732
21 11762
-1
-1
22 11663
20 10915
-1
23 11737
-1
-1
23 11614
-1
-1
-1
22 11562
21 11400
-1
-1
-1
21 11351
-1
22 11570
-1
-1
-1
-1
-1
-1
-1
24 11432
-1
24 11674
-1
24 10844
-1
-1
-1
-1
23 11208
23 11767
-1
20 11162
-1
19 11635
22 11706
-1
-1
21 11359
21 11269
23 11774
-1
-1
-1
-1
24 11656
-1
25 11734
23 11257
-1
-1
-1
-1
-1
-1
-1
22 11743
24 11364
24 11364
24 11272
-1
26 11126
-1
-1
-1
26 11743
-1
27 11516
27 11516
28 11739
24 11546
25 11543
-1
-1
-1
-1
28 11614
-1
27 11631
28 11352
-1
-1
-1
-1
27 11368
-1
-1
27 11221
-1
-1
-1
-1
-1
-1
-1
-1
-1
-1
28 11567
-1
-1
-1
-1
-1
-1
-1
-1
-1
29 11754
25 11052
25 11052
-1
-1
-1
31 11538
30 11261
-1
30 11487
-1
-1
-1
28 11715
27 11665
21 11759
-1
-1
-1
17 11211
-1
21 11672
23 11152
24 11596
-1
26 11205
-1
23 11497
-1
23 11637
-1
22 11444
-1
-1
-1
21 11545
-1
22 11465
21 11710
21 11710
21 10976
-1
23 11447
-1
23 11644
-1
-1
-1
-1
-1
20 11773
19 11485
-1
-1
-1
-1
-1
-1
-1
-1
-1
26 11462
26 11462
-1
23 11698
-1
-1
24 11737
-1
-1
-1
-1
-1
-1
26 11435
-1
-1
28 11697
28 11697
-1
25 11775
25 11214
26 11295
27 11609
-1
-1
-1
-1
20 11228
20 11165
20 11165
20 11165
-1
-1
-1
-1
-1
-1
-1
-1
20 11312
-1
19 11135
-1
-1
-1
22 11515
25 11320
-1
-1
-1
-1
-1
21 11256
22 11689
-1
20 11392
-1
21 11655
-1
-1
-1
-1
-1
21 11453
22 11051
-1
-1
-1
23 11281
24 11727
-1
21 11749
-1
-1
22 11238
-1
-1
-1
-1
25 11470
25 11733
-1
-1
-1
-1
21 11775
-1
21 11719
-1
-1
-1
-1
29 11441
29 11441
28 11412
28 11412
-1
-1
29 11757
-1
27 11478
-1
-1
-1
29 11710
-1
27 11458
-1
26 11243
26 11632
-1
-1
25 11087
-1
-1
-1
-1
26 11219
-1
-1
-1
-1
-1
21 11621
-1
-1
-1
-1
-1
20 11743
-1
-1
24 11623
-1
-1
23 11628
-1
24 11628
24 11628
-1
25 11650
22 11673
-1
-1
-1
-1
-1
24 10939
25 11724
23 11659
-1
25 11719
-1
-1
24 11732
-1
24 11550
24 11131
-1
-1
24 11134
-1
26 11639
-1
26 11483
-1
-1
26 11625
-1
-1
-1
-1
-1
-1
23 11617
-1
24 11425
21 11222
-1
21 11369
22 11688
22 11606
-1
22 11122
20 11427
-1
20 11568
-1
19 11212
-1
-1
19 11005
-1
-1
18 11368
18 11428
-1
-1
16 11069
18 11739
-1
-1
-1
-1
-1
-1
-1
19 11709
-1
-1
-1
-1
-1
-1
24 11700
26 11458
-1
-1
20 11549
-1
-1
-1
-1
22 11716
22 11716
22 11729
22 11729
-1
21 11428
19 10971
20 11598
19 11752
-1
18 10962
-1
23 11692
-1
23 11410
23 11489
24 11731
22 11006
-1
21 11580
-1
21 11368
22 11736
-1
22 11776
23 10969
-1
-1
-1
-1
-1
22 11004
21 11645
-1
23 11683
-1
23 11705
-1
-1
21 11543
-1
21 11711
21 11711
-1
19 11547
-1
-1
-1
21 11267
-1
-1
24 11215
-1
-1
23 11370
23 11658
-1
23 11616
-1
-1
-1
23 11460
22 11229
-1
24 11715
25 11605
26 11773
26 11773
-1
26 11773
26 11424
-1
27 11276
24 11303
25 11126
25 11126
24 10966
25 11644
-1
-1
26 11762
-1
-1
-1
24 11542
25 11743
-1
-1
-1
-1
-1
-1
-1
23 11514
-1
20 11751
-1
-1
-1
20 11362
21 10992
-1
-1
-1
-1
23 11753
-1
-1
23 11319
25 11730
-1
24 11178
25 11513
-1
26 11157
-1
-1
-1
19 11414
19 11414
-1
-1
22 11173
-1
-1
22 11566
22 11711
22 11711
22 11693
-1
22 11684
22 11684
21 11275
-1
-1
-1
23 11761
23 11372
25 11643
-1
25 11711
-1
25 11284
26 11322
-1
20 10827
20 10827
21 11471
21 11663
-1
-1
-1
-1
-1
27 11176
27 11176
-1
-1
30 11655
32 11632
26 11429
26 11429
-1
-1
-1
22 11546
-1
-1
-1
21 10938
-1
-1
-1
22 11149
23 11676
-1
-1
-1
-1
22 11521
-1
22 11736
21 11056
-1
-1
20 11702
-1
-1
23 11701
-1
-1
-1
25 11599
25 11599
25 11543
-1
-1
-1
26 11279
26 11279
-1
-1
-1
-1
-1
-1
-1
-1
21 11268
20 11324
-1
-1
-1
-1
21 10871
23 11677
-1
-1
22 11194
-1
-1
-1
24 11719
22 11650
-1
-1
-1
-1
-1
17 11775
17 10976
-1
17 10885
17 11158
-1
-1
-1
-1
21 11530
-1
-1
-1
-1
-1
23 11662
25 11627
-1
-1
24 11590
-1
23 11478
21 11248
22 11637
22 11574
22 11755
-1
-1
18 11625
-1
-1
-1
-1
20 11745
-1
-1
-1
21 11315
-1
-1
-1
21 11613
-1
-1
-1
-1
-1
23 11639
-1
23 11639
23 11714
-1
22 11675
23 11311
23 11564
-1
26 11555
-1
-1
25 11745
-1
-1
-1
-1
-1
25 11346
-1
-1
25 10953
26 11590
-1
25 11278
23 11650
-1
20 11688
-1
-1
-1
-1
22 11607
-1
-1
-1
-1
26 11754
-1
26 11616
-1
-1
27 11482
-1
27 11509
-1
-1
-1
26 11548
26 11548
-1
-1
-1
-1
19 11704
19 11163
19 11163
-1
-1
-1
-1
-1
-1
-1
-1
-1
-1
22 11675
-1
22 11675
22 11076
20 11054
-1
25 11771
-1
-1
24 11462
25 11716
25 11716
23 11735
-1
-1
-1
21 11703
-1
-1
-1
-1
-1
22 11663
22 11663
23 11619
-1
22 11264
-1
-1
27 11243
30 11420
-1
33 11700
-1
-1
-1
23 11682
24 11396
-1
-1
-1
-1
23 11706
-1
23 11706
23 11706
-1
-1
24 11666
23 11098
-1
-1
-1
-1
-1
27 11728
-1
-1
25 11684
-1
-1
-1
23 11657
21 11196
22 11358
19 11587
-1
-1
19 11437
-1
-1
-1
-1
-1
23 11413
23 11413
24 11616
-1
23 11607
-1
24 11513
27 11488
-1
24 11719
-1
24 11187
-1
-1
27 11667
-1
-1
-1
-1
-1
-1
28 11657
-1
-1
-1
-1
27 11150
-1
-1
19 11747
-1
-1
-1
24 11644
24 11774
24 11774
-1
-1
25 11720
25 11720
-1
27 11639
-1
-1
-1
24 11264
24 11453
-1
-1
-1
-1
-1
-1
-1
20 11616
-1
-1
-1
16 11759
-1
21 11534
21 11534
21 11534
-1
19 11349
-1
-1
20 11676
23 11603
23 11631
23 11631
-1
22 11241
22 11241
-1
20 11606
-1
-1
-1
-1
-1
20 10876
-1
-1
-1
-1
-1
-1
-1
-1
19 11003
-1
18 11537
-1
18 11537
-1
19 11603
-1
-1
20 10905
-1
-1
22 11556
-1
-1
-1
-1
-1
-1
24 11625
23 10969
-1
24 11075
24 11075
-1
-1
26 11707
-1
25 11330
-1
27 11742
-1
-1
25 10888
-1
26 11154
23 11315
-1
-1
24 11477
24 11109
-1
21 11703
-1
20 11664
21 11399
-1
22 11770
-1
19 11635
-1
-1
-1
-1
-1
-1
-1
-1
-1
-1
-1
-1
22 11628
26 11682
-1
26 11540
-1
-1
-1
-1
24 11653
-1
-1
-1
-1
-1
-1
-1
-1
26 11036
27 11131
30 11708
-1
-1
-1
-1
-1
27 11774
-1
21 11380
24 11646
-1
20 11172
20 11172
20 11453
-1
-1
-1
-1
-1
24 11116
24 11574
24 11574
-1
-1
21 11354
21 11195
22 11702
22 11246
23 11659
-1
22 11698
23 11421
24 11723
23 11298
-1
-1
-1
-1
24 11665
24 11471
-1
23 11596
-1
-1
-1
-1
21 11606
-1
20 11738
18 11236
-1
23 11682
24 11081
26 11742
-1
-1
24 11764
-1
-1
-1
-1
24 11632
-1
-1
26 11578
-1
25 11508
-1
26 11722
-1
24 11666
-1
23 11471
-1
23 11493
-1
-1
-1
25 11637
25 11637
-1
23 11540
-1
25 11715
25 11715
26 11764
23 11519
-1
23 11669
23 11669
-1
-1
-1
22 11279
22 11766
-1
-1
23 11285
25 11678
-1
-1
-1
-1
22 11617
24 11649
-1
-1
-1
-1
-1
-1
27 11657
25 11408
-1
-1
-1
-1
26 11437
-1
-1
-1
-1
-1
-1
-1
-1
22 11296
-1
-1
-1
-1
-1
25 11377
-1
24 11172
22 11625
21 11407
-1
-1
19 11160
-1
-1
20 11626
20 11626
19 11336
-1
-1
-1
-1
-1
-1
-1
-1
-1
26 11769
24 11625
-1
26 10896
-1
28 11771
26 11776
25 11577
-1
25 11577
-1
-1
-1
27 11015
26 11091
-1
22 11655
-1
22 11655
23 11706
-1
-1
-1
22 11723
-1
24 11723
-1
24 11727
-1
26 10830
27 11616
27 11616
-1
-1
-1
-1
21 11001
-1
-1
23 11341
23 11523
-1
-1
-1
23 11263
-1
-1
-1
22 11727
21 11423
-1
25 11677
-1
-1
24 11469
24 11650
-1
23 11000
-1
20 11688
-1
21 11681
20 11643
22 11719
-1
-1
-1
-1
-1
-1
-1
-1
28 11663
-1
-1
-1
-1
-1
27 11325
-1
-1
-1
-1
-1
28 11731
28 11731
-1
-1
28 11019
28 11019
28 11019
-1
-1
-1
23 11132
-1
-1
25 11654
-1
-1
23 11739
-1
24 11407
-1
-1
-1
-1
-1
-1
-1
-1
-1
-1
-1
-1
25 11458
-1
27 11772
-1
-1
-1
26 11618
-1
24 11324
-1
24 11492
-1
-1
-1
-1
-1
-1
-1
-1
-1
-1
30 11612
-1
-1
31 11403
-1
-1
29 11492
-1
29 11492
-1
27 11301
-1
-1
25 11266
-1
-1
-1
22 11467
-1
-1
20 11703
-1
-1
-1
-1
21 11054
23 11469
24 11573
-1
-1
-1
-1
-1
-1
-1
-1
25 11667
25 11247
25 11247
-1
25 11247
27 10833
-1
-1
24 11435
24 11435
-1
-1
26 11537
-1
-1
-1
-1
-1
27 11493
-1
-1
27 11493
-1
26 11739
26 11444
-1
-1
-1
-1
-1
24 11640
-1
-1
-1
-1
24 11773
-1
-1
-1
-1
24 11088
24 11088
24 11088
27 11575
-1
-1
-1
24 11728
-1
24 11504
25 11506
25 11506
25 11506
-1
-1
-1
-1
-1
-1
-1
-1
-1
-1
22 11144
22 11345
-1
22 11345
22 11345
-1
21 11197
22 11715
-1
-1
-1
-1
-1
-1
24 11088
-1
26 11662
-1
25 11297
25 11387
-1
25 11387
23 11444
24 11612
-1
27 11726
-1
27 11719
-1
-1
-1
26 11632
-1
26 11599
-1
26 11634
-1
26 11718
-1
-1
-1
27 11658
25 10958
26 11651
26 11651
-1
22 11382
-1
-1
21 11704
-1
26 11542
26 11290
-1
-1
25 10946
25 10903
24 11241
-1
26 11710
26 11308
-1
-1
25 11622
-1
24 11586
24 11126
-1
26 11625
-1
28 11678
28 11716
-1
-1
-1
-1
25 11334
19 11699
-1
-1
23 11739
23 11739
23 11739
23 11739
22 11101
-1
24 11462
-1
-1
-1
-1
-1
28 11563
28 11349
-1
-1
29 11293
-1
25 10958
22 11717
23 11751
-1
-1
21 11662
21 11662
22 11681
-1
-1
-1
22 11722
-1
22 11160
22 11033
23 11685
-1
-1
22 11515
-1
20 11373
20 11373
-1
-1
22 11637
-1
-1
-1
23 11637
-1
-1
21 11686
-1
19 11568
-1
-1
18 11426
-1
-1
-1
-1
-1
20 11188
-1
24 11651
-1
-1
-1
26 11706
-1
29 11759
-1
-1
-1
-1
30 11546
26 11455
-1
29 11550
-1
25 11425
-1
-1
25 11676
-1
26 11154
24 11585
25 11617
-1
-1
26 11394
-1
26 11483
-1
27 11369
-1
-1
-1
24 11757
21 11387
-1
21 11679
21 11679
-1
-1
20 11710
-1
23 11491
-1
22 11670
20 11522
-1
-1
23 11595
-1
-1
19 11041
19 11041
22 11738
-1
-1
22 11738
-1
25 11697
-1
-1
-1
-1
-1
22 11707
21 11462
-1
-1
-1
-1
-1
-1
19 11429
19 11664
19 11664
19 11664
-1
-1
-1
20 11255
-1
-1
20 11255
-1
-1
21 11573
21 11394
22 11565
-1
-1
-1
-1
-1
27 11388
-1
28 11574
-1
28 11574
28 11718
29 11485
-1
-1
-1
29 11622
30 11710
24 10917
25 11726
26 11488
-1
-1
-1
-1
20 11337
19 10895
20 11468
21 11568
20 11538
21 11494
-1
23 11728
25 11699
25 11661
27 11548
27 11643
-1
-1
24 11020
-1
-1
-1
-1
23 11399
-1
23 11380
-1
-1
-1
-1
-1
27 11170
28 11668
-1
29 11763
-1
-1
-1
26 11246
-1
26 11713
-1
-1
-1
-1
22 11191
22 11418
-1
-1
-1
22 11608
-1
-1
-1
21 11333
-1
-1
-1
19 10991
-1
-1
-1
-1
-1
-1
-1
22 11486
22 11486
-1
-1
-1
23 11582
23 11582
-1
24 11478
23 11744
23 11744
22 11646
21 11417
-1
21 11195
21 11195
-1
22 11283
-1
24 11739
22 11220
-1
-1
23 11658
-1
19 11523
19 11523
-1
19 11523
-1
-1
-1
-1
-1
22 10976
-1
25 11588
-1
25 11661
25 11661
-1
22 11272
-1
-1
-1
22 11095
-1
22 11703
23 11593
25 11401
25 11401
-1
21 11756
-1
-1
20 11290
-1
-1
19 11656
-1
-1
-1
-1
-1
-1
23 11037
-1
-1
21 11757
21 11757
-1
-1
21 11757
23 11350
-1
-1
-1
24 11620
-1
-1
-1
22 11576
22 11337
22 11367
20 10921
20 10921
20 10921
-1
-1
25 11117
-1
-1
-1
25 11728
-1
-1
25 11728
25 11619
-1
-1
-1
22 11671
-1
21 11764
-1
-1
-1
22 10819
-1
23 11441
23 11385
24 11123
23 11512
25 11550
-1
20 11474
20 11474
-1
-1
-1
-1
19 11666
-1
-1
21 11715
-1
-1
-1
-1
-1
-1
-1
23 11589
-1
-1
-1
-1
24 11769
24 11533
24 11533
24 11533
-1
-1
26 11677
-1
-1
23 11588
-1
24 11411
23 11761
22 11500
-1
-1
-1
23 11291
24 11673
-1
-1
23 11508
20 11448
22 11677
-1
26 11588
-1
25 11067
25 11561
-1
-1
-1
20 11320
21 11510
-1
22 11136
-1
23 10942
-1
-1
25 11090
-1
-1
-1
-1
28 11762
24 11472
23 11274
24 11367
25 11527
-1
23 11258
23 11511
23 11511
20 11172
-1
-1
20 11458
20 11685
18 11245
-1
18 11175
20 11547
-1
-1
-1
-1
-1
-1
25 11709
-1
-1
-1
26 11719
-1
-1
25 11380
25 11380
-1
-1
20 11274
-1
20 11511
21 11547
23 11466
-1
-1
-1
-1
-1
26 11636
-1
-1
22 11430
-1
22 11430
22 11430
-1
22 11639
-1
-1
22 11567
-1
20 11544
-1
22 11680
-1
26 11495
26 11665
-1
26 11351
23 11580
-1
-1
-1
-1
27 11755
-1
-1
-1
-1
-1
-1
-1
-1
22 11505
22 11505
-1
-1
-1
-1
-1
-1
20 10920
20 10920
-1
20 10920
21 11603
21 11089
-1
-1
-1
23 11726
-1
22 10917
-1
-1
-1
-1
-1
22 11022
23 11369
25 11366
-1
-1
25 11499
25 11499
-1
-1
25 11499
-1
-1
26 11446
27 11759
-1
-1
-1
26 11502
-1
-1
-1
26 11234
26 11149
-1
27 11303
-1
-1
24 11387
-1
24 11347
-1
26 11738
24 11522
-1
-1
-1
-1
-1
-1
-1
25 11731
-1
-1
-1
-1
22 11775
-1
-1
-1
-1
-1
-1
-1
23 11713
23 11240
-1
-1
20 11045
20 11045
-1
-1
20 11259
-1
-1
20 11321
-1
-1
-1
-1
24 11250
-1
24 11250
24 11250
25 11598
26 11711
-1
-1
25 11639
-1
25 11639
-1
-1
-1
-1
-1
-1
23 11177
-1
-1
-1
-1
22 11019
22 11019
22 11019
-1
25 11352
27 11305
27 11448
-1
24 11669
-1
-1
24 11707
-1
-1
23 11511
24 11479
-1
-1
22 11383
22 11495
-1
24 11775
-1
-1
-1
-1
26 11741
-1
-1
-1
27 11726
-1
-1
-1
-1
-1
-1
-1
-1
-1
-1
-1
24 11543
-1
-1
-1
24 11590
-1
25 11626
24 11406
-1
-1
26 10887
-1
-1
-1
25 11349
25 11439
25 11439
25 11711
-1
17 11510
-1
17 11233
-1
25 11097
25 11527
25 11255
25 11255
23 11539
23 11539
-1
-1
22 11049
-1
-1
23 11032
-1
23 11650
-1
-1
21 11482
21 11482
23 11567
-1
-1
21 11530
21 11122
22 11720
22 11720
23 11323
-1
21 11657
20 11572
-1
20 11271
-1
-1
-1
-1
20 11644
-1
-1
20 11290
-1
-1
-1
-1
-1
-1
18 11033
-1
-1
-1
25 11584
-1
26 11528
-1
-1
27 11771
-1
28 11380
25 11592
23 11638
24 11352
-1
26 11565
26 11565
26 11565
24 11709
-1
-1
-1
24 11709
24 11307
24 11307
-1
-1
-1
26 11439
-1
-1
-1
-1
27 11434
-1
-1
26 11573
-1
-1
21 11394
-1
-1
21 11282
21 11282
21 11282
23 11419
23 11419
26 11620
25 11340
-1
-1
25 11657
26 11723
-1
-1
-1
23 11109
-1
-1
24 11668
-1
21 11005
-1
22 11727
22 11541
-1
-1
-1
-1
23 11484
23 11484
23 11484
23 11641
-1
-1
-1
-1
24 11774
25 11013
-1
25 11699
-1
-1
22 11318
-1
-1
-1
17 10899
18 11360
-1
-1
18 11111
-1
18 11111
18 10922
-1
-1
-1
21 11313
21 11313
21 11494
22 11597
23 11441
-1
24 11605
-1
-1
20 11686
20 11080
-1
-1
21 11609
-1
-1
-1
-1
-1
-1
18 11455
-1
-1
-1
-1
21 11755
-1
-1
-1
22 11373
24 11420
-1
23 11159
-1
21 11337
-1
-1
-1
23 11601
20 11363
21 11569
21 11376
21 11722
-1
22 11390
22 11454
22 11449
22 11449
-1
-1
23 11533
24 11715
-1
-1
23 11769
22 11325
24 11428
26 11714
26 11714
-1
26 11734
-1
-1
-1
-1
-1
-1
22 11685
-1
20 11620
-1
20 11318
-1
-1
-1
21 11186
21 10975
22 11615
21 11608
-1
22 11212
-1
-1
24 11670
25 11143
25 11143
-1
-1
-1
-1
-1
26 11719
26 11719
-1
25 11472
-1
-1
-1
25 11564
25 11404
-1
-1
22 11520
-1
-1
20 10900
20 10900
23 11102
-1
-1
-1
25 11197
-1
24 11494
-1
24 11328
24 11324
-1
-1
-1
23 11494
-1
22 11704
22 11704
-1
25 11747
25 11747
-1
-1
-1
23 11621
23 11621
-1
24 11574
25 11630
-1
-1
-1
28 11632
-1
-1
-1
-1
25 11722
25 10980
-1
28 11483
28 11483
-1
-1
-1
-1
-1
31 11740
-1
-1
-1
32 11030
-1
-1
-1
-1
30 11724
-1
29 11599
-1
-1
-1
-1
26 11621
-1
-1
-1
24 11632
24 11632
-1
23 11562
-1
21 11587
21 11556
21 11366
-1
-1
-1
24 11567
-1
-1
-1
22 10981
22 11772
-1
-1
-1
-1
-1
22 11623
23 11770
23 11193
26 11122
-1
27 11595
-1
25 11719
-1
-1
-1
22 11510
-1
24 11648
24 11318
24 11171
-1
24 10993
-1
23 10857
-1
-1
20 10946
-1
-1
-1
21 11546
20 11570
-1
-1
21 11468
-1
-1
22 11712
22 11124
-1
-1
-1
21 11720
-1
-1
23 10975
24 11687
-1
22 11678
-1
22 11678
-1
-1
-1
-1
-1
20 11740
-1
22 11199
-1
-1
24 11465
-1
24 11410
-1
-1
-1
-1
23 11650
-1
19 11676
-1
23 11490
23 11170
23 11211
-1
21 11090
22 11595
-1
-1
21 11422
20 11739
-1
-1
19 10907
-1
-1
-1
-1
21 11299
21 11299
-1
-1
-1
-1
-1
-1
-1
19 11167
-1
19 11533
22 11556
22 11556
-1
22 11556
-1
26 10945
27 11397
26 11384
-1
-1
23 11676
-1
-1
-1
-1
23 11483
-1
-1
23 11589
-1
21 11187
21 11187
21 11187
-1
-1
24 11707
-1
22 10836
-1
25 11081
25 11673
25 11673
25 11428
-1
27 11489
-1
23 11547
21 11754
20 11762
20 11762
20 11762
18 11437
-1
-1
22 11441
-1
-1
19 11034
19 11034
19 11396
19 11396
20 11041
20 11041
21 11094
-1
-1
-1
20 11602
-1
20 11625
20 11625
20 11064
20 11064
-1
22 11705
-1
22 11559
18 11232
18 11570
-1
-1
-1
-1
22 11008
-1
-1
-1
-1
-1
-1
25 11685
25 11359
25 11359
-1
-1
-1
-1
-1
26 11725
28 11345
-1
21 11750
-1
-1
-1
-1
21 11572
-1
-1
-1
22 11752
22 11752
-1
-1
-1
23 11495
24 11727
-1
24 11576
-1
23 11508
-1
22 11701
20 11192
-1
20 11743
-1
-1
-1
-1
-1
-1
-1
23 11400
-1
-1
-1
-1
25 11623
-1
-1
24 11314
24 11632
-1
23 11090
-1
-1
-1
-1
23 11728
-1
-1
23 11566
-1
-1
18 11209
-1
-1
-1
20 11609
-1
22 11003
-1
23 11606
23 11376
23 11376
-1
-1
-1
-1
-1
-1
-1
24 11458
-1
-1
-1
-1
28 11509
-1
25 11315
24 11666
24 11666
24 11666
-1
-1
-1
-1
-1
-1
-1
-1
-1
19 11610
-1
20 11764
-1
-1
-1
-1
24 11196
-1
26 11747
-1
-1
25 11725
-1
-1
-1
24 11726
-1
-1
24 11671
-1
24 11183
25 11729
25 11729
25 11547
-1
-1
27 11764
27 11764
26 11472
-1
-1
26 11521
24 11356
-1
21 11618
-1
-1
-1
-1
-1
22 11207
-1
-1
-1
-1
-1
-1
-1
20 11550
20 11550
22 11490
24 11739
-1
-1
-1
-1
26 11705
23 11341
-1
21 11678
21 11678
21 11467
-1
-1
21 11375
-1
-1
-1
-1
24 11642
25 11587
-1
-1
-1
24 11579
-1
-1
-1
-1
-1
-1
-1
-1
-1
21 11758
21 11758
-1
-1
-1
-1
22 11690
-1
-1
-1
22 11331
21 11454
-1
-1
-1
-1
-1
-1
22 11546
-1
23 11483
23 11483
-1
24 11025
24 11697
24 11674
-1
-1
-1
23 11584
21 11459
-1
-1
23 11703
21 11489
-1
-1
-1
-1
20 11023
20 11491
21 11384
-1
-1
21 11041
-1
-1
22 11602
22 11602
-1
-1
-1
22 11330
24 11748
-1
21 11287
21 11729
-1
-1
-1
23 11418
22 11491
-1
-1
-1
-1
-1
-1
18 11572
19 11169
-1
-1
24 11211
24 11555
-1
25 11392
-1
-1
-1
-1
-1
23 10923
-1
21 11422
-1
23 11361
-1
-1
22 11035
-1
-1
-1
21 11264
21 11575
19 11242
20 11637
-1
20 11630
-1
-1
-1
21 11667
22 11658
22 11658
22 11199
23 11306
-1
24 11317
-1
-1
-1
-1
-1
-1
22 11462
23 11677
-1
-1
20 11367
-1
20 11061
20 11150
20 11150
-1
-1
-1
-1
-1
22 11756
-1
25 11188
26 11627
27 11590
26 11395
26 11633
-1
-1
-1
-1
-1
21 11640
-1
20 11560
21 11538
-1
23 11048
-1
-1
-1
-1
-1
24 11640
25 11297
-1
20 11613
-1
19 11214
21 11695
-1
-1
-1
19 11324
-1
-1
-1
21 11642
-1
24 11584
24 11734
-1
25 11264
-1
-1
29 11729
29 11514
29 11685
-1
-1
28 11596
28 11596
-1
-1
-1
-1
29 11647
30 11299
30 11439
30 11689
-1
31 11269
-1
31 11149
32 11592
-1
-1
28 11531
25 11696
-1
-1
25 11639
25 11639
-1
-1
-1
25 11768
24 11492
24 11492
-1
-1
-1
-1
-1
-1
-1
-1
-1
20 11177
20 11225
-1
21 11646
20 11309
-1
-1
21 11167
-1
22 11346
23 11597
25 11539
-1
-1
23 11278
20 11019
20 11673
-1
-1
-1
-1
23 11315
23 11765
-1
22 11498
22 11180
-1
-1
-1
21 11136
21 11136
-1
20 11433
23 11765
-1
-1
-1
-1
26 11678
-1
27 11753
24 11552
24 11723
-1
-1
-1
-1
-1
25 11368
-1
-1
-1
26 11624
-1
-1
26 10985
-1
-1
-1
-1
-1
25 11583
-1
-1
-1
-1
-1
-1
-1
-1
-1
27 11744
26 11682
-1
26 11377
-1
-1
-1
25 11356
-1
26 10978
-1
26 10978
25 11768
-1
25 11768
-1
-1
25 11768
-1
21 10946
20 11200
20 11392
-1
24 11745
-1
-1
-1
23 11579
-1
20 11487
-1
17 11269
18 11583
18 11429
18 11429
18 11184
17 11199
17 11199
-1
18 11340
19 11142
19 11142
19 11222
19 11222
-1
-1
-1
-1
-1
-1
23 11429
-1
-1
24 11484
-1
-1
-1
-1
-1
22 11308
-1
22 11308
-1
24 11073
-1
26 11714
-1
-1
-1
23 11512
-1
20 11647
-1
-1
-1
-1
-1
-1
21 11718
24 10909
24 10909
24 10909
24 10909
-1
-1
-1
26 11142
25 10985
-1
-1
-1
22 10991
23 11420
-1
-1
27 11712
-1
26 11715
-1
26 11715
26 11053
-1
27 11684
-1
-1
22 11314
-1
-1
23 11640
24 11545
22 11505
-1
-1
22 11377
-1
23 11466
-1
-1
23 11096
24 11326
24 11497
-1
25 11319
25 11319
-1
27 11330
-1
-1
26 11498
-1
-1
-1
-1
25 11172
24 11121
-1
-1
-1
-1
-1
-1
-1
-1
-1
-1
23 11568
-1
24 11552
25 11735
25 11735
-1
25 10952
-1
-1
-1
25 11555
-1
26 11763
-1
-1
25 11541
-1
-1
-1
-1
24 11371
25 11776
25 11737
-1
22 11087
-1
-1
22 11449
22 11332
-1
-1
-1
23 11481
23 11481
-1
23 11728
24 11651
-1
24 11764
-1
26 11526
26 11526
-1
-1
29 11705
28 11612
29 11713
29 11637
31 11094
-1
30 11307
-1
-1
29 11661
-1
-1
-1
26 11574
23 11694
-1
24 11721
24 11721
-1
-1
-1
25 11235
-1
24 11717
-1
-1
25 11218
-1
-1
28 11483
-1
-1
-1
-1
26 11737
-1
-1
-1
-1
-1
20 11748
-1
-1
-1
21 11306
-1
22 11774
-1
23 11318
-1
21 11690
-1
22 11384
23 11598
21 11662
-1
24 11413
-1
25 11133
-1
26 11599
-1
-1
-1
25 10995
-1
-1
22 11644
-1
23 11739
-1
21 11691
-1
20 11344
-1
-1
20 11726
-1
-1
22 11535
-1
24 11450
-1
-1
-1
24 11327
26 11386
-1
-1
-1
-1
26 11617
27 11704
-1
-1
28 11764
22 10906
22 10906
23 11563
-1
-1
21 11255
-1
23 11762
-1
23 11762
23 11741
22 11408
-1
23 11205
-1
-1
-1
-1
-1
24 11628
-1
-1
25 11738
-1
21 11679
21 11679
-1
-1
-1
20 11174
-1
-1
23 11546
23 11546
-1
-1
24 11139
-1
21 11649
-1
-1
19 11771
-1
-1
-1
-1
19 11562
-1
-1
-1
19 11081
-1
-1
-1
-1
22 11741
22 11630
23 11592
-1
-1
-1
-1
-1
29 11776
-1
-1
29 11776
29 11776
-1
-1
-1
-1
-1
30 11279
-1
29 11648
-1
22 11567
-1
23 11477
-1
-1
-1
22 11600
-1
24 11662
24 11698
21 11379
-1
-1
23 10965
-1
-1
-1
28 11537
28 11252
-1
28 11252
28 11252
-1
26 11278
29 11669
29 11713
-1
-1
24 11555
-1
-1
25 11755
19 11512
20 11651
-1
-1
-1
20 11199
-1
-1
-1
22 11393
-1
20 11162
20 11162
21 10913
22 11133
-1
-1
24 11156
22 11469
-1
-1
22 11608
22 11396
-1
21 10875
-1
-1
22 11181
-1
23 11088
-1
24 11167
26 11734
26 11734
-1
22 10786
23 11477
-1
-1
-1
-1
-1
21 11649
21 11634
-1
-1
-1
-1
-1
23 11287
25 11436
-1
-1
-1
-1
-1
-1
21 11649
21 11508
21 11722
-1
-1
-1
22 11744
21 11522
21 11434
-1
-1
-1
23 11655
23 11655
23 11655
-1
21 11553
22 11085
-1
22 11085
-1
25 11481
28 11616
-1
-1
-1
18 11737
20 11352
21 11578
-1
21 11499
21 11134
22 11698
22 11213
22 11767
22 11767
-1
17 11481
-1
-1
-1
19 11431
21 11519
-1
22 11565
-1
21 11630
21 11419
-1
-1
-1
-1
-1
20 11501
-1
-1
-1
-1
-1
-1
23 11609
-1
24 11184
-1
-1
-1
-1
-1
-1
-1
-1
26 11693
27 11736
-1
28 11382
28 11382
27 11354
28 11140
28 11140
28 11140
-1
-1
-1
-1
-1
29 11188
27 11509
-1
-1
28 11761
26 11445
25 11574
25 11574
-1
27 11414
-1
-1
-1
22 11314
-1
-1
22 11314
-1
22 11153
22 11153
21 11724
-1
19 11644
19 11650
19 11650
-1
-1
-1
-1
-1
-1
-1
-1
28 11202
28 11705
25 11497
-1
23 11504
-1
-1
-1
-1
-1
29 11696
-1
29 11666
-1
30 11519
-1
31 11747
-1
-1
-1
24 11721
-1
24 11611
-1
25 11349
25 11725
-1
-1
-1
20 11532
-1
-1
-1
-1
-1
23 11731
-1
23 11731
-1
-1
-1
-1
26 11537
-1
-1
27 10993
27 11501
-1
-1
-1
27 11582
26 11081
-1
-1
27 11648
22 10936
24 11746
24 11746
21 11104
21 11104
-1
-1
22 11522
22 11522
22 11522
-1
-1
23 11706
23 10936
-1
-1
-1
-1
-1
19 11062
-1
20 11343
-1
21 11438
21 11438
-1
-1
23 11762
-1
-1
24 11439
-1
-1
-1
24 11552
-1
-1
20 11153
22 11448
-1
-1
-1
24 11735
-1
-1
-1
-1
25 11570
-1
-1
26 11659
-1
28 11447
26 11434
-1
-1
26 11713
-1
-1
26 11664
23 11355
-1
-1
-1
-1
-1
-1
19 11452
19 11452
18 11270
20 11761
21 11064
22 11593
-1
-1
-1
21 10874
-1
-1
23 11096
-1
24 11652
-1
-1
23 11433
22 11347
-1
-1
23 11723
-1
-1
-1
-1
-1
22 11632
22 11486
-1
-1
22 11550
-1
-1
-1
-1
-1
-1
-1
-1
-1
-1
-1
-1
24 11535
26 11583
-1
27 11232
-1
-1
29 11555
29 11414
-1
-1
-1
27 11110
27 11110
-1
25 11694
-1
25 11301
-1
-1
-1
23 11335
-1
-1
-1
-1
-1
19 11137
-1
-1
-1
-1
-1
-1
24 11690
23 11736
-1
-1
20 11687
-1
-1
-1
25 11700
-1
-1
-1
25 11472
25 11419
-1
26 11630
-1
-1
-1
26 11491
-1
-1
24 11768
-1
-1
-1
22 11664
-1
-1
16 10839
-1
18 11521
19 11560
20 11666
22 11163
-1
24 11678
23 11486
-1
-1
-1
-1
-1
21 11151
21 11151
-1
20 11197
-1
-1
24 11563
28 11564
28 11564
-1
-1
-1
26 11601
26 10832
-1
-1
28 11185
29 11717
29 11717
29 11747
-1
-1
-1
-1
-1
-1
-1
-1
26 11714
26 11714
-1
26 11701
-1
28 11047
28 11047
30 11717
28 11737
-1
26 11771
-1
-1
-1
26 11199
26 11199
-1
25 11663
-1
26 11751
-1
27 11748
26 11628
26 11628
24 11014
25 11095
-1
-1
-1
25 11719
25 11714
-1
22 11545
-1
23 11732
-1
-1
21 11765
21 11629
21 11629
21 11387
-1
-1
22 11525
22 11587
22 11587
22 11587
-1
20 10950
18 11561
18 11561
-1
20 11081
21 11664
18 11617
-1
-1
19 11701
19 11645
19 11645
-1
-1
-1
20 11199
-1
21 11603
-1
23 11425
24 11492
24 11333
23 11680
23 11388
-1
25 11615
23 11279
-1
-1
22 11585
-1
-1
-1
20 11560
24 10876
27 11749
-1
-1
27 11687
-1
31 11742
24 11326
-1
-1
20 11733
-1
19 11610
17 10984
-1
21 11754
22 11775
-1
-1
-1
-1
-1
24 11535
-1
25 11683
22 11386
22 11386
22 11386
-1
-1
23 11697
-1
23 11714
25 11422
-1
-1
-1
-1
27 11682
-1
26 11674
27 11571
-1
-1
26 11718
21 11638
-1
-1
-1
-1
-1
23 11602
23 11602
25 11447
26 11471
-1
29 11704
29 11704
29 11568
-1
31 11520
30 11566
29 11408
27 11465
23 11198
-1
-1
22 11545
23 11742
23 11554
23 11591
-1
-1
24 11561
-1
-1
-1
-1
24 11061
-1
24 11061
-1
21 11671
20 11330
20 11330
-1
-1
-1
-1
21 11405
24 11621
24 11621
-1
26 11656
27 11721
28 11518
28 11358
-1
-1
28 11730
-1
27 11456
-1
28 11445
28 11705
28 11652
-1
28 11731
28 11731
-1
27 11578
-1
27 11518
-1
27 11565
-1
26 11479
-1
-1
-1
28 11772
28 11772
27 11274
29 11464
29 11464
30 11654
-1
30 11654
-1
-1
-1
29 11770
-1
-1
-1
26 11754
25 11577
-1
-1
26 11664
26 11690
-1
24 11585
23 11687
25 11674
-1
-1
-1
-1
-1
26 11523
25 11337
24 11762
-1
24 11757
-1
-1
24 11749
21 11179
21 11641
21 11641
-1
20 11311
-1
21 11736
22 11386
22 11576
-1
-1
20 11330
-1
22 11391
25 11728
-1
21 10957
21 10957
21 11545
22 11156
-1
-1
-1
21 11666
-1
-1
24 11730
-1
-1
-1
25 11708
-1
27 11543
27 11543
-1
26 11365
-1
20 11611
-1
19 11134
18 11319
-1
18 10944
18 11540
-1
18 11188
20 11378
20 11033
-1
-1
23 11079
-1
-1
29 11149
-1
25 11751
-1
23 11186
-1
-1
-1
22 11692
23 11648
-1
-1
-1
-1
-1
25 11742
25 11703
-1
-1
-1
-1
19 11124
-1
19 11206
19 11206
19 11206
19 11158
-1
-1
-1
-1
23 10894
-1
-1
-1
-1
18 10927
19 11767
19 11767
-1
-1
-1
20 11111
-1
-1
-1
-1
-1
21 11565
21 11565
-1
22 11513
-1
22 11363
-1
25 11024
-1
-1
-1
23 11384
-1
-1
22 11736
-1
21 11540
20 11334
20 11334
-1
19 11555
20 11045
-1
21 11160
-1
21 11301
21 11301
-1
-1
-1
-1
23 11770
24 11690
25 11551
-1
26 11768
24 11185
-1
27 11375
27 11375
27 11375
-1
-1
-1
24 11570
25 11572
-1
21 11604
21 10976
-1
-1
21 11508
-1
21 11508
22 11637
-1
-1
26 11331
26 11331
26 11706
28 11581
-1
26 11686
-1
27 11690
-1
24 11450
-1
-1
24 11611
-1
-1
-1
-1
-1
23 11348
-1
-1
-1
25 11648
-1
25 11106
-1
-1
23 11002
23 11068
25 11768
23 11001
23 11001
-1
-1
-1
-1
-1
-1
19 11724
19 11335
-1
-1
20 11513
-1
19 11716
18 11577
-1
-1
19 11731
-1
-1
-1
20 11435
-1
23 11382
25 11325
-1
-1
-1
24 11469
24 11469
-1
-1
-1
25 11398
26 11694
24 11276
26 11294
26 11294
26 11294
24 10974
-1
-1
24 10974
26 11666
-1
-1
-1
20 11073
-1
25 11690
26 11571
-1
25 11192
-1
-1
22 11449
-1
-1
-1
-1
-1
-1
20 11620
-1
20 11752
18 11496
-1
-1
20 11188
-1
22 11771
-1
20 11253
20 11253
22 11693
-1
-1
22 11267
24 11026
25 11585
-1
27 11340
-1
29 11580
-1
-1
-1
24 11696
-1
-1
-1
22 11379
-1
-1
23 11184
23 11184
23 11352
22 11424
-1
-1
24 11428
24 11613
-1
-1
-1
-1
-1
18 10872
-1
-1
-1
19 11498
-1
18 11247
20 11615
20 11554
20 11257
-1
-1
23 11483
23 11554
23 11194
-1
-1
-1
-1
25 11369
-1
-1
-1
27 11382
-1
-1
-1
-1
-1
-1
-1
-1
18 11749
-1
18 11677
-1
-1
-1
-1
-1
-1
-1
-1
23 11506
24 11722
26 11556
26 11556
-1
24 11597
-1
-1
-1
22 11747
22 11701
-1
23 11440
-1
-1
24 11760
-1
19 10858
-1
22 11490
-1
-1
20 11377
21 11218
-1
-1
-1
23 11676
-1
-1
-1
-1
-1
-1
26 11069
26 11069
-1
27 11588
26 11713
-1
25 11659
-1
-1
20 11676
20 11676
20 11676
-1
19 11558
-1
20 11390
-1
18 11425
18 11107
-1
-1
-1
-1
20 11762
21 11625
21 11152
21 11152
23 11538
24 11669
-1
24 11761
-1
24 11265
24 11636
24 11709
-1
-1
-1
22 11558
-1
23 11554
-1
-1
-1
-1
-1
26 11523
-1
-1
-1
26 11331
-1
-1
-1
-1
20 11776
19 11167
20 11299
-1
-1
19 11115
19 11115
20 11189
20 11542
20 11542
19 10830
20 11308
-1
-1
18 11302
18 10957
21 11565
-1
25 11752
-1
-1
27 11653
-1
25 11006
-1
-1
-1
25 11613
24 10997
25 11669
-1
-1
20 11709
-1
20 11709
19 11715
-1
17 10995
17 10995
-1
20 11046
-1
-1
-1
-1
-1
-1
26 11681
25 11506
-1
26 11466
24 11561
-1
-1
-1
-1
-1
-1
27 11653
24 11590
-1
26 11654
-1
-1
-1
-1
-1
20 10979
22 11648
-1
-1
-1
-1
20 11267
-1
-1
20 11157
20 11157
-1
-1
20 11052
20 11052
18 11609
-1
18 11592
-1
17 11080
-1
-1
-1
17 10853
-1
-1
19 11710
-1
19 11710
-1
23 11733
23 11733
-1
-1
22 11733
21 11418
23 11648
22 11331
22 10970
-1
23 11759
22 11201
-1
-1
-1
26 11663
-1
-1
-1
-1
-1
-1
-1
-1
-1
23 11408
23 11235
-1
-1
25 11155
-1
-1
-1
-1
-1
24 11176
-1
25 11700
25 11700
-1
20 11629
-1
-1
-1
-1
21 11193
-1
21 11559
-1
-1
-1
-1
-1
-1
-1
-1
-1
-1
-1
21 11147
-1
23 11776
-1
-1
-1
-1
-1
-1
-1
27 11571
-1
-1
-1
22 11272
-1
21 11413
19 11695
19 10908
-1
-1
19 11226
-1
-1
21 11595
26 10978
-1
28 11715
26 10934
-1
-1
-1
-1
-1
-1
19 11322
-1
-1
20 11558
-1
-1
18 11676
-1
-1
-1
-1
-1
-1
-1
23 11682
23 11737
25 11182
-1
-1
27 11591
26 11774
26 11573
-1
-1
-1
28 11619
29 11527
-1
25 11236
27 11647
25 11337
-1
21 11235
23 11750
-1
-1
28 11588
28 11588
27 11124
-1
-1
29 11624
29 11721
-1
28 11452
28 11759
28 11734
28 11407
-1
-1
-1
-1
-1
-1
-1
27 11478
-1
-1
-1
-1
-1
-1
23 11625
-1
22 11309
-1
19 11573
-1
21 11715
20 11388
21 11654
-1
-1
-1
-1
-1
23 11484
-1
-1
22 11683
-1
-1
20 11456
-1
20 11456
20 11456
-1
-1
-1
-1
19 11663
-1
-1
-1
22 11723
22 11723
-1
-1
-1
29 11049
-1
29 11049
-1
-1
31 11666
-1
23 11667
-1
-1
22 11706
22 11706
23 11373
-1
22 11596
-1
26 11737
24 11543
-1
25 11554
23 11611
22 11285
22 11285
-1
-1
-1
20 11269
21 11697
-1
-1
20 11589
-1
20 11290
20 11195
-1
21 11673
-1
21 11709
-1
-1
21 11564
22 11129
22 11129
22 11575
23 11730
23 11730
-1
25 11578
-1
27 11737
-1
-1
-1
-1
25 11762
25 11762
-1
-1
24 11557
-1
-1
19 11464
20 10971
-1
-1
-1
-1
-1
21 11759
-1
-1
-1
21 11577
21 11577
-1
21 11673
-1
-1
21 11657
-1
21 11570
-1
-1
-1
-1
-1
22 11350
23 11594
-1
-1
-1
22 11165
-1
23 11433
23 11433
-1
-1
-1
-1
23 11286
-1
-1
22 11068
23 11709
-1
23 11139
-1
-1
-1
22 11405
-1
-1
21 11086
-1
-1
-1
22 11377
-1
-1
-1
-1
-1
-1
-1
23 11524
23 11685
24 11045
26 11542
-1
26 11770
-1
-1
-1
26 11480
-1
-1
24 11682
-1
-1
24 11591
-1
22 11334
-1
-1
-1
25 11587
25 11449
-1
-1
-1
-1
-1
26 11566
26 11566
-1
-1
21 11617
19 11511
-1
21 11666
-1
21 11650
-1
-1
-1
22 11715
-1
-1
22 11577
24 11493
-1
25 11653
25 11390
-1
26 11508
-1
-1
24 10932
-1
-1
18 11164
16 11288
-1
17 11315
-1
19 11463
-1
20 11594
-1
-1
20 11352
20 11607
-1
22 11632
-1
-1
-1
-1
21 10870
21 10870
-1
22 11253
23 11731
23 11557
-1
-1
-1
-1
-1
-1
23 11770
-1
24 11567
-1
-1
-1
-1
-1
-1
23 11549
23 11549
22 11413
22 11297
-1
-1
-1
-1
25 11708
-1
23 11474
23 11716
-1
-1
21 11761
21 11761
-1
-1
-1
-1
-1
-1
-1
-1
-1
-1
-1
-1
-1
22 11424
22 11424
-1
-1
22 11334
24 11397
23 11184
-1
-1
25 11559
26 11661
-1
-1
24 11717
-1
-1
-1
24 11741
21 11414
21 11414
22 11235
-1
-1
-1
-1
22 11056
22 11056
24 11444
24 11444
-1
24 10858
-1
-1
20 11336
19 11752
-1
22 11745
24 11742
-1
23 11679
-1
26 11220
-1
29 11726
-1
30 11346
-1
-1
26 11406
25 11505
25 11505
25 11505
-1
20 11091
21 11222
-1
21 11715
21 10894
22 10988
-1
-1
-1
22 11463
-1
-1
-1
24 11755
24 11719
-1
25 11225
25 11225
25 11721
24 11575
-1
23 11598
-1
-1
23 11230
-1
23 11157
21 11767
26 11773
29 11329
29 11442
-1
27 11406
-1
-1
-1
22 11645
23 11162
-1
25 11479
-1
-1
26 11550
-1
-1
-1
-1
-1
-1
24 11394
-1
-1
23 11417
23 11417
-1
-1
-1
-1
-1
24 11305
25 11540
24 11498
-1
24 11327
-1
-1
28 11739
-1
-1
28 11186
30 11586
-1
26 11645
-1
-1
26 11399
27 11433
27 11433
-1
-1
27 11376
-1
23 10951
25 11741
23 11681
-1
-1
21 11498
-1
-1
22 11659
22 11659
21 11290
-1
-1
-1
-1
-1
18 11417
18 11417
18 11417
-1
-1
17 10915
17 10915
-1
19 11387
-1
18 10934
18 10934
-1
19 11363
-1
19 10973
-1
-1
-1
-1
20 10859
20 10859
21 11737
21 11515
21 11683
-1
21 10851
-1
22 11245
-1
-1
-1
-1
23 11692
-1
-1
-1
23 11442
23 11672
-1
-1
-1
21 10959
23 11755
23 11713
21 11309
21 11229
-1
21 11255
-1
22 11444
-1
-1
22 11444
24 11641
-1
-1
-1
-1
-1
-1
-1
-1
-1
22 10978
-1
-1
21 11540
-1
-1
22 11598
19 11589
-1
-1
19 11440
21 11751
-1
21 11071
-1
-1
-1
-1
-1
-1
-1
-1
-1
26 11573
26 11573
27 11586
-1
25 11753
25 11753
23 11196
-1
22 11749
21 11674
21 11674
-1
19 11418
19 11418
21 11595
-1
-1
-1
-1
23 11722
23 11121
-1
-1
24 11536
-1
-1
-1
-1
20 11720
20 11643
21 11304
24 11503
-1
-1
28 11247
28 11247
27 11427
-1
-1
-1
-1
24 11716
-1
-1
-1
27 11708
27 11708
-1
-1
-1
25 11612
23 11672
-1
-1
-1
-1
21 11477
23 11676
23 11580
-1
-1
23 11697
-1
22 11231
22 11754
23 11391
23 11215
-1
-1
25 11670
-1
25 11500
27 11335
-1
-1
27 11278
-1
-1
-1
-1
-1
25 11201
26 11673
-1
-1
24 11709
-1
22 11167
23 11136
25 11768
25 11768
25 11768
25 11768
25 11768
25 11557
25 11557
-1
-1
-1
-1
-1
-1
26 11377
25 11718
-1
-1
-1
-1
27 11746
27 11746
-1
-1
21 11216
-1
21 11485
21 11525
-1
-1
-1
-1
25 11504
25 11708
25 11708
-1
-1
24 11540
-1
25 11416
23 11450
23 11598
-1
-1
26 11582
-1
26 11671
-1
26 11323
-1
26 11323
-1
25 11470
-1
-1
24 11670
24 11670
-1
22 11496
-1
19 11012
-1
21 11262
21 11230
20 11166
-1
21 11682
-1
21 11766
-1
-1
23 11749
-1
-1
-1
25 11722
-1
-1
26 11635
26 11416
-1
25 11728
24 11393
-1
25 11560
-1
26 11405
27 11608
27 11608
27 11608
27 11608
-1
-1
-1
-1
-1
-1
-1
-1
17 11046
-1
-1
19 11719
19 11719
20 11254
22 11673
-1
-1
22 11420
22 11234
22 11234
-1
-1
-1
-1
-1
-1
-1
-1
-1
22 11632
-1
-1
22 11752
20 11092
-1
-1
-1
20 11560
-1
20 11583
-1
-1
22 11650
-1
-1
-1
-1
-1
23 11425
23 11232
-1
-1
-1
25 11538
24 10991
24 10991
26 11328
-1
24 11346
-1
-1
-1
-1
26 11702
25 11743
-1
-1
-1
23 11630
-1
-1
-1
-1
19 11711
-1
20 11537
-1
-1
20 11534
-1
22 11326
-1
-1
-1
-1
-1
23 11578
-1
24 11770
-1
23 11056
-1
-1
23 11377
-1
20 10917
-1
-1
20 11276
20 11276
-1
21 11763
21 11763
21 11074
-1
23 11682
22 11209
23 11601
-1
-1
-1
-1
24 11456
24 11456
28 11296
-1
-1
-1
29 10984
-1
-1
23 11458
-1
-1
-1
-1
-1
-1
-1
-1
-1
23 11281
-1
26 11595
-1
-1
25 11425
25 11584
25 11584
24 11502
-1
22 11574
23 11763
-1
-1
-1
25 11554
-1
-1
26 11277
24 11500
26 11366
-1
-1
-1
-1
-1
-1
-1
-1
27 11411
-1
-1
-1
26 11139
27 11176
-1
24 11119
25 11288
-1
-1
-1
-1
-1
21 11665
-1
22 11647
-1
-1
20 11574
20 11574
-1
-1
20 11463
-1
24 11761
22 11432
-1
-1
26 11765
-1
-1
-1
26 11254
-1
-1
28 11666
-1
-1
-1
-1
-1
-1
25 11696
23 11752
-1
25 11674
25 11674
-1
25 11674
25 11674
-1
28 11772
-1
26 11086
26 11086
26 11144
26 11144
-1
-1
-1
-1
-1
24 11280
24 11280
21 11038
-1
21 11038
-1
21 11038
-1
21 11739
-1
21 11739
-1
19 11263
-1
18 11604
19 11668
19 11604
19 11437
-1
-1
-1
-1
23 11038
-1
-1
23 11692
-1
-1
21 11033
21 11033
-1
21 11033
22 11591
-1
18 10866
-1
-1
-1
-1
21 10857
-1
-1
-1
-1
24 11398
24 11512
-1
-1
23 10933
-1
-1
-1
-1
25 11484
22 11589
-1
-1
-1
-1
21 11407
20 11335
20 11164
-1
-1
21 11346
23 11694
-1
20 11490
20 11432
20 11167
-1
21 11225
22 11510
22 11347
23 11599
23 11599
-1
-1
21 10916
22 10943
-1
22 11262
-1
22 11262
-1
-1
-1
19 11472
23 11556
-1
-1
-1
24 11536
25 11429
24 11217
-1
-1
-1
20 11436
-1
20 11621
18 11164
-1
-1
20 11739
-1
20 11739
27 11744
-1
-1
27 11663
20 10892
-1
-1
-1
-1
20 11587
21 11032
-1
-1
-1
-1
-1
23 11466
-1
-1
-1
-1
-1
-1
21 11581
-1
22 11491
-1
24 11378
24 11378
24 11378
-1
25 11049
-1
28 11767
28 11767
28 11767
-1
27 11535
27 11535
26 11722
26 11722
24 11310
-1
23 11582
-1
-1
20 11741
-1
-1
22 11563
-1
24 11273
24 11273
-1
-1
25 11718
-1
-1
-1
-1
23 11731
-1
25 11558
-1
-1
26 11528
26 11503
-1
-1
-1
-1
-1
-1
-1
22 11751
-1
-1
22 11590
-1
-1
-1
26 11691
26 11608
-1
25 11601
26 11272
27 11735
-1
26 11698
-1
-1
25 11537
-1
25 11537
-1
-1
-1
22 11301
23 11770
23 11559
-1
23 11673
-1
17 11425
-1
-1
19 11671
-1
19 11671
-1
19 11664
23 11108
23 11108
-1
24 11543
-1
-1
-1
22 11546
-1
24 11748
-1
-1
22 11511
22 11511
-1
23 11754
-1
22 11756
22 11756
-1
-1
-1
-1
24 11597
26 11719
23 11632
23 11632
22 11637
22 11637
-1
18 11463
18 11463
-1
18 11569
-1
18 11440
-1
-1
-1
17 10988
18 11690
20 11624
21 11750
-1
-1
-1
29 11445
-1
-1
-1
31 11021
-1
-1
-1
20 11291
20 11758
20 10963
23 11509
-1
-1
22 11682
-1
20 10931
21 11389
20 11226
21 10868
22 11698
-1
24 11448
25 11548
25 11548
-1
26 11747
27 11252
27 11252
26 11550
26 11550
-1
-1
-1
27 11441
25 11689
-1
-1
26 11715
-1
27 11733
25 11593
25 11593
-1
-1
-1
-1
-1
-1
-1
-1
22 11397
22 11650
-1
24 11335
25 11600
-1
-1
-1
-1
-1
-1
-1
-1
-1
18 11520
-1
19 10815
-1
-1
-1
-1
-1
-1
21 11134
21 11106
22 11713
-1
-1
-1
21 10969
-1
23 11739
23 11739
24 11522
-1
-1
23 11345
-1
-1
28 11377
28 11674
28 11511
-1
28 11678
28 11678
-1
29 11474
22 11382
22 11492
-1
22 11569
-1
-1
-1
-1
19 11495
-1
23 11602
23 11602
24 11342
-1
24 11342
22 10821
-1
-1
-1
-1
27 11744
24 10952
-1
25 11650
-1
-1
25 11162
-1
27 11364
27 11364
-1
-1
28 11547
27 11776
25 11520
25 11593
-1
23 11458
-1
-1
-1
22 11477
23 11429
22 11179
-1
25 11742
-1
-1
-1
-1
-1
-1
-1
-1
-1
-1
-1
-1
23 11712
-1
-1
-1
20 11528
18 11441
16 10891
16 10891
-1
-1
18 11290
18 11290
20 11211
-1
-1
22 11481
-1
23 11615
23 11615
23 11591
23 11591
24 11711
23 11049
23 11049
-1
-1
-1
-1
-1
-1
-1
-1
21 11598
-1
-1
21 11254
-1
-1
-1
-1
25 11424
-1
-1
-1
-1
-1
24 11137
23 11493
-1
-1
22 11710
21 11776
20 11567
20 11416
-1
-1
20 11696
19 11181
-1
-1
-1
20 11646
20 11145
-1
21 11757
21 11757
20 11674
19 11593
20 11157
20 11421
-1
22 11681
-1
-1
-1
22 11336
-1
22 11336
23 11235
-1
-1
-1
-1
-1
-1
-1
28 11547
-1
-1
-1
24 11628
-1
22 11709
-1
24 11762
-1
25 11551
-1
30 11501
-1
31 11714
-1
-1
-1
28 11210
-1
26 10972
26 10972
29 11775
27 11756
-1
-1
-1
22 11176
22 11176
-1
-1
20 11054
22 11764
23 11751
27 11653
25 11079
-1
26 11501
-1
-1
25 11746
26 11706
26 11706
26 11737
-1
24 11203
-1
-1
-1
27 11710
26 11450
-1
-1
27 11307
-1
27 11762
-1
-1
26 11694
27 11654
26 11165
-1
-1
23 11719
-1
24 11726
25 11564
-1
-1
-1
-1
-1
23 11429
-1
25 11374
-1
-1
-1
23 11123
-1
23 11747
-1
22 11763
24 11382
-1
26 11438
-1
-1
-1
27 11354
-1
-1
-1
27 11364
28 11399
28 11403
28 11421
-1
28 11421
-1
28 11421
28 11421
-1
-1
-1
-1
-1
18 11601
18 11553
-1
-1
20 11636
-1
21 11760
-1
23 11546
-1
-1
23 11716
-1
-1
-1
-1
22 11498
24 11725
23 11696
-1
-1
-1
25 11612
26 11716
-1
-1
25 11661
-1
-1
24 11493
-1
-1
-1
-1
-1
-1
-1
-1
-1
26 11187
26 11187
-1
-1
23 11611
-1
-1
25 11727
25 11727
-1
-1
-1
-1
-1
-1
26 11742
-1
27 11759
-1
31 11749
31 11749
-1
-1
29 11773
27 11253
27 10963
28 11447
-1
22 11476
22 11476
-1
22 10970
-1
-1
-1
-1
-1
-1
25 11109
-1
-1
25 11398
28 11493
-1
-1
-1
-1
26 11196
27 11332
26 11663
25 10885
-1
-1
24 11467
-1
24 11625
23 11195
23 11195
25 11742
24 11601
-1
24 11601
-1
24 11555
-1
-1
24 11727
-1
-1
22 11193
-1
24 11519
-1
-1
23 11602
-1
23 11527
22 11705
23 11745
21 11357
21 11412
-1
-1
-1
-1
-1
-1
-1
22 11422
-1
21 11722
-1
-1
-1
-1
17 11224
-1
-1
-1
21 11559
-1
21 11208
21 11208
-1
20 11569
-1
-1
-1
19 10892
19 11166
-1
-1
-1
20 11673
21 11767
-1
-1
-1
-1
-1
-1
-1
-1
-1
-1
-1
20 11745
24 11401
-1
-1
-1
-1
-1
-1
33 11713
33 11545
-1
23 11505
23 11505
24 11537
-1
24 11296
-1
-1
26 11679
24 11638
22 11432
-1
-1
-1
20 11685
20 11366
-1
21 11399
-1
-1
-1
21 11627
22 11725
23 11618
-1
-1
25 11773
-1
-1
-1
-1
23 11557
-1
22 10987
22 10987
22 11494
-1
-1
-1
22 11742
-1
26 11488
-1
-1
-1
-1
31 11650
-1
-1
-1
30 11037
-1
31 11569
28 11449
28 11449
-1
-1
-1
-1
28 11605
-1
-1
-1
19 11471
19 11471
-1
-1
22 10876
-1
-1
-1
25 11611
-1
26 11733
25 11772
-1
25 11652
25 11641
-1
-1
24 11729
24 11729
-1
-1
-1
-1
-1
20 11732
-1
23 11409
23 11602
23 11435
24 11069
-1
-1
24 11363
-1
-1
24 11463
24 11660
23 11586
-1
-1
-1
-1
-1
21 10957
-1
20 11429
-1
-1
24 11551
-1
25 11438
-1
-1
20 11595
-1
21 11461
-1
-1
-1
-1
-1
-1
-1
-1
-1
24 11522
22 11751
-1
-1
19 11496
20 11379
-1
21 11774
21 10958
-1
-1
22 11689
23 11138
-1
23 11099
-1
-1
24 11448
24 11411
-1
-1
24 11703
-1
-1
-1
21 11354
21 11566
21 11566
-1
-1
-1
-1
-1
-1
22 11726
-1
21 11341
-1
18 11159
-1
-1
-1
-1
22 11472
-1
-1
-1
-1
-1
27 11659
28 11623
-1
28 11488
-1
-1
-1
31 11748
-1
-1
-1
30 11636
-1
30 11165
-1
-1
-1
30 11029
30 11029
-1
-1
-1
-1
-1
-1
26 11734
-1
26 11734
-1
25 11589
-1
24 11767
-1
-1
-1
21 11411
23 11697
22 11451
-1
25 11178
-1
-1
-1
-1
-1
25 11255
-1
-1
-1
-1
-1
26 11760
26 11760
24 11650
-1
25 11587
25 11587
25 11587
25 11390
24 11475
-1
25 11535
-1
-1
-1
-1
-1
-1
25 11703
25 11312
28 11770
-1
28 11624
26 11775
-1
-1
25 11502
25 11502
23 11468
-1
24 11656
22 11775
-1
-1
22 11775
23 11725
-1
-1
21 11286
22 11632
22 11632
-1
-1
22 11496
-1
19 11543
19 11436
-1
22 11062
22 11062
-1
23 11287
-1
-1
22 11157
-1
22 11542
-1
-1
-1
19 11673
19 11113
19 11238
19 11238
19 11721
18 11082
19 11527
19 11432
19 11525
-1
19 11759
-1
19 11393
18 11272
17 11165
20 11702
-1
19 11388
19 11388
20 11754
20 11079
21 11483
21 11483
-1
20 11714
-1
-1
20 10981
-1
-1
20 11496
-1
-1
24 11157
24 11157
27 11521
26 11244
-1
-1
-1
-1
23 11449
-1
21 11668
-1
21 11017
-1
21 11017
-1
21 11096
-1
23 11611
-1
24 11495
-1
24 11749
24 11445
24 11445
-1
-1
-1
-1
25 11394
-1
-1
-1
-1
24 11624
-1
25 11660
25 11630
-1
-1
27 11506
27 11506
-1
28 11718
27 11688
27 11688
-1
-1
31 11544
-1
-1
-1
32 11670
-1
25 11643
22 11356
23 11632
21 11117
-1
-1
-1
-1
-1
-1
-1
-1
25 11766
-1
-1
24 11582
-1
-1
23 11403
-1
-1
-1
-1
-1
26 11249
-1
-1
-1
-1
24 11759
-1
-1
-1
-1
-1
26 11607
-1
-1
19 10910
19 11594
18 11465
20 11602
19 11159
19 11013
-1
24 11256
-1
-1
23 11630
23 11630
-1
21 11143
22 11477
-1
23 11244
-1
-1
-1
-1
-1
-1
21 11663
21 11663
-1
-1
21 11186
-1
-1
-1
22 11726
-1
23 11604
-1
-1
-1
20 11358
-1
20 11492
-1
-1
-1
21 11346
21 11346
21 11346
-1
-1
-1
20 11181
21 11073
-1
-1
-1
-1
23 11710
23 11491
25 11521
-1
-1
-1
27 11534
-1
-1
-1
-1
26 11353
-1
-1
22 11685
-1
21 11766
19 11350
19 11633
-1
-1
21 10963
22 11052
-1
-1
-1
-1
-1
-1
-1
17 10963
-1
17 11008
-1
-1
-1
19 11611
-1
-1
-1
22 11618
-1
21 11383
-1
19 11308
20 11047
20 11108
-1
-1
23 11485
24 11720
24 10874
-1
-1
-1
-1
-1
-1
-1
24 11696
-1
-1
22 11465
-1
21 11553
21 11334
21 11415
21 11415
18 11379
-1
-1
-1
-1
-1
24 11592
-1
22 11015
-1
25 11716
-1
25 11716
-1
-1
22 11498
-1
-1
23 11383
-1
23 11383
23 11383
23 11132
-1
22 11069
-1
23 11639
23 11639
23 11636
-1
-1
20 11209
-1
-1
-1
20 11688
-1
-1
20 11497
-1
-1
21 11748
-1
21 11748
22 11632
-1
24 11317
24 11317
-1
24 11635
-1
-1
-1
24 11576
-1
-1
-1
-1
-1
-1
21 11368
21 11368
22 11740
22 11740
-1
21 11588
22 11707
-1
-1
-1
-1
-1
-1
25 11192
24 11743
-1
-1
25 11340
-1
-1
-1
-1
22 11169
-1
-1
24 11683
-1
-1
-1
-1
-1
-1
-1
-1
22 11302
-1
-1
-1
22 11190
23 11638
23 11638
-1
-1
19 11386
16 11296
-1
-1
-1
-1
-1
21 11570
22 11628
22 11761
22 11203
-1
22 11491
-1
21 11749
-1
-1
-1
20 11615
-1
18 11157
18 11157
20 11603
21 11635
22 11720
21 11302
21 11593
-1
-1
22 11509
22 11509
22 11509
-1
-1
-1
-1
-1
-1
-1
-1
-1
-1
25 11733
-1
-1
25 11116
-1
-1
26 11629
26 11695
26 11695
23 11535
23 10994
24 11490
25 11749
25 11749
25 11710
-1
21 11210
-1
-1
-1
-1
-1
-1
-1
-1
-1
23 11084
-1
24 11775
23 11469
-1
24 11677
-1
-1
-1
-1
-1
27 11592
-1
27 11616
27 11616
-1
-1
24 11677
-1
24 11695
21 11285
-1
22 11601
21 11466
-1
21 11683
-1
-1
18 11163
20 11736
-1
19 11082
20 11372
-1
-1
-1
-1
-1
25 11744
24 11304
-1
-1
-1
-1
26 11600
-1
-1
26 11182
-1
26 11115
26 11115
-1
23 11648
-1
23 11606
-1
-1
22 11155
22 11155
22 11306
20 11768
-1
-1
-1
22 11524
-1
-1
23 11339
-1
-1
-1
-1
-1
26 11610
-1
-1
23 11237
-1
-1
24 11656
-1
-1
23 11573
23 11573
24 11745
-1
-1
24 11730
23 11524
-1
-1
-1
-1
-1
-1
-1
-1
28 11410
26 11114
-1
26 11114
-1
27 11452
23 11611
21 11246
-1
24 11564
-1
-1
23 11151
-1
-1
-1
25 11228
-1
19 10947
-1
-1
-1
-1
-1
-1
22 11099
-1
-1
-1
-1
-1
-1
-1
-1
-1
-1
24 11647
25 11623
25 11767
-1
27 11227
-1
-1
29 11641
32 11641
-1
33 11195
-1
35 11599
35 11617
-1
32 11701
32 11701
-1
-1
-1
26 11621
-1
-1
-1
-1
19 11012
21 11007
-1
-1
19 11445
18 11089
18 11089
-1
19 11495
18 11513
-1
18 10992
21 11767
22 11775
-1
-1
-1
-1
-1
-1
21 11612
-1
-1
21 10919
21 10919
23 11764
23 11764
23 11172
23 11172
-1
-1
24 11230
-1
-1
-1
25 11685
25 11426
-1
-1
-1
-1
-1
27 11701
-1
-1
25 11044
25 11044
26 11642
25 11149
25 11149
-1
-1
-1
25 11734
26 11576
26 11576
-1
-1
-1
25 11446
24 10986
-1
24 10986
24 10986
-1
-1
25 11326
-1
25 11636
-1
-1
-1
-1
-1
-1
-1
26 11652
26 11565
26 11710
28 11576
-1
-1
-1
29 11478
-1
-1
-1
29 11434
29 11434
27 11592
27 11592
28 11764
27 11706
-1
-1
23 11482
-1
-1
-1
-1
-1
20 11316
21 11535
19 10913
-1
20 11552
-1
22 11649
-1
-1
-1
21 11768
-1
20 11180
-1
-1
20 11373
-1
20 11373
21 11090
-1
-1
-1
-1
21 11580
-1
-1
-1
21 11440
21 11698
21 11053
21 11053
21 11053
21 11053
-1
-1
-1
20 11429
-1
-1
20 11429
-1
-1
-1
-1
19 11691
-1
-1
-1
-1
-1
-1
-1
26 11643
-1
27 11607
-1
-1
-1
-1
-1
-1
-1
22 11454
-1
-1
20 11395
21 11050
-1
23 11522
-1
-1
-1
25 10882
-1
26 11674
26 11674
-1
-1
26 11508
-1
-1
-1
-1
24 11613
22 11614
-1
-1
-1
19 11144
-1
-1
22 11645
-1
-1
-1
-1
-1
-1
23 11772
23 11772
23 11772
-1
-1
21 11603
-1
-1
-1
-1
-1
-1
21 11458
21 11146
21 11146
21 11247
-1
22 11541
24 11646
-1
23 10879
-1
-1
-1
23 11605
23 11605
23 11605
-1
23 11605
23 11605
25 11738
-1
-1
-1
-1
24 11402
-1
26 11468
28 11309
-1
-1
-1
-1
-1
-1
24 11750
-1
-1
-1
-1
-1
-1
21 11556
-1
21 11648
-1
-1
-1
-1
23 11703
-1
21 11752
-1
21 11207
-1
21 11044
-1
23 11775
23 11651
23 11651
-1
22 11021
-1
23 11299
-1
22 11722
-1
-1
19 11659
17 11093
-1
-1
21 11404
21 11609
24 11454
-1
24 11585
23 11328
22 10980
22 10980
-1
-1
-1
-1
24 11302
28 11520
-1
29 11686
28 10945
-1
-1
30 11700
29 11304
29 11435
-1
23 11658
23 11629
19 11429
19 11768
-1
-1
21 11481
21 11481
21 11481
-1
-1
20 11440
-1
22 11672
22 11672
-1
28 11166
29 11653
28 11572
-1
-1
-1
26 11137
-1
26 11724
27 11155
23 11492
-1
-1
25 11266
-1
24 11602
25 11707
23 11470
-1
20 11226
-1
-1
20 10813
-1
-1
-1
-1
20 11354
-1
-1
24 11164
-1
-1
-1
-1
-1
-1
26 11481
-1
-1
-1
-1
-1
-1
-1
26 11681
24 11399
-1
26 11703
24 11652
24 11652
25 11535
-1
25 11707
-1
-1
25 11410
-1
-1
21 10913
23 11565
23 11565
-1
-1
-1
-1
-1
-1
25 11132
-1
-1
-1
-1
-1
26 11668
-1
-1
-1
-1
-1
22 11671
-1
24 11727
23 11659
23 11659
-1
22 11774
22 11611
22 11723
-1
-1
21 11666
21 11666
24 11607
-1
-1
22 11103
-1
-1
-1
-1
-1
-1
23 11318
-1
-1
20 11189
-1
21 11222
21 11222
21 11222
-1
-1
-1
-1
-1
-1
-1
-1
-1
-1
-1
26 10934
26 10934
25 11087
25 11087
23 11763
-1
23 11681
-1
-1
-1
-1
21 11583
21 11583
20 11127
-1
21 11337
-1
22 11746
20 11207
-1
-1
-1
20 11719
-1
20 11527
19 11296
-1
21 11537
21 10840
-1
-1
24 11206
24 11591
24 11546
-1
-1
-1
-1
-1
-1
-1
23 11656
-1
-1
25 11402
-1
25 11012
26 11544
-1
28 11763
-1
28 11763
26 11443
-1
-1
-1
20 11092
-1
20 11463
20 11663
-1
22 11592
-1
21 11460
-1
-1
-1
-1
-1
-1
-1
-1
29 11081
29 11081
-1
-1
-1
-1
24 11625
22 11163
-1
19 11141
-1
20 11063
-1
-1
-1
-1
18 11045
-1
20 11389
20 11389
-1
-1
-1
20 11328
-1
-1
-1
22 11068
-1
-1
-1
24 11381
-1
25 11651
25 11651
-1
24 11318
26 11635
-1
23 11740
23 11740
23 11740
-1
22 11769
-1
-1
-1
-1
-1
-1
-1
-1
-1
-1
-1
-1
-1
25 11703
27 11492
27 11725
27 11725
25 11267
-1
-1
-1
-1
-1
21 11603
-1
-1
-1
-1
-1
-1
-1
-1
-1
-1
28 11691
28 11691
28 11100
-1
-1
27 11719
-1
-1
-1
-1
-1
-1
23 11434
20 11181
19 11624
-1
-1
-1
-1
-1
24 11443
-1
28 11586
-1
-1
25 11312
-1
-1
-1
20 11275
-1
21 11071
-1
-1
-1
20 10949
-1
22 11190
-1
-1
22 11751
-1
-1
23 11702
24 11667
-1
24 11519
-1
-1
-1
23 11511
-1
-1
22 11756
21 11329
-1
-1
-1
19 11549
-1
-1
-1
-1
-1
-1
22 11469
-1
-1
-1
22 11471
-1
23 11601
-1
19 10837
19 10837
19 10837
-1
-1
-1
22 11712
22 11216
21 11208
-1
22 11492
-1
-1
-1
24 11321
-1
23 11496
-1
-1
25 11727
-1
27 11761
27 11761
27 11761
27 11761
27 11761
-1
28 11702
28 11595
29 11733
-1
-1
-1
-1
29 11135
27 11289
-1
-1
-1
25 11400
24 11467
-1
24 11370
-1
24 11675
-1
24 11636
-1
-1
-1
-1
-1
-1
-1
-1
-1
-1
23 11613
22 11002
22 11637
-1
-1
-1
-1
-1
-1
27 11673
-1
26 11068
27 11454
27 11454
-1
27 10957
28 10974
28 10974
-1
-1
-1
25 11772
25 11772
-1
24 11665
-1
-1
24 11589
-1
26 11297
27 11616
-1
-1
29 11678
-1
28 11121
31 11457
-1
-1
-1
29 11616
-1
25 11635
-1
-1
22 11643
22 11643
-1
22 11738
-1
-1
-1
-1
-1
22 11248
22 11766
-1
-1
-1
22 11210
22 11125
24 11538
-1
-1
-1
-1
-1
26 11704
-1
-1
-1
28 11586
28 11586
29 11160
31 11607
24 10840
21 11649
21 11649
21 11649
21 11710
21 11322
21 11322
-1
-1
22 11661
-1
22 11754
-1
22 11587
22 11587
22 11233
-1
21 11354
21 11611
-1
-1
-1
-1
-1
-1
-1
21 11700
-1
-1
22 11334
-1
-1
22 11211
-1
-1
25 11768
25 11641
-1
24 11675
24 11522
-1
24 11185
24 11185
-1
24 10916
23 11412
-1
23 11412
23 11412
-1
23 11282
22 11291
-1
-1
23 11717
23 11501
-1
-1
22 11647
22 11647
-1
24 11276
25 11606
25 11606
25 11606
26 10986
-1
26 10878
-1
-1
-1
22 11533
24 11702
-1
-1
-1
-1
-1
-1
-1
23 11190
-1
-1
-1
-1
29 11580
-1
29 11653
-1
26 11350
-1
25 11651
-1
-1
-1
26 11568
-1
-1
-1
-1
23 11253
23 11122
23 11122
-1
-1
25 11645
-1
24 11408
-1
-1
21 11227
-1
-1
-1
-1
23 11532
-1
-1
25 11321
-1
-1
-1
20 11580
-1
-1
28 11634
27 11497
-1
-1
-1
27 11054
-1
25 11589
-1
21 11771
-1
20 11142
-1
-1
-1
20 11455
21 11052
-1
-1
22 11399
-1
-1
-1
-1
-1
-1
-1
21 11361
-1
-1
22 11278
-1
21 11505
-1
-1
-1
-1
-1
-1
-1
-1
20 11369
-1
-1
24 11731
24 11731
-1
-1
-1
-1
-1
24 11325
25 11648
25 11648
-1
25 11685
-1
-1
-1
-1
-1
22 11771
19 11469
-1
-1
-1
-1
-1
22 11755
22 11488
-1
-1
-1
20 11619
-1
-1
-1
-1
-1
22 11624
22 11303
21 11072
-1
-1
-1
-1
-1
-1
19 11247
-1
-1
-1
28 11486
-1
28 11726
28 11402
28 11003
-1
-1
26 11515
26 11515
-1
24 11697
23 11762
-1
22 11422
-1
-1
22 11139
22 11139
-1
-1
-1
-1
-1
-1
-1
-1
-1
-1
-1
22 11521
22 11484
22 11020
-1
-1
-1
-1
22 11304
-1
-1
21 11568
-1
22 11745
24 11344
-1
-1
-1
-1
-1
-1
-1
24 11525
24 11522
-1
-1
-1
-1
-1
23 11238
24 11695
-1
-1
21 11729
-1
-1
-1
20 11533
-1
19 11515
19 11515
-1
-1
-1
-1
21 11530
-1
23 11760
24 11591
24 11591
24 11738
-1
-1
-1
-1
-1
27 11733
-1
-1
24 11593
24 11593
-1
20 11763
21 11343
-1
23 11384
-1
-1
-1
22 11140
-1
22 10899
-1
-1
23 11611
-1
-1
-1
25 11214
-1
-1
-1
-1
26 11523
-1
23 11699
23 11446
24 11290
-1
25 11645
-1
-1
-1
-1
-1
-1
25 11372
-1
-1
24 11688
-1
-1
-1
24 11518
-1
-1
-1
26 11673
-1
-1
27 11515
27 11515
28 11646
27 11257
-1
28 11558
-1
28 11558
-1
24 11245
25 11499
-1
22 11544
20 11588
20 11471
-1
-1
-1
-1
19 11774
-1
-1
20 11585
-1
-1
-1
20 11752
-1
-1
-1
-1
-1
22 11246
22 11246
-1
-1
-1
27 11326
-1
27 11625
-1
-1
-1
-1
-1
22 11179
-1
-1
-1
20 11698
19 11301
-1
-1
-1
-1
-1
-1
-1
26 11509
-1
25 11197
-1
-1
29 11141
29 11328
-1
30 11737
-1
27 11620
-1
-1
-1
-1
24 11771
-1
-1
21 11663
-1
-1
-1
-1
-1
-1
21 11162
19 11346
-1
19 11672
19 11672
19 11267
19 11637
19 11655
-1
-1
-1
20 11309
-1
21 11178
-1
21 11243
-1
-1
22 11563
-1
-1
-1
-1
-1
-1
-1
-1
28 11362
28 11362
28 11362
-1
-1
-1
25 11460
25 11460
-1
-1
-1
24 11770
-1
21 11309
20 10944
21 11468
21 11700
-1
-1
-1
22 10851
-1
-1
23 11384
23 11384
-1
-1
-1
-1
21 11771
20 11244
-1
20 11624
-1
-1
-1
21 10978
-1
21 10978
-1
22 11621
22 11621
-1
-1
23 11671
-1
26 11452
-1
-1
26 11452
-1
28 11199
-1
-1
-1
27 11754
27 11360
-1
25 11007
25 11007
23 11115
-1
-1
24 11567
26 11625
25 11631
25 11642
-1
-1
25 11756
-1
-1
25 11709
-1
25 11772
-1
28 11364
28 11364
27 11538
-1
27 11641
-1
-1
-1
22 11056
-1
22 11735
22 11735
-1
20 11061
-1
23 11294
-1
25 11734
-1
25 11365
-1
-1
-1
27 11760
-1
24 11399
-1
24 11609
-1
-1
-1
-1
24 10982
24 10982
27 11717
-1
-1
28 11710
-1
27 11517
27 11517
-1
-1
-1
-1
24 11749
-1
-1
23 11345
-1
25 11404
23 11099
26 11500
26 11643
26 11643
-1
-1
-1
-1
24 11564
-1
-1
22 11660
20 11432
-1
20 11432
20 11699
-1
-1
-1
-1
-1
-1
-1
19 11240
-1
20 10984
-1
20 11687
20 11685
19 11247
-1
18 11075
-1
19 11327
18 11567
-1
17 11145
20 11516
22 11446
22 11639
22 11747
22 11153
-1
23 11495
23 11495
24 11505
-1
25 11201
25 11201
25 11201
25 11370
26 11462
-1
-1
27 11734
28 11760
-1
-1
28 11163
-1
-1
-1
-1
-1
-1
-1
-1
-1
23 11359
20 11577
-1
-1
-1
20 11766
19 11514
-1
-1
-1
-1
-1
21 11550
-1
-1
-1
-1
23 11140
-1
-1
-1
27 11591
27 11352
26 11614
24 11453
-1
-1
-1
19 11381
-1
19 11718
19 11718
19 11410
19 11410
20 11457
20 11228
-1
23 11033
-1
-1
-1
-1
-1
-1
23 11480
-1
-1
23 11616
-1
-1
24 11453
27 11653
-1
-1
29 11470
28 11710
-1
-1
-1
25 11595
-1
24 11299
24 11299
-1
24 11527
24 11413
24 11413
-1
-1
23 11186
-1
-1
-1
-1
-1
-1
-1
19 11326
-1
22 10963
-1
23 11772
-1
-1
-1
-1
22 10998
-1
-1
-1
-1
-1
-1
-1
24 11426
-1
-1
-1
-1
-1
20 11266
-1
-1
-1
-1
18 11312
19 11040
-1
-1
-1
-1
22 11050
-1
26 11742
-1
-1
-1
28 11647
-1
-1
-1
30 11597
30 11597
-1
-1
-1
28 11415
-1
-1
-1
-1
-1
-1
26 11697
25 11742
-1
-1
26 11598
-1
-1
-1
28 11331
29 11581
-1
-1
26 11212
26 11212
26 11713
-1
-1
27 11554
23 11084
-1
24 11635
-1
-1
-1
19 11529
19 11165
20 11540
20 11540
20 11540
21 11673
-1
24 11574
24 11547
-1
26 11587
26 11587
-1
-1
25 11758
25 11758
20 11487
20 11487
-1
-1
-1
-1
-1
21 11444
21 11444
23 11371
-1
22 11440
22 11440
-1
-1
23 11178
27 11579
-1
-1
-1
29 10935
-1
29 10935
-1
-1
-1
-1
-1
-1
-1
-1
-1
18 11169
20 11645
-1
-1
20 11711
-1
22 11449
22 11449
22 11449
-1
-1
-1
-1
24 11562
24 11562
24 11482
-1
24 10914
28 11421
-1
-1
28 11421
-1
27 11431
-1
25 11743
-1
23 11629
-1
-1
-1
-1
17 10922
18 11735
-1
19 11749
20 11636
-1
19 11136
20 11726
20 11726
-1
-1
-1
-1
21 11385
-1
-1
21 11198
21 11198
-1
-1
-1
-1
-1
24 11469
-1
-1
24 11425
-1
-1
-1
18 11414
-1
-1
-1
-1
24 11725
-1
23 11162
-1
24 11735
24 11735
25 11756
-1
-1
-1
-1
-1
-1
22 11438
-1
-1
-1
24 11541
24 11541
-1
-1
-1
24 11205
-1
-1
-1
22 11088
24 11688
24 11688
-1
-1
25 11775
25 11457
-1
25 11713
-1
21 11366
-1
21 11366
23 11508
-1
-1
24 11583
24 11771
-1
-1
25 11665
23 11700
22 11375
-1
-1
23 11660
-1
-1
24 11766
-1
-1
-1
-1
-1
-1
23 11473
23 11701
23 11714
-1
22 11225
-1
-1
19 11292
-1
20 11510
-1
-1
20 11647
-1
19 10944
-1
19 10906
-1
-1
19 11482
-1
19 11527
20 11097
22 10913
23 11433
-1
-1
-1
23 11609
-1
-1
22 11159
-1
-1
-1
-1
26 11301
26 11301
-1
-1
-1
-1
27 11587
-1
-1
25 11309
26 11572
23 11248
-1
-1
-1
-1
22 11655
-1
24 11280
24 11280
25 11668
-1
27 11661
-1
-1
26 11559
-1
25 11427
21 10850
-1
22 11702
-1
19 11673
-1
-1
-1
-1
20 11686
-1
-1
-1
-1
20 11276
-1
22 11319
-1
23 11759
-1
-1
-1
-1
23 11485
-1
21 11336
21 11336
21 11336
20 11707
23 11662
-1
25 11621
25 11621
-1
-1
-1
24 11519
24 11519
24 11526
24 11526
-1
-1
23 10990
-1
-1
-1
25 11148
24 11491
25 11690
25 11690
24 11545
-1
-1
23 11717
-1
23 11706
-1
-1
-1
24 11682
-1
-1
20 11188
22 11472
-1
-1
-1
-1
27 11642
-1
28 11635
28 11635
27 10968
27 10968
29 11459
-1
25 11327
-1
27 11669
-1
26 11421
-1
27 11744
25 11321
-1
-1
26 11734
-1
26 11596
-1
24 11660
-1
-1
22 11746
-1
22 10967
-1
23 11002
-1
-1
25 11128
-1
24 11672
-1
24 11189
-1
-1
-1
-1
24 11281
25 11692
25 11692
25 11692
28 11500
-1
-1
-1
28 11304
-1
26 11506
-1
27 11743
-1
26 11502
26 11502
-1
23 11455
-1
-1
23 11691
21 11555
21 11555
-1
-1
-1
-1
-1
25 11547
25 11547
-1
-1
-1
26 11244
-1
-1
29 11644
25 11590
25 11590
-1
-1
-1
23 10926
-1
-1
-1
23 11315
-1
24 10934
-1
25 11703
-1
26 11487
22 11268
23 11579
-1
-1
-1
24 11721
24 11721
-1
22 11527
23 11638
-1
-1
-1
-1
-1
24 11739
-1
-1
-1
-1
26 11730
26 11730
-1
-1
-1
-1
24 11540
-1
-1
-1
-1
-1
-1
-1
-1
23 11713
-1
-1
23 11283
-1
-1
21 11716
-1
18 10965
20 11469
20 11469
-1
-1
21 11658
21 11658
21 11658
21 11658
-1
-1
22 11263
-1
23 11314
22 11111
-1
-1
25 11671
-1
-1
-1
22 10836
23 11716
-1
21 11256
21 11256
-1
-1
22 11569
23 11766
23 11531
23 11341
-1
-1
22 11181
-1
-1
-1
22 11754
-1
22 11754
21 11515
21 11161
23 10972
23 11382
-1
-1
-1
25 10861
26 11680
24 11719
-1
25 11522
25 11522
-1
-1
23 11602
23 11627
24 11705
-1
-1
23 11239
24 11452
-1
24 11557
25 11689
25 11689
26 11372
24 11301
-1
24 11301
-1
-1
-1
20 11641
20 11641
20 11130
-1
21 11769
-1
20 11071
20 11071
-1
-1
20 11586
24 11276
25 11485
-1
-1
25 11676
25 11506
-1
25 11506
25 11642
-1
25 11450
25 11450
25 11291
-1
-1
-1
25 11634
-1
-1
-1
-1
25 11524
-1
-1
23 11486
24 11416
-1
-1
23 11768
-1
21 11767
21 11767
-1
20 11322
20 11322
-1
20 10940
-1
23 11766
-1
-1
-1
22 11654
23 11382
-1
-1
-1
-1
-1
24 11357
24 11357
24 11357
27 11461
26 11187
26 11490
-1
25 11641
-1
20 11304
21 11675
-1
20 10915
-1
22 11457
22 11512
-1
23 11134
24 11158
-1
-1
22 11756
23 11397
23 11496
22 11767
19 11550
18 11538
18 11538
-1
21 11328
21 11432
-1
19 11571
-1
19 11117
19 11177
-1
21 11737
19 11269
-1
-1
-1
-1
23 11757
23 11757
24 11709
-1
-1
24 11531
24 11531
-1
-1
24 11113
-1
-1
-1
-1
25 11418
27 11371
-1
28 11638
28 11012
-1
-1
29 11595
27 11735
-1
-1
-1
-1
21 11604
22 10898
-1
-1
24 11224
24 11224
25 11516
-1
-1
-1
-1
20 11279
20 11695
19 11594
-1
20 11712
-1
20 11461
-1
-1
-1
-1
20 11767
-1
19 11046
20 11422
21 11537
-1
22 11144
-1
-1
-1
25 11692
-1
-1
25 11674
-1
-1
-1
-1
-1
-1
21 11749
-1
-1
22 11560
-1
-1
-1
-1
-1
30 11492
30 11492
-1
26 11620
-1
-1
-1
25 11319
24 11599
23 11293
-1
-1
24 11517
-1
-1
24 11092
24 11092
23 11479
-1
-1
24 11355
22 11042
22 11042
-1
22 11141
-1
-1
-1
-1
22 11253
-1
-1
-1
25 11593
26 11644
-1
26 11644
-1
-1
-1
-1
24 11332
23 11106
-1
24 11294
24 11294
-1
23 10938
24 11644
-1
-1
22 11032
23 11463
24 11671
24 11718
-1
-1
26 11692
26 11692
-1
25 11168
-1
25 11620
-1
-1
-1
-1
27 11713
27 11713
-1
24 11285
-1
-1
-1
-1
25 11672
-1
-1
27 11766
24 11214
-1
25 11730
26 11473
26 11473
25 11233
28 11678
28 11647
28 11647
23 11614
22 11550
-1
-1
-1
-1
19 11559
-1
19 11739
19 11739
-1
19 11739
19 11739
18 11489
-1
-1
-1
-1
19 11743
-1
-1
-1
-1
-1
-1
22 11352
22 11694
21 11518
-1
-1
-1
-1
18 11712
19 11687
20 11759
-1
20 11631
20 11631
-1
-1
22 11576
-1
-1
-1
23 11256
-1
25 11512
25 11757
-1
-1
-1
25 11111
26 11552
25 11757
26 11550
-1
24 11673
-1
24 11673
25 11056
-1
-1
22 11430
22 11430
22 10990
-1
-1
-1
22 11708
22 11708
22 11708
-1
22 11708
-1
-1
-1
20 11653
22 11762
-1
-1
22 11749
-1
-1
-1
22 11118
-1
22 11118
22 11118
22 11118
-1
22 11021
-1
-1
22 11482
-1
23 11734
-1
23 11734
-1
-1
-1
-1
21 11454
21 11454
-1
23 11733
-1
-1
23 11761
-1
-1
22 11773
-1
-1
20 11219
-1
17 11429
17 11429
-1
-1
21 11481
22 11466
23 11736
-1
24 11707
-1
25 11602
-1
-1
-1
28 11656
-1
-1
-1
-1
27 11199
-1
-1
29 11594
-1
-1
24 10928
-1
30 11726
-1
31 11739
31 11739
-1
-1
-1
-1
26 11405
-1
23 11187
-1
23 11730
22 11108
23 11464
23 11505
23 11505
-1
24 11420
-1
-1
-1
-1
-1
17 10974
-1
18 11459
19 11489
21 11612
21 11186
-1
22 11772
22 11772
21 11119
-1
22 11596
-1
-1
-1
-1
-1
-1
26 11439
-1
-1
-1
23 11472
23 11740
23 11740
-1
-1
-1
-1
-1
-1
17 11558
-1
18 11698
-1
19 11623
18 11403
18 11403
19 11564
19 11735
-1
20 10903
-1
-1
-1
-1
-1
24 11595
-1
-1
20 11200
20 11724
-1
19 11558
-1
-1
-1
19 10918
-1
20 11458
20 11245
-1
20 11660
-1
-1
-1
20 11306
20 11306
-1
23 11597
23 11597
23 11570
-1
-1
25 11775
-1
28 11261
24 11428
-1
25 11408
25 11408
22 11096
-1
-1
23 11222
-1
-1
-1
-1
-1
-1
20 11092
20 11092
21 11392
22 11644
-1
-1
23 11272
24 11656
24 11656
-1
24 11656
-1
22 11665
-1
-1
-1
27 11489
27 11582
29 11766
-1
29 11756
-1
-1
22 10988
21 11043
-1
-1
-1
-1
-1
-1
20 11382
19 11613
-1
18 11522
-1
-1
17 11246
17 11246
20 11743
-1
-1
20 11743
-1
-1
20 11319
-1
-1
21 11512
-1
21 11508
-1
23 11458
-1
23 11312
25 11651
-1
-1
26 11435
-1
-1
-1
28 11290
28 11290
-1
30 11556
-1
29 11000
30 11689
-1
28 11418
28 11094
28 11094
-1
-1
25 11410
-1
28 11763
28 11638
-1
26 11054
27 11454
26 11530
-1
-1
26 11437
-1
-1
-1
-1
-1
-1
-1
-1
-1
-1
-1
24 11535
-1
-1
-1
-1
-1
-1
-1
-1
28 11191
-1
26 11425
-1
23 11609
23 11609
-1
-1
-1
22 11730
-1
-1
-1
23 11762
-1
-1
25 11716
25 11480
-1
29 11406
-1
-1
-1
-1
-1
-1
-1
29 11102
27 11355
27 11355
22 11075
-1
25 11579
-1
-1
-1
-1
26 11410
-1
-1
26 11113
-1
26 11589
-1
-1
26 11478
-1
26 11642
-1
-1
-1
-1
23 11536
-1
-1
22 11486
-1
21 11331
-1
-1
21 11735
-1
21 11060
-1
-1
22 11242
-1
-1
25 11615
-1
24 11385
-1
-1
-1
24 11440
-1
-1
-1
24 11635
24 11635
-1
-1
-1
-1
28 11487
28 11480
-1
-1
-1
20 11503
-1
-1
-1
17 11473
-1
-1
-1
23 11561
-1
24 11030
23 11395
23 11395
23 11543
-1
26 11451
26 11451
-1
-1
-1
-1
20 11604
-1
-1
-1
-1
-1
-1
-1
22 11769
-1
23 11469
23 11201
-1
24 11365
-1
-1
-1
-1
24 11630
-1
-1
24 11630
-1
25 11627
-1
24 11649
-1
27 11704
-1
23 11604
-1
-1
-1
21 11479
20 11289
22 11378
-1
22 11378
22 11378
-1
-1
24 11559
24 11530
23 11333
-1
-1
25 11161
26 11614
-1
26 11614
27 11667
-1
-1
26 11569
26 11569
-1
26 11569
-1
24 11194
-1
-1
-1
-1
30 11726
-1
25 11324
25 11324
26 11682
-1
-1
-1
25 10896
-1
22 11228
22 11228
22 11155
22 11195
22 11751
22 11742
24 11142
-1
-1
24 11497
-1
-1
-1
22 11321
-1
21 11427
21 11427
-1
-1
-1
-1
21 11200
21 11200
-1
20 11507
-1
20 11134
21 11773
-1
-1
24 11028
-1
-1
-1
-1
-1
-1
-1
-1
25 11693
25 11326
-1
23 11485
-1
22 11730
-1
-1
-1
21 11651
21 11311
20 11356
-1
-1
-1
-1
22 11082
-1
-1
-1
26 11762
-1
25 11287
-1
-1
-1
-1
-1
-1
-1
23 11596
-1
23 11596
-1
-1
-1
22 11625
22 11768
-1
-1
-1
-1
24 11297
24 11737
23 11145
24 11566
-1
24 11630
-1
-1
24 11630
23 11219
-1
24 11604
-1
-1
-1
25 11318
25 11318
25 11318
-1
-1
-1
27 11185
27 11185
-1
26 11514
-1
27 11579
24 11045
26 11776
-1
26 11655
26 11655
-1
24 11529
-1
23 11721
-1
-1
23 11775
-1
23 11683
-1
21 11712
21 11712
21 11712
-1
-1
-1
-1
-1
22 11435
-1
21 11751
-1
-1
19 11079
-1
-1
26 11744
-1
-1
-1
-1
-1
25 11671
25 11671
25 11768
25 11482
25 11482
-1
-1
-1
31 11467
-1
31 11683
29 11456
-1
30 11736
30 11736
-1
-1
31 11340
-1
-1
-1
-1
-1
26 11723
26 11723
23 11073
-1
24 11164
25 11687
-1
-1
24 11676
-1
26 11417
25 11629
21 11371
-1
-1
22 11161
-1
-1
22 11062
-1
23 11504
22 11288
-1
-1
-1
20 11427
-1
21 11373
21 11373
-1
22 11530
-1
-1
-1
24 11769
-1
-1
-1
-1
-1
21 11748
20 11494
20 11494
-1
19 11170
19 11170
-1
-1
-1
23 10838
-1
-1
27 11518
30 11748
-1
-1
29 11752
30 11741
-1
-1
-1
-1
-1
-1
27 11497
-1
-1
-1
26 11682
-1
-1
25 11471
-1
-1
-1
-1
-1
-1
-1
-1
-1
23 11104
-1
-1
-1
-1
-1
-1
23 11440
-1
-1
-1
-1
-1
-1
21 11452
-1
26 11271
-1
26 11149
26 11169
-1
-1
28 11545
28 11545
-1
-1
27 11760
24 11428
25 11604
22 11587
22 11587
-1
-1
23 11591
23 11591
-1
23 11569
23 11761
-1
23 11761
-1
22 11609
-1
-1
19 11250
-1
19 10932
-1
22 10792
24 11123
26 11716
-1
-1
26 11126
27 11707
-1
-1
26 11595
-1
27 11310
27 11310
-1
-1
27 11260
28 11655
-1
30 11620
-1
-1
-1
29 11305
29 11305
29 11766
-1
-1
26 11631
-1
28 11679
28 11679
27 11627
27 11627
22 11500
-1
-1
-1
-1
22 11401
22 11401
22 11401
-1
-1
-1
-1
-1
19 11265
-1
-1
20 11328
22 11207
22 11207
23 11030
-1
-1
26 11682
-1
26 11172
27 11768
-1
-1
-1
-1
-1
-1
-1
-1
-1
-1
22 11577
22 11569
-1
-1
-1
22 11110
-1
-1
-1
-1
25 11481
25 11481
-1
-1
24 11523
-1
25 11773
-1
26 11604
26 11604
24 11003
-1
-1
24 11244
-1
25 11578
-1
25 11553
-1
28 11460
-1
-1
-1
-1
-1
25 11580
-1
21 11184
-1
-1
-1
24 11225
25 11239
25 11658
25 11658
-1
-1
-1
-1
-1
20 11535
20 11535
20 11498
-1
-1
23 11276
25 11524
25 11524
-1
-1
-1
-1
-1
-1
23 11573
-1
-1
-1
22 11705
-1
-1
-1
-1
-1
-1
-1
21 11764
-1
22 11632
23 11586
23 11586
-1
22 11150
-1
-1
22 11267
21 11640
-1
20 11013
-1
20 11614
23 11619
-1
-1
23 11524
-1
21 11382
-1
22 11775
21 11530
21 11609
22 11634
21 10948
22 11454
21 11073
22 11656
-1
22 11656
22 11656
23 11299
-1
24 11381
-1
-1
-1
-1
-1
-1
-1
-1
-1
20 11662
-1
-1
-1
20 11763
-1
-1
-1
22 11723
-1
-1
-1
-1
-1
19 11244
19 11244
20 11610
22 10909
19 11498
-1
-1
15 11681
15 11427
15 11427
16 11084
17 11543
16 11296
-1
16 11296
-1
-1
-1
-1
21 11711
-1
-1
23 11180
22 10987
24 11076
25 11176
-1
-1
22 11596
22 11407
21 11115
-1
-1
-1
-1
19 11771
-1
-1
19 11209
19 11209
-1
-1
-1
21 11682
21 11682
24 11328
-1
-1
28 11125
-1
31 11738
-1
27 11394
-1
-1
-1
-1
25 11750
-1
25 11750
25 11750
25 11750
-1
23 11692
-1
-1
23 11692
23 11692
-1
-1
-1
-1
-1
20 11163
20 11410
20 11700
-1
19 11712
-1
19 11456
-1
19 11634
-1
23 11736
26 11677
-1
27 11646
26 11146
26 11146
-1
27 11236
-1
27 11570
-1
-1
-1
-1
-1
25 11431
23 11192
-1
-1
23 11731
-1
-1
20 11536
-1
21 11718
-1
-1
-1
-1
-1
27 11593
-1
29 11688
28 11715
25 11499
25 11499
22 11309
-1
22 11309
-1
-1
19 11320
-1
-1
-1
20 11315
-1
-1
-1
20 11473
-1
-1
-1
25 11548
23 11611
-1
-1
20 11242
20 11242
-1
17 11329
-1
-1
-1
18 11520
22 11552
-1
22 11270
-1
22 10840
-1
-1
22 11255
22 11255
23 11299
22 11635
21 11455
21 11455
-1
-1
-1
-1
-1
19 11066
-1
-1
-1
-1
-1
26 11286
24 11571
24 11571
-1
22 11593
21 11560
20 11753
-1
22 11180
-1
22 11517
-1
-1
-1
-1
23 11061
-1
-1
25 11770
23 11351
22 11743
25 11726
-1
-1
-1
-1
-1
23 11640
24 11751
26 11364
26 11364
-1
28 11549
20 11159
18 11428
19 11758
-1
18 11510
19 11681
-1
22 11607
-1
23 10919
23 10919
-1
24 11597
-1
23 11614
21 11034
-1
25 11722
-1
27 11720
-1
25 11236
-1
26 11599
-1
-1
29 11652
25 11751
-1
-1
-1
24 11416
-1
-1
-1
21 11243
21 11263
21 11263
-1
-1
-1
-1
-1
-1
25 11708
-1
-1
-1
-1
-1
-1
27 11717
-1
-1
25 11569
25 11569
-1
-1
-1
-1
19 11498
-1
-1
21 11703
20 11749
-1
-1
22 11484
22 11484
-1
23 11407
25 11495
26 11755
22 11428
-1
21 11497
21 11497
21 10960
22 11450
-1
-1
24 11572
23 11775
22 11143
-1
-1
-1
-1
-1
-1
-1
-1
20 11705
-1
-1
-1
22 11418
22 11418
-1
24 11646
24 11729
26 11528
-1
25 11632
25 11632
24 11729
-1
24 11465
-1
-1
-1
25 11446
23 11578
-1
22 11599
-1
-1
-1
-1
-1
-1
24 11146
-1
-1
23 11676
-1
-1
-1
-1
25 10998
25 10998
26 11772
23 11546
-1
20 11445
-1
-1
-1
20 11091
20 11655
20 11655
20 11655
-1
22 11392
-1
-1
24 11535
24 10869
24 10869
-1
24 11588
-1
-1
26 11751
26 11496
26 11252
26 11252
26 11252
-1
-1
23 11420
-1
19 11496
-1
-1
-1
19 11673
-1
-1
-1
-1
-1
-1
-1
-1
-1
-1
21 11604
-1
-1
-1
22 11588
-1
-1
22 11766
-1
-1
26 11649
26 11198
27 11523
-1
27 11646
28 11443
29 11668
-1
29 11668
-1
29 11490
-1
27 11231
27 11231
-1
-1
-1
-1
-1
24 11150
24 11150
-1
-1
-1
23 11276
-1
25 11282
26 11603
27 11399
-1
27 11724
25 11604
25 11296
-1
-1
25 11716
-1
26 11735
-1
26 11762
-1
-1
-1
-1
-1
-1
19 11285
-1
-1
-1
19 11541
-1
19 11284
19 11502
-1
-1
21 11730
21 11321
-1
-1
-1
-1
22 11411
-1
-1
-1
-1
-1
-1
-1
22 11540
-1
24 11525
20 11299
-1
22 11503
20 11238
-1
20 11238
-1
20 11192
-1
-1
19 11699
17 11400
-1
-1
17 11466
-1
-1
-1
-1
20 11200
20 11200
-1
-1
-1
-1
-1
-1
-1
27 11171
29 11568
29 11568
28 11479
-1
-1
-1
27 11544
-1
-1
24 11086
23 11467
22 11553
22 11660
24 11355
-1
25 11087
26 11620
-1
-1
-1
-1
-1
31 11596
-1
23 11754
-1
-1
24 11605
-1
22 11679
-1
-1
23 11267
24 11659
-1
-1
-1
23 11629
22 11528
-1
-1
-1
-1
-1
-1
-1
-1
23 11722
-1
20 11559
20 11346
-1
-1
-1
-1
21 11607
-1
-1
-1
22 11469
21 11602
-1
-1
-1
-1
-1
-1
25 11737
26 11739
24 11275
-1
-1
24 11534
-1
21 11410
-1
23 11533
23 11533
-1
20 11066
20 10926
21 11592
22 11631
-1
26 11296
-1
25 11155
-1
-1
-1
23 11225
-1
23 11323
-1
24 11307
-1
25 11728
23 11723
-1
18 11441
-1
20 11031
21 11162
22 11719
22 11719
22 11719
22 11719
-1
-1
25 10929
25 10929
-1
-1
27 11711
22 11017
-1
20 11409
-1
22 11354
-1
-1
23 11183
22 11311
23 11659
-1
24 11729
-1
-1
24 11404
24 11521
-1
-1
-1
23 11418
24 11440
24 11709
24 11709
-1
24 11709
-1
-1
-1
-1
-1
21 10894
-1
-1
18 11609
-1
18 11669
-1
24 11619
24 11341
-1
-1
-1
25 11759
25 11275
-1
-1
24 11202
-1
-1
-1
27 11545
-1
28 11487
28 11641
-1
-1
28 11293
-1
-1
28 11329
-1
25 11498
25 11507
-1
25 11204
25 11204
-1
26 11337
26 11337
-1
-1
25 11641
-1
25 11641
24 11239
-1
-1
24 11743
-1
-1
24 11686
-1
23 11630
23 11630
24 11672
21 11470
-1
-1
22 11637
22 10887
-1
23 11602
22 11258
22 11258
20 11617
-1
-1
-1
26 11266
-1
-1
27 11776
27 11734
-1
26 11654
-1
26 11676
-1
26 11525
26 11525
-1
-1
-1
28 11689
-1
-1
24 11502
-1
24 11467
24 11467
-1
24 11620
-1
-1
25 11386
25 11386
25 11676
24 11354
22 11729
-1
-1
20 11185
22 11697
-1
-1
-1
26 11769
-1
-1
-1
-1
-1
-1
21 11541
21 11234
-1
-1
22 11450
22 11450
-1
-1
-1
22 11639
19 11675
19 11675
-1
19 11623
-1
21 11718
-1
22 11716
-1
-1
25 11236
25 11236
-1
-1
-1
19 10886
25 11731
-1
27 10923
-1
-1
28 11542
20 11327
-1
-1
-1
21 10865
-1
22 11567
-1
-1
-1
23 11346
-1
23 11487
-1
23 11692
-1
22 11728
-1
23 11064
-1
-1
-1
-1
-1
22 11652
-1
-1
18 10881
-1
-1
-1
21 11705
-1
-1
-1
-1
-1
-1
22 10922
-1
-1
-1
-1
-1
22 11334
22 11334
21 11144
22 11305
-1
23 11484
23 11140
-1
-1
-1
18 11155
18 11155
-1
-1
19 11758
19 11758
-1
-1
19 11243
19 11423
20 11736
23 11739
-1
22 11742
24 10880
-1
26 11731
-1
26 11678
-1
29 11366
26 11650
26 11650
-1
-1
-1
-1
-1
-1
30 11553
-1
-1
-1
-1
28 11536
-1
28 11536
-1
29 11295
-1
-1
28 11689
25 11750
-1
-1
23 11531
22 11487
22 11721
-1
-1
23 10994
-1
24 11449
24 11449
-1
27 11672
-1
27 11774
27 11556
27 11556
-1
-1
-1
-1
-1
-1
-1
-1
-1
-1
-1
-1
23 11198
19 11757
-1
-1
19 11757
19 11641
-1
-1
-1
21 11672
-1
21 11265
-1
-1
-1
23 11611
23 11482
-1
25 11378
-1
-1
26 11380
27 11523
-1
-1
25 11538
-1
-1
25 11479
-1
30 11685
30 11542
29 11543
30 11693
30 11693
-1
-1
25 11405
-1
-1
-1
-1
24 11732
-1
23 11398
-1
-1
20 11247
-1
-1
-1
-1
20 11029
21 11127
22 11669
23 11683
-1
25 11683
25 11683
-1
-1
26 11666
-1
-1
-1
-1
-1
24 11702
24 11234
26 11701
-1
28 11711
27 11289
27 11289
29 11353
30 11141
31 11712
-1
-1
-1
-1
-1
23 11325
-1
-1
19 11513
19 11679
-1
22 11753
-1
20 11719
-1
20 11611
-1
-1
23 11666
23 11666
23 11269
22 10858
24 11559
24 11559
24 11725
-1
-1
-1
19 11606
-1
-1
18 11636
18 11378
19 11412
19 11697
-1
-1
-1
21 11238
-1
-1
22 11421
-1
-1
-1
-1
-1
-1
-1
-1
-1
-1
-1
27 11765
-1
-1
25 11742
-1
-1
-1
21 11251
-1
24 11626
24 11560
26 11729
26 11729
-1
-1
-1
27 11603
27 11240
27 11196
-1
-1
-1
20 11664
20 11664
20 11588
20 11588
20 11588
-1
-1
20 11547
-1
-1
20 11327
-1
-1
-1
21 11464
23 11739
-1
-1
-1
-1
23 11298
-1
26 11635
26 11635
-1
-1
-1
-1
22 11725
-1
-1
-1
22 11707
-1
-1
21 11303
-1
22 11331
-1
-1
-1
-1
-1
-1
26 11174
-1
-1
-1
-1
-1
-1
26 11742
23 11536
-1
22 11442
-1
-1
-1
-1
-1
21 11486
-1
-1
-1
21 11440
22 11754
-1
22 11535
-1
-1
21 11164
22 11574
-1
22 11558
-1
-1
20 11496
21 11426
-1
-1
22 11660
-1
-1
-1
-1
24 11371
-1
-1
-1
-1
-1
-1
19 11533
-1
20 11592
20 11370
20 11370
-1
20 11035
22 11729
-1
22 11729
-1
23 11306
23 10970
-1
-1
-1
22 11617
22 10995
-1
25 11648
24 11398
26 11415
26 11415
23 10972
24 11652
-1
26 11671
26 11362
26 11362
-1
-1
-1
-1
-1
28 11272
26 11367
23 11720
23 11720
-1
23 11535
21 11668
21 11678
21 11678
-1
20 11221
-1
23 11723
23 11723
23 11723
-1
21 11207
-1
-1
-1
-1
-1
-1
-1
26 11433
-1
-1
-1
-1
-1
23 11577
23 11577
-1
22 11760
-1
-1
-1
-1
26 11587
-1
28 11574
28 11574
28 11743
28 11743
-1
-1
24 11748
22 11040
-1
-1
24 11451
22 11324
-1
-1
-1
-1
21 11535
22 10985
-1
-1
-1
-1
-1
26 11462
26 11462
-1
27 11262
30 11734
25 11596
-1
-1
20 10977
-1
-1
20 11101
-1
-1
-1
-1
-1
-1
21 11640
21 11418
19 11453
-1
-1
-1
-1
25 11489
24 11575
-1
24 11479
-1
-1
-1
-1
25 11415
25 11415
27 11772
-1
29 11765
22 10948
-1
-1
-1
-1
-1
25 11773
-1
24 11646
-1
22 11314
27 11710
26 11258
26 11258
22 11768
-1
-1
-1
-1
18 11053
20 11594
19 11198
-1
-1
-1
24 11752
-1
24 11663
24 11663
-1
23 11027
-1
23 11339
23 11339
-1
24 11711
24 11711
24 11712
-1
23 11657
-1
18 11680
-1
-1
-1
18 11722
-1
19 11677
20 11628
-1
-1
21 11722
-1
-1
23 11108
-1
26 11734
27 10932
27 10932
28 10936
-1
29 11639
29 11311
-1
29 11621
29 11621
24 11625
25 11730
23 11625
24 11360
24 11360
-1
-1
21 11146
-1
-1
-1
-1
25 11765
-1
-1
23 11697
21 11512
-1
23 11727
-1
27 11602
27 11602
-1
-1
-1
-1
24 11027
23 11403
-1
-1
-1
-1
-1
24 11730
-1
26 11197
26 11397
-1
-1
26 11557
-1
-1
-1
-1
-1
26 11440
-1
-1
-1
-1
-1
25 11708
24 11399
-1
-1
-1
-1
23 10962
23 11052
-1
-1
-1
-1
25 11264
-1
-1
-1
-1
-1
24 11605
-1
-1
25 11566
23 11632
22 11209
23 11741
22 11574
-1
-1
-1
-1
19 10987
-1
21 11096
-1
-1
-1
26 11747
26 11645
26 11645
-1
25 11752
-1
-1
22 11701
20 11291
-1
20 11291
20 11291
-1
21 11019
-1
22 11138
-1
-1
-1
-1
29 11468
-1
31 11688
-1
26 11435
-1
-1
-1
-1
-1
21 11441
22 11370
22 11370
21 11038
21 11038
22 11437
-1
-1
23 10796
-1
25 11381
-1
-1
25 11458
27 11771
-1
27 11771
27 11771
-1
28 11651
28 11651
29 11598
-1
-1
-1
-1
-1
-1
-1
26 11316
-1
28 11496
28 11585
-1
-1
26 11475
-1
26 11475
26 11083
28 11672
-1
22 11266
24 11467
-1
-1
19 11146
-1
18 11398
17 11332
17 11332
-1
-1
-1
-1
21 10878
23 11707
-1
25 11153
-1
-1
-1
28 11566
28 11503
-1
29 11651
-1
-1
-1
28 11716
28 11059
-1
-1
26 11466
26 11711
23 11552
23 11552
-1
-1
-1
22 11393
22 11393
-1
-1
-1
-1
21 11350
22 11646
-1
-1
-1
-1
21 11077
20 11606
21 11704
-1
20 10843
20 10843
21 10945
-1
24 11577
24 11247
25 11203
-1
-1
-1
-1
-1
-1
26 11329
26 11329
-1
-1
27 11618
-1
25 11431
-1
-1
-1
24 11346
23 11652
-1
-1
-1
-1
20 11395
-1
-1
-1
-1
21 11594
-1
19 11201
-1
-1
19 11201
-1
-1
-1
20 11571
21 11525
21 11525
21 11675
21 11675
-1
20 11358
-1
-1
20 11601
-1
-1
19 11292
-1
19 11103
-1
-1
-1
-1
-1
20 11571
-1
-1
-1
-1
26 11445
-1
-1
25 11177
-1
25 11405
-1
-1
-1
-1
25 11519
24 11406
24 11406
-1
24 11627
24 11627
-1
-1
25 10939
-1
-1
24 11721
-1
-1
-1
-1
-1
20 10874
20 10874
-1
22 10967
-1
-1
-1
-1
23 11638
-1
24 11014
-1
-1
25 10877
26 11615
-1
-1
24 11726
24 11367
-1
-1
19 11542
-1
-1
20 11618
-1
-1
22 11663
22 11663
22 11580
21 11325
21 11325
-1
-1
-1
-1
-1
-1
-1
19 11540
-1
-1
18 11449
-1
-1
-1
-1
22 11370
21 11228
-1
-1
21 11651
-1
19 11323
19 11220
19 11220
-1
17 11197
-1
22 11436
24 11760
-1
-1
24 11760
-1
25 11549
-1
24 11347
-1
28 11738
-1
26 11613
-1
20 11540
19 11246
20 11699
-1
19 11383
-1
-1
-1
19 11200
-1
20 11603
20 11747
-1
18 11388
-1
19 11581
21 11722
21 11722
-1
21 11596
-1
-1
-1
-1
-1
-1
-1
-1
20 11743
-1
19 11673
-1
19 11741
-1
21 11615
-1
-1
-1
25 11578
24 11558
-1
-1
-1
24 11021
23 11321
22 11340
-1
-1
-1
-1
-1
23 11448
23 11448
-1
27 11702
-1
-1
30 11491
30 11491
32 11772
-1
-1
32 10984
-1
-1
33 11748
33 11576
31 11733
-1
-1
-1
-1
-1
-1
-1
-1
23 11485
-1
24 11333
25 11657
25 11684
21 11487
-1
21 11595
-1
21 11327
-1
21 11327
21 11327
-1
22 11062
-1
23 11319
-1
-1
24 10999
26 11659
-1
24 11494
25 11649
24 11747
-1
23 11334
24 11595
24 10852
-1
-1
-1
-1
24 11562
-1
25 11236
-1
-1
27 11737
-1
21 11537
23 11677
-1
24 11300
-1
-1
25 11397
-1
-1
23 11752
23 11752
20 11642
19 11755
-1
-1
21 11306
-1
23 11552
23 11552
24 11178
-1
-1
-1
31 11472
31 11751
-1
-1
-1
-1
-1
-1
-1
-1
-1
-1
-1
-1
22 11631
19 11773
21 11445
23 11543
-1
-1
-1
-1
-1
-1
23 11429
-1
-1
25 11555
24 11636
-1
20 11647
20 11697
16 11014
-1
16 11014
-1
16 11014
20 11695
-1
20 11542
21 11555
-1
18 11443
17 11234
-1
17 11357
-1
-1
-1
-1
-1
18 11664
20 11355
-1
20 10986
21 11501
-1
-1
-1
20 11275
22 11626
-1
24 11464
-1
24 11665
-1
-1
-1
23 11145
-1
-1
20 11346
-1
-1
-1
24 11651
26 11473
-1
27 11542
-1
-1
-1
-1
-1
-1
-1
-1
-1
-1
22 11645
20 11120
21 11696
-1
-1
-1
-1
18 11279
-1
18 11435
-1
-1
18 11055
18 11055
-1
19 11215
20 11317
-1
-1
20 11142
20 11142
-1
-1
22 11756
-1
22 11263
-1
20 11353
20 10952
20 10952
-1
21 11184
22 11345
-1
-1
-1
-1
-1
-1
24 11745
-1
-1
-1
24 11583
-1
22 11694
22 11694
-1
-1
22 11311
-1
-1
-1
-1
-1
26 11285
-1
-1
25 11468
-1
-1
-1
22 11048
23 11682
23 11682
22 11111
-1
-1
-1
-1
27 11728
-1
24 11616
-1
-1
25 11273
-1
-1
-1
22 11180
-1
24 11682
20 11509
-1
-1
20 11069
-1
-1
-1
20 11570
-1
20 11570
-1
20 11658
-1
19 11389
-1
-1
-1
28 11105
28 11105
-1
29 11470
-1
-1
-1
-1
-1
-1
-1
26 11695
26 11588
-1
-1
-1
-1
23 11735
23 11754
-1
-1
20 11421
21 11632
19 11460
19 11460
20 11398
-1
-1
24 11253
24 11253
-1
21 11224
-1
-1
-1
-1
-1
-1
-1
-1
20 11382
-1
25 11669
-1
-1
-1
23 11356
-1
-1
25 11482
-1
25 11481
22 11522
-1
-1
-1
-1
18 11653
18 11653
-1
-1
18 11275
19 11689
-1
-1
-1
-1
21 11416
-1
21 11368
-1
20 11516
20 11516
-1
21 11449
21 11449
-1
-1
25 11548
25 11548
-1
-1
27 11655
27 11347
28 11541
27 11087
25 11656
-1
-1
-1
17 11181
-1
-1
19 11665
-1
18 11561
-1
-1
17 11096
19 11590
19 11590
-1
-1
-1
-1
21 11729
-1
23 11673
-1
-1
-1
-1
23 11602
-1
-1
23 11732
22 11091
-1
-1
-1
-1
-1
21 11694
19 11208
-1
21 11290
-1
22 11486
-1
21 11327
-1
23 11579
-1
-1
25 11624
-1
-1
-1
-1
-1
23 11731
-1
-1
27 11587
-1
-1
-1
24 11681
-1
28 11669
-1
-1
-1
-1
23 11436
-1
-1
23 11693
23 11472
-1
-1
-1
-1
24 11608
24 11608
-1
25 10836
-1
-1
-1
-1
-1
26 10971
-1
-1
28 11616
28 11616
28 11616
-1
22 11360
22 11360
-1
-1
18 11531
-1
19 11507
-1
20 11346
20 11770
-1
-1
-1
-1
-1
-1
-1
-1
22 11511
24 11775
-1
25 11323
23 11313
23 11379
-1
26 11738
-1
24 11667
-1
24 11667
-1
24 11254
-1
-1
-1
-1
-1
20 11089
22 11739
20 11101
-1
19 11154
20 11051
-1
-1
20 11455
-1
-1
-1
-1
-1
23 11706
-1
23 11465
-1
26 11692
24 10931
24 10931
21 11690
-1
22 11027
23 11635
-1
23 11700
23 11248
24 11422
-1
24 10977
-1
29 11576
-1
-1
-1
-1
-1
25 11562
-1
19 11271
19 11528
-1
21 11320
-1
-1
23 11440
-1
-1
-1
25 11522
-1
-1
22 11301
-1
18 11442
19 11700
-1
-1
-1
22 11546
23 11143
-1
23 11143
-1
28 11518
-1
-1
-1
-1
-1
27 11240
24 11774
24 11774
-1
-1
-1
-1
-1
18 11098
-1
18 11098
20 10914
-1
-1
-1
21 11598
-1
-1
21 11672
-1
-1
-1
-1
-1
18 11572
-1
-1
-1
19 11307
-1
-1
21 11235
21 11663
21 11663
-1
-1
22 11350
-1
-1
24 11573
-1
-1
-1
-1
-1
-1
-1
24 11681
-1
-1
-1
20 11514
25 11641
25 11558
-1
25 11526
22 10901
23 11567
-1
21 11228
-1
-1
-1
-1
-1
-1
22 11418
22 11531
-1
24 11621
-1
25 11772
-1
-1
-1
-1
-1
20 11686
21 11619
21 11619
-1
21 11579
-1
22 11641
-1
-1
-1
-1
-1
25 11440
-1
-1
25 11345
26 11502
-1
22 11770
22 11770
-1
-1
-1
22 11519
22 11764
22 11212
-1
-1
22 11319
-1
22 11652
-1
23 11470
23 11470
-1
-1
-1
-1
-1
-1
21 11562
-1
21 11562
-1
-1
-1
-1
-1
-1
25 11457
26 11300
-1
-1
-1
30 11322
-1
-1
24 11307
-1
24 11307
24 11307
-1
-1
-1
-1
-1
-1
-1
-1
21 11589
-1
21 11699
26 11550
26 11550
26 11582
26 11582
24 11353
-1
24 11670
23 11202
25 11542
25 11547
-1
24 11651
-1
-1
-1
22 11674
22 11674
-1
-1
-1
25 11054
-1
-1
-1
-1
22 11632
-1
-1
-1
-1
21 11646
-1
23 11683
23 11683
25 11462
-1
-1
25 11553
25 11553
25 11638
-1
-1
25 11638
-1
-1
-1
-1
27 11415
-1
-1
25 11444
-1
23 11243
-1
-1
23 11774
-1
-1
-1
24 11649
24 11649
-1
-1
-1
24 11503
-1
26 11606
-1
-1
-1
-1
25 11549
-1
-1
-1
-1
27 11747
-1
27 11398
-1
-1
-1
-1
22 11554
23 11671
-1
-1
-1
-1
24 11607
-1
-1
24 11248
-1
-1
24 11679
22 11043
-1
23 11764
-1
22 11059
22 11059
23 11228
-1
-1
-1
-1
26 11271
-1
26 11432
26 11664
26 11664
-1
-1
-1
23 11070
-1
21 11317
-1
18 11526
-1
-1
20 11295
21 11618
-1
-1
22 11666
-1
-1
-1
-1
-1
-1
20 11752
-1
-1
24 11105
-1
25 11329
25 11468
-1
21 11057
21 11499
20 11607
21 10911
-1
21 10911
-1
22 11419
-1
-1
-1
24 11558
24 11558
-1
-1
23 11656
18 11256
16 11106
-1
17 11425
-1
21 11666
-1
-1
22 11429
-1
-1
-1
23 11532
-1
-1
-1
-1
-1
-1
22 11105
23 11392
-1
-1
24 11537
-1
22 11724
-1
23 11242
23 11242
23 11242
-1
-1
27 11630
-1
-1
-1
-1
-1
27 10970
-1
-1
26 11731
26 11731
-1
-1
-1
25 11395
25 11395
25 11546
25 11546
24 11202
22 11507
22 11507
-1
-1
21 10886
-1
26 11772
-1
-1
25 11775
-1
25 11151
25 11151
-1
25 11151
-1
-1
-1
-1
26 11664
-1
-1
26 11664
26 11582
-1
-1
-1
-1
-1
-1
25 11373
-1
-1
24 11773
-1
-1
-1
-1
26 11479
26 11332
-1
-1
-1
-1
-1
29 11591
-1
31 11707
31 11707
-1
28 11138
-1
-1
24 11693
-1
-1
22 11603
-1
-1
-1
25 11744
-1
-1
22 11166
22 11166
-1
-1
-1
22 11754
-1
21 11295
22 11743
-1
-1
21 11018
-1
22 11408
22 11109
-1
23 11583
-1
-1
21 11624
-1
-1
22 11363
21 11247
-1
23 11670
23 11670
-1
-1
23 11350
23 11350
24 11559
-1
-1
-1
-1
-1
-1
-1
-1
-1
19 11504
18 11696
-1
-1
-1
20 11633
23 11420
-1
-1
21 11178
24 11572
-1
24 11572
24 11303
-1
-1
27 11733
28 11497
28 11497
-1
28 11139
23 11596
-1
-1
-1
-1
24 11329
23 11467
-1
-1
22 11624
-1
-1
24 11333
24 10913
25 11562
25 11562
22 11443
23 11746
23 11681
-1
-1
22 11479
22 11479
-1
-1
-1
-1
-1
21 11715
-1
-1
21 11715
-1
22 11753
-1
-1
-1
24 11278
-1
-1
25 11695
-1
-1
-1
-1
26 11302
27 11755
-1
27 11011
-1
-1
-1
20 11349
-1
-1
-1
-1
-1
24 11373
24 11373
-1
-1
-1
-1
-1
17 11230
-1
-1
-1
19 11646
-1
-1
22 11682
-1
-1
23 11762
23 11085
24 11465
25 11377
-1
-1
-1
-1
-1
-1
22 11272
-1
-1
-1
-1
22 11698
-1
-1
-1
22 11730
-1
21 11570
-1
-1
22 11662
-1
22 11579
-1
24 11587
-1
23 11468
23 11468
-1
-1
22 11340
-1
23 11752
23 11752
23 11752
-1
23 11665
23 11665
21 11129
23 11510
-1
23 11610
-1
-1
-1
-1
-1
23 11638
-1
-1
-1
-1
20 11434
-1
-1
24 11745
23 11286
-1
-1
23 11677
-1
-1
-1
-1
-1
23 11525
23 11461
23 11606
-1
-1
-1
-1
25 11686
-1
24 11349
-1
23 11594
-1
22 11695
-1
20 11357
20 11357
22 11500
-1
-1
22 11728
-1
-1
-1
-1
-1
26 11380
-1
-1
27 11256
-1
28 11473
-1
-1
-1
-1
-1
-1
21 11264
-1
-1
25 11190
-1
24 11206
-1
23 11301
23 11301
24 10977
-1
-1
-1
23 11371
-1
25 11653
25 11653
-1
-1
22 11686
24 11410
24 11410
-1
-1
25 11582
-1
-1
26 11329
23 10910
-1
24 11357
23 11243
-1
-1
-1
-1
-1
20 11599
20 11769
20 11379
22 11711
-1
-1
-1
25 11752
-1
-1
22 11688
-1
23 11701
-1
24 11706
-1
-1
-1
24 11481
-1
23 11750
-1
-1
-1
23 11064
-1
-1
-1
-1
-1
-1
25 11650
25 11650
-1
-1
-1
-1
20 11049
-1
-1
21 10821
21 10821
-1
-1
25 11769
-1
26 10937
30 11749
-1
30 11706
-1
-1
-1
26 11621
25 11381
25 11492
-1
26 11757
25 11697
-1
23 11513
21 11118
-1
22 11635
-1
25 11500
-1
-1
-1
-1
19 10964
21 10971
-1
-1
23 11679
23 11679
23 11679
-1
23 11679
23 11647
24 11535
24 11535
25 11701
-1
23 11705
21 11638
-1
21 11594
21 11581
-1
-1
-1
-1
28 11659
-1
-1
-1
-1
24 11728
-1
-1
-1
25 11609
-1
26 11405
25 11560
23 11499
24 11762
24 10982
-1
25 11410
-1
-1
25 11653
25 11663
-1
-1
20 11744
-1
19 11438
-1
-1
-1
21 11385
-1
21 11111
21 11111
-1
-1
22 11489
-1
-1
-1
-1
-1
22 10943
22 11771
-1
-1
-1
22 11545
-1
22 11613
-1
-1
-1
22 11286
23 11513
-1
-1
25 11722
25 11722
-1
-1
26 11606
-1
-1
28 11703
-1
-1
24 11742
-1
-1
-1
24 11380
24 11380
24 11745
-1
-1
22 11193
24 11643
-1
25 11451
24 10963
24 11485
23 11243
21 11305
-1
-1
-1
-1
21 11274
21 11274
22 11362
21 11534
-1
22 11607
22 11544
-1
-1
-1
26 11750
-1
-1
25 11773
-1
20 11726
20 11726
20 11726
18 11104
-1
-1
-1
20 11090
-1
-1
22 11154
23 11650
22 11714
-1
-1
-1
-1
-1
23 11700
23 11773
-1
-1
21 11356
20 11739
-1
-1
-1
-1
22 10901
-1
-1
25 11730
-1
24 11697
-1
-1
23 11701
24 11433
-1
23 11693
-1
23 11239
-1
23 11239
-1
24 11672
24 11672
-1
28 11662
-1
30 11750
31 11397
-1
-1
-1
-1
-1
32 11506
-1
21 11701
19 11131
20 11386
-1
-1
18 11715
18 11771
17 11462
-1
-1
-1
-1
-1
21 11659
-1
-1
-1
-1
-1
19 11235
19 11442
21 11734
-1
21 11734
-1
-1
-1
22 11394
-1
-1
24 11652
-1
-1
24 11655
24 11012
-1
-1
-1
-1
-1
20 11726
-1
19 11433
-1
-1
18 11503
20 11744
-1
-1
23 11738
22 11310
-1
-1
23 11314
-1
22 11643
-1
-1
23 11005
23 11005
24 11435
-1
23 11726
-1
-1
21 10806
23 11576
23 11576
-1
-1
-1
-1
23 11332
-1
24 11634
-1
24 11200
25 11678
-1
23 11296
23 11296
23 11296
-1
-1
-1
-1
24 11296
-1
24 10940
17 11147
18 11187
20 11187
20 11717
-1
-1
-1
20 11434
22 11553
-1
22 11324
24 11578
-1
25 11676
-1
26 11494
-1
-1
-1
23 11718
23 11721
-1
-1
-1
20 11579
20 10972
20 10972
21 11191
19 11265
-1
-1
18 11518
18 11713
18 11284
18 11249
-1
-1
-1
-1
-1
-1
29 11148
29 11148
-1
27 11712
-1
24 11093
23 11260
-1
-1
-1
23 11628
24 11637
-1
-1
24 11336
-1
-1
-1
-1
21 11155
-1
-1
-1
-1
23 11387
-1
22 11001
27 11491
24 11055
25 11591
-1
25 11430
-1
23 11505
23 11505
-1
-1
23 11715
22 11695
21 11339
21 11339
25 11623
-1
-1
26 11708
-1
27 11590
28 11508
-1
26 11596
26 11596
-1
27 11749
27 11749
30 11554
30 11331
30 11331
-1
-1
-1
-1
-1
29 11021
-1
-1
-1
-1
-1
25 11690
23 11116
24 11577
21 11522
-1
20 11739
19 11460
-1
-1
19 11626
-1
-1
21 11533
-1
-1
-1
27 11048
26 11766
-1
-1
-1
23 11248
23 11248
23 11248
21 11075
-1
-1
20 11607
-1
-1
-1
-1
22 11464
24 11216
-1
-1
25 11711
23 11435
-1
-1
-1
-1
24 11737
-1
-1
21 11157
-1
-1
-1
-1
-1
-1
-1
-1
25 11714
25 11714
-1
26 11465
-1
30 11409
-1
-1
-1
-1
-1
-1
31 11199
26 11283
-1
-1
24 11450
-1
19 11293
-1
-1
-1
21 11592
-1
-1
20 10932
-1
21 11749
21 11749
22 11649
21 11640
-1
-1
-1
-1
-1
20 11705
22 11198
-1
22 11198
24 11766
-1
-1
24 11643
-1
27 11674
-1
30 11690
30 11690
31 11759
-1
27 11449
27 11449
-1
-1
25 11581
-1
-1
-1
22 11293
-1
24 11717
-1
-1
-1
24 11197
-1
-1
-1
-1
22 11728
23 11570
-1
-1
-1
-1
-1
-1
-1
-1
-1
-1
21 11739
-1
-1
19 11385
19 11207
-1
-1
20 11631
20 10932
20 10932
-1
20 10932
-1
-1
-1
-1
28 11406
30 11735
-1
26 11667
26 11662
-1
25 11108
25 11108
-1
26 11323
24 11554
-1
-1
22 11027
-1
-1
23 11620
-1
22 11302
-1
21 11623
21 11623
21 11579
-1
-1
-1
22 11070
-1
-1
-1
-1
26 11465
27 11697
27 11701
-1
-1
-1
21 11306
-1
-1
-1
-1
22 11685
-1
-1
-1
20 11489
-1
-1
-1
-1
21 11761
-1
-1
-1
22 11201
-1
-1
-1
-1
-1
25 10919
26 11557
-1
24 11753
-1
-1
-1
-1
-1
25 11538
-1
20 10903
-1
-1
-1
-1
-1
-1
-1
19 11522
22 11692
22 11596
22 11610
22 11610
-1
20 11509
-1
-1
-1
-1
-1
25 11440
25 11646
24 11483
-1
25 11656
26 11724
26 11724
-1
-1
-1
26 11242
27 11659
-1
-1
-1
-1
-1
-1
-1
25 11479
26 11649
-1
-1
23 11673
-1
-1
-1
-1
21 11486
-1
-1
-1
-1
20 11757
-1
21 11735
-1
-1
20 11643
-1
20 11427
-1
22 11345
22 11053
-1
22 11517
-1
-1
-1
-1
-1
22 10978
-1
23 11491
26 11179
-1
-1
-1
25 11558
-1
22 11243
22 11243
23 11616
-1
-1
-1
23 11415
-1
-1
24 11758
25 11725
26 11739
27 11651
-1
-1
-1
-1
-1
-1
27 11733
27 11733
-1
-1
-1
19 11543
-1
19 11619
19 11140
-1
-1
-1
-1
-1
20 11583
20 11583
-1
20 11629
19 11232
-1
20 11511
20 10957
20 10957
20 10957
-1
-1
-1
22 11752
-1
-1
-1
20 11563
20 11768
-1
-1
17 11018
17 11244
-1
-1
-1
20 11642
18 11677
-1
-1
19 11512
-1
-1
-1
21 11536
-1
-1
-1
-1
-1
22 11489
22 11306
20 11624
20 11624
20 11073
-1
-1
-1
-1
24 11648
24 11679
22 11652
-1
-1
-1
21 11562
-1
-1
-1
-1
23 11187
-1
-1
-1
-1
-1
-1
-1
24 11381
25 11199
27 11230
27 11655
27 11655
-1
23 11621
-1
-1
18 11442
-1
-1
23 11433
-1
-1
-1
23 11265
22 11582
-1
-1
-1
-1
-1
-1
-1
24 11081
24 11081
-1
-1
26 11705
27 11255
27 11635
-1
-1
-1
-1
-1
-1
23 11270
25 11518
26 11635
25 11308
24 11452
24 11452
-1
25 11033
27 11659
-1
27 11659
27 11659
26 11628
-1
-1
23 11764
-1
23 10972
24 11231
-1
-1
26 11598
-1
25 11667
-1
-1
-1
25 11645
-1
23 11408
-1
20 11700
-1
-1
-1
23 11640
-1
-1
-1
-1
-1
25 11559
24 11626
-1
24 11197
25 11335
25 11335
23 11065
23 11065
24 11469
-1
-1
20 10842
21 11402
21 11402
-1
23 11567
-1
-1
27 10914
-1
-1
-1
-1
-1
-1
29 11053
-1
21 11709
-1
-1
21 11239
22 11568
-1
17 11538
-1
17 11321
21 11767
21 11767
-1
-1
24 11618
24 11741
-1
25 11496
-1
-1
20 11338
21 11609
20 11442
21 10865
21 11290
22 11496
-1
-1
-1
-1
24 11514
-1
26 11693
-1
23 11328
-1
21 11637
-1
19 11742
19 11742
-1
19 11769
-1
20 11336
-1
-1
-1
-1
24 11444
-1
-1
-1
28 11759
-1
-1
-1
-1
-1
30 11772
-1
-1
30 11602
30 11602
-1
31 11624
-1
-1
-1
26 11317
26 11317
27 11639
-1
-1
27 11455
-1
-1
26 11155
-1
-1
-1
-1
-1
24 11556
24 11028
24 11113
-1
23 11698
-1
-1
22 11145
24 11767
24 11421
22 11257
24 11342
-1
24 11628
-1
-1
28 11127
30 11689
-1
-1
27 11596
-1
29 11112
-1
-1
-1
25 10813
-1
-1
27 11299
-1
28 11672
-1
24 11575
23 11657
-1
-1
-1
-1
25 11606
-1
26 11637
26 11637
26 11551
26 11551
26 11551
-1
25 11747
25 11221
-1
25 11640
24 11639
25 11506
-1
26 11326
26 11326
-1
23 11626
23 11626
-1
22 11648
23 11755
-1
24 11748
-1
-1
-1
24 11216
25 11649
-1
-1
27 11452
28 11205
29 11660
-1
29 11409
30 11730
34 11772
-1
31 11518
-1
28 11174
-1
-1
27 11775
-1
-1
-1
18 11566
20 11750
20 11696
20 11696
20 11696
-1
20 11431
25 11213
-1
24 11726
-1
-1
-1
-1
23 11535
-1
-1
-1
-1
21 11078
-1
-1
-1
-1
-1
22 11630
-1
-1
-1
21 11503
-1
22 11304
-1
-1
20 11228
-1
-1
23 11113
-1
-1
-1
-1
-1
20 11538
20 11538
-1
-1
21 11379
21 11055
-1
26 11670
-1
-1
20 11536
21 11387
-1
-1
-1
-1
22 11564
-1
-1
22 11564
-1
22 11754
-1
-1
-1
-1
20 11587
-1
-1
-1
-1
19 11451
-1
18 10890
18 10890
-1
21 11763
21 11175
-1
-1
-1
-1
-1
28 11216
28 11216
-1
-1
26 11258
-1
-1
20 11727
-1
21 11307
-1
-1
-1
26 11174
26 11174
26 11174
-1
-1
-1
-1
30 11739
30 11739
-1
-1
-1
29 11719
29 11719
29 11719
24 11579
-1
23 11528
21 11329
21 11329
22 11694
-1
-1
-1
-1
-1
-1
23 11535
-1
-1
-1
-1
23 11735
-1
-1
-1
23 11285
-1
-1
24 11599
-1
22 10882
-1
-1
22 11769
-1
24 11739
-1
-1
23 11018
-1
26 10934
-1
-1
-1
-1
25 11209
25 11740
-1
21 11755
-1
23 11673
23 11673
-1
-1
-1
-1
-1
-1
-1
-1
20 11490
-1
20 11497
-1
22 11160
22 11160
-1
-1
-1
-1
24 11256
20 11483
19 11474
17 11759
17 11759
-1
-1
20 11373
-1
23 11571
-1
-1
-1
22 10917
23 11478
-1
24 11216
24 11216
-1
25 11355
-1
-1
24 11664
24 11727
24 10939
26 11748
26 11748
25 11052
-1
26 11535
25 11652
-1
-1
-1
-1
-1
26 11467
-1
-1
28 11683
28 11683
-1
-1
-1
-1
-1
27 11530
-1
23 11753
23 11753
-1
-1
22 11698
-1
23 11770
-1
-1
23 10881
24 11026
24 10901
-1
-1
-1
23 11371
23 11371
23 11371
-1
-1
-1
24 11728
-1
-1
24 11238
26 11677
26 11677
-1
-1
23 11181
24 11296
-1
-1
27 11126
-1
-1
-1
-1
-1
-1
28 11762
-1
-1
-1
-1
-1
-1
-1
-1
-1
-1
-1
-1
-1
-1
21 11744
20 11413
-1
-1
20 11499
-1
20 11542
-1
-1
-1
21 11062
21 11071
23 11579
-1
23 11579
-1
-1
-1
-1
25 11677
25 11677
-1
26 11715
-1
25 11633
26 11748
23 11765
24 11615
-1
21 11463
-1
22 11537
22 11015
23 11679
-1
24 11688
24 11688
-1
20 11524
-1
19 11440
-1
21 11662
21 11600
21 11600
-1
21 11321
-1
-1
-1
-1
-1
-1
22 11471
-1
-1
-1
-1
-1
-1
-1
22 11761
-1
-1
-1
21 11701
-1
-1
-1
22 11702
-1
20 11557
-1
22 11563
22 11749
-1
-1
-1
-1
-1
25 11588
-1
25 11301
-1
-1
-1
-1
26 11484
-1
-1
20 11555
-1
-1
20 10997
-1
-1
-1
22 11601
22 11601
-1
23 11390
-1
-1
24 11766
24 11462
25 11716
27 11243
27 11243
-1
25 11079
27 11716
24 11566
-1
-1
-1
24 11673
-1
-1
17 11440
20 11744
18 11383
-1
-1
-1
-1
-1
17 11268
-1
-1
-1
-1
-1
-1
20 11292
20 11292
20 11660
20 11660
20 11660
-1
-1
19 11028
-1
17 11755
-1
-1
-1
-1
-1
22 11385
22 11385
-1
22 11068
-1
-1
25 11669
-1
-1
-1
19 11669
19 11669
19 11278
-1
-1
22 11502
-1
-1
-1
-1
-1
-1
23 11564
24 11747
25 11518
-1
25 11546
-1
-1
-1
23 11604
-1
-1
-1
-1
-1
26 11687
25 11346
-1
-1
22 11616
-1
-1
22 11616
21 11745
-1
-1
-1
19 11603
-1
18 11173
-1
20 11612
-1
18 10957
-1
-1
24 11605
25 11433
25 11350
-1
-1
25 11413
28 11740
29 11732
29 11732
-1
26 11195
-1
25 11713
24 11489
24 11532
-1
23 11312
24 11313
-1
-1
-1
27 11755
26 11323
-1
-1
21 11659
-1
-1
-1
23 11401
23 11401
23 11401
23 11401
22 11472
23 11761
-1
-1
-1
-1
-1
-1
-1
-1
-1
-1
-1
-1
-1
-1
20 11741
-1
-1
20 11717
-1
-1
21 11751
21 11751
21 11751
-1
-1
-1
-1
-1
-1
21 11350
-1
21 11490
23 11120
-1
-1
24 11518
-1
-1
26 11540
27 11764
27 11480
-1
-1
25 11171
-1
-1
22 11630
-1
22 11572
-1
-1
-1
-1
27 11717
-1
-1
29 11741
29 11741
-1
-1
29 11646
-1
-1
29 11616
-1
31 11775
30 11654
28 11056
-1
29 11440
-1
-1
24 11604
-1
26 11761
-1
-1
21 11305
-1
-1
21 11760
-1
21 11716
-1
20 11073
-1
-1
-1
-1
-1
21 11420
-1
20 10911
-1
21 11656
21 11656
22 11640
22 11640
23 11706
22 11194
-1
-1
22 11020
22 11319
-1
-1
-1
22 11090
22 11090
-1
-1
20 10928
-1
22 11578
21 11758
20 10905
-1
23 11686
-1
-1
22 11106
-1
22 11016
-1
-1
23 11116
20 11407
18 11420
20 11330
-1
-1
-1
23 11150
-1
-1
23 11561
24 11748
-1
-1
25 11715
-1
-1
-1
22 11419
23 11577
-1
21 11263
-1
23 11716
-1
23 11701
-1
-1
-1
-1
24 11517
-1
-1
26 11698
25 11179
26 11758
-1
27 10904
-1
-1
-1
30 11622
-1
29 11465
29 11465
-1
-1
20 11544
-1
-1
-1
-1
21 11351
-1
-1
21 11436
-1
-1
-1
-1
-1
-1
28 11424
28 11424
28 11424
-1
28 11518
26 11761
26 11405
-1
-1
-1
-1
20 11127
21 11653
21 11653
-1
21 11653
21 11323
24 11748
25 11759
-1
-1
-1
25 11654
-1
24 11773
24 11773
21 10957
22 11601
-1
-1
23 11661
23 11661
-1
24 11717
24 11302
-1
24 11718
-1
25 11402
-1
27 11729
26 11204
26 11571
24 11076
-1
23 11672
21 11262
-1
-1
21 11384
21 11384
-1
-1
-1
-1
25 11459
-1
23 11719
-1
-1
-1
23 11425
-1
25 11142
-1
-1
24 11332
-1
22 11690
-1
-1
-1
24 11700
-1
-1
24 11175
-1
-1
-1
-1
25 11754
-1
24 11196
25 11581
21 11017
-1
-1
-1
-1
20 11624
-1
20 11624
-1
-1
23 11351
25 11450
26 11614
-1
22 11379
-1
24 11413
24 11052
25 11065
26 11602
-1
25 11101
-1
25 11101
26 11644
24 11463
24 11463
-1
-1
-1
21 11077
-1
24 11648
-1
21 10900
21 10900
-1
-1
-1
-1
-1
23 11717
-1
-1
-1
18 11032
-1
-1
22 11757
-1
-1
-1
-1
-1
-1
27 11679
-1
-1
28 11453
28 11453
-1
-1
25 11346
25 11277
26 11471
-1
23 10994
-1
22 11718
-1
-1
-1
-1
19 11226
19 11226
-1
20 11192
20 11192
21 10914
22 11471
-1
22 11294
-1
-1
-1
-1
19 11305
-1
-1
-1
-1
-1
25 11377
-1
-1
-1
23 11745
22 11601
-1
-1
24 11474
22 11161
-1
-1
22 11725
-1
19 11251
-1
-1
19 11094
-1
-1
-1
-1
27 11657
-1
-1
24 11726
25 11639
22 11521
-1
22 11494
-1
-1
26 11522
-1
26 11178
-1
-1
-1
31 11473
29 11109
29 11109
31 11467
31 10920
32 11659
-1
31 10874
32 11200
31 11594
31 11104
-1
-1
-1
27 11440
-1
-1
-1
-1
-1
25 11484
-1
24 11041
-1
24 11041
-1
-1
-1
-1
-1
19 11668
20 11774
-1
-1
-1
-1
23 11321
-1
-1
24 11760
-1
-1
22 11197
-1
-1
-1
19 11581
-1
19 11617
20 11681
-1
22 11523
-1
-1
-1
24 11128
25 11206
28 11476
30 11522
-1
29 11719
-1
29 11745
29 11745
25 11476
25 11476
-1
23 11454
21 11442
21 11442
-1
21 11343
-1
26 11508
-1
-1
-1
25 11339
-1
-1
27 11671
-1
-1
-1
26 11618
24 10970
-1
25 11451
25 11038
-1
-1
25 11177
24 11349
-1
19 11342
-1
-1
20 11747
-1
18 11033
20 11723
-1
-1
-1
20 10941
20 10941
-1
20 10941
20 10941
-1
21 11288
-1
-1
22 11402
24 11577
-1
27 11718
27 11310
27 11310
28 11355
28 11355
28 11355
27 11312
23 11618
-1
-1
-1
-1
-1
-1
-1
-1
26 11509
-1
26 11531
-1
26 11531
26 11761
-1
-1
-1
-1
24 11561
-1
24 11422
21 11148
22 11734
-1
21 11218
-1
26 11119
-1
26 11119
-1
-1
29 11741
27 11639
-1
-1
-1
-1
-1
26 11755
-1
-1
25 11718
-1
24 11399
24 11187
25 11212
25 11212
-1
30 11614
-1
-1
30 11322
30 11649
30 11650
22 11146
22 11146
-1
21 11487
19 10964
-1
-1
-1
-1
20 11363
20 11045
20 11045
-1
23 11493
23 11168
23 11168
-1
23 11168
-1
23 11739
-1
-1
21 11741
-1
-1
24 11698
-1
24 11723
24 11723
24 11224
-1
-1
-1
23 11588
23 11588
23 11588
-1
24 11186
26 11767
-1
25 11655
-1
-1
-1
20 11106
-1
22 11334
-1
21 11768
23 11464
-1
24 11522
-1
24 11564
-1
26 11184
-1
25 11070
-1
-1
-1
-1
-1
-1
22 11531
22 11678
23 11770
20 11710
20 11710
21 11095
-1
20 11481
-1
24 11432
25 11533
-1
-1
27 11445
27 11445
-1
-1
-1
-1
28 11397
-1
27 11672
27 11672
-1
-1
-1
-1
20 11751
-1
-1
24 11446
-1
-1
-1
-1
26 11012
26 11640
-1
-1
25 11539
25 11302
-1
21 11372
-1
22 11188
-1
-1
-1
23 11698
-1
23 11344
-1
-1
-1
-1
-1
-1
20 11564
18 11397
-1
-1
-1
17 11212
-1
-1
17 11212
-1
19 11607
-1
-1
-1
20 11186
-1
-1
23 11613
-1
-1
-1
-1
-1
21 11099
-1
-1
-1
-1
-1
-1
24 10908
-1
-1
-1
23 11227
22 11142
22 11142
-1
-1
21 11567
20 11453
-1
-1
-1
20 11534
20 11534
-1
-1
-1
-1
-1
22 11655
22 11677
-1
-1
-1
