-1
-1
-1
1 596
6 4181
-1
6 4181
-1
9 7030
-1
-1
18 11302
-1
-1
17 11209
18 11494
-1
-1
-1
-1
22 11566
-1
22 11114
-1
22 11743
22 11743
22 11305
26 11585
-1
-1
-1
-1
-1
-1
-1
-1
-1
25 11722
25 11722
26 11067
-1
28 11653
26 11265
-1
-1
-1
-1
23 11624
-1
-1
21 11683
-1
-1
-1
-1
-1
19 11017
-1
20 11588
-1
-1
20 11509
-1
-1
-1
24 11696
24 11696
24 11546
-1
-1
25 11184
25 11184
-1
-1
24 10803
25 11542
25 11542
-1
-1
24 11507
25 11066
-1
25 11741
23 11197
-1
24 10984
-1
24 10984
-1
-1
-1
-1
-1
26 11748
27 11084
-1
-1
-1
-1
26 11481
26 11284
-1
-1
-1
-1
-1
-1
27 11721
-1
25 11691
-1
-1
-1
-1
24 11661
24 11661
25 11482
23 11545
-1
22 11611
-1
-1
-1
-1
-1
26 11699
24 10964
22 10836
24 11757
-1
-1
21 11313
-1
-1
-1
-1
-1
23 11730
-1
-1
24 11714
-1
-1
-1
26 11451
28 11562
29 11602
-1
-1
-1
27 11305
-1
-1
-1
29 11623
29 11568
29 11568
28 11091
-1
21 11706
-1
-1
-1
-1
-1
-1
20 11199
-1
20 11050
-1
-1
20 11542
-1
-1
19 11229
20 11678
-1
-1
22 11768
-1
-1
-1
-1
25 11041
-1
25 11041
-1
26 11315
25 11245
-1
27 11475
-1
26 11589
27 11738
27 11746
-1
25 11749
-1
23 11537
-1
21 11540
-1
20 11307
-1
-1
-1
-1
-1
22 11158
22 11158
-1
24 11539
-1
-1
-1
22 11260
-1
25 11491
25 11042
26 11296
-1
27 11726
-1
-1
-1
-1
-1
26 11618
-1
27 11549
-1
-1
28 11699
-1
-1
30 11614
30 11614
29 11431
-1
-1
-1
28 11573
-1
28 11573
29 11666
-1
-1
29 11666
28 11733
-1
-1
-1
-1
28 11631
-1
-1
-1
25 11644
-1
-1
24 11383
24 11383
-1
-1
28 11463
-1
29 11733
27 11590
27 11742
-1
20 11367
-1
-1
-1
21 11194
-1
21 11194
21 11194
-1
-1
-1
-1
-1
-1
21 11454
23 11706
-1
-1
-1
24 11484
22 11646
-1
-1
-1
-1
-1
-1
-1
-1
-1
-1
-1
23 11597
24 11178
24 11178
-1
-1
23 11735
-1
23 11608
23 11663
-1
23 11663
-1
-1
-1
-1
-1
18 10988
18 10988
-1
-1
-1
-1
19 11635
-1
-1
21 11617
-1
-1
-1
-1
21 11522
22 11619
22 11284
22 11284
-1
22 11297
19 10928
21 11043
22 11387
23 11335
-1
23 11732
-1
-1
24 11560
21 11653
21 11653
-1
22 11749
-1
-1
-1
20 11356
20 11356
-1
-1
-1
24 11656
-1
-1
-1
-1
-1
-1
-1
-1
-1
-1
-1
-1
26 11702
27 11738
28 11424
-1
28 11424
-1
-1
29 11651
22 11529
23 11619
-1
-1
-1
23 11691
23 11675
-1
-1
23 11479
23 11223
-1
23 11223
-1
-1
23 11652
-1
-1
24 11318
-1
-1
-1
-1
-1
-1
22 11092
22 11092
-1
-1
-1
-1
-1
23 10971
-1
22 11585
-1
-1
21 11444
-1
-1
-1
21 11393
-1
-1
20 11450
21 11422
-1
-1
21 11367
21 11367
22 11495
-1
25 11713
25 11713
-1
26 11342
-1
-1
-1
-1
-1
-1
18 11071
-1
-1
-1
21 11735
-1
22 11677
26 11681
-1
-1
-1
29 11304
29 11304
31 11718
-1
-1
28 11753
-1
27 11329
26 11316
-1
-1
-1
-1
26 11685
-1
-1
25 11277
-1
-1
24 11646
25 11760
-1
22 11708
-1
22 11708
23 11761
-1
25 11727
23 11684
-1
23 11125
24 10886
25 11500
-1
-1
-1
-1
-1
-1
-1
20 11106
-1
-1
-1
-1
-1
-1
-1
-1
-1
-1
22 11492
-1
-1
22 11642
-1
26 11558
-1
-1
-1
-1
24 11486
-1
-1
-1
24 11664
24 11576
26 11722
19 11235
-1
-1
-1
-1
-1
18 11705
18 11705
18 11076
21 11676
-1
-1
-1
-1
-1
-1
-1
-1
-1
-1
-1
22 11728
-1
-1
-1
20 11702
-1
-1
23 11739
22 11589
-1
-1
-1
24 11708
-1
23 11671
-1
-1
20 11193
22 11754
-1
20 11169
22 11646
-1
23 11119
-1
-1
-1
21 11139
21 11139
21 11614
21 11614
-1
22 11749
-1
-1
21 11753
-1
21 11489
-1
-1
-1
-1
-1
-1
23 11073
-1
-1
26 11116
26 11116
-1
26 11116
26 11116
26 11116
28 11618
-1
24 11749
-1
-1
21 11610
-1
20 11378
-1
-1
-1
-1
22 11596
-1
-1
-1
-1
-1
-1
-1
22 11273
26 11421
-1
26 10998
28 11492
-1
-1
30 11663
-1
-1
-1
-1
23 11298
23 11298
24 11332
-1
-1
24 11019
-1
-1
25 11685
-1
25 11687
25 11687
-1
-1
-1
24 11650
-1
-1
-1
19 11443
19 11750
-1
18 11692
-1
20 11348
21 10896
-1
25 11334
25 11430
-1
-1
-1
-1
-1
24 11750
-1
26 11496
-1
24 11151
21 11170
-1
-1
27 11545
-1
26 11697
-1
25 11553
-1
20 11409
21 11595
19 11128
-1
-1
18 11091
18 11091
-1
-1
-1
20 11315
20 11524
-1
-1
23 11186
-1
-1
-1
24 11527
-1
25 11524
-1
-1
19 11424
-1
19 11368
21 11584
-1
21 11053
24 11648
24 11648
-1
-1
22 11679
22 11600
-1
-1
-1
22 11573
21 11151
-1
20 11540
-1
21 11316
21 11316
21 11316
21 11398
21 11478
21 11478
22 11709
23 11647
-1
24 11539
25 11613
-1
26 11740
-1
-1
-1
-1
20 11075
-1
-1
-1
22 10939
-1
-1
-1
-1
23 11703
-1
24 11733
24 11733
-1
-1
17 10924
-1
18 11502
18 11264
18 11264
-1
-1
-1
20 10983
19 10973
-1
19 11120
20 11323
-1
-1
-1
-1
23 11165
-1
-1
24 11651
24 11477
24 11477
-1
25 11588
-1
21 11515
22 11732
22 11319
21 11209
-1
20 11567
-1
20 11752
17 11097
17 11097
-1
-1
18 11423
-1
-1
-1
22 10967
-1
24 11215
24 11407
24 11407
-1
-1
-1
-1
24 11526
24 11526
23 11480
-1
-1
19 11524
18 10966
20 11354
21 11587
-1
20 11494
-1
-1
-1
-1
-1
24 11298
-1
27 11695
-1
22 10990
23 11281
-1
-1
19 11167
-1
-1
-1
20 11720
-1
-1
-1
-1
-1
24 11669
23 11656
-1
-1
-1
20 11121
-1
-1
-1
-1
-1
21 11328
22 10996
-1
-1
20 11280
-1
-1
-1
-1
21 11550
23 11438
-1
24 11763
24 11763
24 11437
-1
-1
23 11414
-1
19 11336
19 11442
-1
19 11296
17 11735
20 11747
-1
20 11747
-1
-1
19 11421
-1
25 11634
-1
25 11436
26 10942
-1
26 11200
26 11620
-1
24 11624
-1
-1
23 11456
-1
20 11554
-1
-1
20 11200
-1
-1
-1
21 11537
-1
-1
-1
21 11187
-1
-1
22 11753
-1
-1
-1
-1
-1
-1
-1
-1
-1
-1
-1
-1
-1
-1
24 11620
24 11620
-1
-1
-1
-1
-1
-1
23 11704
-1
-1
22 11335
24 11298
-1
25 11548
25 11548
26 11560
25 10849
-1
27 11502
-1
-1
-1
-1
25 11530
25 11612
24 11749
-1
-1
-1
-1
-1
-1
22 11753
22 11466
22 11466
-1
22 11466
-1
27 11007
-1
-1
-1
-1
-1
25 11499
26 11181
-1
25 11752
25 11392
27 11758
-1
-1
-1
-1
26 11720
-1
24 11378
-1
25 11519
-1
-1
-1
-1
-1
25 11254
-1
-1
-1
23 11223
23 11223
-1
-1
-1
25 11573
23 11509
23 11300
24 11593
-1
25 11499
-1
26 11405
-1
25 11190
-1
-1
-1
-1
-1
-1
22 11625
-1
-1
21 11675
-1
-1
21 11491
-1
-1
-1
-1
-1
23 11630
-1
23 11521
-1
24 11710
-1
-1
-1
-1
-1
21 11579
21 11579
-1
-1
-1
20 11443
19 11762
-1
-1
-1
19 11577
19 11577
19 11022
19 11022
-1
23 11551
-1
-1
-1
-1
26 11769
26 11502
-1
-1
23 11557
-1
-1
-1
23 11601
-1
22 11265
-1
-1
-1
27 11722
27 11722
-1
-1
-1
28 11428
28 11428
-1
-1
30 11712
30 11712
32 11414
33 11297
33 11224
33 11616
-1
31 11481
-1
26 11658
-1
28 11760
-1
24 11318
24 11597
-1
-1
-1
-1
26 11648
-1
-1
-1
23 11092
-1
-1
-1
-1
24 11438
24 11182
-1
26 11107
27 11689
-1
-1
26 11742
25 11364
-1
-1
28 11307
-1
-1
-1
-1
-1
32 11482
-1
26 11602
24 11285
-1
21 11684
-1
20 11749
-1
-1
-1
-1
-1
25 11702
25 11702
-1
-1
-1
-1
28 11708
-1
-1
23 11739
-1
22 11460
25 11535
23 11453
-1
25 11486
25 11550
-1
-1
-1
30 10900
30 10900
-1
-1
30 11722
-1
27 11352
22 11096
-1
-1
-1
-1
22 11653
22 11058
-1
22 10903
24 10983
-1
24 10983
-1
-1
22 11051
-1
24 11455
23 11306
-1
22 11304
-1
-1
26 11108
-1
-1
-1
25 11546
25 11546
27 11670
27 11670
28 11440
-1
-1
-1
30 11313
30 11313
30 11313
-1
-1
-1
21 10921
-1
22 11362
22 11362
-1
-1
22 11601
20 11308
-1
-1
-1
-1
24 11617
24 11617
24 11617
24 11617
24 11617
-1
-1
-1
-1
-1
23 11737
-1
-1
-1
-1
23 11752
22 11550
-1
21 11370
-1
-1
24 11672
-1
-1
23 11541
-1
-1
-1
-1
-1
20 11649
21 11661
21 11661
21 11052
-1
22 11568
-1
-1
-1
23 11561
-1
24 11454
22 11331
-1
22 11752
-1
21 11664
-1
-1
-1
-1
-1
24 11754
-1
-1
-1
22 11716
-1
-1
-1
-1
-1
22 11716
22 11716
22 11716
22 11716
22 11716
-1
-1
24 11740
-1
28 11722
25 11520
27 11585
27 11499
29 11108
29 11108
-1
-1
29 11108
30 11645
31 11636
-1
-1
-1
-1
-1
-1
21 11227
-1
-1
24 11614
-1
23 11748
-1
-1
-1
23 11554
-1
-1
-1
21 11626
21 11652
-1
-1
-1
-1
-1
-1
-1
-1
-1
20 11640
-1
-1
19 11129
-1
21 11191
22 11674
-1
-1
21 11142
-1
21 11709
20 10998
20 10998
-1
-1
-1
-1
27 11476
25 11633
25 10992
26 11688
-1
28 11383
28 11716
-1
28 11731
29 11514
26 11693
26 11693
26 11693
-1
25 11494
-1
27 11550
-1
-1
-1
27 11257
29 11717
-1
29 11568
-1
29 11568
-1
-1
-1
25 11561
-1
-1
21 11046
-1
21 11241
21 11357
-1
25 11164
25 11164
-1
-1
-1
26 11368
27 11544
-1
28 11661
-1
27 11657
-1
-1
26 11626
-1
-1
-1
22 11685
20 11201
20 11485
-1
23 11730
23 11511
22 11444
-1
-1
23 11573
-1
-1
24 11769
-1
-1
22 11492
23 11561
-1
-1
19 11602
21 11687
-1
-1
20 10865
20 10865
20 10865
-1
-1
-1
-1
-1
-1
25 11769
24 10959
-1
27 11577
27 11577
-1
25 11770
-1
-1
27 11130
28 11415
-1
-1
28 11415
-1
-1
-1
26 11480
-1
-1
-1
-1
25 11178
-1
27 11763
-1
24 11002
26 11623
26 11202
26 11202
-1
-1
-1
-1
24 11705
24 11705
24 11705
24 11728
21 11674
-1
21 11748
23 11538
-1
-1
-1
-1
-1
23 11155
23 11155
-1
-1
-1
22 11624
-1
21 11724
-1
22 11609
-1
-1
22 11567
-1
22 11149
22 11149
22 11149
-1
22 11587
-1
23 11661
-1
-1
22 11613
-1
-1
20 11680
-1
-1
-1
-1
-1
-1
23 10974
25 11560
25 11560
-1
20 11677
21 11721
-1
-1
-1
-1
-1
-1
-1
-1
21 11556
-1
-1
24 11620
25 11424
-1
-1
-1
24 11220
-1
-1
16 11758
-1
-1
-1
20 11260
20 11215
22 11406
-1
-1
22 11503
-1
22 11503
-1
-1
-1
19 11732
19 11732
19 11732
-1
-1
20 11358
21 11766
22 11742
-1
24 11189
26 11621
26 11468
26 11491
-1
27 11733
27 11146
27 11146
-1
-1
-1
24 11473
24 11726
-1
-1
-1
25 10921
25 11638
-1
-1
-1
25 11544
-1
-1
-1
-1
-1
-1
-1
-1
-1
21 11659
21 11167
-1
23 11545
-1
29 11608
26 11288
-1
27 11585
-1
27 11563
26 11014
-1
-1
-1
24 10991
25 11695
25 11695
-1
26 11746
-1
-1
-1
25 11203
-1
-1
-1
22 11665
-1
-1
25 11493
-1
-1
-1
-1
25 11561
-1
-1
-1
-1
-1
-1
-1
-1
27 11746
-1
28 10976
-1
-1
-1
31 11765
-1
33 11650
-1
-1
-1
-1
-1
23 11422
-1
20 11444
-1
22 11524
21 10959
-1
-1
-1
23 11752
-1
-1
26 10932
28 11448
-1
24 11613
21 11563
-1
-1
-1
18 11318
-1
-1
-1
-1
-1
-1
20 11490
23 11652
23 11373
24 11770
22 11654
22 11654
22 11654
-1
-1
21 11066
21 11066
-1
21 11104
-1
-1
-1
23 11662
23 11662
-1
-1
-1
26 11751
-1
-1
25 11569
-1
27 11650
28 11732
26 11150
-1
22 11359
24 11360
25 11595
-1
24 11407
24 11407
24 11752
-1
21 11211
21 10966
23 11675
22 11655
-1
23 11216
-1
-1
27 11662
-1
24 11420
23 11698
-1
-1
-1
-1
-1
-1
28 11169
30 11720
26 11110
27 11574
22 11178
22 11178
20 11492
-1
19 11763
19 11763
20 11656
-1
-1
21 11312
-1
21 11312
-1
22 11740
-1
-1
-1
-1
25 11388
26 11767
26 11554
25 11542
-1
25 11465
-1
26 11444
26 11647
23 11556
-1
-1
-1
29 11627
-1
-1
-1
-1
-1
24 11596
-1
26 11526
-1
-1
-1
26 11666
-1
27 11743
26 11596
-1
-1
27 11522
-1
27 11522
26 11700
-1
26 11400
-1
-1
23 11019
-1
24 10856
-1
-1
-1
-1
22 10850
-1
23 11461
-1
24 11473
22 11523
22 11523
22 11523
23 11629
-1
-1
24 11501
-1
25 11767
25 11634
-1
-1
25 11716
-1
-1
23 11689
-1
21 11665
21 11208
22 11737
22 11726
22 10987
-1
22 11336
-1
-1
23 11590
21 11591
-1
-1
21 11524
20 11332
-1
-1
-1
19 11670
19 11429
-1
22 11070
22 11070
-1
26 11742
-1
-1
-1
21 11598
21 11143
21 11143
21 11143
-1
22 11467
20 11753
-1
21 11551
22 11533
-1
-1
-1
23 11338
23 11427
22 11102
-1
24 11626
25 11709
25 11709
23 11097
23 11097
-1
-1
-1
23 10909
-1
-1
-1
26 11757
25 11648
-1
26 11760
-1
-1
-1
-1
-1
19 11166
-1
20 11236
21 11737
-1
22 11556
-1
22 11650
23 11538
23 11538
21 10991
-1
-1
25 11658
26 11690
26 11085
-1
-1
-1
25 11418
-1
-1
-1
-1
20 11714
20 11714
-1
20 11292
20 11292
20 11292
-1
21 11729
21 11729
-1
-1
20 11505
-1
20 11505
-1
22 11623
21 11192
-1
-1
-1
-1
20 11602
19 11435
21 11303
21 11748
-1
20 11128
20 11128
20 11128
21 11490
21 11490
21 11283
21 11283
-1
22 11749
-1
-1
-1
22 11688
-1
25 11767
25 11767
24 11609
24 11609
25 11693
26 11638
-1
22 11346
-1
-1
22 11530
22 11679
22 11592
21 11365
-1
-1
-1
21 11644
21 11644
-1
19 11440
-1
18 11280
18 11678
19 11680
18 11635
-1
-1
19 10965
-1
-1
24 11728
-1
-1
-1
23 10955
-1
-1
24 11586
-1
22 11493
-1
22 10962
21 11591
-1
21 10963
21 10963
22 11132
22 11615
-1
17 10996
17 10996
18 11372
-1
18 11282
-1
-1
25 11426
-1
-1
-1
-1
25 11485
24 11081
24 11081
-1
-1
23 11035
-1
24 11336
24 11336
-1
-1
-1
24 11334
26 11691
-1
-1
-1
-1
-1
-1
25 11762
-1
25 11762
23 11691
25 11616
-1
22 11295
-1
22 11340
22 11340
-1
-1
-1
-1
-1
-1
22 11008
22 11008
-1
24 11581
25 11704
-1
-1
25 11340
-1
-1
-1
-1
25 11439
-1
-1
-1
22 11006
23 11457
-1
-1
-1
19 11622
18 11721
-1
-1
19 11454
-1
-1
-1
24 11659
-1
18 11258
20 11746
-1
-1
21 11265
-1
25 11756
27 11308
28 11681
-1
26 10975
-1
-1
26 11561
26 11561
26 11634
25 11727
26 11232
26 11232
-1
-1
-1
-1
-1
-1
25 11261
-1
24 11140
-1
25 11263
26 11563
-1
-1
26 11383
25 11596
-1
23 11373
24 11748
-1
24 11682
-1
-1
22 11754
21 11622
20 11164
20 11164
20 11164
21 11150
21 11150
-1
21 11150
-1
-1
-1
21 11145
-1
21 11145
-1
-1
-1
28 11526
-1
25 11259
25 11259
-1
-1
-1
-1
22 11558
20 11233
-1
-1
22 11227
22 11227
-1
22 11392
-1
22 11459
-1
23 11595
-1
24 11402
-1
-1
26 11732
25 11251
-1
22 11012
-1
-1
21 11222
-1
-1
25 11751
-1
22 11667
22 11096
-1
24 11678
25 11705
-1
-1
-1
-1
28 11171
-1
27 11759
-1
30 11760
24 11036
-1
-1
-1
20 11658
-1
-1
-1
25 11592
25 11592
27 11699
-1
24 11700
-1
24 11567
-1
23 11348
-1
-1
-1
23 11344
-1
25 11639
-1
-1
-1
23 11594
22 11203
-1
-1
23 11682
-1
-1
21 11233
22 10952
-1
22 11648
22 11648
21 11243
23 11615
22 11095
-1
-1
22 11076
-1
-1
-1
-1
-1
-1
-1
23 11495
-1
18 11221
18 11406
19 11497
18 11004
-1
-1
22 11296
-1
26 11659
-1
26 11659
-1
24 11251
25 11731
-1
-1
-1
-1
24 11216
-1
-1
-1
24 11631
-1
25 11751
25 11416
-1
26 11038
-1
-1
-1
27 11428
-1
-1
-1
-1
-1
25 11718
-1
25 11718
-1
25 11718
-1
-1
-1
-1
25 11655
25 11321
24 11245
-1
-1
25 11483
25 11483
-1
26 11125
-1
-1
25 11765
-1
25 11093
-1
27 11737
27 11535
27 11535
-1
27 11535
-1
23 11169
22 11536
20 11371
-1
-1
22 11257
23 11438
-1
-1
-1
-1
-1
19 11655
19 11080
20 11732
-1
-1
22 11760
-1
19 11653
-1
-1
17 11144
-1
-1
17 11130
18 10940
18 10940
18 10940
-1
-1
19 11704
18 11487
-1
-1
-1
-1
21 11517
23 11381
23 11671
-1
-1
26 11668
25 11154
-1
26 10917
-1
-1
-1
-1
26 11532
-1
-1
-1
21 11627
20 11598
-1
18 11656
-1
-1
21 11736
22 11748
21 11405
22 11681
22 11741
-1
26 11769
26 11645
-1
-1
-1
-1
28 11531
-1
28 11554
-1
-1
-1
30 11631
-1
-1
28 11487
28 11487
24 11418
-1
24 11418
-1
21 11300
-1
23 11580
-1
-1
-1
-1
26 11006
26 11006
-1
-1
-1
-1
24 11654
23 11676
24 11169
25 11685
25 11685
-1
-1
-1
21 11488
21 11513
-1
-1
19 11591
-1
-1
20 11743
-1
21 11206
-1
20 11152
-1
-1
-1
-1
17 11208
-1
-1
19 11748
-1
-1
-1
20 11745
20 11745
-1
20 11044
20 11044
-1
24 11227
22 11671
23 11635
21 10835
21 11060
-1
-1
-1
22 11509
-1
22 10908
20 11740
20 11231
20 11231
20 11231
-1
-1
22 11433
-1
22 11433
-1
23 11503
-1
-1
-1
-1
-1
26 11231
-1
25 11592
-1
22 11716
-1
22 11716
22 11716
20 11150
-1
21 11735
22 11613
-1
-1
-1
-1
-1
-1
24 11041
-1
-1
23 11655
23 11655
-1
18 11743
-1
-1
-1
18 11602
18 11556
19 11700
19 11202
-1
-1
-1
-1
-1
20 11386
19 11678
-1
-1
-1
20 11456
21 11638
21 11496
21 11264
21 11264
-1
-1
23 11758
24 11696
-1
23 11366
-1
22 11387
-1
-1
22 11387
-1
21 11395
22 11747
-1
-1
19 11396
19 11396
-1
19 11088
-1
-1
-1
-1
24 11637
24 11343
26 11621
-1
27 11312
-1
-1
25 11076
25 11076
-1
25 11076
26 11248
-1
27 11312
27 11312
28 11526
28 11526
28 11560
30 11417
-1
-1
-1
-1
23 11595
23 11708
-1
-1
-1
-1
22 11313
-1
21 11585
21 11710
-1
-1
-1
23 11697
-1
-1
-1
-1
-1
26 11426
26 11426
-1
-1
25 11632
-1
26 11393
25 11219
25 11219
-1
-1
25 11499
24 11535
-1
-1
-1
-1
-1
23 11691
22 11596
-1
19 11308
18 11276
-1
19 11458
-1
-1
-1
23 11710
22 11483
-1
-1
25 11743
-1
-1
28 11751
-1
26 11547
-1
-1
26 11674
-1
-1
19 11094
19 11223
21 11686
-1
21 11769
-1
-1
-1
-1
22 11230
21 11192
21 11393
-1
-1
20 11676
-1
22 11754
21 11761
-1
-1
21 11435
20 11584
-1
20 11610
-1
-1
20 11610
-1
-1
-1
-1
23 11538
-1
26 11246
25 11646
-1
-1
-1
-1
-1
24 11711
-1
23 11696
23 11696
-1
-1
-1
-1
23 11548
23 11740
21 11163
22 11543
-1
-1
23 11595
23 11403
-1
-1
23 11269
-1
25 11698
-1
-1
25 11623
-1
23 11012
-1
-1
23 11415
-1
-1
24 11612
25 11734
24 11529
-1
-1
-1
-1
-1
-1
-1
-1
23 11414
23 11524
-1
22 11674
-1
22 11655
-1
-1
-1
-1
-1
23 11453
-1
-1
25 11329
-1
26 11178
-1
25 11657
24 11337
23 11484
23 11484
-1
23 11484
-1
23 11315
-1
-1
-1
26 11559
26 11559
25 11081
-1
-1
-1
-1
25 11184
-1
26 11203
25 11114
28 10992
-1
-1
-1
26 11286
26 11286
-1
-1
22 11523
22 11738
-1
28 11759
28 11759
-1
19 11096
-1
21 11712
-1
21 11517
21 11571
-1
22 11286
-1
-1
-1
23 11549
-1
22 11671
-1
-1
-1
21 11492
21 11492
-1
23 11733
-1
-1
-1
-1
-1
-1
-1
-1
-1
28 11758
-1
-1
-1
-1
28 11763
-1
28 11292
-1
26 11707
20 11312
-1
-1
18 11352
18 11088
-1
-1
22 11659
-1
28 11621
-1
-1
29 11527
28 11706
27 11741
-1
19 11216
-1
20 11186
20 11186
20 11186
-1
21 11692
-1
-1
-1
21 11709
-1
23 11758
23 11545
-1
-1
21 11563
-1
-1
-1
-1
19 11398
-1
-1
20 11491
-1
21 11622
-1
-1
23 11581
-1
-1
21 11477
21 11477
-1
-1
16 10858
-1
19 11080
-1
19 11080
-1
19 11080
19 11080
-1
-1
21 11353
-1
22 11717
-1
-1
-1
-1
-1
24 11002
25 11579
-1
25 11635
-1
25 11706
-1
24 11458
22 10923
27 11559
27 11588
-1
-1
25 10988
27 11694
27 11397
-1
-1
-1
-1
-1
20 11632
22 11518
-1
-1
24 11382
-1
-1
-1
-1
-1
26 11746
-1
26 11634
-1
-1
-1
28 11416
-1
-1
30 11716
-1
-1
-1
-1
28 11757
-1
-1
20 11153
-1
-1
-1
-1
18 11313
21 11543
21 11749
-1
21 11317
-1
25 11338
30 11620
-1
24 11647
23 11421
22 11560
22 11552
-1
22 11629
-1
22 11626
-1
-1
21 11540
-1
23 11414
-1
-1
19 11673
-1
-1
20 11708
21 11182
21 11182
-1
22 11715
-1
23 11228
-1
23 11338
23 11338
22 10908
-1
-1
20 10945
21 11101
23 11663
-1
23 11571
-1
23 11667
-1
-1
-1
-1
-1
26 11595
26 11595
-1
27 11570
-1
26 11145
25 11482
26 11741
-1
-1
26 11741
24 11249
-1
-1
-1
-1
28 11575
-1
-1
28 11595
27 11563
-1
-1
-1
21 11616
-1
20 11674
-1
-1
-1
-1
-1
-1
-1
23 11769
-1
-1
-1
-1
-1
-1
-1
-1
18 11165
18 11128
-1
19 11257
-1
19 10965
21 11189
23 11533
23 10943
23 10943
24 11638
-1
22 11276
-1
23 11200
-1
-1
-1
23 11497
23 11217
-1
24 11164
21 11674
-1
-1
-1
28 11387
-1
29 11047
-1
30 11620
30 11620
-1
-1
21 11470
21 11470
-1
23 11644
-1
20 11556
-1
21 11672
23 11717
23 10885
23 10885
24 11535
-1
25 11498
25 11498
25 10854
-1
-1
26 11615
-1
27 11582
-1
27 11734
27 11734
-1
25 11383
-1
26 10828
-1
-1
25 11143
-1
28 11667
-1
26 11745
-1
-1
23 11375
23 11375
23 11375
23 11490
-1
-1
24 11723
24 10912
-1
25 11619
25 11331
-1
-1
-1
-1
-1
26 11343
-1
25 11654
-1
-1
-1
-1
22 11403
20 11706
-1
-1
-1
15 11576
16 11481
-1
-1
-1
-1
-1
-1
-1
-1
-1
27 11381
28 11654
-1
25 11648
-1
25 11570
-1
21 11723
21 11028
-1
22 11357
-1
-1
-1
24 11156
-1
-1
-1
22 11640
-1
20 11161
21 11577
-1
-1
21 11735
21 11735
-1
20 11722
-1
-1
23 11768
-1
-1
-1
22 11190
21 11163
21 11163
-1
21 11163
21 11714
-1
23 11483
-1
21 11414
-1
-1
21 11646
19 11760
-1
19 11470
-1
-1
-1
-1
-1
-1
20 11714
-1
-1
24 11708
24 11751
-1
-1
-1
26 11437
26 11576
26 11151
26 11151
28 11334
-1
25 11418
-1
-1
-1
-1
-1
22 11390
-1
-1
-1
21 11559
-1
-1
24 11349
-1
-1
-1
-1
-1
23 11149
-1
-1
-1
-1
21 11242
21 11079
21 11724
21 11479
21 11454
21 11454
-1
-1
-1
-1
24 11312
24 10801
-1
-1
27 11678
26 11668
25 11236
25 11236
26 11523
23 11496
26 11725
26 11725
-1
26 11764
26 10929
28 11676
29 11759
-1
29 11714
29 11445
27 11758
-1
-1
-1
-1
-1
-1
23 11393
-1
-1
-1
21 11698
19 10839
-1
-1
20 11627
21 11268
-1
-1
21 11024
-1
-1
-1
-1
23 11706
24 11741
24 11741
-1
23 10845
-1
24 11682
24 11682
24 11682
24 11599
24 11386
-1
25 11751
24 11187
24 11157
24 11587
-1
24 11587
24 11267
24 11267
25 11510
-1
-1
29 11226
27 11475
28 11715
-1
28 11662
25 11644
25 11644
25 11615
-1
-1
-1
-1
22 11643
22 11643
23 11705
-1
-1
22 11762
22 11263
-1
22 11700
-1
20 11012
20 11012
-1
21 11591
-1
-1
18 10785
19 11325
19 11325
19 11697
-1
-1
-1
19 11630
19 11630
-1
18 11077
-1
19 11538
20 11458
20 11393
-1
-1
22 11740
-1
23 11452
23 11354
-1
-1
23 11454
-1
25 11657
25 11299
25 11109
-1
22 11198
-1
22 11198
-1
-1
23 11423
22 11370
-1
-1
-1
-1
-1
23 11572
23 11191
-1
-1
23 11516
-1
-1
24 11437
-1
-1
26 11677
-1
-1
-1
-1
-1
-1
25 11723
-1
25 11723
-1
27 11303
27 11429
-1
-1
22 11769
-1
-1
-1
-1
22 11192
-1
21 11000
-1
-1
-1
-1
-1
-1
25 11312
24 11433
24 11491
24 11353
-1
-1
22 11646
-1
-1
-1
-1
-1
-1
-1
21 11742
20 11747
21 11369
-1
22 11105
22 11215
23 11758
22 11260
22 11260
22 11260
-1
22 10918
23 11492
24 11492
-1
22 11597
-1
-1
-1
23 11653
-1
-1
19 11769
20 11542
-1
-1
20 11325
-1
-1
20 11062
20 11062
-1
18 11675
-1
-1
-1
18 11361
19 11709
-1
20 11758
-1
20 11715
-1
-1
21 11682
22 11605
-1
23 11735
-1
-1
22 11412
21 10944
-1
-1
-1
-1
-1
-1
-1
-1
-1
24 11643
26 11664
-1
23 11660
22 11172
25 11605
25 11086
-1
26 11657
28 11237
-1
-1
-1
-1
-1
-1
27 11374
-1
-1
-1
-1
-1
-1
-1
25 11660
-1
-1
26 11200
-1
-1
-1
26 11423
-1
-1
24 10958
-1
-1
27 11565
25 10946
24 11378
25 11579
-1
27 11690
26 11732
26 11340
27 11563
26 11474
-1
-1
25 11512
-1
-1
27 11759
-1
30 11678
29 11410
-1
-1
-1
30 11389
-1
-1
29 11627
26 11600
26 11600
26 11600
26 11404
-1
-1
-1
-1
-1
27 11538
25 11517
-1
-1
-1
-1
22 11349
-1
-1
24 11497
25 11751
25 11400
25 11336
-1
22 11358
23 11748
-1
26 11645
26 11165
-1
30 11627
-1
-1
-1
28 11614
-1
-1
-1
-1
-1
-1
-1
-1
-1
19 11169
-1
18 11395
19 11686
20 11318
-1
21 11752
20 11332
23 11267
23 11267
-1
22 11079
-1
-1
22 11567
-1
-1
-1
-1
20 11299
-1
-1
22 11623
-1
22 11769
-1
-1
-1
-1
-1
-1
-1
20 10964
-1
-1
22 11558
22 11558
22 11558
22 11558
-1
-1
24 11292
24 11292
-1
-1
-1
-1
-1
-1
-1
21 11707
-1
-1
-1
-1
22 11455
-1
22 11455
22 11455
21 10962
-1
-1
-1
-1
-1
-1
25 11652
-1
24 11126
23 11558
-1
21 11461
21 11635
-1
-1
-1
-1
-1
19 11473
-1
19 11090
-1
20 11518
20 11518
-1
-1
-1
-1
-1
-1
18 11386
-1
18 11394
18 11710
-1
-1
18 11253
-1
20 11199
-1
23 11125
23 11125
23 11125
23 11026
23 11114
23 11114
24 11665
-1
-1
-1
20 11182
-1
19 11619
17 11683
-1
-1
19 11160
19 11160
-1
22 10827
-1
-1
-1
-1
-1
27 11752
26 11758
-1
27 11719
24 11559
-1
-1
-1
-1
-1
-1
-1
23 11678
-1
22 11402
23 11527
-1
22 11149
-1
-1
-1
-1
-1
-1
-1
-1
21 11538
-1
27 11335
-1
25 11743
-1
-1
-1
-1
-1
21 11766
-1
-1
-1
-1
21 11305
-1
-1
22 11549
-1
-1
-1
21 11073
-1
-1
-1
-1
-1
23 11679
-1
20 11471
-1
-1
18 11295
-1
-1
-1
24 11682
-1
-1
-1
-1
-1
-1
25 11164
25 11164
25 11164
-1
-1
-1
26 11320
-1
27 11615
22 11759
-1
18 11241
-1
19 11745
-1
-1
-1
-1
20 11414
-1
21 11137
-1
21 11543
21 11543
-1
22 11731
-1
20 11598
-1
-1
-1
-1
22 11012
-1
-1
-1
-1
27 11655
26 11749
-1
-1
-1
27 11315
-1
-1
26 11641
28 11643
-1
30 11502
-1
29 11505
-1
-1
-1
-1
-1
25 11513
29 11738
29 11738
-1
-1
25 11273
-1
26 11618
-1
-1
-1
25 11769
-1
-1
21 10959
-1
-1
-1
-1
-1
-1
-1
23 11268
-1
-1
-1
-1
23 10955
23 11690
22 11527
-1
20 11105
22 11700
-1
-1
-1
-1
21 11358
-1
-1
-1
-1
-1
-1
20 11135
-1
-1
-1
-1
-1
-1
-1
20 11601
-1
-1
19 10928
-1
-1
-1
-1
-1
25 11730
26 11609
-1
-1
24 11715
-1
-1
25 11710
-1
27 11690
23 11311
-1
24 11715
26 11692
26 11692
25 10926
22 11642
22 11176
22 11176
-1
-1
23 11308
23 11712
-1
20 11746
17 11227
17 11478
16 10968
-1
18 11257
-1
-1
22 11423
-1
22 11756
22 11756
21 11268
-1
-1
-1
-1
22 11540
-1
18 11378
-1
18 11378
-1
-1
18 11707
-1
-1
19 11050
21 10961
-1
-1
-1
23 11436
-1
26 11639
26 11639
27 11619
-1
-1
-1
19 11576
-1
-1
17 11160
-1
-1
19 10831
-1
-1
-1
-1
-1
28 11689
27 11214
-1
-1
-1
22 11342
-1
22 11133
24 11680
24 11680
24 11680
24 11680
-1
24 11362
24 11541
-1
24 11672
-1
24 11433
-1
-1
-1
-1
-1
18 11100
19 11403
-1
18 11444
23 11507
23 11013
-1
22 11590
-1
21 11235
21 11235
-1
-1
20 11371
19 11350
19 11350
-1
-1
24 11579
-1
-1
-1
-1
-1
25 11519
-1
-1
25 11766
24 11562
-1
25 11448
25 11531
22 11402
23 11590
-1
-1
-1
-1
22 11554
24 11627
24 11627
-1
26 11678
-1
-1
28 11489
23 11761
-1
24 11470
-1
-1
24 11291
-1
-1
-1
-1
24 11117
24 11065
-1
-1
-1
24 11640
-1
-1
22 11728
22 11728
-1
20 11341
-1
-1
-1
-1
-1
-1
-1
20 10972
20 11562
-1
-1
-1
-1
-1
-1
23 11154
-1
22 11479
22 10914
-1
-1
24 11727
24 11255
-1
21 11051
-1
21 11242
-1
23 11528
-1
24 11163
26 11516
26 11516
24 11756
-1
-1
-1
-1
-1
27 11721
-1
-1
-1
25 11295
26 11606
26 11606
-1
26 11606
-1
25 11738
25 11494
-1
-1
-1
-1
27 11704
25 11147
-1
-1
26 11547
-1
-1
-1
-1
26 11568
-1
-1
-1
-1
22 11480
23 11571
-1
-1
-1
24 11354
-1
20 11624
-1
-1
-1
-1
14 11415
-1
14 11380
-1
16 11437
-1
-1
19 11452
-1
-1
-1
-1
-1
-1
-1
-1
-1
-1
-1
-1
25 11553
27 11048
-1
27 11048
-1
26 11519
24 11766
-1
21 11559
21 11559
22 11620
22 11136
-1
-1
-1
23 11685
24 11747
24 11747
22 10900
-1
-1
-1
-1
20 11384
-1
-1
-1
-1
-1
17 11288
-1
-1
-1
19 11750
-1
24 11707
-1
-1
23 11508
-1
25 11548
-1
25 11751
-1
24 11073
-1
-1
27 10935
28 11557
-1
29 11157
29 11157
-1
-1
-1
27 11607
27 11607
-1
-1
26 11025
28 11584
28 11584
28 11584
-1
-1
-1
-1
-1
24 11686
-1
22 11745
-1
22 11497
21 11572
21 11572
-1
-1
-1
24 11638
25 11713
-1
-1
25 11503
24 11619
24 11619
-1
-1
26 11007
27 11535
27 11535
-1
-1
24 11617
-1
22 11467
22 11547
22 11547
-1
21 11236
-1
22 11166
-1
23 11366
-1
-1
23 11547
24 11743
24 11280
21 11481
-1
-1
-1
21 11732
-1
21 11135
-1
-1
-1
-1
-1
-1
-1
-1
-1
-1
-1
-1
25 11770
-1
25 11392
24 11629
24 11629
-1
25 11727
-1
-1
25 11695
-1
26 11495
-1
-1
24 10958
-1
23 11598
-1
-1
-1
-1
-1
21 11507
-1
21 11072
-1
-1
-1
22 11157
-1
-1
23 11402
-1
-1
24 11408
24 11408
24 11408
24 11296
-1
-1
25 11681
-1
26 11549
-1
-1
-1
-1
-1
-1
-1
-1
20 11520
20 11680
-1
-1
-1
-1
22 11638
21 11088
-1
-1
-1
-1
23 11687
-1
-1
25 11415
25 11415
25 10912
-1
-1
-1
25 11527
25 11527
24 11226
-1
-1
25 11659
26 11724
27 11242
-1
-1
29 11601
22 11703
23 11265
-1
23 11712
23 11053
24 11365
-1
28 11163
28 11163
28 11623
27 11563
26 11582
-1
-1
23 11106
23 11333
23 11349
-1
-1
-1
26 11390
-1
-1
30 11765
-1
26 11757
26 11757
-1
24 11263
-1
24 11339
-1
23 10930
-1
-1
-1
22 11570
22 11570
-1
-1
-1
-1
20 11673
20 10957
-1
21 11583
-1
-1
25 11651
25 11651
23 11755
-1
22 11355
-1
-1
20 11595
18 11107
-1
-1
-1
21 11288
-1
23 11077
-1
22 11739
-1
-1
-1
23 11630
23 11318
24 11759
-1
-1
24 11714
22 11235
22 11235
-1
-1
-1
-1
-1
-1
24 11330
24 11330
24 11330
-1
25 11516
-1
-1
25 11437
24 11192
24 11759
-1
-1
24 11736
21 11542
-1
21 11609
21 11461
-1
-1
-1
-1
26 11438
-1
21 11344
22 11701
22 11327
-1
-1
-1
-1
22 11201
24 11587
-1
-1
24 11223
24 11223
-1
-1
24 11223
-1
-1
26 11711
26 11711
-1
-1
-1
-1
-1
-1
-1
24 11763
-1
-1
22 11599
-1
-1
20 11734
-1
20 11246
-1
20 11343
21 11650
-1
-1
-1
25 11681
-1
24 11408
-1
-1
-1
-1
26 11506
26 11705
-1
25 11324
25 11324
-1
25 11575
-1
-1
-1
-1
19 11477
19 11477
19 11286
21 11212
-1
-1
24 11543
-1
28 11599
24 11031
25 11697
24 11613
-1
-1
-1
23 11391
23 11391
23 11650
-1
21 11278
22 11610
-1
-1
-1
-1
-1
23 11596
21 11458
-1
-1
-1
22 11717
21 11252
-1
24 11758
-1
24 11524
-1
-1
-1
25 11670
-1
-1
-1
-1
-1
28 11581
-1
-1
-1
28 11734
-1
-1
-1
-1
19 11562
-1
-1
18 11152
-1
-1
22 11110
-1
22 11444
-1
23 11665
22 11640
22 11280
22 11280
22 11280
-1
-1
22 11749
-1
21 11671
-1
23 11705
23 11473
22 11681
23 11593
23 11593
-1
-1
-1
-1
19 11706
-1
-1
22 11671
-1
24 11183
24 11183
-1
24 11456
24 11754
23 11131
-1
24 11757
-1
-1
-1
-1
-1
-1
21 11216
-1
22 11006
23 11124
23 11124
-1
22 11247
-1
20 11198
20 11198
-1
22 11426
21 11634
-1
-1
21 11469
21 11469
22 11682
-1
-1
26 11713
-1
-1
-1
27 11753
27 11753
28 11480
27 11208
27 11208
-1
-1
26 10947
-1
-1
-1
-1
27 11719
-1
22 11492
24 11724
24 11731
24 11696
24 11554
27 11710
-1
-1
-1
21 11069
17 11727
-1
-1
-1
18 10999
-1
20 11150
-1
22 11744
22 11744
22 11744
20 11498
-1
23 11087
-1
-1
27 11415
-1
28 11518
28 11518
28 11518
28 11437
-1
28 11543
29 11364
-1
-1
-1
31 11413
-1
31 11413
-1
-1
30 11639
-1
-1
27 11295
-1
28 11764
-1
-1
20 11091
21 11339
-1
-1
-1
20 11480
-1
-1
-1
-1
24 11731
-1
-1
-1
-1
26 11747
25 11656
-1
-1
-1
24 11451
-1
-1
-1
24 11345
21 11517
-1
24 11490
24 11490
-1
-1
-1
24 11490
25 11770
25 11770
-1
-1
26 11520
26 11520
-1
26 11733
26 11733
-1
-1
-1
-1
26 11362
26 11362
-1
-1
-1
-1
-1
-1
24 11060
-1
-1
-1
-1
22 11171
-1
23 10977
-1
23 10977
22 11372
-1
-1
-1
-1
-1
23 11547
23 11547
22 11500
22 11500
-1
-1
-1
-1
22 10872
22 11715
-1
19 11048
-1
23 11535
-1
21 11751
21 11526
-1
23 11693
23 11685
23 11685
23 11749
22 11507
-1
-1
-1
-1
-1
-1
-1
-1
26 11038
26 11038
27 10983
-1
-1
-1
28 10907
-1
-1
29 11758
-1
29 11758
28 11549
-1
-1
-1
-1
26 11534
-1
23 11527
-1
23 11527
-1
-1
-1
-1
-1
25 11655
25 11508
25 11508
-1
25 11508
25 11508
26 11595
26 11484
-1
26 11484
-1
-1
-1
24 11536
22 11439
22 11439
22 11227
-1
-1
-1
-1
21 11567
21 11453
-1
23 11720
-1
22 10900
-1
-1
27 11279
-1
-1
-1
24 11243
20 11591
-1
20 11591
-1
-1
21 11513
-1
-1
-1
23 11619
-1
23 11327
-1
22 11142
22 11142
-1
22 11142
19 11245
-1
-1
-1
-1
23 11444
-1
24 11623
-1
-1
-1
24 11523
-1
-1
-1
25 11684
-1
-1
-1
19 11304
19 11304
-1
19 11537
22 11703
-1
-1
21 11643
-1
21 11424
21 11616
-1
21 11616
21 11711
-1
21 11678
21 11678
19 10998
-1
-1
-1
-1
-1
-1
-1
-1
-1
-1
25 11766
-1
-1
-1
-1
25 11764
-1
26 11647
26 11647
-1
-1
23 11643
-1
22 11541
-1
-1
21 11323
-1
-1
25 10957
26 11023
-1
-1
22 11435
-1
-1
21 11510
-1
22 11509
21 11415
-1
-1
-1
-1
23 11755
24 11614
-1
-1
-1
-1
-1
-1
24 11232
24 11232
24 11006
-1
24 11006
-1
25 11506
-1
-1
-1
26 11646
-1
-1
-1
26 11189
26 11645
25 11685
24 11690
-1
24 11492
24 11026
-1
25 11587
-1
25 11587
-1
25 11639
-1
-1
-1
26 11327
-1
26 11327
-1
26 11682
25 11206
-1
22 10884
-1
22 11574
22 11574
22 11068
-1
-1
22 11068
-1
-1
24 11746
-1
25 11611
26 11370
-1
24 11609
-1
23 11402
-1
-1
-1
23 11402
-1
-1
20 10906
-1
-1
20 11467
-1
-1
-1
23 11739
-1
22 11214
-1
-1
-1
24 10809
-1
-1
-1
-1
24 11531
-1
-1
23 11232
24 11371
-1
25 11713
25 11713
-1
-1
25 11411
-1
27 11768
27 11768
27 11768
-1
23 10961
-1
-1
-1
19 11098
-1
-1
23 11682
-1
-1
24 11596
22 11604
-1
-1
-1
-1
22 11579
-1
23 11760
-1
-1
24 11434
-1
25 11616
25 11616
24 11439
22 11520
-1
-1
-1
22 11523
22 11486
22 11486
-1
-1
-1
21 11283
-1
-1
23 11322
-1
-1
-1
-1
27 11734
-1
28 11715
-1
-1
27 11459
-1
29 11765
-1
-1
-1
-1
-1
27 11024
27 11185
-1
27 11258
-1
28 11333
-1
-1
-1
31 11693
-1
-1
-1
-1
-1
-1
-1
-1
20 11329
-1
22 11656
23 11655
-1
-1
-1
25 11242
25 11055
-1
25 11055
-1
26 11467
-1
-1
-1
25 11548
-1
22 11351
-1
-1
-1
17 10933
-1
18 11540
18 11540
-1
23 11670
-1
23 11303
23 11303
-1
-1
-1
-1
-1
-1
-1
25 11712
25 11355
-1
27 11561
-1
28 11743
-1
-1
-1
25 11761
25 11761
-1
23 11682
23 11682
25 11729
25 11616
24 11394
-1
24 11560
-1
-1
22 11097
-1
-1
20 11516
21 11251
-1
-1
-1
-1
25 11242
-1
25 11330
-1
-1
-1
22 11747
-1
-1
23 11418
-1
-1
-1
-1
24 11226
24 11226
-1
-1
-1
23 11051
23 11051
22 11332
22 11332
-1
23 11753
-1
-1
21 11680
-1
21 11680
21 11025
23 11717
23 11452
-1
22 11441
-1
22 11301
21 11404
-1
-1
-1
-1
23 11378
-1
23 11378
-1
22 11347
-1
21 11338
21 11656
21 11368
-1
25 11754
25 11754
-1
-1
24 11064
23 11770
-1
-1
-1
24 11038
-1
-1
-1
-1
24 11479
24 11690
24 11690
24 11015
23 11610
-1
24 11499
26 11758
-1
26 11590
-1
-1
24 11476
-1
-1
-1
-1
25 11520
-1
-1
-1
-1
-1
-1
20 11763
20 11427
20 11347
20 11347
-1
-1
-1
-1
-1
-1
-1
-1
-1
-1
-1
-1
-1
-1
28 11607
-1
-1
-1
-1
24 10991
-1
26 11608
-1
-1
27 11444
25 11522
-1
24 11140
24 11722
-1
-1
-1
22 11602
22 11654
-1
-1
-1
-1
-1
-1
25 11423
-1
25 11347
24 11237
24 11237
-1
25 11427
25 11610
-1
-1
-1
-1
-1
-1
26 11410
-1
-1
25 11195
-1
-1
-1
-1
-1
-1
-1
21 11433
-1
-1
23 11392
-1
21 10976
23 11297
-1
-1
23 10936
20 11657
-1
22 11388
-1
-1
-1
-1
18 11339
18 11339
18 11339
19 11572
-1
-1
22 11321
22 11321
22 11321
-1
-1
21 11659
19 11427
21 11686
21 11300
20 10841
21 11444
-1
21 11354
21 11354
-1
19 11350
19 11691
19 11414
-1
20 11739
20 11739
20 11739
20 11067
-1
22 11568
-1
23 11522
-1
23 11522
-1
26 11040
-1
26 11630
-1
25 11534
-1
26 11122
26 11122
-1
-1
24 11718
-1
22 11758
22 11758
-1
-1
22 11411
-1
-1
-1
20 11305
-1
20 11019
-1
-1
-1
21 11719
-1
-1
23 11303
-1
-1
22 11638
-1
-1
-1
-1
-1
-1
-1
23 11070
23 11070
24 11431
-1
-1
-1
-1
22 10960
22 10960
-1
24 11612
-1
24 11069
20 11559
-1
-1
-1
23 11710
-1
-1
-1
-1
24 11641
-1
24 10921
-1
-1
18 11175
18 11609
-1
18 11609
-1
-1
-1
27 11579
27 11579
-1
27 10839
-1
23 11500
22 11446
-1
-1
-1
-1
22 11194
-1
-1
-1
-1
20 11669
20 11669
-1
-1
19 11265
-1
-1
22 11758
-1
22 11447
22 11715
-1
-1
22 11061
-1
21 11183
-1
-1
-1
-1
22 11022
24 11388
-1
-1
26 11764
-1
-1
27 11034
-1
28 11092
28 11092
28 11092
32 11748
-1
-1
-1
28 11767
-1
29 11118
-1
-1
-1
-1
-1
-1
-1
-1
-1
-1
18 11255
-1
21 11255
-1
-1
23 11176
23 11176
23 11176
-1
-1
-1
-1
-1
23 11545
-1
23 11407
21 11165
21 11035
21 11035
-1
25 11388
-1
-1
-1
-1
-1
-1
25 11753
-1
-1
26 11632
-1
25 11695
-1
-1
25 11695
-1
-1
23 11507
23 11047
23 11047
-1
23 11243
-1
23 11723
-1
20 11422
-1
21 11519
22 11652
22 11652
22 11652
21 11719
-1
21 11719
22 11673
-1
23 11426
23 11195
23 11195
-1
-1
23 11008
23 11629
-1
23 11629
-1
23 11629
-1
-1
-1
-1
-1
-1
-1
19 11064
20 11386
-1
23 11750
-1
24 11485
-1
-1
24 11697
24 11569
-1
-1
24 11391
22 11312
22 11312
22 11131
-1
-1
-1
-1
-1
-1
27 11623
-1
27 11266
-1
25 11146
-1
-1
-1
25 11491
-1
24 11758
25 10957
-1
22 11668
21 11027
22 11540
-1
-1
-1
25 11724
26 11746
-1
-1
29 11748
27 11058
29 11380
28 11721
-1
-1
27 11604
-1
-1
26 11370
26 11370
25 11757
-1
26 11637
-1
19 11533
-1
-1
-1
-1
-1
-1
-1
-1
30 11770
-1
-1
-1
-1
-1
-1
27 11243
27 11243
26 11587
26 11587
24 11434
24 11434
-1
-1
-1
-1
-1
-1
22 11511
-1
-1
23 11723
-1
24 11621
-1
24 11441
24 11441
-1
-1
26 11714
-1
25 11204
26 11641
-1
25 11270
-1
20 11048
20 11048
20 11048
20 10839
25 11529
-1
-1
29 11660
-1
-1
19 11510
-1
20 11281
22 11639
23 11471
-1
22 11732
-1
-1
22 11732
-1
-1
23 11671
-1
-1
21 11713
21 11713
21 11713
-1
-1
-1
-1
19 11024
-1
20 11732
21 11517
22 11624
22 11624
-1
-1
-1
24 11621
26 11483
-1
-1
25 11013
25 11013
-1
-1
22 11689
22 11689
-1
-1
-1
20 11276
21 10961
21 10961
19 11187
-1
21 11758
-1
20 11135
19 11523
-1
-1
-1
-1
21 11734
-1
20 11505
-1
-1
-1
23 11125
-1
-1
-1
-1
-1
24 11641
-1
-1
25 11599
-1
-1
-1
27 11426
27 11624
26 11239
-1
28 11201
29 11583
-1
31 11434
32 11629
-1
30 11633
29 11235
-1
-1
-1
-1
-1
21 11110
22 11677
22 11558
-1
23 11527
-1
-1
21 11120
21 11690
23 11751
-1
-1
-1
-1
-1
-1
24 11533
-1
-1
26 11631
26 11631
26 11631
27 11715
-1
-1
24 11410
-1
24 11354
-1
-1
23 11360
-1
22 11671
22 11671
21 11453
-1
-1
-1
19 11267
-1
20 11745
21 11509
-1
-1
22 11705
22 11705
23 11411
24 11750
-1
-1
-1
-1
23 11676
24 11460
28 11612
-1
31 11661
-1
-1
31 11696
-1
-1
29 11524
30 11708
-1
-1
29 11635
26 11456
24 11609
-1
23 11471
-1
-1
-1
19 11015
-1
-1
21 11076
21 11076
21 11076
24 11678
-1
23 11739
21 10891
-1
-1
19 11185
-1
-1
-1
23 11512
-1
-1
-1
-1
-1
-1
22 11367
-1
23 11658
24 11574
-1
24 11206
-1
-1
26 11523
26 11523
27 11740
-1
-1
26 10887
-1
-1
-1
26 11564
-1
-1
-1
-1
21 11677
-1
-1
-1
26 11764
-1
26 10982
28 11514
29 10928
-1
-1
30 11131
30 11131
32 11697
-1
-1
28 11713
28 11741
-1
-1
-1
-1
25 11323
-1
27 11549
-1
-1
23 11574
23 11574
-1
23 11574
-1
-1
18 11062
-1
-1
18 11715
-1
17 11024
18 11351
18 11351
-1
-1
-1
20 11050
-1
22 11532
23 11623
-1
20 11699
-1
21 11755
-1
-1
-1
-1
-1
-1
-1
20 11657
20 11674
-1
-1
-1
-1
-1
26 11767
-1
-1
-1
24 11488
-1
-1
-1
-1
-1
-1
-1
21 11591
21 11293
20 10820
20 10820
-1
-1
-1
-1
-1
-1
-1
24 11246
25 11720
-1
-1
-1
-1
-1
24 11685
25 11631
-1
24 11213
-1
-1
-1
25 11595
25 11595
-1
-1
-1
24 11396
-1
-1
-1
-1
-1
-1
-1
-1
25 11498
24 11508
-1
24 11592
-1
19 11134
19 10993
20 11203
20 11592
-1
20 11262
-1
-1
-1
22 11364
22 10929
-1
22 10929
25 11710
25 11710
25 11710
-1
-1
-1
-1
20 11617
18 11632
-1
-1
-1
-1
-1
-1
26 11649
25 11521
23 11506
-1
-1
-1
-1
24 11647
23 11384
-1
21 11403
-1
21 11403
-1
-1
-1
23 11438
25 11453
25 11453
-1
-1
27 11681
-1
-1
26 11483
-1
-1
-1
-1
-1
25 11765
25 11757
-1
-1
-1
25 11419
25 11419
-1
25 11419
-1
26 11683
-1
-1
26 11683
-1
-1
-1
-1
-1
26 11688
-1
-1
-1
-1
-1
-1
23 11265
-1
-1
-1
26 11768
27 11656
-1
27 11434
27 11434
-1
-1
-1
-1
-1
23 10851
-1
26 11535
-1
28 11631
-1
-1
20 11065
19 11233
-1
19 11335
20 11664
-1
-1
-1
21 11698
-1
22 11491
23 11573
24 11644
-1
-1
22 11120
-1
21 11739
-1
20 11270
-1
-1
-1
-1
-1
-1
-1
25 11525
23 10976
-1
19 11301
19 11301
-1
-1
-1
-1
-1
17 10805
-1
19 11404
-1
20 11643
21 11410
-1
21 11110
21 11110
-1
-1
-1
-1
-1
-1
-1
-1
28 11747
-1
26 11656
-1
-1
-1
23 11348
25 11577
-1
22 11327
22 11369
23 11040
-1
23 11389
-1
-1
22 11160
-1
23 11156
-1
-1
-1
-1
24 11626
24 11039
-1
-1
24 11039
-1
-1
-1
-1
21 11553
-1
-1
-1
-1
22 11332
-1
-1
-1
-1
-1
28 11010
27 11581
-1
-1
-1
22 11586
-1
-1
20 11384
-1
-1
-1
22 11286
-1
24 11655
25 11484
-1
-1
-1
-1
-1
-1
19 11517
19 11517
-1
-1
19 11517
19 11594
-1
20 11617
21 11105
-1
-1
23 11770
22 11767
-1
24 11706
23 11578
-1
23 11607
-1
24 11098
-1
-1
24 11766
-1
24 11725
-1
-1
-1
22 11441
-1
20 11549
20 11549
-1
-1
-1
-1
26 11537
-1
-1
-1
-1
-1
-1
23 11575
20 11600
20 11348
21 11531
-1
20 11365
-1
-1
-1
21 11440
21 11440
-1
23 11715
-1
-1
-1
25 11469
-1
-1
-1
29 11620
-1
30 11677
-1
-1
27 11753
-1
24 11669
-1
26 11465
-1
-1
22 11753
-1
-1
22 11666
22 11666
-1
23 11717
-1
-1
-1
-1
-1
-1
-1
23 11592
-1
-1
20 10985
-1
-1
21 11374
-1
-1
21 11195
-1
-1
-1
22 11561
-1
22 11552
-1
22 11568
-1
22 11054
22 11054
-1
25 11746
25 10982
-1
-1
-1
27 11714
27 11611
-1
-1
-1
-1
19 11450
18 11543
18 11543
18 11627
19 11562
19 11269
22 11647
20 10991
-1
20 11307
21 11312
23 11140
23 11552
23 11683
-1
-1
-1
26 11726
-1
-1
27 11703
27 11703
28 11675
28 11675
28 11638
-1
26 11639
25 11325
-1
-1
-1
-1
-1
23 11235
22 11443
-1
21 11682
21 11682
-1
-1
-1
19 11424
-1
-1
17 11131
-1
-1
-1
-1
17 11676
18 11201
-1
19 10865
19 10865
-1
-1
22 11343
-1
-1
-1
-1
25 11350
-1
27 11353
26 11329
27 11718
-1
-1
-1
-1
24 11154
24 11154
-1
-1
23 11327
-1
-1
20 11317
-1
21 11730
-1
-1
20 11693
20 11218
20 11218
-1
21 11040
-1
-1
-1
20 11276
-1
22 11258
23 11602
23 11705
-1
21 11707
-1
19 10994
-1
-1
21 11346
21 11346
21 11525
-1
-1
-1
-1
-1
-1
-1
-1
23 10864
-1
22 11733
22 11098
22 11098
23 11615
23 11316
23 11316
-1
-1
28 11757
-1
-1
-1
25 11640
25 11659
-1
-1
-1
-1
-1
-1
-1
-1
-1
-1
19 11258
18 10998
-1
-1
-1
-1
22 11673
-1
-1
24 10879
-1
-1
-1
-1
18 11605
-1
-1
20 11388
20 11035
23 11261
24 11733
24 11733
-1
25 11655
-1
-1
27 11412
27 11372
-1
-1
24 11559
25 11631
26 11333
25 11745
-1
24 11027
22 11704
-1
-1
22 11490
21 11480
-1
-1
-1
-1
18 11588
19 11726
-1
-1
-1
-1
-1
21 11573
-1
-1
-1
-1
-1
-1
-1
-1
18 11311
16 11030
-1
-1
19 11041
-1
20 11730
20 11237
-1
20 11237
-1
-1
21 11382
-1
18 10958
20 11152
20 11743
-1
20 11372
19 11060
19 10902
-1
-1
-1
22 11669
-1
23 11583
22 11756
22 11756
-1
-1
21 11273
-1
21 11273
-1
-1
25 11496
-1
20 11619
20 11085
-1
21 11583
-1
21 11583
-1
-1
-1
23 11541
-1
23 11541
-1
-1
25 11627
-1
26 11534
-1
-1
23 11359
-1
22 10850
20 11675
-1
22 11758
20 11150
24 11687
25 11589
24 11290
-1
26 11430
-1
-1
24 11740
22 11569
-1
23 11711
-1
-1
21 11451
-1
-1
-1
24 11624
-1
24 11002
26 11614
27 11690
28 11699
-1
-1
25 11701
-1
-1
-1
-1
20 10892
21 11010
-1
-1
24 11310
-1
-1
-1
-1
-1
29 10975
-1
27 11718
27 11718
27 11718
26 11707
26 11470
27 11672
27 11672
27 11672
-1
-1
-1
-1
-1
-1
24 11208
-1
23 11519
-1
22 11583
22 11583
-1
23 11675
22 11619
-1
21 11637
-1
-1
23 11579
-1
-1
23 11539
20 11151
19 11480
-1
20 11646
-1
20 11555
-1
-1
22 11754
-1
20 11377
19 10975
20 11033
20 11016
-1
19 11295
19 11609
-1
-1
-1
-1
22 11721
-1
-1
23 11064
-1
-1
-1
-1
-1
-1
23 11495
23 11111
-1
24 11247
-1
-1
21 10985
-1
-1
-1
22 11313
-1
-1
-1
23 11051
-1
-1
-1
-1
23 11725
23 11725
-1
-1
25 11757
-1
26 11484
-1
-1
-1
28 11607
27 11079
27 11079
26 11492
23 11736
22 11484
23 11335
-1
-1
-1
-1
26 11636
30 11643
-1
-1
-1
-1
-1
29 11024
-1
-1
-1
-1
16 11292
16 11340
16 11340
16 11340
-1
-1
18 10957
-1
19 11082
19 11598
19 11598
19 11598
-1
20 11740
-1
-1
22 11524
-1
-1
21 11662
21 11727
-1
-1
-1
-1
-1
-1
22 11477
-1
-1
23 11556
-1
26 11543
27 11643
-1
27 11643
-1
-1
-1
24 11732
-1
-1
-1
-1
-1
29 11676
31 11660
28 11458
-1
28 11458
28 11386
-1
28 11306
-1
29 11250
-1
-1
24 11654
24 11411
-1
-1
23 11460
-1
-1
23 11657
-1
22 11634
-1
-1
-1
24 11064
25 11704
25 11704
24 11640
23 10970
23 11337
-1
-1
26 11314
24 11723
-1
24 11091
-1
-1
28 11321
28 11321
-1
25 11432
25 11095
-1
-1
-1
-1
-1
-1
-1
-1
27 11360
-1
-1
-1
-1
29 11735
25 11738
25 11740
24 11412
-1
-1
24 11392
-1
21 11714
-1
-1
19 11267
-1
-1
21 11451
-1
-1
22 11705
23 11646
-1
-1
-1
22 11575
-1
-1
-1
-1
-1
21 11560
23 11753
-1
-1
-1
25 11729
-1
25 11670
26 11736
26 11736
22 11583
-1
22 11583
-1
23 11002
23 11002
-1
23 11561
-1
-1
-1
-1
-1
-1
24 11044
-1
-1
-1
28 11707
28 11707
28 11707
28 11728
-1
-1
-1
-1
-1
-1
25 11707
-1
25 11059
-1
-1
-1
28 11685
26 11410
-1
27 11622
-1
27 11676
25 11486
-1
-1
24 11768
-1
-1
-1
22 11541
-1
20 11135
20 11482
-1
-1
-1
-1
-1
23 11554
24 11072
25 11080
-1
25 10926
28 11480
-1
29 11734
-1
-1
27 11385
27 11752
27 11669
25 11702
-1
24 11752
24 11633
-1
-1
19 11293
-1
20 11674
-1
-1
20 11708
20 11708
18 11520
-1
-1
17 11307
-1
-1
23 11499
23 11641
-1
-1
23 11750
-1
-1
-1
-1
-1
24 11765
20 11676
23 11298
24 11764
-1
-1
-1
23 11755
21 11342
-1
-1
24 11308
-1
-1
-1
-1
-1
21 10926
-1
-1
-1
-1
23 11475
24 11751
-1
-1
-1
-1
-1
25 11609
26 11486
-1
29 11565
-1
29 11352
27 11226
-1
27 11226
-1
-1
25 11487
-1
-1
24 11077
-1
23 11546
-1
-1
-1
-1
-1
26 11343
26 11152
-1
-1
-1
27 11458
-1
28 11626
-1
-1
-1
27 11241
-1
-1
-1
29 11320
-1
-1
27 11608
-1
-1
-1
25 11764
25 11735
29 11442
-1
31 11555
-1
30 11633
-1
-1
30 11697
-1
30 11697
-1
31 11053
-1
31 11053
32 11606
-1
32 11645
-1
-1
25 11735
26 11630
21 11644
21 11644
21 11762
-1
-1
-1
21 11250
-1
21 11574
21 11574
22 11742
-1
-1
25 11710
22 11507
23 11464
23 11464
-1
-1
-1
23 11421
-1
23 11421
-1
21 11096
21 11096
22 11587
-1
21 11609
-1
-1
20 11139
-1
19 11093
-1
-1
23 11448
-1
22 11103
-1
23 11744
23 11024
24 11680
23 11391
-1
25 10970
-1
-1
-1
-1
28 11490
27 11197
27 11197
30 11733
-1
-1
26 10944
26 10944
26 10944
-1
-1
-1
-1
-1
-1
-1
26 11677
26 11677
-1
-1
-1
-1
-1
-1
-1
-1
-1
27 11513
27 11513
-1
22 11758
20 11687
20 11261
-1
-1
21 11500
-1
21 11507
-1
-1
-1
-1
23 11275
22 11665
21 11707
-1
-1
-1
21 11572
-1
-1
21 11098
-1
-1
-1
-1
24 11765
24 11684
-1
-1
-1
-1
24 11445
24 11306
-1
24 11157
24 11157
21 11494
-1
-1
-1
-1
21 10989
23 11760
-1
-1
23 10980
23 10980
-1
-1
23 10980
-1
23 11371
-1
-1
-1
-1
-1
-1
-1
-1
20 11350
-1
-1
-1
20 11649
-1
17 11336
-1
-1
22 11671
-1
23 10976
-1
25 11545
-1
-1
-1
24 11496
-1
-1
22 11681
22 11378
-1
23 11726
23 11763
22 11621
-1
24 11709
24 11675
-1
-1
-1
22 11485
-1
-1
-1
24 11372
-1
25 11445
-1
-1
-1
-1
-1
-1
21 11524
21 11704
-1
-1
-1
-1
-1
-1
-1
-1
-1
25 11261
-1
23 11628
27 11656
-1
27 11112
28 11277
-1
-1
29 11512
30 11650
-1
-1
-1
29 11670
30 11734
-1
28 11650
-1
-1
-1
-1
25 11731
-1
-1
-1
23 11720
-1
-1
-1
-1
-1
21 11557
-1
-1
20 11632
-1
21 11733
19 11342
20 11260
-1
21 11033
-1
21 11571
-1
22 11393
-1
-1
-1
-1
20 11700
16 11448
16 11033
18 11466
-1
-1
-1
-1
-1
20 11105
-1
21 11419
22 11707
22 11621
23 11692
23 11692
-1
-1
24 11478
-1
24 11361
23 11190
-1
22 11405
-1
-1
20 11456
-1
20 11456
-1
20 11378
-1
-1
-1
-1
-1
-1
-1
-1
25 11349
-1
-1
27 11555
-1
-1
-1
-1
25 11433
-1
-1
21 10903
-1
-1
-1
-1
-1
-1
22 11217
-1
-1
-1
19 11030
-1
-1
19 11092
20 11551
-1
-1
-1
-1
-1
20 11332
-1
22 11385
-1
-1
-1
-1
-1
22 11275
23 11024
-1
-1
-1
-1
-1
23 11634
-1
-1
-1
22 11537
22 11537
22 11537
-1
22 11076
-1
21 11359
-1
23 11608
23 11608
-1
-1
21 11612
-1
-1
21 11542
21 10850
21 10881
-1
23 11765
-1
-1
23 11500
-1
24 11665
-1
-1
-1
-1
21 11123
-1
-1
-1
23 11424
-1
-1
22 11486
-1
-1
24 11729
-1
26 11728
29 11757
29 10985
29 11769
-1
30 11728
-1
-1
-1
27 11403
-1
-1
29 11682
-1
-1
-1
27 11511
-1
26 11419
-1
-1
-1
-1
-1
23 11462
22 11028
21 11325
-1
21 11451
21 11451
-1
-1
22 11041
-1
22 11041
-1
-1
24 11441
24 11613
-1
26 11498
26 11152
-1
27 11677
-1
25 11734
-1
21 11099
-1
21 11511
-1
20 11334
20 11334
19 11068
19 11068
-1
-1
19 11250
-1
-1
18 10894
18 11103
-1
17 11536
-1
17 11244
18 11726
18 11726
21 11693
-1
-1
-1
23 11644
27 11567
28 11729
-1
-1
-1
-1
-1
-1
23 11147
-1
24 11602
-1
-1
24 11719
-1
-1
-1
-1
-1
25 11618
25 11618
23 11365
-1
23 11680
-1
22 11516
-1
-1
-1
-1
22 11124
18 11530
-1
17 11005
17 11005
-1
-1
-1
-1
23 10964
26 11070
-1
-1
25 11459
25 11459
25 11459
21 11035
24 11743
24 11743
23 11706
22 11016
23 11694
-1
23 11618
23 11618
-1
-1
-1
-1
-1
-1
-1
25 11584
25 11737
25 11703
19 11219
-1
-1
-1
-1
-1
-1
18 11164
-1
-1
18 11164
18 11742
19 11767
19 11767
-1
-1
25 11683
-1
-1
-1
27 11723
-1
27 11704
-1
-1
-1
-1
-1
-1
25 11265
26 11100
-1
28 11475
-1
-1
-1
29 10975
30 11623
-1
30 11623
-1
-1
-1
-1
-1
29 11561
-1
24 11634
-1
26 11471
27 11536
27 11536
-1
-1
28 11739
28 11739
-1
27 11726
-1
26 11508
26 11508
-1
-1
-1
27 11678
26 11509
26 11756
-1
26 11466
-1
30 11694
-1
-1
30 11305
31 11676
-1
-1
20 11672
-1
20 11523
20 11523
-1
24 11741
-1
-1
-1
-1
25 11686
25 11485
25 11176
-1
-1
26 11496
-1
-1
-1
-1
-1
20 10984
-1
-1
20 10971
-1
22 11386
-1
-1
21 11021
-1
22 11589
-1
21 11461
23 11730
22 11171
23 11512
-1
-1
-1
-1
-1
-1
-1
28 11660
28 11660
-1
-1
-1
28 11660
22 11119
-1
-1
-1
23 11685
-1
23 11536
-1
-1
20 11327
-1
-1
22 11481
23 11745
-1
-1
22 11634
-1
21 11282
21 11282
21 11736
22 10998
-1
-1
23 11655
-1
-1
-1
-1
-1
-1
24 11729
-1
21 11726
-1
-1
-1
-1
-1
23 11546
-1
-1
-1
-1
27 11378
-1
-1
25 11259
25 11259
23 11357
23 11357
24 11662
-1
23 11486
24 11678
22 11747
22 11747
22 11747
24 11694
-1
-1
-1
23 11628
-1
-1
22 11699
23 11590
21 11383
21 11383
-1
-1
-1
21 11267
-1
21 11226
21 11226
20 11129
20 11129
20 11410
-1
22 11734
22 11734
-1
20 11593
-1
-1
-1
-1
21 11703
20 11556
-1
-1
-1
-1
-1
-1
-1
22 11663
-1
23 11129
23 11736
23 11494
22 11761
-1
-1
-1
23 11279
22 11183
-1
-1
-1
-1
22 11533
-1
-1
21 11308
-1
23 11739
23 11232
-1
23 11748
-1
-1
-1
-1
-1
31 11675
-1
27 11616
28 11752
-1
-1
29 11754
-1
25 11100
26 11112
-1
-1
-1
25 10837
-1
-1
-1
-1
24 11565
24 11083
-1
24 11526
-1
-1
26 11764
26 11764
-1
-1
25 11388
-1
24 11726
24 11726
25 10927
-1
25 11765
-1
-1
24 11030
25 11265
-1
-1
-1
-1
-1
-1
-1
-1
25 11611
-1
26 10940
27 11499
-1
-1
-1
25 11046
25 11046
26 11318
-1
28 11541
28 11534
28 11534
-1
-1
-1
-1
24 11630
24 11404
-1
-1
22 11700
18 11066
-1
-1
-1
-1
21 11674
21 11483
-1
22 11633
-1
-1
23 11757
22 11337
22 11337
-1
-1
-1
-1
23 11123
-1
20 11009
-1
-1
-1
-1
-1
-1
18 11585
-1
-1
-1
-1
16 11278
19 11498
-1
-1
19 11118
22 11689
-1
23 11613
23 11613
-1
23 11334
24 11401
-1
24 11401
-1
24 10958
-1
21 11707
-1
-1
-1
-1
20 11691
20 11691
-1
-1
-1
-1
19 11612
-1
26 11753
26 11753
-1
26 11721
26 11414
24 11086
-1
-1
-1
24 11479
-1
23 11750
19 11321
-1
-1
-1
-1
21 11254
-1
-1
24 11548
-1
-1
-1
-1
24 11272
23 11650
-1
-1
-1
-1
-1
-1
23 11357
-1
-1
-1
-1
-1
24 11610
-1
-1
-1
24 11730
24 11730
-1
-1
-1
-1
21 11445
-1
-1
-1
-1
-1
-1
22 11254
23 11431
27 11258
27 11479
28 11505
27 11657
27 11657
-1
-1
-1
-1
25 11349
-1
-1
26 11770
26 11770
-1
-1
-1
-1
28 11685
-1
29 11410
29 11410
30 11730
-1
-1
-1
26 10926
-1
-1
-1
27 11355
-1
-1
-1
-1
-1
26 11465
28 11691
27 11596
-1
29 11555
29 11555
-1
-1
34 11572
33 10799
-1
-1
-1
-1
-1
-1
28 11677
-1
-1
25 11085
-1
-1
-1
24 11697
24 11697
-1
24 11697
23 11725
23 11238
22 11418
23 11745
19 11086
-1
21 11448
-1
21 11448
-1
-1
-1
-1
20 11483
-1
-1
21 11734
-1
20 11310
-1
-1
-1
22 11422
-1
22 11333
-1
-1
-1
21 11560
21 11508
-1
21 11734
21 11474
-1
21 10999
22 11431
23 11583
-1
-1
25 11302
25 11302
25 11302
-1
-1
25 11502
-1
25 11590
26 11479
-1
20 11414
-1
-1
20 11735
-1
19 11559
-1
19 11432
-1
-1
20 11737
-1
-1
-1
-1
-1
-1
-1
-1
24 10979
23 11219
24 11705
-1
-1
-1
-1
-1
27 11158
-1
28 11591
28 11591
28 11637
28 11492
-1
28 11582
-1
28 11728
27 11485
-1
-1
21 11593
21 11356
-1
-1
-1
-1
-1
-1
17 11403
17 11403
17 11403
-1
-1
20 11298
-1
21 11126
-1
-1
-1
-1
-1
-1
22 11481
-1
-1
21 11695
21 11695
-1
20 11730
20 11420
20 11420
-1
-1
23 11348
-1
-1
-1
-1
-1
23 11519
23 11519
-1
-1
-1
-1
-1
-1
-1
-1
-1
-1
25 11246
-1
25 11246
-1
-1
25 11228
-1
26 11545
25 11750
26 11698
25 11329
-1
25 11303
-1
-1
25 11544
25 11544
-1
25 11435
25 11435
-1
-1
25 11257
24 11309
24 11309
-1
26 11649
-1
-1
24 11689
-1
24 11416
22 11499
-1
-1
-1
22 10984
22 11335
-1
-1
22 11257
22 11338
-1
-1
-1
22 11620
-1
-1
-1
22 11435
-1
-1
23 11129
-1
23 10950
24 11745
24 11749
-1
-1
24 11692
-1
-1
-1
-1
-1
18 11215
18 11350
-1
-1
19 11577
20 11698
-1
-1
-1
22 10934
-1
21 11435
22 11705
23 11648
-1
24 11135
27 11749
-1
-1
-1
27 11739
-1
26 11684
-1
-1
-1
28 11721
-1
-1
-1
-1
28 11691
-1
-1
-1
26 11327
-1
-1
-1
-1
25 11628
24 11376
24 11376
-1
27 11510
-1
-1
-1
25 11203
26 10968
26 11627
24 11310
-1
25 11687
25 11687
25 11687
25 11687
25 11687
25 11687
-1
27 11737
-1
-1
-1
-1
-1
24 11614
24 11420
-1
-1
24 11657
24 11657
24 11624
-1
23 11522
-1
-1
-1
20 11181
20 11181
-1
-1
20 11111
20 11228
21 11608
21 11608
21 11048
-1
21 11048
-1
23 11019
-1
24 11576
23 11757
-1
-1
-1
22 11682
22 11682
20 11169
19 11070
19 11426
-1
-1
18 11737
-1
-1
-1
18 11433
18 11433
-1
-1
18 10859
20 11678
-1
-1
22 11586
-1
22 11416
-1
-1
-1
22 11561
-1
-1
21 11294
23 11525
-1
-1
-1
-1
-1
-1
-1
24 11728
-1
24 11448
-1
27 11279
27 11254
-1
27 11272
-1
-1
24 11355
-1
-1
-1
22 11628
-1
-1
-1
-1
-1
26 11547
-1
-1
-1
-1
-1
-1
-1
26 11493
-1
25 11697
-1
24 11201
26 11743
-1
-1
-1
-1
-1
26 11718
26 11030
-1
29 11473
29 11473
-1
-1
29 11507
-1
-1
27 11556
24 11399
22 11264
-1
-1
25 11719
25 11484
-1
26 11537
23 11754
23 11754
23 11591
22 11517
-1
22 11517
21 11198
21 11272
22 11765
22 11755
-1
23 11619
23 11619
23 11619
23 11619
-1
22 11101
-1
26 11699
-1
26 11699
26 11699
26 11699
-1
-1
27 11696
-1
-1
28 11689
26 11492
26 11492
-1
25 11552
-1
-1
-1
-1
-1
-1
23 11660
23 11660
-1
23 11660
22 11129
-1
23 11343
-1
23 11456
23 11456
-1
-1
22 11666
-1
21 11480
-1
-1
-1
-1
18 11376
19 11705
19 11705
19 11705
19 11298
-1
-1
21 11468
21 11406
-1
-1
-1
24 11453
-1
23 11475
23 11475
-1
-1
22 11724
-1
-1
-1
-1
-1
-1
-1
-1
-1
29 11753
-1
22 11558
18 11631
-1
17 11335
19 11650
-1
20 11536
-1
21 11099
-1
20 11701
-1
22 11752
22 11752
-1
22 11596
21 11520
-1
-1
21 11650
-1
-1
-1
-1
-1
-1
-1
27 11687
-1
-1
-1
-1
-1
28 11216
-1
29 11696
-1
-1
25 11034
27 11576
-1
24 11464
24 11464
-1
-1
-1
-1
18 11392
-1
-1
-1
-1
24 11310
-1
26 11402
-1
-1
20 11597
20 11011
-1
-1
-1
21 11724
21 11632
22 11764
-1
-1
-1
22 11052
-1
-1
-1
23 11494
-1
-1
18 11012
19 11644
-1
-1
-1
-1
21 11402
21 11402
-1
-1
26 11756
26 11756
-1
25 11616
-1
25 11471
21 11599
-1
23 11531
-1
-1
21 11602
22 11535
-1
-1
24 11680
-1
24 11459
26 11656
-1
23 11414
-1
-1
23 10952
24 10832
24 11489
26 11482
27 11589
-1
-1
26 11740
25 11306
26 11748
26 11423
27 11270
-1
-1
27 11683
27 11683
28 11263
28 11263
29 11522
29 11120
-1
-1
22 11611
-1
-1
21 11600
21 11600
-1
-1
-1
-1
-1
18 11763
21 11447
21 11447
-1
21 11435
-1
-1
24 11439
25 11697
24 11262
-1
-1
-1
23 10875
24 11390
24 11137
24 11748
-1
-1
23 11482
21 11351
22 11668
19 11371
-1
-1
-1
20 11207
21 11639
-1
-1
-1
23 11528
-1
23 11763
23 11594
-1
-1
21 11628
-1
21 11395
-1
-1
22 11611
19 11030
19 11030
-1
20 11200
21 11615
-1
21 11117
22 11497
-1
22 11419
23 11547
-1
-1
-1
25 11652
26 11575
-1
-1
-1
-1
-1
23 11445
25 11606
25 11514
24 11645
24 11645
23 11143
-1
20 10903
20 10903
-1
-1
-1
21 11682
21 11682
-1
-1
-1
-1
-1
-1
-1
21 11577
22 10998
-1
23 11565
-1
24 11676
-1
-1
-1
21 11269
-1
-1
-1
-1
-1
-1
-1
23 11510
-1
-1
-1
20 11514
20 11657
-1
-1
19 11148
22 11712
-1
-1
-1
19 11400
-1
-1
-1
-1
19 11306
-1
19 11189
-1
-1
-1
-1
-1
-1
-1
-1
-1
20 11084
-1
21 10927
-1
21 10927
-1
-1
-1
-1
-1
-1
-1
-1
22 11760
-1
-1
-1
22 11287
-1
23 11648
23 11648
-1
25 10962
-1
25 11697
-1
-1
27 11328
-1
-1
-1
-1
-1
31 11676
-1
-1
-1
-1
-1
-1
-1
-1
-1
-1
23 11481
20 11465
-1
-1
21 11026
-1
20 10884
20 11371
20 11371
20 11600
-1
-1
21 11596
23 11503
25 11466
-1
25 11733
23 11703
24 11758
-1
19 11517
-1
22 10952
-1
-1
-1
-1
-1
-1
-1
-1
-1
27 11705
-1
26 11170
-1
-1
-1
-1
-1
-1
-1
-1
24 11695
22 11050
22 11710
22 11710
-1
-1
-1
-1
23 11763
-1
22 11526
22 11526
-1
-1
-1
21 11562
-1
-1
-1
-1
-1
-1
24 11349
-1
-1
-1
-1
-1
22 11266
24 11695
-1
-1
-1
20 11301
21 11594
-1
22 11701
20 11562
-1
-1
-1
-1
-1
23 11417
20 11764
21 11355
21 11355
-1
-1
22 10976
-1
25 11740
-1
-1
-1
-1
-1
22 11520
22 11520
23 11684
23 11745
-1
22 11157
-1
-1
-1
24 11755
-1
-1
25 11596
-1
26 11684
26 11684
26 10896
26 11668
26 11668
26 11444
-1
27 11744
-1
-1
27 11405
-1
26 11197
-1
-1
-1
-1
-1
22 11309
22 11309
-1
24 11641
23 11462
23 11462
-1
-1
22 11269
22 11269
-1
23 11552
23 11552
-1
22 11363
24 11720
24 11695
-1
-1
-1
-1
-1
-1
29 11698
-1
-1
29 11429
-1
26 11061
27 11553
-1
-1
-1
-1
-1
24 11378
26 11601
-1
-1
-1
27 11766
27 11766
-1
26 11659
-1
-1
25 11290
26 11659
26 11659
-1
26 10902
22 11071
-1
21 11668
-1
19 11553
-1
20 11698
-1
20 11415
-1
21 11101
-1
-1
20 11727
20 11727
21 11561
-1
21 11646
21 11646
-1
-1
-1
24 11630
-1
24 11063
-1
-1
-1
-1
23 11082
-1
23 11572
-1
-1
24 11562
24 11737
-1
24 11663
22 11215
-1
-1
23 11654
23 11654
22 11588
-1
-1
22 11504
21 11709
21 11709
-1
-1
-1
23 11689
23 11374
-1
22 11695
22 11695
-1
22 11695
-1
24 11627
24 11760
-1
24 10868
-1
24 10868
24 11526
24 11515
24 11719
24 10885
-1
26 11728
-1
-1
-1
-1
-1
-1
-1
22 11238
-1
-1
19 11538
-1
20 11267
20 11267
-1
-1
-1
-1
22 11709
-1
24 11511
-1
26 11636
27 11131
-1
24 11618
-1
-1
-1
19 11342
-1
-1
21 11766
21 10910
-1
22 11547
-1
21 11485
21 10957
-1
-1
-1
-1
16 11680
18 11566
18 11566
-1
-1
-1
22 11547
-1
-1
23 11747
20 11441
20 11517
-1
19 11581
-1
24 11699
-1
-1
-1
26 11551
25 11698
27 11696
27 11696
27 11484
28 11250
-1
29 11682
29 11682
-1
-1
-1
-1
-1
-1
21 11414
-1
-1
-1
-1
23 11224
-1
23 11693
-1
-1
-1
23 11730
-1
-1
-1
-1
-1
-1
-1
23 11514
-1
-1
-1
25 11457
25 11699
-1
-1
27 11656
23 11390
-1
-1
-1
22 11336
23 11365
23 11573
-1
-1
-1
-1
23 11654
-1
-1
-1
22 11367
-1
20 11716
-1
20 11716
19 11390
-1
-1
-1
-1
21 11454
-1
-1
24 11376
-1
25 11392
25 11392
-1
-1
-1
23 11330
-1
23 11736
21 11319
21 11319
21 11568
20 11243
-1
21 11716
-1
-1
20 11365
-1
20 11365
-1
-1
21 11654
21 11654
-1
21 11654
-1
-1
-1
21 10880
-1
-1
-1
22 11620
22 11620
25 10954
-1
24 11515
-1
-1
23 11732
-1
-1
19 11408
-1
-1
21 11096
-1
-1
25 11147
-1
-1
28 11726
-1
21 11498
-1
-1
-1
-1
-1
-1
24 11720
22 11705
21 11227
-1
-1
21 11225
-1
24 11250
-1
-1
-1
-1
23 11184
-1
24 11358
-1
25 11473
26 11619
26 11482
27 11651
-1
-1
-1
-1
-1
25 11655
25 11682
24 11583
-1
24 11684
22 11763
-1
22 11763
22 11763
-1
-1
24 11091
-1
-1
-1
-1
-1
21 11491
20 11192
21 11489
21 11528
19 11118
18 11030
20 11678
-1
21 11582
-1
-1
21 11520
-1
20 11213
-1
20 10985
20 10925
20 11189
-1
20 11420
-1
18 11520
-1
21 11633
-1
-1
-1
-1
22 11604
26 11634
-1
-1
29 11593
-1
-1
-1
-1
23 11312
-1
23 11653
-1
-1
23 11551
22 11423
23 11431
23 11431
24 11757
-1
-1
-1
24 11035
26 11533
27 11655
25 11186
-1
24 10997
-1
24 11030
26 11729
-1
21 11296
23 11470
24 11547
-1
-1
25 11661
24 11126
24 11126
-1
-1
24 11265
24 10923
-1
-1
-1
24 11555
-1
-1
-1
-1
-1
23 11058
-1
-1
-1
-1
23 11511
20 11294
20 11294
-1
-1
-1
21 11204
-1
-1
23 10802
-1
21 11769
-1
21 11526
18 10840
-1
19 11605
20 11725
20 11725
20 11362
20 11362
20 11362
-1
-1
-1
-1
-1
-1
22 11712
-1
-1
-1
-1
-1
21 11573
-1
-1
19 11187
-1
-1
-1
-1
-1
-1
-1
25 11762
-1
30 11413
29 11529
29 11529
-1
24 11279
-1
-1
23 10879
-1
23 10879
-1
-1
26 11567
26 11545
-1
-1
26 11358
27 11724
-1
26 11659
27 11726
-1
-1
22 11695
19 11431
-1
21 11434
-1
-1
21 11527
21 11357
-1
-1
23 11770
-1
23 11144
-1
-1
-1
-1
23 11659
-1
-1
-1
-1
-1
18 11409
19 11736
19 11222
20 11741
20 11741
-1
20 11147
20 11147
-1
-1
-1
22 11330
22 11330
-1
24 10920
-1
-1
-1
20 11502
-1
-1
20 11746
20 11530
20 11530
-1
-1
-1
-1
-1
24 11570
-1
21 11660
-1
20 11722
-1
-1
-1
19 11559
19 11559
-1
21 11583
23 11545
24 11744
24 11748
-1
-1
-1
-1
-1
25 11255
27 11683
27 11408
26 11150
26 11204
-1
30 11497
-1
-1
-1
24 11533
-1
22 11758
20 11109
-1
22 11580
22 11284
23 11637
-1
-1
24 11724
-1
26 11748
-1
26 11348
-1
-1
26 11703
26 11703
26 11646
-1
-1
25 11693
-1
21 11209
-1
-1
-1
-1
23 11234
-1
25 11705
24 11614
-1
-1
-1
-1
-1
-1
-1
-1
-1
-1
-1
23 11519
-1
-1
23 11193
-1
-1
-1
-1
-1
-1
-1
-1
-1
-1
-1
21 11517
-1
-1
-1
-1
-1
-1
-1
-1
22 11768
21 11544
-1
21 11544
22 10996
-1
-1
-1
-1
-1
-1
23 11446
24 11525
-1
-1
-1
-1
-1
-1
-1
-1
21 11262
-1
22 10960
-1
23 11701
-1
-1
-1
-1
-1
-1
-1
-1
27 11151
27 11151
27 11151
-1
28 11678
-1
-1
18 11127
-1
18 11127
-1
-1
18 11068
18 11704
-1
-1
-1
-1
-1
20 11216
-1
-1
-1
-1
-1
-1
-1
-1
-1
23 11603
-1
-1
-1
-1
27 11727
-1
-1
-1
-1
-1
29 11226
29 11226
29 11226
-1
-1
27 11544
-1
-1
22 10982
-1
-1
-1
-1
-1
20 11673
20 11673
-1
-1
20 11673
-1
-1
-1
22 11210
-1
22 11034
-1
-1
-1
27 11676
-1
-1
-1
-1
-1
-1
24 10961
-1
25 11692
22 11673
22 11673
22 11269
-1
-1
-1
20 11750
-1
-1
-1
20 11064
20 11064
20 11064
21 11262
21 11050
-1
-1
-1
19 11325
-1
19 11399
20 11398
-1
-1
21 11401
22 11433
22 11433
-1
-1
-1
-1
25 11761
-1
-1
23 11525
-1
-1
-1
-1
21 11623
21 11748
-1
-1
-1
25 11717
-1
-1
-1
-1
27 11562
27 11417
28 11763
-1
-1
-1
18 11753
-1
-1
-1
-1
22 11220
-1
-1
-1
24 11393
23 10906
-1
-1
-1
26 11607
27 11769
-1
24 11567
24 11310
25 11674
-1
-1
-1
25 11185
-1
24 11583
24 11191
24 11639
-1
-1
19 11086
20 11289
20 11289
-1
20 11446
20 11446
20 11446
20 11446
-1
21 11731
-1
-1
-1
21 11610
24 11721
24 11626
22 11240
19 10920
20 11521
20 11564
-1
-1
-1
-1
20 11731
-1
20 11317
20 11317
-1
-1
21 11698
21 11698
-1
21 11302
21 11302
-1
-1
-1
-1
-1
23 10953
25 11516
22 11619
21 11763
21 11763
-1
20 11586
20 11143
20 11188
-1
-1
-1
-1
23 11421
-1
-1
-1
-1
-1
-1
-1
-1
-1
-1
-1
22 11595
23 11717
23 11717
-1
22 11663
-1
-1
-1
-1
26 11304
-1
-1
27 11675
27 11464
-1
26 11187
-1
23 11712
-1
-1
-1
-1
-1
23 11417
24 11648
20 11511
-1
19 11171
-1
-1
-1
-1
-1
22 11388
-1
22 11369
-1
23 11205
23 11205
23 11205
-1
-1
23 11501
-1
-1
21 11657
-1
21 11003
-1
-1
-1
-1
-1
-1
-1
23 11669
22 11608
-1
22 10909
-1
-1
-1
-1
25 11533
-1
-1
25 11716
-1
-1
-1
21 11634
-1
20 11767
-1
20 11231
-1
22 11113
-1
-1
-1
-1
-1
-1
-1
25 11170
-1
25 11572
-1
22 11059
22 11059
-1
22 11059
-1
24 11661
25 11705
-1
-1
-1
25 11570
24 11237
24 11237
-1
-1
25 11187
25 11187
-1
-1
28 11550
-1
29 11636
29 11636
26 11316
-1
-1
-1
-1
-1
26 11606
-1
-1
-1
21 11470
21 11470
-1
-1
21 11636
-1
21 11636
-1
-1
21 11643
21 11401
23 11726
-1
-1
25 11251
-1
-1
24 11764
20 11456
-1
-1
-1
-1
-1
-1
-1
-1
-1
-1
-1
-1
24 11396
25 11432
-1
26 11456
27 11659
25 11590
-1
-1
-1
-1
-1
-1
-1
-1
21 11566
21 10985
-1
24 11469
25 11754
-1
-1
-1
-1
26 11234
-1
-1
-1
25 11641
-1
-1
-1
-1
20 11723
-1
-1
-1
22 11609
22 11033
-1
23 11559
-1
24 11628
-1
-1
21 11456
22 11702
24 10970
-1
-1
-1
-1
-1
23 11365
-1
-1
-1
-1
-1
-1
24 11511
-1
-1
-1
23 11528
-1
24 11502
-1
-1
-1
22 11593
-1
22 11593
-1
-1
22 11559
-1
-1
23 11380
-1
-1
-1
-1
-1
-1
-1
22 11720
20 11107
20 11107
-1
21 10986
-1
19 11218
-1
20 11491
-1
21 11195
21 11195
-1
-1
22 11256
22 11469
-1
-1
-1
-1
21 11427
-1
19 11353
-1
-1
20 10801
20 10801
23 11633
-1
-1
-1
22 11218
22 11218
-1
-1
-1
27 11450
28 11763
-1
-1
-1
27 11294
25 11290
-1
-1
-1
28 11484
-1
-1
-1
-1
27 11701
-1
-1
-1
-1
22 11323
23 11329
25 11770
24 11231
-1
25 11475
-1
-1
-1
27 11422
27 11304
-1
-1
-1
-1
19 11300
-1
23 11391
23 11378
23 11378
-1
-1
-1
27 11262
-1
-1
30 11679
29 11659
-1
28 11539
29 11480
-1
-1
-1
-1
-1
30 11547
-1
-1
26 11360
-1
-1
-1
28 11676
-1
23 10907
24 11398
27 11688
27 11497
-1
24 11233
-1
-1
-1
25 11330
26 11597
-1
-1
26 11242
-1
-1
-1
25 11606
-1
-1
28 11753
-1
28 11694
29 11470
28 11294
23 11748
-1
-1
21 11670
21 11670
-1
-1
-1
-1
21 11760
-1
21 11760
21 11760
20 11029
-1
21 11470
21 11470
21 11470
21 11441
-1
-1
23 11274
-1
22 10968
21 11691
19 11013
24 11711
-1
-1
-1
27 11461
-1
27 11461
-1
-1
28 11567
-1
-1
-1
-1
27 11482
-1
21 11681
21 11681
17 11068
17 11068
18 11716
-1
-1
-1
19 10932
21 11420
-1
21 11224
-1
21 11593
-1
-1
22 11537
-1
-1
23 11509
-1
-1
20 11634
-1
-1
-1
-1
20 11018
-1
20 11018
19 11519
-1
-1
-1
-1
-1
18 11479
19 11103
-1
-1
23 11582
-1
23 10884
25 11578
-1
-1
-1
-1
26 11562
-1
-1
-1
20 11222
-1
-1
19 11352
19 11352
-1
19 11572
-1
20 11548
-1
-1
21 10894
22 11102
22 10836
24 11761
-1
-1
22 11223
-1
23 11519
-1
-1
-1
21 11765
-1
-1
22 11560
-1
19 11365
-1
-1
-1
20 11692
22 11666
22 11666
-1
-1
-1
-1
-1
-1
20 11727
20 11727
-1
-1
19 11555
-1
-1
22 11047
-1
-1
23 10959
-1
-1
-1
25 11006
23 11405
23 11405
23 11497
25 11770
-1
26 11545
-1
25 11484
-1
-1
-1
-1
25 11758
-1
26 11637
-1
24 11413
25 11538
25 11694
20 11654
23 11669
-1
22 11266
22 11266
22 11266
-1
-1
22 11039
-1
24 11576
-1
22 11701
20 11236
20 11168
-1
23 11296
21 11731
-1
22 11677
-1
22 11182
-1
27 11625
27 11625
25 11689
24 11244
-1
24 11679
-1
-1
-1
23 11133
23 11133
23 11133
-1
-1
-1
-1
-1
-1
-1
28 11765
27 11636
27 11636
27 11523
25 11463
-1
25 11756
25 11341
28 11459
-1
-1
27 11418
-1
27 11418
-1
-1
-1
23 11680
22 11625
-1
-1
23 11512
-1
-1
-1
-1
-1
-1
22 11669
-1
20 11533
19 11643
-1
19 11689
-1
-1
-1
-1
-1
-1
-1
-1
17 10925
17 10925
20 11556
19 11206
19 11206
20 11204
-1
20 11439
-1
21 11769
-1
20 11320
-1
-1
-1
23 11458
-1
-1
24 11577
-1
23 11372
-1
-1
-1
22 11708
-1
-1
-1
22 11686
-1
22 11535
-1
21 11663
-1
-1
-1
22 11501
20 11056
21 11743
21 11665
21 11665
21 11665
-1
-1
24 11659
-1
-1
-1
-1
-1
-1
-1
-1
-1
25 11504
-1
-1
21 11593
-1
-1
24 11725
23 11591
-1
22 11634
22 11516
-1
-1
23 11720
20 11120
-1
-1
-1
21 11731
-1
-1
-1
-1
-1
-1
21 11226
-1
22 11598
-1
-1
-1
-1
-1
23 11303
-1
-1
31 11281
-1
31 11344
24 11262
-1
-1
-1
22 11193
-1
21 11062
22 11195
-1
23 11383
-1
-1
-1
-1
28 11768
-1
-1
-1
-1
28 11765
28 11462
29 11548
-1
-1
26 11673
26 11268
-1
-1
-1
-1
22 11327
-1
-1
24 11450
24 11450
-1
23 11053
24 11731
-1
-1
-1
23 11319
-1
-1
25 10888
-1
27 11457
27 11567
-1
-1
26 11342
26 11406
-1
-1
26 11406
24 11639
-1
-1
-1
-1
-1
-1
21 11546
-1
25 10929
-1
-1
25 11528
-1
25 11528
-1
-1
-1
-1
-1
-1
-1
-1
-1
24 11718
-1
-1
-1
18 11067
-1
-1
-1
-1
22 11683
-1
21 11323
-1
-1
-1
23 11625
23 11625
-1
23 11636
-1
23 11436
-1
-1
20 11102
-1
-1
-1
-1
19 11222
-1
-1
20 11594
20 11594
-1
20 11007
-1
-1
21 11343
21 11445
24 11714
-1
-1
-1
23 11746
24 11437
-1
-1
27 11623
-1
-1
27 11623
-1
26 11450
-1
25 11469
22 11453
22 11712
21 11700
19 11754
-1
18 11697
23 11764
-1
-1
-1
-1
29 11651
27 11104
27 11389
-1
-1
20 11041
-1
20 11291
18 11216
18 11216
-1
-1
-1
18 11531
18 11531
19 11404
-1
-1
19 11132
19 11132
-1
21 11709
-1
-1
21 11709
-1
-1
22 11650
-1
-1
-1
25 11709
-1
21 11426
21 11324
22 11307
-1
-1
23 11367
23 11367
-1
-1
23 11595
23 11595
-1
-1
21 10972
-1
-1
21 10972
21 11486
22 11644
-1
-1
-1
-1
-1
21 11706
19 11441
-1
22 11665
-1
-1
-1
-1
-1
23 11188
23 11668
-1
-1
-1
24 11741
-1
24 11741
-1
-1
-1
25 11763
-1
-1
-1
19 11379
-1
21 11722
19 11545
19 11412
-1
-1
-1
21 11370
22 11638
-1
22 11638
-1
22 11638
21 11480
-1
-1
-1
-1
-1
-1
24 11699
23 11754
20 11742
-1
-1
24 11219
-1
24 11013
-1
-1
24 11458
23 11162
23 11162
-1
-1
24 11251
-1
-1
27 11435
-1
28 11602
28 10944
29 11057
-1
30 11325
-1
30 11190
-1
30 11190
-1
24 11684
-1
-1
-1
20 10979
-1
-1
-1
-1
-1
-1
24 11732
24 11732
22 11699
-1
-1
20 11397
20 11397
-1
21 11363
-1
-1
-1
19 11724
-1
23 11701
23 11701
-1
-1
25 11598
-1
25 11088
-1
-1
26 11663
-1
25 11719
-1
24 11732
-1
-1
23 11325
24 11577
-1
-1
23 11743
-1
-1
-1
-1
23 11588
-1
-1
-1
-1
22 11129
-1
24 11742
-1
-1
-1
-1
-1
26 11503
-1
24 11675
-1
-1
-1
-1
-1
18 11641
-1
21 10973
21 11203
-1
-1
-1
22 11017
22 10938
-1
23 11079
24 11526
25 11640
24 11209
-1
-1
-1
24 11065
23 11700
-1
-1
22 10887
22 10887
23 11612
21 11386
-1
-1
-1
-1
-1
26 11546
-1
-1
-1
22 11577
21 11374
21 11352
-1
20 11435
-1
-1
20 11393
-1
-1
-1
-1
-1
-1
-1
-1
-1
-1
-1
31 11716
-1
-1
-1
21 11317
20 11499
-1
-1
-1
23 11506
-1
-1
24 11256
24 11323
22 11668
22 11573
24 11700
24 11700
-1
24 11233
23 11358
-1
23 11517
23 11423
23 11707
20 11574
-1
21 11680
-1
-1
21 11674
-1
-1
22 11552
23 11706
-1
-1
-1
23 11757
23 11757
-1
-1
-1
-1
23 11220
21 11014
22 11630
-1
-1
23 11421
20 11656
-1
-1
-1
25 11011
-1
25 11725
25 11612
-1
-1
-1
-1
-1
-1
23 11512
-1
-1
-1
26 11555
-1
-1
27 11444
27 11444
-1
24 11600
-1
25 11734
-1
-1
-1
-1
-1
-1
-1
-1
24 11297
25 11687
24 11695
22 11521
21 10845
-1
-1
-1
24 11586
-1
24 11503
24 11765
24 11702
-1
-1
-1
-1
21 11240
-1
23 11704
23 11704
-1
-1
23 11406
23 11373
-1
-1
-1
-1
-1
-1
-1
23 10938
25 11556
-1
-1
28 11672
-1
28 10978
-1
26 11177
-1
-1
25 11367
23 11760
-1
-1
24 11750
-1
23 11339
24 11515
24 11515
-1
-1
-1
-1
-1
17 10988
17 10988
-1
20 11519
-1
-1
21 11432
-1
-1
-1
-1
-1
-1
21 11033
24 11699
27 11610
25 11481
28 11689
-1
-1
-1
26 11273
26 11422
-1
-1
27 11411
-1
-1
-1
24 11433
-1
25 11657
24 11698
22 11150
23 11641
23 11650
24 11764
-1
-1
26 11076
26 11076
28 11143
-1
29 11767
28 11697
-1
-1
21 11228
-1
-1
-1
-1
-1
21 11590
21 11505
-1
-1
-1
-1
19 11519
-1
-1
18 10965
-1
19 11463
-1
-1
-1
-1
-1
22 11364
-1
-1
20 11759
19 11360
-1
-1
19 11740
-1
-1
-1
-1
-1
23 11737
-1
-1
23 11745
-1
-1
-1
27 11445
-1
28 11193
-1
-1
-1
23 11725
22 11489
21 11572
17 10951
17 10951
17 11153
-1
-1
-1
-1
20 11761
20 11706
20 11706
-1
20 11350
21 11588
-1
-1
-1
-1
-1
21 11207
21 11207
22 11570
-1
23 11599
-1
-1
-1
23 11754
-1
-1
22 11547
-1
26 11328
-1
25 11488
25 11388
25 11388
24 11746
24 11747
24 11382
19 11228
-1
19 11496
22 11627
-1
-1
-1
24 11323
24 11323
-1
22 11452
-1
-1
-1
-1
-1
17 11501
-1
21 10875
-1
23 11657
-1
24 11249
26 10947
28 11351
-1
-1
30 11560
-1
28 11556
-1
-1
21 11179
21 11768
-1
-1
-1
20 11688
21 11736
22 11569
-1
-1
-1
-1
-1
23 11344
21 11056
-1
21 11056
22 11195
23 11691
23 11168
-1
24 11749
-1
-1
26 11476
25 11108
23 11552
-1
-1
23 11537
22 11635
-1
20 11634
26 11657
-1
-1
26 11313
28 11375
28 11375
28 11681
-1
28 11757
27 11370
27 11518
-1
-1
-1
-1
-1
-1
20 11064
-1
-1
-1
-1
-1
-1
25 11621
-1
-1
-1
-1
25 11605
25 11477
24 11675
-1
-1
-1
23 11718
-1
-1
22 11242
22 11242
-1
-1
-1
21 11077
-1
-1
-1
-1
21 11271
23 11700
-1
-1
22 11181
-1
-1
25 11623
25 11682
25 11682
24 11657
-1
-1
-1
-1
-1
-1
-1
22 11210
-1
23 11282
-1
-1
-1
22 11635
-1
-1
-1
-1
-1
-1
-1
-1
-1
-1
20 11767
-1
20 11266
22 11745
-1
-1
24 11658
24 11293
23 11632
22 11733
-1
23 11400
22 11312
-1
-1
23 11196
-1
-1
-1
20 11082
21 11601
19 11065
19 11496
20 11173
-1
-1
20 11366
20 11366
-1
-1
-1
-1
22 11154
-1
19 11093
-1
20 11411
-1
21 11604
21 11236
19 11755
19 11755
-1
-1
20 11378
21 11124
-1
22 11586
-1
23 11689
-1
-1
-1
25 11394
-1
25 11733
25 11733
-1
-1
-1
-1
-1
26 11526
-1
22 10965
18 11452
18 11496
-1
-1
20 11213
-1
-1
23 11722
-1
-1
22 11334
-1
-1
-1
-1
-1
-1
-1
20 11639
20 11639
-1
20 11322
-1
-1
18 10984
-1
20 11093
-1
21 11739
-1
-1
22 11457
-1
-1
-1
-1
-1
-1
-1
-1
-1
20 11671
-1
19 11378
-1
-1
20 10913
21 11760
20 11747
-1
20 11747
-1
-1
-1
-1
21 11159
22 11555
-1
24 11572
-1
24 11572
-1
-1
23 11574
-1
-1
23 11056
-1
22 11341
-1
-1
-1
22 11447
21 11465
-1
-1
-1
-1
22 11496
22 11496
-1
22 11471
23 11750
23 11750
23 11041
-1
-1
-1
-1
-1
-1
-1
-1
-1
24 11707
-1
24 11707
-1
-1
-1
22 11759
22 11759
-1
-1
19 11480
21 11163
24 11507
24 11507
-1
-1
28 11682
-1
-1
-1
23 11751
23 10992
23 10992
24 11554
-1
24 11638
-1
23 11275
26 11751
-1
-1
24 11372
24 11372
-1
24 11675
24 11675
-1
-1
22 10905
22 10853
-1
-1
23 11516
-1
-1
-1
22 11292
22 11561
-1
-1
-1
-1
-1
23 11747
21 11556
-1
22 11607
-1
-1
-1
24 11704
24 11762
-1
-1
-1
-1
24 11022
-1
25 11698
25 11320
-1
-1
22 11690
-1
-1
-1
-1
-1
21 11621
21 11621
-1
-1
-1
20 11608
20 11608
20 11608
-1
18 11125
-1
23 11405
-1
24 11516
25 11656
25 11656
-1
-1
22 11107
22 11334
21 11731
-1
-1
-1
19 11496
19 11381
-1
-1
-1
-1
20 11536
19 10943
20 11769
-1
-1
-1
-1
-1
-1
-1
20 11665
20 11665
-1
-1
-1
-1
21 11511
21 11723
-1
21 11619
-1
-1
-1
-1
22 11350
-1
-1
-1
23 11656
23 11673
-1
-1
-1
21 11741
-1
-1
-1
-1
22 11596
-1
22 11490
-1
-1
-1
21 11576
21 11576
-1
22 11695
22 11695
-1
-1
-1
-1
23 11287
-1
-1
-1
-1
-1
26 11712
-1
-1
-1
-1
-1
-1
23 11672
25 11592
-1
25 11347
-1
-1
24 11207
-1
24 11084
-1
-1
-1
27 11768
-1
-1
-1
23 11650
28 11735
-1
30 11598
30 11598
-1
27 11356
-1
-1
-1
25 11343
-1
27 11619
27 11619
-1
26 11568
-1
27 11761
25 11645
-1
23 11439
23 11769
-1
-1
-1
-1
21 11429
-1
-1
-1
21 11495
21 10905
21 10905
22 10917
23 11461
-1
22 11231
22 11231
24 11567
-1
24 11606
-1
25 11707
-1
26 11461
-1
-1
27 11694
-1
-1
26 11600
-1
-1
-1
-1
25 11555
-1
-1
-1
-1
-1
-1
25 11545
25 11545
25 11545
25 11674
25 11674
24 11659
24 11659
-1
23 11727
-1
25 11726
-1
20 10836
-1
-1
-1
26 11312
27 11703
-1
-1
-1
-1
-1
27 11759
-1
-1
-1
-1
-1
23 11692
-1
-1
24 11730
22 11104
-1
23 11436
26 11766
27 11269
28 11632
28 11755
-1
-1
-1
-1
-1
-1
-1
22 11255
-1
-1
-1
-1
21 11523
21 11378
-1
21 11688
-1
-1
21 11508
-1
19 11475
19 11203
19 11203
-1
-1
18 11696
18 11395
-1
20 11467
20 11467
22 11678
23 11597
24 11757
-1
-1
-1
23 11379
-1
-1
-1
21 11452
-1
22 11590
23 11715
23 11715
-1
-1
24 11538
24 11635
24 11635
24 11480
-1
-1
-1
26 11680
26 11680
25 11618
21 11590
-1
21 11057
-1
22 11402
22 11622
-1
22 11662
-1
-1
21 11454
20 10937
-1
22 11577
-1
23 10801
24 11279
25 11735
26 11367
26 11413
-1
-1
-1
-1
-1
26 11565
27 11770
-1
25 11749
25 11749
-1
-1
-1
24 11563
-1
20 11605
-1
-1
-1
-1
-1
-1
-1
26 11768
26 11768
-1
-1
28 11733
-1
29 11411
-1
27 11538
24 11685
24 11325
-1
-1
24 11359
-1
26 11134
-1
-1
28 11583
29 11685
27 10977
28 11523
-1
-1
-1
-1
21 10848
-1
21 11670
-1
-1
-1
-1
21 11254
-1
-1
-1
22 11704
22 11569
23 11472
22 11693
-1
-1
-1
-1
26 11494
-1
26 11494
25 11547
-1
-1
-1
-1
-1
-1
23 11683
23 11742
-1
-1
-1
-1
-1
-1
-1
-1
29 11640
28 11480
26 11384
-1
-1
22 11505
-1
-1
22 11649
22 11649
21 11738
-1
22 11656
22 11656
21 11396
22 11719
21 11704
22 11733
-1
-1
23 11477
-1
-1
-1
-1
-1
21 11751
-1
-1
18 11470
18 11470
-1
-1
17 11315
-1
-1
18 11715
-1
-1
18 11063
-1
20 11350
20 11602
-1
-1
-1
-1
-1
-1
23 11122
-1
-1
29 11728
29 11275
30 11455
-1
-1
-1
-1
-1
-1
-1
33 11401
-1
-1
-1
29 11269
-1
22 11312
23 11585
-1
-1
-1
-1
23 11572
-1
27 11637
-1
27 11751
-1
-1
-1
25 11187
-1
-1
-1
23 11397
23 11397
-1
23 11742
-1
20 11682
-1
-1
-1
24 11464
24 11464
25 11740
28 11673
27 11164
-1
-1
-1
-1
-1
28 11531
28 11531
26 11449
-1
23 11552
24 11699
-1
22 11664
21 11556
-1
-1
-1
21 11587
-1
-1
21 11711
21 11369
-1
-1
-1
19 11345
18 11146
18 11146
18 11584
-1
-1
-1
19 11306
-1
-1
18 11436
18 11115
-1
-1
-1
23 11748
23 11477
26 11600
-1
-1
-1
-1
22 11454
-1
-1
-1
19 11366
-1
-1
-1
23 11298
23 11298
-1
-1
22 11302
-1
-1
-1
-1
-1
21 11743
-1
21 11033
21 11033
21 11033
21 11033
21 11033
-1
-1
23 11293
29 11350
-1
-1
29 11676
21 11664
-1
21 10894
-1
-1
-1
22 11452
21 11562
-1
-1
-1
19 11583
-1
22 11214
-1
24 11682
24 11581
24 11581
-1
-1
26 11640
-1
-1
-1
25 11719
-1
24 10883
25 11525
20 10991
22 11612
-1
-1
22 11184
-1
-1
-1
-1
26 10878
27 11347
-1
-1
-1
18 11199
-1
18 11199
20 11542
21 11678
21 11678
-1
-1
21 11473
-1
22 11556
-1
21 11483
-1
-1
22 11726
-1
20 11595
-1
19 10937
-1
-1
22 11719
-1
-1
22 11564
-1
-1
-1
22 11600
23 11751
22 11306
-1
-1
-1
-1
-1
27 11658
27 11658
-1
28 11708
30 11711
-1
-1
29 11731
29 11731
-1
29 11676
-1
-1
30 11550
30 11550
-1
30 11550
-1
27 11358
-1
-1
-1
-1
27 11731
-1
-1
22 11478
22 11478
22 11478
-1
22 11313
-1
-1
21 11629
20 11156
-1
20 11478
20 10986
21 11162
-1
-1
20 11209
20 11209
-1
-1
-1
24 11737
24 11019
-1
22 11100
23 11746
-1
22 11707
-1
22 11450
-1
27 11753
-1
-1
-1
-1
26 11670
26 11670
25 11708
-1
25 11700
-1
-1
-1
-1
23 11506
-1
-1
-1
21 11347
-1
-1
-1
21 11494
23 11666
-1
-1
-1
23 11393
-1
-1
-1
24 11628
-1
-1
-1
-1
20 11602
21 11576
21 11576
-1
19 11069
-1
19 11069
20 11542
-1
-1
20 11614
19 11642
-1
20 11700
22 11134
-1
23 11366
-1
-1
-1
26 11646
-1
21 11556
21 11556
-1
-1
-1
24 11755
-1
-1
-1
-1
21 11164
-1
-1
20 11707
-1
20 11472
20 11660
19 10898
-1
-1
23 11338
-1
24 11553
-1
24 11507
-1
-1
-1
-1
-1
-1
-1
-1
-1
-1
-1
-1
25 11206
25 11206
-1
-1
22 11578
-1
-1
-1
21 11349
21 11349
-1
20 11242
-1
19 11769
-1
19 11566
-1
-1
-1
-1
-1
-1
23 11113
-1
-1
25 11474
26 11733
22 11595
22 11382
22 11770
-1
22 11339
22 11358
22 11358
22 11395
22 11395
23 11688
-1
25 11471
-1
-1
25 11762
25 11762
-1
-1
-1
-1
-1
23 11189
-1
21 11716
21 11716
-1
-1
21 11707
22 11713
-1
-1
-1
24 11761
-1
-1
-1
20 11582
21 11680
22 11565
22 11565
22 11565
-1
-1
21 10944
21 11547
21 11710
-1
-1
-1
-1
-1
24 11727
-1
-1
-1
22 11666
24 11549
-1
25 11766
-1
-1
25 11726
25 11290
-1
-1
-1
24 11751
25 11438
-1
-1
-1
-1
-1
24 11736
-1
-1
22 11158
-1
-1
24 11430
26 11690
-1
-1
27 11101
-1
-1
28 11553
-1
-1
29 11625
28 11702
-1
-1
-1
26 11461
26 11461
-1
27 11477
21 11337
-1
19 11424
-1
21 11769
-1
-1
23 11530
25 11747
-1
-1
-1
-1
-1
22 10954
23 11305
-1
-1
-1
25 11647
25 11647
24 11553
24 11553
-1
-1
-1
-1
23 11689
-1
-1
23 11457
24 11202
-1
24 11202
24 11605
23 11575
-1
23 11543
-1
-1
-1
-1
-1
-1
25 11685
-1
-1
-1
-1
-1
25 11352
-1
-1
-1
27 11729
-1
25 11506
24 11763
-1
23 11456
23 11456
21 11713
22 11249
-1
-1
-1
27 11477
-1
-1
-1
-1
-1
-1
-1
20 11345
-1
22 11078
-1
-1
24 11740
24 11740
-1
24 11006
27 11370
27 11370
28 11501
28 11501
28 11501
25 11625
-1
28 11735
-1
28 11719
28 11547
29 11551
-1
29 11462
-1
-1
-1
-1
28 11509
27 11153
-1
-1
30 11491
26 11523
26 11523
-1
-1
-1
24 11745
24 11355
-1
-1
25 11496
-1
25 11058
-1
-1
24 11613
24 11363
23 11319
-1
-1
22 11703
-1
19 10816
-1
23 11577
-1
23 11515
-1
23 11515
22 11164
-1
-1
-1
20 11763
-1
21 11658
-1
21 11681
-1
-1
20 11621
-1
-1
20 11184
-1
22 11693
21 10978
20 11210
20 11210
-1
-1
-1
22 11140
-1
22 11185
22 11185
-1
-1
-1
-1
-1
21 11417
-1
21 11417
-1
22 11704
-1
21 11648
21 11648
-1
-1
22 11672
-1
24 11672
-1
-1
-1
30 11679
30 11645
28 11248
-1
27 11473
-1
-1
24 11599
24 11599
23 11768
-1
21 11014
20 11555
19 11014
-1
-1
-1
-1
24 11003
22 10904
-1
-1
-1
-1
-1
-1
-1
-1
-1
27 11722
-1
28 11371
-1
27 11382
26 11712
26 11712
-1
17 11224
-1
17 11384
17 11235
18 10888
19 11594
19 11355
20 11394
-1
20 11328
-1
-1
19 10958
20 11307
-1
-1
-1
-1
20 11507
21 10834
-1
23 11081
-1
-1
-1
-1
20 11384
-1
-1
-1
-1
19 10938
19 10938
-1
-1
-1
22 11759
-1
22 11698
22 11641
22 11641
-1
-1
20 11218
-1
-1
-1
21 11185
21 11185
-1
-1
-1
-1
-1
-1
-1
26 11593
-1
-1
26 11513
26 11513
-1
-1
28 11360
28 11639
-1
-1
-1
28 11690
-1
-1
27 11242
-1
-1
-1
25 11244
-1
-1
-1
24 11544
-1
-1
22 11679
-1
23 11585
23 11585
-1
27 11696
-1
-1
24 11711
24 11711
-1
20 11659
26 11656
24 11184
-1
25 11595
-1
-1
-1
-1
21 11737
18 10989
-1
19 11667
-1
18 11624
18 11547
17 10881
-1
18 11350
-1
-1
-1
-1
-1
-1
23 11030
-1
25 11339
-1
28 11274
-1
28 11274
-1
24 11755
24 11015
23 11574
-1
-1
-1
-1
22 11663
22 11437
23 11404
-1
-1
-1
23 11205
-1
-1
-1
21 11532
20 11597
-1
-1
18 11335
-1
-1
-1
-1
-1
-1
19 11147
19 11147
-1
-1
18 11336
-1
-1
21 11647
21 11647
-1
-1
-1
20 11693
-1
-1
-1
-1
-1
26 11571
27 11682
-1
-1
26 11472
25 11060
-1
23 11386
-1
-1
-1
24 11396
-1
-1
25 11364
24 11611
-1
-1
-1
-1
-1
20 11520
20 11520
20 11520
-1
21 11525
21 11525
-1
22 11690
-1
-1
23 11688
-1
-1
-1
22 11433
22 11433
21 11451
21 11451
-1
-1
-1
-1
-1
-1
-1
-1
25 10912
24 11387
25 11575
25 11575
-1
-1
27 11291
-1
-1
-1
26 11664
-1
29 11411
29 11411
29 11411
-1
-1
-1
-1
-1
29 11705
25 11655
-1
25 11655
-1
-1
-1
22 11072
22 11072
23 11382
23 11382
-1
-1
-1
25 11415
-1
-1
-1
24 11577
-1
-1
-1
-1
24 11222
-1
-1
24 11754
23 11436
23 11348
-1
-1
21 11410
22 11533
23 10999
-1
23 10998
23 11419
-1
-1
-1
-1
22 11465
-1
-1
21 11701
-1
-1
-1
-1
23 11679
21 11614
-1
-1
-1
22 11276
22 11276
22 11302
-1
-1
21 10868
-1
-1
-1
-1
-1
-1
-1
27 11271
-1
30 11639
-1
27 11653
-1
23 11754
-1
20 11525
-1
-1
19 11581
19 11138
19 11138
-1
23 11187
24 11594
-1
25 11668
-1
-1
-1
-1
-1
-1
26 11727
22 11431
22 11431
21 11770
-1
24 11723
-1
26 11751
26 10966
30 11363
30 11363
-1
28 11249
23 10959
-1
-1
21 11340
-1
-1
-1
24 11570
-1
23 10874
24 11091
-1
-1
-1
26 11701
25 11451
26 11688
26 11688
-1
26 11749
26 11749
23 11190
-1
-1
-1
-1
25 11667
25 11667
-1
-1
-1
23 11406
-1
24 11608
-1
25 11671
27 11449
25 11396
25 11396
-1
-1
-1
26 11716
-1
-1
-1
-1
26 11740
26 11740
-1
-1
26 11165
26 11165
27 11765
-1
-1
-1
-1
28 11735
-1
27 11561
-1
28 11671
-1
-1
-1
-1
-1
-1
27 11718
-1
-1
26 11604
26 11682
-1
21 11596
21 11005
23 11690
24 11758
-1
24 11758
22 11313
22 11313
23 11657
-1
22 11765
-1
18 11634
-1
-1
-1
18 11223
18 11223
-1
20 11468
-1
-1
20 11459
20 11459
21 11706
-1
-1
21 11042
21 11321
21 11321
-1
-1
-1
24 11541
-1
-1
-1
-1
-1
-1
23 11756
23 11506
23 11506
-1
23 11702
22 11727
-1
-1
-1
-1
-1
-1
-1
20 11038
-1
-1
-1
-1
-1
28 11667
-1
-1
27 11220
28 11714
28 11714
-1
-1
30 11661
-1
30 11741
-1
-1
23 11527
-1
19 11178
-1
20 11575
20 11630
-1
20 11272
21 11594
-1
-1
22 10926
-1
-1
-1
21 10920
-1
20 11755
-1
20 11115
-1
-1
21 11091
-1
-1
23 11669
-1
-1
-1
-1
25 11587
-1
-1
22 11702
20 11236
19 11432
19 11432
-1
-1
-1
-1
23 11731
-1
-1
-1
-1
21 11359
-1
-1
-1
-1
25 11104
24 11545
24 11545
22 11415
-1
21 11548
22 11040
-1
-1
-1
23 11020
26 11563
-1
24 11747
24 11747
21 10938
23 11484
-1
-1
-1
-1
25 11603
-1
24 11468
23 11718
23 11718
-1
-1
23 11063
26 11436
-1
-1
27 11313
22 11514
-1
-1
21 11521
25 11648
26 11057
-1
-1
27 11483
28 11751
29 11725
-1
-1
-1
-1
-1
-1
25 11632
-1
-1
-1
-1
25 11723
24 11213
-1
-1
-1
27 11586
27 11756
27 11551
27 11551
26 11640
-1
26 11713
26 11685
-1
24 11750
-1
21 11418
-1
-1
21 11046
-1
-1
21 11719
-1
-1
-1
-1
-1
21 11627
-1
-1
-1
21 11627
22 11566
-1
23 11691
23 11691
-1
23 11483
23 10989
-1
23 11686
-1
22 11591
-1
23 11757
-1
24 11188
-1
24 11188
-1
24 11675
-1
27 11359
-1
25 11459
25 11459
-1
-1
-1
-1
-1
-1
-1
25 11647
25 11335
-1
-1
-1
26 11675
26 11675
22 11371
-1
20 11521
-1
-1
-1
21 11252
21 11417
-1
-1
21 11638
19 11241
-1
-1
24 11690
-1
23 11617
-1
24 11686
24 11686
26 11021
26 11034
-1
-1
-1
20 11598
-1
-1
-1
23 11442
-1
23 11442
-1
-1
23 11678
-1
23 11541
-1
24 11302
25 11648
-1
-1
-1
22 11073
-1
23 11748
-1
21 11645
18 10955
-1
-1
-1
20 11309
-1
20 11309
20 11195
-1
24 11732
-1
23 11040
23 11040
-1
23 11457
22 11659
-1
-1
21 11432
-1
22 11697
-1
24 11756
-1
21 11764
-1
20 11291
-1
-1
20 11528
-1
-1
-1
21 11751
23 11575
23 11470
-1
24 11147
26 11265
-1
-1
27 11590
27 11590
-1
28 11145
-1
-1
28 11674
-1
-1
-1
-1
-1
-1
-1
-1
23 11626
-1
-1
-1
24 11478
-1
-1
25 11610
-1
25 11610
25 11437
-1
22 11372
22 11372
-1
22 11372
-1
19 11326
-1
-1
21 11404
21 11404
-1
-1
-1
-1
-1
22 11303
-1
-1
-1
17 10953
-1
-1
-1
22 11748
-1
22 11638
-1
22 11539
-1
-1
23 11173
23 11284
-1
24 11745
-1
23 11528
-1
23 11009
23 11009
24 11069
25 11671
25 11183
-1
-1
-1
-1
-1
-1
-1
-1
-1
-1
21 11207
-1
-1
-1
24 11726
-1
-1
-1
21 11241
21 11359
-1
-1
-1
-1
-1
20 11608
-1
-1
-1
-1
19 11559
19 11559
19 11559
-1
19 11287
23 11582
23 11213
23 11213
26 11391
26 11391
-1
-1
-1
-1
28 11418
-1
31 11582
31 11582
-1
-1
-1
29 11425
27 11518
-1
27 11435
-1
30 11707
-1
25 11552
-1
27 11557
27 11298
-1
26 11690
26 11690
-1
-1
26 11447
26 11447
26 11516
-1
-1
-1
-1
-1
24 11491
-1
-1
-1
-1
22 11077
-1
-1
-1
-1
-1
-1
-1
-1
-1
22 11674
22 11273
22 11273
20 11036
20 11302
24 11333
-1
-1
24 11212
25 11613
25 11613
23 11706
22 10973
-1
-1
22 11255
22 11167
-1
23 11708
23 11370
23 11370
-1
24 11663
22 10886
-1
-1
23 10918
23 10918
-1
-1
-1
-1
-1
21 11329
22 11682
-1
22 11099
-1
-1
-1
23 11604
-1
-1
-1
25 11522
-1
-1
-1
-1
-1
-1
-1
25 10968
-1
23 11262
23 11457
-1
25 11323
25 11648
-1
24 10965
24 10965
-1
-1
22 11117
22 11739
20 11325
21 11194
-1
-1
22 11682
-1
21 11550
-1
21 11488
21 11488
-1
-1
-1
-1
-1
-1
20 11298
-1
-1
21 11720
-1
24 11580
-1
23 11354
22 11567
22 11615
-1
25 11645
-1
-1
25 11537
25 10894
-1
25 10894
26 11671
-1
22 11492
21 11652
-1
-1
-1
-1
22 11652
20 11501
-1
20 11420
-1
-1
19 11517
-1
22 11457
23 11353
-1
22 11314
-1
-1
-1
-1
22 11618
-1
-1
-1
-1
-1
-1
-1
22 11438
22 11709
-1
-1
21 11537
22 10909
-1
21 11374
23 11696
23 11696
20 11402
-1
-1
21 11510
-1
-1
-1
24 11396
-1
-1
-1
24 11366
25 11682
25 11682
-1
-1
-1
25 11679
-1
-1
-1
-1
23 11635
23 11753
-1
-1
26 11731
-1
25 11034
24 11418
-1
-1
-1
25 11436
22 11399
-1
-1
23 11580
-1
20 11750
21 11769
21 11769
-1
-1
-1
22 11414
-1
-1
22 11390
-1
22 11303
-1
-1
-1
-1
-1
25 11568
25 11568
25 11568
-1
28 11510
-1
29 11770
-1
-1
24 11606
25 11668
-1
-1
24 11457
24 11457
-1
25 11656
-1
-1
-1
23 11081
-1
24 11766
23 11017
23 10986
23 11067
-1
-1
-1
21 11437
-1
-1
-1
-1
24 11647
22 11009
22 11656
22 11656
-1
21 10872
-1
21 11145
-1
21 11145
-1
-1
-1
-1
-1
20 11596
19 11570
21 11530
-1
-1
-1
24 11761
24 11440
24 11440
-1
-1
-1
-1
25 11138
-1
-1
22 11427
-1
24 11667
24 11032
24 11032
21 11619
-1
-1
-1
-1
-1
-1
-1
20 11458
20 10930
-1
21 11021
-1
-1
-1
-1
-1
25 11549
27 11526
-1
25 11700
-1
-1
-1
22 11663
21 11459
-1
-1
22 11716
-1
23 11211
26 11643
-1
24 11643
-1
-1
26 11605
-1
-1
24 11566
-1
-1
-1
-1
22 11268
-1
-1
-1
22 11629
-1
22 11756
-1
-1
-1
-1
23 11119
23 11119
-1
-1
-1
-1
28 11288
-1
28 11439
-1
28 11495
-1
28 11476
29 11504
-1
19 11015
-1
-1
-1
21 11470
-1
-1
-1
22 11572
-1
24 11720
24 11720
-1
-1
23 11652
24 11698
-1
-1
23 10851
23 11717
21 11359
21 11359
-1
-1
20 11521
-1
-1
22 11521
-1
27 11697
-1
-1
27 11104
28 11647
-1
28 11591
21 11381
-1
-1
-1
20 11051
-1
-1
-1
22 11725
-1
-1
-1
26 11650
25 11101
-1
-1
-1
-1
24 11749
24 11228
24 11228
25 11673
-1
-1
24 11395
-1
24 11395
25 11763
-1
-1
-1
23 11594
22 10896
25 11231
25 11293
-1
-1
24 11472
26 11513
23 11240
23 11240
-1
-1
-1
24 11743
24 11743
-1
-1
-1
-1
-1
-1
-1
-1
18 11162
18 11323
-1
-1
20 11701
19 11580
-1
19 11580
-1
-1
-1
-1
23 11465
-1
-1
-1
-1
21 11279
19 11264
-1
-1
17 11476
-1
19 11465
-1
-1
19 11498
19 11498
20 11729
19 11241
19 11241
-1
22 11338
21 11248
21 11758
-1
-1
-1
-1
21 11537
20 11358
-1
21 11676
21 11696
-1
22 11351
-1
-1
-1
23 11369
22 11708
-1
-1
26 11586
-1
-1
29 11765
-1
-1
-1
29 11703
-1
-1
-1
-1
23 11737
-1
20 11728
-1
23 11082
23 11082
22 11660
23 11442
23 11442
20 10992
-1
-1
-1
-1
-1
-1
-1
-1
-1
-1
-1
-1
-1
-1
23 11393
21 11537
21 11181
-1
21 11563
21 11175
23 11417
-1
24 11676
25 11034
-1
25 11034
24 11018
-1
-1
24 11056
24 11009
-1
-1
-1
19 11581
20 11465
-1
-1
19 10822
-1
21 11465
22 11701
-1
21 11493
-1
-1
23 11570
-1
24 11338
-1
-1
29 11749
29 11235
-1
29 11235
-1
-1
30 11497
-1
-1
-1
-1
27 10845
-1
23 11739
23 11739
-1
-1
-1
-1
-1
-1
22 11697
20 10928
-1
20 10928
21 11402
-1
-1
-1
-1
-1
-1
23 11500
24 11162
-1
21 11615
-1
-1
-1
-1
-1
-1
21 11490
21 11490
21 11569
-1
20 10815
-1
20 11318
22 11725
-1
20 11239
20 11239
22 11755
-1
21 11061
-1
21 11681
-1
-1
21 11044
-1
-1
-1
-1
-1
-1
18 10914
20 11760
-1
24 11752
24 11601
24 11538
28 11340
-1
-1
30 11411
-1
23 11703
24 11461
-1
25 11753
-1
22 11208
-1
19 10942
20 11571
-1
18 11529
-1
19 11634
-1
-1
21 11226
-1
21 11704
21 11606
20 11205
18 11215
18 11607
18 11609
-1
-1
-1
22 11328
-1
-1
-1
20 11110
22 11219
-1
-1
-1
-1
26 11701
-1
-1
-1
25 11723
-1
-1
-1
-1
24 11742
22 11316
-1
-1
-1
-1
-1
21 11082
22 11554
22 11694
-1
-1
-1
22 11508
-1
23 11685
-1
-1
24 11732
-1
25 11695
23 11561
23 11098
23 11622
-1
20 11690
-1
-1
20 11747
-1
-1
19 11456
19 11456
19 11084
21 11603
21 11603
21 11514
21 11503
22 11024
-1
24 11181
24 11181
24 11181
-1
25 11662
25 11240
-1
-1
-1
-1
-1
24 11266
-1
-1
-1
22 11703
-1
-1
21 11421
-1
23 11624
23 11624
23 11624
-1
-1
-1
-1
24 11676
-1
-1
24 11737
-1
-1
-1
-1
-1
23 11769
21 11711
-1
19 10878
-1
-1
-1
-1
21 11704
-1
-1
21 11663
20 11389
-1
19 11209
-1
22 11753
-1
-1
-1
-1
27 11171
26 11100
-1
26 11731
-1
25 11539
-1
-1
24 10978
-1
24 10978
-1
25 11687
26 11471
-1
-1
24 11525
-1
23 11671
23 11726
-1
-1
-1
-1
27 11382
28 11207
-1
29 11612
29 11612
28 11679
-1
-1
28 11105
-1
-1
24 11401
-1
-1
-1
-1
-1
-1
-1
22 11382
-1
20 10963
-1
20 10963
-1
22 11719
22 11719
21 11233
21 11111
21 11514
-1
22 11550
-1
24 11653
22 11390
-1
21 11172
-1
25 11499
-1
-1
22 11519
23 11745
21 10804
-1
22 11228
22 11228
25 11438
27 11467
-1
28 11406
-1
26 11589
26 11589
-1
-1
-1
25 11292
-1
23 11736
-1
-1
-1
24 11642
-1
-1
-1
24 11004
-1
-1
-1
26 11600
-1
-1
24 11621
-1
-1
24 11429
-1
-1
21 11675
21 11685
21 11685
22 11749
-1
-1
-1
23 11394
24 11742
22 11266
-1
-1
23 11523
24 11204
25 11664
-1
-1
25 11485
-1
-1
26 11592
-1
27 11744
-1
-1
-1
-1
24 11507
19 11145
-1
-1
-1
21 11332
-1
22 11308
21 11430
22 11418
-1
-1
-1
23 11750
24 11553
25 11600
25 11638
25 11638
25 11638
-1
-1
26 10855
26 10855
-1
26 10855
-1
-1
27 11525
-1
26 11276
-1
-1
24 11479
-1
23 11761
19 11282
20 11359
20 11359
21 11623
-1
21 11696
-1
-1
21 11252
-1
23 11431
-1
-1
24 11243
-1
-1
-1
-1
-1
24 11623
-1
-1
-1
-1
-1
21 11231
19 11113
19 11443
-1
20 11679
-1
-1
22 11207
21 11042
22 11420
-1
-1
-1
25 11597
25 11318
-1
-1
25 11489
-1
-1
25 11687
24 11548
-1
-1
-1
-1
-1
28 11358
-1
-1
-1
27 11198
23 11700
-1
23 11770
-1
22 11526
-1
-1
-1
21 11593
-1
22 11296
-1
22 11476
23 11381
25 11644
-1
-1
27 11756
-1
-1
-1
-1
-1
24 11619
-1
-1
23 11763
-1
22 11376
-1
22 11652
21 11057
21 11057
-1
-1
-1
-1
23 11654
-1
22 11426
-1
-1
24 11629
-1
25 11732
-1
27 11396
27 11396
-1
-1
-1
25 11673
25 11619
-1
23 11543
-1
-1
-1
24 11312
-1
24 11669
25 11520
-1
28 11567
27 11279
27 11279
-1
-1
-1
27 11024
-1
29 11652
29 11652
-1
-1
-1
21 11667
-1
-1
20 11586
-1
23 11335
-1
22 11309
22 11309
21 11609
-1
22 11328
18 11380
-1
-1
19 11761
19 11467
-1
20 11562
-1
21 11127
25 11162
26 11346
-1
26 10885
26 10885
-1
-1
27 11600
28 11765
-1
-1
-1
-1
23 11664
-1
23 11754
-1
19 11430
-1
19 11546
-1
-1
-1
21 11738
21 11098
22 11752
22 11250
-1
-1
-1
-1
24 11080
-1
-1
-1
23 11442
-1
-1
-1
-1
17 11162
-1
-1
-1
-1
21 11451
-1
22 11086
23 10996
-1
25 11324
24 11723
-1
22 11718
18 11202
19 10818
-1
-1
-1
-1
-1
-1
21 11347
-1
20 11681
20 11694
-1
20 11694
-1
-1
23 11722
-1
24 11714
24 10931
27 11695
-1
-1
26 11713
-1
-1
-1
-1
28 11153
-1
-1
-1
24 11507
-1
25 11682
-1
25 11682
25 11682
-1
-1
27 11663
-1
-1
29 11634
-1
29 11719
-1
29 11719
29 11585
24 11221
25 11642
-1
-1
19 11165
19 11165
-1
-1
21 11038
-1
23 11360
-1
-1
-1
24 11319
-1
24 11612
24 11381
-1
-1
-1
22 11747
22 11747
22 11008
23 11741
-1
23 11741
-1
-1
22 11364
-1
-1
23 11701
24 11344
-1
25 11596
23 11587
-1
-1
-1
-1
-1
24 11634
-1
27 11303
27 11563
25 11283
-1
26 11618
-1
26 11010
-1
-1
-1
27 11140
-1
25 11081
25 11470
21 11756
-1
22 11617
-1
-1
23 11683
22 11597
22 11597
-1
18 11385
19 11428
-1
21 11183
23 11683
-1
23 10932
28 11520
-1
-1
-1
31 11723
29 11461
-1
-1
30 11605
30 11605
-1
-1
28 11267
-1
-1
-1
-1
-1
28 11581
29 11712
-1
-1
-1
22 11470
-1
-1
-1
18 11315
17 11132
19 11504
-1
-1
20 11626
-1
-1
-1
22 11710
-1
-1
-1
-1
-1
-1
-1
22 11608
23 11536
-1
-1
-1
-1
24 11266
24 11090
24 11684
-1
26 11628
-1
25 11638
-1
22 11731
-1
23 11421
21 11592
-1
-1
20 11659
-1
-1
20 11255
-1
22 11539
21 11465
21 11465
-1
20 11375
20 11056
-1
21 10826
22 11108
-1
20 11742
-1
-1
-1
-1
21 11688
-1
21 11596
-1
-1
-1
23 11339
-1
-1
-1
-1
-1
-1
23 11316
-1
23 11004
-1
25 11577
-1
25 11701
-1
25 11701
-1
-1
25 11448
24 11654
24 11654
24 11545
-1
-1
24 11540
23 11218
-1
20 11500
-1
19 10920
19 11430
19 11518
-1
-1
20 10884
21 11377
-1
-1
24 11262
-1
-1
24 11618
-1
-1
-1
20 10901
21 11718
-1
-1
-1
19 11549
-1
19 11549
-1
-1
19 11114
-1
17 11462
-1
18 11316
18 11403
18 11311
-1
-1
-1
-1
-1
25 11204
-1
-1
29 11705
25 11533
-1
-1
25 11363
-1
25 11592
-1
-1
-1
-1
-1
-1
19 11453
21 11034
22 11718
-1
20 10920
-1
23 11136
-1
-1
-1
26 11600
-1
-1
27 11757
25 11184
-1
-1
-1
28 11652
-1
26 11523
-1
26 11542
26 11542
25 11713
-1
24 11650
23 11742
-1
-1
-1
-1
24 11742
-1
-1
22 11582
-1
23 11570
-1
-1
23 11570
-1
23 11695
23 11667
23 11451
24 10792
25 10974
-1
-1
23 11591
-1
-1
-1
-1
-1
-1
-1
-1
-1
22 11311
-1
-1
23 11360
23 11360
-1
23 11376
25 11604
24 11605
21 11529
-1
-1
-1
-1
21 11769
21 11611
20 11432
-1
21 11551
19 11456
-1
20 11045
-1
-1
22 11756
22 11756
-1
-1
25 11725
26 11306
-1
26 11526
26 11440
-1
-1
24 11194
-1
26 11768
-1
-1
25 11239
-1
25 11533
24 11719
24 11740
-1
-1
22 11335
24 11654
-1
-1
-1
26 11127
-1
27 11737
-1
28 11640
28 11640
-1
-1
-1
-1
-1
-1
-1
28 11739
-1
-1
26 11341
26 11060
-1
27 11562
27 11562
27 11562
-1
-1
21 11536
-1
-1
-1
-1
24 11191
24 11191
24 11543
25 11267
-1
-1
-1
25 11690
-1
26 11345
26 11552
-1
26 11145
26 11508
23 11759
-1
20 11308
-1
-1
-1
-1
-1
-1
-1
-1
-1
-1
27 11134
-1
25 11685
-1
24 11766
25 11448
25 11753
25 11753
23 11475
-1
24 11480
-1
-1
-1
19 11342
-1
20 11025
20 11025
20 11025
-1
21 11566
22 11708
22 11708
-1
21 11619
-1
21 11619
-1
26 11587
-1
26 11532
-1
-1
-1
28 11227
-1
-1
-1
28 11563
-1
-1
-1
-1
-1
-1
27 11736
-1
-1
-1
-1
-1
-1
-1
-1
-1
25 11296
-1
-1
-1
-1
26 11221
22 11596
23 11737
-1
-1
22 11713
22 11713
-1
-1
-1
20 11446
-1
-1
-1
21 11582
21 10894
-1
-1
-1
21 11201
-1
21 11201
-1
-1
22 11347
-1
-1
-1
-1
-1
-1
18 11516
-1
-1
-1
18 11538
-1
-1
-1
22 11733
22 11131
-1
24 11234
-1
25 11588
26 11691
26 11691
26 11691
-1
26 11681
-1
-1
-1
-1
28 11046
27 11579
26 11606
-1
-1
-1
-1
-1
-1
25 11173
25 11693
25 11693
-1
25 11697
25 11697
25 11537
-1
25 11701
24 10865
27 11629
-1
-1
-1
-1
23 11180
-1
-1
-1
-1
23 11704
-1
-1
20 11129
-1
21 11452
-1
-1
-1
23 11723
-1
-1
21 11499
21 11523
-1
-1
-1
-1
20 11049
21 11657
-1
-1
18 11323
-1
-1
-1
20 10856
21 11401
23 11699
-1
-1
-1
23 10866
-1
-1
23 11498
29 11675
-1
-1
-1
-1
-1
-1
-1
25 11546
-1
-1
26 11395
-1
27 11750
27 11750
-1
-1
21 11287
-1
-1
-1
24 11579
23 11377
-1
-1
22 11705
-1
-1
-1
-1
-1
22 11601
22 11601
22 11601
24 11540
22 11370
23 11562
25 11342
-1
-1
21 11542
21 11404
21 11338
23 11354
-1
-1
-1
-1
-1
27 11295
-1
-1
-1
21 11456
-1
19 10916
-1
-1
-1
20 11515
-1
-1
20 11155
-1
-1
-1
-1
-1
-1
24 11666
24 11666
-1
25 11546
-1
26 11159
26 11700
-1
23 11520
-1
-1
-1
-1
-1
-1
-1
-1
26 11243
-1
25 11738
24 11553
-1
-1
19 11092
19 11623
-1
19 11706
-1
17 11084
19 11315
21 11157
-1
-1
-1
-1
-1
-1
-1
25 11384
25 11156
-1
-1
26 11755
-1
-1
-1
-1
26 11604
-1
-1
18 11505
19 11701
19 11701
20 11605
-1
21 11145
23 11498
-1
22 11659
22 11310
21 11764
23 11757
25 11366
25 11243
23 10909
-1
-1
24 11347
-1
-1
23 10940
-1
-1
24 11424
24 11424
-1
-1
26 11714
24 11590
-1
-1
-1
22 11631
22 11631
20 11666
-1
21 11442
-1
-1
-1
22 11535
-1
24 11237
-1
-1
25 11660
26 11715
-1
-1
24 11709
-1
-1
-1
23 11290
23 11290
-1
-1
-1
23 11365
-1
20 11256
-1
-1
-1
22 11110
22 11110
-1
19 11403
-1
-1
-1
22 11641
-1
-1
23 11285
-1
-1
26 11745
25 11254
25 11468
19 11540
-1
18 11678
18 11678
19 11765
19 11689
-1
20 11261
-1
-1
-1
-1
25 11318
25 11110
-1
26 11492
-1
25 11682
-1
-1
23 11393
-1
-1
22 11363
22 11352
-1
-1
-1
23 11707
-1
22 11238
-1
20 11091
20 11559
-1
-1
-1
-1
-1
-1
-1
-1
21 11441
21 11441
21 11656
23 11340
-1
-1
-1
-1
-1
-1
25 11743
-1
25 11258
26 11724
26 11742
-1
26 11589
-1
-1
-1
27 11670
-1
26 11617
22 11218
-1
21 11333
-1
-1
-1
-1
-1
29 11471
-1
-1
24 11227
-1
24 11227
-1
-1
23 11571
20 10942
21 11199
23 11598
-1
24 11684
-1
24 11684
-1
-1
23 10844
24 11270
-1
-1
29 11065
-1
-1
-1
-1
32 11615
29 11409
-1
28 11648
29 11708
-1
24 11768
25 11757
25 11539
-1
-1
-1
-1
26 11735
25 10931
-1
-1
-1
-1
-1
-1
-1
24 11463
-1
20 11289
21 10993
21 10993
-1
-1
-1
24 11669
-1
-1
24 11750
24 11375
24 11552
24 11552
20 11261
21 11741
21 11741
21 11741
21 11741
-1
-1
-1
23 11334
23 11735
-1
23 11730
-1
22 11739
-1
-1
-1
24 11762
24 11708
24 11736
24 11753
-1
-1
26 11294
26 11294
-1
27 11443
27 11606
27 11395
-1
-1
25 11755
-1
-1
25 11732
-1
-1
25 11665
-1
-1
-1
-1
-1
20 11410
20 11410
20 11410
-1
20 11410
-1
20 10929
-1
-1
25 11673
-1
23 11742
-1
-1
-1
21 11242
22 11694
-1
22 11522
-1
23 11655
-1
-1
23 11592
-1
-1
24 11340
24 11413
24 11413
25 10938
-1
-1
-1
29 11409
29 11409
-1
30 11522
-1
31 11463
31 11463
29 11592
-1
26 11615
-1
-1
-1
-1
-1
-1
18 11185
-1
-1
23 11422
23 11422
23 11422
22 10982
23 11232
-1
-1
24 11491
-1
-1
-1
24 11500
23 11428
-1
-1
20 11323
-1
-1
-1
23 11743
-1
24 11543
23 11176
24 11588
21 11723
22 11633
-1
21 11114
-1
-1
-1
22 11715
-1
-1
-1
20 11677
19 11708
-1
21 11012
22 11756
20 11489
-1
20 11349
-1
22 11749
-1
19 11193
-1
-1
-1
21 11546
21 11540
21 11540
-1
22 11666
-1
22 11072
-1
22 11072
-1
-1
24 11707
-1
-1
25 11491
24 10913
23 11507
-1
-1
24 11636
-1
22 11131
22 11131
-1
-1
-1
-1
-1
-1
27 11170
-1
28 11356
-1
-1
-1
-1
23 11658
-1
23 11243
-1
-1
-1
21 10976
-1
-1
24 11025
-1
-1
-1
26 11122
-1
-1
27 11714
-1
-1
-1
23 11388
23 11108
-1
-1
23 11767
22 11450
-1
-1
25 11175
26 11274
26 11274
-1
-1
28 11561
-1
28 11561
-1
-1
-1
-1
28 11685
-1
-1
26 11736
22 11387
-1
-1
-1
-1
-1
-1
-1
20 11001
21 11732
-1
-1
25 11751
-1
26 11248
26 11248
28 11679
-1
-1
-1
-1
28 11614
-1
-1
24 11260
24 11260
-1
19 11518
-1
19 11726
-1
-1
-1
19 11507
19 11507
-1
20 11595
20 11407
21 11004
-1
-1
22 11430
22 11430
-1
-1
-1
-1
-1
24 11606
24 11570
24 11531
24 11531
-1
21 11647
-1
19 11286
-1
19 11286
-1
20 11418
-1
20 11418
-1
-1
-1
21 11755
-1
-1
23 11525
-1
-1
22 11661
-1
-1
24 11557
-1
-1
22 11700
22 11711
22 11711
-1
19 10850
20 11309
20 11309
-1
-1
-1
-1
-1
-1
20 11058
19 11088
-1
22 11549
22 11575
-1
-1
-1
-1
18 11415
-1
20 11382
-1
-1
22 11630
-1
-1
22 11344
-1
-1
-1
24 11202
22 11323
-1
-1
23 11225
-1
-1
-1
20 11740
21 11637
-1
20 11612
21 11421
-1
-1
24 11620
-1
23 11661
-1
-1
-1
22 11606
-1
-1
21 11722
-1
-1
-1
23 11659
23 11659
-1
-1
23 11560
25 11521
22 11634
-1
-1
-1
22 11609
21 11427
22 11620
-1
-1
-1
-1
-1
-1
28 11195
-1
26 11732
-1
-1
-1
23 11613
-1
-1
24 10970
-1
-1
24 11509
24 11509
-1
26 11762
-1
27 11689
-1
-1
31 11580
31 11618
-1
-1
29 11232
-1
-1
-1
-1
21 11691
-1
19 11005
20 10813
-1
22 11679
25 11650
25 11650
-1
22 11692
-1
22 11144
-1
-1
22 11088
-1
-1
-1
-1
-1
24 11386
-1
-1
-1
-1
21 11737
-1
24 11693
24 11044
28 11666
-1
-1
28 11690
28 11690
-1
-1
-1
32 11670
-1
-1
-1
29 11734
-1
-1
32 11741
-1
-1
30 11457
31 11452
31 11622
31 11630
30 11098
30 11098
-1
-1
-1
-1
33 11759
-1
30 11355
-1
-1
29 11073
-1
28 11730
-1
25 11630
-1
-1
-1
23 11762
-1
-1
21 11369
-1
21 11360
21 11360
-1
-1
21 11374
-1
22 11252
22 11252
22 11549
22 11549
-1
21 11168
-1
22 11522
22 11522
-1
23 11503
-1
-1
-1
23 11705
-1
-1
22 11257
-1
22 11764
-1
-1
-1
21 11503
-1
-1
-1
-1
-1
-1
-1
-1
21 10951
21 10840
-1
22 11624
-1
-1
21 11648
22 11255
24 11722
-1
-1
25 11559
-1
26 11418
-1
25 11728
-1
-1
25 11760
25 11760
21 11685
21 11685
17 11029
-1
17 11073
-1
-1
18 11667
17 11078
-1
-1
20 11546
18 10968
18 10968
-1
-1
-1
24 11261
27 11757
-1
-1
-1
-1
-1
-1
-1
24 11196
-1
-1
-1
-1
22 11743
-1
-1
-1
-1
26 11539
-1
-1
28 11729
-1
-1
27 11080
27 11080
-1
-1
26 11541
-1
26 11102
-1
26 11744
-1
-1
27 11642
-1
-1
-1
28 11701
-1
27 11266
22 11663
22 11663
20 11759
-1
19 11563
-1
-1
23 11628
-1
23 11628
24 11676
-1
23 11470
-1
25 11652
-1
25 11701
22 11199
-1
22 11199
23 11516
21 11494
-1
-1
20 11563
-1
20 11275
-1
22 11739
-1
-1
-1
-1
22 11751
-1
-1
16 11000
-1
-1
18 11616
18 10964
20 10933
21 11207
-1
-1
-1
-1
23 11486
-1
24 11718
-1
-1
-1
-1
24 10898
25 11489
-1
-1
-1
24 11650
-1
-1
-1
-1
-1
-1
-1
-1
21 11444
22 11709
-1
22 11637
23 11586
23 11586
-1
25 11743
-1
25 11714
-1
-1
28 11749
-1
-1
-1
29 11599
-1
-1
-1
24 11405
-1
20 11389
-1
19 11506
20 11504
-1
22 11626
-1
-1
19 11038
20 11420
-1
-1
21 11695
21 11695
-1
-1
23 11110
23 11110
-1
-1
21 11081
21 11158
-1
21 11158
21 11158
-1
-1
-1
-1
-1
-1
-1
-1
-1
22 11505
-1
-1
-1
23 11675
22 11504
-1
21 11411
-1
-1
24 11152
-1
24 11281
-1
24 11362
22 11443
-1
-1
-1
22 11570
-1
-1
21 11407
21 11407
-1
-1
-1
-1
21 11662
21 11662
-1
18 11371
18 11263
-1
-1
21 11724
-1
-1
21 11307
-1
-1
24 11133
-1
-1
24 11530
25 11167
25 11167
-1
24 11084
-1
25 11466
25 11466
-1
24 11733
-1
-1
-1
25 11722
-1
-1
26 11654
25 11522
-1
30 11731
30 11646
-1
21 11195
-1
21 11195
21 11760
-1
22 11631
-1
-1
-1
-1
20 11702
-1
-1
24 11268
-1
26 11575
-1
-1
26 11723
24 11702
24 11245
-1
-1
-1
-1
22 11552
-1
-1
21 11198
-1
-1
21 11678
21 11619
22 11578
-1
-1
20 11284
21 11723
-1
-1
22 11234
23 11307
23 11307
-1
-1
-1
-1
-1
-1
-1
-1
28 11316
-1
-1
25 11641
-1
-1
23 11421
-1
-1
