345
623
195
449
622
351
301
384
523
59
573
533
273
169
459
554
602
269
197
590
137
340
335
60
216
420
75
263
550
451
540
498
262
185
23
166
224
495
523
282
41
507
273
575
175
302
244
28
430
111
289
307
132
316
435
88
194
282
386
607
208
498
153
237
328
491
291
511
560
577
439
560
231
564
572
219
215
406
268
487
526
71
59
422
439
394
63
18
388
55
481
471
118
271
253
379
302
178
67
12
31
566
356
524
200
272
237
460
304
233
297
345
563
574
530
318
40
324
619
345
241
53
544
43
350
291
19
188
327
40
93
548
158
408
347
127
277
51
175
279
34
128
278
51
583
605
322
265
237
427
538
246
608
147
620
21
629
553
15
120
335
590
563
274
492
136
363
189
586
497
525
179
549
366
310
221
456
506
530
567
406
224
320
469
176
227
491
54
195
322
231
489
580
589
32
196
81
31
584
13
155
322
614
503
189
217
252
354
14
621
267
546
234
290
144
119
113
568
429
104
571
18
336
247
185
93
554
248
485
156
474
187
594
579
135
301
546
555
60
204
358
402
508
28
190
400
151
548
100
125
296
433
408
600
473
471
332
302
125
373
320
317
412
253
432
391
486
412
6
278
612
86
579
421
74
403
271
101
466
165
411
324
623
326
580
551
340
530
405
573
79
603
428
75
359
219
85
550
507
449
214
479
52
481
432
370
330
24
487
140
555
312
576
428
516
431
107
47
234
435
616
626
412
179
227
234
311
53
472
167
272
388
163
610
505
187
442
31
416
616
494
262
338
525
627
250
245
342
250
291
495
65
601
259
306
102
272
159
300
134
41
486
241
462
141
167
20
396
332
527
90
442
250
626
238
202
607
127
153
459
316
79
607
513
592
334
98
457
571
162
146
214
494
304
13
76
263
506
288
255
414
516
490
473
441
504
532
306
56
203
400
152
73
164
141
281
480
47
198
234
273
349
319
99
273
626
567
618
335
454
146
42
283
80
68
181
341
173
602
488
392
20
42
506
305
11
351
581
180
435
386
460
178
139
378
359
415
612
87
353
340
569
460
233
227
611
94
531
470
152
313
6
199
56
227
419
526
543
163
530
361
106
601
432
220
325
528
410
342
453
371
332
69
566
345
345
451
627
456
202
457
159
168
116
264
38
564
141
414
607
78
269
81
35
173
144
467
528
79
267
321
289
479
529
537
488
243
401
336
150
492
103
163
85
501
325
566
469
77
460
39
99
560
354
624
543
598
553
615
33
21
189
292
450
84
446
55
181
240
580
6
43
479
500
530
277
251
391
144
393
287
114
201
339
359
455
355
24
597
354
161
522
171
557
585
333
162
504
335
187
386
615
625
56
419
563
199
459
21
140
323
620
162
435
151
619
191
145
73
599
231
608
231
259
127
348
359
5
82
504
453
278
391
194
387
577
119
581
218
231
457
373
475
77
155
464
87
146
2
620
52
362
618
79
47
408
383
343
32
105
132
429
498
82
71
347
598
303
564
83
275
32
249
428
256
603
56
286
345
62
14
230
190
253
535
581
157
214
33
605
412
407
7
592
340
62
560
174
556
604
307
360
26
603
425
268
211
299
152
34
147
5
143
363
410
300
250
623
233
581
278
475
97
193
548
111
141
190
130
130
75
606
341
124
521
415
602
406
303
410
311
599
432
269
28
26
113
516
539
211
288
14
612
229
170
628
127
256
391
47
519
137
133
396
424
389
608
235
137
153
454
285
208
362
594
514
386
92
123
99
362
355
384
68
185
341
162
314
174
145
217
605
38
315
70
582
472
331
365
39
394
71
249
534
396
305
120
217
556
417
208
357
175
127
82
65
320
343
237
438
429
203
540
275
517
340
17
509
227
267
449
34
550
559
391
587
559
255
193
124
10
408
215
311
596
383
576
259
106
448
594
121
81
111
479
611
619
308
144
209
557
60
146
111
404
213
490
519
270
225
604
490
337
585
48
452
518
267
614
524
143
200
66
42
241
352
53
398
362
144
141
75
572
22
51
269
56
415
226
460
607
193
173
61
317
318
440
217
390
7
289
72
26
561
588
124
508
313
580
351
212
274
619
197
113
392
517
85
404
560
612
542
522
440
625
491
215
280
426
200
542
593
541
364
440
69
367
37
599
349
75
325
283
500
546
468
136
459
161
323
619
446
191
242
392
505
11
79
136
374
401
532
621
579
409
294
211
169
10
361
17
184
273
372
71
86
91
448
78
536
508
88
168
442
205
376
340
49
223
587
41
75
297
525
327
214
375
562
517
416
82
156
46
505
151
355
46
30
224
6
281
116
296
101
423
483
217
31
456
339
240
593
42
323
388
294
155
604
216
184
152
209
156
200
494
14
46
57
557
164
140
194
595
112
421
17
374
303
381
369
538
121
189
215
577
346
597
208
269
290
261
554
569
273
47
70
429
316
54
566
358
281
557
525
505
334
162
21
36
113
228
310
89
2
603
390
275
84
159
285
162
587
161
158
398
406
318
263
210
480
23
459
360
293
589
115
186
342
566
611
166
51
563
145
319
33
510
471
272
618
612
58
145
487
21
435
25
328
224
50
276
161
279
140
273
27
487
202
313
42
378
142
499
462
191
149
547
317
380
81
56
597
465
352
329
488
22
396
496
69
586
322
129
45
436
293
121
558
95
467
15
600
179
202
255
443
87
221
275
120
391
67
129
276
231
44
146
96
175
110
247
241
239
311
412
170
625
473
189
246
532
350
258
138
389
462
154
261
613
501
245
473
153
137
112
391
97
102
624
577
55
131
61
483
489
230
563
170
441
209
185
92
223
461
289
485
265
130
241
251
422
140
295
484
216
518
595
243
75
539
490
292
319
468
620
391
578
251
297
616
362
417
11
498
33
389
39
603
381
453
485
268
157
150
212
399
290
567
260
189
325
447
350
307
567
49
185
499
527
417
185
357
140
297
106
161
606
165
118
307
257
17
389
393
111
146
603
178
45
12
182
382
572
350
131
352
154
412
380
304
293
436
450
208
43
615
287
594
457
344
139
567
307
327
430
154
113
136
135
605
114
281
294
316
542
590
566
211
307
140
117
574
20
392
546
360
380
430
51
64
78
57
23
307
338
415
137
156
290
13
66
108
447
206
123
183
555
549
286
169
413
606
491
21
206
510
215
406
72
513
532
356
614
53
232
480
30
486
292
134
217
19
580
82
262
466
381
59
36
259
118
599
497
200
569
499
128
254
400
161
485
473
197
480
302
340
354
119
266
169
122
122
59
10
22
593
126
143
183
132
288
112
228
416
202
474
184
517
279
225
78
3
56
144
94
447
560
296
538
33
448
182
560
354
481
91
479
287
12
75
431
201
471
483
444
375
532
410
405
390
278
518
518
131
571
507
20
196
376
301
277
431
320
44
118
151
326
388
52
427
521
340
359
33
74
194
351
50
38
178
232
148
571
475
83
608
297
3
109
266
214
467
214
269
151
277
156
293
384
199
193
191
365
355
308
104
623
322
387
84
18
390
439
521
275
27
68
47
98
479
507
490
393
360
583
141
64
462
124
143
185
437
458
262
541
361
331
253
8
585
303
463
87
416
193
358
325
112
504
551
563
566
531
400
533
478
507
316
574
133
124
202
323
130
569
580
322
496
183
111
169
455
454
9
224
119
133
123
29
154
231
476
225
570
431
293
507
448
84
231
109
400
392
407
506
555
395
329
29
249
200
530
61
495
171
531
190
59
518
419
440
32
305
605
386
421
608
19
496
13
546
363
173
472
244
173
561
87
342
71
242
109
220
383
495
460
446
366
341
597
270
523
12
304
535
578
216
199
572
423
611
618
536
328
344
585
503
599
510
25
298
104
181
408
216
222
411
146
524
555
463
23
223
584
188
100
352
328
25
225
82
177
360
305
594
448
568
104
621
210
476
505
490
226
97
583
191
339
450
489
404
132
212
90
339
209
502
205
450
378
588
55
85
475
304
19
546
325
89
587
229
305
229
222
69
471
344
12
547
285
363
604
224
362
57
7
503
92
492
436
416
434
261
471
392
574
73
470
435
459
65
375
524
115
166
128
409
460
326
459
501
461
211
191
54
17
288
147
311
57
282
478
73
236
562
480
171
82
213
195
101
266
390
249
560
624
304
432
109
244
103
381
369
436
216
392
86
481
310
602
560
86
336
332
482
353
143
542
575
133
119
72
487
481
357
395
602
224
480
46
205
142
610
568
350
513
464
76
47
166
449
247
254
186
147
427
421
532
59
201
320
553
570
511
233
72
446
270
542
441
84
377
515
19
591
450
85
551
546
4
152
36
379
496
276
120
187
309
458
133
273
581
225
402
239
303
617
60
444
611
80
533
337
619
608
94
348
322
241
391
226
364
612
297
374
39
402
582
149
24
459
281
127
512
551
417
342
533
548
618
165
22
7
558
557
609
58
276
10
28
540
14
131
540
264
342
196
586
466
447
123
276
453
471
143
490
534
36
133
291
151
37
419
538
3
605
524
78
364
611
328
54
588
517
38
456
412
131
395
108
538
514
566
112
318
491
40
121
2
275
490
267
269
254
501
96
504
23
157
304
412
184
119
496
139
578
351
131
609
598
65
264
32
3
240
617
366
38
149
99
185
210
77
107
488
296
335
209
549
624
450
57
305
464
563
616
457
419
511
27
374
88
182
358
40
565
137
15
204
134
168
297
619
417
70
101
311
537
493
165
429
190
56
213
512
98
146
76
441
387
318
109
447
437
48
136
6
311
202
43
338
100
393
148
487
15
395
378
514
299
71
73
563
180
443
366
150
36
98
161
100
279
508
462
624
303
66
163
347
377
611
171
620
359
585
153
118
440
231
5
334
201
529
539
373
177
211
190
407
334
360
173
28
246
58
265
394
405
270
439
420
584
187
569
184
547
421
172
181
92
399
306
495
247
168
361
211
252
314
312
159
250
356
39
194
28
180
131
177
275
141
254
332
146
294
76
271
220
79
544
76
102
73
136
358
537
325
14
550
443
402
337
156
199
446
511
124
509
93
489
146
239
623
285
464
96
134
76
319
505
71
329
47
261
142
340
547
92
435
185
83
295
493
305
331
107
375
424
492
608
168
142
52
580
144
517
519
341
276
430
514
58
514
573
96
11
160
580
544
547
286
235
279
315
240
71
156
402
277
99
379
372
115
104
373
309
544
7
53
405
21
383
52
562
25
573
57
468
556
537
52
149
383
35
566
461
162
458
609
152
194
626
146
459
568
392
273
182
152
439
274
191
616
48
496
544
86
284
124
362
317
297
533
139
222
199
129
236
153
46
161
269
72
175
440
395
585
321
343
47
379
538
357
137
177
551
44
597
3
342
189
286
466
466
162
47
6
331
539
502
551
611
493
173
199
319
586
212
201
240
210
537
411
297
58
83
242
241
481
269
560
64
592
265
616
27
16
399
326
623
529
264
41
164
565
528
315
432
373
163
464
332
487
394
120
474
249
567
331
591
106
604
439
620
172
221
398
264
192
80
116
92
571
17
67
529
220
162
608
428
508
331
24
53
347
282
202
596
358
549
245
202
472
545
69
377
319
379
504
532
232
403
306
402
537
530
52
38
11
444
223
212
330
241
83
428
540
413
431
442
14
97
412
107
273
439
408
331
431
135
2
351
151
354
162
476
246
41
456
236
180
455
84
569
75
322
532
273
63
89
361
230
112
284
73
191
218
238
329
273
215
43
151
19
283
69
243
508
585
228
186
596
46
396
472
54
203
283
206
96
266
180
161
530
462
43
572
620
45
98
25
333
481
36
396
592
395
554
297
370
157
405
193
393
296
387
32
238
542
279
331
217
53
346
376
482
141
218
141
24
136
443
608
518
523
621
567
89
346
280
452
505
29
97
627
24
315
438
49
387
453
420
354
420
247
363
536
463
556
483
39
564
97
99
522
458
374
29
548
212
318
541
261
252
128
334
227
544
171
473
201
74
238
40
307
537
240
169
114
173
103
526
35
391
278
207
465
24
263
614
496
504
489
565
302
497
346
409
398
506
477
6
454
474
358
391
338
344
494
396
5
8
527
106
359
508
57
328
59
290
188
543
459
520
4
624
251
438
225
620
297
180
58
290
298
346
130
143
610
363
276
389
453
239
434
551
626
429
133
419
356
465
46
323
258
381
36
193
328
478
513
170
496
137
442
93
458
76
427
196
519
218
375
362
582
584
607
547
410
95
67
348
292
293
262
122
92
382
187
225
307
268
201
278
163
122
49
445
109
592
375
28
446
306
267
346
272
411
336
393
505
331
244
15
169
207
441
466
158
341
27
442
171
64
30
214
454
464
487
590
15
608
24
207
618
129
444
121
218
15
328
536
256
240
307
477
441
153
121
59
315
159
7
36
169
281
316
303
199
438
268
216
55
173
611
241
525
31
529
587
149
468
358
394
503
521
615
512
417
269
144
434
166
581
122
191
478
537
453
180
155
11
581
329
274
356
234
515
34
200
504
583
499
452
56
538
317
92
471
257
37
338
13
223
24
454
166
373
589
569
315
220
332
153
497
574
566
81
281
604
99
515
9
16
32
518
118
399
146
581
36
515
465
165
170
578
379
440
160
511
613
299
177
42
30
92
147
130
412
139
563
38
236
395
83
397
6
157
593
265
313
528
277
69
627
46
565
168
123
436
280
164
56
27
414
270
59
369
361
144
339
511
474
34
315
490
212
385
69
238
84
420
220
392
185
311
307
16
208
577
7
499
503
341
473
62
462
427
424
145
92
299
443
353
250
279
27
343
203
424
284
518
102
542
546
133
536
180
245
48
251
452
480
257
358
389
7
154
590
404
231
63
492
421
129
151
477
256
286
410
233
415
340
257
53
178
536
341
111
159
501
375
324
538
347
395
340
544
122
159
32
498
138
329
91
426
366
182
122
371
206
216
90
192
11
592
616
62
178
146
301
437
327
159
449
160
15
357
351
384
194
28
622
123
13
265
265
559
273
543
221
423
215
612
368
444
390
391
597
566
129
503
127
338
537
574
29
546
452
409
9
303
595
358
266
188
253
119
545
134
423
435
547
327
397
513
144
362
94
232
18
68
34
349
573
160
503
316
213
102
44
37
244
360
457
286
184
270
31
525
339
349
468
368
291
395
526
239
67
274
158
44
355
571
453
82
168
592
529
599
342
341
415
231
169
256
130
490
91
98
340
301
428
135
47
61
180
75
600
6
286
167
107
59
512
182
75
78
195
440
470
201
291
441
381
322
226
450
623
282
253
621
518
286
264
54
20
274
600
624
321
104
559
541
247
34
310
586
576
419
94
355
434
22
169
514
298
288
232
465
353
473
352
83
63
78
625
531
128
238
57
76
450
305
97
620
321
245
513
394
125
301
290
7
372
445
103
378
316
24
463
418
105
32
21
71
94
50
357
54
147
252
96
314
188
301
50
419
102
310
394
74
567
545
247
71
37
321
82
136
501
399
532
308
219
262
450
582
184
162
308
352
251
352
355
346
583
304
301
226
415
306
47
54
215
387
541
313
616
11
89
55
255
302
226
419
16
134
171
68
470
468
427
147
545
39
214
585
377
138
300
426
631
134
546
573
219
552
385
234
12
512
54
41
72
240
443
409
379
584
97
539
344
14
184
267
440
308
208
608
313
105
128
483
611
213
215
623
549
69
353
9
519
166
151
394
109
174
492
296
293
78
610
107
417
151
571
257
621
584
148
555
15
587
541
291
429
124
415
590
585
454
366
623
165
338
457
187
632
21
597
456
377
478
293
33
609
403
200
389
546
618
470
239
485
270
353
523
338
508
515
295
559
42
348
258
440
100
529
561
542
218
337
377
146
33
480
339
429
197
304
349
604
616
179
251
289
625
341
340
159
283
477
574
234
197
232
438
231
489
524
249
416
360
203
203
376
165
388
593
140
167
181
296
441
177
233
328
361
95
201
87
209
328
326
208
5
160
116
530
359
61
129
398
141
181
67
199
148
284
353
155
424
209
75
143
116
453
55
545
23
69
449
365
607
115
24
484
558
190
211
542
306
368
527
283
186
422
622
34
532
281
223
335
189
577
32
359
72
299
534
257
130
123
94
110
183
410
321
102
225
356
229
534
248
397
587
190
216
240
31
63
296
323
616
543
289
224
32
418
469
307
588
237
86
105
58
432
537
165
71
608
391
180
190
377
86
72
135
82
57
580
96
237
368
154
579
344
339
493
307
244
216
168
148
180
436
262
491
594
355
228
215
94
410
147
504
476
513
552
383
255
43
277
351
539
122
553
609
8
171
128
454
202
380
348
331
326
222
19
103
209
216
144
38
143
333
525
74
476
315
94
264
126
245
156
621
327
297
502
309
282
453
231
573
410
31
240
492
403
17
192
27
477
614
205
533
140
175
475
359
607
368
461
201
98
37
512
405
566
242
18
93
192
125
315
270
394
29
289
72
36
469
221
391
362
324
59
401
568
65
341
265
55
36
385
147
264
615
536
146
426
579
260
129
460
548
17
158
241
155
466
411
171
601
557
283
144
29
155
545
335
335
291
281
364
32
512
109
583
583
28
466
249
295
539
353
366
157
241
615
529
547
4
601
375
241
56
267
173
13
559
127
322
413
333
563
131
219
545
272
220
50
147
320
147
129
311
126
556
323
6
577
150
557
115
566
349
465
522
198
158
235
139
570
183
396
229
536
243
583
569
147
111
141
463
201
452
397
71
203
444
133
247
462
326
383
108
190
196
452
540
99
123
563
348
241
296
79
69
313
65
282
215
21
400
121
66
380
44
617
265
136
413
278
582
282
471
68
144
616
452
355
585
624
435
602
229
415
32
167
108
577
589
523
168
609
327
411
334
159
270
422
374
284
437
278
298
389
320
256
58
417
257
256
61
48
77
491
172
333
316
60
379
158
127
74
587
50
611
515
178
146
588
161
122
64
178
516
432
74
101
452
198
30
510
572
519
587
62
491
149
401
391
57
79
566
482
199
411
617
31
433
625
93
328
553
567
615
276
119
144
362
112
47
564
507
410
586
429
352
81
386
120
168
498
414
389
550
477
609
451
401
107
320
599
286
583
379
401
252
29
388
255
216
488
595
283
294
103
433
380
405
540
345
513
538
92
147
474
500
438
371
555
435
604
278
331
474
574
32
463
212
565
608
404
504
515
203
20
430
624
434
61
202
361
397
333
350
503
421
371
472
271
461
406
209
477
225
282
99
488
279
341
149
45
294
112
313
190
394
239
459
277
480
387
345
84
274
268
11
9
505
139
401
559
249
583
441
163
548
532
504
161
568
590
9
563
602
310
515
137
291
545
539
226
379
613
497
189
493
221
92
418
28
28
139
158
113
102
478
498
443
520
495
513
472
425
514
219
383
338
80
99
479
461
610
425
19
103
187
343
364
291
56
250
343
61
322
543
92
451
316
427
431
503
430
383
8
453
303
263
147
513
135
205
505
59
63
437
506
278
599
232
443
293
13
221
244
586
371
11
31
573
441
552
20
446
75
236
494
202
360
564
187
334
105
4
293
494
72
250
96
257
162
44
620
506
380
372
81
23
542
439
553
72
194
81
264
15
585
81
561
72
180
271
59
160
479
81
573
150
183
369
424
270
483
478
419
425
522
305
52
451
306
493
374
294
600
332
450
382
476
318
546
563
401
203
271
131
119
295
173
367
197
572
584
278
152
513
204
526
43
142
63
103
72
522
101
625
243
191
147
173
473
4
329
240
218
574
485
6
516
241
532
117
75
34
311
167
447
381
124
344
515
376
321
310
305
366
327
486
395
65
261
281
569
256
351
329
193
69
213
313
63
429
135
525
543
398
275
523
395
289
31
419
159
175
610
467
425
185
85
208
499
422
147
540
207
505
397
578
614
51
39
526
142
435
534
397
377
476
66
578
306
2
6
44
596
561
23
323
65
317
448
17
537
230
11
121
55
367
221
303
9
329
61
582
72
515
357
36
275
291
583
442
22
94
131
478
163
32
103
452
400
182
288
211
590
79
31
530
166
4
16
318
286
547
233
112
352
364
457
356
57
501
285
126
591
500
547
352
590
508
236
103
111
116
517
616
73
391
568
260
361
382
147
625
533
628
548
513
321
391
364
456
540
548
161
188
403
587
542
135
319
365
215
279
331
358
268
144
603
213
509
490
376
388
69
7
70
475
318
531
113
330
198
150
45
71
56
146
600
216
394
523
551
155
590
144
603
338
445
105
615
574
572
231
179
505
421
344
352
148
158
259
246
104
336
42
147
84
211
247
32
193
106
481
532
62
3
170
285
291
251
478
610
527
437
555
314
241
569
141
397
119
543
6
431
601
504
270
399
231
304
304
506
399
395
296
79
459
589
343
238
600
201
230
181
449
402
88
602
199
360
43
117
111
392
117
613
17
380
122
396
236
207
82
511
452
365
360
130
300
172
291
103
429
476
106
95
575
341
351
331
14
471
91
82
362
81
606
476
556
241
462
26
239
359
317
375
47
497
574
278
438
453
231
351
39
489
624
262
194
206
369
447
360
570
353
288
310
218
156
617
619
537
495
465
490
71
616
117
353
113
110
321
605
454
382
67
620
579
159
184
523
4
43
613
61
99
220
448
246
473
381
13
21
186
138
622
515
450
366
39
48
438
90
161
392
279
618
106
248
482
271
569
46
170
370
209
128
151
471
111
187
286
358
291
11
191
587
153
485
332
420
138
574
478
161
169
320
28
408
454
69
423
549
52
333
619
513
225
454
53
616
13
21
73
292
387
495
183
233
418
147
295
122
564
214
34
592
11
532
51
283
54
371
198
62
364
397
393
70
33
285
83
168
193
262
85
624
140
333
573
120
152
302
329
51
74
271
564
311
35
210
417
366
524
81
102
214
319
601
483
454
62
193
82
359
7
288
216
492
153
115
396
323
133
518
580
238
111
2
183
240
341
324
570
485
620
454
267
237
220
456
149
233
150
447
102
45
391
114
261
38
567
8
492
98
61
296
366
270
514
414
511
312
270
211
307
327
17
580
560
457
595
446
160
8
84
141
274
470
458
582
380
285
339
546
168
45
564
156
394
322
140
493
85
322
564
201
546
505
46
507
537
250
210
511
244
364
451
545
533
501
510
499
216
410
590
125
608
259
422
66
489
564
3
542
441
356
54
608
73
493
328
261
314
64
477
352
414
477
214
222
17
311
538
227
468
312
291
99
492
223
441
495
174
233
156
18
158
410
209
212
291
397
517
472
367
155
417
42
512
315
418
462
378
169
562
200
405
67
35
598
420
20
368
488
231
281
214
104
572
378
296
249
468
250
163
227
472
377
435
445
528
98
103
289
334
454
280
531
614
592
453
56
187
45
30
187
218
194
165
264
515
111
281
224
287
373
21
251
568
180
253
516
294
355
218
211
352
574
503
523
483
226
191
447
440
340
398
468
16
498
230
244
613
51
101
215
412
283
50
85
497
89
39
570
219
424
406
207
168
371
328
375
369
364
140
138
600
495
394
415
105
482
107
473
105
400
534
77
271
414
371
555
356
543
380
137
22
243
433
48
93
254
345
192
494
233
581
516
309
459
170
558
567
411
228
72
63
483
502
51
222
292
467
95
482
8
333
274
561
331
450
266
207
440
235
59
165
50
27
88
381
344
91
64
200
220
268
394
299
435
267
397
533
512
114
385
169
96
229
358
98
432
418
603
196
163
73
565
268
228
276
456
452
583
73
431
499
341
319
328
413
472
18
362
131
490
185
294
295
312
189
360
295
421
177
262
47
336
108
587
175
272
624
621
585
505
528
43
184
553
214
126
86
221
624
281
4
69
179
33
443
328
449
398
592
621
143
564
607
202
598
194
164
7
619
244
4
612
525
159
2
208
8
403
356
374
293
98
418
281
294
543
323
249
208
483
545
625
593
137
375
451
39
326
147
396
600
258
209
246
2
604
491
265
590
206
250
615
476
371
191
459
606
207
550
339
242
148
350
142
450
230
191
57
488
180
397
598
213
616
555
216
573
144
409
351
619
315
261
568
530
353
88
523
168
303
302
294
358
457
52
489
504
418
187
172
191
134
264
32
275
31
148
538
190
48
334
23
49
15
133
25
440
551
332
225
312
362
261
569
49
110
29
326
310
519
268
370
102
471
338
517
524
580
532
380
346
425
188
364
551
166
224
582
23
16
120
240
9
330
501
216
172
597
228
572
43
338
52
464
277
609
301
75
592
324
198
84
346
71
150
352
33
302
606
327
530
417
247
281
567
21
369
602
560
204
379
166
573
325
488
141
206
321
73
373
166
222
538
176
231
322
496
476
463
461
343
492
530
430
420
520
95
528
307
607
343
478
477
342
86
226
151
283
268
246
41
201
159
264
117
627
307
66
51
585
235
381
505
284
331
235
486
119
280
12
33
244
291
596
287
41
292
442
10
367
258
499
345
312
516
550
509
24
101
209
275
163
220
104
23
43
297
71
111
307
523
11
169
59
355
512
89
43
478
500
64
549
315
382
65
128
156
437
625
608
300
175
418
558
564
318
388
608
2
446
509
345
74
492
58
326
362
446
623
257
171
353
129
307
506
167
434
483
129
244
256
549
584
514
366
326
7
202
39
138
119
250
376
172
223
538
89
273
187
601
105
327
52
576
43
602
111
550
557
330
362
265
519
11
544
438
601
119
37
548
556
574
386
87
535
566
419
171
179
481
184
531
482
424
261
402
432
102
192
553
616
119
339
480
597
361
3
92
382
392
508
16
115
45
67
250
599
483
143
263
421
130
226
425
351
498
60
286
502
404
292
532
88
444
148
49
123
562
122
65
223
21
360
189
131
80
408
432
504
558
130
549
15
105
543
295
158
412
227
553
616
431
128
50
266
562
320
452
597
254
91
258
514
408
533
567
389
383
516
124
231
481
441
301
175
394
211
591
399
398
205
153
284
468
47
525
317
590
481
119
353
620
257
484
454
268
462
401
301
392
450
81
450
494
264
23
532
286
81
508
556
362
470
285
47
196
254
11
499
486
526
536
616
565
365
168
533
173
267
110
86
71
146
496
537
371
393
238
612
33
441
521
201
43
327
583
288
318
274
351
564
428
508
123
498
533
293
125
572
48
447
121
2
114
452
261
248
84
425
129
64
434
373
316
176
220
134
557
369
406
108
423
91
464
236
532
514
269
83
594
8
194
88
218
157
359
588
541
73
87
348
149
203
562
624
79
102
519
169
26
202
94
433
97
523
326
18
217
465
217
71
342
68
41
276
259
469
176
423
175
158
125
431
49
33
269
51
232
125
444
100
36
188
521
350
164
414
420
22
103
478
569
604
444
152
620
146
560
544
38
448
55
366
172
181
532
49
481
72
54
250
618
21
100
554
292
68
444
138
428
354
451
286
265
218
412
483
239
382
576
157
395
507
90
412
142
476
425
608
72
447
230
225
260
21
392
169
215
122
591
625
344
22
473
458
508
305
255
180
23
312
416
160
246
385
244
545
295
368
597
487
517
37
306
616
183
445
17
436
316
211
144
605
213
30
167
486
92
349
343
220
420
209
543
25
178
133
612
297
40
361
276
325
224
371
315
169
255
421
81
359
36
622
140
537
282
526
527
61
322
282
553
361
176
143
520
270
123
416
90
121
389
189
222
313
480
334
92
124
361
193
525
411
123
328
2
212
347
75
259
405
565
381
108
198
305
41
158
437
415
533
47
344
450
48
233
116
3
500
293
598
260
67
12
181
91
11
62
108
218
600
153
486
231
343
203
613
379
349
610
376
590
349
211
537
498
432
449
61
124
296
575
212
499
166
207
334
297
221
572
378
366
491
520
514
510
238
485
582
575
340
304
352
319
22
327
227
592
446
37
505
310
561
183
17
171
470
7
501
259
538
165
53
279
533
104
21
465
596
91
22
238
240
388
458
571
414
629
166
326
417
569
626
119
515
538
316
553
621
57
42
248
329
111
454
564
52
373
135
149
402
62
621
554
544
28
624
15
44
353
276
144
140
585
559
269
329
110
581
150
498
466
174
602
355
522
153
65
528
9
529
207
550
285
183
430
340
278
161
115
56
97
274
511
24
129
429
167
355
493
322
357
505
439
355
148
128
347
386
145
571
114
71
380
552
619
237
73
423
78
149
242
130
454
429
40
404
126
24
350
445
257
140
583
552
69
433
565
476
344
386
82
29
250
622
302
560
245
156
555
198
591
58
220
265
588
308
362
33
612
108
348
78
363
489
531
458
16
533
111
179
19
519
187
257
260
302
109
38
32
90
31
108
225
321
346
97
392
214
199
117
158
465
251
379
110
45
47
226
606
7
88
451
12
11
195
334
480
391
579
331
519
151
251
241
211
534
598
291
67
393
72
379
199
178
384
129
399
351
397
491
278
314
496
109
127
136
10
193
164
558
521
255
626
462
598
146
286
140
498
463
553
372
423
27
140
105
313
389
254
532
347
418
216
259
158
202
51
122
472
229
178
571
594
538
416
515
583
179
550
54
70
542
121
317
38
296
33
570
402
327
282
117
47
366
336
97
212
446
92
245
162
140
43
205
83
548
143
326
227
429
233
576
263
2
117
561
196
561
322
104
42
612
435
328
55
213
249
481
305
350
243
293
74
265
22
564
97
268
356
499
484
537
595
441
298
352
283
521
423
542
618
123
97
234
99
451
381
274
4
622
523
608
549
495
279
214
608
247
571
250
578
34
602
11
2
423
577
507
14
314
69
207
205
377
134
121
195
353
623
68
386
109
215
476
128
496
178
215
55
285
435
535
86
252
408
406
396
7
504
8
411
59
571
288
225
548
565
322
392
179
270
341
313
93
596
242
176
125
448
389
625
103
165
424
8
294
233
333
622
334
62
128
236
117
302
49
228
65
492
193
541
207
276
162
55
172
119
554
287
18
290
220
484
584
81
137
276
567
625
313
608
448
183
172
495
201
486
64
554
553
580
517
60
188
241
384
173
224
33
366
2
417
255
113
81
349
604
208
337
395
586
484
178
386
89
299
562
252
416
121
85
451
169
397
305
618
140
275
295
368
301
461
143
434
612
154
554
528
414
462
237
9
86
168
623
14
605
519
96
217
78
324
41
239
179
435
519
451
130
210
347
331
166
581
288
121
4
112
466
345
511
434
326
510
56
344
363
383
566
588
467
222
304
43
7
48
27
153
509
514
214
153
360
73
481
122
457
188
470
32
406
387
117
184
385
566
152
289
244
99
491
299
387
471
165
292
380
239
212
411
436
597
455
210
214
279
201
521
210
539
29
534
376
234
70
555
260
339
212
543
268
139
232
582
506
499
474
26
518
428
605
15
92
196
91
581
616
291
567
498
594
479
616
629
30
531
70
386
201
566
157
514
279
400
614
179
414
38
226
500
290
231
149
440
152
99
602
310
235
84
149
47
341
83
559
601
290
603
542
192
108
150
294
472
596
131
3
335
532
602
121
166
144
24
434
78
326
44
252
614
116
410
80
378
476
140
444
449
493
232
280
206
388
58
7
142
55
80
512
612
119
164
555
616
463
428
39
528
87
63
446
261
533
541
24
183
545
591
237
386
41
228
575
275
379
58
4
502
500
64
24
4
158
292
550
176
303
459
190
182
125
79
569
349
350
142
414
419
603
346
573
502
387
612
504
23
220
62
164
565
322
449
63
360
275
319
375
459
310
465
597
346
259
535
241
158
432
176
431
613
396
211
95
543
555
14
483
492
208
130
519
84
492
460
269
252
399
620
151
210
153
475
177
455
549
579
291
583
22
101
383
312
195
573
290
176
593
355
230
610
622
412
309
433
232
603
170
225
380
189
477
279
525
324
478
282
407
53
181
443
563
276
236
218
405
117
238
391
198
64
75
255
92
270
528
24
563
495
474
614
451
185
288
490
445
2
92
464
297
249
490
464
90
48
540
428
386
604
134
474
318
156
58
113
266
624
574
170
370
242
507
40
63
155
415
591
292
170
406
387
154
21
281
167
420
159
123
411
560
263
495
99
441
571
289
246
49
529
491
93
237
399
533
489
313
407
78
512
335
477
169
539
209
267
458
382
531
576
61
278
434
439
614
103
25
590
315
216
178
599
104
107
125
241
146
7
240
489
351
277
347
354
221
39
147
272
356
526
395
461
26
138
203
119
247
569
29
191
203
201
231
241
362
379
541
370
353
252
446
364
9
369
64
237
247
174
13
111
607
193
100
463
92
25
30
345
529
286
325
264
239
267
341
482
292
133
401
275
240
554
442
147
231
66
359
399
351
147
533
6
297
309
320
470
280
492
105
369
236
232
195
167
21
573
289
571
298
551
378
272
445
181
517
485
420
407
186
10
93
338
9
448
564
286
509
434
261
515
217
565
90
183
318
24
496
564
317
218
228
355
506
251
590
142
558
490
511
571
21
120
258
14
143
372
494
469
183
571
221
552
594
338
330
6
252
473
589
613
141
368
30
138
276
217
295
576
215
375
482
420
204
53
247
446
217
336
335
237
539
391
251
123
335
590
136
349
32
326
106
142
76
619
137
426
430
546
8
555
452
262
272
221
529
348
476
307
292
186
361
87
141
400
146
180
344
29
454
338
361
422
144
474
206
498
17
407
344
155
567
298
147
195
17
261
575
477
309
183
154
572
24
227
491
595
417
514
129
466
15
322
261
283
213
290
467
35
601
244
530
537
74
621
399
560
214
595
89
190
21
222
522
332
149
316
304
110
417
81
51
258
99
243
52
342
502
259
407
546
310
585
355
481
344
375
115
490
77
318
368
297
157
380
328
121
545
525
262
306
15
52
348
623
462
569
350
91
129
536
465
389
269
159
177
319
13
60
340
266
358
401
261
280
365
478
548
426
490
562
100
173
61
321
351
123
619
182
468
148
144
535
333
339
136
147
177
218
507
362
568
141
551
390
601
450
318
149
551
268
68
570
7
476
493
616
465
261
272
565
486
562
20
563
437
282
39
25
334
162
380
363
439
487
283
173
155
564
571
479
62
111
45
113
530
300
481
343
452
225
467
203
203
267
528
350
86
439
437
441
11
350
400
219
438
67
102
80
612
432
83
441
391
509
273
154
392
406
145
89
154
287
322
578
18
524
488
422
48
544
377
51
292
525
355
135
38
187
304
252
609
499
9
382
13
31
22
207
350
14
382
525
567
568
363
104
177
129
468
3
512
119
537
240
570
342
71
499
480
65
177
572
585
539
269
389
469
321
529
627
137
376
94
105
552
80
263
306
564
93
144
509
621
374
149
221
403
323
578
283
147
8
475
175
527
100
66
316
344
265
14
267
567
433
204
522
567
475
415
340
623
468
276
561
527
583
343
421
452
325
296
146
464
182
163
495
6
328
352
58
260
104
394
71
534
192
194
221
584
70
379
372
396
269
174
519
85
250
442
524
245
277
14
159
78
34
525
532
413
406
580
452
553
44
424
239
278
364
10
405
188
467
126
39
407
326
21
69
46
66
294
79
152
491
593
202
86
45
409
593
237
566
281
119
371
464
270
223
549
241
123
510
258
342
182
505
328
280
446
459
255
162
127
472
188
301
509
46
434
258
299
143
41
520
472
466
11
323
74
535
587
231
372
208
25
37
626
361
553
173
137
166
129
226
220
405
332
394
371
77
204
17
551
555
311
425
405
434
59
246
337
86
449
234
626
252
196
239
125
368
424
123
214
344
61
222
402
233
231
240
215
413
500
598
89
534
219
306
531
43
371
583
496
542
471
41
605
500
130
562
14
566
206
77
200
130
305
268
287
194
473
194
376
433
404
369
127
359
40
30
616
483
609
424
71
267
612
50
22
389
434
131
251
33
585
435
438
519
601
216
589
341
183
480
567
59
277
324
290
145
604
442
169
89
291
221
301
514
151
101
204
258
504
85
486
624
175
130
311
606
364
191
83
5
139
164
325
493
401
443
141
63
27
579
501
327
165
278
29
291
329
26
196
613
473
362
582
19
326
549
374
16
392
594
449
570
37
339
225
205
518
137
402
92
460
458
110
303
466
281
210
337
225
464
451
601
320
200
425
175
285
209
131
46
555
137
540
336
445
527
593
612
162
227
149
401
190
125
401
183
140
94
495
559
51
508
379
20
434
92
454
450
439
97
83
289
13
289
221
218
270
178
426
229
177
275
197
275
42
433
360
385
155
318
16
345
222
266
36
81
313
271
362
97
60
340
19
527
352
623
209
35
622
91
9
204
445
465
324
430
576
510
305
154
305
525
211
58
362
266
169
622
130
516
289
113
532
590
183
224
26
119
485
180
589
623
391
166
330
209
136
472
509
63
17
277
422
7
312
472
555
267
131
282
234
157
225
213
137
542
13
518
544
522
382
375
515
362
50
344
170
55
599
554
294
34
372
113
572
253
80
446
240
14
64
625
442
491
115
444
32
216
470
334
47
172
302
477
24
285
505
579
461
568
320
432
287
288
195
73
215
394
165
119
398
393
26
537
580
476
463
104
416
229
287
79
332
23
371
359
492
517
243
532
522
310
386
9
148
232
622
176
475
208
148
181
60
423
538
557
312
262
10
174
355
10
340
512
221
157
248
117
397
15
173
65
276
506
464
426
55
165
18
318
261
623
399
363
519
413
486
389
430
89
449
306
301
7
568
205
153
42
527
287
614
283
505
518
91
438
147
203
156
477
57
463
42
394
145
106
144
492
211
45
82
127
240
78
433
206
621
179
252
603
164
294
594
61
601
409
142
243
19
87
295
582
162
31
504
256
27
194
186
343
588
123
17
420
416
511
207
184
284
430
317
197
426
441
22
42
89
318
471
425
31
483
418
620
329
443
105
300
495
241
564
212
179
69
438
540
594
382
38
106
233
32
316
156
294
555
147
356
369
499
105
540
540
3
327
206
42
389
128
624
271
20
269
551
571
311
598
240
8
580
114
563
66
253
139
237
396
317
572
344
294
497
131
482
605
208
573
427
338
193
13
193
365
286
480
506
376
623
594
256
79
85
201
137
515
478
621
339
549
273
185
229
402
223
372
433
584
249
389
135
67
109
391
184
143
414
139
588
93
208
66
470
583
169
339
82
449
10
343
533
27
164
324
19
103
33
351
604
110
15
445
116
578
552
264
567
366
273
34
237
135
247
92
352
567
96
55
565
216
193
441
291
595
319
523
52
75
236
545
236
146
530
560
7
286
607
357
388
58
155
333
406
331
263
253
158
63
302
534
480
227
364
76
39
593
494
376
622
606
21
416
94
416
594
533
134
159
546
539
104
580
247
272
466
318
67
519
29
307
211
614
147
92
501
22
279
331
199
328
342
574
14
84
239
386
63
31
615
338
147
616
25
572
551
58
84
166
266
145
52
626
532
329
100
29
117
140
26
279
424
349
480
344
395
470
251
556
46
566
253
416
205
114
182
194
567
555
70
335
16
38
23
284
24
94
2
167
216
504
401
525
287
554
265
438
460
305
27
345
390
411
591
136
124
81
389
468
98
242
220
137
523
474
507
437
306
27
382
7
258
300
154
333
207
91
89
603
484
570
488
608
213
372
101
493
387
237
27
100
43
595
81
181
214
601
524
569
174
214
133
5
24
439
371
66
170
244
595
30
157
57
300
174
61
147
551
615
585
185
136
527
85
408
257
14
561
24
53
424
375
42
573
211
605
208
236
320
385
429
232
84
107
368
23
567
82
103
52
450
431
431
36
622
101
307
398
516
5
316
568
459
522
480
239
461
627
156
186
495
6
260
383
55
257
54
387
447
50
72
195
486
586
614
187
108
286
294
444
538
598
110
248
98
234
391
332
114
28
404
597
607
416
176
381
490
513
609
339
495
553
586
61
471
580
509
558
374
342
548
542
626
566
413
290
357
31
444
252
438
235
264
481
42
100
151
242
482
606
171
496
482
16
473
143
217
596
418
363
125
258
342
493
147
141
403
164
399
215
73
382
125
566
390
501
494
484
601
340
164
252
233
488
24
54
494
138
548
56
345
447
353
153
607
214
560
122
571
391
300
249
335
567
221
294
610
79
131
575
495
54
468
315
169
456
313
120
563
381
595
213
61
4
442
198
105
108
127
332
411
14
346
488
272
352
607
426
79
573
87
49
144
553
195
137
602
396
62
201
503
456
113
383
403
135
465
235
440
526
443
284
397
214
549
504
613
443
258
309
31
162
181
72
108
359
70
242
471
73
27
219
498
166
57
555
292
258
447
365
428
495
229
424
44
520
88
63
595
280
459
400
99
491
478
254
490
250
557
310
279
337
539
8
115
80
45
419
169
167
342
248
162
386
376
607
156
80
242
394
401
101
506
580
251
51
104
349
195
427
308
179
438
82
588
354
296
504
150
562
526
65
362
31
360
372
531
437
267
472
479
238
140
168
140
602
476
459
624
364
510
176
137
169
151
109
271
257
241
276
241
96
41
163
333
9
230
108
123
220
223
482
625
102
538
564
460
424
512
451
87
76
279
259
6
140
616
617
110
450
43
359
257
612
241
273
539
393
21
128
215
248
356
31
528
321
452
64
193
188
8
285
196
328
417
369
583
68
554
352
110
18
166
236
251
61
173
267
328
157
232
52
442
552
474
509
506
277
5
175
472
154
225
466
260
590
21
287
52
538
242
61
424
46
327
220
95
336
345
597
479
238
516
457
601
187
131
116
621
83
84
337
86
99
534
573
194
281
552
165
470
347
26
292
522
258
562
129
519
165
79
334
340
376
362
126
392
426
135
196
501
238
617
198
470
352
5
280
178
50
320
455
359
470
623
307
354
353
131
599
454
266
369
46
449
339
141
129
136
462
237
194
149
202
273
13
491
187
189
558
553
264
239
231
508
607
31
206
311
169
101
365
551
253
362
558
242
250
26
563
96
627
86
121
493
418
400
241
506
552
279
554
591
170
443
397
255
121
243
161
241
497
285
160
503
521
192
283
205
540
35
327
508
91
465
207
438
167
454
380
620
598
179
446
296
419
319
574
473
369
577
376
308
533
228
458
219
151
19
314
559
372
209
334
296
118
504
413
486
620
296
511
501
173
583
5
365
87
198
49
133
228
148
500
612
101
101
117
116
33
221
26
343
100
460
326
467
528
78
555
595
407
50
112
402
207
33
492
238
276
55
82
277
576
368
193
253
81
459
378
347
322
60
467
501
136
181
432
25
255
560
543
386
465
546
244
286
115
477
378
217
531
62
502
349
466
486
267
573
619
612
540
435
549
234
62
601
92
15
377
358
521
153
72
352
621
148
393
83
247
6
338
131
349
38
126
16
82
128
336
270
401
370
441
52
400
96
219
187
596
576
403
213
569
613
328
152
302
303
433
324
372
384
226
250
570
376
131
480
130
266
464
431
413
344
301
231
373
308
54
472
304
481
205
167
249
277
231
75
377
545
585
206
465
619
359
2
328
476
5
624
319
378
106
366
121
604
79
5
274
546
129
452
396
274
352
354
278
360
175
190
142
570
120
566
121
397
423
409
226
289
168
426
50
417
249
444
483
274
599
59
316
83
590
180
607
68
594
259
344
382
493
187
130
342
120
458
532
602
154
284
511
356
369
279
331
460
536
452
441
140
27
285
214
65
423
222
559
212
440
262
105
580
509
493
398
439
614
15
409
190
224
354
43
535
574
601
374
584
360
475
154
386
146
175
153
131
535
398
348
77
552
545
549
338
113
59
83
96
360
88
318
222
361
540
474
69
443
398
24
618
446
336
581
202
277
533
319
504
179
99
192
354
122
164
304
92
131
394
42
511
378
97
149
422
83
307
556
552
518
564
183
612
384
106
276
529
586
528
520
419
132
595
130
5
343
14
564
75
135
384
482
204
538
458
214
225
13
63
400
487
223
378
221
111
233
393
471
67
418
395
259
35
17
203
505
605
258
466
351
608
152
260
329
104
208
275
291
517
169
478
529
312
580
240
463
32
284
353
181
102
438
168
281
175
460
460
203
5
439
288
206
74
250
324
125
258
148
129
617
393
57
445
378
334
386
88
530
484
503
421
516
408
237
150
403
465
368
225
78
259
580
182
63
370
82
106
212
27
27
433
304
111
481
22
479
270
97
3
612
30
290
621
380
549
260
263
185
52
79
312
556
26
96
439
327
372
58
451
576
199
132
54
331
85
501
515
413
234
122
598
169
119
409
183
113
55
486
324
66
17
493
539
440
570
108
338
132
159
219
382
385
583
511
68
368
373
283
453
336
397
153
342
50
350
508
137
525
351
99
230
542
120
613
251
471
8
306
252
376
29
116
118
265
15
386
207
524
87
399
433
63
492
147
167
337
162
527
468
74
326
285
275
610
487
443
591
602
377
228
121
124
228
411
517
333
364
115
26
55
62
170
452
22
532
287
435
211
204
251
543
229
251
43
31
252
549
301
394
23
431
395
350
36
327
472
327
193
302
437
107
482
612
360
355
586
211
13
46
185
437
481
539
516
464
533
623
423
83
531
230
292
247
16
186
262
92
216
329
352
4
13
382
36
530
90
25
320
323
447
527
611
69
261
302
246
596
579
526
622
520
285
512
511
281
612
135
166
83
431
104
460
274
376
152
321
497
167
50
573
392
159
217
249
88
180
399
91
225
525
559
109
278
37
107
593
151
557
411
241
571
385
584
31
223
314
408
402
40
235
470
526
508
571
82
331
202
419
213
74
568
159
397
464
67
590
388
238
68
567
319
620
423
154
445
610
111
502
166
584
49
421
4
114
266
520
353
360
259
389
86
449
155
414
377
34
295
