566
159
338
323
224
190
532
102
625
461
594
583
239
322
117
487
158
103
532
397
232
615
453
519
554
572
294
589
42
532
450
533
214
627
402
470
147
338
511
41
14
188
43
341
530
450
161
206
431
61
618
288
185
434
263
522
478
399
281
564
253
351
61
578
432
61
356
82
205
581
431
86
3
174
192
317
130
536
181
535
545
601
164
567
234
194
550
119
546
80
420
73
265
394
453
594
61
549
221
126
558
132
584
49
545
336
546
267
548
609
286
23
181
431
64
622
254
546
203
137
277
200
444
79
190
551
89
173
529
508
212
543
341
458
245
199
436
402
26
95
304
358
333
507
295
516
472
118
437
53
25
609
3
622
553
373
276
239
484
143
446
292
310
400
109
223
118
54
273
70
143
390
615
196
496
82
221
551
108
312
185
35
176
99
168
33
503
271
190
29
211
139
198
201
256
93
482
607
61
4
108
95
59
602
193
547
349
112
471
275
77
464
621
449
198
267
8
613
143
400
461
469
20
264
445
313
553
246
263
22
481
542
392
615
554
498
38
377
244
226
303
301
133
296
497
624
440
323
428
264
50
187
554
418
57
276
424
303
107
339
10
590
558
76
159
84
629
262
291
121
7
143
424
201
168
551
159
486
369
202
55
205
599
274
401
597
587
625
402
163
394
67
439
91
202
137
266
539
53
603
540
389
220
89
468
15
240
198
581
500
64
516
34
54
200
618
147
59
363
217
125
299
334
581
502
127
548
360
58
414
93
153
189
142
355
141
146
506
5
88
467
335
434
547
25
325
221
587
37
223
501
176
579
538
412
533
492
239
540
261
227
106
557
492
30
311
393
443
318
204
53
73
361
76
43
151
147
385
69
147
398
257
348
301
191
207
308
612
239
417
628
175
257
505
151
528
185
139
187
434
162
356
460
455
266
64
216
41
392
72
342
222
364
131
167
146
325
334
407
384
290
89
611
369
606
240
4
65
566
549
14
547
412
216
600
306
365
169
268
440
532
316
347
311
503
428
276
583
153
185
524
341
302
534
5
570
558
138
581
278
215
439
448
23
121
34
556
619
459
122
490
100
216
624
318
549
14
209
40
297
73
602
586
228
106
139
25
477
258
554
33
70
114
152
550
226
151
47
340
96
56
139
139
35
213
405
208
122
407
431
491
389
300
132
348
26
120
144
246
362
90
504
514
435
325
91
182
627
391
324
20
239
234
335
104
373
586
561
134
254
164
166
106
71
390
463
309
405
418
558
251
152
4
496
513
119
126
141
16
275
105
134
24
599
452
547
463
569
424
322
430
412
35
249
625
522
500
277
552
107
13
443
429
181
403
100
545
229
593
275
260
169
262
318
546
361
515
254
388
445
15
283
389
219
215
327
250
496
437
584
261
446
232
307
599
255
356
81
278
476
319
83
285
218
218
624
20
178
443
47
24
242
234
547
148
290
275
573
592
62
239
147
385
172
14
480
570
563
302
594
123
559
534
75
409
316
493
291
311
338
336
30
627
14
204
148
118
500
153
622
105
296
195
371
207
434
352
566
322
426
537
277
265
567
316
289
425
377
503
596
28
528
31
365
545
537
531
8
54
553
101
42
300
597
198
163
130
68
132
336
156
376
70
85
414
591
613
234
361
432
57
545
329
517
35
494
507
546
364
127
209
150
450
90
9
195
554
123
538
342
215
281
62
420
407
392
55
552
138
102
11
511
369
71
73
126
484
567
191
321
501
18
283
524
284
202
483
111
59
142
351
192
543
403
87
340
48
252
60
390
347
379
88
538
283
544
404
23
555
398
540
333
594
4
432
150
196
60
156
431
422
356
215
214
518
473
606
451
170
166
113
162
593
169
519
152
523
352
49
546
115
368
506
375
417
321
328
23
610
498
617
570
253
220
272
566
406
223
316
315
424
481
393
132
189
117
133
175
258
96
626
289
262
616
98
438
71
511
431
474
375
427
226
291
133
160
606
61
1
256
176
110
57
17
209
265
489
237
493
286
494
515
154
620
300
470
41
438
392
135
10
615
186
363
327
309
355
41
230
37
612
485
398
290
494
274
535
469
58
570
193
299
601
171
435
51
393
309
384
575
89
63
173
617
490
511
113
82
35
57
329
344
463
144
224
131
529
558
96
221
172
212
102
389
110
206
209
422
565
105
406
75
227
425
484
218
389
572
195
362
226
447
472
172
222
235
457
554
400
503
357
514
408
20
258
85
287
261
433
231
450
147
224
427
33
264
527
66
165
164
399
269
167
409
489
279
42
542
434
419
523
571
467
530
75
520
503
396
237
98
428
490
61
366
444
534
13
51
612
26
157
493
509
94
173
161
219
589
462
402
83
362
340
622
492
206
274
312
270
519
408
598
151
466
505
466
192
460
456
119
103
115
256
465
287
331
79
524
560
61
508
478
571
259
495
41
154
622
445
521
84
41
250
422
437
576
72
117
85
150
190
162
240
374
255
524
219
83
459
198
44
133
551
106
377
547
393
152
329
37
147
546
262
18
10
543
364
592
276
135
55
70
264
435
159
128
322
623
267
304
292
619
596
181
594
539
288
128
114
358
31
416
303
336
157
606
624
378
517
95
85
322
295
48
549
500
45
210
523
252
159
509
494
579
69
324
181
293
287
417
444
394
203
129
545
109
166
309
422
494
335
366
309
338
108
464
389
574
190
301
525
231
80
379
123
143
525
174
50
439
245
355
542
384
405
596
394
560
271
136
81
25
390
287
182
459
306
540
90
461
358
166
601
52
79
50
87
237
614
449
489
284
43
255
51
351
21
123
441
50
33
526
196
185
230
260
427
240
389
535
318
394
455
247
177
611
359
138
398
226
33
553
23
445
604
202
241
308
541
468
153
196
380
261
23
72
294
444
526
455
221
274
81
241
182
332
357
64
203
627
335
554
165
356
399
374
427
324
217
272
429
305
121
19
269
361
382
323
193
23
583
456
382
108
309
354
433
288
79
47
273
543
596
444
480
195
599
284
70
26
604
540
446
210
47
170
140
449
290
616
461
597
26
435
519
260
71
131
230
145
86
248
605
182
400
36
604
228
164
124
498
131
210
135
512
597
607
39
428
215
131
381
160
248
583
80
278
446
557
563
319
64
617
473
611
295
573
311
279
62
224
375
3
524
181
71
363
401
69
89
607
554
621
280
79
111
302
226
8
297
511
322
33
573
396
58
137
358
204
590
408
324
210
385
422
46
554
345
135
110
42
386
422
99
88
444
209
135
164
357
524
346
77
253
622
504
250
115
483
213
254
272
49
32
361
546
65
544
25
38
317
390
193
135
153
550
203
9
109
331
12
439
297
114
71
291
133
19
557
343
302
281
361
315
588
603
542
401
283
272
596
106
516
474
401
488
324
432
322
561
119
480
401
179
13
112
31
261
36
471
405
198
589
9
19
138
201
233
436
26
276
90
21
310
43
430
187
527
382
263
353
195
224
237
298
53
368
112
529
305
408
412
585
144
381
515
185
14
372
35
618
197
169
325
175
28
232
277
529
454
343
79
292
77
94
229
120
124
472
174
437
162
145
121
537
519
173
419
536
206
530
165
305
540
419
497
500
568
467
55
124
275
450
263
467
32
83
147
361
614
182
204
330
401
158
48
129
224
417
132
488
110
414
272
576
289
390
589
245
334
68
515
90
79
231
430
551
11
198
357
538
283
385
577
254
21
374
131
23
245
344
233
214
164
90
290
255
497
378
421
241
190
83
8
304
147
495
287
93
222
216
607
383
163
469
439
534
580
174
453
227
51
455
41
133
55
341
369
328
234
80
135
236
315
519
4
72
164
110
361
355
126
213
437
288
422
394
162
145
478
297
595
327
360
40
579
615
390
57
173
272
511
70
57
198
245
302
354
253
624
256
571
343
168
158
165
77
401
202
423
471
176
560
112
542
199
29
205
507
217
561
508
267
188
583
63
432
291
309
42
301
110
515
31
318
308
171
407
483
74
111
78
390
354
317
486
76
50
548
353
42
337
526
22
549
178
222
244
266
503
611
563
576
408
360
547
562
18
525
27
336
22
451
424
166
557
124
282
574
605
33
453
33
35
467
71
150
473
100
467
353
610
481
405
261
573
361
94
144
344
385
432
449
344
113
480
477
206
160
187
49
128
214
75
263
525
42
524
482
45
118
504
121
226
588
238
66
257
274
136
298
240
605
521
518
600
87
224
542
622
306
263
49
245
393
314
46
178
95
389
344
571
203
571
436
359
37
38
405
327
135
426
207
118
99
73
472
600
421
116
111
109
65
301
180
43
212
616
254
334
287
182
231
367
81
215
378
611
70
145
273
64
274
75
448
204
157
329
33
87
520
11
501
563
614
339
550
157
11
4
126
107
253
406
494
397
171
506
175
96
84
311
456
585
446
286
396
242
391
89
432
295
596
261
113
502
285
393
550
535
502
494
280
115
255
66
385
486
391
162
186
404
110
552
249
12
370
59
487
36
202
304
419
374
284
307
583
577
362
400
355
519
304
143
399
314
136
585
219
410
334
590
605
582
579
403
517
95
579
556
375
601
179
120
390
219
231
219
397
426
418
66
355
506
526
51
85
178
54
468
514
144
9
162
383
518
6
540
84
561
554
109
36
534
307
342
130
45
70
531
533
81
213
2
314
414
336
328
123
6
527
177
126
39
376
400
575
83
419
201
4
223
476
473
90
242
26
394
589
4
238
380
213
292
283
556
386
161
256
371
123
110
177
44
357
60
333
273
319
65
10
12
566
274
501
91
21
268
478
121
363
140
130
410
122
561
400
181
382
623
452
193
494
71
356
365
589
604
288
451
355
537
548
187
622
209
427
169
565
472
137
621
244
33
551
448
54
23
354
467
399
342
150
247
433
137
224
612
505
384
510
110
68
546
249
103
177
561
297
126
362
130
26
130
261
268
59
60
156
547
330
182
114
448
247
41
242
612
457
394
44
285
73
30
320
604
420
391
458
400
496
540
229
194
579
567
89
272
359
499
12
52
431
354
294
400
48
146
606
317
583
125
364
565
526
25
612
454
370
518
374
128
447
401
627
579
99
569
167
117
86
12
562
207
59
97
402
282
171
55
122
419
31
28
481
490
247
251
66
610
240
626
246
8
490
82
381
391
186
233
204
254
534
91
498
82
311
34
423
367
313
220
592
532
259
388
570
593
473
20
469
544
235
478
284
594
64
29
241
602
302
101
58
615
5
435
365
191
210
333
272
84
82
557
299
391
510
443
67
414
540
595
518
445
148
504
480
256
429
399
315
413
54
388
389
596
616
219
172
220
131
195
187
434
182
461
547
357
516
169
38
501
247
401
167
629
519
332
360
592
525
194
214
93
498
257
624
389
38
556
418
387
597
363
549
521
249
379
45
173
332
584
114
201
13
570
553
235
403
287
457
33
400
241
484
239
556
318
457
81
369
296
511
323
251
449
561
523
341
558
351
99
512
548
96
356
217
582
221
541
222
345
27
388
345
109
451
196
389
15
229
205
615
89
575
148
356
218
228
250
551
398
81
476
605
439
224
88
467
411
432
347
541
61
216
255
266
28
450
399
514
192
621
500
609
88
445
234
446
564
232
171
408
176
274
213
103
93
72
125
394
583
142
422
169
504
226
574
513
90
225
461
258
5
443
70
257
9
49
541
136
437
399
18
383
616
314
589
398
323
277
522
7
37
140
15
438
33
138
125
210
481
347
417
67
161
161
64
524
595
251
454
419
419
127
462
513
130
163
164
214
221
318
132
244
104
456
256
571
234
429
104
349
121
437
73
520
434
28
613
22
237
407
328
380
604
401
176
593
118
590
272
158
186
103
456
369
552
519
244
164
154
418
11
511
124
22
338
148
470
192
211
457
542
273
20
192
601
339
223
184
80
563
561
33
499
173
165
361
196
61
535
163
331
594
121
43
552
334
475
301
592
170
461
272
4
140
402
261
565
95
60
359
259
23
123
596
520
111
227
81
242
109
29
283
334
596
456
209
318
134
149
208
511
594
284
372
196
285
390
617
502
450
44
534
11
372
594
622
441
112
504
330
162
519
247
485
601
13
196
388
50
119
33
545
598
196
414
223
148
100
29
272
591
92
66
436
206
516
499
472
332
525
584
345
284
326
372
200
566
258
595
123
246
30
451
414
619
128
203
601
501
87
253
30
135
224
408
499
3
439
264
17
469
549
467
112
49
555
220
343
19
88
528
566
197
554
319
503
215
449
295
148
53
345
279
177
521
279
204
253
561
618
4
187
418
319
282
100
554
536
450
413
231
317
85
199
321
246
189
78
158
504
107
506
106
602
449
64
45
396
63
539
55
199
43
392
412
248
622
90
359
341
282
391
536
19
352
113
436
129
124
250
610
198
215
283
414
608
517
253
239
12
486
456
317
82
341
225
563
483
89
256
102
183
194
372
507
173
10
570
556
267
360
455
434
87
235
347
341
172
343
252
529
7
144
502
253
552
506
28
317
438
451
299
343
465
512
416
418
110
566
255
11
176
345
79
80
491
482
220
469
214
577
213
107
532
490
19
47
444
17
350
6
56
191
78
469
101
359
612
109
22
347
130
588
225
253
288
550
429
581
63
572
591
79
170
539
209
362
219
414
334
345
315
420
551
590
52
165
56
111
274
555
416
311
234
247
358
31
624
20
309
95
318
212
549
417
396
395
531
280
291
324
404
592
445
79
495
323
564
46
372
361
300
103
329
443
585
13
387
503
249
415
304
430
377
407
178
52
453
581
54
593
77
510
153
361
462
132
208
135
330
327
22
454
237
539
384
345
376
611
474
362
5
323
424
381
560
258
77
102
550
496
235
416
579
169
283
351
397
143
267
364
123
119
294
43
231
414
151
277
518
261
68
509
308
403
346
323
552
138
100
68
356
236
391
457
506
104
345
312
4
223
360
574
473
373
10
474
166
85
369
467
192
543
382
5
331
169
18
154
543
53
495
221
549
461
574
300
267
573
433
501
539
481
148
355
86
461
26
482
486
221
355
463
217
263
189
254
401
321
401
299
382
326
222
354
131
457
400
527
57
7
613
570
570
568
358
206
83
347
611
412
393
428
571
71
377
394
390
307
578
350
58
93
279
332
262
499
88
270
329
419
84
142
462
155
479
168
602
401
9
381
161
110
426
264
53
408
188
431
286
612
496
11
367
411
167
512
453
606
467
265
350
355
592
65
230
160
486
191
577
526
436
206
55
102
243
585
127
432
290
492
53
547
394
607
323
559
387
156
451
314
132
410
193
590
36
54
94
435
322
180
620
583
309
563
505
439
152
18
423
170
125
328
13
204
348
12
352
478
54
247
115
519
500
252
32
610
6
264
303
348
82
180
300
179
120
170
80
92
522
555
473
418
550
522
580
133
596
559
134
12
529
331
569
391
187
7
111
432
38
212
125
316
474
81
135
238
365
32
272
600
618
554
538
619
585
264
310
360
330
12
313
478
254
437
407
205
117
526
496
92
481
345
280
227
212
419
621
624
363
347
26
77
122
216
215
115
367
210
175
601
459
447
162
408
516
589
405
131
362
334
132
397
77
100
596
165
122
312
105
529
4
404
77
129
284
270
563
406
348
522
16
473
429
259
415
227
206
206
538
100
548
53
410
553
151
152
222
191
470
119
535
235
43
169
245
90
181
19
222
251
353
621
627
201
63
220
342
541
121
512
260
579
587
549
340
20
455
88
401
201
192
48
605
369
189
472
197
433
217
310
246
199
557
444
302
601
12
355
187
503
88
619
553
554
206
410
147
522
102
219
122
169
158
285
463
493
256
45
585
408
11
428
157
517
586
458
450
414
130
38
548
241
93
429
378
126
398
524
428
394
440
435
510
3
8
255
599
2
337
411
230
316
415
581
167
466
336
543
321
148
370
445
23
602
118
291
513
289
542
353
524
559
187
567
515
203
10
442
356
330
423
473
364
273
396
267
119
596
261
82
251
469
572
416
619
287
486
104
91
39
267
267
224
439
346
290
138
596
107
16
76
58
285
157
121
67
448
363
29
362
504
72
253
459
256
25
71
618
154
155
29
344
148
253
368
549
313
81
5
365
240
188
80
25
539
339
525
491
245
544
91
426
101
567
458
27
572
457
147
362
193
385
273
20
87
208
607
76
598
248
193
287
383
481
522
261
489
94
381
611
100
553
228
579
517
574
17
92
57
355
459
345
392
342
147
279
481
146
280
154
120
488
145
357
259
237
62
550
554
255
301
63
609
187
15
25
215
33
268
382
247
153
459
85
444
517
394
423
330
3
141
604
527
215
618
624
252
486
418
589
136
437
585
34
402
215
57
181
476
18
599
457
418
598
155
380
213
405
41
582
360
190
473
67
293
160
371
501
511
427
107
411
532
101
121
397
75
420
39
81
605
5
21
310
4
600
308
90
492
117
38
175
176
473
386
204
211
275
71
495
105
39
272
347
86
397
622
97
591
621
579
334
92
165
484
134
83
287
330
612
390
100
270
433
100
3
521
421
504
599
441
326
133
175
314
199
473
299
158
161
534
325
448
104
370
380
532
502
113
481
15
279
280
303
372
258
156
230
547
56
397
152
224
358
250
167
251
455
33
189
510
29
572
564
310
44
487
318
563
44
298
168
229
97
231
72
79
58
265
95
501
446
380
447
254
352
421
398
482
457
184
458
211
236
30
540
588
432
423
285
233
40
270
408
565
220
13
385
576
593
72
428
14
548
366
88
330
428
27
389
116
151
215
351
418
388
472
477
10
527
101
67
465
379
33
330
214
292
51
460
249
334
613
377
183
61
160
477
35
449
145
352
192
362
357
22
4
489
63
566
318
89
33
529
212
513
90
306
432
177
101
9
173
599
619
19
60
311
51
15
231
363
460
604
592
236
129
308
596
178
520
615
274
518
42
466
323
451
441
458
526
16
183
281
183
619
431
483
384
221
538
517
41
344
353
496
338
229
189
141
238
281
284
439
240
211
298
115
301
453
590
186
599
614
465
591
356
510
275
128
597
41
315
410
234
514
115
279
433
88
454
227
128
504
36
114
389
106
286
560
579
318
547
355
54
294
489
439
184
117
550
429
492
466
265
104
253
131
206
272
80
424
588
50
371
158
491
385
94
501
481
460
452
604
92
264
207
257
513
260
540
18
104
109
198
510
145
485
587
60
61
319
605
86
89
274
353
263
373
400
335
92
90
316
231
504
24
23
53
51
79
378
83
324
301
464
456
152
479
4
393
230
111
211
116
171
291
197
202
395
210
129
445
232
387
511
516
91
213
214
235
422
334
567
117
119
113
14
350
127
189
446
220
130
411
582
629
119
367
98
489
205
464
285
55
525
289
485
625
236
291
189
21
184
588
269
357
617
592
169
479
366
451
260
585
486
341
446
104
503
160
31
253
126
176
417
477
10
287
188
71
33
32
410
584
66
540
322
255
252
437
561
97
424
435
65
289
342
166
137
437
368
324
521
139
556
601
89
604
509
354
459
559
74
136
293
223
605
59
235
421
580
432
218
532
71
134
247
135
257
488
30
539
374
342
306
543
472
29
103
299
190
15
352
262
364
55
3
378
559
49
367
459
141
233
463
493
384
293
185
13
554
208
209
357
266
493
31
130
167
432
28
412
546
483
513
102
13
317
46
563
498
227
384
42
160
474
205
294
138
275
473
353
422
125
522
581
549
251
438
611
391
525
14
201
237
99
17
523
342
374
394
290
84
22
74
414
284
351
552
294
160
315
44
134
335
342
405
175
271
330
278
131
63
259
96
412
188
263
416
492
125
490
157
523
358
173
282
536
576
378
366
152
465
57
584
310
396
375
299
37
247
554
538
229
527
269
373
270
409
217
544
539
209
360
184
359
164
103
289
562
287
621
274
479
333
276
451
55
383
578
408
426
125
354
297
547
173
128
620
396
598
48
545
120
507
539
580
443
351
241
626
149
107
91
222
26
611
338
478
171
463
311
63
309
537
199
277
507
514
574
270
114
375
298
156
507
444
186
344
252
104
368
60
347
328
280
312
48
180
23
83
78
403
340
195
243
434
72
557
210
502
64
622
492
609
322
140
440
7
85
279
256
377
102
389
95
292
342
201
338
79
413
595
359
513
143
219
556
498
363
320
300
194
483
151
360
295
257
172
51
484
103
359
505
109
272
270
510
344
428
244
130
542
393
228
151
345
137
218
356
360
376
182
473
571
63
7
32
556
133
336
221
13
619
428
251
242
271
83
131
126
92
347
613
168
448
457
142
217
45
505
530
481
498
148
129
224
180
166
16
227
92
73
573
370
569
3
553
400
317
508
198
329
127
479
418
440
84
515
400
175
149
97
239
453
187
363
420
290
307
471
123
451
151
525
126
415
179
310
455
260
24
624
340
559
141
305
270
144
77
40
300
226
49
322
540
360
583
538
43
29
317
227
333
202
243
582
77
161
531
251
123
384
302
103
428
477
315
281
183
475
602
211
562
401
382
268
417
181
597
151
406
257
233
439
385
34
229
196
536
613
323
123
385
323
304
441
599
161
469
535
507
440
584
96
515
279
571
164
612
477
624
233
43
59
304
604
392
451
350
614
218
573
564
427
107
221
529
617
223
73
428
342
48
311
502
608
405
545
419
189
70
93
134
10
223
573
399
457
47
343
419
498
529
290
350
567
118
144
627
137
80
145
248
86
276
341
125
220
100
38
545
479
303
621
135
192
411
116
291
268
221
427
551
168
300
62
440
621
3
261
103
624
475
17
524
163
126
518
8
392
606
17
612
264
42
40
543
216
249
213
284
542
32
395
217
417
536
164
99
481
624
484
576
259
409
47
300
545
50
464
124
109
77
221
327
243
81
156
416
362
529
264
192
211
471
242
366
116
36
88
115
510
370
377
227
236
207
588
118
577
69
257
53
415
594
173
617
468
602
142
280
480
390
180
571
201
209
497
33
478
15
599
328
559
206
574
117
214
523
138
58
222
566
114
5
251
190
445
494
398
365
171
481
382
106
10
408
414
338
514
231
242
555
166
295
538
392
523
183
320
568
84
621
55
183
414
337
450
407
423
395
326
450
372
374
410
378
123
336
117
521
247
81
347
221
320
529
310
35
180
604
587
116
277
76
214
531
472
78
74
230
403
535
344
332
383
396
317
559
429
79
596
10
294
20
423
607
601
196
184
566
399
216
609
572
477
456
114
71
121
266
210
334
387
173
518
375
622
290
453
282
589
4
394
591
195
167
299
325
36
73
60
357
621
43
428
536
412
15
163
303
524
250
569
520
289
359
515
192
150
227
504
437
564
395
101
12
581
170
332
326
233
588
557
182
370
183
29
475
480
518
33
291
545
610
406
508
123
305
569
330
45
460
328
295
448
141
386
426
464
167
97
351
405
47
542
573
540
287
2
252
183
32
447
131
11
305
561
260
408
390
308
547
289
102
290
598
291
193
60
72
362
53
200
34
310
586
401
330
584
156
216
21
380
215
583
103
66
500
308
573
384
229
331
617
101
179
595
332
114
143
349
488
400
487
125
11
219
392
453
193
45
41
357
166
167
55
462
595
609
510
267
140
622
417
519
410
77
356
305
91
71
143
366
538
368
424
28
325
417
60
85
137
351
555
531
434
391
403
215
560
387
221
559
434
143
498
599
304
223
329
225
102
505
425
98
484
187
403
309
159
120
469
117
437
508
145
493
375
5
564
402
498
278
437
562
431
271
385
18
584
429
583
71
502
281
212
407
213
389
296
399
59
10
528
219
533
610
477
235
93
194
185
442
64
475
419
218
282
400
622
116
253
438
210
294
587
434
402
162
259
604
341
436
317
70
451
552
307
527
249
366
20
495
35
438
253
77
453
354
581
163
161
483
537
310
329
259
596
265
480
154
414
91
277
288
350
133
135
421
579
241
44
245
161
194
48
567
565
68
281
240
250
251
266
52
289
271
448
614
154
392
620
37
213
184
541
481
120
590
9
578
538
516
412
271
606
67
133
320
26
298
435
197
532
131
247
346
529
614
244
233
33
361
480
329
161
168
358
152
494
401
562
352
411
297
541
10
427
562
37
602
335
175
214
391
25
9
252
273
387
603
561
198
327
423
449
282
402
211
187
482
471
101
449
36
178
520
250
591
141
492
111
350
72
219
531
501
149
232
194
581
2
95
550
19
136
411
250
535
238
390
131
339
589
28
360
61
244
618
57
344
295
547
308
287
345
409
451
522
116
615
539
41
610
244
371
316
463
443
615
542
87
574
9
11
281
343
229
193
542
419
96
470
152
351
621
186
428
579
34
167
154
599
625
101
27
564
219
322
488
36
164
610
200
318
174
25
138
409
343
618
426
53
88
13
73
267
290
33
478
55
467
52
474
456
108
45
264
226
86
496
215
27
550
306
69
171
502
516
520
364
610
211
97
610
329
280
367
96
314
229
210
363
467
252
241
344
62
447
381
519
439
302
570
116
376
176
173
456
52
117
112
86
549
91
563
559
232
364
348
359
414
350
230
589
554
111
57
201
530
586
161
584
21
459
211
392
53
72
36
560
400
21
227
586
272
351
326
512
76
277
554
197
132
291
211
254
39
510
36
562
214
610
107
273
215
501
361
545
141
289
33
456
127
143
411
2
397
97
216
579
602
527
432
58
372
129
143
335
488
148
120
124
601
226
210
491
480
315
269
402
326
469
92
396
158
535
345
500
124
197
231
328
353
7
373
503
444
270
367
299
201
527
272
2
210
128
96
193
123
446
46
569
551
97
620
238
331
49
501
52
303
377
562
163
174
549
627
387
109
124
53
416
427
486
64
446
426
524
79
194
538
592
355
113
380
242
295
150
127
212
282
292
417
248
345
168
474
506
543
538
102
599
66
421
539
23
486
175
242
214
228
338
27
163
527
265
625
434
39
232
586
104
510
338
257
446
449
32
171
604
395
17
601
550
405
7
548
140
431
276
502
241
227
51
247
234
40
385
545
49
33
202
485
102
268
361
585
390
344
457
140
284
605
249
461
293
566
343
339
182
250
508
185
588
543
458
165
189
363
292
533
223
242
218
122
54
607
609
72
61
396
113
540
81
433
78
76
610
617
269
464
95
357
44
192
53
191
598
508
230
6
323
303
82
157
78
282
87
199
379
378
617
140
226
184
176
543
380
98
51
216
223
109
49
360
179
204
83
521
501
45
37
62
206
335
40
15
281
510
439
112
79
577
151
495
298
157
627
217
424
516
22
616
624
96
85
595
226
506
472
482
145
462
375
140
350
257
51
296
282
80
518
278
76
107
38
253
471
540
94
36
373
56
55
234
565
583
613
273
273
236
120
204
312
489
336
219
386
93
555
102
20
552
332
333
181
148
128
245
425
436
330
80
323
611
491
141
169
379
397
386
539
87
588
277
276
137
42
393
109
473
143
447
26
343
200
335
543
29
617
52
544
221
329
621
421
245
304
189
222
181
578
450
337
31
474
487
358
251
403
144
482
538
29
299
483
408
531
159
287
484
406
246
495
34
479
35
463
288
67
246
357
195
27
348
50
527
377
299
569
598
336
344
317
184
532
186
212
515
11
587
93
435
527
142
602
142
118
439
177
412
310
489
73
178
469
188
486
333
102
334
3
164
53
29
502
177
291
88
557
243
195
376
458
356
125
58
181
195
466
487
251
168
115
69
461
507
466
431
143
185
565
374
92
522
241
444
472
390
483
310
303
457
252
442
565
334
62
473
615
288
626
416
356
303
311
407
584
70
527
46
469
454
516
423
300
171
180
516
34
156
335
214
223
265
408
252
436
232
19
336
243
338
583
105
422
439
413
267
590
489
200
426
228
9
452
216
548
300
321
574
286
246
439
72
36
426
411
286
411
421
149
145
9
600
194
357
357
207
117
451
173
293
403
574
333
557
252
604
55
384
557
45
503
2
157
325
245
135
554
339
21
522
281
73
323
311
243
35
78
390
353
615
361
170
527
145
134
326
79
138
191
132
140
599
557
353
145
107
522
476
109
201
497
386
448
12
62
623
38
67
161
92
197
439
142
362
334
443
201
63
562
302
167
553
530
121
4
360
615
193
537
477
386
285
202
400
275
411
199
353
429
466
573
171
43
148
588
58
411
459
137
477
114
508
231
403
420
262
85
529
574
281
534
87
469
281
74
465
83
464
218
442
263
324
253
213
364
587
573
7
240
555
391
622
525
430
163
78
578
343
353
270
568
458
233
521
594
487
358
9
357
486
537
89
578
171
616
262
144
571
533
432
94
288
490
27
474
438
498
24
310
590
242
15
184
209
137
540
483
547
141
604
160
405
351
492
533
229
395
533
348
75
286
301
162
243
14
271
83
147
500
595
194
9
303
520
592
432
200
212
574
338
567
366
177
298
546
23
230
66
383
511
517
439
378
379
185
298
88
394
162
96
139
390
590
190
473
165
109
335
92
308
418
388
568
498
402
191
343
390
109
243
31
401
24
358
111
144
59
13
53
162
491
76
264
163
405
209
259
91
563
590
162
559
89
593
552
122
359
86
380
207
85
281
387
461
276
509
471
240
347
33
17
317
516
215
466
151
101
183
449
110
173
4
625
550
350
318
436
366
247
419
100
289
108
561
563
413
198
54
413
98
186
272
445
277
134
408
32
299
495
95
255
403
252
490
286
298
278
626
301
349
455
99
200
100
120
296
31
137
7
339
607
472
298
369
357
292
259
195
211
184
213
482
538
40
605
434
5
228
573
350
107
294
172
60
99
533
75
151
513
79
285
487
200
549
480
243
252
487
114
422
492
491
264
627
145
520
536
248
611
439
239
154
259
323
4
179
310
559
168
422
93
251
46
245
35
409
599
291
147
553
88
118
545
213
511
582
55
390
427
449
414
241
254
402
263
161
550
27
128
165
294
267
19
160
492
7
376
521
365
299
127
561
188
287
8
529
135
361
54
441
474
412
43
625
230
475
610
222
611
514
450
435
594
16
361
201
436
382
232
455
210
380
308
173
262
288
605
327
46
550
362
415
333
183
366
525
434
496
75
601
604
534
478
467
424
97
369
201
590
396
286
325
163
8
211
325
269
23
413
341
360
118
202
411
112
595
156
89
172
16
592
561
69
425
493
20
397
102
86
559
199
131
29
414
63
404
622
267
215
350
150
300
75
194
81
563
325
398
486
483
432
121
562
612
269
4
166
385
213
553
477
70
318
107
219
247
84
96
212
166
553
445
595
564
213
17
268
619
343
556
585
27
521
603
383
344
193
221
484
165
336
159
71
420
399
66
301
518
213
508
550
500
250
65
569
525
13
466
52
562
102
310
423
182
279
581
576
254
189
383
290
494
437
39
236
187
70
274
36
625
465
184
422
486
352
191
602
507
423
70
224
554
317
362
163
266
596
56
465
114
195
574
354
229
259
66
285
358
374
59
596
303
400
46
80
340
473
480
214
537
383
201
165
592
42
4
496
192
102
512
136
604
280
431
312
110
30
46
200
243
592
525
81
156
311
576
221
238
626
401
180
72
380
525
522
249
201
268
461
547
449
130
274
441
25
422
134
628
422
375
432
42
431
501
582
291
481
12
173
101
297
116
621
60
44
340
276
492
266
171
361
401
591
332
594
499
373
195
278
539
609
162
551
504
340
225
72
224
575
409
11
621
535
312
305
379
328
339
94
16
61
206
204
549
429
107
16
127
508
332
309
379
511
480
166
25
143
59
580
298
112
629
396
18
116
122
444
21
188
598
248
399
112
284
505
65
553
49
613
391
67
190
482
152
604
170
31
294
79
58
471
99
616
100
465
264
615
477
328
75
213
621
319
481
204
612
195
291
168
141
221
161
151
202
39
13
352
195
14
432
319
121
457
39
236
69
503
378
154
56
169
543
184
381
9
186
130
617
178
491
35
506
329
108
606
187
320
211
170
492
258
109
501
222
503
614
326
198
520
37
332
22
349
476
397
325
327
459
141
457
335
530
262
251
373
498
205
100
555
465
183
189
474
534
455
607
195
39
442
192
577
464
494
234
339
425
592
158
33
455
83
87
439
153
285
354
458
369
94
602
604
521
549
353
358
390
560
63
425
608
556
555
401
486
312
575
304
512
266
434
545
508
423
251
594
298
562
508
596
625
616
412
375
354
579
118
437
193
451
489
567
72
426
486
172
119
424
550
356
550
572
551
436
563
620
419
156
82
557
48
614
231
246
480
609
338
336
517
579
470
38
612
337
447
385
219
488
312
579
219
76
234
84
487
219
329
446
432
610
12
537
400
173
86
559
156
85
358
595
625
404
12
69
456
609
501
348
132
194
225
200
453
498
58
612
67
341
194
541
14
205
41
207
18
425
54
111
258
194
472
552
452
288
213
553
226
125
92
563
356
539
476
487
327
438
623
106
237
294
81
182
224
533
431
460
56
565
103
4
195
486
288
240
18
412
570
145
92
297
393
521
63
41
462
131
192
475
287
328
305
215
130
33
342
37
485
372
190
452
390
247
390
297
116
277
159
258
538
426
250
185
498
218
23
93
402
86
450
69
319
418
498
126
284
502
582
258
261
211
109
99
582
184
531
416
73
587
594
521
475
319
347
431
40
77
492
555
11
311
339
139
327
266
363
3
200
138
448
524
482
613
69
328
501
455
294
393
347
131
85
111
44
544
423
313
53
164
621
359
169
178
212
360
439
186
622
205
232
164
590
483
482
122
401
262
289
210
225
372
191
296
588
411
62
466
390
583
143
346
229
429
574
9
552
383
140
142
25
136
448
373
41
178
33
63
360
556
317
51
583
479
622
214
542
41
177
11
333
263
229
552
180
379
238
261
40
600
125
109
577
96
260
298
574
20
246
149
248
620
145
2
281
182
246
515
183
350
112
602
531
602
384
535
347
103
136
528
85
279
175
177
254
554
246
513
257
381
523
606
582
238
22
489
551
265
424
432
585
264
223
543
572
452
543
149
243
98
363
217
521
245
118
563
586
480
410
569
522
134
211
15
466
206
325
151
285
504
358
622
505
361
279
160
607
562
33
576
609
22
71
227
557
371
464
279
566
153
124
88
358
23
86
319
407
432
367
600
281
55
481
462
342
338
238
4
479
553
436
548
72
625
347
200
247
165
319
240
182
4
558
511
252
358
55
362
220
16
63
79
311
153
45
145
491
397
102
499
505
488
14
174
551
274
269
396
244
174
594
561
269
604
342
486
133
432
452
148
496
279
24
315
405
3
563
378
548
196
624
383
308
355
315
258
425
466
584
560
353
205
400
244
236
552
440
167
505
364
83
26
337
54
601
309
305
307
380
75
21
198
78
617
184
371
603
428
147
119
206
124
428
294
228
378
555
99
226
470
360
179
3
599
221
131
379
387
222
223
209
463
451
467
383
243
625
470
347
166
239
202
27
270
395
255
272
291
273
68
435
100
560
210
143
508
495
150
283
438
267
589
535
50
159
408
78
590
239
514
150
174
451
366
304
86
96
519
97
231
549
554
522
585
13
385
245
444
328
70
589
400
385
486
84
431
546
352
360
338
205
534
475
584
546
222
252
576
412
420
152
382
383
181
565
152
267
143
362
295
487
506
273
278
160
208
205
77
603
131
380
401
80
143
267
613
549
113
349
349
213
315
145
76
102
324
394
51
294
614
45
547
361
321
15
379
403
54
52
474
484
130
61
401
117
366
604
195
102
34
529
470
559
576
573
56
6
41
551
321
17
29
50
349
199
604
185
143
461
284
506
247
499
350
31
489
156
159
246
229
473
489
54
168
102
125
40
39
595
499
514
114
302
273
156
575
555
105
333
189
582
172
267
420
472
112
76
47
21
446
296
524
444
488
329
574
165
25
477
158
230
327
305
529
140
546
270
136
459
330
567
109
549
280
424
174
308
306
287
561
526
85
453
492
436
36
590
303
432
534
585
78
187
116
110
349
301
69
43
451
396
461
454
110
438
483
305
256
244
298
272
358
134
371
106
162
58
117
264
258
395
333
344
591
74
123
458
333
397
223
394
614
198
519
103
401
222
521
374
339
528
414
480
249
128
155
386
372
94
377
603
13
198
109
1
499
388
114
265
388
275
427
616
506
292
48
488
512
438
63
438
326
565
44
351
495
591
489
81
293
520
84
311
519
23
403
200
309
101
204
459
218
154
353
435
17
159
191
145
295
350
260
261
517
45
426
362
298
610
229
616
45
218
347
467
508
324
399
115
285
524
263
29
57
102
375
102
44
485
298
239
43
551
130
440
293
387
455
240
391
79
245
477
142
316
85
257
171
429
89
78
438
473
14
410
626
281
54
532
58
6
33
484
443
96
302
155
283
616
227
264
17
539
350
135
198
260
116
259
518
32
352
516
433
373
133
190
144
353
488
352
179
164
147
158
424
191
469
16
558
153
598
362
488
517
506
62
210
263
530
64
377
23
614
129
497
529
336
377
288
561
606
436
55
408
493
32
542
628
96
425
266
387
625
267
83
605
269
394
404
436
8
15
103
397
113
329
197
177
409
58
433
43
192
438
429
535
615
96
540
231
102
608
556
349
531
154
234
244
343
40
27
307
449
24
208
312
565
142
97
73
230
346
100
35
429
618
125
580
7
240
219
129
149
394
520
560
43
109
258
416
585
61
313
442
88
53
548
124
560
181
72
615
549
576
188
238
243
169
384
53
65
300
292
83
120
221
498
429
429
15
249
525
620
126
245
501
27
125
280
131
473
379
41
603
318
132
317
39
68
48
3
270
371
522
157
128
548
538
379
96
423
225
587
122
18
125
264
496
19
269
428
506
199
324
387
189
5
64
81
446
135
496
156
303
376
616
476
586
250
311
264
254
396
313
532
525
384
204
183
73
411
531
622
25
443
102
537
127
135
372
610
118
450
422
307
580
434
596
523
154
586
318
324
169
362
115
559
339
6
434
366
225
51
347
171
73
609
62
166
325
533
34
542
88
238
145
91
378
365
335
62
198
9
448
491
304
16
278
270
504
585
379
588
129
447
173
284
435
54
380
535
83
462
531
411
368
524
108
620
104
88
532
356
251
311
464
78
16
606
117
604
406
37
317
134
268
487
21
209
137
591
398
474
426
481
93
447
211
362
627
303
355
502
491
47
479
344
313
327
286
410
6
592
216
228
335
536
120
310
336
496
313
572
283
361
146
352
583
446
604
557
38
456
517
254
241
321
397
221
608
546
339
484
153
172
239
620
513
430
444
284
420
609
558
592
228
149
409
243
442
144
15
558
274
535
287
191
334
511
522
175
119
87
56
205
580
557
595
27
371
524
84
580
259
253
115
468
596
504
323
514
108
391
304
221
186
61
368
130
272
554
209
183
418
627
6
583
590
181
228
304
595
416
169
590
18
274
464
579
5
375
343
48
605
500
423
392
196
434
150
68
317
598
33
330
610
68
141
394
45
419
100
38
372
363
348
6
511
141
290
192
58
154
547
429
489
125
329
168
140
140
459
32
139
510
278
487
312
37
157
74
213
434
190
326
615
311
194
107
202
517
327
373
120
142
564
113
555
385
537
311
330
575
327
554
578
222
575
183
625
9
496
396
162
38
600
290
173
76
159
117
313
355
284
537
76
539
155
467
578
265
192
82
183
405
450
105
126
218
388
418
218
618
297
485
230
574
332
142
132
382
207
281
260
263
201
517
190
420
337
47
180
55
522
494
371
430
238
521
608
405
295
372
338
621
137
116
328
621
387
432
341
295
624
616
140
484
606
411
50
450
391
73
389
462
508
328
49
532
526
351
45
93
82
329
498
579
51
488
332
509
29
151
242
529
553
267
291
61
254
39
91
510
133
367
80
392
166
163
120
219
376
429
354
468
59
206
142
81
213
499
414
544
294
459
105
77
121
193
48
561
152
295
9
552
516
572
547
270
425
378
474
91
548
512
529
60
82
625
344
359
113
473
475
517
414
369
368
244
304
490
358
82
255
610
139
77
158
60
551
405
615
516
91
21
210
50
512
55
130
100
275
17
40
92
3
40
20
410
285
261
293
206
90
600
392
303
521
312
584
252
285
426
518
74
248
475
410
288
411
154
184
90
62
303
598
609
538
496
376
263
25
102
556
469
616
314
223
556
14
404
613
373
152
523
528
560
315
588
276
141
169
4
234
282
41
367
290
383
95
447
325
506
226
305
332
44
276
224
520
572
29
491
363
604
464
211
68
602
377
71
145
553
604
112
408
305
19
499
424
195
610
95
139
141
495
13
404
78
131
82
275
3
103
461
513
35
132
524
553
483
162
584
305
151
202
329
23
164
188
583
226
293
25
278
553
511
554
12
227
369
565
47
271
55
406
127
353
97
49
15
465
618
14
354
533
159
276
369
26
159
593
97
398
552
140
33
509
6
176
595
127
36
278
329
150
417
130
9
248
199
145
502
98
92
140
140
233
149
217
580
447
555
597
536
317
463
501
264
297
67
241
358
137
382
125
156
247
500
337
493
286
469
45
245
323
240
36
598
78
363
403
93
526
74
53
15
210
516
478
552
125
390
550
527
87
513
545
625
153
9
344
49
70
78
253
94
29
264
117
621
584
77
600
251
260
95
188
50
283
232
141
580
581
438
293
54
596
47
103
350
40
505
322
35
435
485
133
585
105
362
285
45
96
259
440
317
435
90
260
209
9
20
537
327
366
391
442
41
246
499
372
99
474
440
441
62
171
367
369
447
422
100
312
85
106
307
406
183
339
592
456
496
72
464
492
469
168
451
112
495
583
331
229
352
527
586
163
202
456
428
10
599
86
174
21
201
373
204
159
222
168
433
147
540
92
40
156
617
367
164
262
104
601
293
329
581
206
400
439
203
619
253
301
511
350
334
265
304
201
15
273
486
305
432
352
124
213
348
53
290
142
136
227
468
121
61
494
345
245
480
146
220
456
74
197
472
52
80
3
54
95
94
322
100
151
46
148
273
245
123
370
307
72
541
418
293
293
430
463
350
583
486
610
519
363
16
581
551
472
194
376
439
165
40
55
52
136
108
14
156
604
515
98
230
292
216
563
270
519
257
204
453
235
154
358
258
386
415
473
15
194
67
573
487
119
410
243
234
315
522
365
350
330
396
448
343
427
176
289
44
480
288
291
18
226
524
189
460
282
48
12
257
548
451
298
65
348
216
486
534
114
625
562
120
419
561
493
31
111
617
5
623
313
602
333
159
107
122
246
484
340
464
65
202
99
30
534
108
514
227
293
29
449
533
97
557
602
132
316
93
252
344
75
502
199
238
503
197
72
154
303
68
43
469
56
142
196
71
97
184
141
369
276
3
438
272
589
435
417
93
204
554
307
591
167
230
527
235
375
295
142
242
361
483
418
209
223
406
33
105
121
580
318
394
126
57
513
405
487
3
330
543
151
321
614
109
169
85
456
192
279
451
254
427
265
137
346
375
219
235
4
471
408
609
198
23
226
149
428
224
213
465
560
73
352
114
174
80
94
204
468
329
150
286
192
37
226
279
364
296
35
66
252
288
473
268
474
223
432
502
494
12
257
562
364
466
120
392
500
275
95
24
140
187
28
133
615
53
466
19
561
523
327
255
538
137
322
18
244
361
273
592
47
155
272
429
91
46
502
42
293
204
415
219
181
112
363
456
280
493
23
553
28
192
609
537
447
333
182
487
57
606
194
428
156
174
300
90
577
256
96
92
63
26
181
114
332
541
159
136
350
512
476
570
172
391
12
588
367
213
27
222
175
588
20
532
321
490
541
553
147
622
92
604
3
7
531
140
268
581
350
12
59
586
102
308
251
244
608
314
316
416
185
367
182
534
440
224
207
13
307
94
175
339
149
236
585
217
395
318
482
592
145
471
145
417
492
352
318
44
105
473
293
460
55
600
608
505
553
611
443
264
612
424
32
516
311
42
174
3
628
31
278
297
534
442
285
339
103
550
171
518
196
114
94
415
622
12
366
360
109
528
347
524
344
334
609
525
134
124
306
96
315
326
327
584
485
140
56
138
455
257
515
500
553
259
535
170
141
242
59
248
367
496
55
301
196
145
135
261
394
12
102
142
160
350
293
141
577
164
517
523
214
306
324
324
278
628
126
134
94
329
221
378
373
54
41
260
260
572
275
621
220
285
42
618
194
170
255
561
498
145
460
561
591
94
351
154
85
136
446
229
558
608
259
285
412
285
188
366
293
42
486
600
161
53
432
539
576
452
511
356
95
81
485
411
135
41
144
593
177
324
115
278
49
393
178
138
499
239
402
395
161
200
38
100
270
403
190
226
164
556
505
96
617
454
244
543
532
225
67
500
40
485
13
312
625
425
128
533
383
613
92
93
277
287
498
391
286
270
179
283
128
354
49
619
493
427
358
182
567
509
277
216
399
173
449
591
599
171
129
138
613
257
447
117
485
23
370
349
24
333
261
298
499
579
71
542
53
295
44
103
607
321
136
319
596
251
333
188
260
603
134
443
543
424
199
474
2
209
579
41
40
239
345
515
32
383
213
558
583
548
403
572
373
557
399
138
190
74
553
167
69
282
464
609
89
479
261
473
51
219
562
313
529
18
181
166
139
317
228
621
247
279
152
284
315
421
312
565
386
464
359
135
464
614
231
428
468
195
548
36
98
137
292
293
576
550
40
604
144
144
314
396
284
16
325
81
155
104
110
83
505
568
598
611
555
588
178
527
427
362
71
127
409
150
187
61
532
44
46
392
551
65
275
284
382
11
448
32
49
391
330
537
572
418
257
200
266
74
