604
478
175
110
232
79
154
507
407
557
513
476
161
140
13
611
466
21
232
353
234
157
212
540
5
30
154
588
567
483
465
418
170
511
13
21
7
94
333
42
438
99
218
376
80
358
41
36
411
5
333
376
449
31
8
398
107
240
465
516
617
409
71
87
589
556
58
370
314
50
349
303
193
435
238
618
391
302
398
310
548
600
263
223
132
417
349
381
244
474
336
565
409
82
215
234
108
598
236
477
598
311
467
150
436
169
467
494
372
137
172
326
213
304
612
444
431
343
515
206
560
260
221
302
86
110
91
395
503
39
184
224
219
465
292
368
357
585
389
156
69
454
211
112
228
315
612
167
125
142
581
269
293
612
625
464
322
417
157
210
353
227
441
551
329
262
212
54
386
461
9
548
25
493
599
53
387
209
402
391
180
347
113
346
209
274
77
354
582
277
342
179
41
483
475
468
80
525
262
317
554
234
429
553
327
308
325
230
58
501
233
550
152
158
64
120
104
356
74
250
485
516
589
573
278
578
133
442
358
499
219
348
626
278
91
118
563
582
573
267
217
120
360
403
157
379
567
242
548
621
250
273
386
541
188
131
292
89
36
204
56
612
307
550
115
42
222
373
369
339
620
11
74
245
81
35
361
489
97
106
432
533
612
455
27
337
19
576
472
230
303
355
179
502
240
67
91
107
461
524
585
421
187
152
488
334
281
349
56
541
511
81
322
223
411
83
197
201
143
51
72
301
529
408
312
413
44
563
615
589
372
276
375
181
195
557
253
356
332
57
159
525
44
53
150
376
155
443
29
267
193
329
242
617
402
70
580
405
500
248
519
188
70
370
433
229
361
29
445
108
57
295
109
103
422
623
577
155
107
201
565
216
159
375
503
127
322
231
563
566
153
449
214
144
302
467
153
431
339
273
566
296
304
59
123
216
221
350
16
217
416
558
48
343
437
509
426
241
149
624
254
227
482
267
417
363
222
526
280
247
614
323
602
221
111
533
504
591
511
415
471
29
465
281
459
50
305
440
270
458
120
399
273
56
619
96
182
150
92
430
205
183
25
585
198
444
521
613
625
623
621
28
543
222
403
305
621
408
145
482
50
468
205
495
83
63
43
189
622
232
410
409
590
598
253
304
45
206
606
19
434
36
554
478
37
606
267
291
508
453
283
522
513
383
113
399
160
34
226
75
567
34
209
621
335
320
452
589
561
566
447
478
81
607
342
252
514
261
226
176
200
126
451
47
539
518
549
243
537
381
266
274
382
71
567
608
400
184
288
51
341
522
471
46
453
385
291
65
567
154
71
608
405
119
93
538
361
300
363
6
495
606
558
395
365
496
444
29
341
507
43
151
361
237
216
603
45
286
140
522
485
224
6
623
547
583
537
362
132
406
130
18
353
164
211
247
302
24
481
10
92
471
365
95
160
389
358
338
448
568
158
314
613
279
199
280
305
250
605
63
429
409
347
340
525
329
237
478
302
81
72
151
553
405
394
603
150
125
275
300
227
10
271
392
218
589
229
50
519
159
45
570
210
118
278
408
333
122
314
361
196
69
27
391
477
76
332
521
606
223
160
164
254
79
609
110
117
88
205
217
519
53
497
297
3
344
442
321
147
573
560
486
171
91
121
354
620
165
69
38
87
196
534
19
49
377
43
146
127
112
401
84
321
72
91
381
247
593
372
334
319
312
454
198
129
127
258
56
37
524
343
609
411
127
469
593
2
129
600
158
264
382
316
155
159
9
42
435
136
403
285
241
313
611
35
42
11
235
345
160
499
210
417
388
77
363
319
235
106
56
286
411
488
78
496
574
582
469
615
225
29
323
121
402
559
429
102
39
323
384
355
621
430
323
127
80
260
159
117
458
334
458
609
363
611
353
589
620
617
481
142
17
236
227
212
462
221
535
318
75
307
620
577
485
492
178
231
57
514
60
430
432
198
450
529
470
551
98
298
577
338
468
75
533
81
530
165
89
622
401
13
603
578
352
308
210
424
105
168
380
467
605
585
298
170
436
457
56
161
223
433
461
77
124
238
144
505
51
521
327
557
487
625
342
30
541
129
319
65
179
165
49
503
518
622
39
500
472
157
353
401
17
587
93
495
183
193
65
352
299
404
108
16
69
408
264
285
41
146
551
312
267
180
91
338
372
110
359
403
280
30
457
66
562
503
135
531
111
27
351
442
38
219
186
444
354
113
335
414
136
525
361
510
76
71
251
7
538
389
213
43
496
554
303
304
288
413
570
353
81
130
212
481
3
333
220
184
442
341
579
564
523
192
587
99
610
17
131
281
365
229
98
531
81
173
517
446
417
277
287
159
178
455
430
276
52
287
133
327
426
62
171
201
354
581
588
120
371
21
501
150
333
370
269
290
17
443
447
369
598
561
375
27
462
135
411
77
151
349
3
222
477
41
414
486
181
211
424
529
164
369
202
445
520
449
574
325
132
422
230
371
482
383
399
334
293
115
52
611
17
221
182
345
233
169
248
309
516
501
128
275
129
408
105
273
512
70
525
547
441
411
402
287
230
410
460
586
308
53
128
479
13
410
489
286
537
358
258
596
316
580
417
62
349
365
223
399
193
452
539
311
4
621
275
78
146
288
361
296
599
127
384
326
124
509
562
61
102
290
36
480
329
510
25
260
231
323
554
37
325
162
396
462
213
509
22
15
590
236
437
164
472
232
16
569
21
171
348
231
465
572
544
283
411
620
102
412
184
306
242
591
170
248
414
311
625
161
167
461
61
90
463
183
146
552
529
449
82
563
176
284
86
73
322
180
462
459
480
396
503
446
289
612
411
159
618
217
42
91
102
20
38
248
255
286
413
461
12
418
336
241
278
422
174
446
552
15
294
437
49
190
528
241
36
348
73
387
394
373
523
435
547
621
480
34
52
321
538
334
318
277
596
176
568
445
383
516
516
381
491
472
274
73
141
473
90
194
138
27
465
384
114
457
598
79
236
415
73
321
612
336
488
615
512
165
423
141
373
439
238
338
338
61
142
313
157
106
397
311
310
157
199
353
43
494
614
587
367
538
223
413
566
203
361
262
626
5
49
491
370
441
293
564
92
142
495
234
400
79
133
415
510
477
194
206
215
322
438
623
281
252
555
565
80
14
37
220
431
616
53
424
413
589
162
153
571
56
530
397
214
429
397
263
529
122
359
142
46
367
6
118
336
52
165
163
130
557
367
466
516
498
109
165
546
31
176
390
603
81
147
203
542
117
575
556
623
589
145
219
517
146
578
467
590
241
125
274
256
223
65
283
17
266
45
205
422
198
377
218
46
71
256
473
593
297
60
201
471
592
507
260
337
629
468
395
511
223
86
424
268
48
415
35
41
335
539
200
539
159
128
371
527
150
5
298
99
177
289
287
312
122
323
214
391
283
516
321
217
366
453
398
271
380
318
510
486
348
112
535
614
363
249
287
157
60
298
498
482
66
533
89
383
490
523
83
325
444
466
23
161
562
537
230
252
76
559
23
232
360
390
7
326
490
594
147
297
521
483
545
145
277
431
34
43
248
25
259
473
124
131
563
334
106
507
70
519
612
457
214
314
189
33
136
422
223
120
477
220
184
607
526
421
258
162
99
418
25
378
357
491
580
152
255
109
112
50
617
365
302
454
447
242
443
102
528
380
614
282
28
453
561
104
297
352
399
476
343
150
206
134
599
161
164
342
235
391
439
227
477
82
136
581
48
117
387
543
599
45
332
357
555
58
179
526
304
512
485
560
284
431
285
225
168
248
565
290
568
341
135
363
183
358
470
547
603
369
65
142
396
57
341
612
411
253
421
316
432
353
187
160
291
326
411
14
448
175
331
483
313
370
42
245
590
181
484
531
43
552
492
450
69
392
142
234
549
130
338
524
26
479
382
483
516
157
542
326
353
392
335
529
76
443
169
215
254
187
185
514
163
306
590
80
573
88
65
125
109
51
269
223
310
518
139
373
202
490
202
101
126
509
514
202
603
103
112
624
69
33
543
483
477
410
558
69
600
549
442
613
169
23
219
14
398
42
478
450
579
367
452
399
282
553
307
377
326
372
571
96
586
152
312
2
598
495
221
272
148
168
386
473
425
418
398
326
430
82
190
222
266
329
193
267
489
148
424
492
127
341
253
454
400
260
253
98
308
578
406
367
549
619
277
552
548
191
384
282
473
48
204
169
511
354
48
325
6
137
395
50
19
109
395
453
196
246
509
200
302
135
149
396
406
248
14
243
379
297
193
144
364
505
335
590
523
313
325
85
468
86
328
131
192
535
506
311
391
156
285
344
371
454
457
158
239
121
74
144
586
454
51
471
203
211
11
537
505
590
331
562
80
315
485
323
493
263
351
370
21
83
561
406
611
404
304
210
274
209
175
223
140
501
384
615
276
145
19
604
398
521
76
143
394
73
165
364
66
225
527
428
558
347
421
626
88
403
39
575
11
610
332
444
127
19
36
197
29
453
252
247
332
147
423
38
515
541
126
449
98
352
401
552
317
478
96
273
146
222
57
123
42
265
89
12
51
179
63
244
409
628
242
122
480
12
221
439
577
270
496
595
348
517
222
350
424
21
2
186
494
495
66
592
300
89
137
478
123
68
59
609
122
314
418
51
597
330
606
350
232
152
29
469
513
170
139
355
561
279
241
518
561
477
381
534
507
351
57
485
286
184
494
31
530
337
161
607
369
173
251
130
481
10
184
111
290
315
248
141
451
404
49
324
207
232
502
314
261
361
561
172
603
195
137
76
125
82
282
502
359
451
588
545
422
256
239
588
566
510
390
146
52
77
179
423
542
530
80
465
82
457
69
218
127
151
47
421
610
228
84
160
366
574
137
177
292
481
349
152
403
339
512
34
66
162
111
291
201
187
68
299
547
81
215
38
205
409
258
5
48
62
263
450
418
480
312
496
425
247
567
259
125
472
589
261
531
506
410
578
308
91
165
175
293
250
59
260
615
401
200
272
558
52
571
263
157
620
356
149
351
538
234
380
382
125
16
28
572
173
109
602
65
350
479
331
375
260
274
422
151
378
419
486
146
25
239
213
123
288
568
625
46
404
97
322
452
323
430
343
86
563
588
214
313
135
266
110
87
182
174
287
95
54
96
412
310
378
86
339
380
166
24
582
155
47
119
91
598
492
55
593
254
90
194
471
607
315
194
25
521
207
456
514
334
517
582
100
82
469
451
246
147
254
461
475
21
135
366
36
535
90
22
22
240
610
180
253
408
163
145
35
256
261
47
236
574
198
122
432
101
289
7
145
526
403
181
213
325
173
222
96
122
136
460
481
442
351
556
272
464
340
375
261
366
23
300
495
5
176
410
378
503
580
256
180
28
59
285
338
49
154
261
479
214
179
580
416
17
487
8
423
291
527
283
136
320
291
375
418
272
590
364
574
467
500
55
185
537
627
342
578
409
519
494
39
435
102
230
65
511
282
20
271
182
261
113
157
29
519
169
503
435
461
588
13
481
9
377
321
249
531
491
255
192
323
158
175
34
397
60
263
217
515
558
439
158
271
549
241
323
67
555
382
116
271
343
309
512
560
514
129
476
465
284
399
145
73
513
454
403
456
261
545
604
417
297
526
562
211
451
571
502
622
179
521
172
39
319
180
334
413
578
482
306
274
294
332
507
76
334
485
343
390
363
507
178
239
41
591
40
423
542
617
406
447
200
437
228
346
46
524
624
321
189
607
327
565
324
253
480
112
130
173
430
503
312
121
444
565
609
569
464
51
115
332
46
507
37
232
461
215
441
205
177
521
110
288
349
70
413
353
4
463
251
279
141
23
294
384
375
511
91
481
381
469
455
57
574
13
608
574
374
380
564
510
25
53
68
592
319
583
263
399
606
353
57
472
533
207
247
609
243
450
590
75
338
414
589
178
410
296
381
204
11
9
46
28
420
111
547
306
480
497
35
427
615
128
461
349
206
76
297
496
92
168
19
253
265
308
508
13
541
102
217
457
444
582
502
504
227
218
116
59
576
541
206
529
561
390
465
378
561
483
510
112
325
76
240
574
133
262
409
502
325
460
53
95
282
304
589
350
549
251
462
489
464
19
561
431
555
316
58
11
316
190
175
82
375
313
412
589
258
398
387
57
266
623
163
608
369
449
61
210
59
479
515
358
101
614
532
121
199
404
540
50
99
579
503
529
142
612
42
211
522
3
410
195
156
591
208
619
110
46
535
360
293
384
624
330
411
374
423
368
345
403
557
32
295
113
528
561
2
333
146
562
544
454
201
477
408
502
445
617
547
314
406
201
161
534
353
435
559
375
347
503
231
143
618
465
223
335
26
339
549
547
10
302
147
610
529
42
255
11
156
72
240
538
315
390
583
551
289
293
12
233
146
51
9
252
529
102
407
287
409
444
310
206
352
6
154
420
366
99
141
205
137
546
190
488
310
266
320
442
40
209
404
314
381
200
141
138
532
461
22
36
107
521
555
242
315
232
324
567
317
213
250
362
605
26
84
236
347
282
323
237
466
202
103
477
486
26
363
425
543
363
445
497
242
111
111
496
329
231
354
71
18
70
521
80
61
435
65
400
4
302
189
182
486
391
571
222
433
538
493
100
197
250
536
492
246
222
351
185
586
543
211
544
576
214
511
579
499
269
487
312
124
420
391
89
487
608
480
270
161
511
510
22
114
12
502
369
391
436
341
423
611
29
233
358
389
380
117
305
451
181
21
199
536
605
546
113
429
98
494
299
453
383
570
49
532
439
585
224
144
584
396
603
625
279
444
117
422
378
134
21
87
480
447
382
270
183
396
248
230
377
625
260
4
309
495
432
45
489
514
392
138
606
413
340
92
577
455
409
157
277
280
408
539
235
547
512
471
413
123
442
378
185
9
441
55
557
609
261
87
63
242
119
621
314
85
327
321
109
282
216
319
108
481
554
307
297
223
207
566
547
384
113
212
398
162
109
534
464
87
10
554
203
478
437
13
427
522
206
614
567
454
364
602
374
432
513
425
387
304
304
171
549
578
42
246
54
132
622
193
327
418
211
361
567
351
158
105
471
583
11
424
443
281
519
300
571
113
328
247
190
310
281
70
294
48
421
422
210
33
49
339
138
119
190
568
60
441
5
598
27
307
208
137
213
305
579
371
483
397
607
379
444
109
419
600
527
232
493
427
160
358
593
52
173
415
616
77
181
510
46
332
467
25
374
338
361
94
324
46
304
109
245
341
231
265
610
492
385
261
137
276
98
61
93
417
222
427
372
424
565
65
478
67
83
569
75
103
312
532
556
514
215
276
506
587
478
357
17
579
582
601
482
375
287
63
277
550
41
573
307
127
440
82
106
113
224
327
433
452
250
492
95
252
388
109
207
121
193
304
171
165
523
279
531
358
130
558
480
525
441
443
422
540
615
562
74
577
70
536
358
286
168
609
614
560
196
424
66
122
551
599
174
414
425
130
228
79
6
344
129
559
151
352
585
43
326
187
191
145
164
550
332
189
271
33
565
263
12
193
225
598
180
575
390
243
475
474
217
236
426
131
183
266
410
450
276
345
474
553
208
450
312
530
540
341
325
346
326
479
595
286
34
365
598
469
219
297
85
59
296
155
177
592
332
174
321
602
317
277
480
520
254
335
99
586
92
54
32
248
592
131
353
123
492
378
256
257
397
141
281
319
92
6
481
18
174
203
378
528
244
555
245
246
332
501
133
325
200
390
107
165
285
392
581
116
455
168
101
155
199
584
515
150
30
26
380
162
364
271
94
119
165
393
60
369
4
519
619
17
246
269
512
486
87
81
602
456
49
103
166
579
49
320
17
403
306
602
350
339
62
52
264
320
299
292
178
157
30
337
89
189
164
421
125
47
183
88
553
397
531
45
367
12
573
340
337
94
193
36
368
189
621
271
292
419
437
528
522
533
404
19
348
605
31
238
181
4
41
560
266
85
135
267
325
178
132
145
484
557
4
223
444
165
326
359
354
557
185
615
139
356
254
129
66
616
370
321
587
224
483
254
267
578
334
588
388
145
349
9
298
435
416
61
223
111
110
32
603
287
142
316
344
134
561
615
203
447
45
329
305
421
251
102
114
194
303
209
366
538
301
174
460
607
598
85
600
222
513
469
100
373
406
326
60
465
220
510
278
359
258
461
228
19
23
122
45
346
439
572
326
567
293
153
559
400
175
598
42
129
170
85
566
171
546
584
116
88
111
127
401
349
257
273
598
471
267
427
381
34
218
82
292
574
46
349
623
475
208
530
120
447
176
473
27
477
609
609
31
412
20
178
375
297
165
481
411
451
361
129
197
544
95
75
290
58
307
487
413
608
142
594
41
118
70
321
315
535
11
193
65
15
188
288
352
490
279
284
118
144
560
491
415
40
93
162
197
84
532
113
420
318
115
196
360
328
83
440
494
527
200
195
374
363
535
357
597
97
408
338
229
281
568
431
389
467
310
6
195
535
212
368
84
26
242
70
107
612
264
506
475
332
454
561
481
333
230
623
533
76
105
117
361
391
313
268
3
259
341
455
603
612
7
522
43
414
100
32
82
496
139
328
445
229
155
621
525
125
69
31
96
319
529
41
428
232
581
408
290
77
38
139
596
227
131
48
306
25
311
417
416
279
316
48
231
348
566
371
295
122
223
572
388
493
124
250
66
525
606
409
588
206
453
348
259
333
407
44
576
323
243
166
599
367
53
242
531
541
127
454
47
337
550
440
24
544
481
377
138
277
611
498
583
202
577
6
621
43
110
330
580
529
235
306
43
610
161
225
188
365
422
493
428
71
580
93
541
19
390
465
39
349
27
510
391
11
362
29
487
22
314
223
284
511
592
132
40
5
613
3
441
314
166
395
461
424
302
455
162
382
103
542
116
176
245
439
611
212
284
486
520
169
8
269
486
215
27
209
4
618
50
24
485
563
23
465
160
52
295
67
432
495
518
248
364
388
372
611
274
556
512
593
365
121
144
295
323
342
78
241
319
245
305
257
9
382
215
593
556
115
150
33
498
500
223
263
289
403
125
423
78
82
19
431
261
513
352
597
207
423
531
446
149
581
428
37
154
303
323
489
609
530
492
380
400
282
439
209
331
601
620
253
82
324
476
402
129
53
300
39
426
381
160
138
64
416
141
309
104
159
195
235
404
307
82
537
174
15
224
382
559
439
61
611
279
153
385
410
147
498
92
27
72
30
321
523
508
523
148
39
123
59
194
587
354
279
491
248
181
476
302
198
569
177
369
174
620
245
349
85
107
399
432
181
34
198
259
525
445
302
313
186
524
249
43
595
476
260
293
541
171
238
385
453
550
173
329
308
625
101
528
98
312
29
443
260
81
46
552
169
239
347
72
382
531
603
236
219
251
385
22
623
371
66
574
12
621
174
72
37
32
459
360
164
364
307
477
621
396
103
288
112
99
557
228
13
161
613
461
166
511
393
583
424
423
433
58
522
589
575
54
254
517
392
450
267
53
591
216
337
30
597
333
288
369
553
392
471
384
437
368
566
276
110
615
505
481
11
68
491
477
308
208
622
292
191
333
273
619
398
541
330
431
581
611
324
529
514
216
145
417
423
418
611
338
406
444
418
17
209
582
71
51
567
333
402
207
604
29
26
68
475
279
307
221
493
333
424
155
301
113
414
301
437
513
355
227
248
537
364
337
501
147
55
15
127
101
611
406
93
556
517
222
495
203
491
556
107
355
271
79
398
303
594
443
171
70
252
176
422
597
424
232
47
147
439
23
195
247
190
457
167
194
578
465
162
571
333
92
53
437
171
83
626
408
311
356
34
145
462
165
239
95
187
507
51
396
461
212
334
382
494
163
144
533
558
42
2
602
500
340
75
70
535
588
481
527
184
181
405
54
347
497
16
161
343
421
256
158
17
597
512
248
589
176
622
478
326
588
94
535
281
160
311
241
447
82
581
139
388
217
16
564
13
86
419
347
484
106
469
283
592
101
94
467
372
621
522
607
494
312
331
136
202
565
51
465
408
597
278
270
11
438
242
26
331
26
349
578
188
186
154
75
529
252
491
89
226
315
119
212
370
608
579
98
346
304
221
537
302
553
214
98
297
285
555
306
261
96
373
375
530
411
513
251
339
293
622
121
528
402
502
331
203
496
411
377
203
551
290
120
286
616
271
451
184
373
344
367
74
580
227
192
308
593
160
299
341
459
419
153
317
352
586
281
227
222
220
464
151
21
479
537
262
265
153
8
333
95
604
430
81
207
166
137
508
259
19
40
538
263
227
283
430
347
325
439
121
609
67
309
91
217
243
349
442
119
69
433
196
6
172
274
202
46
380
67
343
40
517
540
316
420
112
572
373
311
184
120
352
248
469
351
162
414
91
94
412
48
221
567
170
367
411
215
82
402
70
20
459
431
418
212
513
448
120
271
343
27
554
366
117
367
524
82
220
315
22
539
375
87
39
568
506
115
340
363
45
181
173
263
408
179
364
136
322
367
578
547
531
255
600
326
59
267
87
314
587
83
525
489
558
183
349
58
249
85
271
139
477
172
301
43
455
339
110
71
554
189
88
382
16
372
27
178
158
244
407
602
471
155
219
573
449
277
148
449
437
592
215
551
200
541
150
410
154
78
489
451
157
17
98
35
306
442
545
579
13
380
124
611
161
273
519
606
241
281
316
613
541
350
136
419
223
85
612
44
353
31
419
279
12
601
382
412
322
159
233
115
320
355
168
499
342
41
570
509
235
457
549
160
551
399
593
262
59
19
65
91
131
229
27
240
479
485
435
439
223
466
483
4
357
267
196
163
138
151
548
21
7
98
544
11
207
131
356
584
444
466
521
302
490
100
570
494
256
503
553
544
571
458
500
440
339
248
346
136
518
274
609
626
286
469
15
151
485
587
493
32
82
294
430
589
484
554
92
317
78
233
599
412
429
366
528
392
145
2
204
386
388
10
417
626
3
126
320
169
151
190
542
213
249
516
395
154
361
102
343
543
582
409
14
226
2
590
93
94
117
153
171
392
155
193
291
493
335
27
498
412
251
560
176
7
600
599
13
458
444
207
203
78
236
397
273
505
553
449
482
538
327
227
359
396
521
264
223
230
380
246
59
404
470
491
506
551
460
47
593
37
621
431
195
68
31
509
422
603
474
550
264
237
530
160
465
295
423
119
518
120
286
291
500
208
73
114
181
491
221
104
301
556
421
378
222
278
494
365
290
206
347
400
567
374
15
414
157
440
555
586
501
361
417
8
151
250
50
5
45
430
456
524
555
324
405
211
42
213
471
145
235
554
385
158
368
8
65
411
106
370
271
491
108
250
29
8
540
213
427
61
35
204
338
508
259
57
544
248
166
239
213
538
278
66
580
581
171
337
300
569
619
288
33
249
56
542
133
47
247
349
271
207
276
183
620
436
393
393
124
536
554
25
236
447
515
583
101
625
563
389
313
373
418
106
438
404
41
279
36
235
522
266
525
271
6
109
8
297
263
267
353
568
407
460
145
238
379
360
454
74
162
244
526
361
140
90
314
290
35
264
509
119
547
232
599
262
585
428
608
127
157
240
603
424
160
415
172
316
344
368
268
108
559
344
157
326
127
586
454
401
17
453
503
549
364
266
525
578
60
344
447
476
499
176
622
573
103
589
112
599
433
215
262
611
173
464
621
443
75
398
522
549
59
515
299
25
302
50
14
333
509
471
24
364
224
523
408
42
348
222
462
284
280
339
562
278
222
613
470
122
89
345
185
94
431
509
244
559
604
121
419
175
345
294
269
529
577
434
466
540
158
131
567
270
34
397
147
179
503
186
205
151
511
215
488
495
444
110
383
181
116
587
56
482
280
356
148
262
609
17
122
267
87
289
201
611
45
99
22
292
192
293
571
218
50
293
398
577
125
480
194
259
591
522
313
248
613
551
58
149
473
464
571
527
512
174
204
22
310
420
304
29
59
372
177
513
333
11
578
458
306
6
305
345
606
597
257
189
433
131
302
505
617
194
230
299
393
508
204
331
33
577
46
561
164
533
67
611
600
72
346
251
190
541
237
534
67
515
50
252
264
234
150
196
602
100
501
433
301
341
349
311
132
216
443
293
72
550
261
220
34
433
603
411
366
369
447
133
527
297
472
115
145
37
29
234
41
335
346
407
420
587
259
301
458
450
224
259
272
77
171
42
20
94
234
279
623
195
269
144
617
351
385
551
499
56
116
501
61
31
263
351
236
419
117
137
570
399
29
130
405
580
179
440
518
302
29
219
395
129
243
187
8
613
115
371
47
321
498
118
585
295
506
384
298
20
210
459
187
169
545
180
430
430
227
295
210
511
567
162
505
24
45
439
73
416
538
226
509
136
171
109
531
428
19
312
83
450
458
92
356
134
587
111
454
168
79
460
554
2
598
259
250
46
75
418
470
619
411
315
203
612
281
545
110
147
167
96
333
232
283
405
528
300
399
333
297
227
356
501
142
246
243
527
132
554
541
348
350
371
67
163
606
215
254
244
547
536
89
545
465
275
182
507
139
581
126
619
87
393
69
13
12
465
88
222
433
507
299
324
290
612
239
284
405
316
468
218
246
290
47
452
514
226
241
96
311
200
96
474
331
615
411
92
227
414
137
211
595
310
415
479
51
544
35
257
574
377
384
596
493
326
314
190
153
203
419
326
183
282
484
567
59
189
290
192
293
545
301
438
554
72
177
173
623
121
469
153
451
22
353
302
11
163
41
501
522
111
613
154
37
353
169
343
348
19
76
207
276
267
209
448
599
213
341
535
259
533
386
497
331
468
343
550
553
74
238
196
64
264
212
517
43
306
548
546
359
555
218
226
334
113
312
84
540
246
534
470
427
291
435
486
85
369
596
215
48
157
157
183
246
611
433
548
284
353
194
536
142
24
283
34
65
516
619
203
7
355
159
169
294
158
555
500
500
209
145
584
148
447
118
338
211
308
510
58
517
257
455
534
109
349
212
373
587
129
581
375
64
266
467
570
11
34
239
39
123
231
477
512
334
93
94
538
266
520
359
105
384
325
96
45
166
199
251
303
10
368
381
373
378
43
20
455
71
178
251
198
554
418
549
430
84
518
393
99
167
577
113
318
68
465
525
68
625
206
338
274
21
452
581
491
440
538
473
336
30
293
405
21
363
544
215
117
166
497
148
112
172
423
258
267
434
126
431
512
621
252
122
369
57
306
101
46
296
250
35
89
490
272
451
601
195
446
139
157
351
616
22
386
590
433
8
592
592
536
485
405
236
347
36
537
472
411
300
281
164
477
471
384
242
182
542
81
514
152
338
135
195
386
318
503
456
109
143
430
404
567
292
481
65
344
176
544
499
507
216
412
434
98
262
72
158
311
172
370
52
271
410
143
518
329
624
230
231
589
58
540
417
166
126
471
412
537
297
66
60
107
578
473
251
530
493
619
93
235
171
375
279
192
551
72
465
508
624
403
331
418
37
515
91
386
531
553
133
561
26
53
2
555
457
202
361
441
361
53
503
354
156
181
306
200
193
538
330
231
172
239
458
129
252
181
163
61
529
617
218
81
375
458
233
154
246
112
27
391
554
207
395
2
304
230
239
72
312
411
492
233
496
423
386
212
427
590
454
185
74
317
548
100
533
118
192
166
286
620
438
114
81
80
572
486
325
176
241
291
358
75
285
187
598
361
42
321
482
442
192
65
489
230
332
58
26
418
187
242
560
232
241
400
206
239
391
485
39
125
299
28
463
193
388
60
233
43
128
503
448
98
327
72
422
259
77
173
122
435
554
602
358
561
47
55
615
451
273
152
572
492
597
423
380
543
434
43
568
352
72
193
545
22
370
385
14
356
214
360
62
352
146
148
19
449
42
124
469
116
263
160
21
233
238
73
442
184
468
469
19
17
138
126
571
298
282
71
290
79
539
182
74
45
67
484
623
533
480
424
44
499
265
625
290
516
471
339
572
155
528
367
164
364
237
137
415
123
35
224
624
611
198
587
83
122
620
114
470
179
546
529
329
255
144
340
505
355
358
213
523
57
213
125
524
76
383
249
551
289
33
414
427
346
341
459
76
333
288
68
498
578
314
262
337
7
143
309
431
503
72
76
149
66
126
502
185
262
326
109
242
552
397
228
526
139
322
474
241
69
623
578
505
520
48
153
76
468
142
381
255
474
576
294
30
125
335
589
188
507
301
467
368
292
588
467
440
379
382
505
75
335
214
433
43
111
357
224
206
546
225
578
520
325
175
385
586
110
176
189
387
603
443
221
317
441
594
447
439
27
241
486
271
339
627
462
10
118
300
47
201
547
36
493
63
69
117
426
584
539
562
90
301
610
215
401
511
165
196
64
441
168
517
183
592
152
450
44
520
526
27
561
112
560
258
288
108
363
232
435
600
543
443
67
558
346
471
405
115
502
556
256
31
277
38
431
218
383
470
119
104
355
53
7
540
262
536
459
124
126
124
316
623
227
285
488
145
80
350
203
30
243
254
511
45
45
603
423
203
8
167
510
601
289
220
254
597
228
599
192
522
542
380
559
269
555
565
425
535
549
88
260
210
574
352
543
157
244
545
76
381
566
230
539
314
607
135
10
413
252
468
53
520
289
469
557
106
31
126
315
41
601
91
535
295
121
192
531
261
223
598
71
489
530
316
25
416
459
254
309
359
101
45
375
620
48
168
258
84
248
379
287
217
589
585
361
433
20
394
151
251
14
267
25
132
51
601
478
52
250
442
458
215
362
269
133
595
316
317
6
614
270
76
501
147
583
452
547
285
165
449
587
190
195
151
557
227
5
390
587
535
519
452
79
278
578
419
397
412
60
36
171
158
95
370
193
65
238
532
295
82
125
499
377
606
125
334
119
235
177
154
592
229
54
206
33
130
448
208
231
566
50
547
151
145
367
41
508
44
436
342
433
463
96
71
449
476
95
276
320
440
420
269
238
166
365
226
315
174
274
519
45
111
311
574
398
562
414
309
146
242
156
301
405
481
250
505
623
46
494
167
252
143
600
222
518
256
37
114
280
480
48
174
518
443
56
336
495
584
539
180
151
510
124
114
623
160
182
93
338
171
381
96
486
141
473
114
488
602
184
446
609
612
440
318
176
444
259
31
126
130
384
373
94
615
348
152
568
42
146
579
205
23
210
473
297
123
449
464
154
387
468
83
281
478
546
103
183
191
332
384
23
148
141
611
593
445
590
587
565
335
345
3
412
362
523
599
492
151
405
235
323
123
442
519
445
164
326
97
480
277
608
553
380
342
406
245
435
33
93
211
148
347
250
136
55
128
14
578
508
420
491
391
410
437
449
172
213
469
385
21
516
191
182
151
180
298
355
420
39
490
542
346
501
486
151
219
523
386
81
168
336
387
45
433
260
538
125
304
446
291
59
617
536
135
418
308
538
149
401
253
568
428
174
5
311
592
170
275
330
76
475
612
369
134
486
290
129
594
569
26
510
617
577
373
560
380
231
379
320
79
472
390
496
251
46
378
372
148
15
293
444
135
142
554
11
55
153
213
346
416
270
373
542
70
31
560
446
323
470
186
63
616
274
551
576
513
100
612
328
565
497
276
25
524
388
59
450
55
120
315
378
442
525
113
200
105
443
322
505
369
415
100
32
117
105
276
298
607
233
266
197
618
520
543
572
191
189
225
324
490
59
231
579
602
290
93
188
429
98
532
173
121
137
496
454
608
45
541
408
615
484
217
367
470
463
137
410
42
152
623
69
625
258
410
71
620
442
150
201
565
19
609
80
582
373
313
373
469
291
475
586
392
429
8
129
587
484
33
501
607
28
310
585
341
80
269
109
333
557
505
87
497
317
539
533
573
527
301
453
20
331
290
259
429
46
545
208
493
201
472
501
47
134
218
571
627
339
471
106
63
498
118
450
428
432
265
197
369
456
318
345
334
515
32
502
269
193
138
306
457
24
273
73
60
291
63
481
554
538
402
82
129
260
537
496
232
174
459
489
423
535
73
268
378
251
526
427
554
352
365
55
68
52
594
68
487
127
151
396
615
30
573
457
105
56
256
31
285
85
19
196
341
360
369
2
595
615
95
260
467
433
187
254
470
201
337
563
112
88
139
194
24
281
459
158
490
110
503
507
584
608
499
106
561
98
507
201
574
115
392
143
581
559
344
92
624
144
317
118
3
256
613
421
249
317
537
434
621
416
192
21
167
374
183
125
626
92
590
391
504
277
586
270
431
42
3
609
348
120
87
383
308
367
428
590
133
518
248
565
523
245
121
579
588
286
394
11
579
276
229
89
250
327
52
514
11
101
291
172
591
5
182
237
416
620
389
165
451
418
203
433
353
454
106
564
352
305
6
450
237
132
324
230
308
512
410
540
91
300
24
557
185
149
114
183
65
601
5
271
221
423
229
324
329
222
546
498
87
77
192
554
588
462
20
576
414
376
534
621
376
326
125
605
119
450
211
173
23
312
467
509
330
581
79
120
438
149
135
76
250
452
216
38
406
467
383
476
259
569
476
489
512
554
498
239
186
26
273
132
272
561
560
309
44
444
619
480
430
451
150
313
390
56
573
379
161
20
171
471
44
618
451
223
314
34
348
15
88
246
32
155
161
19
237
533
474
594
366
201
271
365
582
285
280
391
462
602
479
302
119
249
394
326
132
599
189
511
23
279
170
572
503
276
103
462
474
328
411
450
290
241
459
269
206
379
310
137
117
19
403
375
416
105
506
396
332
439
85
181
244
35
43
263
589
25
94
353
21
57
257
132
577
264
473
9
543
404
405
545
388
85
209
154
279
199
433
124
460
205
45
207
479
121
428
461
170
31
393
25
322
182
70
500
522
12
602
539
568
579
25
301
444
572
441
214
182
331
199
452
54
86
237
179
315
229
247
361
529
592
362
509
499
154
259
622
552
251
566
362
165
213
383
625
452
426
505
39
176
17
192
539
580
103
94
422
565
136
418
231
28
576
387
468
100
314
519
216
457
419
74
484
36
23
138
249
177
156
135
613
488
130
285
138
332
581
407
75
271
116
477
171
88
412
66
31
174
175
581
83
558
390
340
153
403
270
191
468
594
284
576
241
110
528
338
111
43
77
3
494
163
568
299
75
379
254
511
339
263
270
45
42
63
409
568
353
30
400
475
577
502
181
249
487
141
257
334
169
562
523
530
303
568
261
201
575
501
243
196
176
324
99
101
53
623
146
405
526
329
146
535
75
468
7
151
32
20
47
17
39
179
285
523
581
537
182
182
218
358
361
243
586
251
621
230
163
277
110
447
355
410
288
508
379
472
67
16
612
122
300
122
273
211
69
610
461
85
611
383
465
519
125
112
483
223
444
369
188
172
192
121
368
10
436
367
259
169
155
410
439
299
230
428
586
379
333
521
335
348
192
601
253
275
146
84
422
399
548
19
314
529
511
514
494
247
375
247
252
83
159
467
135
69
344
399
396
533
612
616
398
253
305
204
617
252
395
429
88
585
377
550
396
76
620
78
569
73
278
584
109
269
609
58
29
555
112
531
595
119
190
614
191
149
40
96
395
248
383
613
165
167
68
199
488
282
188
603
229
240
344
453
125
512
548
479
487
168
331
197
583
411
428
178
455
270
203
96
441
143
485
556
387
240
377
321
158
395
16
129
564
282
247
394
535
31
145
339
485
144
94
91
626
354
529
262
477
364
79
421
265
512
388
273
49
370
203
479
563
212
562
91
398
88
441
110
288
267
347
213
192
104
505
483
123
124
165
515
328
462
359
542
436
281
178
262
121
182
389
102
28
179
225
209
460
459
368
528
354
367
71
339
247
58
328
512
90
300
444
597
408
60
530
220
116
267
505
266
335
109
357
566
102
247
568
105
279
425
546
403
485
292
570
249
247
351
459
95
205
189
493
613
518
516
112
393
6
183
512
182
154
472
35
537
217
378
185
299
301
249
22
214
517
373
31
578
134
367
501
481
372
135
352
60
388
104
452
82
365
186
272
224
199
111
278
218
44
2
221
225
231
78
573
249
93
196
310
425
544
598
407
201
394
505
21
500
53
245
80
148
477
340
73
509
477
480
610
33
526
365
132
512
29
545
190
97
465
14
411
359
81
586
569
176
501
547
229
517
267
518
256
8
19
573
500
598
370
298
299
278
374
331
232
484
279
41
613
593
475
291
23
377
150
584
142
82
103
599
224
111
578
322
505
78
430
475
177
122
147
333
219
433
161
420
523
427
69
247
410
16
485
11
482
123
228
535
40
367
263
100
600
139
194
400
195
175
312
553
15
531
179
341
105
348
298
479
205
172
241
309
10
294
302
446
288
314
352
25
456
522
133
7
99
152
491
263
597
592
255
242
355
186
501
173
265
498
220
428
357
209
165
315
583
341
420
12
468
616
531
265
20
41
435
335
97
468
343
163
182
572
268
170
290
333
494
62
613
365
217
465
337
150
559
170
501
205
352
136
472
464
170
63
580
614
283
30
254
297
336
543
372
438
605
525
461
203
535
154
63
247
155
208
78
443
435
106
146
529
566
15
214
320
543
600
141
218
21
564
23
402
352
117
365
86
54
425
63
379
602
50
18
610
381
235
231
370
393
103
575
429
590
289
293
591
327
212
11
278
373
306
468
452
513
382
308
113
374
343
576
239
163
400
141
195
226
352
523
316
580
29
39
43
379
262
85
216
485
484
236
36
55
317
148
497
350
373
131
55
153
166
538
569
136
205
414
294
453
514
317
390
168
475
538
499
192
300
294
468
338
343
472
29
197
152
436
314
521
453
111
71
456
182
329
145
451
171
114
243
310
208
569
492
189
227
102
491
466
157
345
489
212
158
454
314
431
240
237
614
317
459
348
281
331
554
59
269
549
555
126
429
454
444
434
436
506
129
76
611
106
528
43
66
484
319
37
503
343
459
349
104
259
440
388
121
366
164
30
557
358
572
84
577
342
33
304
107
344
100
243
160
478
245
272
467
609
243
285
431
596
621
335
317
151
488
484
79
527
364
249
511
389
69
14
284
264
73
10
467
229
114
304
221
169
562
464
462
30
306
26
492
542
611
162
277
5
237
572
135
91
3
155
61
564
557
609
88
426
535
484
299
4
349
599
85
282
159
316
106
295
38
615
105
326
398
428
104
445
201
400
226
440
297
275
231
193
131
175
356
511
118
176
493
371
499
364
227
352
506
42
512
55
147
11
154
528
125
378
231
212
242
20
469
525
480
445
599
517
359
216
93
197
364
521
475
191
399
535
199
92
10
91
62
427
592
27
526
3
356
51
421
584
164
126
417
347
57
561
89
120
490
168
472
325
447
159
268
150
281
418
603
112
376
391
31
423
202
526
327
96
83
277
179
342
546
353
550
497
539
351
331
358
486
312
177
509
242
315
563
51
187
97
292
69
75
372
544
219
77
375
601
610
81
94
188
625
422
570
115
507
94
85
91
215
302
48
515
586
379
508
337
236
506
112
448
45
299
77
157
82
226
47
284
525
325
119
513
354
67
403
285
91
213
65
624
132
329
270
384
86
124
372
20
486
49
496
262
371
481
318
251
239
204
174
504
608
20
351
389
324
58
411
65
561
363
134
573
111
583
292
575
265
570
365
125
466
107
463
172
492
558
197
521
121
261
162
158
535
480
353
383
20
178
325
146
455
614
217
510
246
61
560
49
343
428
388
445
36
238
46
476
203
133
99
387
283
107
158
592
101
552
93
292
90
195
6
263
558
37
442
572
217
61
362
183
86
310
141
615
484
508
100
390
425
28
331
437
106
300
51
59
381
183
68
39
164
17
36
196
507
129
307
72
549
620
395
604
211
467
91
587
154
535
580
307
303
21
309
492
119
5
130
77
106
393
121
476
253
397
358
605
573
601
230
381
12
78
104
331
219
379
492
21
9
561
570
545
112
391
538
438
335
291
167
251
492
567
114
39
526
210
115
436
59
261
378
296
133
444
209
526
596
613
119
516
477
474
424
469
521
386
95
405
397
346
261
70
310
527
171
31
570
381
548
282
193
423
546
211
222
62
104
102
447
261
618
295
412
149
601
64
324
463
69
496
408
223
223
315
387
423
479
46
211
131
292
289
42
454
307
217
384
368
522
207
217
413
408
476
447
616
326
9
71
211
92
220
433
257
143
430
384
522
124
585
251
624
322
322
555
501
19
462
184
241
411
336
325
427
465
450
615
189
120
158
345
90
405
461
403
412
520
125
275
442
622
386
246
411
145
381
311
382
545
486
531
596
421
75
477
371
348
168
264
112
613
191
476
466
396
234
187
121
8
164
384
235
70
505
584
129
509
623
620
551
409
355
426
362
520
116
600
343
232
233
555
229
223
344
84
494
222
301
125
237
154
364
70
211
320
92
482
546
220
136
151
467
523
338
219
373
414
361
11
203
145
210
293
410
315
592
178
353
223
484
403
185
541
553
45
223
409
201
337
522
267
257
583
148
303
607
537
32
472
38
239
82
48
384
244
520
366
609
512
190
478
122
23
154
522
538
87
47
185
458
425
471
256
90
199
273
421
151
494
328
45
279
29
436
278
374
582
489
366
609
157
340
22
576
334
44
488
162
340
99
522
57
448
238
70
625
96
336
574
203
409
130
72
9
604
298
617
49
208
253
243
21
518
336
217
179
220
561
361
323
482
269
274
363
351
213
332
58
528
268
457
35
226
505
462
74
219
614
477
383
147
239
42
499
283
329
530
624
52
67
235
137
438
98
353
211
450
193
429
334
56
59
554
68
615
525
248
204
549
564
130
241
35
373
6
22
373
281
201
106
253
422
255
460
484
204
36
2
142
136
22
471
46
40
563
166
368
370
397
156
342
298
429
243
292
182
248
286
312
105
246
325
257
280
300
576
453
567
129
102
579
238
570
373
398
569
554
195
177
250
446
361
124
540
77
542
587
477
43
501
386
434
542
407
208
355
115
467
214
531
27
614
414
414
470
580
429
516
399
362
24
247
613
252
394
491
72
274
141
214
423
492
258
60
383
149
331
304
388
211
313
503
588
371
531
343
236
461
434
425
467
5
392
41
158
97
376
402
336
480
162
411
381
90
216
310
593
497
355
117
319
453
49
245
134
171
10
502
371
600
445
304
320
490
246
143
7
586
314
121
601
374
321
551
120
483
48
448
52
439
560
523
544
428
469
209
621
625
120
491
187
283
209
477
189
16
240
22
174
623
31
450
141
353
88
335
103
103
139
257
80
15
429
188
482
477
244
614
314
281
448
304
222
591
574
501
179
46
621
367
273
435
595
423
474
340
397
627
220
540
515
473
410
11
119
135
399
92
96
315
163
242
150
490
66
269
378
497
339
506
175
265
289
443
531
415
355
271
128
483
374
484
334
419
617
371
551
464
470
439
55
439
627
586
393
122
376
376
368
352
411
590
593
142
168
22
289
97
28
118
265
4
85
548
180
101
435
501
19
316
24
487
233
9
331
233
13
370
398
277
272
16
602
444
395
415
549
411
546
133
121
219
386
56
550
376
515
449
221
21
239
157
609
83
359
536
590
384
474
378
12
611
247
625
124
360
389
600
382
162
221
316
186
433
471
441
281
232
594
128
237
533
136
481
58
306
307
3
541
195
500
219
212
362
229
103
279
615
165
279
218
185
596
337
50
441
201
199
490
408
580
195
261
211
295
235
65
469
559
273
598
402
410
26
529
459
346
363
36
192
5
259
351
153
147
89
217
96
507
399
342
79
441
233
522
383
476
193
116
200
597
211
536
21
573
569
594
592
367
141
549
58
55
168
262
63
427
506
144
16
345
404
322
48
414
93
466
382
594
595
448
300
134
178
390
555
76
59
552
563
61
540
402
573
193
262
190
423
604
77
499
419
534
264
480
473
218
84
186
274
170
473
492
395
257
523
85
213
209
301
164
539
486
254
443
65
101
483
36
415
400
450
166
423
95
380
432
362
227
452
49
461
141
210
157
346
98
190
217
445
44
601
121
446
184
54
397
294
13
278
534
443
68
364
304
134
440
93
136
532
424
423
265
541
86
83
625
189
247
98
460
221
101
104
327
597
369
74
173
31
414
454
156
569
241
91
26
373
64
342
603
598
360
140
93
51
148
473
196
434
49
529
563
41
536
514
161
49
599
236
233
597
543
427
464
544
128
132
46
32
314
124
569
225
68
434
93
377
95
192
432
84
320
216
576
293
580
368
524
373
171
313
516
57
281
335
49
558
186
536
284
13
362
23
278
448
141
369
450
530
217
413
211
48
609
363
109
277
625
497
459
365
595
532
585
171
105
520
16
379
204
144
127
121
564
561
525
264
71
476
304
335
474
107
595
143
443
14
522
522
104
597
85
472
409
371
399
194
609
41
494
565
571
176
577
318
498
113
48
111
526
591
413
346
366
56
49
510
5
113
299
216
442
624
107
280
578
455
626
81
182
306
397
453
582
125
492
363
476
260
54
7
309
283
310
277
174
255
467
601
474
44
615
193
260
497
156
105
312
91
292
346
28
493
541
88
615
88
289
417
386
605
175
379
74
555
264
364
551
68
618
114
24
298
132
278
100
592
158
616
430
359
144
30
492
229
405
268
363
558
157
347
452
486
589
300
543
589
501
160
115
405
85
608
591
449
205
61
561
503
174
351
292
8
338
418
517
329
348
182
482
448
108
11
183
21
420
31
194
39
105
97
77
227
201
17
228
236
69
577
297
423
176
441
599
124
257
409
115
147
340
596
206
146
404
59
7
590
267
19
506
