157
482
551
611
110
384
549
421
156
152
596
376
74
116
70
586
207
446
290
316
517
379
214
506
40
198
460
125
76
445
135
29
31
76
264
61
288
593
335
190
116
109
487
595
213
594
294
227
6
339
449
502
266
624
115
454
18
221
434
342
30
300
160
331
92
619
509
451
234
253
548
472
191
268
123
272
16
284
512
28
347
34
387
407
62
568
458
424
481
42
389
385
346
496
64
611
59
103
68
382
164
621
628
94
274
89
356
138
163
290
118
52
118
251
285
247
231
274
550
284
421
148
131
374
25
149
226
170
533
142
181
498
546
31
565
53
77
417
380
134
282
97
422
381
41
293
479
3
193
254
19
573
618
404
87
143
598
548
310
210
131
179
625
62
38
371
616
77
116
349
533
539
415
295
441
392
80
36
162
273
432
131
128
601
511
26
195
70
220
304
581
542
65
165
590
240
514
328
614
578
88
379
384
411
287
617
381
75
74
140
299
86
561
221
120
359
500
40
337
311
58
551
291
83
497
328
337
485
192
475
287
520
37
282
410
240
249
601
197
127
544
554
133
412
422
280
281
373
396
352
521
475
568
345
320
610
433
575
605
251
386
419
539
162
423
522
243
291
35
319
552
353
209
81
386
202
479
90
448
511
612
216
171
531
161
516
476
555
234
63
12
354
439
74
469
565
210
72
49
104
149
534
209
165
46
241
238
381
585
267
151
28
84
25
549
44
222
618
73
91
469
210
91
100
11
186
486
229
495
288
12
527
37
91
101
255
36
501
374
478
590
599
563
262
352
183
379
440
79
626
229
506
620
467
22
380
496
408
55
372
435
598
622
25
208
514
627
65
585
520
611
450
281
403
187
118
301
213
295
554
409
175
74
409
167
19
35
390
160
246
236
238
96
456
553
553
487
568
262
292
412
254
338
321
114
360
597
402
519
382
334
325
346
118
145
112
128
266
137
426
98
2
98
220
498
164
50
449
195
495
21
189
98
187
412
461
559
595
313
81
249
487
542
169
557
610
233
422
209
523
501
301
482
369
54
465
541
42
459
213
470
305
5
616
103
299
432
479
551
343
5
586
591
514
340
112
422
629
572
213
19
137
534
503
310
43
291
248
188
346
208
620
342
422
365
539
103
284
143
442
490
531
531
89
480
287
155
224
624
29
314
577
74
63
308
418
500
376
336
373
11
415
507
209
243
177
86
36
256
595
245
74
392
192
357
427
221
88
451
97
150
292
17
27
488
34
119
61
18
172
501
532
419
213
580
577
313
121
268
121
281
245
429
409
4
270
52
28
599
300
52
57
575
195
438
618
24
189
285
448
478
622
569
354
267
567
34
236
424
8
213
325
291
322
491
2
13
39
590
438
585
396
357
541
42
16
304
385
493
282
505
116
460
299
495
449
221
563
607
495
86
265
354
62
558
25
41
545
41
169
268
121
251
415
536
247
162
132
542
396
97
52
307
225
16
217
90
627
29
201
612
166
489
489
416
111
258
491
24
323
220
237
16
280
248
33
612
317
91
404
365
217
57
359
580
273
491
612
584
279
554
112
160
342
86
547
287
182
89
514
267
384
314
181
41
226
497
299
70
192
538
186
448
499
338
35
443
245
611
210
487
583
364
384
586
436
80
476
181
294
39
91
473
388
168
267
452
390
82
39
405
545
445
123
71
213
162
94
227
421
624
609
305
184
399
292
527
559
87
618
541
583
344
430
179
572
307
267
68
191
14
139
441
267
523
61
584
154
218
500
99
481
286
519
491
124
561
375
521
133
64
207
535
173
595
396
274
235
552
117
144
247
599
481
388
295
53
234
488
424
11
351
427
614
593
411
296
521
179
89
184
146
325
94
28
389
515
507
485
18
361
289
376
132
571
183
365
284
215
282
223
550
509
6
481
253
242
46
400
578
31
124
481
44
29
550
584
539
576
356
472
459
474
243
14
461
98
125
21
328
250
106
185
119
196
266
319
24
534
181
361
613
468
242
505
597
420
26
85
91
505
367
333
360
511
208
477
268
539
429
171
337
330
590
72
315
434
407
367
608
160
243
175
288
83
244
11
588
124
128
435
616
309
173
514
338
37
415
66
320
82
617
479
578
485
295
463
257
179
513
281
530
112
160
407
316
40
197
360
587
161
608
249
421
209
259
372
550
14
179
590
46
353
250
413
571
322
219
490
158
39
288
30
223
461
288
571
31
554
106
512
568
538
102
310
337
607
475
594
479
72
87
499
160
268
512
510
235
4
163
330
540
507
137
450
91
3
117
326
107
171
463
180
383
333
25
486
571
116
82
549
30
73
215
140
178
189
95
285
164
21
504
121
104
411
616
341
302
416
294
542
95
242
164
99
73
204
614
234
399
199
566
31
500
521
114
75
311
242
498
176
255
174
501
338
537
207
428
515
492
286
446
86
437
289
307
503
354
310
200
470
318
587
96
237
262
219
493
120
283
423
112
564
474
123
8
225
577
480
9
566
451
519
379
349
199
603
258
570
170
266
522
438
570
488
319
227
85
186
384
283
469
333
260
109
530
220
555
74
116
546
179
188
567
255
497
596
341
66
218
230
209
508
599
617
145
439
388
520
272
336
551
420
310
524
196
371
582
310
443
288
269
570
575
475
80
201
576
244
140
213
336
349
528
451
593
272
211
583
363
439
372
11
527
607
227
510
413
14
304
456
507
269
55
288
302
185
191
359
195
200
84
575
154
236
605
168
60
164
15
518
238
601
358
336
588
435
348
369
274
36
516
381
331
214
402
289
296
591
335
570
256
148
106
238
544
267
434
328
318
432
360
32
544
493
214
348
421
407
231
293
607
619
159
502
22
587
481
440
442
141
321
239
17
169
295
619
339
520
507
179
269
252
79
47
271
477
395
525
422
151
365
563
465
384
454
525
267
602
433
535
245
531
104
207
563
183
64
518
340
9
549
109
416
128
369
400
380
619
271
304
574
242
178
516
37
439
164
468
304
546
454
127
310
408
382
115
9
376
287
168
5
472
400
365
427
303
535
457
185
83
33
210
313
522
568
225
8
494
150
459
326
320
564
514
243
516
451
74
81
19
105
326
76
19
3
581
168
243
555
313
171
505
175
154
575
126
278
193
222
18
332
278
449
584
392
364
423
494
257
56
177
322
458
349
298
437
552
295
387
268
135
235
38
67
106
247
451
349
130
112
210
131
321
81
174
394
384
354
96
213
459
362
472
131
414
108
615
618
536
148
249
377
376
303
164
57
385
522
144
211
459
325
420
136
284
573
229
206
263
265
515
242
352
324
391
109
51
566
155
249
442
57
253
280
56
420
507
346
613
450
216
565
238
363
120
312
140
331
389
566
296
435
506
457
292
76
276
441
323
572
288
416
416
589
199
452
82
472
201
83
156
358
161
577
401
428
12
209
215
400
563
44
326
320
23
179
230
539
369
292
215
433
208
94
19
447
278
582
481
409
246
477
572
424
137
62
485
197
408
255
78
476
299
29
325
100
552
534
596
477
228
32
340
259
218
587
320
438
376
122
279
567
289
422
269
15
134
447
474
440
114
372
342
88
345
354
311
186
469
33
487
497
363
105
335
563
492
260
164
434
359
318
302
147
24
44
490
415
497
464
447
125
105
132
179
301
93
75
323
121
167
14
192
215
415
82
175
121
393
206
462
609
105
264
403
139
451
385
103
53
286
269
441
235
479
387
543
350
444
427
66
45
577
185
253
115
84
553
303
276
304
199
220
185
8
599
559
261
95
368
159
490
299
149
490
141
497
289
61
503
348
44
42
39
81
134
63
363
501
302
372
404
404
68
539
11
354
594
403
399
571
10
395
103
429
280
270
4
382
457
467
614
66
133
170
625
369
394
243
268
215
504
480
392
356
437
576
606
186
497
34
324
241
137
228
558
226
187
394
533
297
472
369
112
450
16
261
419
133
154
55
331
2
69
601
616
601
124
575
216
454
452
69
29
45
462
350
278
105
29
92
21
404
128
64
521
307
264
304
560
583
264
468
110
201
316
197
288
528
379
106
159
525
254
546
325
91
530
573
31
362
467
583
367
567
588
10
30
82
158
33
347
61
295
85
328
103
99
610
66
298
597
238
251
527
158
523
345
449
145
385
572
43
368
480
344
65
382
207
199
366
140
625
21
102
366
88
529
518
524
317
592
586
302
227
530
577
596
97
329
519
338
563
480
400
269
542
445
315
317
414
606
496
35
125
617
91
74
124
183
198
252
81
81
380
398
54
612
242
138
116
514
591
18
295
543
533
458
54
299
237
113
272
565
150
54
202
556
389
157
569
225
512
235
203
582
489
382
182
548
336
346
257
402
172
343
160
202
31
78
57
349
533
256
354
409
323
178
437
393
137
274
158
471
589
196
106
149
222
399
133
273
106
556
86
623
151
224
78
34
252
180
178
87
242
532
146
13
447
87
323
12
525
452
283
372
289
317
109
409
323
102
214
69
120
141
262
326
357
143
529
513
363
227
564
601
145
98
589
589
226
330
573
193
335
27
209
134
547
448
258
362
511
264
30
554
92
426
543
51
435
13
333
120
301
350
315
44
502
217
561
617
369
603
548
239
467
322
152
278
472
509
79
184
555
337
121
324
512
248
520
276
487
48
173
487
323
398
70
519
329
360
605
176
493
614
468
522
262
529
70
472
196
480
487
375
90
201
159
514
34
108
459
334
36
145
590
42
121
80
547
416
221
385
254
80
549
5
493
140
596
48
586
597
321
295
532
83
205
521
282
570
164
525
243
319
439
571
369
489
511
352
433
402
430
49
203
550
285
386
470
489
603
550
455
528
175
197
162
614
533
384
90
188
376
592
487
490
364
116
445
342
80
8
542
424
522
297
594
601
403
602
468
376
413
91
488
34
599
394
234
360
367
501
145
50
357
469
124
366
573
70
33
142
283
1
577
161
362
380
326
204
465
351
155
16
289
388
341
186
183
113
34
241
616
551
617
138
623
250
269
439
111
208
323
52
193
288
606
624
176
439
34
255
304
33
295
183
399
498
348
151
207
4
256
370
236
142
516
354
449
484
44
175
156
548
62
355
86
192
74
195
455
8
94
552
516
420
507
291
530
240
307
468
412
325
543
548
453
159
492
483
371
365
625
611
150
319
303
308
88
366
166
41
552
143
23
256
41
547
437
364
27
56
41
471
178
75
269
625
307
225
596
484
462
170
10
360
591
103
116
113
591
168
442
223
383
328
612
561
437
487
113
535
593
320
214
385
192
252
124
228
296
5
342
270
436
150
474
54
515
580
29
331
231
529
378
200
71
364
340
73
56
95
219
194
81
482
464
398
611
314
498
309
423
5
183
477
206
213
620
62
559
425
471
363
281
283
151
458
440
112
272
210
65
543
182
524
108
347
115
5
582
574
505
303
96
509
100
462
36
419
248
118
58
477
533
287
143
37
248
609
417
19
322
406
76
139
265
395
508
476
600
337
558
192
427
15
599
436
13
133
303
483
600
43
292
293
75
605
427
353
415
144
397
557
31
310
618
616
95
531
529
443
167
504
614
126
456
417
453
532
191
543
278
471
450
146
325
311
344
299
343
264
152
536
345
244
38
437
593
559
570
368
244
6
128
284
328
528
79
102
233
312
324
330
100
268
618
556
282
180
561
402
303
509
136
24
307
19
73
187
278
441
608
202
621
514
44
551
352
497
253
41
121
273
89
93
271
399
20
238
262
570
140
467
532
335
375
435
544
5
611
344
171
48
581
379
347
35
436
42
352
108
103
456
461
530
14
288
277
154
594
308
6
83
540
139
169
505
386
533
607
92
307
114
46
552
514
83
363
552
223
551
572
296
131
334
109
130
259
398
145
380
476
299
288
435
215
441
94
546
204
403
566
592
362
350
289
275
108
256
554
461
379
525
147
10
347
622
306
419
16
437
220
144
172
84
357
99
326
172
291
519
193
569
559
328
318
114
143
69
594
147
368
166
349
523
362
9
33
380
435
374
286
27
84
533
355
345
419
334
242
386
329
326
494
360
415
112
56
596
153
407
555
249
144
517
91
308
175
189
611
151
93
348
523
153
526
280
17
481
108
219
119
104
362
167
351
568
308
377
255
490
205
459
360
482
425
27
283
49
138
531
453
95
573
385
389
475
371
265
616
613
59
84
33
332
177
423
256
25
562
573
466
226
593
158
20
174
204
482
339
357
349
134
187
212
353
561
101
502
513
270
349
49
32
374
46
349
594
376
490
352
6
491
67
2
327
39
235
146
211
465
382
10
190
374
486
95
227
301
47
124
462
346
160
579
419
435
148
435
271
289
213
174
292
567
171
66
298
546
369
326
534
70
230
545
219
171
94
74
253
241
31
386
280
486
337
381
41
154
274
326
70
215
624
130
503
536
393
28
314
557
541
481
469
58
381
458
440
171
431
477
53
404
76
465
206
303
212
316
131
444
602
521
53
46
503
311
472
432
515
533
385
279
50
369
90
266
461
120
596
186
255
232
100
98
347
73
46
5
133
455
208
606
530
258
380
205
418
165
294
612
603
136
229
527
188
76
323
97
514
81
496
516
485
262
441
12
23
599
322
277
404
256
74
379
561
170
436
110
211
114
239
266
507
502
160
346
529
164
149
562
358
83
499
486
344
154
336
154
394
3
66
124
399
182
87
503
92
8
341
462
6
431
526
31
38
339
621
164
611
65
164
130
81
341
228
518
399
298
367
94
470
551
368
428
129
624
226
540
301
45
191
475
266
528
132
422
493
426
125
325
400
38
188
410
376
208
73
289
401
620
620
293
471
297
194
241
39
608
535
423
264
382
312
329
353
581
280
287
87
241
17
100
540
511
353
328
416
67
486
373
305
108
209
526
537
543
499
515
581
21
174
70
377
111
323
272
615
522
427
280
13
90
609
213
26
364
312
402
434
491
247
171
165
123
98
230
537
148
19
459
578
156
480
124
505
101
243
203
98
221
507
501
86
202
532
513
45
276
373
225
156
160
92
5
595
149
147
413
58
579
547
66
255
617
619
247
448
610
146
9
496
512
63
141
296
279
566
50
398
593
42
179
200
132
214
372
357
105
171
270
372
174
225
91
356
446
291
518
252
463
257
605
535
521
240
297
261
297
616
408
377
10
74
300
84
284
610
187
516
274
15
69
451
155
94
80
132
272
409
295
275
413
35
333
607
264
257
589
190
453
206
93
113
471
196
23
613
580
116
351
471
207
617
250
311
79
15
537
458
164
236
438
390
9
92
281
587
375
316
314
275
211
585
43
475
56
252
306
543
583
490
326
542
615
143
609
121
244
93
600
318
67
253
59
461
367
235
90
11
227
414
331
127
219
620
135
191
544
400
48
399
32
443
279
452
626
15
196
475
403
241
483
396
206
599
390
444
430
138
96
405
427
609
544
264
585
90
198
231
520
471
506
506
444
223
482
129
141
100
541
364
605
616
281
197
176
112
95
91
211
247
103
226
48
36
98
69
437
554
274
299
614
559
278
283
481
211
160
37
371
320
57
460
164
436
178
167
465
552
36
164
621
317
210
418
261
290
86
3
544
271
536
606
532
538
333
409
121
607
462
61
574
568
456
327
199
438
419
551
561
612
387
504
323
239
559
185
213
483
384
398
476
141
120
559
43
46
607
199
519
308
447
571
453
466
205
391
286
360
539
614
224
188
165
208
340
333
168
134
429
250
68
424
131
205
336
612
196
166
261
489
531
160
541
575
295
422
340
185
214
621
69
37
391
439
132
91
197
86
19
434
620
353
366
114
199
82
196
194
74
118
68
4
244
299
582
339
170
269
454
302
118
464
555
120
15
131
24
475
270
258
355
70
175
449
450
444
559
515
626
295
467
581
411
388
16
101
97
363
439
122
566
79
287
564
280
207
553
73
508
532
310
96
185
198
130
571
273
210
571
58
577
495
265
389
308
216
266
46
351
613
100
169
230
314
40
410
296
189
424
301
329
549
430
325
331
530
443
469
624
102
302
484
324
236
267
502
339
63
145
64
153
520
237
371
69
169
443
323
401
107
376
511
108
110
472
14
298
135
541
128
318
351
36
441
540
319
608
324
60
566
509
227
356
402
169
233
377
573
454
621
6
531
107
474
311
301
465
531
163
112
230
31
548
209
594
319
231
612
479
296
236
577
62
398
622
363
259
163
99
511
395
5
483
475
530
188
289
32
210
309
223
246
163
471
29
531
602
211
523
55
68
206
6
77
202
90
571
282
50
179
322
22
368
314
496
428
496
112
30
24
95
137
610
221
30
34
137
384
424
230
212
168
108
572
588
324
93
255
120
492
442
186
43
619
169
556
175
594
23
178
520
330
471
210
297
527
142
298
68
258
9
52
187
198
384
45
439
489
307
70
520
361
115
498
423
221
509
604
147
89
474
229
15
349
500
416
202
626
566
287
145
438
147
103
415
144
209
170
68
624
269
232
70
113
263
371
79
543
555
519
147
136
577
114
423
356
401
190
275
109
582
430
327
522
188
292
236
31
594
613
580
459
239
152
60
131
76
470
422
48
489
543
170
224
241
119
489
396
479
98
41
32
240
473
195
478
562
471
210
607
184
219
529
62
154
580
603
80
150
198
426
79
172
494
41
398
325
341
14
270
99
154
602
88
279
281
307
524
26
524
281
375
472
616
210
330
593
408
561
179
352
408
539
551
488
625
92
91
520
179
329
118
514
192
29
16
460
463
261
23
405
228
419
175
182
78
368
108
148
235
318
494
133
598
134
261
44
83
47
124
151
543
495
29
129
497
364
125
129
490
526
549
612
83
481
569
418
524
592
46
359
422
220
345
304
283
541
249
385
39
404
107
234
336
37
165
170
393
89
36
24
141
142
598
560
52
337
427
518
523
329
6
212
7
403
515
413
444
5
192
55
269
145
573
274
173
497
105
382
249
125
128
478
234
481
490
362
609
18
406
141
279
155
545
622
204
326
529
191
156
158
26
285
89
256
204
376
132
165
588
369
477
143
334
31
543
138
293
430
583
425
521
449
264
499
416
474
343
268
362
239
423
311
135
351
288
308
560
73
554
312
94
270
371
122
170
201
344
473
533
224
34
281
150
205
97
461
199
438
15
540
5
322
164
616
595
179
570
193
378
146
127
31
548
383
622
153
432
213
404
109
339
598
153
353
397
385
484
135
177
294
86
474
35
135
280
377
262
264
314
451
23
456
133
346
212
4
314
347
520
83
71
224
371
235
155
490
111
272
567
18
525
540
107
130
17
354
232
353
321
341
287
606
510
415
104
73
344
319
243
532
324
387
339
180
618
59
596
34
211
491
597
342
379
196
159
192
621
542
383
63
237
587
424
73
516
510
232
283
180
380
471
128
168
384
488
308
273
380
427
341
27
166
199
66
598
437
24
53
386
386
281
549
219
101
536
145
103
309
252
41
2
374
467
244
554
473
382
10
487
214
24
573
141
287
470
61
90
172
341
77
83
461
121
459
484
197
177
112
518
330
51
536
621
373
477
222
276
293
341
161
209
27
21
370
459
580
618
404
130
363
397
354
23
104
38
236
279
473
385
400
608
183
297
67
76
470
49
40
447
112
491
41
74
58
111
542
416
212
585
284
525
62
455
585
128
133
116
525
217
239
182
620
555
560
75
145
354
493
324
154
402
394
430
298
377
73
416
267
508
325
251
220
209
490
408
616
532
106
74
547
302
283
535
300
235
21
531
76
472
41
170
293
542
149
424
430
54
308
581
194
613
257
617
202
464
22
16
282
397
475
72
222
611
166
69
384
306
576
441
330
189
361
572
456
182
362
435
11
64
462
261
241
589
418
176
117
545
96
395
284
318
511
256
306
568
278
84
250
392
115
416
570
613
64
355
5
370
489
626
612
305
181
402
152
431
420
108
64
83
141
25
227
584
373
314
552
242
235
79
177
262
333
460
289
585
159
243
300
299
592
76
263
317
125
524
298
247
218
278
604
590
493
393
334
364
540
538
22
131
519
65
24
470
320
518
336
116
72
233
516
515
28
526
297
364
443
42
502
460
303
15
531
248
398
151
302
177
51
262
289
121
277
423
503
160
413
134
481
207
31
114
151
8
199
616
131
349
14
239
201
311
329
79
487
327
156
96
259
439
249
414
116
385
359
627
510
392
222
391
305
313
442
154
541
389
138
124
143
6
261
591
125
251
330
395
148
591
224
383
584
102
232
195
25
128
210
157
37
264
316
501
551
203
38
370
439
221
66
443
283
490
543
559
191
73
597
573
229
59
198
121
288
563
183
185
444
344
269
243
26
361
500
578
362
163
579
331
224
319
169
389
434
418
425
555
525
104
528
390
557
215
532
102
114
409
368
611
275
366
372
329
346
253
619
533
427
115
270
549
43
620
196
360
101
171
17
330
136
64
531
50
571
91
171
530
184
69
413
564
385
328
32
270
39
374
328
604
433
431
431
340
151
422
314
364
286
231
326
84
359
267
387
108
178
603
543
561
403
441
332
5
274
340
248
149
569
16
558
155
345
103
134
429
106
138
139
52
18
295
353
24
3
24
51
68
283
610
358
617
560
226
136
428
409
444
101
55
484
399
287
621
91
309
617
220
623
315
363
582
365
490
84
223
225
451
600
74
525
250
380
96
555
216
107
307
177
451
474
64
368
403
573
264
37
51
277
265
70
371
381
431
503
403
121
24
327
528
197
127
221
320
70
166
179
553
491
339
169
199
314
63
207
573
431
29
3
189
309
211
485
54
230
473
113
471
462
179
334
623
250
376
256
157
584
116
331
42
4
593
554
380
387
96
73
74
386
440
505
20
429
261
22
352
255
451
204
180
81
426
226
145
5
550
357
384
539
382
289
352
353
613
183
218
338
282
510
472
179
381
549
186
536
73
464
494
196
400
426
243
254
467
514
75
331
418
32
471
71
23
295
190
370
183
260
303
91
127
129
435
412
74
259
76
263
95
20
360
385
9
354
320
512
159
494
468
357
591
574
62
256
146
271
623
231
420
577
466
93
250
619
20
551
261
232
121
237
460
13
298
376
519
112
3
9
587
205
287
207
474
152
342
230
454
171
463
504
457
129
413
79
492
361
626
3
75
139
77
350
451
243
334
116
624
539
490
77
53
218
566
284
373
131
139
410
579
346
181
603
394
579
188
201
240
376
60
378
299
609
36
291
424
301
335
193
184
2
482
607
531
286
196
508
124
41
504
320
539
211
445
388
121
149
619
507
529
45
341
272
332
614
34
611
272
195
319
435
14
140
198
188
419
64
459
405
484
247
63
428
447
551
405
121
291
585
275
144
113
420
435
310
36
49
162
154
569
387
220
217
360
600
68
167
222
474
550
574
481
570
210
462
351
137
77
540
382
65
87
233
11
39
511
132
337
230
19
139
213
166
437
566
265
12
54
229
302
134
197
388
163
482
112
346
200
112
522
84
323
419
80
148
258
599
411
571
213
531
140
189
145
484
289
530
8
15
308
269
420
71
271
108
40
211
300
255
568
251
495
81
312
250
430
298
426
364
593
221
573
289
623
396
355
3
570
144
614
90
58
466
357
211
295
174
317
291
393
414
331
546
126
329
41
194
66
249
278
214
472
538
37
352
111
117
433
532
393
623
129
27
506
102
504
246
316
342
122
269
262
355
386
291
509
204
41
500
78
436
262
148
217
190
334
216
340
332
312
115
39
379
263
39
274
240
351
176
251
424
185
286
469
26
552
271
512
79
321
172
307
233
428
251
262
398
415
522
491
53
540
531
269
129
601
496
426
64
463
62
255
433
69
412
74
581
492
589
459
94
583
65
19
16
613
42
621
167
347
330
192
584
483
384
41
241
41
204
302
442
353
325
76
189
197
389
541
174
131
119
504
238
449
546
86
64
532
62
228
139
574
364
251
323
315
194
302
158
481
590
449
576
330
133
22
121
473
457
431
241
278
214
443
621
43
480
508
199
138
153
330
263
129
219
431
189
582
145
471
306
366
210
562
124
486
251
444
221
332
569
292
84
410
557
276
390
86
535
292
270
31
252
100
142
571
111
577
318
171
272
574
149
264
143
326
245
87
146
529
559
330
41
495
58
161
179
352
561
569
195
24
211
507
98
503
213
28
180
34
362
155
328
157
225
170
472
117
232
306
338
523
83
611
117
527
250
598
59
575
301
307
57
31
298
111
285
333
167
32
377
422
216
508
155
458
359
546
480
607
323
145
542
389
412
611
368
60
366
400
571
85
124
362
493
357
182
102
409
405
145
203
346
591
465
241
622
71
558
81
69
527
168
374
606
402
188
66
80
622
621
504
550
611
219
115
477
378
603
367
173
471
188
101
365
279
505
99
142
146
302
517
96
26
10
157
105
324
389
559
153
433
607
415
32
481
266
200
426
112
494
319
403
59
565
528
131
599
520
84
80
543
329
147
475
513
562
169
374
269
113
525
316
198
41
222
599
268
297
229
449
404
346
606
534
78
8
489
308
74
236
430
436
143
173
421
422
443
520
156
414
347
541
190
569
606
323
43
546
568
326
134
321
615
345
407
392
90
278
44
589
27
336
195
431
305
471
332
86
319
473
501
352
190
260
597
367
418
471
52
596
45
302
530
455
251
109
457
337
412
513
322
349
163
94
359
233
124
253
82
358
356
623
578
409
65
473
66
190
247
427
214
409
268
307
494
625
415
231
104
176
555
465
285
354
290
462
202
53
552
324
596
138
617
537
573
224
256
409
394
257
56
232
345
539
408
123
63
318
589
597
278
468
228
500
129
460
73
41
92
594
137
173
192
408
624
155
306
339
135
108
385
296
355
235
195
512
588
45
353
133
17
248
223
81
156
420
223
141
474
524
224
406
416
147
412
560
451
138
131
600
483
425
58
495
13
619
59
170
51
450
76
169
333
578
531
16
181
31
179
525
607
529
352
282
583
455
371
68
139
342
313
543
614
105
496
303
273
324
614
316
411
383
469
166
166
18
394
173
270
266
82
413
101
50
320
342
193
12
629
524
372
65
503
602
411
230
360
215
621
187
610
514
176
350
518
363
36
372
421
305
518
457
538
156
346
151
509
161
49
238
374
183
420
587
299
607
620
417
370
185
250
283
6
201
608
28
3
263
478
510
168
404
72
401
339
263
199
141
462
355
47
167
51
356
324
235
563
152
596
222
365
620
595
613
551
491
581
256
537
319
296
299
388
106
412
61
245
6
419
62
627
9
81
519
443
365
610
334
140
97
27
397
284
535
224
178
28
548
444
546
300
292
456
133
353
347
595
476
337
203
216
180
276
51
283
119
261
567
582
226
297
600
487
235
452
568
538
38
245
221
548
484
248
568
111
303
289
154
472
377
565
167
469
501
177
52
96
282
596
504
532
474
14
61
104
70
177
323
412
533
362
161
486
276
284
353
119
180
557
453
243
489
273
340
298
101
604
391
255
238
597
28
581
361
550
270
212
611
390
19
491
519
387
321
462
205
96
7
554
317
43
365
101
217
328
147
223
459
214
64
25
348
416
328
197
429
172
619
149
421
353
147
338
293
472
74
465
539
140
543
165
359
357
423
42
504
165
184
75
429
266
219
625
199
285
342
18
473
578
278
534
506
83
320
529
12
58
497
246
29
598
403
75
521
268
154
281
523
557
52
132
566
307
84
444
596
196
53
93
139
135
33
367
427
344
136
7
412
364
481
176
375
623
26
313
179
7
532
122
94
44
112
14
498
184
587
148
620
108
321
229
144
21
61
60
611
415
127
422
301
528
16
53
141
2
236
408
345
441
594
357
604
269
145
122
190
172
608
340
286
435
333
38
109
317
614
311
381
537
233
10
309
258
243
466
598
498
507
181
328
155
173
131
280
216
609
510
269
265
123
73
106
448
24
266
401
260
72
312
69
413
566
252
309
263
147
317
183
107
118
556
579
91
369
581
405
608
175
32
154
81
506
378
411
426
575
83
424
413
27
292
322
362
166
392
507
537
411
565
573
36
376
390
619
15
531
164
137
96
21
287
431
161
279
423
286
40
102
3
414
238
614
156
614
510
206
295
375
457
89
486
299
279
107
59
594
26
495
493
121
475
295
523
552
438
149
51
122
601
152
409
470
119
563
261
584
231
433
35
37
30
214
407
470
53
619
296
611
549
99
317
55
578
451
473
493
385
293
379
554
617
230
451
94
555
67
587
273
100
159
34
98
521
292
394
131
173
407
561
105
503
238
109
452
91
347
525
111
610
583
483
481
46
144
500
572
415
628
148
594
263
41
58
47
463
481
350
395
582
375
121
63
340
305
347
613
229
84
476
43
415
422
549
420
516
278
230
249
351
240
97
120
435
549
184
247
562
515
419
301
152
306
169
403
618
446
623
136
541
457
243
264
212
577
68
146
212
602
90
574
168
432
462
189
209
39
209
421
339
245
343
495
182
292
464
41
413
158
577
96
161
119
392
462
356
386
336
486
477
228
171
360
337
585
512
455
489
21
72
238
525
500
70
178
286
554
279
512
39
237
576
99
79
537
182
341
471
623
602
104
182
115
450
584
575
403
121
456
104
167
201
474
593
395
613
187
252
231
223
368
353
478
492
552
331
173
132
294
26
123
177
289
107
528
333
83
162
520
68
165
112
375
569
397
155
242
41
581
282
212
350
414
433
26
234
487
610
507
213
292
328
138
51
480
460
41
77
583
437
191
186
452
494
278
309
427
20
364
253
128
520
235
579
559
256
323
129
484
532
217
86
81
96
495
470
7
608
327
179
73
288
214
497
63
57
197
507
102
386
263
349
137
74
576
434
514
524
12
43
423
294
306
386
240
622
363
488
457
489
394
381
391
102
507
595
41
354
72
577
120
254
146
42
489
162
101
35
76
361
333
439
6
46
585
391
435
323
164
56
532
127
11
348
70
51
363
119
367
421
529
353
19
512
184
390
571
155
463
629
266
162
257
504
590
64
325
308
532
420
492
42
200
91
342
579
158
102
287
524
430
203
183
66
278
137
65
133
442
435
387
112
117
216
27
558
510
35
166
435
76
212
170
279
141
34
499
272
351
278
364
397
442
196
242
519
616
309
556
282
576
486
423
279
344
594
529
83
97
476
417
540
496
334
290
93
96
210
120
335
139
612
519
374
167
424
151
480
516
438
148
515
111
410
10
190
465
510
23
531
404
364
149
130
515
51
200
25
469
113
200
318
468
622
446
513
315
193
203
185
569
532
305
601
251
9
556
521
88
216
121
25
286
499
109
535
485
594
51
52
283
67
290
62
381
23
264
427
354
77
28
131
580
476
565
567
579
426
172
506
45
433
116
49
375
96
229
402
421
436
172
65
31
300
347
25
161
174
253
394
341
502
93
622
591
214
236
99
196
520
68
65
154
593
141
167
40
276
327
324
566
64
462
219
167
223
468
587
97
431
378
119
377
175
503
238
411
492
192
232
517
221
563
524
533
462
330
239
511
185
84
254
148
544
52
426
527
462
210
273
17
158
107
179
89
453
400
381
544
121
45
594
99
191
396
15
430
215
357
432
317
6
574
209
349
544
442
242
297
149
10
612
51
517
615
347
562
283
433
49
596
357
250
189
328
596
150
477
393
296
91
19
597
190
599
123
237
395
621
140
211
258
502
363
7
24
459
110
44
514
39
247
254
485
404
51
531
424
215
536
381
67
370
535
393
15
373
47
264
513
602
230
132
300
57
572
435
454
566
350
282
621
557
90
410
36
168
386
7
466
538
482
347
42
330
170
534
578
7
585
486
133
533
83
334
495
282
394
74
51
584
192
395
113
214
64
481
17
226
33
517
79
166
504
458
331
500
118
193
288
63
41
603
180
95
332
312
125
609
431
537
474
212
579
354
267
530
416
229
256
575
489
382
136
21
538
160
532
370
592
287
401
478
293
104
240
168
621
324
515
591
401
458
18
363
248
281
200
193
461
553
324
302
409
33
166
472
606
602
595
10
222
486
359
318
146
170
124
195
41
331
337
550
42
108
415
221
260
498
134
162
514
589
571
50
594
317
576
485
475
373
504
382
205
365
115
526
529
524
179
219
283
100
343
353
71
540
554
158
476
3
430
587
442
213
130
617
324
212
313
579
326
400
547
440
319
430
311
404
386
542
201
436
105
488
282
337
179
387
229
513
522
4
298
84
591
137
74
167
269
87
580
503
104
449
12
336
439
279
325
155
198
77
408
269
554
137
575
79
399
455
216
175
207
620
317
353
423
13
408
613
397
319
308
602
171
114
622
95
402
228
185
616
235
499
67
236
209
498
23
316
113
385
510
112
192
596
264
480
606
499
33
106
491
148
139
307
484
48
580
383
88
18
334
155
374
218
464
2
294
66
556
311
259
335
279
615
143
359
482
74
469
142
128
95
619
15
37
377
262
515
6
429
142
42
327
108
317
594
194
243
169
7
175
372
37
386
380
498
298
137
9
564
276
104
614
10
35
526
416
352
140
487
481
399
8
266
111
95
374
114
67
159
548
214
117
292
446
261
195
423
331
65
491
40
206
458
585
386
591
141
97
73
164
253
576
408
150
298
344
599
533
243
530
525
229
568
392
375
104
517
68
402
253
503
166
580
201
316
222
572
468
437
451
168
440
218
39
510
415
516
502
528
180
438
301
317
84
270
85
266
324
89
114
455
240
168
579
152
58
381
186
39
473
280
67
73
2
153
84
508
549
35
330
378
55
549
208
268
214
150
235
399
599
529
98
459
149
452
207
133
216
505
419
39
22
535
134
235
316
240
458
113
554
176
477
286
529
195
462
419
66
339
331
312
176
247
310
187
34
3
327
304
584
506
67
581
169
427
244
392
142
505
427
99
616
99
600
597
509
163
61
456
100
204
99
270
317
118
516
309
227
426
71
578
485
542
469
403
82
458
391
112
133
331
376
223
90
21
466
92
308
147
477
606
428
387
304
308
230
195
537
574
531
198
67
210
247
468
471
363
116
75
250
296
413
211
604
588
458
67
408
557
489
232
406
304
313
92
62
339
43
87
113
52
380
355
41
396
556
448
380
536
194
387
364
154
244
246
511
212
23
175
357
219
309
230
236
178
272
391
509
615
396
207
94
174
21
341
533
483
436
194
399
149
521
472
64
498
606
491
388
473
7
481
339
345
444
497
396
497
579
202
166
341
319
423
243
231
358
195
147
390
488
578
72
236
119
274
477
220
573
164
569
84
222
574
23
375
73
328
199
229
397
485
453
540
224
586
51
281
333
341
515
208
357
358
311
122
396
572
301
341
491
308
115
616
380
210
299
523
433
90
619
150
39
452
367
331
498
295
272
94
477
345
363
13
484
202
429
286
555
28
28
229
394
97
618
322
40
519
350
411
411
171
217
405
597
148
35
419
161
228
81
470
465
564
553
559
156
94
46
254
254
621
448
127
148
128
12
232
402
337
242
611
246
455
561
44
446
373
110
87
150
532
140
86
296
581
290
165
75
92
7
371
12
380
433
264
521
266
172
43
385
458
118
591
255
306
207
48
212
69
253
487
280
234
187
196
619
24
602
593
572
587
401
357
297
38
488
590
311
371
312
314
11
34
311
515
498
181
156
347
314
243
614
554
265
479
612
265
170
340
577
379
139
327
439
199
596
130
521
83
75
391
333
309
3
428
587
411
156
209
445
540
468
265
263
96
568
295
251
415
299
97
570
150
172
553
7
122
91
368
463
143
111
126
55
259
127
9
458
12
409
298
520
16
462
522
470
304
102
341
139
559
144
471
83
188
373
225
478
40
469
489
613
39
280
591
519
8
234
500
161
144
169
33
167
129
183
251
128
90
374
243
409
238
131
447
225
454
122
22
169
421
211
610
209
592
59
45
211
349
312
44
379
345
325
581
126
105
316
310
486
429
591
56
562
99
184
598
494
551
269
169
464
51
284
398
493
50
297
29
50
503
240
4
426
222
621
331
596
489
590
404
606
270
326
539
596
143
546
201
201
207
595
500
364
232
232
242
392
371
506
178
583
421
623
64
306
234
326
85
296
179
27
534
556
210
600
338
573
242
44
280
45
581
526
68
166
440
542
78
586
542
228
588
98
475
306
513
46
444
330
295
140
127
328
196
237
466
71
149
183
476
582
217
54
68
189
83
454
141
273
546
59
593
518
480
603
617
592
68
300
141
14
443
266
58
99
394
87
479
354
35
35
374
335
120
404
441
3
44
402
444
283
100
161
523
84
74
150
456
269
422
372
257
372
260
191
621
480
323
38
91
380
531
288
89
39
270
531
602
447
209
264
256
290
92
158
420
348
424
501
571
345
501
567
382
35
432
308
29
442
331
10
363
143
42
476
609
243
293
88
486
459
247
502
274
450
146
318
341
464
559
29
231
53
485
209
517
151
618
24
108
34
501
286
90
184
117
7
228
279
281
246
134
17
57
293
394
89
539
496
427
46
247
518
522
338
332
509
79
587
145
541
328
448
77
127
379
360
199
353
503
188
374
191
322
614
613
330
48
283
31
526
97
264
394
624
293
56
573
600
105
217
592
320
256
353
471
239
119
115
425
159
554
543
111
335
502
612
252
621
72
155
118
590
514
144
491
59
609
195
188
483
227
166
170
426
462
339
413
354
323
9
299
193
591
550
501
419
516
536
280
446
118
251
16
13
204
503
230
451
324
41
52
224
496
132
26
450
382
502
563
498
334
170
347
341
413
292
129
4
199
386
379
410
99
440
492
37
183
384
504
253
64
57
447
483
378
68
326
59
233
391
158
260
455
147
415
610
570
411
405
467
348
520
36
433
213
539
78
89
269
69
267
54
394
625
303
193
432
219
49
584
109
86
240
617
468
89
156
52
584
571
478
180
322
150
181
465
60
242
21
196
135
90
124
230
86
533
421
495
350
104
547
350
605
469
214
159
548
153
111
88
107
209
76
386
160
356
18
48
148
360
282
277
34
276
417
369
377
177
84
331
452
231
201
36
103
36
368
155
528
584
34
320
255
210
430
37
230
552
312
367
342
161
156
373
122
250
383
51
337
177
214
81
542
313
116
111
169
502
204
426
108
594
172
536
505
41
317
461
52
419
416
162
255
127
507
252
107
326
202
258
326
419
93
210
293
26
407
65
478
251
580
31
262
299
583
508
483
297
67
249
523
592
402
235
59
94
133
48
56
573
395
139
108
162
202
596
567
271
212
413
595
266
488
444
610
31
205
461
463
25
213
112
222
184
312
369
17
127
441
89
38
501
151
51
108
355
83
388
606
136
479
354
616
555
459
154
535
299
47
93
104
279
76
198
217
174
17
181
296
436
621
595
383
371
262
522
397
260
522
122
619
349
6
195
311
266
66
558
57
544
158
361
333
108
441
355
246
314
341
338
421
458
453
279
214
93
228
20
294
476
243
271
62
339
558
56
403
174
501
511
290
307
170
488
341
449
339
415
229
11
181
521
382
499
158
121
347
555
145
259
547
80
2
522
122
452
168
525
304
151
297
490
553
69
277
151
282
403
154
405
310
206
88
222
320
82
273
522
44
119
423
433
225
409
523
71
188
67
247
297
378
351
272
172
477
484
187
536
253
464
489
548
42
323
232
341
498
151
50
402
385
481
534
429
83
528
375
82
341
70
300
463
601
118
396
442
82
422
578
267
126
69
285
405
388
407
60
297
193
368
70
166
258
218
622
24
472
375
519
82
330
166
263
95
167
189
263
62
526
370
501
58
295
381
18
236
143
457
457
393
135
561
12
402
570
51
489
332
477
489
121
506
139
165
519
335
35
228
194
474
357
22
9
617
585
349
389
180
496
241
375
49
373
58
424
24
375
14
431
167
551
311
314
523
48
232
315
324
603
313
533
128
44
161
599
64
32
476
356
210
187
243
24
498
66
167
444
357
404
283
552
280
119
560
313
368
179
431
182
622
166
479
448
394
156
118
480
488
237
485
8
420
170
188
557
394
299
477
429
466
300
89
433
310
60
41
362
205
482
294
591
19
111
370
538
626
44
564
356
281
564
125
225
443
475
32
377
334
400
559
276
194
593
361
19
611
411
455
537
135
42
105
275
138
328
128
243
109
24
436
161
536
155
500
300
364
444
12
17
454
182
304
336
345
548
132
184
294
471
463
588
145
288
160
468
99
338
71
225
88
321
327
299
67
149
431
137
289
367
75
331
304
15
265
327
188
145
331
530
277
489
169
252
36
572
522
562
530
179
488
321
277
276
418
489
521
132
159
139
108
163
44
4
70
188
543
461
248
311
367
624
313
512
578
618
209
591
424
265
490
102
602
565
506
581
128
419
503
523
132
371
601
118
397
285
244
496
131
293
345
107
130
265
379
120
286
252
45
570
564
561
163
474
231
343
455
102
565
554
423
561
285
15
448
310
303
201
306
43
67
261
133
535
248
289
323
365
454
394
615
34
257
234
278
562
329
267
65
562
474
217
510
206
131
491
12
37
122
245
586
21
541
549
114
313
151
517
21
461
566
189
447
224
381
398
21
287
499
117
231
274
456
456
296
385
402
444
115
30
538
440
47
319
522
180
67
623
597
624
352
316
6
197
475
231
124
51
97
321
265
395
81
544
198
25
617
339
65
95
434
97
340
458
31
203
579
369
296
282
288
123
325
452
276
340
178
545
251
183
73
432
264
295
21
55
469
517
336
521
96
96
334
382
562
474
371
52
410
147
434
536
223
33
272
466
280
122
428
357
74
608
393
200
384
548
27
602
370
230
243
21
434
454
313
541
482
129
456
138
39
379
182
500
237
95
391
450
537
278
486
12
35
259
85
616
210
382
227
36
494
355
204
218
170
494
35
265
132
246
259
553
203
303
290
441
489
109
148
6
348
54
170
582
319
508
131
95
59
226
390
272
354
143
626
192
84
529
362
432
314
520
414
502
104
595
535
142
381
35
187
351
339
292
381
412
416
604
117
436
152
493
13
89
469
425
276
164
532
109
533
60
29
304
155
257
220
603
91
593
192
428
521
329
502
617
116
545
320
242
249
264
279
186
503
21
311
411
365
384
307
116
188
105
202
11
102
289
590
91
34
203
298
51
318
273
149
519
400
266
514
186
484
187
487
374
173
604
459
186
397
169
522
32
5
181
390
364
100
273
77
504
36
102
335
618
156
249
112
89
271
507
609
28
331
558
241
61
601
592
385
202
622
99
205
318
214
180
347
490
291
366
525
132
626
371
503
95
542
136
556
583
273
602
75
63
269
491
292
520
134
151
380
102
248
392
470
610
143
126
185
99
2
156
151
507
146
91
366
285
142
479
310
497
143
404
102
98
393
460
487
562
29
605
562
623
265
581
497
110
158
301
479
387
344
399
162
603
27
564
371
98
206
220
579
501
15
401
49
495
214
619
518
195
262
212
403
87
89
589
620
38
58
408
504
9
432
22
487
609
216
131
553
481
451
539
325
190
511
499
459
353
401
135
141
47
568
339
612
138
257
280
403
327
129
472
220
520
381
191
219
411
623
231
444
26
371
424
453
329
616
193
384
215
386
105
39
304
472
302
481
205
413
172
215
361
478
407
160
52
121
231
474
154
308
458
623
381
40
226
301
29
402
495
219
2
162
405
5
130
326
522
428
239
483
492
618
329
11
3
455
67
298
410
614
427
375
557
41
357
106
512
417
24
616
427
413
135
181
436
43
105
464
592
86
485
367
58
595
502
300
543
472
283
110
482
149
164
418
481
216
21
47
362
609
332
209
194
276
359
62
547
120
429
103
203
470
34
218
626
611
527
451
424
387
16
543
279
187
11
397
248
418
593
17
497
268
229
117
386
182
208
565
489
130
611
269
33
193
173
138
330
281
589
361
419
373
197
508
329
321
100
5
189
442
280
284
197
138
503
438
369
487
278
384
394
521
183
523
376
427
612
203
141
369
43
187
514
189
543
23
85
434
182
66
142
176
349
194
323
576
347
575
526
141
261
467
250
193
7
411
43
270
400
545
494
556
443
467
92
37
119
272
354
134
530
197
116
331
607
326
94
135
71
174
99
353
574
613
85
355
190
144
88
444
353
68
414
73
570
131
576
55
128
111
391
143
389
451
535
35
228
123
36
94
589
310
289
172
481
351
246
459
383
580
499
22
19
266
507
38
614
454
82
432
111
558
367
103
573
144
314
130
77
292
597
211
149
506
585
175
107
412
222
466
185
193
615
430
435
462
293
465
170
566
96
305
326
193
381
108
603
240
546
492
429
514
581
118
562
396
9
613
124
223
616
124
599
612
306
585
64
217
507
226
107
81
184
291
215
97
571
563
164
314
622
171
506
580
40
212
594
286
582
195
160
286
368
568
153
437
301
390
134
13
209
193
440
86
293
23
395
429
222
623
627
13
372
28
579
96
420
479
421
449
185
460
611
169
561
395
349
576
299
386
336
227
196
233
334
386
150
519
578
157
527
223
595
181
600
109
594
129
124
584
178
153
260
75
363
165
459
580
17
501
578
437
445
394
609
183
104
392
496
69
578
218
319
28
378
241
455
50
249
585
484
555
31
88
596
548
66
179
136
435
303
328
127
357
470
529
463
577
511
522
488
81
604
381
11
74
456
221
175
470
172
511
137
127
375
344
510
266
4
164
301
349
580
387
392
611
54
75
611
112
616
120
203
3
134
242
491
504
110
512
104
391
266
71
69
241
85
13
21
509
22
71
10
265
244
302
551
206
431
200
345
127
286
59
541
21
124
605
220
329
105
126
398
351
129
106
12
448
