23258
53303
15755
27592
8596
18020
8859
16507
16762
45234
1024
8244
15617
32332
44184
26150
21571
36295
18384
26968
26169
32271
26408
10937
43327
37078
867
39452
7881
17742
24040
11313
2554
19559
1988
7317
44450
18591
5931
45373
30440
18970
12973
41519
40512
11140
10078
19542
13791
22672
29198
18117
11474
11135
19053
40066
21433
21840
50983
5725
29782
14299
2777
17748
15827
37189
7831
24942
24418
15239
26710
32814
5637
33730
13419
17758
28579
17109
11298
476
13561
3226
58440
14397
16415
38929
21038
1907
54834
18197
18132
9292
5372
39475
15936
31213
44082
8609
1404
22792
21662
25678
5915
27134
30113
8877
15358
29720
1350
22136
2031
28822
34965
11966
22812
33789
20035
30198
667
11365
4424
24848
2093
6815
7029
33984
8605
42182
13811
13497
25852
27482
28436
28001
15674
3271
3881
4650
3364
12675
7924
23906
1858
18771
13764
47504
43199
46901
52899
21909
18937
26158
26221
50862
30445
2593
20089
37568
29117
8869
22419
56219
16459
16763
8875
29089
7124
14696
39009
52955
5855
16051
1678
19814
18140
10004
25257
1652
30093
3184
34288
8598
49490
23307
16665
12555
48674
6614
1912
40423
22889
41823
37926
38402
37760
2114
8510
11214
22625
10877
34951
44096
24266
26301
17165
32977
11473
12135
59030
34662
16931
12016
3952
18233
28637
16918
35975
30460
20799
1239
45659
17913
49356
2140
35486
49508
825
20072
36752
40871
5141
3720
39769
43007
40094
24373
7830
6758
20472
33176
36239
10017
37171
31363
18964
29660
20688
2443
4826
53799
11170
9256
17440
34766
18257
34151
6170
36268
16367
34932
46918
11935
15504
8095
2283
3865
36460
28443
3015
38896
1714
5519
27833
14306
2091
6529
8417
19509
14587
35919
31383
8312
13620
37085
20856
17146
33251
35137
34296
16184
21133
24994
5709
27929
37405
36203
45850
13766
627
26134
13053
46
23018
3118
54405
9773
51536
34306
20000
1975
19800
1976
25264
6432
150
17744
15872
6504
40885
3716
1756
25731
52941
3508
39620
36628
42729
9973
51256
54720
4807
17780
25182
5086
5939
6141
33555
5960
39685
33189
43200
7593
28256
33809
47041
844
9646
10555
27427
38166
2524
3693
27318
3916
32926
19804
13553
4129
17054
20481
2918
13643
16643
23929
24456
1183
30619
15393
11235
9621
966
37139
5193
42331
41700
11143
3292
31365
5
19507
27415
26383
184
4501
32211
8880
5044
25976
13173
18276
33006
11849
30550
3041
25267
25581
25400
30472
1511
13201
4488
2503
19202
30027
43225
14347
717
35657
19572
1821
5058
11606
33775
48104
28605
51147
31041
10148
26888
36850
32057
9241
1588
23944
18978
3942
15465
1480
9923
14112
22340
50991
2909
519
46603
2646
37407
15463
3150
14899
14886
5474
31543
49505
28746
15328
21098
4321
12001
11294
18565
20501
32472
43312
36751
42223
13870
17843
25702
41244
23009
7824
257
1163
725
27889
36003
11
47118
15621
33539
22985
11539
7692
15198
33461
23880
25169
38395
23419
23205
12092
43768
26943
3366
39073
19590
25977
10188
6627
44758
14777
38046
1178
7488
13922
6978
45226
41516
24627
7353
13190
12341
37889
46163
51306
14426
7448
12946
38013
31399
7761
19283
18624
20933
23652
6384
32383
10102
38859
13432
25382
40277
18564
40455
7010
12751
19047
3534
7144
9375
537
14789
31658
23028
6765
51172
11619
46003
1164
52238
32408
9451
27416
54145
10759
33289
34584
10492
53244
29531
12300
26413
19147
30909
39546
19183
11334
21763
29154
8053
12064
11595
13905
8058
3571
26933
28124
2921
17390
38636
33650
20705
32231
33544
13263
37134
6529
5763
5901
9749
38064
7974
49297
22326
20973
29317
8701
18622
2831
6414
54725
24335
15785
15530
11963
33472
1712
9609
35999
36684
4227
18533
37433
46737
21096
2040
25337
3931
8992
22604
32281
5708
2806
28828
37923
13110
6306
2549
13743
13096
49961
28088
30266
10094
30943
28855
4943
21324
16128
43010
40539
31766
15864
19208
10349
8251
3829
2006
37138
25011
6740
4663
25114
12217
22833
6301
22917
38517
6605
48214
12419
15202
2631
12613
30342
6790
27468
34855
18062
8468
18995
10462
28664
36818
46233
18019
3331
5667
20682
55730
9735
1439
31707
30361
26502
31357
38320
11723
5823
340
52325
6139
13209
3730
38105
21281
15991
29198
10693
2420
28034
8654
35511
3886
17360
38250
20631
3369
1159
14881
14233
48612
31826
27246
23351
7227
29773
20390
1734
3113
3422
27091
5360
381
3301
23823
32200
17915
12116
25614
37739
46049
4797
54224
20112
25655
44603
7281
34606
23605
1195
24510
25570
23458
3761
85
16027
10232
56166
8734
14266
11486
11296
669
31014
43177
4594
28235
33165
20277
25980
42166
9108
12198
49648
49981
34893
41990
169
22710
27780
13860
3092
1447
28158
16352
40893
5129
6307
1450
42388
13809
8894
11705
35907
13638
26843
20440
20814
17336
18431
47978
331
7336
17423
57844
33666
20616
15324
8851
19066
727
27515
13913
33477
11779
24212
8494
14702
16456
4098
565
10975
3197
20263
7996
16704
4860
18790
16929
35923
10633
5241
24186
18432
25875
9481
11625
2789
50582
14265
16544
35453
7576
32857
6165
47578
50368
24199
21188
11906
11993
4746
17564
21383
33830
30555
33584
18396
2512
41170
53710
8461
30288
8592
5269
15434
1255
33804
28296
48590
3041
33355
34014
11119
33792
35659
2254
549
36
3514
36535
23866
13610
42322
16669
50469
3
8539
14129
21564
2441
22205
524
43276
25966
29263
33894
17621
15176
28763
29610
15444
34134
21744
21890
7917
14440
24457
30599
8011
14921
26848
3223
19557
12608
10093
5921
27697
4200
18172
51846
21464
3155
11860
12456
53139
18999
44678
33410
18831
15455
10933
11672
3022
20832
17575
22435
1773
7549
42458
10699
35726
5140
19376
7148
15158
1210
46394
19476
32226
22033
436
15131
19295
1225
28780
12484
31607
39215
986
1597
22040
4455
38964
31419
33016
34389
117
11044
41539
14308
22676
17387
49360
27620
30400
45181
7259
56852
56193
7053
3242
14307
2403
36144
3132
39161
20681
11991
40324
907
12359
11449
6666
8283
26282
6144
2156
22797
979
28216
1506
35418
38576
18943
11443
19924
33131
11968
6738
7136
51
1837
7268
9372
4054
6058
29861
4817
31450
44361
2747
36191
15284
31052
7759
45931
18770
40358
11760
21155
19842
40710
31625
9679
45751
7833
21188
11499
9505
12002
25063
40047
42698
19965
31732
27798
23230
9462
34274
641
4354
44487
48747
15835
22662
43836
58845
26194
6487
55763
35082
5736
29187
2345
34945
36505
12571
15497
47915
16965
48225
255
9222
6058
25592
14364
13925
2730
1456
40922
52664
51744
49297
29577
8995
20784
43417
32564
4131
8552
46422
22028
25822
22721
28373
20436
6480
41034
5194
40508
2952
40463
38048
30545
5291
4271
41252
16216
22689
49048
58291
33086
18776
38975
32595
12970
8872
18149
48260
34212
23090
22244
30823
38653
3818
844
8021
2849
10586
12720
7105
3890
3294
20029
12270
15839
7497
29188
324
21752
7746
44724
1508
7218
40186
33556
7745
7919
19128
30111
52182
21255
21448
46992
23881
5467
11146
50735
3125
13864
29651
1268
15983
1058
8356
13890
21687
29550
14252
31886
9402
10751
23155
18420
3314
6700
26564
7345
24888
2145
28868
9598
10131
43939
56015
27411
40644
2868
3289
13804
3668
15915
21558
42536
29710
12440
11083
13178
2798
29611
41679
12687
28706
32784
6697
29374
28201
9086
14049
23180
27301
211
19023
8297
30732
4152
9485
6130
33202
3212
8576
6363
319
35512
294
13977
45300
8638
39851
39053
5459
7470
9355
16333
24839
20363
18132
11592
22795
21199
25257
18327
46234
12406
344
58331
6630
20507
6740
12885
33196
13077
20185
52332
51889
31590
13531
9037
7867
18997
5914
13328
28927
1636
21156
8752
49468
52480
14099
34187
45389
13535
27677
6699
42542
4531
4875
130
59161
17200
6789
9411
11154
5775
8726
10676
5418
9363
22155
22275
10574
32997
11048
9947
9781
32308
42819
4874
34146
3757
11781
4587
30594
25461
10669
31172
21137
10924
21306
29044
6643
17346
3615
4757
4614
19591
36616
1359
13298
5980
36580
22324
9818
37122
316
48494
2491
45245
19141
3357
5340
9579
12463
8284
7014
12407
42158
47586
24440
52559
17651
31985
32082
5046
275
23031
1362
11656
27337
32056
22505
9915
20120
24550
18859
5693
2222
12629
13528
5877
35117
13178
11362
4645
8689
21763
15371
16538
27249
27991
19552
22477
22879
19249
31630
19920
24708
1753
372
23538
26690
974
5797
31954
6630
41991
30477
16781
3598
41618
6516
7641
5652
40690
18871
5028
38854
29488
46347
537
24083
44435
939
798
10256
13481
10662
27588
4861
6123
26892
6176
8994
33140
23941
10858
27162
34841
29572
22483
22170
40297
6924
44397
1649
6830
11368
8638
16822
7242
52256
10540
21632
341
18057
18578
29660
30712
29913
33297
23431
15045
7611
26724
7999
47269
10534
2146
23511
8070
23677
3635
32904
15896
9214
24147
4188
4571
18297
15471
2679
9531
10405
3518
22622
50752
902
33502
23200
22856
25231
36077
29295
30100
23201
1871
2861
26177
30507
13790
24183
26286
4613
40454
4194
30577
15404
19432
8027
12214
43491
10907
15752
4077
14050
26964
49606
9441
36570
48277
21080
18533
6364
12287
48841
2883
38165
15084
43779
18187
14217
16064
7462
22357
28941
32457
23359
13679
7575
41984
15699
14016
12164
22480
21074
7339
15415
322
11886
8556
24147
16969
34944
52743
24949
46042
26731
21780
27335
4026
32515
24974
3294
35205
3017
17192
5890
53641
18398
19687
1458
22220
7124
13237
30694
11351
17285
27132
45188
1409
24319
17793
13403
5971
986
29601
48131
29032
5174
26351
2287
13396
44847
18429
9172
26724
54803
8577
10482
13901
34565
36858
11810
15193
1511
5342
28022
43206
14962
24267
23244
25604
44971
21849
17102
16452
37861
41242
34414
16884
33873
43448
44022
13738
13938
3689
31026
660
19319
8548
3752
38029
9656
21212
19167
50223
16487
33778
15135
7236
16823
10815
4505
12436
26900
26821
11733
6734
13164
16701
2568
16338
14643
22201
7866
13674
14989
21776
35199
12674
6410
3947
20474
28515
2755
1600
2419
27638
4954
15816
23075
45806
30666
2602
32984
40028
4078
18669
12806
28939
17909
33965
31978
8193
1815
8358
30442
825
2200
16197
7499
17586
3997
3586
5288
21963
11325
10629
37555
8704
52613
8601
5443
1341
40717
7216
4488
15387
2652
20051
208
3989
22263
9628
11219
7124
31615
11361
15951
16368
16847
42945
21012
15062
6375
21577
20881
29068
52793
21873
21402
6912
19398
47712
10706
41047
31836
7408
42419
7335
38369
4380
8302
7813
34648
28421
46394
26143
8136
46058
50220
8976
30912
9484
2615
2345
950
30646
53272
1500
14911
1094
19759
14961
42891
313
23335
4354
7148
5385
10214
83
17532
9436
40217
27299
7208
12405
34942
15095
22122
51881
1751
16039
2577
20388
6154
28525
18469
6196
18947
10906
26526
18194
3307
6738
38759
10610
3053
18716
30071
3866
2218
26785
8520
3524
4207
33663
1391
25469
6671
30658
29684
1636
40780
9853
28901
33641
39678
18552
2830
16552
22173
20276
42
39305
19014
3645
33271
46986
2479
35441
2507
33583
5067
2349
31783
26185
48699
5319
4656
527
22348
33361
15627
15033
48136
2821
45282
35393
14953
8890
6891
11018
43961
41718
9888
49096
10698
2701
15842
21772
33331
44702
41288
4284
4400
14978
21836
17634
32955
2241
37226
25682
19564
41709
31470
6926
40221
25077
2516
44129
4196
22626
26189
13075
17555
42416
25061
30650
37691
23379
25330
39658
48908
30328
7055
32332
43939
30620
22786
24964
24479
13733
8508
16939
3257
14916
1110
14468
26716
19453
18163
36297
46388
32809
23227
39024
37794
30523
4226
20354
532
19971
3143
26196
16246
27290
20866
12906
26652
20587
17022
11028
30565
51912
6998
25686
29922
25570
30768
2647
4213
37747
933
16071
28208
8584
21004
10922
1334
25533
8679
7751
53624
5052
6879
4584
20123
2519
22908
22721
15143
9452
17465
10557
6006
8497
35026
25
20403
48100
18768
3402
12623
30857
23556
43435
20783
20931
205
16671
55076
29669
25560
40917
41914
37422
11525
20832
1250
22280
39545
10944
5770
26767
4341
6667
27390
6458
18789
23782
15372
27724
6101
44958
32197
41236
505
1516
18440
27640
21609
8091
31354
25105
33405
2863
40216
5541
28062
28548
53588
4545
10569
29984
17602
5782
20467
15509
34415
24465
14318
22988
1486
5571
10779
25124
29999
55809
14351
7238
54558
5774
123
24422
4450
13746
11377
21007
2564
6287
25885
6479
20703
6217
44399
23642
28731
18116
43492
15239
37885
28970
36302
6381
7937
50987
13322
3370
2569
5325
3799
25654
28105
3939
36084
4828
16168
19291
7554
8103
40258
14222
3805
31985
5735
34891
1537
34426
17644
20512
16719
10341
21293
10521
10925
1597
996
33405
7941
21588
12798
49485
17888
34606
50880
23095
1277
2968
53221
21296
17175
7600
39728
5992
21842
7815
14075
31877
4896
27749
31936
43459
25311
12319
9071
19393
9941
405
10310
40058
52235
37099
2717
31985
43436
36963
29915
6550
14055
203
11229
14736
19191
10770
8998
24375
24647
23988
2920
19847
5528
12236
25285
15035
30588
21308
39492
5516
36846
26133
17229
21770
17233
307
12717
26795
21113
21931
10126
7693
19254
7058
1039
6199
5504
27293
1745
50733
29086
31083
20663
32277
29173
12790
1857
39787
6271
10308
28825
41187
42335
28819
17031
22763
17779
38967
153
14048
40317
18694
7442
3232
9942
23299
1641
16831
12024
35192
29217
5480
4162
25936
20369
28780
31394
16820
10300
10472
5157
56411
33019
1744
38473
37190
5659
17213
19150
7137
26563
9190
55652
9262
3521
25779
42626
28574
22381
14447
2537
40968
17924
11590
6313
32634
42121
12937
15107
18522
18968
9190
4739
14383
2087
51005
47322
5349
44312
14162
56627
3529
39744
50691
5649
43314
3747
53277
28969
2663
16272
29382
1407
15068
43308
13689
19705
15933
14281
12799
33094
15218
8430
14712
25532
17185
18446
7741
48135
19211
53919
12038
14435
3274
28462
15096
47842
13774
52045
18853
15832
5827
4753
24509
7518
9450
56457
15776
2431
38078
14836
45022
41451
24852
25107
13449
12538
48989
20330
6054
42109
11463
43132
1841
3102
5148
23190
3939
22447
1845
46970
24852
18725
28831
54770
33767
30630
20497
25070
1772
15353
45767
1596
8988
10250
3693
7685
8900
6429
9972
50472
1706
28157
26472
47631
6260
6610
12099
4428
5449
35830
309
4794
36123
24660
7360
15171
9700
13427
34101
36114
52838
8674
41066
5473
7647
24607
16502
31849
25681
5557
10986
21843
42800
14125
28089
39469
48055
298
20495
3456
29829
16081
24234
39621
29505
7277
12847
3478
5708
8237
972
20111
14831
11088
12142
4725
39066
30641
23101
21935
20746
17097
40048
25037
24162
13105
18461
652
1850
40392
22448
3826
4593
28742
25579
6382
3532
1005
36747
20823
33342
2655
24903
18390
21208
25421
19212
13279
6241
13537
11557
921
15795
4879
14829
30736
1948
25539
16108
7615
29610
20990
19980
32752
8941
30125
43536
11513
31917
1741
5777
43869
43813
30913
10842
21511
19952
46138
11756
23887
14940
8339
47579
557
7484
15871
44123
3256
19992
27300
4985
716
28621
14208
25720
30794
20291
34929
4143
40710
1589
38634
9858
19472
14816
7414
11034
4617
5270
3252
13944
3795
38474
27852
19530
8995
13314
18400
3579
29571
42370
47242
34425
40492
22170
45214
41711
13023
13451
29466
8228
26710
6764
22902
22743
1534
11187
31883
22256
27418
430
92
21571
35689
24674
14579
