8609
31889
26706
20683
18868
16567
20624
28612
55178
2087
9535
6092
56587
6895
22690
32409
42214
7324
28850
11159
12385
5987
45235
2925
13173
29110
2512
33632
3655
14126
7465
26914
14661
42143
38296
23199
7733
9025
23458
16128
35547
27169
25137
13767
13721
11470
17516
23923
18010
41443
15707
780
22146
19590
38325
36034
26599
42503
2256
10275
3308
43775
11164
14682
13904
6181
8895
45914
19322
5489
20533
8795
27717
19719
8400
9400
17851
1100
6011
3649
5811
19465
11964
21026
33053
6240
50597
23810
26916
19767
8633
37646
2650
12808
33613
3662
7565
27936
36255
20449
40040
25150
19499
38240
24939
17827
29219
21313
10499
48810
22312
31043
36416
11826
8986
5758
8672
17738
23264
24937
14155
4056
29311
2238
44234
18077
31020
41725
9870
20725
46410
11829
19819
3582
35354
8555
20469
37063
2129
46531
17115
19701
27332
20955
3642
11607
47864
44241
13311
17185
3989
14232
26482
17351
19182
24300
6876
16008
29830
28212
37988
2953
10751
25692
23629
47840
7908
14159
18694
1618
25303
33879
20598
49729
19920
20753
4270
9145
12118
15250
24258
13736
40503
10595
8146
14301
2151
10020
19325
3686
53866
26453
25610
9308
21429
31927
25993
12942
47864
4441
32965
41373
4504
2697
46672
12391
404
15057
41648
5888
3139
27303
32876
30465
5417
25242
8743
5804
38853
6652
2316
26032
19502
17559
21748
8195
47643
27377
24018
7312
21127
8811
12450
4
8577
20084
11766
12712
6211
22252
39071
5434
39475
24301
5026
46755
17495
44475
37705
7209
18412
25663
30051
28714
12066
13481
31156
4815
47696
20926
18681
1986
25682
987
16393
19738
34181
27464
19764
42103
27078
56779
29655
21354
8505
41470
8157
17304
23919
6722
26262
44423
27532
1153
9196
9917
37910
6858
10145
9359
2406
4779
17450
45059
6012
11890
55028
40700
15780
1660
36304
28572
27195
2904
6216
2884
10550
25206
30322
48530
16539
8321
41013
5882
32440
23679
38618
5809
14567
12550
54901
4188
6689
1424
26999
28373
46247
32333
23150
29227
11676
3592
54156
35658
6781
18018
45917
1969
8199
9940
3796
16675
45437
5909
17598
7037
16327
9716
3119
7636
24080
2241
18256
27757
27987
38949
18224
29184
11304
40246
36391
12152
806
2587
1999
21013
25826
18256
20064
19983
17395
5285
9196
8945
1676
10919
10270
42667
25091
24597
5499
22114
2996
10163
1403
47803
42559
19036
8233
32967
26165
4006
7175
8360
36147
3633
17181
18663
50630
50130
9864
12631
22375
203
16811
40015
16407
34149
406
8087
901
12012
1302
15345
18939
3770
48627
47256
13131
20848
2790
40464
52748
26282
11718
44954
760
3361
7318
6059
10331
2913
3270
7018
39604
11505
38218
46903
2448
6636
7227
13723
23850
14265
1673
2428
16855
38512
11262
48619
43782
20672
16739
33869
8317
22152
40123
21585
26597
48122
37107
47159
7316
51410
68
8034
13030
23339
10359
3366
9823
37984
23775
25208
36957
7896
4513
17092
1927
24127
16492
35545
193
14600
50763
29762
17444
8980
29496
33350
3056
11857
38038
50435
8927
7554
7679
18950
28362
42992
15160
4152
1435
2507
27302
5391
33746
4877
20713
10355
275
5998
12607
26517
42283
48817
2965
46420
7289
31291
19123
52734
30185
34556
28480
33706
17695
42075
35088
18628
37594
1743
13082
51209
2057
18612
46515
18645
24157
15393
32708
10580
31271
42040
5140
30124
26923
15393
6825
40067
30292
26114
26218
3692
50092
21037
19127
12607
52562
6921
47512
3877
920
17836
11012
14322
29349
2595
22723
7669
52056
7124
18451
7277
27283
3087
1736
6420
41881
58416
28331
22948
29576
30824
34402
12062
20888
21487
43846
43252
6024
35026
12120
8097
6847
16648
23388
1584
6506
24004
46456
27745
31313
350
30222
8588
2525
23153
15650
32340
7439
15081
21870
51263
1408
30646
5660
7294
1604
11498
15238
31820
21737
17683
2963
5973
25018
20399
33126
1871
29901
748
667
14817
24752
13954
2268
45532
34695
4723
35822
50960
128
24255
60218
38184
6837
13216
28233
10043
21749
6795
16274
8472
27773
7250
6405
3661
44790
8466
12729
22776
5458
1640
5839
27791
28409
1805
13322
18936
13227
35105
15136
29173
29966
18304
1365
15726
18960
3066
3177
38323
31591
26045
8491
38663
12584
37285
29968
50260
47574
22263
29546
16198
1044
18943
11261
37439
28590
20741
31594
5673
3950
44562
25430
5560
3983
4126
13626
9315
39130
10010
35128
25222
2016
11926
7158
34563
11708
13363
3611
7294
3947
3106
1901
13156
9785
14892
6915
15392
21838
2918
12487
9921
37146
2457
29949
5855
31152
42132
37253
1367
35961
16461
11483
15709
12821
6545
49367
7875
22939
19530
13702
22899
37792
28089
48657
16617
8461
5834
42065
4566
57393
15669
5365
28515
4170
9213
30269
52527
18116
16242
81
55983
289
16722
49589
9982
1682
54719
48572
26730
14913
14064
35644
49191
24992
780
6149
23212
20712
43740
6213
6652
6664
20195
28356
28050
36953
16002
38316
2964
2425
15279
51235
1622
42459
10411
18930
15456
54
18473
15863
25608
19922
12806
13611
19356
1918
2362
10792
13205
718
2786
7238
8282
4061
16828
8261
2805
14447
44665
49680
16089
5049
38897
29302
22014
55528
42579
16628
33268
11741
5692
40628
13523
4487
10844
37183
29906
12162
4044
30710
13108
21526
7981
20474
45452
43233
4408
16173
42226
21800
22826
32226
35869
15055
38395
14504
26206
20716
26673
23349
7435
12727
6040
27167
6228
12037
7327
1741
2752
42474
32995
22326
14022
1973
4677
7428
16904
11842
23856
11712
32985
23476
9447
14660
36212
34688
6728
15703
29830
57778
1191
8335
30067
19297
13865
25477
24141
38399
23469
8361
8123
57871
29792
31796
1767
381
27347
9514
5033
4995
25369
20607
15608
10348
15410
20249
24548
13460
25030
24918
19337
21105
20335
27116
31363
6206
24914
13196
4444
6936
26221
3818
34742
34787
29264
41933
24981
8414
14177
19303
4594
20226
5072
6811
35002
1145
29095
40214
20456
19432
10338
766
15660
2828
4469
20382
16682
41840
33669
6518
18549
7902
9760
13218
48371
45358
35552
8874
27394
13753
36850
11420
1071
13397
4940
28200
20806
14880
5562
31219
17058
14536
1777
5566
27617
9657
13852
7745
32813
13128
30100
45336
13940
14614
17680
39528
48919
28094
35396
19913
17716
45940
1892
41445
32388
6496
19530
9105
21099
41516
21115
12871
23737
15286
5533
30413
8628
8267
2710
35325
27410
30808
21451
8231
18850
33327
19320
48255
4007
49355
12355
8575
24305
28798
7754
43607
25141
25673
16011
9305
9458
978
22939
21354
8468
28353
48460
26378
5431
55462
24334
21401
5829
5996
19667
15751
52810
8258
55587
133
11699
42267
31880
8094
12882
7033
52522
19751
35
47330
9575
124
23963
17884
21334
21617
5482
21415
2702
7865
14406
25024
11918
11640
34491
25138
4316
24586
7651
7848
13402
6471
48644
29042
11081
28136
52961
35694
218
43887
6027
26221
41241
13924
3067
6654
20696
14905
3721
2222
42540
19283
2559
41967
22022
422
472
1446
21460
47643
2324
22134
6303
8836
3085
21753
16468
10787
27501
6292
284
51206
25477
16408
14648
2679
20069
5880
5503
33128
27295
10538
11722
4365
14242
21269
21379
20326
1433
17883
8370
5654
26976
39673
8374
16772
48122
29377
27770
19267
10174
13005
14476
28594
1225
28947
7826
44408
46673
10781
22069
949
17414
27783
20581
12134
5172
5124
29667
30446
14882
38927
20980
17207
31154
7157
23886
32957
17894
12948
19881
7512
33880
8330
5887
31075
18244
6019
50300
43750
2918
24743
1268
12109
1376
818
54709
46576
22474
13767
423
44820
37582
20348
24462
18858
5615
3809
8288
14626
8124
31686
28516
40663
10789
10329
15437
13933
18811
6365
6850
10714
11052
36558
27150
6805
13412
11111
5496
23749
20636
6091
16845
17148
23839
14385
7686
2220
34711
1509
14104
31795
31699
11580
25599
13976
7783
13275
866
34927
21453
7945
7170
9953
10062
20630
80
1019
6758
23305
17004
58641
2647
4345
53105
18154
4132
25626
2082
35792
36433
41013
44539
3134
49081
46423
27619
1592
2073
4673
42102
902
9548
33712
13467
32646
3122
12570
16025
22968
59872
1426
11620
41648
620
44194
17384
5576
40197
6713
36725
38955
38978
25873
20609
10104
14973
28561
4711
11850
33773
18570
25560
10040
20104
36586
1655
4157
33884
18006
15444
5578
52475
2689
4453
557
39650
21513
4608
2954
36569
20416
25803
10224
52013
24108
26429
25545
24997
21512
43576
25367
26058
17735
15039
1479
12789
9157
37646
34135
12560
5682
51927
45641
29711
6104
12228
15757
44431
37298
4248
13935
3447
18754
29870
10479
35752
7469
39686
49179
3969
28411
38608
5002
20222
33475
18193
11402
35243
2340
12915
22933
2421
34236
12320
574
6212
22494
17688
6477
22437
48585
23097
23535
404
21377
22596
31719
48426
51461
12510
35362
18147
17003
29482
1916
50903
50821
23651
50411
13110
9990
38434
18549
5672
39319
18914
5872
20285
40249
10778
3457
7377
31923
11988
5489
20182
936
30609
533
40
14073
10297
19756
26705
9405
31074
47030
5887
7616
8718
8734
15268
1936
18839
26002
8950
1806
18557
5228
12869
12531
39558
56016
20953
18242
23340
607
6172
33568
8675
39802
2247
31681
10080
14797
25248
4363
14595
4972
22968
12613
23721
19314
50237
26193
3720
36217
10117
815
13132
1081
34810
27455
27186
1489
14217
37921
11179
2244
14818
1202
25715
4563
42140
11620
19541
30958
48244
25946
39507
35084
10685
20971
7670
14720
6134
14554
33532
518
6929
58393
52034
18061
25897
20861
16486
6297
2964
14397
4256
32433
6721
24811
16969
1574
49769
5917
10450
28816
12041
11340
49350
11112
443
23138
1264
32320
47798
44430
23196
44582
14969
23061
13797
3817
17229
14190
12678
21044
17254
2324
51319
7234
2110
16504
20512
14714
23578
38820
846
11051
41463
28096
15248
4512
19195
19835
45512
38307
35899
4533
10292
16273
17925
40725
23397
41175
52680
22426
28041
6405
10039
31258
26819
895
18044
9790
39472
43645
14970
11933
21628
39009
18273
45471
36956
30867
14764
49007
12218
8550
31532
34992
6044
44398
30124
40284
22095
17541
5871
42310
4872
31932
17724
420
9308
18576
3841
25329
516
22079
37899
45428
18047
26400
3305
26853
29507
30887
18075
12881
23377
11974
9312
29320
416
19897
28284
4242
36734
3069
44220
4952
3000
21508
20025
10657
39470
16029
16577
28559
17724
3807
20158
7597
16239
24598
43263
770
8711
19284
33799
22559
6366
2838
5280
10485
34871
30833
2171
22501
15295
20492
27919
16286
35635
29950
2251
17973
38649
27385
48146
3109
28687
14262
22544
6307
46216
40909
35149
1818
19818
4177
29677
22849
23832
14436
12071
6885
50776
19892
53514
34089
31486
10047
645
24479
26440
16112
19832
30957
1856
2012
31996
8050
11783
9238
16620
844
6093
23125
489
45677
3922
10453
38941
6581
11330
8051
5968
30585
17330
13555
36401
18761
13792
2335
19203
29275
441
33050
6476
19057
48150
939
5890
9116
35343
37164
35163
14024
12040
7756
18135
1876
38133
25546
22557
23139
22643
21827
22942
51624
26225
9242
28864
20029
36287
5689
27540
10586
4464
25498
6287
4887
41751
840
8868
12353
771
31731
35759
2105
49619
17514
9432
37293
12159
15036
35560
16513
29405
29631
13683
4950
31419
12621
6855
48410
50140
9992
29446
11677
13203
31882
33988
16011
21401
1490
19523
20455
33496
19523
36617
44949
31429
1173
8658
29648
4341
23941
12203
12643
4845
4231
47885
34121
24628
24159
11141
19876
26034
13199
9690
3755
2925
22516
11748
465
28539
11728
17684
44959
10389
33193
46601
53382
3461
1876
42626
28405
29916
21741
23461
11715
17161
19286
47639
21751
3426
36701
41857
12858
3776
27594
45806
1484
15178
5560
6841
45438
3116
38954
48510
21177
38886
19524
38355
6464
5567
35265
21676
27951
4761
36353
16875
46741
27928
22012
47932
16112
23170
21122
20358
27214
10010
47072
14429
45188
30226
3980
16152
12568
1149
18912
7442
26707
27522
51953
2665
20586
12676
13099
1062
41658
4552
1908
17047
2179
48075
10357
2703
12743
20177
45466
35527
14027
38019
30021
24445
24431
12228
3971
15968
30555
22871
51241
38635
8894
3199
17528
36581
4557
4948
38840
2062
22991
18976
8007
21657
1374
3285
28568
4436
15120
34402
2605
34537
41764
4399
574
24025
17919
21715
11621
3656
34219
9475
2322
36096
16957
18964
2385
5321
57685
4673
7949
30825
21815
3915
22170
6597
6355
10714
8462
35294
47468
2196
1636
10038
20215
32172
45686
48647
6603
5039
19717
52061
8673
37015
23830
19126
21053
23701
22957
14650
22867
23375
785
9235
16531
12607
49139
5677
14955
39014
15009
8229
28556
56249
37340
3501
7559
11788
2039
10366
19899
31863
19655
35562
34488
16723
21797
23977
5392
22084
20930
18845
9723
36019
6321
7085
4672
3217
32418
7847
18786
8084
49366
14176
25857
546
36010
11570
28783
17726
50686
3348
12953
21833
23923
19676
5787
37396
27550
5632
10772
19421
8313
41043
2947
3048
21233
4841
11036
55157
12990
26218
14286
29065
27762
41839
56860
17991
29707
4935
33127
2755
18488
20342
18152
24380
48234
53517
39854
50205
28443
48922
415
46618
27211
37487
2493
2251
5932
29123
27411
32882
17709
43487
9229
48578
13241
10108
4363
18195
5473
24868
16534
3268
2723
4727
12289
21430
30972
55458
4995
6398
2256
30530
2159
49141
14987
11514
4923
15115
6355
25782
14874
5486
42366
11029
14320
14780
3581
26954
32620
6193
5676
15243
55617
20390
5296
22295
13362
5675
38019
3123
14964
19725
24649
7063
14512
25062
14112
20654
20530
156
11331
21246
6269
35008
46029
11309
17734
24925
7023
46633
46368
1399
4999
48652
32913
17539
4840
24501
4149
14483
24565
15652
2250
31055
48312
3110
37526
39893
25205
50210
23624
15112
14107
20743
940
3235
34744
22597
46264
17795
11772
34099
321
3472
30187
19452
2981
17060
17786
4255
46808
22162
46106
28097
22020
2972
10354
8222
20033
3377
18219
16254
16577
19358
8775
10038
2243
18641
19345
5470
678
1495
28919
24328
8863
1931
47341
16740
21890
13231
1203
27871
23588
46211
2583
24163
11765
24136
24160
14453
2054
3120
5072
33162
38535
18996
23299
427
23350
35045
8598
17233
12594
8132
12175
8647
19474
33784
17290
3459
14446
49491
4018
758
1503
41867
347
35179
28780
8295
23095
4353
16937
3206
23576
23888
16820
23686
38958
35433
49618
47086
51622
21764
54581
7767
29676
712
14389
49047
10154
19273
12228
14480
1808
1557
20196
21172
39869
49070
18457
27163
33987
1782
4724
21457
17475
29329
48804
34516
44015
25697
7789
29063
4736
47867
43006
13436
7931
1490
38237
5632
14142
7765
28777
8133
718
21097
6429
7598
44768
17336
38100
35417
11685
50197
7383
16474
3474
21454
51107
31585
725
39389
9662
29199
9085
12570
4147
4676
4671
4111
1753
25382
36008
11404
17154
22207
29499
31598
2766
24234
10328
13351
25774
33930
6280
7557
34503
29628
4289
14572
53164
33856
2595
9994
4428
19584
37162
17709
40099
33176
15637
15717
3355
6052
18139
33997
17483
6161
29599
30984
12602
28389
5466
2258
17693
34848
45846
5779
20510
34943
6550
10211
11539
6544
9678
36951
20739
1112
2454
36721
27603
4029
23920
14384
812
39312
33232
36212
7840
23009
45386
20514
7296
30303
6813
1838
38010
23632
22030
10530
17006
28225
15557
45058
10510
25288
9187
17951
7748
9585
51804
10312
19373
614
49819
43956
42298
10695
21034
16443
4519
33863
36028
37877
46057
28697
