15824
2926
31273
32937
18426
11481
11466
48116
34050
38992
26895
11874
41607
54884
41717
14903
13541
541
2663
11923
5286
27043
17924
39371
8659
2447
28694
25951
31886
17282
3469
12934
2746
16492
47639
5473
22410
36277
16736
3579
17694
11612
34216
16855
8967
38620
3383
16110
3771
16082
33177
147
6535
44615
2081
42071
12549
3597
45766
31580
22990
1502
18124
25224
10108
7934
34101
24285
52351
29058
25000
33461
1369
13011
4526
4365
43418
619
20533
52474
12784
52061
31326
22008
30666
37084
16526
37293
20436
7632
23502
1552
13993
5407
7410
31145
9276
4271
20632
8679
4939
3007
20421
41955
27241
28442
4057
22901
45068
43617
26477
5396
41986
36341
3443
23184
11538
2177
23432
20021
46230
15316
29219
58648
14154
8718
8966
38539
12142
9883
24410
646
9699
24050
24235
18300
9668
28493
29921
26220
3528
24154
4409
38455
2996
9665
33036
19102
10295
51574
43174
20144
3839
9682
25453
24611
47212
6929
50607
13698
9270
4975
695
25750
5519
11889
13942
14615
5121
23744
25530
18234
2478
49165
7466
23872
38401
14135
36639
14276
4941
21729
14111
10796
975
21570
19666
31477
21462
24993
5775
526
7979
13565
37155
10345
21477
4619
30922
9225
4472
25725
6016
11787
12433
12724
4023
16266
32862
36799
21345
49792
4646
15867
9552
15131
30224
27647
6331
33397
35210
43599
2810
23117
45416
56220
6663
11159
10638
1234
19275
11813
8918
26735
50681
6092
3882
27986
16870
8733
27981
24928
26231
22971
3140
25439
22382
21072
2059
1039
23125
7133
1817
44460
26746
5195
2075
38699
198
21374
17715
1815
26315
8246
20313
18353
28156
19878
14838
6850
35177
23563
12327
42267
36735
34622
2564
7318
23609
49275
8683
7688
3241
46972
16293
36157
6168
15004
172
14685
28244
44250
21685
2360
35447
8383
20555
7028
17918
27976
4663
23284
5358
19455
11414
39999
17073
34935
25686
32852
46678
18566
54291
931
18390
16871
28302
19335
5593
10699
16911
23040
28982
27031
4781
5714
3742
31783
6320
25118
19077
3558
27632
4173
25124
45637
3051
21896
14228
16145
23372
33491
31598
24621
7430
13692
8178
5890
26269
10115
25088
39571
24895
12665
7055
31156
46920
8305
31587
14399
3491
1584
8279
5240
8472
33535
25477
16262
22733
7943
13557
33382
28816
25045
4489
16946
13033
15631
33129
36022
14654
6369
32098
14008
15688
32185
35212
16418
28033
40003
267
23350
48386
8386
34816
4163
23092
52202
16379
33200
23147
6682
34013
18941
40537
31345
10552
18127
40450
8055
43676
54006
11545
23335
5854
17022
14899
5837
9496
20694
14149
4105
3986
14061
36518
41803
21651
4799
24160
4523
26685
6530
42716
6811
18609
2986
44782
34264
16947
49156
3034
14987
20396
46246
1069
47249
10439
21961
1890
21156
9802
4322
4200
37291
22640
6829
19182
35636
12160
29200
3944
17829
26964
28484
23906
46230
11951
29297
1369
41506
34459
20215
18051
13982
29029
6928
28352
5035
25446
55378
21640
54562
14469
3425
46092
9293
31254
18036
43977
45069
14027
16958
20200
294
19011
17080
9256
21143
405
6115
8017
24500
23429
29187
21796
40147
11294
35932
8666
11019
9852
23659
52455
24686
8337
49291
47558
6632
23086
26135
29450
40691
22987
2610
9067
21418
942
5658
46026
6406
1707
12502
7152
16136
44208
23924
32917
20779
36099
7325
14982
13714
32433
9964
29854
13672
609
27065
20421
44108
21699
8181
10876
46384
1223
747
25334
3713
29948
1626
8442
29671
25280
4688
22686
45830
26055
4002
7990
15459
25967
18342
6663
5000
2419
15375
34467
12206
5126
21029
19593
42407
36076
3193
1517
2779
17370
6192
25194
22882
35225
42516
19137
30377
4447
24879
2179
14772
22890
7657
19562
17425
29473
14057
18236
42961
6041
7727
4254
37024
17020
429
17834
37906
35332
27560
47021
1559
2974
17274
2885
38440
7637
32704
41699
21576
32559
30056
40310
14215
18455
7723
50236
20894
48861
17739
14950
10343
4064
10271
28574
23002
3278
13620
14713
9433
44248
10246
11648
25036
27181
16709
18741
2248
37559
53559
3110
24425
10794
5576
45138
13078
6539
14717
1127
17865
11022
36182
39441
33216
22229
49740
16249
43321
7629
32506
22491
9722
19316
28082
6695
1924
9302
22704
3925
8507
2310
52322
16216
1103
3593
19870
28966
6658
3642
32212
57799
17481
8012
16590
10447
8560
13992
10485
34948
48476
17303
28066
6070
4695
21623
16332
41986
511
47683
23532
4342
23006
12744
4594
16869
6823
22287
3532
2509
6102
10996
4189
18842
16192
8983
2278
7430
7707
39856
8044
20373
15270
10693
50376
675
26684
1073
25322
50563
1427
11133
23382
15072
18767
21377
8179
2902
4323
17724
6216
14276
12826
35263
29145
21690
26645
13475
17316
34358
36501
31488
23919
35453
1322
7253
9166
785
28462
5343
32795
2131
26954
1404
34732
3716
44535
20425
15111
1883
33227
4604
2378
11782
4406
3809
25819
32063
9567
22727
37333
2727
43634
5746
1938
25086
3614
17089
27537
2803
5997
40899
1959
11226
18007
34332
3553
29157
32292
18668
13573
3997
19847
11142
17684
4282
2994
5867
448
30877
13345
37857
37894
43160
21227
36918
31309
4572
9414
15436
44194
34287
24004
26312
48914
9077
10329
44729
7579
37027
7064
646
7306
13227
21748
32256
4324
9200
8993
18217
20965
17403
4819
35264
43108
10215
17616
36402
2004
41191
6240
29257
29112
12944
1481
21635
36172
40652
9205
7843
3889
43966
12488
24717
2156
36424
37060
29824
15924
42181
7458
15332
9453
16646
12883
17116
497
12091
8040
7528
2609
22207
11563
17953
6869
28351
8362
42041
25760
27131
25779
4124
40644
3507
719
3898
8807
6259
7131
26422
9713
30156
16364
39775
3722
36663
24720
2514
20481
15422
48612
31279
9246
8348
20698
20798
29046
39464
20961
963
17210
16155
36323
18433
33922
4810
26534
14697
20646
12156
29976
49280
11727
6899
24542
28761
18911
33381
15691
45648
10931
37485
6570
14191
4477
2376
9146
36312
18386
34581
23862
32512
15388
37799
13422
47727
38988
45070
10983
3767
8592
18634
38240
25008
56298
22610
29166
20860
5306
13975
17553
46716
35982
24539
15095
18329
6532
36038
4955
3978
30574
10279
7880
34636
25168
9752
40117
10134
42910
26024
26062
26947
46137
31415
7279
12967
2671
18439
19965
14970
50252
33903
46242
42879
861
37448
21350
19625
47732
11201
22841
2630
12392
16588
40921
44392
9510
12171
23421
52911
4910
34085
2855
13983
14893
22051
17336
6618
3925
25236
6526
38876
42092
10084
16471
26992
26326
29516
2225
1322
2877
26114
27328
144
3383
19980
15574
12014
28747
48831
37223
43495
4366
17672
32844
22402
1279
11714
2318
14964
8401
5345
1426
26122
24602
51809
51115
25953
4579
56141
18870
30935
14469
25762
48821
1820
42640
3085
34469
5845
27094
36592
9526
39520
5106
20167
1791
7931
23905
25822
7004
14403
46027
47087
22063
21794
2122
29673
5474
25198
9315
41105
49961
445
2558
14437
18174
4807
42373
4973
30714
18360
39207
27294
29086
7527
51297
21203
6821
14369
12186
3553
5670
17993
22776
4651
29756
5036
24700
1001
55603
4411
4514
48135
13684
7641
12002
43613
15787
47201
48159
5632
28712
12039
22366
16154
5318
33921
22404
22600
4494
28995
10445
7380
14516
15693
2147
7061
23665
16203
26563
6989
7494
22868
15273
28909
4506
24111
37972
28698
42147
28245
17807
5412
20644
6219
55247
658
23725
15255
39816
33468
2436
31864
37619
39048
5149
13646
4469
22980
16740
13203
8856
31538
4523
28366
10975
34862
4891
1365
20345
3039
6818
263
351
17884
34986
8125
1937
10691
27828
1854
58115
11829
11287
3895
44194
20823
4646
29775
14995
17268
29976
1821
5393
5064
5799
31810
6276
16187
14597
38251
32246
38112
33870
6917
3540
1257
3252
36233
25693
27151
55303
47072
37728
23608
18757
34856
34289
29062
13808
22259
27772
6335
2964
4467
10953
38213
8527
9570
6982
605
21901
10051
12305
31232
16741
25919
16567
18457
31275
7968
9255
10105
5398
5345
20099
162
21794
5319
2765
32185
23047
2166
8878
6509
1145
30539
11903
19185
32424
44095
33906
21916
15247
19293
52463
6519
4266
22872
13539
10493
40714
10940
25668
28820
66
13865
53318
40297
6135
12321
9444
22390
39471
36593
25075
2552
25051
20782
9402
21148
8660
3376
18437
38694
22834
6587
17659
30998
24906
52521
53408
12112
8237
14649
30106
14774
16172
7748
5925
18379
50521
16248
1467
22997
48605
17321
25683
7552
5309
18421
16223
13675
3639
19187
12472
52776
14357
21620
32609
37386
4889
9504
15801
16090
7719
14944
2229
3291
6110
10642
8542
23912
38429
38625
9150
9365
4679
16367
511
22329
41941
24686
26028
24748
12936
9301
3358
35884
19134
5767
26189
458
14753
10157
12735
1320
7066
30885
38557
25141
27604
22653
22896
25291
5512
4906
35246
30725
6120
18267
3397
16867
9240
14334
3148
39088
23898
10286
19367
5039
12709
5100
12511
28922
9667
375
8907
20251
11759
15148
36414
11674
44004
5874
19937
1533
50066
29830
17593
38207
5274
20029
32222
39385
1896
11641
4947
10068
1604
26013
20633
25372
53704
14958
28839
25285
2949
1066
28261
37234
26566
12996
54394
39394
9130
10030
3630
14875
19745
20907
49090
18134
6834
24809
16546
43518
4000
21937
10695
28732
11119
3094
52635
22539
13289
2827
12326
46082
5080
6075
35102
36915
38519
2175
888
12429
2676
35595
16763
1101
38953
5603
2849
2436
2173
18460
3964
10173
27050
43302
13184
13673
25840
5164
8785
18877
1931
28496
10504
20744
24511
33017
14925
23040
1722
3200
13878
13072
31044
5297
26889
36063
88
15300
34405
19440
27312
12728
8392
20089
9258
48130
8548
22133
23322
19119
22761
23428
7533
15263
22291
5934
12021
30050
1725
21144
43246
19023
37186
10625
2727
39597
11311
27757
24647
11579
19981
4264
18416
13302
30991
26720
35693
24289
30597
21969
11862
18918
29702
15721
36695
49566
13467
20271
6500
31142
3460
6535
30341
16341
17023
8783
27383
4549
49032
23434
28725
13461
1736
2930
17646
9924
43339
7186
12889
22297
5019
11730
868
8418
28396
4499
38789
39330
7506
15030
34092
20566
41751
15777
3619
14921
11569
6353
33541
39713
33301
36334
11787
9710
26504
7709
9629
38429
16297
11684
28327
15171
40612
35932
38703
30210
8992
42106
18778
9292
28159
7977
16263
20229
18145
27944
17622
31153
49744
20721
54603
44449
2777
5907
534
1072
31338
13679
31046
8343
4623
5540
28303
15610
3645
9622
39312
26502
2964
17945
20665
10581
27487
39759
20358
38604
29885
11390
50747
13387
11251
32574
38704
13683
7690
12417
3149
15032
252
1335
11978
11382
8238
3557
24334
30350
3947
38783
17038
590
30674
3249
23151
21345
36826
26165
28079
13837
44023
49156
3594
30410
11145
20469
17225
8931
7468
8759
3469
4085
15233
1780
6958
2382
49875
47845
713
24081
21046
19010
2719
35400
953
36920
20211
8351
30074
11851
24934
46429
7217
31770
51271
19362
15992
20259
20208
23330
53337
34763
19642
28844
10712
16495
31602
4138
49899
33615
7075
21292
34653
33019
2471
24884
12901
21828
48272
11352
26111
16720
2459
32107
34534
12358
36229
9768
2995
5884
23632
37578
17813
21086
8231
2213
1774
2296
12580
2208
5518
35742
6547
37090
35701
2252
17514
12474
1909
28807
14114
22265
790
2551
25132
4709
32228
38452
34007
6815
16341
54294
13451
49512
16903
6614
28242
47089
29404
5091
4226
5237
10741
5684
28590
8161
40902
47290
11380
3677
16816
9271
22946
17830
51908
677
35167
37140
34391
30046
7754
25735
35196
26592
15619
20406
33825
29599
14830
5469
10103
8223
28599
31316
16912
34562
3338
48472
33760
41238
51702
40120
31227
21716
29672
40600
26940
40256
43251
37539
11910
2361
1887
14910
25379
33557
19491
28125
14167
8607
20838
640
10977
38494
38405
41573
32223
3658
16362
24557
20815
42190
11414
3359
9965
14133
1995
19201
12386
22964
5497
18050
10512
53980
26868
30596
17166
22919
27120
27128
26529
36206
21386
26735
44870
1108
45126
19135
33077
44809
34413
10051
35028
22409
16014
24057
45437
27084
50756
8442
5569
26401
8588
45114
33808
2223
6893
15042
4988
21894
27275
52226
10737
48886
6555
27380
38585
3500
40030
1397
36562
7794
4791
39767
8571
3003
33558
31592
9486
38627
9247
28831
13150
548
2264
7248
22777
21525
19281
26864
11202
5520
367
14467
10958
49439
9979
12201
20705
9553
33733
6622
32489
7411
51246
314
26676
58238
36333
40380
27376
16307
13967
35111
16409
29110
13765
48714
36584
35588
11766
13323
35002
588
19978
33669
20537
943
14733
29703
4884
10273
18663
9418
25517
28417
11879
44570
1916
17699
47529
17638
44701
21614
2246
8382
10492
5509
3403
55122
8557
47609
18300
21486
6385
17115
1610
25939
28737
51662
36832
14627
19034
25425
29018
4016
33418
118
10674
26370
35685
25733
39354
8250
4101
9015
7240
10658
3477
32335
14102
16071
22979
5974
12712
34130
16621
14453
1161
16915
8918
3239
1427
20433
13261
16801
5435
357
5649
10078
47368
25517
38724
23462
22835
28078
44073
23665
247
5043
8868
19519
41805
43388
10864
24210
20256
13142
21002
11251
50530
3847
32293
8004
14895
2593
1089
52591
7117
18060
1977
25964
7044
12987
398
16618
11613
717
33625
10564
20456
23470
27760
24828
3077
25783
4960
4871
2157
5619
39241
29404
25452
5869
25833
43285
18027
54434
4930
39531
21473
17033
8297
23981
23841
37555
20242
48145
36377
36463
3171
10375
5624
15221
21412
2135
7497
2993
26778
37030
10444
18829
806
20932
45296
2125
16801
16785
18257
2104
2204
10226
16596
3895
55596
16023
47034
12036
33896
15642
26795
23398
14542
14855
11073
31069
19498
33088
16855
7649
17430
15475
37198
1811
5026
13469
28169
12427
6446
44950
22009
46168
1773
22921
1600
5541
1549
6498
11098
8810
14910
27117
35963
10391
16877
12767
1517
1685
15822
511
27932
33383
53217
8604
20995
54940
2013
13587
23970
29347
54160
19995
3946
2438
2963
24602
3238
8032
15538
27102
19214
28722
42255
31659
2892
34689
16615
10943
41756
17423
27688
10697
17315
13965
5268
31490
30058
18942
19906
7906
40273
8284
33008
3260
5401
1547
14643
13329
12151
41024
18447
6147
3010
27620
49195
37597
19712
18443
3655
3255
12547
16705
25519
6896
1306
9097
16691
2404
8549
5511
22528
332
15807
1158
11209
4400
10549
7272
11665
17933
2147
25803
3846
16425
30079
24467
5685
15731
48163
3181
3239
2961
29911
25971
3720
13751
39191
23267
8728
19397
14207
5204
20352
5262
20453
17925
26767
16736
34302
9106
38816
31047
17940
1254
49223
1432
17308
50330
10957
36199
48556
1963
36920
18052
18529
11773
1272
31048
14273
17666
8399
30515
1992
10854
6127
30014
10460
10557
15979
41419
4795
243
10250
55030
42340
33567
6669
9803
6257
9678
39094
33437
26300
610
37946
19899
14869
11720
1816
39067
10311
46751
16888
11605
1977
45366
35952
12680
28712
21274
11327
19517
50755
17399
2040
13430
22576
571
20225
35043
27488
28991
9426
9800
19083
35553
27000
36708
10073
17368
19071
855
12626
31286
185
19192
8870
21238
12988
7595
1921
38238
37550
10809
4555
7519
6907
34485
24349
24963
69
24081
5234
34075
11506
41030
35904
28785
29903
43785
28121
39251
6967
24634
13753
38179
32538
19680
31963
51520
9601
51216
25665
16586
16036
44206
871
3406
48276
18231
25288
24425
51973
29298
46049
8304
54310
39929
4151
5087
13105
20315
3016
13135
1907
44603
16458
16806
22246
