249
17697
13185
6731
11666
36984
17909
18975
38748
42833
41952
26221
3900
16740
17414
7356
4004
6038
8332
9444
31561
52576
28779
22137
22622
11273
48366
20383
5779
28789
9811
812
55487
13898
45711
43492
7690
17778
21432
5143
3569
26017
11794
11161
5092
3386
14492
45929
55692
35777
10667
4302
3494
13565
14090
23361
25246
33770
1930
4852
1792
359
13785
7374
58252
5280
4866
4437
28597
23890
1240
10943
20340
33799
24796
23379
18790
30346
25040
672
12407
10840
16181
13775
1733
12765
26920
14606
28420
10913
12303
9234
1092
12026
23275
8963
16146
2878
20195
24214
13112
18458
20723
10787
3328
40396
12855
13048
4159
11342
25370
3729
4044
3051
11256
18228
37581
14127
35464
35668
1932
9951
45216
55888
45841
13665
30983
3427
29627
34039
12995
10610
5899
15529
4583
2299
3855
18924
10213
1887
3001
27669
4074
484
23266
21349
4379
44819
9088
48754
17728
11812
9910
5421
32032
30159
6638
34362
5569
25453
41085
49322
30985
8318
26098
2378
29593
7033
11206
5341
14203
30362
34795
33614
32294
17597
38001
41563
5186
2472
44167
30345
30897
43556
16784
25588
23856
18033
41419
49635
22008
13913
19913
36189
10819
20812
28428
31391
19553
3993
15291
13024
1793
23212
16772
54776
14114
20409
846
486
1982
6678
11244
26755
3400
6827
29912
31980
6930
6709
4302
285
44278
13340
5597
27948
23747
33601
36925
6003
53136
23305
14941
1885
9719
13601
26217
678
43630
1008
2872
12260
26013
47503
10594
11091
21675
2630
30943
27161
45776
50132
6727
14178
15617
46724
791
52752
11728
6858
18617
32664
20573
25442
28243
14708
36230
7068
33834
40557
12640
423
21832
41906
3696
4375
12233
31291
5956
25578
36436
26584
8826
48401
9288
35142
7007
34896
30482
33495
22030
8842
6577
32535
38143
11452
3267
10433
14115
27450
49236
9946
32185
35149
49901
27976
4957
653
13505
9471
5879
5443
12702
21143
3605
37524
25365
14999
38417
966
40250
32335
4633
6694
47168
36286
16607
37218
48760
46750
26535
28422
14486
26087
8327
901
51715
26779
3253
36518
29856
20354
3936
9102
8898
9817
30966
46058
34191
7970
8345
53803
6027
13771
6399
49037
34628
15031
3884
15766
29415
26980
13689
9151
48699
35074
7053
15575
14685
6270
14387
23603
18255
26346
3340
49138
17446
2629
28822
1681
36303
43792
6188
40420
20027
18204
36024
20436
20794
22812
27154
41974
18578
5728
31597
10785
37199
39537
24885
21147
9993
10511
41719
32766
21804
19174
40132
46597
25217
21154
18720
26509
25568
6478
3646
16923
13278
969
25400
21310
11294
25520
33929
3333
15254
6904
11928
37109
49827
3577
25598
9961
15234
13600
10997
18228
27789
2393
29400
35614
28618
21527
16876
33273
10502
33766
1430
9949
14186
20114
11088
7900
35540
22153
25715
42171
7785
17146
24472
10991
13223
32951
39319
20730
22069
35260
6341
42275
16574
3202
6169
33872
32703
14346
7004
5369
48225
17234
45211
7702
12800
37429
16296
34866
37889
7561
20755
15958
41785
37030
7194
17423
50081
12983
5347
38022
11980
23055
28578
1820
142
5619
13936
2707
28869
298
1136
11857
47420
29509
41035
31292
27255
31189
29042
18507
29874
10795
170
16298
31542
22381
9728
20306
6427
25298
7142
1733
15853
6676
32877
32678
44146
22027
31272
38178
1087
47252
58150
45035
36539
17117
35172
2393
32486
12651
730
4334
18566
34015
50744
57020
27785
11202
53330
11934
4718
5394
20419
19180
15069
17384
48313
17415
31528
16873
38102
21391
18679
32548
49768
56256
9450
19701
22999
2636
44897
30738
22593
44706
14049
29659
7615
17704
1600
21359
22297
28898
15855
1134
12914
16191
15060
33218
1323
6878
29006
42652
22076
8896
3008
15527
7003
5833
39575
10227
28044
20012
89
23358
53284
21256
38928
30147
12329
19193
55766
19939
11355
1249
34826
57627
30891
4507
10463
20226
7598
32338
25556
12572
5696
18265
31433
38096
10195
6212
36903
18595
1681
24905
18306
1924
48433
11535
10633
3166
5729
22222
8477
4073
41297
9702
13144
17846
24165
31362
5821
3062
15894
9100
238
34471
16854
13699
1582
22361
32676
19695
23111
10356
48258
24821
9759
34816
6558
12582
8853
35092
26377
6897
2177
5998
10546
9482
7745
4226
33007
25818
15992
27564
43046
24716
15512
10120
13276
10672
21282
31852
34202
3849
3710
4627
31129
15102
48884
34224
23978
1380
14423
35982
13235
4497
10068
28669
8974
6579
31715
4542
3178
46713
21580
333
18932
4689
8027
22814
24855
10049
40769
56172
33955
7050
2420
24842
2792
7559
27076
40156
20764
9944
27067
24467
8999
16747
13712
6385
14094
9056
9473
7829
51076
31368
16864
33817
27149
8600
11940
23357
5477
34592
16120
33190
3530
10386
15339
14492
7237
33861
9722
17958
4770
31322
10771
3814
33495
451
9336
44554
29688
36961
55010
27442
12406
18499
10956
11126
16100
20411
24851
35435
20113
37530
1730
4218
22680
5771
21356
46727
13919
45131
23607
37692
16126
34144
13118
11866
10209
15551
15197
23766
6897
22600
11730
35431
16945
19944
23153
8198
17115
17191
20999
29847
1675
22187
14601
4456
4401
40772
5084
32895
33650
18022
33863
5094
17822
25981
10183
27876
31005
3387
15395
5997
20142
13779
8081
36086
2781
5443
34211
13331
22624
5008
37246
8419
399
23733
38990
3818
15631
26224
33945
40487
54749
46674
31129
16454
8078
30276
55762
8437
42634
33563
1088
6970
16732
37727
19815
33427
33249
27619
31383
3854
9908
21369
35542
20677
9379
29577
15194
51826
2107
10882
33280
9819
9501
6581
48230
21159
23006
33964
26003
53308
34542
29026
27051
8089
305
14174
19861
1653
1133
29241
32749
17678
13030
37567
11949
15386
17125
2414
31016
23539
34462
18697
2758
45020
8295
762
4992
24237
3874
14982
5432
22779
50028
1281
24207
7709
4521
15372
3688
29904
31886
6858
33663
47674
20106
5739
29759
17295
30446
12809
27617
20706
33491
33014
14191
39196
16247
4421
41046
15327
15462
34747
16042
5277
19018
4984
10127
16631
31519
55711
27448
33671
15865
44448
14603
29978
21849
6384
11217
16339
28328
12623
48354
25132
8416
39784
15524
15315
30451
18684
13863
26577
55122
25341
32394
9629
1093
1657
2974
44383
46125
4021
7045
14899
18158
32081
9637
43406
35431
36049
16981
8190
19327
15921
19377
21338
49061
39467
47400
18453
28311
31971
2337
39717
18566
45881
16104
34858
36968
36023
27101
9767
42170
4922
29310
8929
8352
1656
22120
4396
7266
3468
9111
22414
12714
2407
36274
10236
26591
41357
22084
15574
24068
24051
49648
513
25213
21493
7845
862
38737
7729
43555
25720
5587
38262
23187
57324
42063
30380
7490
33164
3799
11208
33634
5667
51600
4192
48716
1202
3813
2090
12351
26954
32812
4722
50897
24518
7615
13037
4546
31550
10232
9921
17688
3957
17530
18415
20748
41662
15164
1652
46773
12565
10559
3711
13546
24038
7171
22758
16929
29378
4175
38102
41531
3270
46084
31648
6194
13968
4148
30393
41599
36944
27381
14198
24246
11575
25139
16231
2567
3104
27657
14777
24990
17490
4779
4848
6771
5435
41702
37240
4634
4150
19192
4694
6490
3711
17047
4688
13458
24604
17135
41424
46233
25394
8373
28209
14132
14062
3380
2498
44414
30167
38930
7660
41609
24354
15450
12236
2805
24564
26681
41208
13614
12856
5171
31761
19241
17904
15222
19025
12698
27265
48898
25689
55919
3304
2282
28010
12116
5143
20377
39552
7412
5606
20071
32775
30059
30181
56986
17866
1359
2097
9882
46335
8342
16525
35923
54439
39798
708
15918
25985
35437
38160
7462
9486
3487
22776
34343
366
10493
29503
78
7662
22398
24119
30594
40036
16696
34955
11570
21256
12942
43480
32691
9883
22380
11747
33450
23000
4451
56619
19877
4214
11183
41181
12238
8722
6181
28883
12735
23067
17426
29808
31239
31602
24293
53860
45550
6483
12513
6710
24580
30237
16602
18248
7364
27137
4847
27
49458
14621
46777
28580
328
47444
23277
59668
34779
29456
11255
42868
8704
14444
5386
6426
16440
32237
5145
13224
18412
23622
672
51553
16796
20568
16806
11720
12832
7790
27375
29352
3185
32684
7205
13189
41921
5907
31197
7061
19624
9598
16873
24005
43640
22512
3451
45137
45568
19687
31030
51183
31774
8247
31676
32781
48446
31367
21722
4360
37419
2079
5971
5282
502
37835
3441
29740
9803
5237
2668
6118
19428
9910
49672
26724
265
23628
39944
982
2391
14884
14700
18191
20484
27813
16570
11100
18492
29940
7221
9096
8665
3628
20178
5559
26460
5228
14418
8062
17833
14257
15658
8509
5118
38684
1761
1823
31076
18016
20414
8525
10533
22150
28629
1526
14362
3943
36129
6665
1875
32298
41096
17640
41691
16352
3248
2698
41088
1841
21200
20310
7450
28878
29271
18623
161
12970
35707
1628
1513
13730
12541
20448
39783
29587
39686
8473
37406
28322
28621
1782
41163
33144
13993
42512
8267
9506
11464
25337
39374
17090
11867
44185
10048
23899
12952
9132
40046
56860
40391
18418
4785
16416
18767
4844
56903
16376
39618
9433
840
18838
7019
44586
16406
36872
2023
16894
36188
1083
35711
3204
29678
47988
370
7998
30892
12956
44386
9804
2548
8294
43887
18316
30520
359
6563
36120
4156
15567
29634
12151
28412
157
26841
19020
38714
22044
2825
17688
47279
7484
13247
16450
1048
19631
21685
2701
4690
11875
13685
16425
37784
14733
4491
4615
47861
7183
32480
558
9150
5269
25803
17918
3890
6139
21466
2737
25655
3700
35308
22269
7148
9578
32311
17359
38614
25587
22286
2961
326
11919
17368
33578
3532
21275
6649
3927
16420
32651
38343
15573
26957
18027
12469
2867
14846
8210
59774
22184
1472
117
24337
15758
2849
21002
10575
35444
51930
21210
35587
22723
30435
22373
27060
14051
32911
3777
15262
30298
52834
39584
6289
15833
3316
12047
54253
58834
47900
12634
10407
18746
40389
17601
58378
2034
53136
40510
10758
58454
1870
27694
8469
34892
4804
41324
10292
3640
2788
15966
7011
9106
7445
45929
4968
29446
8144
11816
28919
48128
27288
14789
19684
7195
10975
5717
6207
6299
9765
9520
33167
46157
35723
13665
51688
36334
26733
32479
15520
26192
36609
32559
9718
27668
46324
45571
10217
13265
52395
38614
3117
3625
9281
13816
2846
2009
38481
12979
44875
21586
1660
6632
29680
12308
27723
13461
29264
41583
35927
21618
8153
5129
24989
976
29656
19683
1189
2093
10368
11763
56206
8447
2312
866
2587
44656
38110
32993
3071
53812
1014
3470
35761
18218
26858
24758
10738
3028
25416
8674
45363
7866
32754
43768
4629
31022
33045
5085
30636
4838
16921
988
37382
24077
7633
44606
5324
33216
5179
10411
26700
2600
2006
868
12360
1654
31458
21766
27756
28220
48969
37835
3999
23201
14419
12637
21565
106
13023
7941
40635
16988
5833
8302
11289
1875
36923
12699
8079
11647
37316
45223
37372
23177
15061
7816
46000
53607
33276
947
16496
4597
27166
72
16042
8629
19410
37518
14727
30017
32336
387
14124
30883
6339
58284
16454
31054
5016
42043
17438
45746
25521
22595
7313
22057
12641
20328
53343
29013
18755
15586
30453
10332
5366
30935
32284
51445
51184
44080
32868
7793
41413
13001
6262
26689
7066
7394
25005
21833
5583
3082
12695
51947
24263
13912
19529
225
32027
54233
12949
3200
8714
48263
16514
21172
28904
9363
13551
26820
26545
52350
30017
56122
43480
52501
9537
34283
44221
40091
9423
29501
15222
40940
15358
16758
518
35890
27954
35803
16247
23798
43308
20826
7054
53635
37560
44314
43133
8752
2329
32602
5272
27711
21216
15436
26856
33773
4421
46598
271
45126
601
22568
17166
15341
41956
18335
32868
45668
13036
36968
25231
1702
21352
8824
2757
2110
25304
9662
9594
33634
5604
3994
37798
35702
5582
19337
13682
15964
28147
49116
3361
10588
18859
8408
40129
12055
34657
24878
21079
4593
22214
15777
1562
18305
11410
10163
13146
18320
990
13610
7915
23894
43769
26483
21649
19482
21698
9053
24007
22979
43766
2146
12583
7645
47625
24712
537
51325
32363
14882
18881
9421
5
2013
16555
5908
23663
12361
5108
18592
9530
9106
2993
19398
1224
51501
10970
23163
28926
3809
26799
17183
11840
7848
12757
16656
1133
15773
5536
27463
22220
17203
952
32641
6713
19281
13874
3612
11084
15618
20981
2248
3
2244
5193
40658
17073
12503
27785
32054
13637
7395
24136
49938
27064
34468
43461
35292
33474
19572
9214
7798
12139
26589
31024
44320
12826
21981
13480
3356
22387
1400
36687
16943
28929
29539
14213
20727
38062
13113
18462
45533
16166
11948
20372
5163
9938
6458
30948
13888
29094
30836
20403
16903
50537
28394
15392
41938
14103
11404
7858
46592
4235
30048
39858
27001
20345
29514
20532
52797
25859
23935
18995
9200
16462
12188
6169
25113
24126
16306
36581
9238
24840
40746
2209
24231
34481
34822
6953
2583
8261
48735
12296
19194
18661
7962
29257
7533
54012
22436
34714
14515
12512
15262
14901
2544
599
22692
28595
14227
42192
13636
54354
52457
4693
16172
2707
29049
26807
26867
28964
22094
25583
36753
7915
3809
17968
27622
11641
27972
46910
56737
31536
2705
3876
20578
5117
21632
8989
8248
22029
33653
25353
20471
34856
26628
37662
18996
35291
8548
4581
8494
33809
4055
22092
14905
3183
23706
13000
24005
14173
3817
9906
14919
15834
22555
14699
41209
17953
23326
35853
14030
11757
37801
41226
1951
8706
10134
9782
15141
29146
3287
8944
18464
22612
6704
17982
50924
22423
16749
20884
3537
32791
11983
39717
28105
9824
9662
148
9703
31917
2129
24589
26168
3380
6567
6450
9566
14527
37959
4557
49481
38997
10103
2
3023
11041
15986
32506
4629
31667
3354
43777
12523
14864
18528
11878
6089
32298
10390
1282
13742
4081
30172
1082
38422
7121
18194
648
41078
21208
16795
15141
11969
5836
17911
7781
16646
6701
10388
5775
10809
2262
38100
11548
18675
21215
22516
47780
20288
24678
44194
3010
32969
3268
41749
4538
667
30659
41055
40700
21148
13453
249
8540
35184
7706
50944
6230
9037
19654
35122
29218
16465
17328
13070
18628
12080
3404
25429
4851
9805
46829
18464
54966
34528
39636
2951
2577
4225
1975
22608
24029
12558
31181
9885
42404
48432
32874
24060
958
28612
28544
17682
4489
43645
29101
31491
33297
8521
162
15685
5168
46960
11252
5186
45354
2337
5338
44031
5045
12230
22290
56375
583
28253
52810
7168
46703
48525
37663
39576
5905
4822
5325
15224
21606
28900
26732
15945
27783
27540
5228
41975
20432
31996
37779
1222
21416
17134
22911
24107
14787
17669
43442
16140
14960
5285
6337
18755
8470
17021
37483
44035
37287
18222
10054
809
49583
9783
12811
46136
8949
10670
11841
14464
10635
5969
36271
5413
46065
31581
12393
35319
149
6033
324
34794
26225
18382
36049
29530
29201
21380
29749
47047
16120
1352
7482
27988
18215
1791
6784
1838
30496
24938
9436
29428
47922
7860
24429
20673
5183
11550
7388
19817
33832
17646
16363
2434
9482
13022
2658
10589
53695
25003
6097
322
1474
34372
33278
19334
20368
42480
34790
6862
12341
1396
15324
51013
9300
37515
1851
7200
8849
14870
346
5703
32518
15609
11681
24450
36153
11836
45297
7993
24586
46533
14159
244
22120
28228
9514
17494
20114
16279
28298
59226
12505
24792
30261
29419
21800
34832
14748
14763
29971
2372
8412
16649
25012
45591
1714
6145
53993
7949
18561
30509
19963
22920
16189
8880
4465
2139
46643
34039
20266
45222
15533
20113
19356
44577
7250
8763
6657
2911
14251
24788
15006
16443
11704
17045
39298
14525
