1274
26412
16364
1235
16111
14057
2439
398
16211
26200
6715
5401
31051
4110
49115
17812
847
56242
33584
43587
35276
7385
12301
10352
31796
30710
4554
1054
3243
31770
13443
7432
5980
32573
3766
36294
48762
13069
3763
45073
13306
3675
12225
2724
40986
44244
31895
11121
26046
15715
30522
23030
27387
6356
29028
45691
27789
23421
17638
24864
36161
35150
11156
18243
1968
4384
24256
6018
33030
30704
31059
15030
21886
11646
11090
6766
31823
5526
39004
31772
1804
10304
30674
44153
46143
5541
5194
30054
3832
39960
45865
5679
40427
9063
19782
39707
4977
17434
27668
2845
58010
27643
46586
24394
13323
15660
8891
18570
23395
21235
3282
15213
1403
13175
17607
44901
10850
3717
18195
21734
29809
6688
31427
2180
12026
10996
17579
23300
9757
5398
1548
728
49066
32448
7889
52793
2203
6688
7099
11734
31067
18281
53314
26717
196
10009
42499
26667
4215
640
15156
10050
44166
8639
7541
349
18992
3816
29
8074
7227
20500
3979
11570
16295
50296
27022
455
15841
12488
28597
37610
16247
15983
33962
43236
23146
9867
19864
27862
11750
44561
41142
2488
12464
29282
12657
37706
2678
2965
4512
13426
4510
13573
32815
34027
10542
22535
3032
28452
27334
55576
27617
35877
6764
147
1712
43270
6970
5492
7903
34008
2612
15223
20512
26449
27446
25257
7873
597
386
17390
13535
25181
11405
189
20253
21382
15020
21555
47531
7291
4768
14509
3
4675
13385
15124
8732
2399
32165
48726
7443
28140
32215
22402
22811
39116
27181
11934
9470
37567
1584
17661
12943
30486
55613
35593
47136
8061
12492
47774
47660
13092
12494
2175
17553
43138
5475
12806
30700
35122
17390
7898
3992
4871
24713
38541
8035
29837
4656
3637
16138
11131
44497
52021
1377
21911
9850
42049
22576
34115
8127
28076
11808
7041
30740
25365
29124
1511
30623
11946
49261
12593
4997
14081
10027
11030
29951
2154
22727
7162
47517
11793
812
6070
36081
36331
8398
3145
1004
39169
8378
2886
35284
51348
27187
16657
14926
28210
11216
9043
24151
42866
17454
552
1699
13698
16735
17628
446
22638
32813
11864
2572
15091
10280
50774
1071
17226
13274
1268
26433
9786
4326
24037
11787
9778
30488
12046
5829
4900
3769
22863
26788
6628
44729
7078
22079
11358
15316
41670
5541
3057
23226
2515
33459
20880
383
5413
16652
8207
12601
27931
11839
36132
10293
5145
13409
19601
14522
6515
22163
38569
13582
8488
9741
18675
21307
5158
20995
8598
13705
32890
39769
6064
3716
4253
13876
6907
9165
36161
2134
43649
5898
15038
30586
623
3432
1379
17314
33004
35434
3522
19988
15775
42797
20124
4235
9890
20630
4401
1073
28779
28850
24299
16094
11412
33042
51462
40623
2542
31438
26587
14707
12850
9421
13624
20085
6593
34027
13167
6775
29411
10345
27036
10696
3517
1848
19127
527
10607
14282
37854
29376
22172
30747
40332
5164
37612
25744
5278
3362
11928
18845
13496
10399
23878
44865
4743
2708
40901
4796
1551
14776
43577
29969
25238
46826
27513
46281
4332
4059
8409
20525
25737
3170
27549
21894
15892
31906
28387
1523
42774
6220
30179
16259
40524
20972
6036
10132
15389
43521
9749
4545
45882
23698
12581
28206
26925
32941
16055
3467
41632
4206
19325
39688
12131
44279
10258
12731
3705
18617
15990
4813
14118
1387
17334
7544
9706
1770
4262
23194
3160
29094
42909
18827
177
26906
4705
32758
8171
32860
23412
26285
8499
2348
14358
14633
353
40342
20144
30354
6340
27627
309
2106
16743
9389
35991
19125
14447
1545
30428
12193
33347
580
20850
46805
2342
17383
48620
5792
40692
20844
2718
12406
10386
33035
17428
21856
18850
12856
3349
27691
6018
9783
21843
7867
20194
34743
7906
8348
27784
55361
52756
35292
16524
8646
19749
22054
5878
32662
30760
10165
14178
40268
13499
37433
13473
56833
13117
24617
14588
46102
18956
27269
26880
30
24996
27002
14059
20118
33786
36451
45921
17093
51564
7609
3299
16661
42455
36306
15680
1808
31337
28448
9290
19228
12844
47916
31276
1439
13469
35951
31282
45673
3048
24164
40095
11221
37940
33566
7157
31682
51926
20786
26532
10269
40505
151
13040
19247
17743
14608
3810
32062
5456
17606
26552
1259
54526
10132
37034
31679
16807
18181
11755
25593
7123
3608
5533
35204
6204
24045
12470
9648
20684
1041
13610
9899
40628
42120
19589
30863
34748
19551
28903
31556
10970
15455
30598
13660
13118
3299
4740
12729
30256
8327
54403
17330
32598
16057
28518
39585
18502
34999
19913
38757
1978
2676
655
19173
16083
30452
6935
1045
23494
37805
32368
10953
3100
26207
1195
31095
20434
19772
31134
20069
47073
11101
758
27095
4383
14531
19131
22687
12849
21383
10229
7803
35252
11037
38847
37136
37555
16364
13853
16427
12724
4015
4528
39470
25173
20318
36428
43299
3322
18139
43932
20821
22890
51199
12930
10637
25703
39389
33015
6206
33590
44650
18157
19177
52602
18882
50146
28203
19718
17284
31411
11194
25408
5958
42196
20584
16436
12095
1157
50837
16427
4876
48470
21469
23204
14739
46379
1810
5906
22648
9027
45426
32549
16936
49314
8875
14472
15035
16795
1201
53171
27913
2106
27175
20573
3225
26830
2672
7323
9262
41945
48473
39548
26276
13402
34953
16411
82
11042
22652
41173
1232
26544
27160
38984
15912
15182
35854
655
43140
225
23577
35327
18652
20316
35982
4748
9309
52392
29972
14259
27158
37372
1901
659
42216
19536
1579
6400
25852
1786
9077
22922
22093
14049
45759
9141
14282
9961
6729
22792
27131
8991
3539
1231
19768
610
38241
2218
3403
224
2037
19002
23212
26286
20541
38576
595
12625
56169
22153
10973
21808
2339
27084
27660
6804
3829
20047
10255
36489
27701
24874
21299
18579
59365
43538
14795
766
11468
3157
1746
15301
28550
32123
33377
30462
3851
16049
31430
31350
8499
23606
711
29527
25251
29002
3491
12242
15870
49021
1785
8000
8953
25134
50132
24817
30843
18708
3316
2379
1935
1310
634
4057
24066
10636
34900
14631
6793
26233
7841
8204
38807
54106
42264
45970
36504
8860
41103
47985
20926
10259
29815
24413
12057
21077
14393
16567
27570
3057
48710
25496
3434
24093
7661
20827
7969
21879
6035
17109
4495
53120
6335
36560
29760
12792
34179
34867
17661
14475
4112
5471
28991
16177
46876
2375
32320
10933
252
9076
6969
25441
14255
39427
43446
31460
33195
32884
37273
17478
10927
1116
9937
46190
17589
32138
26466
19555
32882
1197
4467
12034
3657
7929
7223
4584
14713
25437
3215
9995
10364
18729
29066
37261
24119
41201
51847
19601
26898
4824
554
11985
34678
13998
20543
4288
30153
389
34864
42620
18558
11518
9562
16202
25041
31485
532
29382
36450
30376
28198
4774
33280
9992
4954
11832
16557
23132
23461
27474
45527
12208
29215
274
19116
46318
17636
30034
54052
23582
47044
55270
49945
19791
8045
9021
12187
18815
39485
12725
17811
17584
10130
636
12739
31044
7276
25953
31361
9458
12725
4696
6252
6176
6099
6912
5911
22998
17310
27684
20389
37430
47894
14596
18654
10593
38921
21517
18839
5129
6897
18496
37017
28085
1690
4068
2833
18082
8215
14972
28388
4742
7524
1029
26414
27168
10916
17756
19623
17886
33341
23934
10090
23231
18235
5039
25825
52547
1909
163
33924
3675
16714
10537
28366
16043
31304
2146
11949
1735
18182
29286
6917
14396
1097
3765
1501
40315
41
1024
19438
23013
26552
1359
3238
20472
14234
45133
41338
34795
36476
22548
31842
7237
2327
11914
6590
25919
2947
1071
24228
53891
2722
7419
8391
26849
34013
47452
6040
45819
53547
9828
30872
12801
18381
5372
32083
12295
9664
28532
7691
15941
10801
13860
953
37053
5770
10995
15331
25871
33651
41938
11108
1054
31260
15376
19348
15787
14812
1550
29655
14677
21354
45933
1157
26300
13634
26920
32385
6940
30014
10259
40636
21687
32826
2916
5950
41448
5337
15556
20779
35531
14654
10231
34023
21575
11791
11546
22567
28592
44744
27825
41770
35285
21129
12637
19198
8736
149
5105
647
39488
18955
5768
8551
8171
18349
10393
32242
3759
15513
30536
22213
14898
24379
26299
18558
22736
7593
9919
21299
8410
1997
19995
24872
5530
24902
39016
7836
26482
9200
5641
4062
25440
11915
30900
1763
2923
46303
20810
42180
7707
16324
7593
44148
36773
14494
47936
19672
29602
14112
36773
11910
44147
30930
28796
33625
16414
11281
20120
34279
1045
28828
8925
17327
11260
13972
4037
42678
32040
16159
13761
27690
173
2374
23949
1174
46971
50845
24190
12899
43789
13882
27473
19302
13161
54883
21247
45330
33449
29170
17918
1417
15676
6050
3174
40820
34072
10961
26078
30773
17917
4111
58051
28541
12645
11450
46660
14704
42024
49387
16025
13532
30101
405
1453
41118
28876
2431
428
17850
36525
42210
4042
27227
21515
53480
23168
2720
6145
5817
1713
7468
34202
53740
5328
47766
42979
34054
24449
5805
24403
13296
22658
46386
43005
33226
7687
12802
11089
30027
51232
12785
4784
34337
33085
45429
25692
21537
28695
9278
25075
18266
8914
42076
34928
6562
49879
8627
3652
19757
34214
19909
20198
25429
18444
14429
49947
5866
40468
18531
14516
12440
11150
16023
26764
1942
7351
17719
8701
8947
18155
4183
25869
15902
12185
43632
17550
42128
31364
9459
28226
11091
21717
22232
41714
39161
10230
6523
31524
13641
9494
17037
4110
25937
5246
23035
17452
3066
1301
39396
47936
3144
37197
31690
2529
7639
13284
17931
11929
14545
34144
43580
6725
1167
42893
28285
19774
1498
14687
29195
37667
21096
22459
40335
9658
6919
9982
11590
13526
18889
26288
10135
45855
23510
6562
6297
26324
33201
6696
7991
11426
8056
34854
21376
5200
711
14291
11208
30877
11607
34066
5922
11571
29171
7757
37231
10719
24885
55398
1064
22906
47259
16058
4342
6441
14671
21432
11242
16241
10294
47822
13603
7016
12362
22935
23532
50108
7934
550
28696
8812
4550
1561
49836
1156
43871
42429
15685
2744
11699
23888
9307
5293
18751
18091
38834
23486
28069
16907
1649
13115
41229
31728
22186
42199
11461
22460
15826
14685
48534
45901
23855
28312
40962
38244
9075
294
31510
714
45620
8830
52424
29137
7915
40382
15442
22273
27266
13973
15550
30765
14160
24577
26259
35113
15266
31859
29606
4247
17647
22212
2531
3332
18177
22827
28047
29151
10477
24321
20874
35019
20337
25103
11615
31624
34168
26146
5706
8330
33910
30320
25995
6834
41820
6233
26649
13074
21898
22015
48854
4262
10445
12643
2839
13542
3844
31779
48359
27198
16503
30467
35898
26854
5588
9941
8302
2686
25333
7768
9390
9088
5487
34364
27316
20213
22299
31198
30616
11605
7038
7164
2937
37902
22781
7627
15369
17482
10396
30685
40682
13273
7048
15873
47816
41648
3962
39340
26378
33273
14949
14629
10501
30471
14125
734
16010
6937
10908
6015
15519
19730
17471
30545
21118
11043
36278
27990
20531
21641
20956
2853
3183
14897
33399
20336
17967
17264
18477
33105
16551
37101
36120
45705
45206
32150
36720
22246
1855
36333
1780
18209
21348
12840
21532
9649
16996
463
35797
25109
18297
28892
14514
8006
33441
20215
17664
34172
756
5291
3970
30431
17586
10145
1167
24825
34469
1498
47035
37061
10364
36272
11019
436
28156
1816
17666
10561
15108
7980
26428
51054
1659
18208
25570
4183
5399
36856
5057
24984
9901
4972
8354
2292
18008
2178
3659
12007
11296
551
22379
45684
8886
27521
27658
407
6405
25950
26801
7
2606
54197
49169
24034
5463
4938
27138
35193
17275
20066
2978
11118
26280
6629
3451
38080
31173
28150
8371
34453
30134
13912
24857
42168
15480
4636
9089
27121
18487
53777
25332
25268
45507
17090
756
10667
2170
6854
34160
11949
21067
33301
21884
30967
1372
4478
10480
32770
11044
43073
35975
17502
24788
8611
13558
35306
6764
31014
33810
13097
23421
14077
9237
1217
19081
41971
29116
14106
28508
28763
4429
17143
3792
17381
14525
14212
4221
30383
5984
44406
19919
5829
32679
34938
55091
17926
16888
14885
5006
15610
10089
20984
12842
24415
24645
14743
7011
10508
15471
7968
3135
10832
36264
11835
29132
20443
4163
36140
22187
7219
24556
36933
15089
21050
6812
4470
17759
672
11560
4961
18929
38408
27236
6717
6150
10052
33671
13911
2366
49335
32669
5218
24733
21880
11731
6023
33277
18145
14452
24154
9928
35248
51150
34590
6101
39373
7384
20382
41065
6649
13597
27392
23302
4786
10870
13112
30364
44870
12792
205
2677
4271
87
23896
804
27504
30041
1167
786
12264
5423
28317
1659
18751
6646
18271
11915
19918
1158
4482
9770
38960
12609
21049
18315
10749
311
11941
13859
8902
571
6105
16097
17757
18786
3742
7979
26968
26577
22817
21348
3402
56992
23955
20792
23926
36414
19997
32291
7678
10203
3292
12518
28334
792
16141
4531
53381
31997
36924
43759
49113
31764
1461
13394
30617
1628
10197
21660
17634
24232
18869
24732
25386
8050
23478
2432
40050
36466
26173
944
21088
14301
17675
30063
12384
41435
720
30817
36431
11080
17416
21976
27282
10039
19012
4420
13304
23471
35265
32558
23185
32602
4932
51720
21727
9672
16687
14149
1304
22744
18159
47588
19415
41081
16340
14600
20892
27001
7243
277
766
36110
7981
44352
13135
2165
17779
39166
39603
46454
3568
14702
29332
15240
30459
4111
27944
45571
12989
2108
23784
54808
14102
41013
6764
3711
39569
17976
14764
18990
14943
9285
13724
25087
31255
2122
19948
3826
8263
9218
737
40143
244
45857
10792
13435
8605
48849
17715
17026
23745
1116
36546
34899
5423
48518
2454
797
15291
1187
24959
13898
12121
44302
18864
28637
19954
47747
15118
7982
4771
48163
5836
33503
35543
30936
10172
5756
56563
9823
41615
38730
43351
22546
6433
19962
9214
19376
33589
8602
35055
4345
32511
54887
23545
15737
6236
13468
17589
4069
4090
36487
27488
34646
3386
30127
1033
1805
32015
11876
23917
29247
13750
14810
43407
54950
12443
5188
5809
21118
30263
14816
9563
35323
11881
38121
10412
42362
521
10069
535
40500
10952
10546
1115
12631
5368
24230
20443
45509
37952
48558
13664
723
13301
36920
2344
50210
7604
10165
47048
40707
40022
20569
43089
11326
8405
37373
6405
25785
6584
16460
16943
13998
7751
1475
12298
16392
9295
3873
2145
10104
9097
12457
15563
22716
34405
9536
43601
27803
35669
15083
31976
10115
5170
13750
18262
17405
54359
14909
5245
55302
12236
34818
13417
17101
21043
29368
20951
46398
3520
23709
30301
41194
49138
34086
50170
6073
21210
25828
21571
5436
29330
38922
1031
18817
33649
7559
19235
27438
7517
1125
41145
25540
46885
958
41541
26379
17594
48712
51979
39383
5528
8791
8268
14818
3166
2064
9071
36063
48887
9080
24530
7540
12858
23566
15027
17172
2084
12920
36232
27851
5041
19299
25602
25030
8182
5557
22634
6742
11163
2662
38161
45275
24493
11444
6083
500
29711
42741
14497
2525
6863
13269
33541
16853
15424
19632
36033
186
9892
23030
28938
31126
22844
2747
41562
50530
1029
8007
7752
22136
15495
7734
5722
42332
51038
48538
41661
5768
15352
44453
27196
2276
51363
21356
5084
26509
6060
19461
2928
37877
12073
39944
9412
24365
31718
29051
2922
11415
36400
9689
23424
1357
8436
23950
10569
3366
3634
53058
17697
22947
16541
7758
20776
29860
38686
21581
1185
12838
17
23277
18852
21275
3718
155
9547
2557
1396
22110
28310
12776
29973
756
14880
41017
11988
29169
29709
11676
10615
36561
45390
17487
9373
18525
8397
10326
31538
29963
25710
6150
26261
14435
454
26357
12643
13845
32859
