33431
19955
17387
25766
27045
4526
24803
14727
51572
9055
17649
16364
14431
6338
9941
18903
26383
15059
6204
22327
14018
44003
756
1647
20888
37079
30310
21031
8990
11968
32405
31418
23197
6898
23147
39002
12203
16086
7070
24652
43837
31177
18435
17900
33699
19245
29823
13916
493
26455
2029
21283
12699
25326
30921
6348
55511
4454
35068
2454
22030
1458
57078
57293
12633
49018
138
13671
4728
7084
7933
3909
5624
12470
32058
1665
12317
15495
4398
5297
16549
24672
47171
34421
22433
158
3947
32954
18548
59504
19898
21715
23015
39464
33509
19722
27406
24676
17427
19366
58353
46799
4912
59334
30273
1419
17730
21322
34200
45683
37093
34984
3034
24753
8513
1427
23119
6106
13825
16711
4515
3150
20868
9285
8344
935
32994
1593
20379
2851
25254
25044
4616
7848
11806
49090
20831
20045
2217
16609
11761
18844
13327
32687
17914
44740
7585
20240
1141
1473
5064
28594
6679
12023
3268
11640
32517
2677
4407
24842
48326
11456
31454
25519
37912
33037
18327
43922
6872
36585
3209
28991
20060
28126
32849
3616
3050
15203
12598
26476
8129
3299
16737
6025
24764
18401
19346
4203
34052
3310
32103
7822
48387
12763
18072
18074
30686
39721
10372
8581
14548
21766
721
25185
9675
19644
14412
22355
47149
13702
2104
28174
2778
26461
21409
24194
27204
10659
4418
12269
9597
19348
834
2725
29686
28703
50287
8108
17932
23782
8390
18077
18527
6885
19301
4528
4773
304
6799
29464
53393
7134
46485
51323
22758
46964
40508
20555
8968
17990
33140
25857
39151
5131
11139
49286
25668
39744
7214
4347
46220
18308
2591
12293
6278
35412
28575
20959
7183
8336
53803
8323
6825
3115
27920
1818
14136
4800
21035
10676
3184
21401
9680
24765
8238
38812
535
2853
7456
10497
48006
5415
5709
15936
9023
40555
37761
2268
4640
23246
15035
32273
12316
38763
29634
2157
8566
10949
23986
7726
2284
3994
16439
12357
29331
7932
19543
19462
4817
11200
29329
59131
32994
6328
27296
9298
6176
7221
4017
29534
18425
41431
38506
34780
18496
32306
376
19760
6437
34988
30170
3011
20959
11453
29077
18008
8878
47305
32164
15897
35411
6487
35286
9888
22107
16912
40314
39829
31799
35610
1843
34140
7082
29003
22066
742
2102
41331
28022
26965
16837
11209
35228
10718
16960
12582
11953
1923
4333
35373
15040
17430
16489
8678
27232
9384
16
4487
14208
27021
8439
646
5530
4424
37397
40234
26667
47045
36205
10572
24147
4296
15848
13962
50668
15573
47139
2284
28694
31228
35679
9509
28828
27633
6983
16301
36379
17308
34264
30959
47764
24853
1561
38185
37690
37774
12931
8887
16827
9337
30988
31201
18986
42035
7914
29241
21961
36193
49174
14360
35682
34893
1728
4499
10906
30982
40204
33724
16821
24320
6142
17777
43160
2599
40770
13127
36799
15680
21177
32170
1918
2212
34885
8208
18698
34539
35271
27004
3735
16251
13509
176
12786
5924
1603
934
11538
6221
37313
32235
9796
5852
26870
8235
6
47813
6739
32251
36643
25145
29234
5569
18944
40906
20239
15692
55333
20345
25968
10716
27890
40107
7534
30261
13751
9617
41799
21121
33998
11232
24346
156
29704
4539
11073
25574
8252
28394
15844
4090
19857
1595
5059
16551
14599
5669
2984
5538
34499
6686
15779
11415
5030
26874
29676
32488
11653
1056
15328
45668
46950
33140
5265
25406
1750
13376
679
7214
25593
7748
28116
14517
38161
34736
26386
12941
327
21798
30720
21982
4672
46587
51965
24994
42052
17757
8927
34573
3012
19173
5505
12927
46926
1758
19446
31382
14999
22309
17118
10047
35699
14226
8636
37707
36470
26359
9125
21989
35805
42553
31519
16896
1637
40343
3276
18738
39136
21558
30093
39584
10411
23145
41458
41121
2907
18011
36460
33075
16412
25700
11246
16516
44237
23853
29651
35355
22497
50536
6222
13002
34585
29056
25077
42235
23367
45767
9671
8688
14052
15299
521
6658
47521
8094
2977
2478
6154
8161
26169
2836
11747
51514
4644
47228
13685
6909
19546
7586
18169
8169
22802
32757
7742
8543
25057
25815
35286
24520
20172
37958
2877
30388
21224
33585
36664
5787
695
16012
19685
4474
30963
26847
22302
42109
18630
7140
14054
27741
2126
13621
16584
17093
8957
10292
20751
2037
11126
9668
13356
27993
25174
47372
30541
15601
29686
30314
16526
23897
573
15038
22026
11297
19784
12308
53378
135
45030
8538
39044
10771
12151
27281
43671
3282
41560
27538
27733
7883
50109
11965
44417
10236
2513
31769
21253
24322
13872
54023
16819
29655
5350
39488
14767
9715
8818
12266
20014
11278
15738
24550
85
38896
46127
45490
36301
22148
28686
10208
42731
6528
5832
9500
46735
35527
21254
1915
53973
5019
16787
4242
3955
16025
2283
7535
26442
16981
11880
11697
17880
46464
56926
49184
10421
22570
42794
9387
17494
5103
20231
22286
22892
35404
15275
18750
11911
16765
3866
4124
26773
23834
10366
916
12194
2854
20863
20553
20561
22383
11900
27212
4041
29065
1063
32428
44252
12395
23845
15081
28119
29188
30431
12912
13636
1523
21463
6680
39212
26244
9986
18411
40398
12483
19784
6848
12427
25227
36720
17444
17496
22044
52958
32790
1874
18649
54246
22129
24379
14256
6471
15930
12776
11273
25259
46274
8786
6525
10694
32418
33844
3279
51132
15547
14781
8881
9267
27125
8803
1794
36162
7535
29830
32394
16632
16544
38541
5067
30911
1008
23488
12754
8686
14839
4591
17555
7424
14601
26662
7281
41206
20419
48395
18854
5404
26905
32436
11594
9177
42539
22670
34595
23105
29207
38312
21677
36282
35996
14955
1647
4579
18255
5872
9557
19287
9966
27465
22445
2169
4117
2432
1311
14168
7618
48565
8694
375
13421
20435
37803
6921
24973
16955
17834
11061
20858
36533
27114
14069
10561
4445
28641
3325
15550
28457
16933
5751
25280
46333
17015
39867
34512
11632
44724
20199
8225
43490
29390
136
21051
19657
32574
1895
21130
6080
21673
8336
11900
2040
18409
13038
17920
26318
25529
18180
17089
5694
3799
22158
39791
11525
37896
34975
15141
12047
6301
55169
32689
28977
23373
20730
3895
43399
2010
1967
21296
4145
15454
9680
37725
43118
48541
25376
36686
15341
22261
31029
14819
37245
12543
11897
12937
41468
14699
4278
49602
17379
14440
17239
10201
3181
4691
13012
27017
15552
7273
16151
42655
4616
27598
11056
5890
16188
7796
40663
24536
6409
22978
27105
42960
12040
15492
50363
8457
14524
12567
38562
14404
33323
21389
21362
28002
6278
8484
2840
37054
28015
1514
8238
39551
10397
25089
2471
35500
20814
14164
1086
28771
44260
7027
6879
38703
7110
9416
26781
4915
24713
7794
34161
20070
24794
3353
26792
10652
8884
27272
43145
11110
10593
4410
40881
55476
5804
1197
45902
2307
13648
9422
14603
5311
11960
24379
12136
8302
41318
7748
24666
29547
37969
16943
48078
35941
18940
23597
3600
13791
16409
6769
12715
7244
8677
1216
36120
17002
17661
32100
18621
11870
21625
39115
26689
1165
43963
17574
42551
8818
8443
21907
4053
2035
208
1863
35880
4047
4707
26033
10830
28595
7515
3887
19109
32725
50805
55121
9149
17423
25152
3963
6414
2947
109
21591
35178
31273
26230
4948
17506
2824
10965
23009
15567
35937
21566
38358
11165
17060
26979
30875
19031
38557
3284
38763
42733
32007
15934
3636
9615
34504
7582
15644
21103
2068
19406
6917
36917
20992
13293
42275
5736
27633
1035
39370
33064
3207
37164
3570
6264
31282
10420
16755
24559
14658
26250
18201
49105
33728
45793
7323
17831
14870
22975
23073
31053
15487
4368
22670
12260
14262
12113
8814
38033
24347
28581
8479
16348
10796
13531
2203
31763
6781
32581
32389
44143
32294
4178
4226
27650
31185
4051
8309
15193
17742
22203
27034
5173
38805
12342
18202
9492
8783
17078
9141
8269
21068
38628
11012
14661
18709
40109
13600
18091
38902
9417
40861
7179
5749
7363
2272
2885
22825
36893
44785
656
7413
28025
17273
34552
3189
21447
1623
14572
44869
49492
2608
34354
34559
29137
35975
16151
21964
2898
32715
54888
27565
22693
49660
12958
3719
341
1483
2889
9211
5235
8466
20407
11479
2356
25060
12795
4284
29674
22308
28022
7049
14244
30964
37081
6122
8259
43924
30337
33104
20347
25531
1901
10336
15519
5786
51844
13535
31126
41065
35881
16704
10598
23537
42360
1011
17793
24177
9011
26294
19277
46922
30104
3509
7778
26237
13348
31152
50259
8226
25353
5762
8981
13228
9161
12058
12726
13175
4933
21997
13257
28121
7219
22598
12843
9166
33145
23540
13949
47128
1622
26610
3481
28115
51011
12320
2795
5902
21761
10262
3660
24233
32614
10371
22446
43570
16298
2685
26237
27536
16645
51625
3311
6863
55484
36825
3677
55158
245
33803
36233
14363
37031
1426
14852
39084
21474
1346
22215
37649
8671
1012
20137
10
16954
19654
34309
20249
8048
1251
17316
48413
942
39915
18789
10939
4919
5725
280
17398
9793
7530
38555
253
40036
3043
45303
16393
34656
8461
46747
20228
2479
2688
15206
19583
10183
904
11348
19628
28409
49825
29597
27848
29854
6253
3654
2670
17983
6274
2286
9744
7937
26561
21605
4508
5403
29145
17516
3223
45723
35496
11523
27052
15897
33661
37393
46647
51525
11671
15412
20595
16606
1218
1025
5331
23677
25474
16082
55152
22385
6726
530
3675
37485
15354
46710
36700
19727
15733
36918
6512
11557
57120
27128
788
31802
20547
3331
35476
1319
1712
18182
16480
38
1600
25030
313
19589
7733
4025
46795
8252
2078
9218
52271
23044
10333
1236
14657
13413
43484
10805
13344
37357
37108
20678
1822
10572
18795
43329
27279
663
24630
10941
2120
51856
17706
23934
44553
679
9613
6627
26737
6968
21137
18293
19269
3150
21898
39299
31407
12734
21878
51974
5724
30363
22144
2924
15619
1944
25197
20048
2439
27338
15987
21717
16005
22559
14339
42688
30237
15619
52278
7102
10262
37771
16365
7314
37502
1728
24953
3100
35032
11526
33402
10281
18240
44184
31048
5996
36549
4402
4809
43725
1345
43984
9845
16789
45577
5037
34185
21508
31748
21555
18533
1775
17677
50572
44631
15926
8068
5438
7924
16388
23966
24749
15368
53725
614
14336
6606
1294
987
6245
51509
10738
13171
7153
6182
47054
9229
6226
40307
24309
4042
20076
12142
7396
4742
153
38038
26625
2214
28675
15070
1390
52055
25694
41828
20887
34011
6865
74
22730
13380
24422
58487
2455
19228
3473
17205
45819
5407
30305
10464
54113
33851
2253
28037
12752
5500
20711
36380
2591
26745
26505
28930
23377
30487
18738
13679
19093
19736
18610
17893
20038
1233
20457
3723
54090
20251
3935
40734
3857
8657
29470
5120
9838
32417
1026
4305
11271
29402
39073
7329
3376
20404
7107
40587
4869
45649
23638
2006
24652
30017
6946
31503
7168
4041
17976
34050
16757
3542
7351
21544
43101
41802
24988
42972
13963
12151
2800
9377
1830
32536
18017
5760
11336
12654
19590
45038
17100
2775
10984
28623
2239
31901
18145
1212
39426
38722
28085
11788
6433
18668
4000
24350
22095
1402
5162
8691
10733
5392
14745
11014
3517
32944
31511
17352
21850
9414
21125
4842
11349
3100
6181
28195
19357
53688
12656
11997
14846
14076
8403
14901
20407
26763
19525
7083
36215
9310
14347
40586
29480
28561
8877
17368
57563
19984
1622
31074
1205
18364
21740
43374
13886
27320
46146
10678
20994
15892
2218
43020
14218
14361
36474
49442
18690
13920
6433
8649
2784
6606
33797
16783
875
18709
9226
23239
20404
26478
17749
8462
1594
12917
12784
18251
12058
279
41775
39236
3188
39803
48303
21165
2000
29084
36407
37999
51650
40804
23200
23929
7027
13375
17058
9889
3131
26857
12013
938
33020
30271
12925
29516
38194
29240
44084
11804
28863
45917
11986
1273
11511
4060
31609
253
19119
20800
57327
33124
29175
36666
22599
17642
14122
39008
34667
6899
3048
3751
12828
36706
18998
14765
12591
153
3820
16183
56222
683
11208
17363
24945
12661
28373
20021
39180
30806
34006
7585
13170
27347
37747
32158
814
23017
29745
47012
24697
11922
20019
34879
32200
1582
32385
8047
44065
45925
28704
12660
24855
8363
43329
49182
14944
3599
30464
12984
13854
13492
33350
21235
9741
2641
4094
23754
43249
17557
54568
13948
10949
38353
50786
349
27606
26049
46801
422
18767
27508
11651
42602
9377
42180
24486
2891
25305
18865
11822
28309
4350
42462
24622
14605
20601
1804
10687
17637
24922
13243
34607
12338
18216
5570
5946
4474
4804
55826
832
10089
1111
42242
21066
20774
25505
41751
36943
28101
21982
9864
1926
16391
6999
3741
9169
21546
28670
15743
11478
6368
1994
42167
611
25105
7653
8567
12737
9356
27169
7448
12300
17936
25082
3737
34227
12482
30647
54868
26498
35131
2836
17079
26216
47355
38400
19965
3828
13933
37132
10693
32034
22662
16646
27321
11032
44780
597
34936
9486
25283
41105
52786
18243
13152
30266
41965
19972
49089
544
4752
10684
42182
3935
11798
15998
19348
19412
5283
49069
12562
43779
290
31477
18350
1596
7058
31651
20394
5825
6192
32387
27249
22324
15306
2075
26789
8906
4945
31479
1448
1008
16999
10025
41915
9031
14477
3094
2106
37813
11690
34470
28851
49506
6680
15308
3831
6709
49351
22079
46998
8126
32333
24368
39554
11946
2359
13687
37726
3678
21135
11437
21186
50571
17383
1812
42617
11829
10813
26468
36225
4865
51050
15692
14283
23716
15288
12420
20114
9900
51838
11049
718
25000
21968
6425
4139
22834
42349
9472
5682
4033
29946
30609
50732
12007
8864
22855
8134
11960
1867
15502
16669
4768
26053
13928
2929
22341
8499
38803
8566
9022
17984
820
219
11327
16651
26026
31271
11915
17156
7929
11545
38273
45132
32424
9584
25632
14094
12784
19421
36614
32547
40709
18964
20731
17549
15826
17652
9634
38976
25691
23400
29037
2042
41137
45295
12220
23173
21401
32430
8102
12950
34184
5023
4163
10877
23154
34758
14515
1592
39921
42516
4170
33056
12876
44442
52228
3647
9987
8
4151
30141
25960
47742
30825
392
24343
36981
42383
9809
13580
25699
2115
43731
6087
17670
57862
4494
42430
9721
3508
8557
37496
12837
15810
20664
37315
5568
45338
7508
20828
50383
14538
28976
38327
18839
37100
1540
15090
18705
42576
839
19485
10897
41200
11453
31251
8558
18170
56809
23871
1769
22639
1023
19641
11529
38360
37242
42694
3387
13702
6781
38869
39082
5991
27862
37021
30064
21560
6173
31275
28528
14714
20772
49318
11089
22005
14586
49981
8112
13010
11242
14758
6106
36269
23625
2044
45717
19949
131
36820
1242
6492
51355
18441
32232
45965
12456
26819
18745
45997
1029
15939
17411
2029
35123
6490
1173
45829
41140
8489
37003
26166
45475
56125
45524
25741
50464
10930
5618
24249
5209
1843
26333
15509
25151
23629
45694
7197
29445
33307
22507
32408
5698
2047
28449
38553
43017
16070
21180
6649
8864
33821
22132
36427
13265
19884
18880
37207
4482
18783
15190
28498
9166
238
40536
2057
29398
23921
38551
819
19535
25398
8668
15888
12280
37332
7618
50885
19159
23469
3037
2373
1615
4019
19963
7965
4730
8649
18042
34242
27005
724
8050
20157
23863
13725
25124
7020
1074
45970
21680
13167
6819
22209
18991
3403
16849
23923
23655
5170
46485
40048
16888
28408
4814
33764
34692
37703
5758
2182
45740
55366
43611
34395
20161
2423
5028
18687
37488
15923
19058
40606
21050
6907
35659
2707
18425
17468
50059
33545
13103
51554
7628
11761
9309
13628
14680
4302
33123
24040
38311
8887
13507
32887
317
9606
16298
44102
34411
58850
206
17852
14814
434
46341
26574
7209
