13436
35282
21863
24567
20973
26573
13831
38017
30641
29509
4386
38062
40365
8352
51527
24696
2882
35247
17839
9576
13707
4691
6720
12020
18887
336
5678
12712
51861
7631
25540
8536
14238
4923
16257
25927
34417
37054
46390
14019
25034
4608
6662
29890
7796
17236
18451
45329
4955
34001
3757
12162
35650
16513
32946
6729
27908
20927
15404
40489
3394
15615
18745
47396
48862
23132
31633
21891
26185
39120
5098
2966
12569
9414
1227
25905
8589
41416
8200
40059
3926
21705
19601
274
22931
539
29236
20840
191
18934
40563
35875
9546
37134
234
46385
13069
37420
2669
22374
33788
2121
47
48659
15320
20031
4602
13101
6134
53921
36242
5330
40751
7114
24685
28041
10306
12540
11228
35243
45817
22603
7713
43658
25728
52266
23518
4077
46136
9670
14881
22181
38914
28910
3201
42060
10101
14087
39709
2621
30847
18305
1755
27197
32483
17344
9664
18362
27006
18199
9173
30720
38847
53548
26412
28093
16980
39935
9408
13454
20998
22465
4021
29237
36354
37151
437
16214
13661
21037
10669
6196
29756
36748
8511
8089
40139
32392
15090
5841
8106
21325
1668
24070
14591
32121
9566
21676
200
9428
9429
13128
27356
31931
9513
2210
4973
3691
6624
36466
29934
8665
22721
54825
27952
16066
23702
1658
10977
22410
7831
767
7970
36504
21399
4179
31672
27934
36540
27567
25030
19150
6411
10927
8590
55045
8848
35577
6551
7485
4961
48771
15883
35752
3642
27700
24800
46693
41947
14607
17813
42063
14365
33273
3555
8750
4572
17385
14102
29839
25286
32968
37256
17032
20765
3948
406
45926
25887
14294
1371
3652
19728
9010
31277
17589
2703
2272
1009
33709
29604
40286
7098
25067
13145
26035
9188
30969
694
784
9270
16799
26592
28864
13721
12034
19910
25867
21120
6302
10506
21536
1504
165
1897
11676
8718
38020
53306
28894
25700
8645
158
3473
11167
25651
33070
9025
1060
29439
45805
6269
11362
5552
1687
5629
24143
12435
7780
20604
20425
36628
8535
437
24922
29537
30673
1985
40880
4308
11454
11388
47589
30874
40484
4055
11006
27519
9111
10837
36677
6619
39552
27139
21246
9099
18248
25377
25612
16755
5223
21108
10727
40931
19162
5652
58
44047
48732
48409
46600
2023
27386
23070
1342
48365
32192
29192
1801
7900
38468
17688
2337
9167
12761
4907
19697
44952
49715
8017
31337
9634
7533
25554
37633
32754
2845
2239
11534
27797
3190
33380
7789
4181
31557
13976
20825
6100
17025
5350
20672
24391
25803
31296
23523
21461
32463
13933
16803
18999
26921
14083
26426
8554
7286
36383
18447
26178
19731
11846
33035
13024
14367
47355
5575
54122
29127
23415
5219
34965
27538
4534
29583
2482
778
27812
17958
30452
14593
51547
21849
8342
13876
22349
16092
19882
22203
5276
1053
2690
13840
7156
24152
2886
25891
47690
25976
6475
46254
23746
21684
11477
19540
39062
4587
48525
16999
8759
23884
42304
51240
37293
30334
13259
38566
21923
31714
4722
44485
30251
19612
24330
31303
21725
9573
21183
48242
12085
10209
49026
37432
6246
2224
12630
10313
22889
45373
31519
477
12761
18781
17275
39293
14061
5489
28962
9491
21165
28335
11191
22922
1792
7359
29131
10210
8844
27443
7254
1792
22544
24791
2531
2685
20598
18893
3052
15246
21397
18803
1608
48595
8945
12800
21088
19300
28275
9463
19177
28097
47119
35364
2210
4384
6438
47570
39903
14125
37513
32594
1207
21549
19704
23957
8535
25258
1485
12670
26484
16968
18887
25725
9533
16883
19946
661
53771
18442
25115
32363
19314
20534
12065
29403
8542
9710
7165
21709
1372
38286
21711
45334
45647
24449
8489
16854
7779
28162
23175
11602
22043
4725
35587
18817
6052
31778
6370
7147
14670
32020
39342
40157
1034
6876
32052
3828
14472
25998
1377
40556
27006
24013
4856
22321
21979
3997
10506
2049
41517
9929
21871
9693
26736
21255
8624
6508
15466
10013
1113
46533
18008
24761
996
44391
19678
6773
8253
32753
28884
28279
923
35629
16464
31194
31880
41886
31961
21392
20139
44644
20594
4224
22663
21434
4746
8703
4862
28800
9234
2116
46910
8500
20410
19917
10873
39344
49079
11017
5657
19818
25121
9696
39705
25476
17528
44764
23347
12415
1398
11901
27152
45475
12041
17333
22937
16815
26926
13435
33516
34259
36626
6822
14452
36748
14806
11739
2630
37303
6159
20938
11700
6024
9456
29724
7089
11302
10522
24979
39870
33589
13312
36134
11707
17858
26777
40
1288
19590
35934
33205
23674
35578
45127
18620
25541
29167
42882
20376
37492
4505
3506
20438
8986
20997
27663
8726
38274
14220
34357
22526
26198
21666
33286
7724
28553
20139
14643
4171
12769
37389
37620
22869
33079
37110
25769
28353
27908
27511
45625
1382
7613
17102
26288
2961
31027
44248
22363
11619
19702
21513
18585
3769
22717
26250
8163
4697
51432
44062
1148
52875
19460
47264
26209
17401
5790
16325
4220
18761
9448
37927
10198
28089
12767
11567
8902
6722
5871
37261
23431
50544
10397
17375
13318
53904
44164
26804
1800
28331
30290
23200
34109
4413
28062
50568
18008
5790
26613
24094
41371
29255
24900
5745
10995
1814
14120
30226
48443
1987
14040
26463
18480
4897
21031
2151
7900
10216
12951
16308
16475
18463
6226
5637
542
14912
6795
25703
17024
31678
13169
19129
5454
35503
36277
41191
278
17221
41227
561
15659
25478
24172
18585
14603
26240
33605
24246
3644
2489
41041
26248
24349
13817
18570
14219
38748
7312
23138
2884
4147
6246
22721
15587
26409
10346
25368
43304
13662
12405
27005
10503
16630
7718
18846
8957
37909
3086
9904
26414
15282
21700
34096
15315
2445
1448
3995
11761
13863
5570
6901
21913
19772
30659
17778
3407
28711
6095
34253
2487
49145
23330
7449
3508
33690
58145
23309
9510
9082
27827
9751
43930
20999
34500
17870
36
28163
18883
13725
16565
17782
19970
6923
7994
3291
32402
5199
38585
37255
24917
22633
26072
1260
20636
6297
8108
48009
38022
5809
33863
13531
14929
21210
12742
14455
46716
12329
4975
56878
56165
1399
4034
11883
11171
19571
48250
11084
9137
15979
31401
25187
31648
31718
22355
34900
37328
9736
8188
50376
42584
26523
17714
28413
4289
37167
52168
20627
10358
10837
28518
32784
9530
18859
6550
7915
19031
28004
4768
26048
9863
6018
2870
23974
26163
36580
38582
42030
5095
22463
25392
45963
22504
6320
3680
15906
52379
8840
16255
15861
6510
8851
33579
14766
6169
11339
18479
56792
8938
48703
40877
34383
13274
16546
12135
2374
32848
13458
33253
31509
12614
29154
9854
514
23876
20876
2235
41356
12664
8413
17032
46906
32063
22793
5185
49837
14142
15796
4123
2817
21362
62
13615
19105
17776
15705
46391
2070
2721
6661
35220
42330
1739
26070
25288
5678
1720
24862
36642
861
28735
7337
6361
40954
19349
17476
40524
43161
25531
386
19794
11195
13698
14531
1218
2030
23841
21505
19677
25123
53785
16514
21547
12680
24323
23482
38935
5035
30938
14398
10586
18202
4694
26449
47106
2964
8646
34926
6822
13627
4533
192
1993
27996
30151
17816
7104
1097
4927
38238
2694
10636
7612
11984
10647
20448
47180
39106
7848
14327
4730
14130
27874
6466
30698
7227
2407
681
38302
6383
34114
21944
28340
50551
47938
5880
35615
15899
8190
44028
29063
30680
45390
17506
39135
12861
24245
10904
58393
46916
10239
51356
1081
7225
57168
35289
41006
4032
17886
51933
7784
20256
33378
33414
15752
38257
22850
16503
15274
42910
39954
34093
17430
25585
10841
23011
9912
6308
32990
18837
53033
3230
8155
25686
44144
10
26485
244
3147
29507
41355
2689
33860
20308
30082
44694
7206
11439
1315
45495
35564
46619
4886
4015
50259
1559
23994
2218
31271
34969
28964
1740
24723
1739
3598
15960
13710
27163
994
15355
17886
26215
6156
14873
44770
10266
23183
37093
13363
4737
14473
226
21178
18401
5735
7564
21978
7732
12754
3287
32851
7491
36414
19571
6187
14980
3367
8241
54484
8495
9662
43171
38074
4020
53324
17238
55305
24354
20721
37654
10422
25687
6809
37182
25998
2025
50478
13994
21946
3262
7355
5357
26833
22758
10752
25808
33158
15599
13500
15805
4272
8053
20961
18483
26334
33884
3430
40651
10629
1651
37465
15790
18758
35738
8449
18483
14607
5957
16278
14104
5835
15688
35995
40279
9636
40884
1962
30063
12855
15334
38930
2555
28609
6269
5093
30851
1185
46165
20482
17395
10664
28734
19655
1441
31833
7094
33096
9176
3835
25959
14729
17202
26547
16735
44474
34275
8115
25285
7784
1213
7702
1544
47414
3557
4193
8205
33869
21723
5784
39060
31005
32762
17098
50211
17715
13684
17774
36147
34758
3511
569
9409
6198
24975
16379
25582
6179
14877
21044
12414
16926
34706
18717
30067
20192
41362
6777
16234
47141
3729
12967
12855
11597
2525
25564
443
5223
6734
7984
24461
12977
21028
11873
3778
2535
2479
16141
3416
42088
6767
29927
1762
27556
552
56443
6182
10299
25742
4670
603
2435
27882
4772
32044
21870
13205
24558
20061
40773
49855
8181
30079
29526
6299
19036
36192
46981
46073
4698
4189
6086
2488
45398
20085
868
40309
27521
26010
46934
20328
2799
831
4526
48087
17140
6600
17788
14115
319
22138
41652
53794
3584
37063
2380
3477
48279
10258
29927
36787
41381
24454
1116
23745
26259
41131
17206
1443
23930
37011
9531
44234
43730
26962
5391
2814
33500
11050
16786
29
45001
6368
22868
6138
2334
17717
28138
13767
33020
34190
12183
4988
40899
58278
19673
56438
3205
3557
37379
550
11031
24938
5753
315
30612
40329
4352
26833
34756
8509
10194
13410
5369
25442
16986
14606
1910
4432
29353
54546
11517
16545
9819
25889
3869
9822
22110
50697
16528
16638
13680
21806
12054
36795
1244
13547
18507
20430
45020
1760
343
6659
24283
15501
6356
16374
30286
41346
47219
21474
18175
563
28374
1454
16168
31724
1347
44664
19552
19325
22780
28266
43842
33745
22894
5540
39105
10170
11350
21493
13362
26355
32371
37637
25329
32604
20394
21541
47285
43087
1788
16347
106
21596
638
17175
6941
15403
7753
17742
45206
3698
22613
21624
3022
172
17748
1586
9643
32522
24634
24416
7166
10599
16799
6323
15400
11636
27357
1799
30157
7073
32322
6060
25151
5764
10651
20895
7848
24791
16180
46151
1720
7071
1136
24656
8536
52467
33332
839
38294
1703
26819
14230
1309
34972
6787
22461
10312
51012
11725
25624
9922
13104
45991
5651
1898
16707
21474
35901
5484
18909
4735
4564
52308
8567
6806
2599
8313
7091
51220
21879
19254
12950
17461
11679
26137
21582
13774
20189
27927
34004
28704
19685
1262
18155
21647
26057
11790
26331
13023
2262
36859
7969
11735
5709
11553
33427
1575
35573
10744
35976
6288
43925
17862
22026
25930
14492
27144
13554
40034
11936
13561
5132
18903
3848
30294
16129
10465
26385
33310
43315
28781
32677
35072
24259
29374
8577
10592
513
22336
50886
36682
21750
20787
17355
1584
29275
45518
7491
2780
5587
1272
6798
16556
5124
374
45041
20418
1207
13781
38908
30388
29428
8210
32573
24979
46124
2734
819
26315
33169
46691
22978
5699
28407
15729
24417
7336
19836
8806
28860
16271
3614
15196
11528
6818
12725
284
28884
43023
31878
4243
6428
3813
7153
15362
12186
19731
10308
20404
14686
12498
25619
2140
27979
9692
6463
12268
20410
11533
2743
13736
5534
37384
4845
7443
10475
1983
24990
33617
410
4611
33335
5390
29252
5113
18791
46997
49794
1651
126
23803
15615
44560
11451
34894
6137
9866
20211
922
5835
30020
27637
19295
25859
2990
8293
19341
7141
47768
20892
42091
2691
2545
38359
27684
912
23265
3881
18205
10191
6840
8480
8603
19343
21617
1355
17539
26582
5057
7063
28841
38756
32432
21452
17389
19554
10505
31529
53083
4790
37868
2587
1052
32732
10947
50469
14120
1396
4341
13942
37326
31599
9384
35026
19688
11119
59223
16954
28135
21819
1745
439
24550
40718
9770
21194
21563
29790
20577
45413
19862
20453
25870
12238
4032
13116
30994
2581
46715
32545
33775
2108
33268
4703
43188
11021
25496
12854
38540
5478
23807
51848
12893
14622
21355
18695
20645
3337
42494
18986
28392
24515
18429
18876
7316
24373
3978
46499
27472
13561
27854
21010
14748
3535
8181
3969
10095
2834
34615
13904
10381
10422
17704
43650
26529
640
10597
12191
13949
9519
10985
23260
33813
3648
23225
30510
9215
14354
1748
26058
6357
37452
30584
18968
2898
21957
28606
12773
7029
26516
17733
34937
17964
59107
1890
24207
38419
21780
11152
24843
18364
13929
37413
11145
4294
3968
18827
54068
15265
21442
18683
30576
1511
31616
7946
12240
4373
26271
9873
31710
10295
2334
2479
21467
5959
4753
17019
14553
6019
11992
8849
14003
3438
50160
19801
10531
5248
22394
32672
24011
11397
24854
4459
17283
19091
10462
14291
24055
46279
28137
45292
4191
21497
11248
20756
3107
20713
26771
4461
17339
11051
25286
8276
57023
40989
8351
10306
49665
4813
25795
20939
31053
14389
5114
8535
8073
25972
19840
11518
18722
36610
28540
3282
5692
27740
18248
21157
7952
21176
9497
27372
18920
9976
15466
21908
3847
27594
14832
39088
48836
40364
6799
5091
42056
19832
10518
6555
1322
16286
39683
51527
36268
5777
1734
8157
8135
9846
39075
55005
5362
5515
9994
21633
22283
45074
22206
5045
40723
46012
19734
2089
3011
423
7078
6489
23784
35635
53152
9083
5885
8669
2554
12373
45302
1261
2560
14593
12013
51308
12713
34011
9815
27362
429
1129
25364
4276
32991
47060
6701
28574
30889
12365
24821
1559
13080
839
27784
35084
40479
50008
42763
13108
230
18122
2697
23235
13687
6370
47135
18979
4565
18987
10482
23581
33382
26851
739
13386
4415
41180
10155
9135
29050
14840
33745
37515
25743
21658
34596
34611
31505
37481
48579
7377
1095
1852
49515
44656
35444
106
6760
37187
14924
34270
10857
18704
34730
7975
33982
45852
6588
21704
28099
266
14940
32330
19425
9553
9489
13132
14992
30582
1401
16134
20371
29182
12572
13449
18756
37851
16997
17067
79
5822
41634
3709
49316
1536
54448
11777
22456
22872
4874
14615
19304
17531
38220
49501
13018
36144
24990
21778
3872
35800
27107
19338
47023
20399
38057
20831
30179
4421
44577
35807
4313
40939
2967
33550
10535
12787
8458
49314
44564
32936
40516
39071
38332
23628
22393
41713
33279
16826
30402
11794
22573
2489
13888
5490
44748
4029
15942
30214
7765
46388
34195
14849
21888
6615
33895
22172
29104
822
2834
15011
33014
18311
30113
39891
27987
28601
21883
13827
8783
27613
3006
46881
22517
182
14814
34704
17933
7686
39172
51800
203
37696
5401
30479
39325
18584
20033
19262
36447
47100
16845
25223
14008
34561
29750
7321
38136
14661
38133
2825
15398
16709
14635
404
3319
6011
34959
6326
12757
42292
49555
27632
17617
10410
3148
7634
22067
7440
44851
12058
26047
18778
2231
47213
13194
13204
49049
26661
27976
7138
1478
4128
9329
35283
53223
16331
40714
9424
41819
43050
20015
41606
2354
46932
11104
36372
30757
43275
821
29546
30042
5104
38195
24106
11659
23187
12693
17954
4535
2101
15613
6100
11557
24977
5050
20433
40412
22050
20
15065
7032
35978
29313
54902
17109
2506
55309
20361
21864
27792
20125
32461
8078
30156
33094
30758
25738
2890
14880
5922
7810
33574
47842
12050
6754
39812
14820
1858
25218
8039
21894
12488
25034
9563
21205
14203
24148
8625
5866
33019
40192
29279
33926
20569
31717
11744
11705
27044
31052
38789
36713
28712
44104
11371
18693
15662
30438
26194
40723
26871
3819
22912
29511
8072
10938
23695
17537
