35
58
43
60
49
34
39
34
17
59
27
47
25
44
49
63
22
40
49
32
36
42
37
45
87
44
28
53
42
63
23
29
40
60
57
53
57
36
32
34
55
39
38
34
29
70
38
20
49
33
39
40
50
51
50
49
33
30
42
42
45
61
37
30
51
40
84
54
52
40
55
38
46
40
54
26
31
41
21
22
66
55
49
50
35
62
98
27
53
40
54
37
12
66
55
37
25
46
46
51
20
47
26
41
60
39
38
56
31
17
41
44
34
42
15
62
51
44
35
40
42
42
39
34
35
69
44
23
62
47
27
33
36
30
53
49
46
56
22
20
45
24
39
39
56
71
39
52
65
26
37
44
81
28
17
45
45
32
73
50
33
39
28
44
37
47
48
56
52
79
35
63
33
38
38
49
66
53
52
39
33
48
50
44
45
47
37
42
57
38
43
22
32
38
47
34
63
46
22
77
39
42
49
45
28
24
52
39
59
22
49
35
39
36
43
25
36
67
57
41
56
32
61
27
52
67
26
29
48
65
52
17
56
20
40
55
44
54
22
41
41
35
29
87
18
25
42
29
32
40
62
53
56
25
34
54
40
35
46
50
61
17
57
42
36
74
56
52
51
36
75
34
51
37
32
42
49
37
56
26
48
71
33
59
34
31
28
33
53
52
32
72
49
21
30
41
56
59
47
20
38
58
42
59
45
43
34
47
63
38
39
28
33
40
55
94
22
51
68
49
25
35
65
24
19
36
57
62
44
31
47
51
51
84
58
27
51
44
42
22
30
55
36
29
40
47
43
62
104
53
44
41
30
60
49
26
29
48
62
41
47
39
33
56
48
29
65
44
52
36
58
46
34
53
54
50
65
44
41
42
42
72
42
55
28
29
29
12
60
57
54
63
46
36
50
50
30
65
30
57
39
40
38
36
39
88
52
55
39
51
39
51
32
34
57
43
52
35
62
71
46
94
55
33
57
21
55
56
36
23
84
51
40
66
30
51
51
13
79
83
29
42
48
44
46
59
20
28
52
56
28
51
52
46
22
41
37
21
61
47
32
34
80
32
70
46
37
61
60
40
40
43
52
31
50
35
75
22
49
48
38
55
43
6
44
32
41
84
85
43
42
36
41
39
48
33
45
32
32
53
56
57
42
46
61
38
35
69
33
36
39
42
25
13
66
48
35
34
52
41
43
43
40
47
23
51
65
55
76
37
30
41
51
35
29
40
43
65
42
41
10
24
43
21
39
29
38
83
61
25
14
56
37
53
45
53
64
39
32
46
48
46
56
65
53
46
49
46
49
46
47
59
45
59
24
50
54
52
56
40
59
67
53
61
37
53
50
53
54
71
31
52
55
47
38
48
46
45
53
33
39
53
52
55
21
52
34
55
45
27
13
57
53
32
34
51
60
40
29
37
66
44
31
51
51
47
55
21
21
38
31
32
34
20
55
81
23
43
18
35
52
37
42
31
39
39
29
69
43
51
86
75
37
33
84
34
57
41
45
81
57
58
12
73
37
53
39
68
76
47
51
43
38
47
39
36
25
54
53
34
46
78
33
53
37
40
71
71
47
33
27
41
23
20
44
38
30
38
47
44
54
40
38
42
26
53
54
38
42
35
41
37
17
41
42
47
47
75
82
56
29
50
43
43
29
32
28
63
68
40
53
21
46
49
47
37
60
45
51
54
58
44
81
73
28
56
26
45
32
55
36
15
61
18
45
37
44
27
29
35
19
40
57
56
50
44
33
32
41
22
46
45
32
45
14
38
32
62
54
30
16
43
13
43
61
35
20
50
77
31
58
55
31
37
27
30
45
49
57
49
28
62
39
42
54
33
59
26
66
46
34
60
65
48
63
22
41
33
71
52
52
75
29
47
41
47
29
62
40
23
54
30
55
33
55
44
48
35
52
42
29
52
53
65
48
26
33
22
41
29
64
21
32
54
34
45
63
41
73
31
63
28
37
32
46
27
63
25
55
34
39
40
30
35
58
60
25
49
15
54
50
46
30
98
54
49
64
84
45
57
50
27
74
26
35
43
31
52
37
35
36
51
44
17
36
59
45
33
27
48
39
81
45
36
42
51
42
32
41
20
43
42
26
47
26
37
9
35
61
40
49
57
72
38
46
42
43
42
59
54
32
45
72
59
37
59
63
83
84
48
33
60
32
56
31
51
62
44
35
34
56
29
34
38
35
62
41
29
46
62
42
66
21
46
41
48
45
50
57
35
45
44
41
57
23
57
38
43
43
70
42
41
67
45
50
29
75
74
28
46
41
39
50
56
34
32
48
41
84
21
30
45
53
60
39
69
12
61
51
67
44
41
55
44
40
42
58
9
40
35
39
52
41
39
75
30
28
54
33
48
51
39
14
11
52
23
15
35
35
35
30
33
35
34
34
32
49
64
48
21
27
57
27
46
76
47
27
36
51
37
56
40
35
57
59
22
32
27
28
23
57
74
24
39
53
80
53
62
47
34
53
57
41
37
33
65
55
46
39
48
23
39
24
54
34
34
34
58
32
39
59
24
47
42
42
54
25
30
61
29
42
64
34
34
20
43
30
65
42
22
37
48
46
47
54
56
49
47
30
58
50
32
35
65
60
60
48
42
14
9
38
50
34
36
40
65
34
21
26
49
57
41
27
60
28
27
41
53
54
32
56
55
81
30
54
17
35
64
53
27
71
48
40
32
55
34
52
41
43
62
29
28
27
50
38
47
84
36
67
44
24
62
56
38
44
60
48
65
38
76
36
54
60
59
41
29
48
37
30
76
37
37
30
65
25
71
49
44
55
35
17
33
73
31
45
43
48
81
35
38
44
8
22
54
51
45
23
39
12
37
26
62
52
36
26
38
70
47
40
31
42
46
35
42
18
59
48
31
33
49
40
25
40
46
32
55
30
57
40
41
53
52
9
26
57
47
31
42
35
51
32
44
59
78
53
51
60
59
42
42
64
39
38
38
76
48
57
48
23
35
66
29
51
38
51
41
25
36
56
19
68
36
72
18
46
27
47
55
27
58
14
19
36
24
43
61
32
59
35
22
58
33
44
21
55
44
53
36
43
55
45
77
57
25
63
62
63
46
57
35
60
47
31
27
35
46
106
48
39
52
36
51
29
12
37
45
54
52
38
47
43
48
70
51
21
55
34
36
46
45
28
35
34
41
20
51
29
62
25
42
36
33
27
42
25
49
44
48
41
40
29
29
21
58
55
24
50
57
36
35
53
40
22
30
49
63
63
58
21
43
42
46
34
65
42
52
31
40
52
33
27
48
24
49
38
34
34
41
41
27
33
41
70
41
41
51
42
76
54
35
19
37
47
21
45
56
38
79
43
55
51
26
56
26
75
57
46
42
39
46
42
44
43
50
77
40
43
45
47
49
64
57
80
42
21
35
45
51
58
52
43
28
40
73
43
50
54
51
32
41
40
34
49
43
52
24
32
35
47
32
24
61
63
9
46
68
37
51
47
44
53
44
35
41
39
45
52
40
62
50
58
73
85
62
40
48
44
42
41
36
31
43
56
61
31
61
78
72
54
31
44
53
27
75
55
46
56
28
32
64
56
34
45
38
46
21
58
51
54
47
44
43
38
40
31
41
35
52
59
44
36
26
44
44
57
26
84
28
74
47
48
35
53
58
26
44
33
49
40
46
44
28
71
33
38
50
51
41
31
77
45
15
44
18
20
61
52
51
56
45
47
37
64
21
59
25
57
31
29
53
49
40
13
40
69
28
22
25
68
37
11
41
42
19
21
51
38
90
28
41
45
52
39
56
60
48
43
78
44
27
44
46
54
42
32
69
54
51
31
40
46
39
15
56
29
42
31
47
66
53
56
49
27
52
51
44
58
52
54
32
50
40
53
22
68
49
26
61
49
27
63
51
50
34
73
51
36
16
51
33
51
33
40
45
37
29
26
51
50
41
35
52
16
40
52
56
29
89
55
37
59
62
78
62
56
28
59
40
48
29
65
23
38
56
43
53
54
27
39
36
35
20
42
30
52
37
39
49
53
75
43
58
45
76
53
54
53
43
27
61
97
44
62
40
32
64
26
52
37
31
42
42
25
45
16
53
62
49
49
60
52
35
43
84
53
29
38
45
48
33
38
55
82
50
65
39
36
26
35
33
56
39
49
22
40
30
32
43
58
30
57
68
37
45
50
58
29
57
25
67
29
38
50
50
44
44
67
40
43
23
43
21
14
22
48
54
63
38
69
51
20
34
36
38
40
42
42
56
67
46
55
52
56
8
49
62
63
63
62
39
64
46
41
63
45
52
35
68
30
46
52
83
53
25
15
46
33
42
54
72
35
29
60
47
37
25
54
38
56
14
62
50
44
68
52
50
61
50
35
56
29
16
34
52
34
32
25
67
32
37
50
71
60
57
31
65
60
22
31
30
43
44
40
49
40
60
57
45
46
67
49
38
41
33
50
51
57
32
45
24
56
44
55
52
64
49
33
32
38
51
54
57
78
25
29
36
69
49
42
36
47
53
75
51
39
65
59
31
53
55
48
40
68
51
37
52
18
68
60
47
51
39
46
41
57
27
33
58
49
32
51
91
39
33
59
31
21
32
38
78
39
59
37
66
45
55
55
39
40
36
45
45
9
74
29
63
44
48
46
57
30
53
58
91
44
21
43
37
41
36
44
50
45
30
18
75
54
25
31
47
26
46
31
38
28
79
37
36
39
50
50
49
47
55
46
19
37
49
54
51
55
45
32
51
32
42
34
46
43
36
12
49
78
48
50
49
38
55
29
45
43
46
34
38
33
64
51
46
30
67
29
53
48
45
58
33
58
44
50
48
58
50
44
23
52
28
48
71
65
29
45
70
45
49
41
11
38
28
48
27
66
47
52
22
25
50
35
11
32
39
52
44
45
31
21
30
31
51
43
61
49
48
41
67
34
49
48
36
31
56
46
41
61
65
55
46
40
38
48
60
32
37
43
48
49
47
57
49
31
56
33
54
32
54
45
39
35
46
57
48
27
48
53
49
44
38
42
32
31
32
58
26
22
51
33
34
69
27
45
60
49
30
41
47
38
84
13
33
39
65
50
54
41
71
34
29
57
36
25
40
60
23
36
24
47
40
26
39
43
71
51
29
46
44
35
27
42
37
28
22
55
29
56
66
47
40
61
23
60
56
28
56
53
44
45
30
46
47
55
53
37
51
19
21
42
36
71
41
37
36
53
44
43
39
57
57
45
47
51
56
41
41
76
50
17
17
38
28
43
40
33
58
39
63
27
55
55
41
26
51
60
48
37
57
19
35
45
38
64
47
51
35
38
66
34
56
46
54
22
35
40
30
32
16
40
37
57
61
57
45
41
64
48
31
45
47
34
64
61
28
48
48
15
50
33
51
51
38
30
68
46
28
73
40
44
67
27
72
38
38
59
53
59
51
28
52
33
45
57
51
50
38
46
45
49
24
89
61
43
57
42
41
15
89
38
35
28
69
52
33
35
45
47
28
38
57
36
39
37
39
38
62
41
64
61
41
43
58
53
51
48
58
30
60
41
36
29
29
42
65
39
59
24
53
39
44
42
68
47
29
40
40
66
52
51
56
41
26
59
35
41
72
68
58
35
55
46
47
47
55
41
15
72
52
33
26
48
52
17
22
24
40
44
21
71
46
31
42
71
60
30
35
47
57
71
53
43
67
54
48
46
53
19
47
34
48
58
39
34
46
61
31
45
41
61
38
56
44
66
30
46
60
68
57
27
40
42
45
51
21
53
44
45
54
24
35
44
57
39
79
39
46
65
56
33
20
34
49
64
43
32
40
41
6
30
46
70
38
50
56
27
31
37
28
54
67
42
25
39
70
56
63
36
34
39
45
52
82
32
71
68
27
57
32
23
75
47
47
32
47
45
28
31
60
42
30
74
35
37
46
36
55
24
48
45
42
28
41
60
31
33
54
56
26
64
35
38
45
29
56
41
36
67
48
54
20
46
58
71
27
49
45
39
55
31
66
42
40
21
49
54
39
26
58
15
42
45
51
50
70
48
76
29
62
50
36
56
58
34
35
80
37
39
66
30
83
25
52
28
39
34
33
54
73
50
46
22
37
36
51
53
46
29
57
53
26
62
40
37
67
41
58
38
48
47
34
74
58
10
59
36
63
48
40
50
74
14
39
32
42
29
31
28
50
48
47
44
48
54
41
37
57
36
51
23
24
23
45
37
48
43
31
25
35
57
23
37
55
50
42
40
61
66
33
45
46
65
39
80
43
41
51
42
68
15
43
43
25
44
36
30
47
47
64
28
40
41
40
38
44
41
38
47
33
46
51
36
33
51
76
59
54
52
55
35
42
32
84
37
26
48
40
51
31
46
63
31
47
48
70
37
35
28
53
63
19
49
54
62
55
18
25
44
34
29
52
27
64
40
36
28
33
48
43
39
43
31
33
34
42
47
53
51
49
38
69
85
33
39
42
29
24
65
92
51
23
69
63
30
53
37
21
58
31
40
38
55
68
44
61
16
22
50
54
41
35
51
36
51
74
56
40
82
34
57
49
28
27
42
61
25
50
31
59
58
45
43
33
43
40
38
70
53
35
45
32
37
34
44
68
48
34
31
22
58
28
34
70
58
45
58
36
28
23
32
60
40
48
48
47
42
61
49
34
36
32
59
62
35
52
50
47
32
48
55
63
69
52
51
51
37
50
22
27
33
67
55
44
59
23
38
62
35
50
47
35
90
35
29
55
23
70
31
53
50
48
38
51
34
29
52
41
17
38
53
45
71
29
77
63
43
32
53
67
11
74
59
28
36
51
39
29
8
40
37
48
27
47
43
36
49
46
56
46
41
48
54
61
33
36
24
48
40
71
58
52
41
49
45
40
35
28
23
53
43
27
57
20
31
34
34
36
37
17
41
23
31
35
48
48
28
47
22
29
65
13
48
52
70
46
53
42
28
49
86
44
28
26
68
33
52
36
41
28
57
42
35
49
40
45
49
67
42
39
52
58
50
64
56
59
50
24
56
57
30
51
74
40
43
34
92
36
11
20
37
52
45
71
48
34
45
50
26
43
71
38
22
30
40
42
50
62
31
35
56
92
43
60
37
37
48
32
51
44
56
45
54
34
30
22
54
35
73
42
42
57
28
36
7
39
74
43
33
52
17
40
35
32
67
26
61
24
36
44
47
21
71
54
39
56
37
55
37
60
41
52
33
52
66
58
35
50
31
42
61
41
49
39
32
26
44
40
66
44
25
55
71
42
37
46
30
44
42
46
33
71
53
34
39
30
32
66
61
36
44
61
65
45
36
39
59
50
34
37
43
50
26
60
33
67
32
56
41
53
51
34
26
33
54
110
43
41
38
49
5
46
32
42
48
52
34
55
37
55
55
31
36
71
23
43
47
51
42
31
34
46
18
33
38
59
33
55
38
35
43
38
53
27
62
18
23
49
55
38
49
74
67
44
24
32
65
56
44
43
12
43
63
29
38
27
49
59
47
35
88
57
28
38
8
16
66
36
38
45
42
33
64
65
42
72
41
49
35
53
85
59
31
26
55
39
54
55
81
34
20
41
40
48
25
24
44
56
50
47
62
63
60
36
82
46
41
52
26
46
50
72
18
47
50
54
34
43
42
44
45
51
36
34
45
39
54
50
51
26
70
40
55
26
40
56
29
55
28
59
26
47
31
48
33
46
51
56
47
48
50
61
34
71
56
43
44
57
46
35
38
45
42
14
59
63
44
36
43
48
48
42
96
34
36
97
24
61
44
41
72
55
23
51
51
51
43
41
54
44
69
45
21
36
21
62
49
74
34
52
73
11
44
31
38
46
33
48
49
64
33
62
31
47
57
33
40
41
30
45
62
51
37
55
50
26
55
30
51
47
71
36
32
50
50
75
47
37
52
31
57
28
37
16
48
63
19
45
27
25
33
68
49
45
32
24
32
72
57
48
41
59
67
56
46
35
35
38
33
61
33
19
49
33
31
72
51
30
53
63
39
55
22
20
31
55
49
62
45
52
40
26
29
44
53
44
21
53
56
39
23
36
31
43
46
37
54
35
46
56
31
31
48
55
71
39
51
81
19
34
53
47
17
69
47
27
48
36
12
47
61
78
35
25
37
55
36
38
36
32
52
24
30
33
29
21
48
48
75
55
45
51
25
36
70
60
38
58
44
41
45
51
46
60
28
45
34
28
50
52
26
28
50
82
51
60
27
21
53
49
57
29
43
36
44
42
55
61
55
58
63
41
48
41
77
46
47
53
31
20
34
21
39
25
26
33
59
51
52
36
39
54
52
27
42
52
50
55
28
53
26
32
42
60
46
51
47
54
49
43
35
33
24
33
46
34
48
28
25
63
72
29
31
59
51
50
59
24
44
56
68
37
35
40
4
33
42
51
5
58
46
41
20
44
50
41
16
24
57
43
41
33
31
61
80
37
59
43
24
37
38
27
37
36
51
38
40
54
46
29
51
49
57
54
49
47
55
34
54
62
14
49
35
34
45
41
39
36
45
70
48
25
11
23
48
69
32
39
42
50
30
24
75
35
46
52
34
22
54
75
32
38
54
31
62
45
57
61
49
52
64
47
64
41
17
45
29
35
35
48
50
51
41
37
76
49
58
35
75
25
57
43
40
40
18
51
31
40
54
50
14
21
49
35
42
32
41
71
26
30
37
71
47
58
39
51
33
39
72
20
29
23
20
48
46
41
48
60
47
31
54
44
19
59
20
30
45
51
26
69
20
39
53
29
23
43
61
43
41
41
53
59
28
31
29
19
51
35
36
104
40
33
45
41
54
50
25
31
48
25
52
78
18
37
26
56
39
35
26
45
61
44
28
40
42
31
22
53
33
40
37
40
41
57
51
49
66
42
51
57
55
42
32
25
54
39
31
37
42
38
34
27
58
42
48
70
39
32
70
34
55
54
48
46
36
26
44
48
70
45
41
38
47
31
50
57
42
31
52
38
66
55
62
34
72
48
56
42
27
48
41
26
51
46
28
57
44
62
46
45
87
62
57
34
39
61
52
41
54
83
41
38
38
42
29
58
47
48
76
27
51
42
51
10
56
60
70
26
31
52
25
52
59
37
31
22
51
49
63
45
54
39
41
53
53
53
20
63
62
59
35
30
32
39
29
51
50
62
51
33
44
38
54
67
50
40
30
45
38
56
36
43
37
20
44
37
3
56
41
48
65
60
86
65
9
24
29
60
44
47
70
54
53
55
7
52
55
38
64
37
32
58
40
20
47
35
63
48
20
37
19
46
34
64
22
62
40
40
49
49
43
70
28
60
43
27
74
20
52
41
24
55
62
54
46
30
33
47
57
43
49
47
25
56
53
41
20
55
60
42
39
52
35
37
53
34
21
33
37
45
12
30
38
60
54
44
44
43
48
42
49
27
43
50
28
60
48
45
57
74
46
38
52
28
4
32
38
43
28
23
57
19
48
47
56
49
53
42
37
34
25
35
46
73
43
40
46
33
49
50
31
38
47
49
58
78
16
71
35
49
52
37
61
47
63
19
25
23
54
42
71
35
55
30
31
77
56
24
46
36
27
54
25
41
36
55
27
25
36
58
50
35
52
61
38
63
57
27
45
81
76
43
42
40
23
40
52
42
18
51
50
38
48
53
94
38
42
78
60
16
31
25
49
35
56
53
34
31
21
43
29
35
31
13
36
52
21
45
42
20
28
51
59
31
56
29
32
27
67
36
79
43
70
49
32
63
58
25
41
37
52
24
35
45
50
50
15
25
64
46
22
37
63
42
55
39
40
40
33
48
30
46
51
43
51
57
61
43
22
54
36
43
53
71
46
33
46
54
47
50
48
52
77
52
37
82
71
74
60
33
37
29
41
45
59
34
33
72
44
71
56
34
39
42
55
54
58
81
33
46
55
52
23
58
35
60
45
45
52
51
40
64
54
39
55
41
44
64
51
32
45
44
40
48
28
57
45
52
29
44
27
80
38
74
51
43
44
38
15
91
31
54
56
27
30
31
36
33
87
65
69
42
41
44
13
51
50
34
76
45
40
54
34
28
45
45
33
58
39
43
33
58
54
40
33
32
46
51
67
32
77
57
50
37
27
43
31
33
50
57
50
31
68
27
65
47
46
37
57
48
56
40
53
40
64
42
44
54
16
57
44
29
53
45
27
64
54
61
44
30
51
53
35
51
38
34
39
37
55
31
46
62
33
44
52
44
45
72
49
44
60
24
45
45
56
39
