993226916404540581
993226915845211768
993226914159166493
993226913781629864
993226910606644945
993226908856210458
993226908675550797
993226907647492600
993226904418876799
993226890249914044
993226887946016277
993226887362784440
993226884469083679
993226884265946588
993226881210307941
993226879901774328
993226876349850363
993226876231074752
993226875197084835
993226870543175058
993226869707454849
993226868866775826
993226867976391611
993226862922623060
993226861583260447
993226860205855506
993226859094116675
993226854771796250
993226853523503419
993226851611347822
993226849918287933
993226849914478930
993226846921584311
993226846402322438
993226843722363715
993226842593007860
993226842308530595
993226831244487164
993226830733304627
993226827415090274
993226826189479223
993226825041438840
993226824723567851
993226817561077152
993226816684159957
993226811905184176
993226811716474249
993226811396534446
993226810925514389
993226808505377966
993226808495145169
993226805503020244
993226804321123027
993226803071271660
993226800600450123
993226796184031574
993226795597796075
993226791885919108
993226790825848501
993226790080501120
993226788009479305
993226787427055372
993226785979194381
993226785334160400
993226781181115291
993226781016803468
993226777781822641
993226777697278274
993226777588948859
993226777357701228
993226772487674835
993226772306065676
993226771954852971
993226770800321964
993226769092060139
993226759372804922
993226755337183263
993226754435654812
993226754084001123
993226753875287084
993226753569076439
993226752065543408
993226751696390239
993226750491205800
993226749217866611
993226742886024364
993226742627657179
993226741338545824
993226740812279435
993226740588897392
993226740162924395
993226735596169308
993226735330139905
993226732946649730
993226732195068129
993226728491256966
993226727669245515
993226727468980818
993226723441749099
993226723252948228
993226722005839395
993226714583646176
993226713264122487
993226712449002524
993226711652476755
993226711454165736
993226708462988663
993226708377760000
987565332403292520
987565331635202997
987565327489028614
987565326157512977
987565324773513298
987565324562766829
987565322781310368
987565318910738941
987565311180573628
987565311175915221
987565310813423674
987565310647767245
987565308720472676
987565306280631131
987565305946800388
987565304911672445
987565294762227860
987565294743061199
987565293690766530
987565293148713975
987565293001209402
987565292550060999
987565291995405444
987565289655508907
987565288823835512
987565287146036205
987565278908013014
987565278049192809
987565276711845692
987565274267495481
987565274000253090
987565272917483969
987565269808769864
987565269321420643
987565268591147462
987565264673510465
987565263773687198
987565262587911037
987565262192676494
987565259969603527
987565259610819914
987565257181387339
987565256010240134
987565254306400709
987565252493466442
987565247134197031
987565246891317038
987565245722072533
987565244921825058
987565240051559511
987565240038673886
987565239749385813
987565234622535336
987565234273748895
987565232663490590
987565230373330953
987565228770019666
987565224087293281
987565223283100688
987565221760128765
987565218754337850
987565218045604557
987565215918923348
987565215405439325
987565209291440924
987565208365469341
987565208212170802
987565207767714245
987565201939710254
987565201296363589
987565201199615846
987565199200844009
987565197373408892
987565196285638409
987565188474618988
987565187479666287
987565186310450286
987565185678485011
987565183942611412
987565183513458791
987565182057545116
987565180410185881
874402341969833866
874402341365696151
874402340983144854
874402339683869305
874402339355516742
874402338312642955
874402334943079538
874402334933267603
874402333611970276
543007912589178436
