998606486658263590
998606486205059723
998606485634480044
998606480687518539
998606477664033904
998606476851116175
998606476637818392
998606476056534131
998606474298646156
998606472842611511
998606470731516890
998606469822091531
998606465301799928
998606464308284107
998606463364614364
998606456342847357
998606456316700736
998606455809240133
998606455082681448
998606453817711121
998606452763018356
998606449210802201
998606448225799292
998606446582493593
998606442127898576
998606441770376777
998606439245850420
998606437271589073
998606435814236004
998606435490481689
998606432869902006
998606431846638729
985368852463078993
985368842594404614
985368842093137559
985368840774671074
985368840128468011
985368838716681856
985368836596168241
985368835806424432
985368833322369831
985368829903382146
985368828092030387
985368827657337836
985368827046845331
985368826172424426
985368824726717521
985368822783033118
985368821541557045
985368819573654526
985368817599821619
985368815154783284
985368814441724251
985368812687168200
985368809215563501
985368809069872704
979411702924357661
979411702010410540
979411699435726961
979411699016296836
979411698277367263
979411697450497948
979411694746713731
979411691457379872
979411690150955381
979411690018461092
979411676166026705
979411675810094020
979411674548622979
979411671378576840
979411666920862653
979411664962024492
979411664871437965
979411663843564364
979411660797235505
979411660195557394
979411657209277467
979411656283829256
979411655393889987
979411654679678888
979411654408714299
979411653159768628
979411651037717317
979411650652082464
979411646779541583
979411646304527090
979411643422442375
979411643334253814
979411642664128769
979411638611934638
979411638212800333
979411636489459366
979411634354277537
979411629692357206
979411628758346255
979411627146238398
979411621900616621
979411621212879190
979411620780420009
979411619027553276
979411618740600347
979411617862210914
979411612840288405
979411612175286118
979411609957778469
979411608843569302
979411605702656429
979411605663745598
979411601220751063
979411598735644602
979411598446717823
979411597564996966
979411595021513437
979411594060351060
979411593743803081
961463988151698014
961463986640503285
961463984477129394
961463982937701743
961463981874692218
961463969242012577
961463968225545326
961463965696563199
961463965550955208
961463964776692625
961463961880938352
961463961460216397
961463960648655854
961463959435841401
961463950571051352
961463950355927621
961463949620327072
961463949074809537
961463948111499522
961463947724093073
961463944955588976
961463944436343133
961463942682678738
961463941091972021
961463938733556470
961463935095355243
961463934343681606
961463932271916339
961463931222307374
961463929174367451
961463924669523082
961463923570430867
961463921189890958
961463921151638627
961463917322228330
961463915960300565
961463913505406070
961463912316529571
961463909938737044
961463909370890079
961463908572301562
961463906337629267
961463906024233886
961463903107546723
961463902373315702
961463899160413125
961463897489885040
961463890491828553
961463889299234156
961463886833327299
961463886806243432
961463885593913453
961463879652307082
961463878796791965
961463878466683490
961463877692599737
961463877110591518
961463872266425207
961463871723454104
961463870713749481
961463869977942196
961463869792456173
961463864864877114
961463863952971285
961463863382316550
961463862395592041
961463860244206342
961463858785676889
961463852072914496
961463850952103011
961463849925824888
961463848501935061
961463847690245836
961463846102034653
961463844953901472
961463843364061129
557174903964952036
388111510098018570
388111509199094013
388111508931887542
388111508295130057
388111507004816468
388111506684113985
388111506357121600
332109032267404324
