25794923
25777702
25771849
25771590
25769903
25769878
25756643
25755282
25751007
25747142
25744515
25739482
25726675
25726646
25722565
25698594
25695235
25694202
25691177
25686640
25674201
25669936
25666003
25664364
25660605
25641232
25634581
25633124
25629691
25627920
25611577
25609264
25606477
25602296
25599877
25592350
25592113
25587884
25583003
25578840
25558283
25555916
25546479
25544516
25544255
25536402
25531525
25531142
25521015
25519858
25518023
25509700
25506139
25502624
25486961
25481572
25480781
25475512
25473085
25455172
25452303
25446920
25445367
25441676
25431817
25431472
25421471
25420342
25418317
25412146
25409413
25389210
25388995
25385686
25383279
25379494
25369233
25362952
25361021
25356408
25351089
25343196
25332949
25332818
25328241
25281892
25270881
25268642
25265791
25264990
25264145
25259494
25258717
25255748
25250709
25248876
25243627
25235584
25231569
25225480
25222283
25219752
25203251
25202128
25200159
25199664
25187539
25169064
25164367
25157220
25156055
25149202
25147799
25133604
25131317
25125096
25115753
25115234
25114697
25112112
25107529
25100966
25094841
25093690
25088467
25079236
25076389
25071712
25060249
25059976
25039617
25029708
25027007
25025544
25018655
25016732
25012665
24984492
24983773
24982738
24978765
24977956
24977011
24973128
24956867
24946444
24945029
24944936
24938427
24937912
24927511
24924416
24919273
24919168
24913701
24874682
24871513
24866194
24863677
24848074
24842941
24839232
24837057
24835772
24833629
24809396
24803727
24800196
24793871
24777972
24773021
24772300
24769371
24761924
24759823
24753784
24753211
24748612
24744811
24725944
24724885
24721190
24708043
24706656
24702779
24702676
24696071
24694322
24691027
24685042
24678813
24677458
24653327
24631772
24629281
24628296
24624353
24624224
24623497
24622860
24622301
24617582
24613759
24611870
24607787
24604434
24585909
24584522
24576645
24575722
24559511
24558802
24555221
24553914
24550555
24541568
24541107
24540106
24532815
24531074
24517077
24504340
24503783
24503018
24499493
24478654
24478295
24477476
24474561
24471148
24462029
24451936
24445493
24442880
24440997
24438384
24438101
24419194
24418779
24415966
24410421
24388892
24387973
24385240
24380977
24379540
24368517
24368472
24365893
24350908
24350137
24345166
24314425
24313022
24308341
24304370
24300327
24296358
24290529
24286150
24274715
24273766
24270391
24268350
24252809
24252208
24247841
24246900
24244765
24226986
24224651
24215964
24206999
24205776
24203117
24202180
24198125
24189328
24185173
24185024
24180301
24165066
24164779
24159952
24151829
24141882
24140245
24132016
24128373
24121044
24120853
24116160
24111397
24073452
24069717
24062616
24060321
24055094
24054445
24035424
24029595
24028092
24016003
24014054
24003069
23999640
23998311
23997664
23996381
23992248
23991381
23982944
23979777
23974932
23971837
23967966
23951177
23948212
23944827
23934046
23930249
23922432
23917269
23916104
23911531
23909624
23885835
23884394
23877399
23877076
23875859
23872836
23868097
23856572
23854159
23851336
23840749
23835758
23831373
23825154
23821765
23811978
23811177
23778534
23764373
23761686
23761665
23759998
23757349
23756946
23750295
23749174
23740627
23739118
23737213
23724724
23723173
23720108
23715645
23695814
23695149
23632520
23628775
23628592
23626563
23624524
23620839
23616088
23611879
23601138
23599847
23590518
23588203
23584184
23582671
23575954
23575607
23563266
23563071
23548368
23547393
23546412
23544825
23543456
23513777
23513330
23505769
23504662
23502043
23500866
23497069
23489290
23489089
23483494
23480767
23476774
23466691
23462640
23461911
23454998
23454219
23443544
23441785
23435144
23433997
23430820
23418315
23416758
23415523
23413116
23399721
23398952
23392107
23391888
23385013
23383968
23375249
23369322
23367889
23363872
23347797
23345496
23328137
23324960
23324629
23320744
23320065
23313994
23311683
23308872
23297401
23294750
23292957
23277876
23274155
23268548
23255883
23253108
23252303
23250660
23244201
23236466
23234697
23216108
23215721
23212674
23209135
23205412
23189367
23179972
23178347
23175618
23170139
23150632
23150503
23147388
23143367
23098854
23098489
23094918
23084291
23082010
23080999
23079410
23077593
23075786
23072437
23072038
23058579
23057650
23056939
23054158
23050723
23040704
23040323
23018470
23017671
23017538
23009203
23008860
23008823
22999644
22997559
22980214
22979757
22977346
22972441
22967252
22958265
22947256
22946227
22941100
22935399
22934260
22929095
22923940
22915107
22905526
22904543
22901628
22862307
22860684
22856317
22855728
22850917
22843298
22842729
22835808
22828391
22824570
22814905
22811998
22809333
22803858
22803469
22799472
22796829
22785124
22783867
22780878
22775231
22747266
22744797
22744126
22739817
22734962
22699291
22697778
22694053
22693086
22689561
22686032
22682477
22668288
22667073
22667060
22661917
22659742
22657265
22651140
22638145
22633968
22632901
22630910
22629305
22599170
22597505
22588384
22588347
22587060
22585737
22577084
22573997
22572400
22569761
22562084
22553047
22550448
22545717
22544100
22534077
22525598
22523969
22521648
22519773
22510806
22510241
22494480
22491109
22486430
22486125
22481446
22470551
22466670
22465255
22460894
22455641
22447504
22438245
22432476
22429081
22417200
22415915
22414024
22407101
22406096
22396223
22380724
22380179
22375714
22373015
22358242
22355175
22354130
22346381
22345650
22339117
22335322
22322093
22322066
22312819
22311042
22309247
22279184
22272165
22269822
22263677
22261950
22255323
22250798
22244963
22244110
22241703
22238298
22236603
22231326
22226391
22217106
22214799
22210392
22187083
22185876
22179875
22179044
22173429
22164110
22161173
22154160
22148959
22148716
22146669
22135852
22134893
22102518
22099049
22098510
22097955
22095524
22086955
22086948
22083071
22053716
22053131
22051832
22051395
22048176
22044177
22039880
22018571
22013200
22012877
22012770
22012651
22010336
21982099
21975686
21974595
21970424
21960349
21958110
21954575
21942414
21929093
21922026
21918635
21918214
21918079
21916818
21905971
21904380
21901203
21888720
21887007
21885480
21868843
21864940
21860823
21856622
21855599
21853548
21845015
21833626
21832443
21822026
21821303
21820500
21815615
21805628
21804701
21799364
21731907
21730164
21724435
21724300
21719587
21718872
21717409
21711810
21711217
21706944
21706905
21690604
21690463
21688936
21683133
21678372
21677497
21675246
21674661
21668144
21667285
21661586
21659385
21652482
21649933
21643772
21639749
21632956
21617233
21615428
21608001
21605772
21601451
21598868
21594755
21591068
21574217
21566550
21564709
21560744
21559329
21541056
21532351
21531452
21529625
21529032
21525445
21520122
21517761
21492828
21481541
21481250
21471733
21471132
21469913
21446496
21444853
21444716
21441837
21440468
21436025
21424226
21422297
21418432
21415981
21413048
21409313
21394336
21383921
21382782
21380785
21378384
21374601
21367128
21365653
21357624
21354913
21331768
21326327
21322644
21316715
21313336
21304113
21303380
21294865
21290416
21288941
21270874
21268605
21267710
21265237
21261466
21248345
21239406
21237965
21237530
21232033
21227110
21205689
21191250
21187219
21185858
21183001
21180434
21160557
21157796
21149573
21142036
21138781
21138400
21135789
21135788
21129033
21128260
21126809
21116034
21115745
21102962
21087555
21086642
21084359
21083018
21077453
21075350
21070753
21028926
21028195
21027268
21024451
21019862
21018659
21004300
20997701
20997124
20996023
20992474
20979865
20974404
20974181
20970738
20954143
20953940
20953701
20943840
20940949
20937486
20920311
20915376
20906389
20903860
20891121
20890288
20890201
20875322
20871639
20868974
20861393
20856008
20853893
20851152
20848409
20833340
20832607
20830704
20828497
20817992
20816777
20813034
20809433
20782974
20774277
20772058
20771121
20769220
20766977
20763184
20762099
20760014
20737693
20736398
20715293
20708816
20708563
20707790
20691011
20687700
20686593
20684840
20678707
20678502
20676815
20671574
20652689
20646636
20646383
20645684
20643159
20637444
20621177
20616670
20611893
20590942
20590303
20588430
20585421
20581852
20575409
20573540
20565219
20560836
20545841
20544254
20542905
20541036
20536881
20521460
20512913
20509760
20507271
20506148
20499713
20497088
20493569
20463360
20460587
20456202
20439033
20438314
20432819
20424620
20423465
20422106
20413763
20413594
20401385
20373030
20371855
20365674
20363287
20361550
20339831
20333888
20332605
20331788
20320527
20307124
20306523
20303944
20302911
20300352
20298459
20293316
20290571
20273506
20271799
20269416
20269099
20263804
20263643
20238510
20231185
20229910
20228247
20224048
20221363
20210474
20206801
20206138
20204651
20200262
20190617
20189508
20183435
20178062
20176039
20171216
20170043
20164086
20160203
20156270
20142205
20137010
20136793
20128412
20118741
20117306
20117273
20095776
20087217
20085956
20085129
20071156
20069911
20069016
20066973
20065424
20044299
20028420
20021081
20021048
20019389
20018564
20010393
20009936
20002713
19999740
19977587
19977092
19967379
19964068
19963835
19943356
19943161
19943160
19932111
19931254
19931003
19928612
19925275
19915944
19903131
19902064
19901055
19897878
19895539
19883378
19883173
19879312
19865011
19864612
19861705
19853082
19845105
19842032
19838121
19824166
19822061
19814226
19805033
19803498
19788065
19785576
19784053
19779262
19776573
19769304
19753573
19753124
19752825
19746396
19741725
19733316
19729573
19713146
19712969
19712050
19706925
19696334
19692957
19687576
19680839
19676616
19663875
19659764
19655809
19653888
19638229
19636888
19631667
19586212
19585741
19581728
19580539
19579816
19572473
19572170
19569675
19566736
19562629
19551450
19551173
19537720
19537679
19537508
19536949
19529452
19521395
19520308
19449971
19446716
19444347
19435578
19433227
19431152
19429319
19426746
19425323
19420946
19419347
19412176
19411977
19410104
19403961
19402564
19396623
19391552
19388107
19378794
19376431
19364740
19363673
19361008
19350671
19347986
19345531
19336504
19323507
19320868
19301825
19301036
19299525
19295964
19294819
19293852
19290775
19282914
19280587
19268306
19262191
19255458
19252247
19251914
19248871
19240182
19235015
19232674
19217669
19213312
19206421
19203384
19180571
19178980
19176681
19170500
19165061
19163510
19161113
19156694
19155987
19153784
19148797
19134290
19134277
19131460
19125507
19122232
19117321
19111108
19088079
19082046
19079151
19074420
19065145
19062260
19060617
19057916
19052369
19040588
19040333
19039580
19025143
19023980
19021503
19020132
19009941
19006402
19001899
18997020
18990551
18985620
18971457
18967302
18964945
18958866
18955449
18947402
18943837
18898400
18891631
18889088
18882657
18881760
18872079
18871716
18855139
18852454
18845437
18835640
18835255
18833902
18828025
18825106
18808771
18808002
18806239
18805786
18798135
18794712
18790921
18778928
18776275
18773784
18766381
18765756
18720725
18714748
18714601
18708566
18707669
18704342
18703697
18699350
18697865
18693270
18690649
18682968
18681909
18673148
18670109
18667728
18649335
18647222
18646869
18646176
18627671
18626372
18624841
18623218
18618931
18609476
18607045
18596944
18583123
18581450
18576951
18574602
18574559
18569980
18559209
18559120
18534157
18533138
18528803
18528350
18525813
18512044
18508099
18505716
18500345
18498920
18495399
18492088
18488517
18472756
18460129
18451908
18450663
18450640
18450561
18435666
18434295
18428832
18428791
18414504
18413655
18411928
18408083
18403086
18390097
18388712
18383953
18380484
18376093
18367138
18364781
18355830
18354693
18344914
18333635
18328646
18327291
18323334
18307197
18303160
18303053
18300720
18296989
18286500
18284577
18278084
18275341
18265016
18263371
18242218
18241995
18240752
18237907
18233546
18223237
18223142
18209081
18204218
18203269
18197070
18194337
18172524
18170661
18160516
18159719
18155880
18143293
18136348
18133989
18126034
18123269
18118802
18118369
18115198
18111789
18106844
18095557
18093924
18085179
18084916
18070413
18063652
18056439
18056436
18049625
18046524
18040683
18032368
18029197
18026196
18012415
18000112
17995479
17987440
17985251
17979678
17959007
17950710
17950575
17948528
17941893
17941228
17939003
17934090
17923805
17922186
17917935
17896750
17889133
17888994
17886637
17882776
17862115
17860692
17858155
17849946
17842027
17841288
17841051
17838890
17836075
17822190
17821641
17819692
17794903
17792714
17788867
17763496
17760693
17759640
17756079
17753568
17732085
17728800
17727129
17722338
17720623
17718264
17715259
17713344
17707215
17705108
17702517
17702184
17694489
17690684
17683423
17680464
17671955
17669428
17648031
17644384
17640645
17633422
17631043
17617320
17612907
17612236
17609007
17604096
17595107
17593040
17589663
17588032
17574837
17563956
17560385
17558840
17555181
17546152
17545213
17523834
17523413
17522628
17519111
17518184
17512357
17510164
17488065
17487044
17485843
17481184
17465873
17465044
17462445
17454778
17447437
17445938
17441475
17436640
17401473
17400416
17395971
17395736
17386621
17386580
17384865
17380848
17378185
17375612
17371457
17369800
17351811
17350460
17343661
17341860
17337851
17330866
17324297
17323444
17319787
17290542
17288437
17285942
17282833
17280046
17271211
17270650
17250621
17248358
17246949
17243244
17234923
17227080
17222249
17221476
17217539
17171740
17171545
17171544
17165351
17164304
17160237
17157152
17142623
17141664
17135171
17134294
17133871
17132480
17130449
17127894
17124599
17107836
17106397
17104208
17100597
17099128
17095583
17083896
17082187
17079122
17070387
17067786
17064659
17058310
17048719
17048330
17030299
17027386
17018975
17018414
17015493
17015090
16999897
16999778
16997855
16978736
16975775
16973520
16969691
16968028
16961179
16955980
16951759
16924664
16922321
16914022
16912515
16908698
16892811
16883388
16880619
16879572
16877055
16874068
16872327
16863406
16861979
16832302
16831807
16829266
16828683
16825744
16818895
16816208
16809781
16808536
16799709
16798052
16793403
16789640
16784739
16771686
16769623
16766500
16756977
16755540
16747191
16745564
16725573
16723888
16719675
16714902
16711111
16700534
16699917
16689504
16688613
16687596
16679685
16679324
16673523
16669684
16665059
16635652
16626865
16623008
16616339
16613152
16608617
16589864
16585841
16582192
16577385
16574340
16557465
16552312
16548399
16547580
16541137
16539336
16529069
16527604
16519519
16518498
16517325
16514484
16500975
16499734
16497697
16490064
16486549
16482246
16477225
16459274
16459269
16455662
16454541
16450404
16443165
16437830
16435689
16411772
16410689
16406476
16402805
16373886
16373825
16372842
16370603
16370162
16367683
16366830
16364553
16361078
16357485
16348752
16333043
16332458
16331693
16320408
16315289
16312704
16292767
16292584
16290321
16284612
16273647
16271096
16269919
16268076
16253441
16252312
16239249
16238128
16236101
16235592
16214849
16204770
16203531
16203070
16199617
16184348
16183943
16177462
16176867
16174196
16169325
16166976
16154279
16148018
16146607
16139186
16124157
16123168
16115835
16114586
16114291
16102278
16099505
16094654
16087459
16078976
16075571
16072030
16069379
16020930
16016885
16015902
16014663
16009334
16002001
15999418
15996453
15995158
15963507
15963312
15963047
15959014
15958617
15958430
15956447
15951966
15946475
15939242
15937947
15929636
15921969
15921712
15908437
15904548
15901615
15900448
15861195
15861186
15860913
15860336
15857483
15855660
15851375
15843026
15842003
15834346
15834071
15826568
15824019
15820796
15810337
15803516
15803319
15801292
15795029
15792848
15766163
15761926
15759959
15754554
15753371
15744960
15740603
15739652
15729469
15721036
15720179
15718630
15714115
15701774
15698273
15697300
15695279
15688952
15686467
15679640
15668187
15665974
15663659
15647616
15645539
15643868
15633545
15629420
15625255
15611642
15606503
15605074
15601199
15589708
15585329
15584828
15571287
15570370
15567913
15545948
15543559
15543028
15541907
15539184
15530435
15529868
15519929
15496842
15486423
15483670
15481771
15479146
15467441
15464724
15458425
15457126
15455541
15448206
15445309
15438110
15435065
15421780
15419537
15406494
15404111
15401360
15393317
15392916
15388749
15385160
15362399
15361544
15359417
15355510
15352233
15340736
15339233
15337136
15335993
15323212
15319433
15310072
15309041
15297458
15289465
15286616
15285233
15280676
15255065
15249280
15249093
15241628
15240045
15208132
15201929
15200876
15199429
15198180
15194801
15194728
15183571
15181958
15180835
15166738
15164161
15161628
15159997
15157080
15142841
15140730
15135029
15133386
15129005
15084980
15081835
15078556
15076789
15075748
15072413
15070628
15066855
15062594
15059075
15044778
15043103
15038488
15038251
15031930
15026057
15025734
15021501
15018386
15007953
15005156
14998199
14995014
14991821
14969626
14967185
14960288
14959613
14953572
14949307
14946776
14935333
14933732
14924607
14921984
14919281
14910370
14908409
14879650
14876217
14875456
14873641
14868120
14867069
14861280
14856697
14839010
14827561
14825980
14823063
14819146
14814745
14801436
14800625
14795456
14786417
14781588
14780197
14779640
14774333
14759230
14756169
14752592
14743137
14742886
14742257
14735534
14724979
14724734
14702911
14693424
14691037
14687058
14681505
14677406
14668845
14666222
14661557
14640500
14628945
14628896
14627655
14625246
14622475
14600034
14584825
14580856
14580849
14576062
14572107
14570262
14560567
14560028
14558727
14555376
14554543
14552418
14544691
14541590
14533351
14530178
14524565
14500042
14499111
14489710
14486299
14484384
14479053
14478074
14476575
14456354
14455141
14449478
14448565
14445038
14438013
14435966
14420821
14419888
14417077
14410766
14409385
14404802
14381509
14381426
14379701
14378478
14370631
14367906
14362465
14340748
14336889
14334282
14333305
14325148
14323869
14321668
14318225
14308128
14305569
14301662
14290489
14289754
14271033
14267544
14265841
14265084
14259989
14222712
14220889
14209234
14208809
14202190
14197593
14193018
14192953
14187966
14183629
14183350
14171751
14170110
14168767
14157858
14157283
14121446
14120733
14118510
14113401
14097530
14096259
14096134
14092847
14091846
14078197
14076242
14064445
14050976
14049379
14049064
14041263
14037540
14027209
14025012
14012287
14011862
14009591
14008278
14007227
14003060
13998607
13992578
13986347
13977312
13976623
13975202
13939715
13938774
13933569
13930564
13930007
13929672
13928259
13922784
13920611
13912844
13911479
13896310
13896291
13892426
13883561
13879418
13875707
13872842
13865103
13857798
13852327
13851738
13831521
13831490
13827267
13821076
13819463
13813894
13810671
13806074
13782131
13777274
13774895
13751320
13748735
13747972
13743963
13741436
13736973
13734320
13728897
13722928
13718723
13718520
13708495
13706912
13665485
13663940
13663385
13659940
13659709
13656672
13654805
13654180
13648569
13639898
13631677
13628990
13628981
13624564
13607153
13604642
13604401
13595396
13587685
13587216
13582593
13569820
13560685
13560484
13556179
13554028
13534351
13530234
13513561
13510350
13506945
13504990
13500973
13498310
13494205
13475802
13475595
13474706
13449319
13448942
13439171
13438988
13435469
13423136
13422745
13421630
13410193
13407788
13406681
13395006
13392967
13382642
13381339
13376434
13372383
13362326
13355847
13354572
13352471
13344558
13341355
13337200
13334815
13324878
13323063
13320202
13311843
13297422
13296771
13293122
13289631
13286038
13247909
13247498
13245979
13241092
13237407
13237144
13235299
13212138
13207847
13207606
13201751
13199324
13196155
13182320
13181313
13178194
13175009
13167122
13156099
13155044
13152165
13149932
13149077
13144008
13137355
13135700
13131139
13114032
13108825
13102930
13098957
13075812
13074847
13073724
13069379
13066262
13063843
13060820
13056097
13048032
13044161
13040404
13023447
13022488
13012749
13009372
13005265
12994766
12992989
12986080
12984701
12981640
12971547
12971080
12959711
12959414
12954199
12926070
12921747
12912812
12906763
12906376
12903251
12897932
12886889
12885340
12869927
12867424
12865867
12855658
12854399
12847772
12845833
12844172
12836333
12823712
12820113
12811782
12808287
12797622
12794425
12794070
12792039
12788732
12774521
12772498
12767393
12753930
12749785
12748326
12739949
12734908
12733785
12725880
12723381
12710846
12710477
12707784
12694551
12690210
12688479
12650582
12649905
12647726
12647265
12645494
12627905
12627366
12625843
12618942
12618279
12605256
12598963
12590150
12589779
12579836
12576977
12573722
12570287
12565454
12562803
12555514
12549591
12540564
12533983
12531224
12530439
12509742
12508169
12494212
12494133
12492218
12486001
12476814
12475879
12475338
12474553
12465986
12464645
12454588
12447823
12446876
12440765
12437606
12433337
12428124
12414733
12413288
12411519
12398404
12387409
12386022
12382939
12375494
12369695
12357266
12354649
12353850
12351227
12346910
12327001
12323478
12322899
12321460
12318555
12298310
12296493
12281954
12279611
12278966
12276763
12272672
12271359
12267450
12262955
12249708
12246447
12241994
12232379
12230970
12227939
12200070
12195059
12190712
12190575
12176654
12172849
12157822
12157435
12155930
12154611
12152354
12147583
12137726
12122835
12117472
12116055
12115020
12112411
12070962
12070739
12065090
12057701
12056390
12055613
12045376
12043553
12038852
12038681
12038528
12031841
12030084
12006895
12005422
12004891
11999868
11998933
11998276
11995791
11970578
11956417
11952016
11951051
11947474
11945207
11944274
11942571
11940450
11928789
11924616
11922189
11914828
11912853
11911296
11898681
11898672
11898015
11878698
11869911
11869490
11866681
11865442
11845319
11842762
11832481
11829584
11829185
11825242
11810821
11810802
11809705
11803362
11797427
11790778
11790305
11787770
11774933
11768670
11755087
11754590
11750825
11750078
11745031
11724410
11719015
11718054
11714343
11711890
11706989
11698024
11693993
11689228
11681959
11680724
11656137
11655160
11654461
11652758
11650425
11647952
11641675
11637572
11632871
11618706
11614747
11603126
11602531
11599606
11581633
11580182
11578881
11565824
11564561
11558654
11549671
11549442
11548715
11546366
11512183
11508802
11489047
11483228
11482239
11479594
11473017
11463106
11461297
11461278
11455219
11452470
11452107
11446634
11446167
11444514
11428295
11399956
11398445
11380808
11380627
11379462
11376849
11369836
11366539
11362128
11354423
11351508
11348541
11339612
11338589
11325104
11324001
11320904
11317949
11299024
11298137
11289882
11289109
11288762
11288049
11278822
11274593
11264836
11260093
11253232
11253005
11251456
11248481
11232632
11231789
11227334
11220913
11218314
11217941
11212804
11203511
11202180
11196791
11177782
11161565
11149754
11147899
11146886
11136047
11133516
11127151
11126752
11121673
11121068
11115637
11110796
11109509
11099478
11093391
11092754
11089229
11083792
11073533
11072288
11063095
11055282
11053955
11050216
11025033
11017478
11016129
11003924
10978611
10977164
10969619
10968404
10965621
10962588
10938517
10936898
10934505
10928332
10927605
10926048
10923589
10920880
10918893
10914212
10911757
10909308
10904801
10896438
10889769
10883838
10883457
10859434
10857317
10843536
10837081
10832104
10831309
10831144
10828957
10826496
10815329
10814386
10802831
10792048
10791395
10788956
10785961
10781538
10779101
10775902
10771177
10720680
10718349
10711474
10709703
10709454
10694951
10694532
10693067
10691294
10689523
10686810
10683533
10672302
10668843
10661830
10660125
10656804
10650091
10646234
10644735
10640018
10610113
10604162
10601241
10595052
10592019
10588008
10583405
10573694
10571845
10567008
10564949
10559760
10555501
10546068
10543811
10534836
10532795
10529894
10524959
10522246
10517849
10513282
10500201
10498066
10481773
10468930
10465789
10464102
10456293
10456158
10447383
10444970
10441491
10437046
10427229
10425696
10423627
10415694
10414253
10413778
10387655
10384024
10379429
10360842
10352609
10352170
10347259
10345418
10341617
10336800
10330147
10328996
10307909
10304120
10295351
10293632
10290759
10282348
10281731
10281060
10276731
10273880
10269909
10261304
10253461
10251846
10251461
10229370
10225333
10221490
10216227
10213222
10199239
10197894
10197887
10196374
10187849
10187166
10181645
10177190
10167635
10165880
10161989
10157526
10146925
10144718
10142541
10129888
10115729
10113900
10112549
10104906
10104513
10080972
10071543
10071022
10069385
10068418
10066817
10059656
10052205
10048324
10042397
10040152
10033157
10029456
10022827
10017948
10009423
10004540
9975911
9974216
9970323
9969484
9964841
9961110
9959955
9958748
9933649
9929376
9916029
9912402
9911303
9909192
9906251
9871548
9866717
9863568
9850679
9848412
9842735
9841644
9826963
9825350
9824703
9822980
9818409
9813160
9806261
9805392
9803753
9802304
9792595
9782920
9779671
9776792
9769827
9767316
9765167
9757332
9756611
9743416
9742007
9741560
9730231
9729312
9716023
9709392
9707149
9704756
9700663
9697608
9665569
9657158
9656539
9652940
9652803
9647780
9645005
9643680
9637237
9635584
9616555
9616014
9611339
9611298
9607907
9600618
9599023
9593568
9564121
9563392
9560327
9559304
9556703
9550920
9550519
9532974
9530137
9529154
9525775
9519674
9517531
9511590
9494935
9487238
9484935
9463892
9463715
9444196
9437893
9437440
9432771
9430568
9415885
9410012
9409611
9408842
9406957
9404084
9397931
9377546
9375539
9373562
9372395
9369188
9365951
9362222
9357995
9336382
9335069
9329902
9325871
9324314
9316645
9315488
9312059
9305630
9287647
9285690
9281021
9277674
9272073
9271826
9260669
9260534
9241129
9238100
9231657
9229176
9225143
9220550
9213305
9210958
9207551
9185612
9182371
9176556
9172115
9168576
9165579
9148586
9146297
9145062
9138599
9132674
9132195
9120444
9119515
9073144
9073047
9068190
9065569
9056972
9056709
9055282
9048713
9039530
9038755
9036962
9032767
9021970
9018205
9017112
9015871
9003450
9001085
8999422
8992563
8991346
8966021
8964978
8963573
8962746
8959701
8946806
8946703
8946150
8936103
8935862
8928963
8927494
8919543
8917242
8914531
8893582
8890963
8888530
8881511
8879462
8879023
8857642
8852945
8852118
8838131
8837848
8828317
8824440
8823231
8821936
8817755
8804546
8803117
8800462
8797171
8783954
8778695
8771904
8762945
8762940
8762319
8750944
8743507
8742802
8742751
8714306
8713003
8695352
8688527
8686876
8683929
8681988
8679817
8654644
8651863
8650864
8645585
8645018
8643217
8637240
8634981
8627496
8625201
8613772
8612501
8610384
8592199
8570368
8566569
8566460
8566177
8563198
8562173
8559006
8554311
8532004
8529689
8521796
8519789
8517092
8510049
8508094
8507525
8500776
8500617
8482910
8481331
8480578
8476359
8468796
8466763
8447798
8447289
8447210
8439897
8438334
8436641
8432848
8423569
8410004
8406485
8404654
8402399
8398124
8390719
8386816
7849455
7846686
7833429
7829014
7825221
7819278
7816317
7811618
7810149
7803844
7800849
6399253
6393438
6392805
6376902
6376641
6372674
6369073
6368754
6365529
