26350326
26349675
26346926
26337503
26334046
26332487
26328254
26315181
26311730
26307479
26306118
26272145
26267972
26266355
26263742
26246733
26246404
26241401
26237952
26231113
26228392
26220627
26220052
26215687
26205990
26197221
26195344
26194281
26192502
26173817
26171154
26168393
26163366
26162889
26154544
26150757
26148184
26135483
26134630
26130585
26129866
26128009
26123014
26105429
26101012
26080351
26075978
26075143
26067436
26067337
26066376
26065207
26055912
26041231
26039684
26035575
26035160
26018483
26017904
26016021
26014148
26007153
26004928
26000705
25996008
25981287
25980326
25976941
25965538
25963913
25958708
25957221
25949782
25941299
25939234
25927167
25917126
25915851
25912890
25901015
25899838
25893791
25893586
25862355
25846260
25845805
25841916
25840575
25840012
25837695
25832154
25820709
25819942
25815609
25806386
25802653
25802562
25789715
25788282
25779251
25777762
25763993
25759324
25757409
25753464
25750797
25741376
25738869
25734786
25694701
25694556
25687425
25685208
25671737
25671722
25671551
25670572
25668191
25667436
25660097
25656828
25654821
25650206
25637771
25634288
25632383
25606978
25606753
25606492
25605237
25599328
25598201
25586104
25586045
25583414
25571377
25566660
25551873
25546680
25544145
25541652
25537065
25531032
25517575
25517006
25515023
25511760
25481799
25476736
25476683
25476018
25454037
25452234
25450149
25444876
25441957
25430400
25428429
25425104
25407597
25405228
25396895
25396066
25395141
25394184
25392457
25390576
25382185
25377544
25365979
25361330
25359491
25354000
25352859
25346490
25344343
25322468
25321213
25316406
25315357
25305454
25301335
25299658
25280103
25276838
25275943
25272678
25269611
25269034
25262823
25254896
25245483
25245336
25239469
25192504
25191189
25185530
25184829
25181658
25176053
25172254
25168829
25163640
25160873
25153838
25146941
25146734
25132675
25132040
25130135
25126270
25093001
25091998
25091147
25090334
25086473
25084662
25083701
25081386
25077079
25057834
25052611
25052438
25038599
25038398
25035977
25033750
25023059
25021282
25020307
25018086
25003943
25002076
25001295
24997774
24986183
24985498
24972131
24965746
24959837
24959834
24956803
24929072
24927517
24923682
24910223
24908288
24907659
24891198
24889461
24886394
24882827
24873184
24869103
24849360
24849005
24847260
24844267
24841874
24840123
24828256
24823363
24822920
24817555
24786782
24783775
24781134
24765983
24764660
24761287
24760686
24759389
24741034
24739981
24730988
24728513
24727816
24723993
24723976
24713523
24712110
24708043
24691986
24689141
24686024
24681969
24670328
24669037
24660826
24659243
24656944
24631575
24629074
24626025
24625374
24620573
24617370
24611599
24611246
24606211
24585462
24584755
24581814
24578223
24564742
24563633
24562938
24561759
24555608
24554727
24550124
24545203
24529314
24512611
24511194
24508777
24501524
24501097
24490018
24485633
24476522
24475489
24469592
24468553
24452812
24452751
24443322
24442607
24440832
24436681
24418094
24416031
24411932
24410391
24403880
24402135
24398328
24368585
24367006
24362105
24339788
24339589
24338666
24332065
24331914
24329087
24326538
24314635
24308238
24303179
24303084
24300843
24285774
24285301
24265864
24258393
24253926
24252485
24250896
24209689
24202564
24199985
24188544
24185471
24185084
24182081
24180266
24179441
24176290
24164039
24162510
24162439
24151334
24149943
24148126
24146575
24141984
24136315
24131656
24100119
24095322
24094533
24092224
24090269
24088194
24083899
24078726
24075927
24069220
24066707
24063234
24041419
24040362
24028279
24023934
24022843
24021730
24014071
24013016
24013003
24012314
24006469
24003866
23999469
23988648
23986803
23984208
23960719
23960106
23958181
23951068
23950597
23938702
23938443
23934484
23920661
23920380
23910935
23899466
23888465
23888204
23884709
23878236
23872913
23872064
23867847
23854792
23852651
23850220
23842363
23838732
23822411
23818378
23814807
23770720
23765523
23763892
23762535
23758866
23756099
23755114
23754711
23746776
23745389
23744096
23741975
23738302
23733731
23722126
23721687
23708664
23705773
23703552
23697815
23695752
23692707
23659376
23657563
23654988
23647831
23641918
23641723
23637026
23635403
23629250
23624779
23622914
23579975
23576902
23570031
23567826
23559635
23555882
23555067
23528060
23527107
23522292
23518887
23501428
23500955
23500074
23497227
23497098
23493171
23488066
23484987
23480970
23474713
23470874
23465467
23459260
23458475
23445870
23440193
23439538
23434229
23430878
23424313
23423714
23417183
23412440
23408119
23405448
23402255
23398838
23394299
23384310
23378459
23378090
23366481
23365578
23356553
23355378
23338653
23334954
23333765
23307798
23306695
23304432
23304411
23301458
23300975
23296938
23281083
23267002
23265511
23251020
23250569
23250172
23248759
23245096
23243563
23237978
23215461
23209960
23207429
23203058
23190161
23187064
23186585
23174698
23172877
23163182
23161913
23157614
23155349
23148658
23141113
23136970
23126539
23124368
23119371
23111550
23106385
23101890
23092081
23087526
23085705
23082250
23068375
23063846
23056483
23041926
23040821
23040674
23035815
23032498
23027647
23020430
23013717
23013106
22989909
22989534
22986795
22981294
22979059
22974914
22967607
22965002
22949547
22949362
22949041
22944178
22911259
22907830
22893871
22891130
22880097
22879982
22877077
22876906
22848833
22835090
22827349
22826810
22823163
22816984
22814423
22809376
22807363
22801164
22792535
22787294
22780401
22779794
22776415
22776302
22773129
22769932
22756589
22756136
22751871
22751540
22733643
22730728
22725073
22716310
22714029
22709868
22707491
22704522
22700761
22692706
22689945
22686712
22649335
22647938
22639991
22639458
22639363
22639322
22638763
22636196
22633395
22626880
22625317
22624764
22616875
22616236
22604999
22594470
22592283
22588032
22581115
22580044
22577835
22573338
22568023
22550128
22547347
22529638
22519595
22517338
22511841
22511526
22499995
22498730
22492289
22490238
22476979
22476890
22470409
22469406
22455457
22452998
22445361
22442334
22439377
22437942
22410367
22405894
22404911
22402180
22399035
22396064
22390401
22387072
22380715
22377058
22374079
22361902
22360327
22354954
22352383
22329056
22327467
22327108
22326257
22323622
22308779
22307540
22299141
22298028
22294295
22282902
22281339
22280246
22253757
22237946
22235971
22235022
22228181
22224994
22223925
22215470
22211555
22202210
22193455
22192522
22187151
22186090
22170603
22169444
22166551
22159854
22149139
22148162
22147191
22134232
22128789
22124700
22119277
22114900
22104313
22096156
22090295
22084424
22083151
22082492
22078279
22074612
22060221
22044214
22042449
22041342
22039713
22031920
22028525
22027692
22012505
22009748
22008297
21999560
21998189
21992714
21982601
21982010
21976599
21968514
21965267
21954326
21943365
21935680
21934013
21921888
21916931
21912620
21911835
21906758
21889735
21888340
21886379
21878254
21870367
21868758
21862749
21861814
21825339
21821096
21813827
21810742
21806117
21800608
21795581
21785934
21776983
21772962
21757805
21756550
21755669
21748602
21748267
21739838
21739445
21737314
21731255
21718694
21715227
21709316
21708235
21700676
21699179
21693044
21689719
21675716
21669381
21665222
21663093
21660186
21658461
21653546
21648129
21639990
21636901
21633234
21617801
21611318
21607889
21601790
21600799
21598766
21580253
21579970
21568029
21567010
21565531
21562114
21557145
21555646
21545531
21541090
21525977
21521450
21517269
21514066
21511601
21505238
21500819
21496130
21483955
21481894
21463295
21462782
21458955
21448470
21444375
21444054
21438043
21429494
21419715
21417694
21407931
21407652
21405919
21394692
21393905
21391846
21383643
21381554
21374461
21372094
21330585
21329392
21321835
21321590
21311283
21309248
21308753
21308168
21307475
21299310
21297611
21287662
21278145
21277510
21272165
21271502
21264911
21261106
21222143
21220770
21219015
21213582
21209519
21177048
21176351
21159306
21156033
21154598
21153055
21150474
21146593
21145794
21144095
21143690
21138015
21135284
21131147
21102362
21101171
21094906
21093913
21091544
21084661
21083728
21079315
21073952
21070023
21056344
21056205
21054996
21051631
21045742
21038031
21037630
21028615
21025388
21011579
21010668
21009251
21003874
21002763
20988950
20988927
20980208
20976285
20972580
20969489
20964384
20960943
20959256
20955503
20939014
20934863
20929650
20929231
20903196
20902719
20901886
20899063
20897910
20894037
20882660
20879147
20878200
20872003
20871084
20868405
20863958
20848351
20848048
20846631
20836280
20830555
20829004
20811309
20810850
20810259
20806218
20803159
20783004
20776017
20773718
20772977
20771922
20770339
20757168
20753311
20733832
20733153
20731482
20728753
20720664
20720633
20705072
20704329
20700830
20700313
20691076
20685321
20684944
20660833
20659728
20658125
20654650
20652845
20648942
20643761
20637450
20632789
20607186
20606721
20605392
20605101
20593488
20591099
20589384
20580821
20578288
20569125
20567508
20563069
20552132
20549461
20544670
20535241
20529618
20521227
20518510
20485719
20484606
20481659
20459364
20458867
20455442
20454075
20451658
20447275
20442304
20441611
20430812
20429673
20426362
20402573
20401866
20401801
20383430
20383015
20381326
20374631
20374064
20372449
20368538
20363205
20357038
20355941
20339200
20338717
20335402
20327267
20326118
20320641
20319946
20311665
20305360
20304937
20300314
20267855
20264282
20251583
20251522
20250593
20241226
20238795
20235028
20228729
20227368
20222713
20198374
20196691
20194398
20191949
20191498
20159565
20156700
20152987
20152536
20149599
20146162
20140275
20137608
20134573
20123022
20119683
20119354
20115685
20109700
20109433
20090412
20090023
20088258
20063793
20059002
20058785
20054650
20046961
20044482
20028019
20022542
20020933
20019826
20016807
20013642
19996553
19994728
19991065
19988404
19986757
19961992
19961949
19960250
19954067
19953962
19933995
19932824
19930797
19928936
19928357
19921412
19920315
19918922
19915469
19901842
19899333
19895202
19893973
19858722
19856519
19852412
19840449
19840212
19838393
19833644
19824699
19823054
19819025
19812206
19804277
19803710
19788651
19788586
19769749
19769498
19766853
19761430
19757777
19750716
19729215
19728736
19727193
19724996
19722985
19720028
19718257
19707946
19705605
19688486
19683447
19682414
19680567
19679782
19672903
19670200
19667077
19661694
19656425
19629972
19621137
19618492
19615067
19615008
19611935
19609884
19605915
19602692
19595157
19592060
19586961
19584892
19580349
19563312
19562145
19553146
19549525
19548422
19543763
19542430
19531001
19518852
19518149
19517366
19490599
19489654
19487633
19476538
19473133
19471190
19464091
19454894
19451301
19451130
19450809
19450526
19433703
19429604
19405195
19404870
19390073
19388322
19387733
19383970
19382285
19368388
19366165
19354460
19350653
19346834
19345973
19340200
19335075
19332788
19330589
19329084
19326605
19298712
19278117
19276954
19274443
19267164
19260649
19259252
19242467
19238234
19238195
19236858
19235147
19223154
19221397
19218576
19204839
19203128
19200131
19198340
19196171
19191164
19165791
19158200
19157543
19153490
19153229
19151336
19144619
19135850
19135779
19134716
19128939
19128020
19123317
19116450
19112033
19090474
19090135
19088316
19079517
19074908
19068545
19063544
19063541
19051420
19048369
19036380
19024555
19024468
19020695
19019100
19009435
19008384
19005897
18998020
18996781
18992038
18987073
18974050
18970265
18969598
18958601
18952550
18946229
18940670
18939353
18912682
18890663
18889314
18876469
18872750
18860411
18856786
18849299
18847226
18843809
18843746
18832573
18830588
18829357
18826886
18821969
18821726
18808967
18808882
18806303
18805086
18798375
18798194
18789161
18785724
18782413
18777290
18751337
18751122
18747401
18745730
18735863
18735362
18724643
18718390
18717959
18717050
18706387
18699814
18696951
18694066
18689455
18683930
18678345
18671656
18651811
18646638
18643337
18639706
18633607
18630844
18627577
18617918
18608039
18607246
18603587
18600206
18595633
18589518
18585641
18569818
18569779
18568992
18565465
18530338
18525233
18525226
18525031
18516896
18515939
18499900
18497097
18496268
18493467
18490238
18478691
18468188
18465811
18459920
18459419
18455844
18455147
18444158
18441271
18437670
18427637
18426582
18409701
18409478
18402815
18401476
18399091
18395670
18344983
18343112
18341547
18335566
18332121
18330798
18326779
18317720
18315579
18311332
18281549
18276326
18276017
18265690
18265381
18264966
18262909
18260942
18257695
18249836
18247679
18245536
18237477
18236200
18226887
18226692
18215503
18194154
18192929
18190788
18190101
18186764
18186741
18184388
18170385
18166516
18163557
18163020
18133189
18132912
18131597
18129514
18125929
18121538
18117725
18096868
18095953
18090828
18088559
18085948
18080313
18079378
18077629
18068970
18068585
18058062
18057295
18051980
18045671
18040460
18035153
18019098
18007057
17998516
17997181
17995140
17993185
17989424
17986177
17970046
17968931
17968754
17961757
17959662
17949281
17944054
17932989
17923230
17922663
17921742
17904369
17900994
17896207
17892916
17891351
17888394
17875277
17871964
17871477
17850380
17847189
17833548
17832963
17818630
17817489
17811362
17810993
17807658
17796293
17794102
17788391
17787074
17781467
17775314
17770659
17760664
17759759
17745686
17742433
17735640
17732813
17728534
17710143
17706930
17680061
17679056
17673861
17669210
17668397
17663830
17653709
17650896
17648321
17644758
17628691
17626620
17623991
17610016
17609023
17603328
17602955
17602804
17602247
17598338
17590377
17587366
17574661
17567982
17567293
17565694
17558353
17558194
17539051
17534014
17506917
17506812
17491947
17491722
17490849
17485020
17484193
17477826
17472037
17471836
17471577
17458938
17455225
17448274
17445725
17441320
17439705
17412278
17410281
17402994
17395777
17394850
17392363
17390434
17388129
17380616
17377181
17372382
17371793
17368114
17350183
17347008
17345731
17335612
17331113
17329288
17327251
17313914
17311035
17310022
17289277
17288730
17285639
17282506
17279035
17274238
17265377
17263894
17231805
17231324
17227715
17226944
17217219
17215368
17205071
17203258
17201183
17199080
17183843
17183200
17177381
17175756
17173735
17160900
17160477
17156758
17127887
17124306
17122691
17119628
17108727
17107232
17106191
17098886
17097043
17073296
17069447
17068474
17066501
17061944
17042629
17041470
17031353
17031068
17030933
17029922
17027945
17016188
17009975
17009036
17007035
17002540
16996927
16991222
16976963
16944466
16943347
16936392
16935515
16932562
16932555
16930932
16930363
16927452
16920309
16917200
16897601
16884456
16883349
16880368
16879985
16871266
16870041
16854028
16852023
16843634
16843603
16839468
16827561
16826910
16810083
16807092
16798079
16797630
16795419
16791378
16782817
16779268
16778517
16771860
16766187
16761912
16746541
16743354
16742669
16733312
16725599
16725088
16721669
16710296
16703015
16701032
16684391
16683262
16680425
16672050
16671607
16668944
16660517
16647202
16644421
16636438
16633957
16629352
16626925
16622304
16606531
16604576
16592839
16588816
16588655
16587088
16560689
16556566
16552625
16552562
16518197
16511810
16508671
16508190
16506845
16500638
16494807
16494674
16484687
16481718
16477769
16476482
16474119
16457666
16457257
16431598
16427199
16426750
16425375
16424374
16422335
16420942
16418751
16414216
16412619
16411992
16407815
16388932
16387455
16363804
16362331
16359910
16359183
16350506
16346093
16335876
16334239
16331186
16327765
16313932
16311465
16306648
16293149
16291788
16284751
16276376
16276157
16275670
16274711
16273656
16249885
16245902
16241907
16235942
16233695
16207350
16204133
16198086
16196317
16195694
16190069
16187382
16186253
16179176
16176803
16172348
16156697
16155836
16147347
16145960
16123099
16117384
16113453
16110548
16108697
16106076
16101451
16100608
16092333
16090892
16081901
16079492
16072189
16070612
16054277
16051976
16032137
16026778
16025197
16015618
16015437
16013580
16011821
16004206
16001441
15990250
15977663
15969648
15965791
15962890
15961935
15956980
15944623
15942674
15940355
15936708
15921763
15921584
15921519
15916220
15902797
15900900
15900029
15894252
15888921
15866970
15865665
15861232
15860685
15854602
15850245
15822728
15819137
15818172
15803217
15801000
15798413
15795604
15793821
15791088
15774291
15772816
15770467
15767680
15765503
15740418
15739085
15736464
15727863
15721320
15720917
15718848
15708619
15704720
15691453
15690600
15683643
15680372
15662953
15662914
15662457
15660392
15658921
15656996
15649775
15648680
15631691
15629204
15625501
15613882
15613469
15607800
15599107
15593816
15591271
15589504
15584701
15576880
15566051
15566042
15562045
15555464
15551593
15496410
15493099
15487798
15485313
15484522
15479869
15475666
15471553
15470794
15462745
15461990
15455317
15453498
15439657
15438634
15436557
15431286
15427809
15417060
15416445
15411388
15409929
15396092
15386579
15386180
15384941
15381092
15377221
15358642
15353821
15353514
15352257
15352066
15342141
15333686
15332599
15331194
15324029
15315278
15311351
15308570
15281021
15279256
15278617
15268362
15264957
15264854
15263065
15259912
15255893
15234132
15210009
15208956
15201203
15199616
15190877
15190820
15184741
15180652
15176849
15163134
15160305
15156968
15156513
15151270
15141407
15136830
15130643
15126320
15121233
15084344
15084323
15084198
15083141
15081540
15073829
15069218
15068085
15060020
15058365
15054342
15034785
15026310
15026047
15024948
15023135
15022076
15020913
15016364
15012137
15004880
15003929
14994818
14991381
14986270
14982537
14963172
14954041
14954022
14952333
14948188
14943081
14938240
14932923
14920932
14910349
14884898
14882077
14881650
14871099
14870866
14862711
14859294
14859115
14856906
14850015
14848678
14840255
14839430
14837221
14832660
14810513
14809082
14802857
14800184
14799761
14797216
14795977
14793348
14746467
14745658
14744811
14735368
14729945
14727584
14723655
14721896
14712629
14709724
14700965
14699858
14696767
14692292
14680491
14675416
14674179
14659666
14653863
14650706
14641051
14639600
14639591
14634396
14630003
14613790
14612291
14610578
14602355
14602096
14597063
14590400
14590243
14564228
14562957
14554926
14550245
14549746
14546309
14530318
14528585
14520878
14520853
14520458
14512509
14512460
14508821
14496104
14495667
14493384
14489545
14484736
14478579
14468686
14467363
14453130
14448223
14443994
14443731
14395140
14394901
14393130
14377399
14375936
14374365
14369110
14365167
14364556
14362981
14352334
14351759
14343212
14341399
14340260
14335793
14330816
14327477
14322088
14313343
14311868
14297757
14294870
14294281
14290054
14288453
14279704
14277009
14272544
14248967
14248244
14246011
14241608
14241447
14230932
14222697
14222448
14216455
14211056
14192735
14191054
14188135
14178834
14176135
14174894
14171751
14140188
14134651
14124926
14098075
14096902
14096859
14091494
14090151
14081854
14073851
14073582
14072023
14064592
14058189
14056200
14047739
14038400
14038375
14037296
14021891
14020106
14019263
14015488
14011291
13991928
13991919
13988706
13979923
13977622
13972821
13971788
13969051
13945194
13941827
13931872
13929417
13925736
13923005
13919782
13909513
13907638
13906501
13904414
13888117
13886996
13884203
13874934
13874639
13863152
13859769
13850516
13850135
13849212
13844633
13835092
13831945
13830596
13825739
13817410
13813891
13803526
13800615
13795796
13791683
13780344
13778539
13765936
13762923
13761260
13757771
13731798
13717125
13711914
13709765
13709646
13701207
13699700
13697379
13692910
13688247
13682866
13678547
13671860
13666287
13663472
13658137
13651296
13646579
13640866
13618627
13617240
13608801
13607638
13606005
13590338
13589743
13585770
13584999
13579342
13572303
13570578
13559783
13557690
13549739
13547842
13524351
13523732
13522073
13519388
13515951
13497812
13497149
13473178
13472959
13472660
13468617
13452888
13452695
13449550
13439739
13438442
13429681
13424524
13422217
13421884
13419737
13405618
13403825
13400080
13398641
13376076
13375769
13373726
13372965
13367614
13364153
13360974
13348963
13347686
13342333
13337498
13329997
13327290
13307995
13297726
13296289
13293156
13289219
13277856
13272823
13271492
13262051
13261944
13245223
13241382
13229325
13224408
13220895
13219404
13213907
13211286
13205505
13203734
13201719
13192744
13179427
13179362
13176207
13172620
13168179
13142362
13137735
13132988
13119979
13103398
13102439
13096482
13095451
13087744
13087671
13078918
13076589
13075854
13067383
13067026
13062825
13058734
13047005
13046814
13044811
13035548
13029979
13029192
13024355
13001444
13001141
12994484
12991519
12989120
12979939
12979252
12968583
12968050
12965335
12951414
12934369
12933654
12930725
12920110
12917831
12916722
12911909
12908470
12903049
12881074
12875899
12873618
12866065
12862838
12859127
12858034
12848169
12841830
12838565
12833236
12827557
12819524
12818989
12805524
12804117
12800806
12798469
12786770
12780341
12776638
12771635
12761942
12757285
12757190
12742985
12733672
12731809
12728822
12710211
12705508
12704977
12702894
12698255
12694526
12677097
12669740
12666867
12663288
12652297
12651584
12647675
12641348
12633771
12633652
12629163
12609772
12608541
12607148
12604429
12601118
12578673
12577320
12560381
12556934
12547899
12546426
12538481
12537520
12530645
12530318
12527821
12523562
12515865
12513622
12504161
12503394
12500077
12493590
12490025
12463072
12459783
12444214
12440765
12433950
12432609
12422754
12420537
12414768
12410231
12410184
12386591
12380734
12379295
12376814
12368209
12366278
12360011
12354648
12349711
12348556
12346203
12334994
12333855
12323756
12320649
12314222
12310401
12310062
12304731
12300402
12298143
12287272
12283111
12282936
12263191
12261354
12247653
12245750
12244849
12237990
12233909
12233276
12232185
12198064
12196225
12189112
12188811
12185706
12182353
12173120
12164033
12163636
12162591
12159128
12138863
12138656
12123969
12123828
12119419
12116418
12113763
12107954
12106225
12102576
12091513
12086080
12081857
12070670
12056357
12054100
12053801
12044632
12044281
12042458
12035411
12032506
12029477
12011420
12002853
12001912
11998529
11990556
11990005
11984982
11970223
11964812
11944845
11944388
11939351
11925384
11922727
11914298
11913647
11893310
11893237
11892820
11891691
11888976
11886591
11878410
11877647
11852536
11843883
11840832
11829233
11826030
11822711
11819264
11812909
11809084
11807717
11804416
11788287
11787874
11784205
11782434
11777845
11753416
11751965
11749848
11747319
11746760
11741887
11741808
11728263
11726452
11723255
11722592
11712811
11707996
11707187
11694908
11694251
11676350
11674915
11673096
11670823
11650544
11650063
11641054
11639171
11636332
11634327
11629494
11626567
11616902
11616243
11604762
11600841
11596538
11591755
11586650
11578929
11567824
11564061
11558212
11558185
11552630
11532735
11528482
11507455
11507088
11505151
11491934
11488629
11488018
11482091
11481192
11480851
11466776
11464705
11464636
11461571
11456550
11446417
11437566
11433133
11431234
11422255
11421018
11406287
11405926
11397431
11396890
11390087
11388102
11375879
11370932
11370447
11357198
11353255
11341050
11335943
11321504
11312687
11310634
11307005
11295208
11293605
11290916
11290233
11288000
11277561
11273758
11260151
11259672
11258563
11247206
11246675
11236750
11230855
11226572
11225443
11210550
11195537
11191570
11189285
11186158
11178077
11176674
11172127
11165222
11145399
11143614
11141003
11139838
11136205
11130602
11126009
11124310
11097969
11093490
11090195
11089806
11086779
11077344
11075721
11075028
11073387
11068246
11057403
11053492
11052343
11042852
11039111
11031340
11031031
11023042
11019279
11001742
11001193
10987506
10982065
10979182
10976313
10969904
10965783
10962348
10956933
10953808
10945143
10937272
10931365
10928136
10919823
10915518
10913439
10899198
10896973
10871046
10868817
10868226
10855889
10855136
10853135
10849066
10831489
10831124
10814967
10812636
10809921
10805982
10803913
10799488
10795189
10790182
10788117
10783428
10782493
10768718
10767067
10755572
10755553
10752562
10733265
10726124
10725549
10718056
10715561
10711032
10709577
10706274
10666413
10658690
10648733
10648022
10623453
10621382
10618901
10614790
10613397
10609086
10595821
10594624
10593565
10584192
10582401
10578182
10578069
10564598
10551393
10550756
10547867
10542270
10541023
10538954
10534207
10529838
10501437
10498450
10495917
10487004
10482483
10481496
10478453
10450552
10450343
10449648
10444333
10442716
10442007
10440904
10436689
10435660
10431619
10427088
10422557
10405606
10401573
10399694
10396161
10379452
10377015
10364856
10362237
10361024
10357215
10355840
10353489
10352872
10348701
10334998
10327739
10322498
10321105
10320086
10308055
10307874
10305879
10302198
10275227
10274182
10266391
10264344
10262979
10261134
10250063
10249958
10249255
10245918
10195855
10195444
10189535
10186112
10181461
10172476
10170623
10162648
10162201
10158026
10141821
10140050
10138669
10131156
10130617
10123120
10122837
10117530
10103885
10097666
10095633
10081986
10079815
10079178
10068749
10068286
10066083
10060746
10054723
10054314
10012423
10011374
10009355
10009170
10007491
10005218
9996651
9987252
9982351
9965932
9964779
9955490
9953455
9950424
9950119
9949258
9947391
9925928
9920467
9911572
9910875
9910038
9908107
9907282
9904403
9895526
9893811
9878778
9868833
9863612
9863153
9860802
9848177
9843760
9841605
9833008
9831717
9825768
9824917
9823650
9792585
9790994
9786425
9785754
9782271
9771654
9771567
9766082
9761431
9747824
9747459
9730388
9728027
9720386
9719307
9716600
9711591
9708588
9697801
9697178
9696099
9666824
9666025
9660792
9659811
9659428
9652877
9652804
9651013
9650556
9646459
9613912
9613573
9613196
9612483
9605612
9590761
9587320
9586841
9582632
9580419
9579740
9576499
9561638
9560219
9556800
9553683
9548392
9544795
9539006
9536979
9516872
9500717
9498184
9496017
9492940
9481517
9478482
9474785
9470090
9467045
9457456
9455253
9446596
9445059
9444360
9436469
9433292
9429651
9424784
9395057
9389850
9389577
9379734
9378677
9368788
9366331
9365564
9356035
9355994
9354857
9349376
9342475
9336662
9332139
9320754
9318857
9311500
9309315
9305744
9278421
9278370
9271325
9267458
9265113
9256318
9250511
9246410
9231617
9230784
9228389
9223104
9219865
9205142
9199151
9198716
9196403
9191910
9168581
9168444
9163005
9160360
9155415
9150556
9147145
9144312
9136457
9133312
9116335
9113676
9107051
9101936
9095593
9095156
9085535
9079596
9076705
9076628
9071349
9049622
9030549
9029774
9026377
9018556
9014605
9011312
9010681
8999262
8996353
8993366
8983309
8982648
8981993
8975108
8974021
8968912
8965761
8929414
8929193
8928744
8923905
8920924
8920385
8918688
8911383
8911248
8907267
8896616
8893647
8892324
8653695
8653034
8649481
8531776
8520445
8519342
8516281
8488408
8483523
8483152
8482915
8480356
8476345
8471020
8462949
8462686
8462281
8331627
8326704
8320135
8316122
8311689
1957548
1957201
1083681
