26208473
26202112
26200697
26196530
26150017
26144356
26141851
26140780
26128243
26127332
26125401
26119354
26117065
26100246
26099601
26099026
26096817
26070810
26057585
26056952
26055943
26054074
26053311
26049098
26048767
26044146
26034327
26031958
26029963
26026562
26020991
26014194
26013263
25993566
25991613
25987500
25984787
25982052
25977431
25974548
25970369
25968740
25958399
25957532
25953737
25945558
25943159
25938074
25915687
25911000
25903387
25897916
25895007
25883136
25877781
25876480
25871465
25852372
25850255
25843860
25842145
25840220
25835737
25831776
25820277
25817320
25813683
25807172
25802663
25802136
25782607
25779574
25767211
25756866
25755169
25755142
25751573
25750406
25745631
25745406
25741999
25735504
25705013
25703360
25702045
25700900
25698529
25696054
25691501
25686796
25675039
25666938
25665279
25662072
25660351
25627142
25626321
25622308
25619877
25587906
25585697
25583898
25582745
25581098
25572727
25568608
25567447
25563276
25561271
25557286
25556703
25540924
25540657
25533292
25524643
25523548
25520319
25515636
25512847
25502516
25501107
25499932
25489273
25485442
25480931
25466858
25456181
25454456
25452301
25447962
25442407
25434028
25431987
25421912
25417645
25403390
25402811
25396660
25395173
25393550
25388131
25374980
25367267
25360634
25359391
25355158
25351835
25324202
25323123
25322162
25320025
25315924
25311769
25304266
25301767
25297942
25292503
25282658
25280979
25277854
25256699
25252910
25252659
25251046
25249427
25243800
25238099
25236668
25231891
25211826
25189063
25182772
25180191
25173632
25173343
25164018
25162327
25144810
25139129
25139048
25137991
25135354
25128275
25126898
25126507
25119302
25118887
25109600
25107927
25080234
25074971
25067354
25063417
25063190
25059699
25055174
25047727
25043958
25040471
25036798
25029543
25027578
25016499
25014308
25012095
24988480
24985115
24977752
24977463
24973502
24971275
24962130
24961377
24958156
24952571
24943018
24938607
24938444
24937531
24929610
24926679
24908462
24906437
24904030
24898293
24897814
24879675
24879388
24866993
24862250
24859159
24858086
24854143
24848560
24837475
24834788
24833959
24816850
24807087
24798572
24796151
24793136
24790935
24779648
24778803
24774088
24773315
24769410
24764367
24728324
24727671
24724986
24724291
24723036
24717747
24716680
24706735
24705290
24695065
24692934
24690103
24686746
24675393
24674040
24672175
24643360
24642451
24641480
24639643
24637550
24621467
24619506
24602855
24601156
24598939
24595892
24592647
24589254
24582875
24574154
24571249
24568214
24542929
24541242
24538037
24537014
24534817
24532858
24526253
24526150
24502021
24488394
24486355
24479152
24478325
24478036
24461633
24461196
24454029
24453908
24452103
24445870
24443771
24425428
24424583
24424180
24423029
24419134
24413247
24409310
24387779
24383060
24378089
24374024
24359467
24357484
24356847
24351152
24324699
24324622
24323741
24315936
24312377
24307622
24282013
24280670
24274363
24273670
24271837
24269958
24255757
24254166
24249967
24249606
24236465
24236166
24234315
24221184
24220955
24212464
24210451
24206456
24196767
24192574
24184597
24182890
24163119
24160722
24157047
24153280
24151599
24148356
24138235
24135918
24135771
24130936
24127571
24115494
24111185
24109658
24105795
24096688
24096047
24082484
24080091
24075820
24072239
24056202
24050525
24049318
24041891
24041714
24030365
24022274
24019151
24002178
24001461
24001334
23995883
23995230
23990843
23982252
23979637
23976410
23939549
23933360
23931765
23929478
23927717
23905320
23902797
23901028
23899131
23896366
23890433
23885886
23882125
23860632
23859901
23855290
23854335
23853934
23850745
23804868
23799625
23799536
23787511
23786544
23781783
23778488
23772057
23769762
23767469
23763248
23754183
23752768
23746695
23746184
23738645
23729424
23726789
23726408
23707861
23704420
23698197
23684098
23680897
23678672
23678245
23672204
23671155
23667482
23665233
23662800
23650677
23641990
23641549
23640288
23632137
23630452
23622449
23606602
23598373
23596390
23594625
23592404
23590053
23586440
23584321
23580752
23563777
23559166
23557441
23545616
23543215
23534102
23529791
23528162
23526815
23510948
23508927
23507948
23505705
23498814
23495691
23495574
23490553
23478542
23472777
23472372
23469809
23460646
23455273
23452598
23417189
23414606
23411873
23404694
23403423
23403362
23387821
23387496
23385589
23384272
23382457
23372228
23367601
23361746
23361221
23356902
23353093
23342326
23334371
23327086
23325493
23324558
23310187
23307082
23299635
23295580
23293207
23270434
23269711
23267578
23258351
23252862
23249921
23246870
23240589
23239210
23211917
23211194
23206317
23202450
23180173
23179068
23176997
23169796
23169209
23165512
23162075
23159432
23153211
23145120
23143471
23136640
23133585
23133008
23129535
23120682
23118143
23112446
23102347
23082802
23078885
23071846
23070805
23049064
23048219
23046350
23046163
23044312
23041931
23039438
23026531
23025682
23021711
23008766
22998055
22985518
22980953
22979286
22976013
22975654
22971915
22970510
22952545
22942798
22942137
22939962
22937473
22933028
22919653
22919344
22916381
22906430
22883961
22881502
22876459
22872946
22870975
22867272
22861465
22853930
22851157
22846706
22842857
22827294
22823005
22821826
22820637
22812450
22811213
22788298
22786493
22784800
22783549
22778538
22774589
22767454
22765165
22707936
22702899
22702292
22691985
22691068
22686251
22682778
22680907
22668982
22668547
22666564
22662463
22645068
22643057
22641196
22629935
22629442
22627929
22626284
22622591
22622428
22618663
22597552
22594095
22588546
22584591
22575214
22575083
22559646
22556053
22555574
22549057
22546914
22542347
22537182
22533147
22524752
22522883
22509454
22505829
22489604
22487757
22482680
22480633
22477860
22463075
22457052
22456465
22454900
22449027
22446884
22443471
22442116
22425091
22422980
22422555
22398156
22397939
22397288
22394807
22391556
22387271
22383508
22377287
22375184
22369617
22366620
22361519
22327520
22321423
22321376
22316589
22308662
22307929
22304934
22304277
22302924
22302849
22301280
22297853
22295284
22278167
22274708
22267669
22264116
22256659
22251980
22248147
22210738
22210337
22207406
22197959
22195062
22194883
22191462
22188651
22180652
22173455
22171798
22170491
22166826
22139941
22139336
22134395
22134384
22132781
22131120
22124979
22123488
22121907
22102806
22102451
22100622
22100155
22078610
22077031
22076726
22072187
22070530
22050057
22045140
22035417
22035038
22031013
22025350
22022685
22003360
22002139
22001612
21999861
21983526
21980899
21976510
21968349
21963960
21951463
21950008
21947505
21940264
21930413
21930172
21927217
21921742
21909601
21906246
21880525
21860406
21858973
21858406
21852197
21851818
21851665
21849976
21849703
21849226
21847565
21836840
21834905
21829510
21828021
21812616
21805053
21801598
21797799
21758392
21756621
21752156
21750875
21748562
21745891
21745646
21743255
21736726
21723695
21720972
21718395
21716828
21714327
21710450
21709895
21695654
21684951
21684356
21681579
21678650
21676139
21662230
21660283
21659078
21649307
21645866
21625945
21625498
21620657
21618170
21607985
21602300
21600801
21578952
21573279
21565902
21564965
21561242
21560573
21558024
21545677
21544338
21532991
21530310
21528491
21527954
21526013
21513484
21509573
21508616
21504341
21490200
21483835
21481356
21471017
21465688
21462357
21461588
21457141
21452132
21420079
21418638
21416369
21411152
21407485
21392738
21391355
21389770
21386817
21383570
21373853
21372790
21371693
21352546
21350709
21349818
21348181
21342286
21339125
21324042
21319715
21302048
21301587
21297978
21297887
21293520
21275679
21275088
21272129
21270580
21265601
21258418
21253525
21242506
21242453
21232958
21232613
21225028
21221525
21163520
21162613
21162520
21154105
21152424
21150069
21148096
21142703
21135392
21119899
21116078
21115767
21114504
21113539
21112064
21104107
21101880
21095431
21087116
21086307
21066948
21051773
21050260
21048659
21043542
21043007
21037248
21030173
21024850
21024807
21022160
21018829
21015756
21000889
20999778
20997883
20987800
20987239
20982718
20967941
20955140
20952815
20949230
20946331
20939808
20938163
20914710
20914329
20913386
20909111
20901524
20901083
20898534
20896843
20895746
20887489
20884358
20879681
20869256
20868365
20840874
20836333
20835494
20825845
20818882
20811629
20807552
20806013
20804450
20799717
20790294
20785983
20765592
20765399
20764016
20761847
20760168
20753919
20749540
20735263
20734054
20731417
20727580
20712173
20712104
20701379
20695872
20695115
20681024
20676595
20676144
20673039
20671880
20657337
20654966
20648111
20648090
20637591
20632806
20625087
20618852
20617719
20605636
20603783
20601422
20596687
20593814
20588525
20581738
20572115
20542192
20541619
20539370
20533709
20528260
20527661
20527010
20502599
20501778
20498771
20497778
20484769
20480732
20480313
20473394
20469065
20467050
20465691
20464898
20419035
20417508
20415331
20403588
20403411
20399858
20399043
20389264
20387681
20385666
20382707
20367684
20365999
20363772
20361355
20356948
20355899
20353142
20348471
20345618
20331919
20326626
20324007
20319432
20317223
20300346
20298923
20297060
20293853
20288678
20272919
20269766
20261183
20257094
20255727
20251966
20228377
20228214
20226801
20219874
20217117
20216322
20211317
20177344
20176427
20176236
20173383
20168024
20167923
20163786
20145839
20138366
20136541
20133810
20132173
20123376
20123093
20122522
20114725
20101084
20100781
20099380
20094957
20075952
20069265
20067196
20061605
20060616
20056233
20034250
20032167
20029008
20026139
20022326
20019367
20007632
20004439
19997942
19996935
19984356
19983069
19981980
19959119
19956926
19955631
19953064
19950379
19947638
19944313
19905712
19903897
19900872
19894075
19892192
19889127
19876718
19874213
19869810
19867055
19865470
19863141
19856858
19852557
19850238
19834313
19831956
19829211
19826298
19818679
19818558
19807115
19802472
19802279
19800638
19759285
19753352
19752625
19748614
19709429
19708838
19701037
19700606
19696313
19694602
19688561
19688366
19681459
19681378
19678715
19673630
19671895
19665200
19664043
19645520
19643911
19641450
19639231
19636554
19627689
19627406
19623063
19619634
19610437
19610154
19591725
19590642
19589385
19587094
19580909
19579270
19573757
19568774
19565401
19561054
19541239
19539446
19535323
19532364
19531475
19522142
19520135
19519262
19490295
19487206
19476021
19475630
19474787
19470014
19467291
19455550
19454693
19453074
19434571
19433376
19432883
19429462
19424543
19420986
19415541
19407050
19391799
19387108
19384661
19379052
19378567
19376894
19366685
19362984
19356443
19343718
19342381
19340144
19333873
19328372
19318923
19314906
19309613
19295848
19291981
19291328
19286073
19279900
19275353
19228262
19226833
19223522
19220143
19202084
19200551
19196598
19196079
19195538
19191873
19189418
19184603
19184426
19177665
19176814
19154817
19154706
19153989
19151256
19150553
19148686
19139839
19138314
19118161
19116630
19113161
19109890
19095619
19093282
19091999
19087970
19085395
19079894
19033465
19031470
19011845
19011550
19010647
19010166
19000315
19000150
18993761
18989532
18985017
18979646
18975285
18958820
18955453
18936470
18935961
18934818
18933053
18930982
18928183
18923080
18920477
18917158
18901585
18899162
18889115
18887054
18880225
18879654
18876269
18872998
18861567
18860982
18860105
18859502
18855525
18850064
18840205
18837616
18833831
18829160
18818261
18816816
18812279
18797100
18783941
18781512
18780357
18776756
18747601
18744650
18741363
18735922
18728599
18727552
18723907
18719460
18701775
18701424
18701091
18696502
18692323
18687798
18677287
18677268
18674145
18668794
18663423
18648204
18644597
18636498
18624869
18622290
18621585
18615838
18612647
18605830
18602599
18601010
18587421
18582902
18575079
18572258
18568553
18563436
18552387
18551012
18540183
18538768
18529911
18529016
18518147
18517690
18515543
18510884
18505895
18483440
18481721
18478098
18471525
18467510
18443145
18442064
18438877
18434704
18430773
18414140
18410855
18408608
18404669
18391550
18387657
18381142
18379537
18375984
18348971
18347790
18338137
18338078
18335325
18333750
18326329
18323788
18314803
18314592
18306563
18306104
18304905
18304464
18301269
18293678
18278435
18271444
18270667
18270036
18268843
18263462
18231529
18230260
18228597
18224226
18222865
18222330
18218685
18210206
18203243
18198582
18193279
18191870
18152325
18150556
18143127
18139344
18133685
18129948
18122601
18113200
18112521
18106526
18093981
18091388
18086753
18085236
18081321
18066668
18062889
18060808
18056959
18053320
18020513
18019536
18018497
18015600
18015297
18012058
18007605
18000270
17996999
17996394
17992105
17966908
17965899
17964684
17961037
17961000
17955987
17946990
17945139
17941488
17936143
17930582
17914223
17910780
17909003
17906030
17900357
17895766
17890535
17875920
17872037
17862772
17861359
17857154
17843123
17835360
17831621
17827770
17823843
17818684
17815439
17802060
17800219
17797062
17795591
17785316
17781173
17768334
17767167
17765674
17760105
17757338
17752285
17741696
17740573
17732936
17731949
17726834
17703531
17701950
17699747
17697208
17693853
17690178
17680179
17678276
17676507
17671394
17661039
17656682
17654663
17639622
17638501
17631334
17623261
17622814
17610559
17606722
17596099
17594702
17589607
17585432
17584727
17570264
17565821
17563048
17559397
17555734
17550623
17526710
17526475
17522560
17508677
17508284
17507695
17482148
17478623
17463928
17458923
17458778
17455145
17454608
17452583
17445496
17443771
17436022
17427429
17424722
17421739
17409376
17408901
17404816
17393235
17391798
17391751
17377928
17370759
17364194
17362749
17360856
17357583
17348240
17347479
17335720
17332499
17327118
17311423
17306138
17302057
17301814
17298935
17294730
17270093
17268274
17253235
17251338
17249859
17245738
17230117
17227660
17223889
17213482
17209647
17208190
17175821
17175268
17174505
17173916
17168973
17168164
17163411
17150602
17149535
17148226
17139535
17137702
17132233
17129426
17115389
17113694
17110855
17097530
17095777
17095190
17091703
17063568
17060123
17055502
17042533
17041866
17036943
17036046
17031287
17025262
17015405
17015090
16985083
16984724
16981193
16974120
16970273
16967256
16963737
16962008
16956785
16953360
16944013
16943152
16941961
16938728
16932635
16926382
16925687
16902398
16899629
16899026
16897559
16892708
16889367
16871814
16871691
16871204
16865755
16861750
16858871
16853112
16846209
16842926
16838967
16800588
16798449
16793404
16791017
16774192
16771893
16770452
16764979
16760816
16746595
16746080
16745521
16743320
16725925
16722470
16717417
16717144
16714709
16708652
16707753
16691730
16689303
16682898
16682025
16680648
16663629
16658658
16657505
16652062
16651329
16642216
16641959
16640088
16614229
16610596
16608623
16607836
16603447
16603204
16598463
16585458
16571119
16569664
16568667
16561676
16560551
16556334
16549023
16537620
16536723
16532752
16531959
16520970
16520243
16508590
16500991
16500862
16495369
16488324
16480673
16478532
16472147
16467584
16450125
16447320
16443949
16440152
16431711
16427954
16423427
16406202
16401775
16399862
16394607
16388402
16387427
16379932
16372999
16370220
16348301
16347186
16345197
16338994
16338769
16334054
16331397
16317974
16316917
16314900
16309307
16280020
16274547
16271554
16271023
16264378
16261521
16259782
16242521
16239672
16238677
16236738
16232035
16221618
16218587
16204700
16199131
16197428
16193969
16189562
16178867
16177028
16174803
16169376
16167347
16162362
16158299
16149034
16148419
16129950
16128699
16124668
16114407
16112304
16111615
16087572
16087307
16084384
16084175
16078798
16077139
16055158
16046779
16044980
16035083
16034390
16029427
16021050
16019675
16001372
15999285
15990724
15989903
15987100
15981405
15980660
15970039
15965308
15964895
15948950
15944661
15943360
15941147
15937036
15927371
15927144
15915925
15906854
15905391
15897510
15897315
15893340
15873217
15864448
15860967
15859732
15848595
15846732
15830257
15829284
15828061
15825378
15824817
15820548
15807477
15805180
15797999
15796732
15767043
15762500
15762279
15756044
15754419
15752778
15746787
15743834
15738817
15694272
15694097
15691894
15688237
15684346
15682703
15680962
15678869
15673928
15669287
15666776
15659083
15647598
15646715
15645760
15629173
15611550
15610801
15608730
15607489
15603514
15595063
15594508
15591589
15572588
15571631
15561726
15560357
15556546
15555121
15554030
15551255
15547804
15536137
15534692
15519715
15516200
15514547
15513436
15507549
15477668
15461271
15460834
15448925
15448336
15442539
15440290
15438919
15430140
15427559
15422336
15419351
15414524
15391877
15385026
15384757
15384024
15382181
15378088
15369719
15357708
15356197
15354856
15344959
15339728
15339201
15338296
15322431
15317364
15316471
15290130
15289061
15285814
15285579
15285446
15282585
15282246
15273827
15271386
15269451
15260124
15259171
15248430
15242073
15237418
15197057
15195322
15193105
15178192
15173977
15170054
15169913
15167702
15166337
15163078
15162001
15155922
15152825
15149314
15140331
15134436
15131343
15096902
15096517
15095664
15093653
15093336
15091091
15085028
15084167
15083282
15081171
15077956
15074031
15069058
15050585
15048674
15039471
15039122
15037769
15033396
15028077
15017928
15017181
15001576
15000227
15000060
14994685
14971782
14969803
14963800
14960687
14955820
14942631
14941438
14934531
14932858
14928075
14902080
14896535
14888486
14886275
14883772
14882135
14877824
14866409
14862486
14861569
14857240
14842185
14841358
14840569
14830950
14829945
14820028
14816663
14805710
14803089
14800108
14795991
14786580
14781043
14780760
14739991
14738046
14729569
14727146
14726301
14722358
14722043
14721252
14719069
14714448
14713525
14710148
14699115
14698702
14695047
14691356
14685071
14681184
14672737
14659608
14658653
14656970
14652881
14644284
14639339
14626980
14621589
14618900
14613163
14613124
14602823
14595840
14594615
14593844
14586559
14583120
14572295
14561556
14559919
14556920
14552895
14544868
14539857
14538144
14529881
14525422
14520609
14511232
14496839
14494282
14492723
14489560
14459703
14455232
14451525
14449968
14443179
14439656
14437743
14430468
14426473
14425872
14413199
14409728
14408323
14404840
14398083
14395512
14368133
14364924
14360473
14342000
14334727
14333128
14330957
14324136
14321455
14320664
14306327
14305118
14302565
14298004
14295657
14289528
14287141
14254764
14249229
14247272
14234595
14233032
14228233
14228016
14224519
14222192
14218653
14216584
14207581
14204472
14200903
14192366
14192149
14190952
14185121
14179964
14172739
14169184
14157351
14152312
14150371
14145280
14108963
14108164
14100707
14089444
14089167
14087330
14084563
14076128
14075411
14062474
14058951
14052588
14047655
14046628
14043407
14037968
14020387
14018876
14006813
14006458
14006237
14001972
13992795
13992736
13977313
13975442
13974017
13957208
13953805
13952708
13947531
13946232
13932797
13930364
13929345
13918864
13903655
13903314
13898347
13897602
13892319
13883006
13881227
13865362
13864849
13855628
13837033
13835528
13832547
13832240
13805345
13802424
13801433
13797504
13793989
13793824
13791849
13786742
13785441
13774192
13759183
13755470
13747665
13746974
13745519
13735200
13735185
13731080
13726681
13724510
13723337
13720480
13706229
13699958
13698993
13680846
13680287
13679294
13675441
13672138
13665579
13660656
13655305
13632652
13630289
13629280
13623827
13620438
13619047
13599658
13598453
13594804
13592849
13592132
13575321
13568952
13566951
13563936
13560111
13512816
13512731
13508308
13505035
13503784
13495915
13494902
13494415
13491462
13490939
13460956
13452843
13452202
13444517
13440400
13439613
13437026
13435917
13426624
13426609
13417446
13416497
13404796
13402819
13401824
13391559
13391338
13389617
13377284
13376549
13374248
13364113
13362380
13355481
13349420
13347761
13342736
13294835
13285586
13283859
13281590
13264195
13262992
13260727
13259798
13258321
13255022
13243739
13232368
13231715
13230978
13230427
13220624
13216057
13211448
13208849
13200350
13199965
13195224
13158109
13157000
13155807
13152796
13152767
13146610
13145383
13145246
13139363
13138468
13137503
13119532
13116267
13114270
13113991
13110314
13108031
13100938
13097543
13065260
13064877
13063596
13060345
13051492
13050295
13047914
13041557
13040490
13030217
13025742
13025653
13023202
13019115
13013458
12992827
12991734
12989925
12985978
12981289
12964766
12962883
12960354
12957693
12953066
12951121
12936512
12932267
12926838
12924047
12912052
12905713
12903200
12883967
12883332
12881381
12875742
12870693
12870242
12865109
12856688
12856565
12848212
12843955
12841472
12824197
12823474
12821193
12795420
12794191
12782878
12782629
12782546
12778679
12774728
12755375
12754988
12754987
12754458
12751595
12747548
12730065
12728514
12724439
12718982
12714899
12695460
12684891
12682436
12682163
12674634
12674435
12668276
12668139
12663668
12658843
12656016
12625977
12624058
12623757
12612644
12607291
12606122
12604541
12588236
12585183
12583576
12579283
12574938
12570589
12563284
12560733
12533164
12529975
12528336
12526213
12520644
12519757
12516392
12514085
12507582
12506677
12503702
12501381
12486568
12485703
12470466
12466235
12461912
12461103
12456204
12452855
12449756
12446151
12441128
12431529
12429032
12417789
12410022
12409501
12404274
12402957
12397496
12378569
12374140
12373957
12371116
12345779
12342022
12341967
12332230
12330887
12330870
12319333
12318326
12316541
12311606
12308185
12298970
12296737
12290052
12281583
12272526
12270173
12267012
12249079
12245474
12244415
12239140
12219621
12218142
12216809
12198216
12197209
12195692
12194873
12189228
12164157
12143280
12139425
12139122
12138615
12137376
12131603
12130532
12121413
12120084
12119597
12115026
12104961
12101726
12101637
12095720
12090825
12080276
12069499
12068698
12067457
12062920
12050403
12048516
12041793
12028230
12026985
12021988
12021185
12017448
11993671
11988930
11987799
11980496
11972575
11969242
11967771
11963900
11962911
11940752
11937001
11930934
11926965
11923198
11914243
11911572
11907487
11890260
11889553
11879492
11878825
11874700
11848825
11845504
11844945
11830998
11830881
11821756
11818563
11816088
11806113
11805210
11803683
11800864
11795981
11794620
11786753
11783912
11756003
11754380
11745747
11744868
11742281
11739416
11735725
11725620
11724613
11722472
11714283
11710616
11708297
11706024
11683617
11682572
11676079
11675688
11673105
11670732
11665917
11664408
11646451
11642912
11638325
11607442
11600161
11599424
11598661
11590028
11588877
11587764
11585925
11577966
11576449
11550156
11549945
11548284
11542557
11540760
11536701
11527814
11527409
11520396
11516617
11498026
11489953
11484810
11483539
11481846
11479881
11474350
11472061
11452692
11452029
11450282
11444439
11434534
11433145
11429802
11417673
11415350
11411071
11400638
11400567
11398502
11390907
11390666
11385589
11362932
11362843
11358330
11356659
11356114
11348949
11347702
11340955
11338186
11331067
11326238
11307583
11305482
11301547
11285298
11284043
11282148
11279237
11275020
11271145
11268800
11265243
11246760
11245323
11235598
11234761
11232234
11221801
11219776
11217699
11203962
11199809
11196214
11191795
11187854
11155745
11154580
11153331
11150876
11147627
11142938
11140381
11137082
11130045
11127614
11110257
11109814
11098093
11097786
11097079
11089316
11085991
11080290
11060675
11058670
11057299
11046870
11044955
11040264
11039179
11025656
11016939
11014544
11009883
11006864
11003201
10998294
10986611
10985426
10982319
10961334
10959847
10950964
10946223
10922672
10922505
10921980
10905495
10905246
10904601
10897388
10895799
10895664
10891761
10887174
10863259
10860262
10858935
10851976
10851067
10849008
10843007
10840058
10837743
10831544
10829627
10820126
10819779
10814930
10809879
10776366
10774561
10774440
10773819
10752496
10752209
10746328
10745733
10743008
10735903
10731776
10719689
10716348
10713909
10713824
10705551
10704080
10686805
10686054
10683599
10666046
10665469
10657016
10655961
10655416
10649693
10648320
10644073
10641344
10619897
10619110
10599585
10599092
10596969
10579986
10578295
10571596
10570917
10569982
10564569
10562146
10550349
10549582
10546367
10545610
10521917
10515012
10512879
10510292
10502515
10502244
10497135
10484028
10482191
10472668
10472231
10471610
10454907
10452774
10449163
10446150
10429501
10424900
10424157
10421076
10417937
10411456
10410857
10408166
10403061
10394758
10372701
10366968
10364965
10362668
10360533
10347568
10346945
10346284
10342277
10335472
10334797
10331758
10329589
10313496
10309257
10306736
10280757
10280462
10279885
10278056
10277293
10270428
10263365
10247958
10244211
10240560
10239083
10238492
10237163
10233580
10228195
10223656
10213071
10212960
10206743
10203296
10173377
10173072
10172445
10171798
10169385
10163854
10162913
10144878
10137425
10136338
10136073
10126174
10124783
10119368
10112505
10111028
10073581
10069718
10068425
10058384
10057811
10057094
10048447
10048242
10047737
10042072
10035945
10029400
10026713
10026144
10022153
9998862
9995147
9974818
9974693
9974476
9966741
9966656
9957197
9955772
9945893
9944508
9918937
9916062
9914757
9911498
9911409
9907332
9902005
9898300
9891007
9886496
9877279
9862088
9859687
9857584
9845877
9845842
9845443
9833720
9830141
9829036
9806511
9805070
9801595
9796968
9791185
9787676
9778085
9774392
9756831
9755386
9750693
9750214
9749533
9746540
9727437
9725248
9719619
9714442
9711235
9701878
9698947
9688792
9687947
9672142
9671179
9669690
9668851
9658002
9656157
9652540
9634573
9627782
9616587
9615002
9609419
9608606
9606807
9606314
9594627
9592412
9589421
9576426
9570643
9569150
9560569
9557510
9556949
9535344
9530779
9527156
9507403
9505976
9501689
9500144
9497645
9490386
9487573
9470518
9467557
9464464
9455237
9453104
9447735
9438792
9436289
9423246
9422527
9421532
9418755
9418384
9412701
9406396
9403837
9392294
9391851
9383106
9381779
9378432
9373921
9367580
9359817
9356198
9353345
9331756
9331439
9328676
9328107
9325236
9302569
9296812
9296325
9295580
9294073
9284650
9282829
9278528
9277689
9262400
9262143
9258870
9239357
9239082
9238633
9232706
9230797
9226514
9221069
9204808
9204597
9202472
9201109
9174190
9164333
9164218
9162911
9162238
9142463
9141738
9140709
9139552
9138717
9131882
9130213
9110038
9102469
9101488
9101109
9099326
9095545
9091612
9080061
9077614
9075973
9058480
9053613
9048840
9032389
9030556
9023313
9023200
9012343
9011494
9010487
9009064
9000387
8998920
8986519
8978724
8977401
8974444
8970025
8643671
8641214
8637467
8630658
8622467
8612750
8611605
8610360
8607923
8599634
8598795
8588864
8586943
8581764
8549459
8528518
8527159
8522278
8521397
8521186
8518733
8503200
8502501
8501812
8500113
8497332
8490917
8489240
8484121
8482004
8477843
8464364
8463095
8462392
8458543
8453908
8440919
8431236
8429197
8422928
8422841
8421604
4001780
3997543
3996228
3993319
3992004
2768896
1752976
440802
439569
